[2026-08-09T13:49:36.273+0000] {local_task_job_runner.py:123} INFO - ::group::Pre task execution logs
[2026-08-09T13:49:36.288+0000] {taskinstance.py:2614} INFO - Dependencies all met for dep_context=non-requeueable deps ti=<TaskInstance: brewline_pipeline_bigquery.bronze_ingest_bigquery backfill__2026-07-11T00:00:00+00:00 [queued]>
[2026-08-09T13:49:36.296+0000] {taskinstance.py:2614} INFO - Dependencies all met for dep_context=requeueable deps ti=<TaskInstance: brewline_pipeline_bigquery.bronze_ingest_bigquery backfill__2026-07-11T00:00:00+00:00 [queued]>
[2026-08-09T13:49:36.297+0000] {taskinstance.py:2867} INFO - Starting attempt 1 of 1
[2026-08-09T13:49:36.310+0000] {taskinstance.py:2890} INFO - Executing <Task(DockerOperator): bronze_ingest_bigquery> on 2026-07-11 00:00:00+00:00
[2026-08-09T13:49:36.320+0000] {warnings.py:112} WARNING - /home/***/.local/lib/python3.12/site-packages/***/task/task_runner/standard_task_runner.py:70: DeprecationWarning: This process (pid=103) is multi-threaded, use of fork() may lead to deadlocks in the child.
  pid = os.fork()

[2026-08-09T13:49:36.322+0000] {standard_task_runner.py:72} INFO - Started process 105 to run task
[2026-08-09T13:49:36.322+0000] {standard_task_runner.py:104} INFO - Running: ['***', 'tasks', 'run', 'brewline_pipeline_bigquery', 'bronze_ingest_bigquery', 'backfill__2026-07-11T00:00:00+00:00', '--job-id', '7', '--pool', 'default_pool', '--raw', '--subdir', 'DAGS_FOLDER/brewline_pipeline_bigquery_dag.py', '--cfg-path', '/tmp/tmpuwa7wsyn']
[2026-08-09T13:49:36.324+0000] {standard_task_runner.py:105} INFO - Job 7: Subtask bronze_ingest_bigquery
[2026-08-09T13:49:36.377+0000] {task_command.py:467} INFO - Running <TaskInstance: brewline_pipeline_bigquery.bronze_ingest_bigquery backfill__2026-07-11T00:00:00+00:00 [running]> on host 5224a343584d
[2026-08-09T13:49:36.502+0000] {taskinstance.py:3134} INFO - Exporting env vars: AIRFLOW_CTX_DAG_OWNER='***' AIRFLOW_CTX_DAG_ID='brewline_pipeline_bigquery' AIRFLOW_CTX_TASK_ID='bronze_ingest_bigquery' AIRFLOW_CTX_EXECUTION_DATE='2026-07-11T00:00:00+00:00' AIRFLOW_CTX_TRY_NUMBER='1' AIRFLOW_CTX_DAG_RUN_ID='backfill__2026-07-11T00:00:00+00:00'
[2026-08-09T13:49:36.505+0000] {logging_mixin.py:190} INFO - Task instance is in running state
[2026-08-09T13:49:36.506+0000] {logging_mixin.py:190} INFO -  Previous state of the Task instance: queued
[2026-08-09T13:49:36.507+0000] {logging_mixin.py:190} INFO - Current task name:bronze_ingest_bigquery state:running start_date:2026-08-09 13:49:36.289199+00:00
[2026-08-09T13:49:36.508+0000] {logging_mixin.py:190} INFO - Dag name:brewline_pipeline_bigquery and current dag run status:running
[2026-08-09T13:49:36.509+0000] {taskinstance.py:732} INFO - ::endgroup::
[2026-08-09T13:49:36.586+0000] {docker.py:345} INFO - Starting docker container from image brewline-bronze:latest
[2026-08-09T13:49:41.792+0000] {docker.py:69} INFO - 2026-08-09 13:49:41,790 [INFO] bronze_bigquery: bronze.shopify_orders: 36 rows this run (partition 2026-07-11) -> gs://brewline-data-lake/bronze/source_name=shopify_orders/year=2026/month=07/day=11/part-0000.parquet, 158 total in BigQuery
[2026-08-09T13:49:45.142+0000] {docker.py:69} INFO - 2026-08-09 13:49:45,141 [INFO] bronze_bigquery: bronze.square_transactions: 29 rows this run (partition 2026-07-11) -> gs://brewline-data-lake/bronze/source_name=square_transactions/year=2026/month=07/day=11/part-0000.parquet, 139 total in BigQuery
[2026-08-09T13:49:47.084+0000] {docker.py:69} INFO - 2026-08-09 13:49:47,083 [INFO] bronze_bigquery: bronze.recharge_subscriptions: 35 rows this run (full snapshot replace) -> gs://brewline-data-lake/bronze/source_name=recharge_subscriptions/year=2026/month=07/day=11/part-0000.parquet, 35 total in BigQuery
[2026-08-09T13:49:47.111+0000] {docker.py:69} INFO - 2026-08-09 13:49:47,110 [INFO] bronze_bigquery: no raw file for 'zendesk_tickets' on 2026-07-11 -- treating as zero rows (not required daily)
[2026-08-09T13:49:47.112+0000] {docker.py:69} INFO - 2026-08-09 13:49:47,111 [INFO] bronze_bigquery: bronze.zendesk_tickets: skipped, no data for 2026-07-11
[2026-08-09T13:49:51.071+0000] {docker.py:69} INFO - 2026-08-09 13:49:51,069 [INFO] bronze_bigquery: bronze.shipstation_shipments: 38 rows this run (partition 2026-07-11) -> gs://brewline-data-lake/bronze/source_name=shipstation_shipments/year=2026/month=07/day=11/part-0000.parquet, 107 total in BigQuery
[2026-08-09T13:49:51.444+0000] {taskinstance.py:341} INFO - ::group::Post task execution logs
[2026-08-09T13:49:51.446+0000] {taskinstance.py:353} INFO - Marking task as SUCCESS. dag_id=brewline_pipeline_bigquery, task_id=bronze_ingest_bigquery, run_id=backfill__2026-07-11T00:00:00+00:00, execution_date=20260711T000000, start_date=20260809T134936, end_date=20260809T134951
[2026-08-09T13:49:51.482+0000] {logging_mixin.py:190} INFO - Task instance in success state
[2026-08-09T13:49:51.483+0000] {logging_mixin.py:190} INFO -  Previous state of the Task instance: running
[2026-08-09T13:49:51.485+0000] {logging_mixin.py:190} INFO - Dag name:brewline_pipeline_bigquery queued_at:None
[2026-08-09T13:49:51.486+0000] {logging_mixin.py:190} INFO - Task hostname:5224a343584d operator:DockerOperator
[2026-08-09T13:49:51.529+0000] {local_task_job_runner.py:266} INFO - Task exited with return code 0
[2026-08-09T13:49:51.559+0000] {taskinstance.py:3901} INFO - 1 downstream tasks scheduled from follow-on schedule check
[2026-08-09T13:49:51.562+0000] {local_task_job_runner.py:245} INFO - ::endgroup::
