[2026-08-11T05:48:02.264+0000] {local_task_job_runner.py:123} INFO - ::group::Pre task execution logs
[2026-08-11T05:48:02.279+0000] {taskinstance.py:2614} INFO - Dependencies all met for dep_context=non-requeueable deps ti=<TaskInstance: brewline_pipeline_bigquery.bronze_ingest_bigquery backfill__2026-07-12T00:00:00+00:00 [queued]>
[2026-08-11T05:48:02.287+0000] {taskinstance.py:2614} INFO - Dependencies all met for dep_context=requeueable deps ti=<TaskInstance: brewline_pipeline_bigquery.bronze_ingest_bigquery backfill__2026-07-12T00:00:00+00:00 [queued]>
[2026-08-11T05:48:02.288+0000] {taskinstance.py:2867} INFO - Starting attempt 2 of 2
[2026-08-11T05:48:02.303+0000] {taskinstance.py:2890} INFO - Executing <Task(DockerOperator): bronze_ingest_bigquery> on 2026-07-12 00:00:00+00:00
[2026-08-11T05:48:02.313+0000] {warnings.py:112} WARNING - /home/***/.local/lib/python3.12/site-packages/***/task/task_runner/standard_task_runner.py:70: DeprecationWarning: This process (pid=1076) is multi-threaded, use of fork() may lead to deadlocks in the child.
  pid = os.fork()

[2026-08-11T05:48:02.314+0000] {standard_task_runner.py:104} INFO - Running: ['***', 'tasks', 'run', 'brewline_pipeline_bigquery', 'bronze_ingest_bigquery', 'backfill__2026-07-12T00:00:00+00:00', '--job-id', '84', '--pool', 'default_pool', '--raw', '--subdir', 'DAGS_FOLDER/brewline_pipeline_bigquery_dag.py', '--cfg-path', '/tmp/tmpus5j90tx']
[2026-08-11T05:48:02.315+0000] {standard_task_runner.py:72} INFO - Started process 1078 to run task
[2026-08-11T05:48:02.316+0000] {standard_task_runner.py:105} INFO - Job 84: Subtask bronze_ingest_bigquery
[2026-08-11T05:48:02.371+0000] {task_command.py:467} INFO - Running <TaskInstance: brewline_pipeline_bigquery.bronze_ingest_bigquery backfill__2026-07-12T00:00:00+00:00 [running]> on host 5224a343584d
[2026-08-11T05:48:02.463+0000] {taskinstance.py:3134} INFO - Exporting env vars: AIRFLOW_CTX_DAG_OWNER='***' AIRFLOW_CTX_DAG_ID='brewline_pipeline_bigquery' AIRFLOW_CTX_TASK_ID='bronze_ingest_bigquery' AIRFLOW_CTX_EXECUTION_DATE='2026-07-12T00:00:00+00:00' AIRFLOW_CTX_TRY_NUMBER='2' AIRFLOW_CTX_DAG_RUN_ID='backfill__2026-07-12T00:00:00+00:00'
[2026-08-11T05:48:02.465+0000] {logging_mixin.py:190} INFO - Task instance is in running state
[2026-08-11T05:48:02.466+0000] {logging_mixin.py:190} INFO -  Previous state of the Task instance: queued
[2026-08-11T05:48:02.466+0000] {logging_mixin.py:190} INFO - Current task name:bronze_ingest_bigquery state:running start_date:2026-08-11 05:48:02.280722+00:00
[2026-08-11T05:48:02.467+0000] {logging_mixin.py:190} INFO - Dag name:brewline_pipeline_bigquery and current dag run status:running
[2026-08-11T05:48:02.468+0000] {taskinstance.py:732} INFO - ::endgroup::
[2026-08-11T05:48:02.524+0000] {docker.py:345} INFO - Starting docker container from image brewline-bronze:latest
[2026-08-11T05:48:07.995+0000] {docker.py:69} INFO - 2026-08-11 05:48:07,995 [INFO] bronze_bigquery: bronze.shopify_orders: 45 rows this run (partition 2026-07-12) -> gs://brewline-data-lake/bronze/source_name=shopify_orders/year=2026/month=07/day=12/part-0000.parquet, 203 total in BigQuery
[2026-08-11T05:48:11.682+0000] {docker.py:69} INFO - 2026-08-11 05:48:11,681 [INFO] bronze_bigquery: bronze.square_transactions: 37 rows this run (partition 2026-07-12) -> gs://brewline-data-lake/bronze/source_name=square_transactions/year=2026/month=07/day=12/part-0000.parquet, 176 total in BigQuery
[2026-08-11T05:48:14.305+0000] {docker.py:69} INFO - 2026-08-11 05:48:14,304 [INFO] bronze_bigquery: bronze.recharge_subscriptions: 35 rows this run (full snapshot replace) -> gs://brewline-data-lake/bronze/source_name=recharge_subscriptions/year=2026/month=07/day=12/part-0000.parquet, 35 total in BigQuery
[2026-08-11T05:48:18.421+0000] {docker.py:69} INFO - 2026-08-11 05:48:18,420 [INFO] bronze_bigquery: bronze.zendesk_tickets: 2 rows this run (partition 2026-07-12) -> gs://brewline-data-lake/bronze/source_name=zendesk_tickets/year=2026/month=07/day=12/part-0000.parquet, 34 total in BigQuery
[2026-08-11T05:48:22.038+0000] {docker.py:69} INFO - 2026-08-11 05:48:22,037 [INFO] bronze_bigquery: bronze.shipstation_shipments: 36 rows this run (partition 2026-07-12) -> gs://brewline-data-lake/bronze/source_name=shipstation_shipments/year=2026/month=07/day=12/part-0000.parquet, 677 total in BigQuery
[2026-08-11T05:48:22.391+0000] {taskinstance.py:341} INFO - ::group::Post task execution logs
[2026-08-11T05:48:22.392+0000] {taskinstance.py:353} INFO - Marking task as SUCCESS. dag_id=brewline_pipeline_bigquery, task_id=bronze_ingest_bigquery, run_id=backfill__2026-07-12T00:00:00+00:00, execution_date=20260712T000000, start_date=20260811T054802, end_date=20260811T054822
[2026-08-11T05:48:22.428+0000] {logging_mixin.py:190} INFO - Task instance in success state
[2026-08-11T05:48:22.429+0000] {logging_mixin.py:190} INFO -  Previous state of the Task instance: running
[2026-08-11T05:48:22.431+0000] {logging_mixin.py:190} INFO - Dag name:brewline_pipeline_bigquery queued_at:2026-08-11 05:31:04.355955+00:00
[2026-08-11T05:48:22.433+0000] {logging_mixin.py:190} INFO - Task hostname:5224a343584d operator:DockerOperator
[2026-08-11T05:48:22.488+0000] {local_task_job_runner.py:266} INFO - Task exited with return code 0
[2026-08-11T05:48:23.515+0000] {taskinstance.py:3901} INFO - 1 downstream tasks scheduled from follow-on schedule check
[2026-08-11T05:48:23.517+0000] {local_task_job_runner.py:245} INFO - ::endgroup::
