[2026-07-20T08:21:08.577+0000] {processor.py:186} INFO - Started process (PID=117) to work on /home/airflow/.local/lib/python3.12/site-packages/airflow/example_dags/example_params_trigger_ui.py
[2026-07-20T08:21:08.579+0000] {processor.py:914} INFO - Processing file /home/airflow/.local/lib/python3.12/site-packages/airflow/example_dags/example_params_trigger_ui.py for tasks to queue
[2026-07-20T08:21:08.584+0000] {logging_mixin.py:190} INFO - [2026-07-20T08:21:08.583+0000] {dagbag.py:588} INFO - Filling up the DagBag from /home/airflow/.local/lib/python3.12/site-packages/airflow/example_dags/example_params_trigger_ui.py
[2026-07-20T08:21:08.608+0000] {processor.py:925} INFO - DAG(s) 'example_params_trigger_ui' retrieved from /home/airflow/.local/lib/python3.12/site-packages/airflow/example_dags/example_params_trigger_ui.py
[2026-07-20T08:21:08.815+0000] {logging_mixin.py:190} INFO - [2026-07-20T08:21:08.813+0000] {override.py:1912} INFO - Created Permission View: can read on DAG:example_params_trigger_ui
[2026-07-20T08:21:08.832+0000] {logging_mixin.py:190} INFO - [2026-07-20T08:21:08.832+0000] {override.py:1912} INFO - Created Permission View: can delete on DAG:example_params_trigger_ui
[2026-07-20T08:21:08.845+0000] {logging_mixin.py:190} INFO - [2026-07-20T08:21:08.844+0000] {override.py:1912} INFO - Created Permission View: can edit on DAG:example_params_trigger_ui
[2026-07-20T08:21:08.860+0000] {logging_mixin.py:190} INFO - [2026-07-20T08:21:08.860+0000] {override.py:1912} INFO - Created Permission View: menu access on DAG Run:example_params_trigger_ui
[2026-07-20T08:21:08.875+0000] {logging_mixin.py:190} INFO - [2026-07-20T08:21:08.872+0000] {override.py:1912} INFO - Created Permission View: can read on DAG Run:example_params_trigger_ui
[2026-07-20T08:21:08.886+0000] {logging_mixin.py:190} INFO - [2026-07-20T08:21:08.886+0000] {override.py:1912} INFO - Created Permission View: can delete on DAG Run:example_params_trigger_ui
[2026-07-20T08:21:08.900+0000] {logging_mixin.py:190} INFO - [2026-07-20T08:21:08.900+0000] {override.py:1912} INFO - Created Permission View: can create on DAG Run:example_params_trigger_ui
[2026-07-20T08:21:08.903+0000] {logging_mixin.py:190} INFO - [2026-07-20T08:21:08.902+0000] {dag.py:3239} INFO - Sync 1 DAGs
[2026-07-20T08:21:08.925+0000] {logging_mixin.py:190} INFO - [2026-07-20T08:21:08.925+0000] {dag.py:3262} INFO - Creating ORM DAG for example_params_trigger_ui
[2026-07-20T08:21:08.927+0000] {logging_mixin.py:190} INFO - [2026-07-20T08:21:08.927+0000] {dag.py:4180} INFO - Setting next_dagrun for example_params_trigger_ui to None, run_after=None
[2026-07-20T08:21:08.954+0000] {processor.py:208} INFO - Processing /home/airflow/.local/lib/python3.12/site-packages/airflow/example_dags/example_params_trigger_ui.py took 0.386 seconds
[2026-07-20T08:21:39.764+0000] {processor.py:186} INFO - Started process (PID=179) to work on /home/airflow/.local/lib/python3.12/site-packages/airflow/example_dags/example_params_trigger_ui.py
[2026-07-20T08:21:39.766+0000] {processor.py:914} INFO - Processing file /home/airflow/.local/lib/python3.12/site-packages/airflow/example_dags/example_params_trigger_ui.py for tasks to queue
[2026-07-20T08:21:39.769+0000] {logging_mixin.py:190} INFO - [2026-07-20T08:21:39.769+0000] {dagbag.py:588} INFO - Filling up the DagBag from /home/airflow/.local/lib/python3.12/site-packages/airflow/example_dags/example_params_trigger_ui.py
[2026-07-20T08:21:39.789+0000] {processor.py:925} INFO - DAG(s) 'example_params_trigger_ui' retrieved from /home/airflow/.local/lib/python3.12/site-packages/airflow/example_dags/example_params_trigger_ui.py
[2026-07-20T08:21:39.858+0000] {logging_mixin.py:190} INFO - [2026-07-20T08:21:39.857+0000] {dag.py:3239} INFO - Sync 1 DAGs
[2026-07-20T08:21:39.881+0000] {logging_mixin.py:190} INFO - [2026-07-20T08:21:39.881+0000] {dag.py:4180} INFO - Setting next_dagrun for example_params_trigger_ui to None, run_after=None
[2026-07-20T08:21:39.909+0000] {processor.py:208} INFO - Processing /home/airflow/.local/lib/python3.12/site-packages/airflow/example_dags/example_params_trigger_ui.py took 0.155 seconds
[2026-07-20T08:22:10.541+0000] {processor.py:186} INFO - Started process (PID=242) to work on /home/airflow/.local/lib/python3.12/site-packages/airflow/example_dags/example_params_trigger_ui.py
[2026-07-20T08:22:10.544+0000] {processor.py:914} INFO - Processing file /home/airflow/.local/lib/python3.12/site-packages/airflow/example_dags/example_params_trigger_ui.py for tasks to queue
[2026-07-20T08:22:10.549+0000] {logging_mixin.py:190} INFO - [2026-07-20T08:22:10.548+0000] {dagbag.py:588} INFO - Filling up the DagBag from /home/airflow/.local/lib/python3.12/site-packages/airflow/example_dags/example_params_trigger_ui.py
[2026-07-20T08:22:10.575+0000] {processor.py:925} INFO - DAG(s) 'example_params_trigger_ui' retrieved from /home/airflow/.local/lib/python3.12/site-packages/airflow/example_dags/example_params_trigger_ui.py
[2026-07-20T08:22:10.657+0000] {logging_mixin.py:190} INFO - [2026-07-20T08:22:10.657+0000] {dag.py:3239} INFO - Sync 1 DAGs
[2026-07-20T08:22:10.690+0000] {logging_mixin.py:190} INFO - [2026-07-20T08:22:10.690+0000] {dag.py:4180} INFO - Setting next_dagrun for example_params_trigger_ui to None, run_after=None
[2026-07-20T08:22:10.737+0000] {processor.py:208} INFO - Processing /home/airflow/.local/lib/python3.12/site-packages/airflow/example_dags/example_params_trigger_ui.py took 0.211 seconds
[2026-07-20T08:22:41.128+0000] {processor.py:186} INFO - Started process (PID=305) to work on /home/airflow/.local/lib/python3.12/site-packages/airflow/example_dags/example_params_trigger_ui.py
[2026-07-20T08:22:41.129+0000] {processor.py:914} INFO - Processing file /home/airflow/.local/lib/python3.12/site-packages/airflow/example_dags/example_params_trigger_ui.py for tasks to queue
[2026-07-20T08:22:41.134+0000] {logging_mixin.py:190} INFO - [2026-07-20T08:22:41.133+0000] {dagbag.py:588} INFO - Filling up the DagBag from /home/airflow/.local/lib/python3.12/site-packages/airflow/example_dags/example_params_trigger_ui.py
[2026-07-20T08:22:41.151+0000] {processor.py:925} INFO - DAG(s) 'example_params_trigger_ui' retrieved from /home/airflow/.local/lib/python3.12/site-packages/airflow/example_dags/example_params_trigger_ui.py
[2026-07-20T08:22:41.211+0000] {logging_mixin.py:190} INFO - [2026-07-20T08:22:41.210+0000] {dag.py:3239} INFO - Sync 1 DAGs
[2026-07-20T08:22:41.233+0000] {logging_mixin.py:190} INFO - [2026-07-20T08:22:41.233+0000] {dag.py:4180} INFO - Setting next_dagrun for example_params_trigger_ui to None, run_after=None
[2026-07-20T08:22:41.273+0000] {processor.py:208} INFO - Processing /home/airflow/.local/lib/python3.12/site-packages/airflow/example_dags/example_params_trigger_ui.py took 0.154 seconds
[2026-07-20T08:23:11.419+0000] {processor.py:186} INFO - Started process (PID=368) to work on /home/airflow/.local/lib/python3.12/site-packages/airflow/example_dags/example_params_trigger_ui.py
[2026-07-20T08:23:11.420+0000] {processor.py:914} INFO - Processing file /home/airflow/.local/lib/python3.12/site-packages/airflow/example_dags/example_params_trigger_ui.py for tasks to queue
[2026-07-20T08:23:11.424+0000] {logging_mixin.py:190} INFO - [2026-07-20T08:23:11.424+0000] {dagbag.py:588} INFO - Filling up the DagBag from /home/airflow/.local/lib/python3.12/site-packages/airflow/example_dags/example_params_trigger_ui.py
[2026-07-20T08:23:11.443+0000] {processor.py:925} INFO - DAG(s) 'example_params_trigger_ui' retrieved from /home/airflow/.local/lib/python3.12/site-packages/airflow/example_dags/example_params_trigger_ui.py
[2026-07-20T08:23:11.502+0000] {logging_mixin.py:190} INFO - [2026-07-20T08:23:11.502+0000] {dag.py:3239} INFO - Sync 1 DAGs
[2026-07-20T08:23:11.528+0000] {logging_mixin.py:190} INFO - [2026-07-20T08:23:11.528+0000] {dag.py:4180} INFO - Setting next_dagrun for example_params_trigger_ui to None, run_after=None
[2026-07-20T08:23:11.560+0000] {processor.py:208} INFO - Processing /home/airflow/.local/lib/python3.12/site-packages/airflow/example_dags/example_params_trigger_ui.py took 0.150 seconds
[2026-07-20T08:23:41.689+0000] {processor.py:186} INFO - Started process (PID=431) to work on /home/airflow/.local/lib/python3.12/site-packages/airflow/example_dags/example_params_trigger_ui.py
[2026-07-20T08:23:41.692+0000] {processor.py:914} INFO - Processing file /home/airflow/.local/lib/python3.12/site-packages/airflow/example_dags/example_params_trigger_ui.py for tasks to queue
[2026-07-20T08:23:41.696+0000] {logging_mixin.py:190} INFO - [2026-07-20T08:23:41.696+0000] {dagbag.py:588} INFO - Filling up the DagBag from /home/airflow/.local/lib/python3.12/site-packages/airflow/example_dags/example_params_trigger_ui.py
[2026-07-20T08:23:41.719+0000] {processor.py:925} INFO - DAG(s) 'example_params_trigger_ui' retrieved from /home/airflow/.local/lib/python3.12/site-packages/airflow/example_dags/example_params_trigger_ui.py
[2026-07-20T08:23:41.826+0000] {logging_mixin.py:190} INFO - [2026-07-20T08:23:41.825+0000] {dag.py:3239} INFO - Sync 1 DAGs
[2026-07-20T08:23:41.852+0000] {logging_mixin.py:190} INFO - [2026-07-20T08:23:41.852+0000] {dag.py:4180} INFO - Setting next_dagrun for example_params_trigger_ui to None, run_after=None
[2026-07-20T08:23:41.885+0000] {processor.py:208} INFO - Processing /home/airflow/.local/lib/python3.12/site-packages/airflow/example_dags/example_params_trigger_ui.py took 0.205 seconds
[2026-07-20T08:24:12.221+0000] {processor.py:186} INFO - Started process (PID=494) to work on /home/airflow/.local/lib/python3.12/site-packages/airflow/example_dags/example_params_trigger_ui.py
[2026-07-20T08:24:12.222+0000] {processor.py:914} INFO - Processing file /home/airflow/.local/lib/python3.12/site-packages/airflow/example_dags/example_params_trigger_ui.py for tasks to queue
[2026-07-20T08:24:12.225+0000] {logging_mixin.py:190} INFO - [2026-07-20T08:24:12.225+0000] {dagbag.py:588} INFO - Filling up the DagBag from /home/airflow/.local/lib/python3.12/site-packages/airflow/example_dags/example_params_trigger_ui.py
[2026-07-20T08:24:12.242+0000] {processor.py:925} INFO - DAG(s) 'example_params_trigger_ui' retrieved from /home/airflow/.local/lib/python3.12/site-packages/airflow/example_dags/example_params_trigger_ui.py
[2026-07-20T08:24:12.292+0000] {logging_mixin.py:190} INFO - [2026-07-20T08:24:12.292+0000] {dag.py:3239} INFO - Sync 1 DAGs
[2026-07-20T08:24:12.312+0000] {logging_mixin.py:190} INFO - [2026-07-20T08:24:12.312+0000] {dag.py:4180} INFO - Setting next_dagrun for example_params_trigger_ui to None, run_after=None
[2026-07-20T08:24:12.333+0000] {processor.py:208} INFO - Processing /home/airflow/.local/lib/python3.12/site-packages/airflow/example_dags/example_params_trigger_ui.py took 0.120 seconds
[2026-07-20T08:24:43.156+0000] {processor.py:186} INFO - Started process (PID=557) to work on /home/airflow/.local/lib/python3.12/site-packages/airflow/example_dags/example_params_trigger_ui.py
[2026-07-20T08:24:43.158+0000] {processor.py:914} INFO - Processing file /home/airflow/.local/lib/python3.12/site-packages/airflow/example_dags/example_params_trigger_ui.py for tasks to queue
[2026-07-20T08:24:43.162+0000] {logging_mixin.py:190} INFO - [2026-07-20T08:24:43.161+0000] {dagbag.py:588} INFO - Filling up the DagBag from /home/airflow/.local/lib/python3.12/site-packages/airflow/example_dags/example_params_trigger_ui.py
[2026-07-20T08:24:43.180+0000] {processor.py:925} INFO - DAG(s) 'example_params_trigger_ui' retrieved from /home/airflow/.local/lib/python3.12/site-packages/airflow/example_dags/example_params_trigger_ui.py
[2026-07-20T08:24:43.309+0000] {logging_mixin.py:190} INFO - [2026-07-20T08:24:43.309+0000] {dag.py:3239} INFO - Sync 1 DAGs
[2026-07-20T08:24:43.357+0000] {logging_mixin.py:190} INFO - [2026-07-20T08:24:43.357+0000] {dag.py:4180} INFO - Setting next_dagrun for example_params_trigger_ui to None, run_after=None
[2026-07-20T08:24:43.398+0000] {processor.py:208} INFO - Processing /home/airflow/.local/lib/python3.12/site-packages/airflow/example_dags/example_params_trigger_ui.py took 0.252 seconds
