[2026-07-20T08:21:11.218+0000] {processor.py:186} INFO - Started process (PID=124) to work on /home/airflow/.local/lib/python3.12/site-packages/airflow/example_dags/example_bash_decorator.py
[2026-07-20T08:21:11.220+0000] {processor.py:914} INFO - Processing file /home/airflow/.local/lib/python3.12/site-packages/airflow/example_dags/example_bash_decorator.py for tasks to queue
[2026-07-20T08:21:11.224+0000] {logging_mixin.py:190} INFO - [2026-07-20T08:21:11.223+0000] {dagbag.py:588} INFO - Filling up the DagBag from /home/airflow/.local/lib/python3.12/site-packages/airflow/example_dags/example_bash_decorator.py
[2026-07-20T08:21:11.243+0000] {processor.py:925} INFO - DAG(s) 'example_bash_decorator' retrieved from /home/airflow/.local/lib/python3.12/site-packages/airflow/example_dags/example_bash_decorator.py
[2026-07-20T08:21:11.378+0000] {logging_mixin.py:190} INFO - [2026-07-20T08:21:11.377+0000] {override.py:1912} INFO - Created Permission View: can read on DAG:example_bash_decorator
[2026-07-20T08:21:11.392+0000] {logging_mixin.py:190} INFO - [2026-07-20T08:21:11.392+0000] {override.py:1912} INFO - Created Permission View: can delete on DAG:example_bash_decorator
[2026-07-20T08:21:11.401+0000] {logging_mixin.py:190} INFO - [2026-07-20T08:21:11.401+0000] {override.py:1912} INFO - Created Permission View: can edit on DAG:example_bash_decorator
[2026-07-20T08:21:11.411+0000] {logging_mixin.py:190} INFO - [2026-07-20T08:21:11.411+0000] {override.py:1912} INFO - Created Permission View: menu access on DAG Run:example_bash_decorator
[2026-07-20T08:21:11.422+0000] {logging_mixin.py:190} INFO - [2026-07-20T08:21:11.422+0000] {override.py:1912} INFO - Created Permission View: can read on DAG Run:example_bash_decorator
[2026-07-20T08:21:11.434+0000] {logging_mixin.py:190} INFO - [2026-07-20T08:21:11.434+0000] {override.py:1912} INFO - Created Permission View: can delete on DAG Run:example_bash_decorator
[2026-07-20T08:21:11.445+0000] {logging_mixin.py:190} INFO - [2026-07-20T08:21:11.445+0000] {override.py:1912} INFO - Created Permission View: can create on DAG Run:example_bash_decorator
[2026-07-20T08:21:11.446+0000] {logging_mixin.py:190} INFO - [2026-07-20T08:21:11.446+0000] {dag.py:3239} INFO - Sync 1 DAGs
[2026-07-20T08:21:11.464+0000] {logging_mixin.py:190} INFO - [2026-07-20T08:21:11.463+0000] {dag.py:3262} INFO - Creating ORM DAG for example_bash_decorator
[2026-07-20T08:21:11.466+0000] {logging_mixin.py:190} INFO - [2026-07-20T08:21:11.465+0000] {dag.py:4180} INFO - Setting next_dagrun for example_bash_decorator to None, run_after=None
[2026-07-20T08:21:11.486+0000] {processor.py:208} INFO - Processing /home/airflow/.local/lib/python3.12/site-packages/airflow/example_dags/example_bash_decorator.py took 0.275 seconds
[2026-07-20T08:21:42.115+0000] {processor.py:186} INFO - Started process (PID=187) to work on /home/airflow/.local/lib/python3.12/site-packages/airflow/example_dags/example_bash_decorator.py
[2026-07-20T08:21:42.117+0000] {processor.py:914} INFO - Processing file /home/airflow/.local/lib/python3.12/site-packages/airflow/example_dags/example_bash_decorator.py for tasks to queue
[2026-07-20T08:21:42.120+0000] {logging_mixin.py:190} INFO - [2026-07-20T08:21:42.120+0000] {dagbag.py:588} INFO - Filling up the DagBag from /home/airflow/.local/lib/python3.12/site-packages/airflow/example_dags/example_bash_decorator.py
[2026-07-20T08:21:42.141+0000] {processor.py:925} INFO - DAG(s) 'example_bash_decorator' retrieved from /home/airflow/.local/lib/python3.12/site-packages/airflow/example_dags/example_bash_decorator.py
[2026-07-20T08:21:42.169+0000] {logging_mixin.py:190} INFO - [2026-07-20T08:21:42.169+0000] {dag.py:3239} INFO - Sync 1 DAGs
[2026-07-20T08:21:42.194+0000] {logging_mixin.py:190} INFO - [2026-07-20T08:21:42.193+0000] {dag.py:4180} INFO - Setting next_dagrun for example_bash_decorator to None, run_after=None
[2026-07-20T08:21:42.217+0000] {processor.py:208} INFO - Processing /home/airflow/.local/lib/python3.12/site-packages/airflow/example_dags/example_bash_decorator.py took 0.110 seconds
[2026-07-20T08:22:12.963+0000] {processor.py:186} INFO - Started process (PID=250) to work on /home/airflow/.local/lib/python3.12/site-packages/airflow/example_dags/example_bash_decorator.py
[2026-07-20T08:22:12.964+0000] {processor.py:914} INFO - Processing file /home/airflow/.local/lib/python3.12/site-packages/airflow/example_dags/example_bash_decorator.py for tasks to queue
[2026-07-20T08:22:12.967+0000] {logging_mixin.py:190} INFO - [2026-07-20T08:22:12.967+0000] {dagbag.py:588} INFO - Filling up the DagBag from /home/airflow/.local/lib/python3.12/site-packages/airflow/example_dags/example_bash_decorator.py
[2026-07-20T08:22:12.996+0000] {processor.py:925} INFO - DAG(s) 'example_bash_decorator' retrieved from /home/airflow/.local/lib/python3.12/site-packages/airflow/example_dags/example_bash_decorator.py
[2026-07-20T08:22:13.049+0000] {logging_mixin.py:190} INFO - [2026-07-20T08:22:13.048+0000] {dag.py:3239} INFO - Sync 1 DAGs
[2026-07-20T08:22:13.066+0000] {logging_mixin.py:190} INFO - [2026-07-20T08:22:13.065+0000] {dag.py:4180} INFO - Setting next_dagrun for example_bash_decorator to None, run_after=None
[2026-07-20T08:22:13.086+0000] {processor.py:208} INFO - Processing /home/airflow/.local/lib/python3.12/site-packages/airflow/example_dags/example_bash_decorator.py took 0.129 seconds
[2026-07-20T08:22:43.648+0000] {processor.py:186} INFO - Started process (PID=312) to work on /home/airflow/.local/lib/python3.12/site-packages/airflow/example_dags/example_bash_decorator.py
[2026-07-20T08:22:43.649+0000] {processor.py:914} INFO - Processing file /home/airflow/.local/lib/python3.12/site-packages/airflow/example_dags/example_bash_decorator.py for tasks to queue
[2026-07-20T08:22:43.653+0000] {logging_mixin.py:190} INFO - [2026-07-20T08:22:43.652+0000] {dagbag.py:588} INFO - Filling up the DagBag from /home/airflow/.local/lib/python3.12/site-packages/airflow/example_dags/example_bash_decorator.py
[2026-07-20T08:22:43.672+0000] {processor.py:925} INFO - DAG(s) 'example_bash_decorator' retrieved from /home/airflow/.local/lib/python3.12/site-packages/airflow/example_dags/example_bash_decorator.py
[2026-07-20T08:22:43.698+0000] {logging_mixin.py:190} INFO - [2026-07-20T08:22:43.697+0000] {dag.py:3239} INFO - Sync 1 DAGs
[2026-07-20T08:22:43.715+0000] {logging_mixin.py:190} INFO - [2026-07-20T08:22:43.714+0000] {dag.py:4180} INFO - Setting next_dagrun for example_bash_decorator to None, run_after=None
[2026-07-20T08:22:43.762+0000] {processor.py:208} INFO - Processing /home/airflow/.local/lib/python3.12/site-packages/airflow/example_dags/example_bash_decorator.py took 0.121 seconds
[2026-07-20T08:23:13.899+0000] {processor.py:186} INFO - Started process (PID=374) to work on /home/airflow/.local/lib/python3.12/site-packages/airflow/example_dags/example_bash_decorator.py
[2026-07-20T08:23:13.901+0000] {processor.py:914} INFO - Processing file /home/airflow/.local/lib/python3.12/site-packages/airflow/example_dags/example_bash_decorator.py for tasks to queue
[2026-07-20T08:23:13.904+0000] {logging_mixin.py:190} INFO - [2026-07-20T08:23:13.904+0000] {dagbag.py:588} INFO - Filling up the DagBag from /home/airflow/.local/lib/python3.12/site-packages/airflow/example_dags/example_bash_decorator.py
[2026-07-20T08:23:13.925+0000] {processor.py:925} INFO - DAG(s) 'example_bash_decorator' retrieved from /home/airflow/.local/lib/python3.12/site-packages/airflow/example_dags/example_bash_decorator.py
[2026-07-20T08:23:13.958+0000] {logging_mixin.py:190} INFO - [2026-07-20T08:23:13.958+0000] {dag.py:3239} INFO - Sync 1 DAGs
[2026-07-20T08:23:13.975+0000] {logging_mixin.py:190} INFO - [2026-07-20T08:23:13.975+0000] {dag.py:4180} INFO - Setting next_dagrun for example_bash_decorator to None, run_after=None
[2026-07-20T08:23:14.008+0000] {processor.py:208} INFO - Processing /home/airflow/.local/lib/python3.12/site-packages/airflow/example_dags/example_bash_decorator.py took 0.115 seconds
[2026-07-20T08:23:44.238+0000] {processor.py:186} INFO - Started process (PID=437) to work on /home/airflow/.local/lib/python3.12/site-packages/airflow/example_dags/example_bash_decorator.py
[2026-07-20T08:23:44.239+0000] {processor.py:914} INFO - Processing file /home/airflow/.local/lib/python3.12/site-packages/airflow/example_dags/example_bash_decorator.py for tasks to queue
[2026-07-20T08:23:44.243+0000] {logging_mixin.py:190} INFO - [2026-07-20T08:23:44.243+0000] {dagbag.py:588} INFO - Filling up the DagBag from /home/airflow/.local/lib/python3.12/site-packages/airflow/example_dags/example_bash_decorator.py
[2026-07-20T08:23:44.262+0000] {processor.py:925} INFO - DAG(s) 'example_bash_decorator' retrieved from /home/airflow/.local/lib/python3.12/site-packages/airflow/example_dags/example_bash_decorator.py
[2026-07-20T08:23:44.286+0000] {logging_mixin.py:190} INFO - [2026-07-20T08:23:44.286+0000] {dag.py:3239} INFO - Sync 1 DAGs
[2026-07-20T08:23:44.303+0000] {logging_mixin.py:190} INFO - [2026-07-20T08:23:44.302+0000] {dag.py:4180} INFO - Setting next_dagrun for example_bash_decorator to None, run_after=None
[2026-07-20T08:23:44.341+0000] {processor.py:208} INFO - Processing /home/airflow/.local/lib/python3.12/site-packages/airflow/example_dags/example_bash_decorator.py took 0.111 seconds
[2026-07-20T08:24:14.629+0000] {processor.py:186} INFO - Started process (PID=500) to work on /home/airflow/.local/lib/python3.12/site-packages/airflow/example_dags/example_bash_decorator.py
[2026-07-20T08:24:14.630+0000] {processor.py:914} INFO - Processing file /home/airflow/.local/lib/python3.12/site-packages/airflow/example_dags/example_bash_decorator.py for tasks to queue
[2026-07-20T08:24:14.633+0000] {logging_mixin.py:190} INFO - [2026-07-20T08:24:14.632+0000] {dagbag.py:588} INFO - Filling up the DagBag from /home/airflow/.local/lib/python3.12/site-packages/airflow/example_dags/example_bash_decorator.py
[2026-07-20T08:24:14.648+0000] {processor.py:925} INFO - DAG(s) 'example_bash_decorator' retrieved from /home/airflow/.local/lib/python3.12/site-packages/airflow/example_dags/example_bash_decorator.py
[2026-07-20T08:24:14.670+0000] {logging_mixin.py:190} INFO - [2026-07-20T08:24:14.670+0000] {dag.py:3239} INFO - Sync 1 DAGs
[2026-07-20T08:24:14.685+0000] {logging_mixin.py:190} INFO - [2026-07-20T08:24:14.684+0000] {dag.py:4180} INFO - Setting next_dagrun for example_bash_decorator to None, run_after=None
[2026-07-20T08:24:14.704+0000] {processor.py:208} INFO - Processing /home/airflow/.local/lib/python3.12/site-packages/airflow/example_dags/example_bash_decorator.py took 0.081 seconds
[2026-07-20T08:24:44.887+0000] {processor.py:186} INFO - Started process (PID=563) to work on /home/airflow/.local/lib/python3.12/site-packages/airflow/example_dags/example_bash_decorator.py
[2026-07-20T08:24:44.889+0000] {processor.py:914} INFO - Processing file /home/airflow/.local/lib/python3.12/site-packages/airflow/example_dags/example_bash_decorator.py for tasks to queue
[2026-07-20T08:24:44.891+0000] {logging_mixin.py:190} INFO - [2026-07-20T08:24:44.891+0000] {dagbag.py:588} INFO - Filling up the DagBag from /home/airflow/.local/lib/python3.12/site-packages/airflow/example_dags/example_bash_decorator.py
[2026-07-20T08:24:44.907+0000] {processor.py:925} INFO - DAG(s) 'example_bash_decorator' retrieved from /home/airflow/.local/lib/python3.12/site-packages/airflow/example_dags/example_bash_decorator.py
[2026-07-20T08:24:44.930+0000] {logging_mixin.py:190} INFO - [2026-07-20T08:24:44.930+0000] {dag.py:3239} INFO - Sync 1 DAGs
[2026-07-20T08:24:44.947+0000] {logging_mixin.py:190} INFO - [2026-07-20T08:24:44.947+0000] {dag.py:4180} INFO - Setting next_dagrun for example_bash_decorator to None, run_after=None
[2026-07-20T08:24:44.968+0000] {processor.py:208} INFO - Processing /home/airflow/.local/lib/python3.12/site-packages/airflow/example_dags/example_bash_decorator.py took 0.087 seconds
