[2026-07-20T08:21:05.827+0000] {processor.py:186} INFO - Started process (PID=106) to work on /home/airflow/.local/lib/python3.12/site-packages/airflow/example_dags/example_branch_labels.py
[2026-07-20T08:21:05.829+0000] {processor.py:914} INFO - Processing file /home/airflow/.local/lib/python3.12/site-packages/airflow/example_dags/example_branch_labels.py for tasks to queue
[2026-07-20T08:21:05.833+0000] {logging_mixin.py:190} INFO - [2026-07-20T08:21:05.833+0000] {dagbag.py:588} INFO - Filling up the DagBag from /home/airflow/.local/lib/python3.12/site-packages/airflow/example_dags/example_branch_labels.py
[2026-07-20T08:21:05.849+0000] {processor.py:925} INFO - DAG(s) 'example_branch_labels' retrieved from /home/airflow/.local/lib/python3.12/site-packages/airflow/example_dags/example_branch_labels.py
[2026-07-20T08:21:06.067+0000] {logging_mixin.py:190} INFO - [2026-07-20T08:21:06.066+0000] {override.py:1912} INFO - Created Permission View: can read on DAG:example_branch_labels
[2026-07-20T08:21:06.087+0000] {logging_mixin.py:190} INFO - [2026-07-20T08:21:06.086+0000] {override.py:1912} INFO - Created Permission View: can delete on DAG:example_branch_labels
[2026-07-20T08:21:06.097+0000] {logging_mixin.py:190} INFO - [2026-07-20T08:21:06.097+0000] {override.py:1912} INFO - Created Permission View: can edit on DAG:example_branch_labels
[2026-07-20T08:21:06.110+0000] {logging_mixin.py:190} INFO - [2026-07-20T08:21:06.110+0000] {override.py:1912} INFO - Created Permission View: menu access on DAG Run:example_branch_labels
[2026-07-20T08:21:06.120+0000] {logging_mixin.py:190} INFO - [2026-07-20T08:21:06.119+0000] {override.py:1912} INFO - Created Permission View: can read on DAG Run:example_branch_labels
[2026-07-20T08:21:06.129+0000] {logging_mixin.py:190} INFO - [2026-07-20T08:21:06.129+0000] {override.py:1912} INFO - Created Permission View: can delete on DAG Run:example_branch_labels
[2026-07-20T08:21:06.140+0000] {logging_mixin.py:190} INFO - [2026-07-20T08:21:06.139+0000] {override.py:1912} INFO - Created Permission View: can create on DAG Run:example_branch_labels
[2026-07-20T08:21:06.141+0000] {logging_mixin.py:190} INFO - [2026-07-20T08:21:06.140+0000] {dag.py:3239} INFO - Sync 1 DAGs
[2026-07-20T08:21:06.162+0000] {logging_mixin.py:190} INFO - [2026-07-20T08:21:06.161+0000] {dag.py:3262} INFO - Creating ORM DAG for example_branch_labels
[2026-07-20T08:21:06.177+0000] {logging_mixin.py:190} INFO - [2026-07-20T08:21:06.176+0000] {dag.py:4180} INFO - Setting next_dagrun for example_branch_labels to 2026-07-19 00:00:00+00:00, run_after=2026-07-20 00:00:00+00:00
[2026-07-20T08:21:06.199+0000] {processor.py:208} INFO - Processing /home/airflow/.local/lib/python3.12/site-packages/airflow/example_dags/example_branch_labels.py took 0.382 seconds
[2026-07-20T08:21:36.862+0000] {processor.py:186} INFO - Started process (PID=169) to work on /home/airflow/.local/lib/python3.12/site-packages/airflow/example_dags/example_branch_labels.py
[2026-07-20T08:21:36.864+0000] {processor.py:914} INFO - Processing file /home/airflow/.local/lib/python3.12/site-packages/airflow/example_dags/example_branch_labels.py for tasks to queue
[2026-07-20T08:21:36.868+0000] {logging_mixin.py:190} INFO - [2026-07-20T08:21:36.867+0000] {dagbag.py:588} INFO - Filling up the DagBag from /home/airflow/.local/lib/python3.12/site-packages/airflow/example_dags/example_branch_labels.py
[2026-07-20T08:21:36.880+0000] {processor.py:925} INFO - DAG(s) 'example_branch_labels' retrieved from /home/airflow/.local/lib/python3.12/site-packages/airflow/example_dags/example_branch_labels.py
[2026-07-20T08:21:36.911+0000] {logging_mixin.py:190} INFO - [2026-07-20T08:21:36.911+0000] {dag.py:3239} INFO - Sync 1 DAGs
[2026-07-20T08:21:36.950+0000] {logging_mixin.py:190} INFO - [2026-07-20T08:21:36.949+0000] {dag.py:4180} INFO - Setting next_dagrun for example_branch_labels to 2026-07-19 00:00:00+00:00, run_after=2026-07-20 00:00:00+00:00
[2026-07-20T08:21:36.978+0000] {processor.py:208} INFO - Processing /home/airflow/.local/lib/python3.12/site-packages/airflow/example_dags/example_branch_labels.py took 0.124 seconds
[2026-07-20T08:22:07.856+0000] {processor.py:186} INFO - Started process (PID=232) to work on /home/airflow/.local/lib/python3.12/site-packages/airflow/example_dags/example_branch_labels.py
[2026-07-20T08:22:07.857+0000] {processor.py:914} INFO - Processing file /home/airflow/.local/lib/python3.12/site-packages/airflow/example_dags/example_branch_labels.py for tasks to queue
[2026-07-20T08:22:07.860+0000] {logging_mixin.py:190} INFO - [2026-07-20T08:22:07.859+0000] {dagbag.py:588} INFO - Filling up the DagBag from /home/airflow/.local/lib/python3.12/site-packages/airflow/example_dags/example_branch_labels.py
[2026-07-20T08:22:07.871+0000] {processor.py:925} INFO - DAG(s) 'example_branch_labels' retrieved from /home/airflow/.local/lib/python3.12/site-packages/airflow/example_dags/example_branch_labels.py
[2026-07-20T08:22:07.891+0000] {logging_mixin.py:190} INFO - [2026-07-20T08:22:07.891+0000] {dag.py:3239} INFO - Sync 1 DAGs
[2026-07-20T08:22:07.917+0000] {logging_mixin.py:190} INFO - [2026-07-20T08:22:07.916+0000] {dag.py:4180} INFO - Setting next_dagrun for example_branch_labels to 2026-07-19 00:00:00+00:00, run_after=2026-07-20 00:00:00+00:00
[2026-07-20T08:22:07.938+0000] {processor.py:208} INFO - Processing /home/airflow/.local/lib/python3.12/site-packages/airflow/example_dags/example_branch_labels.py took 0.088 seconds
[2026-07-20T08:22:38.898+0000] {processor.py:186} INFO - Started process (PID=295) to work on /home/airflow/.local/lib/python3.12/site-packages/airflow/example_dags/example_branch_labels.py
[2026-07-20T08:22:38.901+0000] {processor.py:914} INFO - Processing file /home/airflow/.local/lib/python3.12/site-packages/airflow/example_dags/example_branch_labels.py for tasks to queue
[2026-07-20T08:22:38.906+0000] {logging_mixin.py:190} INFO - [2026-07-20T08:22:38.906+0000] {dagbag.py:588} INFO - Filling up the DagBag from /home/airflow/.local/lib/python3.12/site-packages/airflow/example_dags/example_branch_labels.py
[2026-07-20T08:22:38.929+0000] {processor.py:925} INFO - DAG(s) 'example_branch_labels' retrieved from /home/airflow/.local/lib/python3.12/site-packages/airflow/example_dags/example_branch_labels.py
[2026-07-20T08:22:38.972+0000] {logging_mixin.py:190} INFO - [2026-07-20T08:22:38.972+0000] {dag.py:3239} INFO - Sync 1 DAGs
[2026-07-20T08:22:39.021+0000] {logging_mixin.py:190} INFO - [2026-07-20T08:22:39.021+0000] {dag.py:4180} INFO - Setting next_dagrun for example_branch_labels to 2026-07-19 00:00:00+00:00, run_after=2026-07-20 00:00:00+00:00
[2026-07-20T08:22:39.067+0000] {processor.py:208} INFO - Processing /home/airflow/.local/lib/python3.12/site-packages/airflow/example_dags/example_branch_labels.py took 0.180 seconds
[2026-07-20T08:23:09.202+0000] {processor.py:186} INFO - Started process (PID=358) to work on /home/airflow/.local/lib/python3.12/site-packages/airflow/example_dags/example_branch_labels.py
[2026-07-20T08:23:09.203+0000] {processor.py:914} INFO - Processing file /home/airflow/.local/lib/python3.12/site-packages/airflow/example_dags/example_branch_labels.py for tasks to queue
[2026-07-20T08:23:09.206+0000] {logging_mixin.py:190} INFO - [2026-07-20T08:23:09.206+0000] {dagbag.py:588} INFO - Filling up the DagBag from /home/airflow/.local/lib/python3.12/site-packages/airflow/example_dags/example_branch_labels.py
[2026-07-20T08:23:09.220+0000] {processor.py:925} INFO - DAG(s) 'example_branch_labels' retrieved from /home/airflow/.local/lib/python3.12/site-packages/airflow/example_dags/example_branch_labels.py
[2026-07-20T08:23:09.242+0000] {logging_mixin.py:190} INFO - [2026-07-20T08:23:09.242+0000] {dag.py:3239} INFO - Sync 1 DAGs
[2026-07-20T08:23:09.267+0000] {logging_mixin.py:190} INFO - [2026-07-20T08:23:09.267+0000] {dag.py:4180} INFO - Setting next_dagrun for example_branch_labels to 2026-07-19 00:00:00+00:00, run_after=2026-07-20 00:00:00+00:00
[2026-07-20T08:23:09.292+0000] {processor.py:208} INFO - Processing /home/airflow/.local/lib/python3.12/site-packages/airflow/example_dags/example_branch_labels.py took 0.097 seconds
[2026-07-20T08:23:39.724+0000] {processor.py:186} INFO - Started process (PID=421) to work on /home/airflow/.local/lib/python3.12/site-packages/airflow/example_dags/example_branch_labels.py
[2026-07-20T08:23:39.727+0000] {processor.py:914} INFO - Processing file /home/airflow/.local/lib/python3.12/site-packages/airflow/example_dags/example_branch_labels.py for tasks to queue
[2026-07-20T08:23:39.737+0000] {logging_mixin.py:190} INFO - [2026-07-20T08:23:39.736+0000] {dagbag.py:588} INFO - Filling up the DagBag from /home/airflow/.local/lib/python3.12/site-packages/airflow/example_dags/example_branch_labels.py
[2026-07-20T08:23:39.758+0000] {processor.py:925} INFO - DAG(s) 'example_branch_labels' retrieved from /home/airflow/.local/lib/python3.12/site-packages/airflow/example_dags/example_branch_labels.py
[2026-07-20T08:23:39.790+0000] {logging_mixin.py:190} INFO - [2026-07-20T08:23:39.789+0000] {dag.py:3239} INFO - Sync 1 DAGs
[2026-07-20T08:23:39.824+0000] {logging_mixin.py:190} INFO - [2026-07-20T08:23:39.824+0000] {dag.py:4180} INFO - Setting next_dagrun for example_branch_labels to 2026-07-19 00:00:00+00:00, run_after=2026-07-20 00:00:00+00:00
[2026-07-20T08:23:39.850+0000] {processor.py:208} INFO - Processing /home/airflow/.local/lib/python3.12/site-packages/airflow/example_dags/example_branch_labels.py took 0.139 seconds
[2026-07-20T08:24:10.247+0000] {processor.py:186} INFO - Started process (PID=484) to work on /home/airflow/.local/lib/python3.12/site-packages/airflow/example_dags/example_branch_labels.py
[2026-07-20T08:24:10.248+0000] {processor.py:914} INFO - Processing file /home/airflow/.local/lib/python3.12/site-packages/airflow/example_dags/example_branch_labels.py for tasks to queue
[2026-07-20T08:24:10.252+0000] {logging_mixin.py:190} INFO - [2026-07-20T08:24:10.251+0000] {dagbag.py:588} INFO - Filling up the DagBag from /home/airflow/.local/lib/python3.12/site-packages/airflow/example_dags/example_branch_labels.py
[2026-07-20T08:24:10.269+0000] {processor.py:925} INFO - DAG(s) 'example_branch_labels' retrieved from /home/airflow/.local/lib/python3.12/site-packages/airflow/example_dags/example_branch_labels.py
[2026-07-20T08:24:10.300+0000] {logging_mixin.py:190} INFO - [2026-07-20T08:24:10.300+0000] {dag.py:3239} INFO - Sync 1 DAGs
[2026-07-20T08:24:10.337+0000] {logging_mixin.py:190} INFO - [2026-07-20T08:24:10.336+0000] {dag.py:4180} INFO - Setting next_dagrun for example_branch_labels to 2026-07-19 00:00:00+00:00, run_after=2026-07-20 00:00:00+00:00
[2026-07-20T08:24:10.363+0000] {processor.py:208} INFO - Processing /home/airflow/.local/lib/python3.12/site-packages/airflow/example_dags/example_branch_labels.py took 0.126 seconds
[2026-07-20T08:24:40.869+0000] {processor.py:186} INFO - Started process (PID=547) to work on /home/airflow/.local/lib/python3.12/site-packages/airflow/example_dags/example_branch_labels.py
[2026-07-20T08:24:40.872+0000] {processor.py:914} INFO - Processing file /home/airflow/.local/lib/python3.12/site-packages/airflow/example_dags/example_branch_labels.py for tasks to queue
[2026-07-20T08:24:40.879+0000] {logging_mixin.py:190} INFO - [2026-07-20T08:24:40.878+0000] {dagbag.py:588} INFO - Filling up the DagBag from /home/airflow/.local/lib/python3.12/site-packages/airflow/example_dags/example_branch_labels.py
[2026-07-20T08:24:40.916+0000] {processor.py:925} INFO - DAG(s) 'example_branch_labels' retrieved from /home/airflow/.local/lib/python3.12/site-packages/airflow/example_dags/example_branch_labels.py
[2026-07-20T08:24:40.968+0000] {logging_mixin.py:190} INFO - [2026-07-20T08:24:40.968+0000] {dag.py:3239} INFO - Sync 1 DAGs
[2026-07-20T08:24:41.006+0000] {logging_mixin.py:190} INFO - [2026-07-20T08:24:41.006+0000] {dag.py:4180} INFO - Setting next_dagrun for example_branch_labels to 2026-07-19 00:00:00+00:00, run_after=2026-07-20 00:00:00+00:00
[2026-07-20T08:24:41.037+0000] {processor.py:208} INFO - Processing /home/airflow/.local/lib/python3.12/site-packages/airflow/example_dags/example_branch_labels.py took 0.185 seconds
[2026-07-20T08:25:30.682+0000] {processor.py:186} INFO - Started process (PID=81) to work on /home/airflow/.local/lib/python3.12/site-packages/airflow/example_dags/example_branch_labels.py
[2026-07-20T08:25:30.686+0000] {processor.py:914} INFO - Processing file /home/airflow/.local/lib/python3.12/site-packages/airflow/example_dags/example_branch_labels.py for tasks to queue
[2026-07-20T08:25:30.695+0000] {logging_mixin.py:190} INFO - [2026-07-20T08:25:30.694+0000] {dagbag.py:588} INFO - Filling up the DagBag from /home/airflow/.local/lib/python3.12/site-packages/airflow/example_dags/example_branch_labels.py
[2026-07-20T08:25:30.732+0000] {processor.py:925} INFO - DAG(s) 'example_branch_labels' retrieved from /home/airflow/.local/lib/python3.12/site-packages/airflow/example_dags/example_branch_labels.py
[2026-07-20T08:25:30.795+0000] {logging_mixin.py:190} INFO - [2026-07-20T08:25:30.795+0000] {dag.py:3239} INFO - Sync 1 DAGs
[2026-07-20T08:25:30.885+0000] {logging_mixin.py:190} INFO - [2026-07-20T08:25:30.884+0000] {dag.py:4180} INFO - Setting next_dagrun for example_branch_labels to 2026-07-19 00:00:00+00:00, run_after=2026-07-20 00:00:00+00:00
[2026-07-20T08:25:30.923+0000] {processor.py:208} INFO - Processing /home/airflow/.local/lib/python3.12/site-packages/airflow/example_dags/example_branch_labels.py took 0.259 seconds
