[2026-07-20T08:21:07.809+0000] {processor.py:186} INFO - Started process (PID=115) to work on /home/airflow/.local/lib/python3.12/site-packages/airflow/example_dags/example_outlet_event_extra.py
[2026-07-20T08:21:07.812+0000] {processor.py:914} INFO - Processing file /home/airflow/.local/lib/python3.12/site-packages/airflow/example_dags/example_outlet_event_extra.py for tasks to queue
[2026-07-20T08:21:07.816+0000] {logging_mixin.py:190} INFO - [2026-07-20T08:21:07.815+0000] {dagbag.py:588} INFO - Filling up the DagBag from /home/airflow/.local/lib/python3.12/site-packages/airflow/example_dags/example_outlet_event_extra.py
[2026-07-20T08:21:09.825+0000] {processor.py:925} INFO - DAG(s) 'dataset_with_extra_from_classic_operator', 'dataset_with_extra_by_context', 'dataset_with_extra_by_yield' retrieved from /home/airflow/.local/lib/python3.12/site-packages/airflow/example_dags/example_outlet_event_extra.py
[2026-07-20T08:21:09.957+0000] {logging_mixin.py:190} INFO - [2026-07-20T08:21:09.955+0000] {override.py:1912} INFO - Created Permission View: can read on DAG:dataset_with_extra_from_classic_operator
[2026-07-20T08:21:09.969+0000] {logging_mixin.py:190} INFO - [2026-07-20T08:21:09.968+0000] {override.py:1912} INFO - Created Permission View: can delete on DAG:dataset_with_extra_from_classic_operator
[2026-07-20T08:21:09.979+0000] {logging_mixin.py:190} INFO - [2026-07-20T08:21:09.979+0000] {override.py:1912} INFO - Created Permission View: can edit on DAG:dataset_with_extra_from_classic_operator
[2026-07-20T08:21:09.989+0000] {logging_mixin.py:190} INFO - [2026-07-20T08:21:09.989+0000] {override.py:1912} INFO - Created Permission View: menu access on DAG Run:dataset_with_extra_from_classic_operator
[2026-07-20T08:21:09.999+0000] {logging_mixin.py:190} INFO - [2026-07-20T08:21:09.998+0000] {override.py:1912} INFO - Created Permission View: can read on DAG Run:dataset_with_extra_from_classic_operator
[2026-07-20T08:21:10.009+0000] {logging_mixin.py:190} INFO - [2026-07-20T08:21:10.008+0000] {override.py:1912} INFO - Created Permission View: can delete on DAG Run:dataset_with_extra_from_classic_operator
[2026-07-20T08:21:10.020+0000] {logging_mixin.py:190} INFO - [2026-07-20T08:21:10.020+0000] {override.py:1912} INFO - Created Permission View: can create on DAG Run:dataset_with_extra_from_classic_operator
[2026-07-20T08:21:10.044+0000] {logging_mixin.py:190} INFO - [2026-07-20T08:21:10.043+0000] {override.py:1912} INFO - Created Permission View: can read on DAG:dataset_with_extra_by_context
[2026-07-20T08:21:10.055+0000] {logging_mixin.py:190} INFO - [2026-07-20T08:21:10.055+0000] {override.py:1912} INFO - Created Permission View: can delete on DAG:dataset_with_extra_by_context
[2026-07-20T08:21:10.066+0000] {logging_mixin.py:190} INFO - [2026-07-20T08:21:10.066+0000] {override.py:1912} INFO - Created Permission View: can edit on DAG:dataset_with_extra_by_context
[2026-07-20T08:21:10.078+0000] {logging_mixin.py:190} INFO - [2026-07-20T08:21:10.078+0000] {override.py:1912} INFO - Created Permission View: menu access on DAG Run:dataset_with_extra_by_context
[2026-07-20T08:21:10.089+0000] {logging_mixin.py:190} INFO - [2026-07-20T08:21:10.088+0000] {override.py:1912} INFO - Created Permission View: can read on DAG Run:dataset_with_extra_by_context
[2026-07-20T08:21:10.099+0000] {logging_mixin.py:190} INFO - [2026-07-20T08:21:10.099+0000] {override.py:1912} INFO - Created Permission View: can delete on DAG Run:dataset_with_extra_by_context
[2026-07-20T08:21:10.112+0000] {logging_mixin.py:190} INFO - [2026-07-20T08:21:10.112+0000] {override.py:1912} INFO - Created Permission View: can create on DAG Run:dataset_with_extra_by_context
[2026-07-20T08:21:10.133+0000] {logging_mixin.py:190} INFO - [2026-07-20T08:21:10.133+0000] {override.py:1912} INFO - Created Permission View: can read on DAG:dataset_with_extra_by_yield
[2026-07-20T08:21:10.143+0000] {logging_mixin.py:190} INFO - [2026-07-20T08:21:10.143+0000] {override.py:1912} INFO - Created Permission View: can delete on DAG:dataset_with_extra_by_yield
[2026-07-20T08:21:10.155+0000] {logging_mixin.py:190} INFO - [2026-07-20T08:21:10.154+0000] {override.py:1912} INFO - Created Permission View: can edit on DAG:dataset_with_extra_by_yield
[2026-07-20T08:21:10.168+0000] {logging_mixin.py:190} INFO - [2026-07-20T08:21:10.167+0000] {override.py:1912} INFO - Created Permission View: menu access on DAG Run:dataset_with_extra_by_yield
[2026-07-20T08:21:10.180+0000] {logging_mixin.py:190} INFO - [2026-07-20T08:21:10.179+0000] {override.py:1912} INFO - Created Permission View: can read on DAG Run:dataset_with_extra_by_yield
[2026-07-20T08:21:10.192+0000] {logging_mixin.py:190} INFO - [2026-07-20T08:21:10.191+0000] {override.py:1912} INFO - Created Permission View: can delete on DAG Run:dataset_with_extra_by_yield
[2026-07-20T08:21:10.202+0000] {logging_mixin.py:190} INFO - [2026-07-20T08:21:10.202+0000] {override.py:1912} INFO - Created Permission View: can create on DAG Run:dataset_with_extra_by_yield
[2026-07-20T08:21:10.203+0000] {logging_mixin.py:190} INFO - [2026-07-20T08:21:10.203+0000] {dag.py:3239} INFO - Sync 3 DAGs
[2026-07-20T08:21:10.222+0000] {logging_mixin.py:190} INFO - [2026-07-20T08:21:10.221+0000] {dag.py:3262} INFO - Creating ORM DAG for dataset_with_extra_by_yield
[2026-07-20T08:21:10.223+0000] {logging_mixin.py:190} INFO - [2026-07-20T08:21:10.223+0000] {dag.py:3262} INFO - Creating ORM DAG for dataset_with_extra_by_context
[2026-07-20T08:21:10.225+0000] {logging_mixin.py:190} INFO - [2026-07-20T08:21:10.224+0000] {dag.py:3262} INFO - Creating ORM DAG for dataset_with_extra_from_classic_operator
[2026-07-20T08:21:10.238+0000] {logging_mixin.py:190} INFO - [2026-07-20T08:21:10.237+0000] {dag.py:4180} INFO - Setting next_dagrun for dataset_with_extra_by_context to 2026-07-19 00:00:00+00:00, run_after=2026-07-20 00:00:00+00:00
[2026-07-20T08:21:10.240+0000] {logging_mixin.py:190} INFO - [2026-07-20T08:21:10.240+0000] {dag.py:4180} INFO - Setting next_dagrun for dataset_with_extra_by_yield to 2026-07-19 00:00:00+00:00, run_after=2026-07-20 00:00:00+00:00
[2026-07-20T08:21:10.244+0000] {logging_mixin.py:190} INFO - [2026-07-20T08:21:10.243+0000] {dag.py:4180} INFO - Setting next_dagrun for dataset_with_extra_from_classic_operator to 2026-07-19 00:00:00+00:00, run_after=2026-07-20 00:00:00+00:00
[2026-07-20T08:21:10.279+0000] {processor.py:208} INFO - Processing /home/airflow/.local/lib/python3.12/site-packages/airflow/example_dags/example_outlet_event_extra.py took 2.478 seconds
[2026-07-20T08:21:40.987+0000] {processor.py:186} INFO - Started process (PID=182) to work on /home/airflow/.local/lib/python3.12/site-packages/airflow/example_dags/example_outlet_event_extra.py
[2026-07-20T08:21:40.989+0000] {processor.py:914} INFO - Processing file /home/airflow/.local/lib/python3.12/site-packages/airflow/example_dags/example_outlet_event_extra.py for tasks to queue
[2026-07-20T08:21:40.992+0000] {logging_mixin.py:190} INFO - [2026-07-20T08:21:40.992+0000] {dagbag.py:588} INFO - Filling up the DagBag from /home/airflow/.local/lib/python3.12/site-packages/airflow/example_dags/example_outlet_event_extra.py
[2026-07-20T08:21:41.788+0000] {processor.py:925} INFO - DAG(s) 'dataset_with_extra_by_yield', 'dataset_with_extra_by_context', 'dataset_with_extra_from_classic_operator' retrieved from /home/airflow/.local/lib/python3.12/site-packages/airflow/example_dags/example_outlet_event_extra.py
[2026-07-20T08:21:41.828+0000] {logging_mixin.py:190} INFO - [2026-07-20T08:21:41.828+0000] {dag.py:3239} INFO - Sync 3 DAGs
[2026-07-20T08:21:41.864+0000] {logging_mixin.py:190} INFO - [2026-07-20T08:21:41.864+0000] {dag.py:4180} INFO - Setting next_dagrun for dataset_with_extra_by_context to 2026-07-19 00:00:00+00:00, run_after=2026-07-20 00:00:00+00:00
[2026-07-20T08:21:41.877+0000] {logging_mixin.py:190} INFO - [2026-07-20T08:21:41.877+0000] {dag.py:4180} INFO - Setting next_dagrun for dataset_with_extra_by_yield to 2026-07-19 00:00:00+00:00, run_after=2026-07-20 00:00:00+00:00
[2026-07-20T08:21:41.881+0000] {logging_mixin.py:190} INFO - [2026-07-20T08:21:41.881+0000] {dag.py:4180} INFO - Setting next_dagrun for dataset_with_extra_from_classic_operator to 2026-07-19 00:00:00+00:00, run_after=2026-07-20 00:00:00+00:00
[2026-07-20T08:21:41.911+0000] {processor.py:208} INFO - Processing /home/airflow/.local/lib/python3.12/site-packages/airflow/example_dags/example_outlet_event_extra.py took 0.934 seconds
[2026-07-20T08:22:11.970+0000] {processor.py:186} INFO - Started process (PID=246) to work on /home/airflow/.local/lib/python3.12/site-packages/airflow/example_dags/example_outlet_event_extra.py
[2026-07-20T08:22:11.971+0000] {processor.py:914} INFO - Processing file /home/airflow/.local/lib/python3.12/site-packages/airflow/example_dags/example_outlet_event_extra.py for tasks to queue
[2026-07-20T08:22:11.974+0000] {logging_mixin.py:190} INFO - [2026-07-20T08:22:11.973+0000] {dagbag.py:588} INFO - Filling up the DagBag from /home/airflow/.local/lib/python3.12/site-packages/airflow/example_dags/example_outlet_event_extra.py
[2026-07-20T08:22:12.565+0000] {processor.py:925} INFO - DAG(s) 'dataset_with_extra_by_yield', 'dataset_with_extra_by_context', 'dataset_with_extra_from_classic_operator' retrieved from /home/airflow/.local/lib/python3.12/site-packages/airflow/example_dags/example_outlet_event_extra.py
[2026-07-20T08:22:12.590+0000] {logging_mixin.py:190} INFO - [2026-07-20T08:22:12.590+0000] {dag.py:3239} INFO - Sync 3 DAGs
[2026-07-20T08:22:12.614+0000] {logging_mixin.py:190} INFO - [2026-07-20T08:22:12.614+0000] {dag.py:4180} INFO - Setting next_dagrun for dataset_with_extra_by_context to 2026-07-19 00:00:00+00:00, run_after=2026-07-20 00:00:00+00:00
[2026-07-20T08:22:12.621+0000] {logging_mixin.py:190} INFO - [2026-07-20T08:22:12.621+0000] {dag.py:4180} INFO - Setting next_dagrun for dataset_with_extra_by_yield to 2026-07-19 00:00:00+00:00, run_after=2026-07-20 00:00:00+00:00
[2026-07-20T08:22:12.625+0000] {logging_mixin.py:190} INFO - [2026-07-20T08:22:12.625+0000] {dag.py:4180} INFO - Setting next_dagrun for dataset_with_extra_from_classic_operator to 2026-07-19 00:00:00+00:00, run_after=2026-07-20 00:00:00+00:00
[2026-07-20T08:22:12.649+0000] {processor.py:208} INFO - Processing /home/airflow/.local/lib/python3.12/site-packages/airflow/example_dags/example_outlet_event_extra.py took 0.688 seconds
[2026-07-20T08:22:43.365+0000] {processor.py:186} INFO - Started process (PID=309) to work on /home/airflow/.local/lib/python3.12/site-packages/airflow/example_dags/example_outlet_event_extra.py
[2026-07-20T08:22:43.366+0000] {processor.py:914} INFO - Processing file /home/airflow/.local/lib/python3.12/site-packages/airflow/example_dags/example_outlet_event_extra.py for tasks to queue
[2026-07-20T08:22:43.370+0000] {logging_mixin.py:190} INFO - [2026-07-20T08:22:43.369+0000] {dagbag.py:588} INFO - Filling up the DagBag from /home/airflow/.local/lib/python3.12/site-packages/airflow/example_dags/example_outlet_event_extra.py
[2026-07-20T08:22:44.366+0000] {processor.py:925} INFO - DAG(s) 'dataset_with_extra_by_yield', 'dataset_with_extra_by_context', 'dataset_with_extra_from_classic_operator' retrieved from /home/airflow/.local/lib/python3.12/site-packages/airflow/example_dags/example_outlet_event_extra.py
[2026-07-20T08:22:44.396+0000] {logging_mixin.py:190} INFO - [2026-07-20T08:22:44.395+0000] {dag.py:3239} INFO - Sync 3 DAGs
[2026-07-20T08:22:44.423+0000] {logging_mixin.py:190} INFO - [2026-07-20T08:22:44.423+0000] {dag.py:4180} INFO - Setting next_dagrun for dataset_with_extra_by_context to 2026-07-19 00:00:00+00:00, run_after=2026-07-20 00:00:00+00:00
[2026-07-20T08:22:44.430+0000] {logging_mixin.py:190} INFO - [2026-07-20T08:22:44.430+0000] {dag.py:4180} INFO - Setting next_dagrun for dataset_with_extra_by_yield to 2026-07-19 00:00:00+00:00, run_after=2026-07-20 00:00:00+00:00
[2026-07-20T08:22:44.434+0000] {logging_mixin.py:190} INFO - [2026-07-20T08:22:44.434+0000] {dag.py:4180} INFO - Setting next_dagrun for dataset_with_extra_from_classic_operator to 2026-07-19 00:00:00+00:00, run_after=2026-07-20 00:00:00+00:00
[2026-07-20T08:22:44.462+0000] {processor.py:208} INFO - Processing /home/airflow/.local/lib/python3.12/site-packages/airflow/example_dags/example_outlet_event_extra.py took 1.105 seconds
[2026-07-20T08:23:15.072+0000] {processor.py:186} INFO - Started process (PID=376) to work on /home/airflow/.local/lib/python3.12/site-packages/airflow/example_dags/example_outlet_event_extra.py
[2026-07-20T08:23:15.074+0000] {processor.py:914} INFO - Processing file /home/airflow/.local/lib/python3.12/site-packages/airflow/example_dags/example_outlet_event_extra.py for tasks to queue
[2026-07-20T08:23:15.078+0000] {logging_mixin.py:190} INFO - [2026-07-20T08:23:15.077+0000] {dagbag.py:588} INFO - Filling up the DagBag from /home/airflow/.local/lib/python3.12/site-packages/airflow/example_dags/example_outlet_event_extra.py
[2026-07-20T08:23:15.852+0000] {processor.py:925} INFO - DAG(s) 'dataset_with_extra_by_yield', 'dataset_with_extra_from_classic_operator', 'dataset_with_extra_by_context' retrieved from /home/airflow/.local/lib/python3.12/site-packages/airflow/example_dags/example_outlet_event_extra.py
[2026-07-20T08:23:15.894+0000] {logging_mixin.py:190} INFO - [2026-07-20T08:23:15.894+0000] {dag.py:3239} INFO - Sync 3 DAGs
[2026-07-20T08:23:15.923+0000] {logging_mixin.py:190} INFO - [2026-07-20T08:23:15.923+0000] {dag.py:4180} INFO - Setting next_dagrun for dataset_with_extra_by_context to 2026-07-19 00:00:00+00:00, run_after=2026-07-20 00:00:00+00:00
[2026-07-20T08:23:15.931+0000] {logging_mixin.py:190} INFO - [2026-07-20T08:23:15.931+0000] {dag.py:4180} INFO - Setting next_dagrun for dataset_with_extra_by_yield to 2026-07-19 00:00:00+00:00, run_after=2026-07-20 00:00:00+00:00
[2026-07-20T08:23:15.935+0000] {logging_mixin.py:190} INFO - [2026-07-20T08:23:15.934+0000] {dag.py:4180} INFO - Setting next_dagrun for dataset_with_extra_from_classic_operator to 2026-07-19 00:00:00+00:00, run_after=2026-07-20 00:00:00+00:00
[2026-07-20T08:23:15.965+0000] {processor.py:208} INFO - Processing /home/airflow/.local/lib/python3.12/site-packages/airflow/example_dags/example_outlet_event_extra.py took 0.903 seconds
[2026-07-20T08:23:46.744+0000] {processor.py:186} INFO - Started process (PID=443) to work on /home/airflow/.local/lib/python3.12/site-packages/airflow/example_dags/example_outlet_event_extra.py
[2026-07-20T08:23:46.746+0000] {processor.py:914} INFO - Processing file /home/airflow/.local/lib/python3.12/site-packages/airflow/example_dags/example_outlet_event_extra.py for tasks to queue
[2026-07-20T08:23:46.750+0000] {logging_mixin.py:190} INFO - [2026-07-20T08:23:46.750+0000] {dagbag.py:588} INFO - Filling up the DagBag from /home/airflow/.local/lib/python3.12/site-packages/airflow/example_dags/example_outlet_event_extra.py
[2026-07-20T08:23:47.521+0000] {processor.py:925} INFO - DAG(s) 'dataset_with_extra_by_context', 'dataset_with_extra_by_yield', 'dataset_with_extra_from_classic_operator' retrieved from /home/airflow/.local/lib/python3.12/site-packages/airflow/example_dags/example_outlet_event_extra.py
[2026-07-20T08:23:47.558+0000] {logging_mixin.py:190} INFO - [2026-07-20T08:23:47.558+0000] {dag.py:3239} INFO - Sync 3 DAGs
[2026-07-20T08:23:47.600+0000] {logging_mixin.py:190} INFO - [2026-07-20T08:23:47.600+0000] {dag.py:4180} INFO - Setting next_dagrun for dataset_with_extra_by_context to 2026-07-19 00:00:00+00:00, run_after=2026-07-20 00:00:00+00:00
[2026-07-20T08:23:47.610+0000] {logging_mixin.py:190} INFO - [2026-07-20T08:23:47.609+0000] {dag.py:4180} INFO - Setting next_dagrun for dataset_with_extra_by_yield to 2026-07-19 00:00:00+00:00, run_after=2026-07-20 00:00:00+00:00
[2026-07-20T08:23:47.614+0000] {logging_mixin.py:190} INFO - [2026-07-20T08:23:47.614+0000] {dag.py:4180} INFO - Setting next_dagrun for dataset_with_extra_from_classic_operator to 2026-07-19 00:00:00+00:00, run_after=2026-07-20 00:00:00+00:00
[2026-07-20T08:23:47.646+0000] {processor.py:208} INFO - Processing /home/airflow/.local/lib/python3.12/site-packages/airflow/example_dags/example_outlet_event_extra.py took 0.911 seconds
[2026-07-20T08:24:18.018+0000] {processor.py:186} INFO - Started process (PID=506) to work on /home/airflow/.local/lib/python3.12/site-packages/airflow/example_dags/example_outlet_event_extra.py
[2026-07-20T08:24:18.020+0000] {processor.py:914} INFO - Processing file /home/airflow/.local/lib/python3.12/site-packages/airflow/example_dags/example_outlet_event_extra.py for tasks to queue
[2026-07-20T08:24:18.024+0000] {logging_mixin.py:190} INFO - [2026-07-20T08:24:18.023+0000] {dagbag.py:588} INFO - Filling up the DagBag from /home/airflow/.local/lib/python3.12/site-packages/airflow/example_dags/example_outlet_event_extra.py
[2026-07-20T08:24:18.735+0000] {processor.py:925} INFO - DAG(s) 'dataset_with_extra_from_classic_operator', 'dataset_with_extra_by_context', 'dataset_with_extra_by_yield' retrieved from /home/airflow/.local/lib/python3.12/site-packages/airflow/example_dags/example_outlet_event_extra.py
[2026-07-20T08:24:18.763+0000] {logging_mixin.py:190} INFO - [2026-07-20T08:24:18.763+0000] {dag.py:3239} INFO - Sync 3 DAGs
[2026-07-20T08:24:18.795+0000] {logging_mixin.py:190} INFO - [2026-07-20T08:24:18.794+0000] {dag.py:4180} INFO - Setting next_dagrun for dataset_with_extra_by_context to 2026-07-19 00:00:00+00:00, run_after=2026-07-20 00:00:00+00:00
[2026-07-20T08:24:18.802+0000] {logging_mixin.py:190} INFO - [2026-07-20T08:24:18.802+0000] {dag.py:4180} INFO - Setting next_dagrun for dataset_with_extra_by_yield to 2026-07-19 00:00:00+00:00, run_after=2026-07-20 00:00:00+00:00
[2026-07-20T08:24:18.807+0000] {logging_mixin.py:190} INFO - [2026-07-20T08:24:18.807+0000] {dag.py:4180} INFO - Setting next_dagrun for dataset_with_extra_from_classic_operator to 2026-07-19 00:00:00+00:00, run_after=2026-07-20 00:00:00+00:00
[2026-07-20T08:24:18.836+0000] {processor.py:208} INFO - Processing /home/airflow/.local/lib/python3.12/site-packages/airflow/example_dags/example_outlet_event_extra.py took 0.826 seconds
[2026-07-20T08:24:49.294+0000] {processor.py:186} INFO - Started process (PID=569) to work on /home/airflow/.local/lib/python3.12/site-packages/airflow/example_dags/example_outlet_event_extra.py
[2026-07-20T08:24:49.295+0000] {processor.py:914} INFO - Processing file /home/airflow/.local/lib/python3.12/site-packages/airflow/example_dags/example_outlet_event_extra.py for tasks to queue
[2026-07-20T08:24:49.299+0000] {logging_mixin.py:190} INFO - [2026-07-20T08:24:49.298+0000] {dagbag.py:588} INFO - Filling up the DagBag from /home/airflow/.local/lib/python3.12/site-packages/airflow/example_dags/example_outlet_event_extra.py
[2026-07-20T08:24:49.871+0000] {processor.py:925} INFO - DAG(s) 'dataset_with_extra_by_context', 'dataset_with_extra_from_classic_operator', 'dataset_with_extra_by_yield' retrieved from /home/airflow/.local/lib/python3.12/site-packages/airflow/example_dags/example_outlet_event_extra.py
[2026-07-20T08:24:49.898+0000] {logging_mixin.py:190} INFO - [2026-07-20T08:24:49.897+0000] {dag.py:3239} INFO - Sync 3 DAGs
[2026-07-20T08:24:49.921+0000] {logging_mixin.py:190} INFO - [2026-07-20T08:24:49.921+0000] {dag.py:4180} INFO - Setting next_dagrun for dataset_with_extra_by_context to 2026-07-19 00:00:00+00:00, run_after=2026-07-20 00:00:00+00:00
[2026-07-20T08:24:49.928+0000] {logging_mixin.py:190} INFO - [2026-07-20T08:24:49.928+0000] {dag.py:4180} INFO - Setting next_dagrun for dataset_with_extra_by_yield to 2026-07-19 00:00:00+00:00, run_after=2026-07-20 00:00:00+00:00
[2026-07-20T08:24:49.932+0000] {logging_mixin.py:190} INFO - [2026-07-20T08:24:49.932+0000] {dag.py:4180} INFO - Setting next_dagrun for dataset_with_extra_from_classic_operator to 2026-07-19 00:00:00+00:00, run_after=2026-07-20 00:00:00+00:00
[2026-07-20T08:24:49.955+0000] {processor.py:208} INFO - Processing /home/airflow/.local/lib/python3.12/site-packages/airflow/example_dags/example_outlet_event_extra.py took 0.668 seconds
[2026-07-20T08:25:31.714+0000] {processor.py:186} INFO - Started process (PID=90) to work on /home/airflow/.local/lib/python3.12/site-packages/airflow/example_dags/example_outlet_event_extra.py
[2026-07-20T08:25:31.715+0000] {processor.py:914} INFO - Processing file /home/airflow/.local/lib/python3.12/site-packages/airflow/example_dags/example_outlet_event_extra.py for tasks to queue
[2026-07-20T08:25:31.719+0000] {logging_mixin.py:190} INFO - [2026-07-20T08:25:31.719+0000] {dagbag.py:588} INFO - Filling up the DagBag from /home/airflow/.local/lib/python3.12/site-packages/airflow/example_dags/example_outlet_event_extra.py
[2026-07-20T08:25:32.469+0000] {logging_mixin.py:190} INFO - [2026-07-20T08:25:32.469+0000] {process_utils.py:266} INFO - Waiting up to 5 seconds for processes to exit...
