[2026-07-20T08:21:09.675+0000] {processor.py:186} INFO - Started process (PID=120) to work on /home/airflow/.local/lib/python3.12/site-packages/airflow/example_dags/example_dataset_alias_with_no_taskflow.py
[2026-07-20T08:21:09.677+0000] {processor.py:914} INFO - Processing file /home/airflow/.local/lib/python3.12/site-packages/airflow/example_dags/example_dataset_alias_with_no_taskflow.py for tasks to queue
[2026-07-20T08:21:09.681+0000] {logging_mixin.py:190} INFO - [2026-07-20T08:21:09.680+0000] {dagbag.py:588} INFO - Filling up the DagBag from /home/airflow/.local/lib/python3.12/site-packages/airflow/example_dags/example_dataset_alias_with_no_taskflow.py
[2026-07-20T08:21:10.406+0000] {processor.py:925} INFO - DAG(s) 'dataset_s3_bucket_producer_with_no_taskflow', 'dataset_alias_example_alias_consumer_with_no_taskflow', 'dataset_s3_bucket_consumer_with_no_taskflow', 'dataset_alias_example_alias_producer_with_no_taskflow' retrieved from /home/airflow/.local/lib/python3.12/site-packages/airflow/example_dags/example_dataset_alias_with_no_taskflow.py
[2026-07-20T08:21:10.528+0000] {logging_mixin.py:190} INFO - [2026-07-20T08:21:10.525+0000] {override.py:1912} INFO - Created Permission View: can read on DAG:dataset_s3_bucket_producer_with_no_taskflow
[2026-07-20T08:21:10.557+0000] {logging_mixin.py:190} INFO - [2026-07-20T08:21:10.557+0000] {override.py:1912} INFO - Created Permission View: can delete on DAG:dataset_s3_bucket_producer_with_no_taskflow
[2026-07-20T08:21:10.574+0000] {logging_mixin.py:190} INFO - [2026-07-20T08:21:10.573+0000] {override.py:1912} INFO - Created Permission View: can edit on DAG:dataset_s3_bucket_producer_with_no_taskflow
[2026-07-20T08:21:10.594+0000] {logging_mixin.py:190} INFO - [2026-07-20T08:21:10.593+0000] {override.py:1912} INFO - Created Permission View: menu access on DAG Run:dataset_s3_bucket_producer_with_no_taskflow
[2026-07-20T08:21:10.612+0000] {logging_mixin.py:190} INFO - [2026-07-20T08:21:10.611+0000] {override.py:1912} INFO - Created Permission View: can read on DAG Run:dataset_s3_bucket_producer_with_no_taskflow
[2026-07-20T08:21:10.636+0000] {logging_mixin.py:190} INFO - [2026-07-20T08:21:10.635+0000] {override.py:1912} INFO - Created Permission View: can delete on DAG Run:dataset_s3_bucket_producer_with_no_taskflow
[2026-07-20T08:21:10.662+0000] {logging_mixin.py:190} INFO - [2026-07-20T08:21:10.660+0000] {override.py:1912} INFO - Created Permission View: can create on DAG Run:dataset_s3_bucket_producer_with_no_taskflow
[2026-07-20T08:21:10.697+0000] {logging_mixin.py:190} INFO - [2026-07-20T08:21:10.696+0000] {override.py:1912} INFO - Created Permission View: can read on DAG:dataset_alias_example_alias_consumer_with_no_taskflow
[2026-07-20T08:21:10.718+0000] {logging_mixin.py:190} INFO - [2026-07-20T08:21:10.717+0000] {override.py:1912} INFO - Created Permission View: can delete on DAG:dataset_alias_example_alias_consumer_with_no_taskflow
[2026-07-20T08:21:10.740+0000] {logging_mixin.py:190} INFO - [2026-07-20T08:21:10.740+0000] {override.py:1912} INFO - Created Permission View: can edit on DAG:dataset_alias_example_alias_consumer_with_no_taskflow
[2026-07-20T08:21:10.765+0000] {logging_mixin.py:190} INFO - [2026-07-20T08:21:10.764+0000] {override.py:1912} INFO - Created Permission View: menu access on DAG Run:dataset_alias_example_alias_consumer_with_no_taskflow
[2026-07-20T08:21:10.782+0000] {logging_mixin.py:190} INFO - [2026-07-20T08:21:10.782+0000] {override.py:1912} INFO - Created Permission View: can read on DAG Run:dataset_alias_example_alias_consumer_with_no_taskflow
[2026-07-20T08:21:10.802+0000] {logging_mixin.py:190} INFO - [2026-07-20T08:21:10.801+0000] {override.py:1912} INFO - Created Permission View: can delete on DAG Run:dataset_alias_example_alias_consumer_with_no_taskflow
[2026-07-20T08:21:10.821+0000] {logging_mixin.py:190} INFO - [2026-07-20T08:21:10.820+0000] {override.py:1912} INFO - Created Permission View: can create on DAG Run:dataset_alias_example_alias_consumer_with_no_taskflow
[2026-07-20T08:21:10.849+0000] {logging_mixin.py:190} INFO - [2026-07-20T08:21:10.849+0000] {override.py:1912} INFO - Created Permission View: can read on DAG:dataset_s3_bucket_consumer_with_no_taskflow
[2026-07-20T08:21:10.876+0000] {logging_mixin.py:190} INFO - [2026-07-20T08:21:10.876+0000] {override.py:1912} INFO - Created Permission View: can delete on DAG:dataset_s3_bucket_consumer_with_no_taskflow
[2026-07-20T08:21:10.889+0000] {logging_mixin.py:190} INFO - [2026-07-20T08:21:10.889+0000] {override.py:1912} INFO - Created Permission View: can edit on DAG:dataset_s3_bucket_consumer_with_no_taskflow
[2026-07-20T08:21:10.906+0000] {logging_mixin.py:190} INFO - [2026-07-20T08:21:10.905+0000] {override.py:1912} INFO - Created Permission View: menu access on DAG Run:dataset_s3_bucket_consumer_with_no_taskflow
[2026-07-20T08:21:10.919+0000] {logging_mixin.py:190} INFO - [2026-07-20T08:21:10.919+0000] {override.py:1912} INFO - Created Permission View: can read on DAG Run:dataset_s3_bucket_consumer_with_no_taskflow
[2026-07-20T08:21:10.931+0000] {logging_mixin.py:190} INFO - [2026-07-20T08:21:10.930+0000] {override.py:1912} INFO - Created Permission View: can delete on DAG Run:dataset_s3_bucket_consumer_with_no_taskflow
[2026-07-20T08:21:10.942+0000] {logging_mixin.py:190} INFO - [2026-07-20T08:21:10.941+0000] {override.py:1912} INFO - Created Permission View: can create on DAG Run:dataset_s3_bucket_consumer_with_no_taskflow
[2026-07-20T08:21:10.961+0000] {logging_mixin.py:190} INFO - [2026-07-20T08:21:10.960+0000] {override.py:1912} INFO - Created Permission View: can read on DAG:dataset_alias_example_alias_producer_with_no_taskflow
[2026-07-20T08:21:10.971+0000] {logging_mixin.py:190} INFO - [2026-07-20T08:21:10.970+0000] {override.py:1912} INFO - Created Permission View: can delete on DAG:dataset_alias_example_alias_producer_with_no_taskflow
[2026-07-20T08:21:10.981+0000] {logging_mixin.py:190} INFO - [2026-07-20T08:21:10.981+0000] {override.py:1912} INFO - Created Permission View: can edit on DAG:dataset_alias_example_alias_producer_with_no_taskflow
[2026-07-20T08:21:10.992+0000] {logging_mixin.py:190} INFO - [2026-07-20T08:21:10.992+0000] {override.py:1912} INFO - Created Permission View: menu access on DAG Run:dataset_alias_example_alias_producer_with_no_taskflow
[2026-07-20T08:21:11.003+0000] {logging_mixin.py:190} INFO - [2026-07-20T08:21:11.003+0000] {override.py:1912} INFO - Created Permission View: can read on DAG Run:dataset_alias_example_alias_producer_with_no_taskflow
[2026-07-20T08:21:11.015+0000] {logging_mixin.py:190} INFO - [2026-07-20T08:21:11.014+0000] {override.py:1912} INFO - Created Permission View: can delete on DAG Run:dataset_alias_example_alias_producer_with_no_taskflow
[2026-07-20T08:21:11.024+0000] {logging_mixin.py:190} INFO - [2026-07-20T08:21:11.024+0000] {override.py:1912} INFO - Created Permission View: can create on DAG Run:dataset_alias_example_alias_producer_with_no_taskflow
[2026-07-20T08:21:11.026+0000] {logging_mixin.py:190} INFO - [2026-07-20T08:21:11.025+0000] {dag.py:3239} INFO - Sync 4 DAGs
[2026-07-20T08:21:11.045+0000] {logging_mixin.py:190} INFO - [2026-07-20T08:21:11.045+0000] {dag.py:3262} INFO - Creating ORM DAG for dataset_s3_bucket_producer_with_no_taskflow
[2026-07-20T08:21:11.047+0000] {logging_mixin.py:190} INFO - [2026-07-20T08:21:11.047+0000] {dag.py:3262} INFO - Creating ORM DAG for dataset_alias_example_alias_producer_with_no_taskflow
[2026-07-20T08:21:11.049+0000] {logging_mixin.py:190} INFO - [2026-07-20T08:21:11.049+0000] {dag.py:3262} INFO - Creating ORM DAG for dataset_s3_bucket_consumer_with_no_taskflow
[2026-07-20T08:21:11.050+0000] {logging_mixin.py:190} INFO - [2026-07-20T08:21:11.050+0000] {dag.py:3262} INFO - Creating ORM DAG for dataset_alias_example_alias_consumer_with_no_taskflow
[2026-07-20T08:21:11.064+0000] {logging_mixin.py:190} INFO - [2026-07-20T08:21:11.063+0000] {dag.py:4180} INFO - Setting next_dagrun for dataset_alias_example_alias_consumer_with_no_taskflow to None, run_after=None
[2026-07-20T08:21:11.065+0000] {logging_mixin.py:190} INFO - [2026-07-20T08:21:11.065+0000] {dag.py:4180} INFO - Setting next_dagrun for dataset_alias_example_alias_producer_with_no_taskflow to None, run_after=None
[2026-07-20T08:21:11.067+0000] {logging_mixin.py:190} INFO - [2026-07-20T08:21:11.066+0000] {dag.py:4180} INFO - Setting next_dagrun for dataset_s3_bucket_consumer_with_no_taskflow to None, run_after=None
[2026-07-20T08:21:11.069+0000] {logging_mixin.py:190} INFO - [2026-07-20T08:21:11.068+0000] {dag.py:4180} INFO - Setting next_dagrun for dataset_s3_bucket_producer_with_no_taskflow to None, run_after=None
[2026-07-20T08:21:11.109+0000] {processor.py:208} INFO - Processing /home/airflow/.local/lib/python3.12/site-packages/airflow/example_dags/example_dataset_alias_with_no_taskflow.py took 1.441 seconds
[2026-07-20T08:21:41.173+0000] {processor.py:186} INFO - Started process (PID=184) to work on /home/airflow/.local/lib/python3.12/site-packages/airflow/example_dags/example_dataset_alias_with_no_taskflow.py
[2026-07-20T08:21:41.174+0000] {processor.py:914} INFO - Processing file /home/airflow/.local/lib/python3.12/site-packages/airflow/example_dags/example_dataset_alias_with_no_taskflow.py for tasks to queue
[2026-07-20T08:21:41.178+0000] {logging_mixin.py:190} INFO - [2026-07-20T08:21:41.177+0000] {dagbag.py:588} INFO - Filling up the DagBag from /home/airflow/.local/lib/python3.12/site-packages/airflow/example_dags/example_dataset_alias_with_no_taskflow.py
[2026-07-20T08:21:41.959+0000] {processor.py:925} INFO - DAG(s) 'dataset_alias_example_alias_producer_with_no_taskflow', 'dataset_s3_bucket_producer_with_no_taskflow', 'dataset_alias_example_alias_consumer_with_no_taskflow', 'dataset_s3_bucket_consumer_with_no_taskflow' retrieved from /home/airflow/.local/lib/python3.12/site-packages/airflow/example_dags/example_dataset_alias_with_no_taskflow.py
[2026-07-20T08:21:41.987+0000] {logging_mixin.py:190} INFO - [2026-07-20T08:21:41.986+0000] {dag.py:3239} INFO - Sync 4 DAGs
[2026-07-20T08:21:42.016+0000] {logging_mixin.py:190} INFO - [2026-07-20T08:21:42.016+0000] {dag.py:4180} INFO - Setting next_dagrun for dataset_alias_example_alias_consumer_with_no_taskflow to None, run_after=None
[2026-07-20T08:21:42.020+0000] {logging_mixin.py:190} INFO - [2026-07-20T08:21:42.020+0000] {dag.py:4180} INFO - Setting next_dagrun for dataset_alias_example_alias_producer_with_no_taskflow to None, run_after=None
[2026-07-20T08:21:42.022+0000] {logging_mixin.py:190} INFO - [2026-07-20T08:21:42.022+0000] {dag.py:4180} INFO - Setting next_dagrun for dataset_s3_bucket_consumer_with_no_taskflow to None, run_after=None
[2026-07-20T08:21:42.025+0000] {logging_mixin.py:190} INFO - [2026-07-20T08:21:42.024+0000] {dag.py:4180} INFO - Setting next_dagrun for dataset_s3_bucket_producer_with_no_taskflow to None, run_after=None
[2026-07-20T08:21:42.061+0000] {processor.py:208} INFO - Processing /home/airflow/.local/lib/python3.12/site-packages/airflow/example_dags/example_dataset_alias_with_no_taskflow.py took 0.898 seconds
[2026-07-20T08:22:12.694+0000] {processor.py:186} INFO - Started process (PID=247) to work on /home/airflow/.local/lib/python3.12/site-packages/airflow/example_dags/example_dataset_alias_with_no_taskflow.py
[2026-07-20T08:22:12.695+0000] {processor.py:914} INFO - Processing file /home/airflow/.local/lib/python3.12/site-packages/airflow/example_dags/example_dataset_alias_with_no_taskflow.py for tasks to queue
[2026-07-20T08:22:12.699+0000] {logging_mixin.py:190} INFO - [2026-07-20T08:22:12.699+0000] {dagbag.py:588} INFO - Filling up the DagBag from /home/airflow/.local/lib/python3.12/site-packages/airflow/example_dags/example_dataset_alias_with_no_taskflow.py
[2026-07-20T08:22:13.457+0000] {processor.py:925} INFO - DAG(s) 'dataset_s3_bucket_consumer_with_no_taskflow', 'dataset_alias_example_alias_producer_with_no_taskflow', 'dataset_s3_bucket_producer_with_no_taskflow', 'dataset_alias_example_alias_consumer_with_no_taskflow' retrieved from /home/airflow/.local/lib/python3.12/site-packages/airflow/example_dags/example_dataset_alias_with_no_taskflow.py
[2026-07-20T08:22:13.483+0000] {logging_mixin.py:190} INFO - [2026-07-20T08:22:13.482+0000] {dag.py:3239} INFO - Sync 4 DAGs
[2026-07-20T08:22:13.513+0000] {logging_mixin.py:190} INFO - [2026-07-20T08:22:13.513+0000] {dag.py:4180} INFO - Setting next_dagrun for dataset_alias_example_alias_consumer_with_no_taskflow to None, run_after=None
[2026-07-20T08:22:13.516+0000] {logging_mixin.py:190} INFO - [2026-07-20T08:22:13.516+0000] {dag.py:4180} INFO - Setting next_dagrun for dataset_alias_example_alias_producer_with_no_taskflow to None, run_after=None
[2026-07-20T08:22:13.519+0000] {logging_mixin.py:190} INFO - [2026-07-20T08:22:13.519+0000] {dag.py:4180} INFO - Setting next_dagrun for dataset_s3_bucket_consumer_with_no_taskflow to None, run_after=None
[2026-07-20T08:22:13.521+0000] {logging_mixin.py:190} INFO - [2026-07-20T08:22:13.521+0000] {dag.py:4180} INFO - Setting next_dagrun for dataset_s3_bucket_producer_with_no_taskflow to None, run_after=None
[2026-07-20T08:22:13.545+0000] {processor.py:208} INFO - Processing /home/airflow/.local/lib/python3.12/site-packages/airflow/example_dags/example_dataset_alias_with_no_taskflow.py took 0.859 seconds
[2026-07-20T08:22:44.292+0000] {processor.py:186} INFO - Started process (PID=315) to work on /home/airflow/.local/lib/python3.12/site-packages/airflow/example_dags/example_dataset_alias_with_no_taskflow.py
[2026-07-20T08:22:44.294+0000] {processor.py:914} INFO - Processing file /home/airflow/.local/lib/python3.12/site-packages/airflow/example_dags/example_dataset_alias_with_no_taskflow.py for tasks to queue
[2026-07-20T08:22:44.298+0000] {logging_mixin.py:190} INFO - [2026-07-20T08:22:44.298+0000] {dagbag.py:588} INFO - Filling up the DagBag from /home/airflow/.local/lib/python3.12/site-packages/airflow/example_dags/example_dataset_alias_with_no_taskflow.py
[2026-07-20T08:22:45.105+0000] {processor.py:925} INFO - DAG(s) 'dataset_alias_example_alias_producer_with_no_taskflow', 'dataset_alias_example_alias_consumer_with_no_taskflow', 'dataset_s3_bucket_producer_with_no_taskflow', 'dataset_s3_bucket_consumer_with_no_taskflow' retrieved from /home/airflow/.local/lib/python3.12/site-packages/airflow/example_dags/example_dataset_alias_with_no_taskflow.py
[2026-07-20T08:22:45.146+0000] {logging_mixin.py:190} INFO - [2026-07-20T08:22:45.145+0000] {dag.py:3239} INFO - Sync 4 DAGs
[2026-07-20T08:22:45.192+0000] {logging_mixin.py:190} INFO - [2026-07-20T08:22:45.191+0000] {dag.py:4180} INFO - Setting next_dagrun for dataset_alias_example_alias_consumer_with_no_taskflow to None, run_after=None
[2026-07-20T08:22:45.197+0000] {logging_mixin.py:190} INFO - [2026-07-20T08:22:45.197+0000] {dag.py:4180} INFO - Setting next_dagrun for dataset_alias_example_alias_producer_with_no_taskflow to None, run_after=None
[2026-07-20T08:22:45.201+0000] {logging_mixin.py:190} INFO - [2026-07-20T08:22:45.201+0000] {dag.py:4180} INFO - Setting next_dagrun for dataset_s3_bucket_consumer_with_no_taskflow to None, run_after=None
[2026-07-20T08:22:45.204+0000] {logging_mixin.py:190} INFO - [2026-07-20T08:22:45.203+0000] {dag.py:4180} INFO - Setting next_dagrun for dataset_s3_bucket_producer_with_no_taskflow to None, run_after=None
[2026-07-20T08:22:45.250+0000] {processor.py:208} INFO - Processing /home/airflow/.local/lib/python3.12/site-packages/airflow/example_dags/example_dataset_alias_with_no_taskflow.py took 0.968 seconds
[2026-07-20T08:23:15.669+0000] {processor.py:186} INFO - Started process (PID=381) to work on /home/airflow/.local/lib/python3.12/site-packages/airflow/example_dags/example_dataset_alias_with_no_taskflow.py
[2026-07-20T08:23:15.670+0000] {processor.py:914} INFO - Processing file /home/airflow/.local/lib/python3.12/site-packages/airflow/example_dags/example_dataset_alias_with_no_taskflow.py for tasks to queue
[2026-07-20T08:23:15.674+0000] {logging_mixin.py:190} INFO - [2026-07-20T08:23:15.673+0000] {dagbag.py:588} INFO - Filling up the DagBag from /home/airflow/.local/lib/python3.12/site-packages/airflow/example_dags/example_dataset_alias_with_no_taskflow.py
[2026-07-20T08:23:16.404+0000] {processor.py:925} INFO - DAG(s) 'dataset_alias_example_alias_producer_with_no_taskflow', 'dataset_s3_bucket_consumer_with_no_taskflow', 'dataset_s3_bucket_producer_with_no_taskflow', 'dataset_alias_example_alias_consumer_with_no_taskflow' retrieved from /home/airflow/.local/lib/python3.12/site-packages/airflow/example_dags/example_dataset_alias_with_no_taskflow.py
[2026-07-20T08:23:16.440+0000] {logging_mixin.py:190} INFO - [2026-07-20T08:23:16.439+0000] {dag.py:3239} INFO - Sync 4 DAGs
[2026-07-20T08:23:16.472+0000] {logging_mixin.py:190} INFO - [2026-07-20T08:23:16.472+0000] {dag.py:4180} INFO - Setting next_dagrun for dataset_alias_example_alias_consumer_with_no_taskflow to None, run_after=None
[2026-07-20T08:23:16.476+0000] {logging_mixin.py:190} INFO - [2026-07-20T08:23:16.476+0000] {dag.py:4180} INFO - Setting next_dagrun for dataset_alias_example_alias_producer_with_no_taskflow to None, run_after=None
[2026-07-20T08:23:16.478+0000] {logging_mixin.py:190} INFO - [2026-07-20T08:23:16.478+0000] {dag.py:4180} INFO - Setting next_dagrun for dataset_s3_bucket_consumer_with_no_taskflow to None, run_after=None
[2026-07-20T08:23:16.481+0000] {logging_mixin.py:190} INFO - [2026-07-20T08:23:16.480+0000] {dag.py:4180} INFO - Setting next_dagrun for dataset_s3_bucket_producer_with_no_taskflow to None, run_after=None
[2026-07-20T08:23:16.512+0000] {processor.py:208} INFO - Processing /home/airflow/.local/lib/python3.12/site-packages/airflow/example_dags/example_dataset_alias_with_no_taskflow.py took 0.850 seconds
[2026-07-20T08:23:46.750+0000] {processor.py:186} INFO - Started process (PID=444) to work on /home/airflow/.local/lib/python3.12/site-packages/airflow/example_dags/example_dataset_alias_with_no_taskflow.py
[2026-07-20T08:23:46.751+0000] {processor.py:914} INFO - Processing file /home/airflow/.local/lib/python3.12/site-packages/airflow/example_dags/example_dataset_alias_with_no_taskflow.py for tasks to queue
[2026-07-20T08:23:46.755+0000] {logging_mixin.py:190} INFO - [2026-07-20T08:23:46.754+0000] {dagbag.py:588} INFO - Filling up the DagBag from /home/airflow/.local/lib/python3.12/site-packages/airflow/example_dags/example_dataset_alias_with_no_taskflow.py
[2026-07-20T08:23:47.545+0000] {processor.py:925} INFO - DAG(s) 'dataset_alias_example_alias_producer_with_no_taskflow', 'dataset_s3_bucket_producer_with_no_taskflow', 'dataset_s3_bucket_consumer_with_no_taskflow', 'dataset_alias_example_alias_consumer_with_no_taskflow' retrieved from /home/airflow/.local/lib/python3.12/site-packages/airflow/example_dags/example_dataset_alias_with_no_taskflow.py
[2026-07-20T08:23:47.578+0000] {logging_mixin.py:190} INFO - [2026-07-20T08:23:47.577+0000] {dag.py:3239} INFO - Sync 4 DAGs
[2026-07-20T08:23:47.617+0000] {logging_mixin.py:190} INFO - [2026-07-20T08:23:47.616+0000] {dag.py:4180} INFO - Setting next_dagrun for dataset_alias_example_alias_consumer_with_no_taskflow to None, run_after=None
[2026-07-20T08:23:47.620+0000] {logging_mixin.py:190} INFO - [2026-07-20T08:23:47.620+0000] {dag.py:4180} INFO - Setting next_dagrun for dataset_alias_example_alias_producer_with_no_taskflow to None, run_after=None
[2026-07-20T08:23:47.623+0000] {logging_mixin.py:190} INFO - [2026-07-20T08:23:47.623+0000] {dag.py:4180} INFO - Setting next_dagrun for dataset_s3_bucket_consumer_with_no_taskflow to None, run_after=None
[2026-07-20T08:23:47.626+0000] {logging_mixin.py:190} INFO - [2026-07-20T08:23:47.625+0000] {dag.py:4180} INFO - Setting next_dagrun for dataset_s3_bucket_producer_with_no_taskflow to None, run_after=None
[2026-07-20T08:23:47.662+0000] {processor.py:208} INFO - Processing /home/airflow/.local/lib/python3.12/site-packages/airflow/example_dags/example_dataset_alias_with_no_taskflow.py took 0.923 seconds
[2026-07-20T08:24:18.019+0000] {processor.py:186} INFO - Started process (PID=507) to work on /home/airflow/.local/lib/python3.12/site-packages/airflow/example_dags/example_dataset_alias_with_no_taskflow.py
[2026-07-20T08:24:18.021+0000] {processor.py:914} INFO - Processing file /home/airflow/.local/lib/python3.12/site-packages/airflow/example_dags/example_dataset_alias_with_no_taskflow.py for tasks to queue
[2026-07-20T08:24:18.023+0000] {logging_mixin.py:190} INFO - [2026-07-20T08:24:18.023+0000] {dagbag.py:588} INFO - Filling up the DagBag from /home/airflow/.local/lib/python3.12/site-packages/airflow/example_dags/example_dataset_alias_with_no_taskflow.py
[2026-07-20T08:24:18.706+0000] {processor.py:925} INFO - DAG(s) 'dataset_alias_example_alias_consumer_with_no_taskflow', 'dataset_alias_example_alias_producer_with_no_taskflow', 'dataset_s3_bucket_producer_with_no_taskflow', 'dataset_s3_bucket_consumer_with_no_taskflow' retrieved from /home/airflow/.local/lib/python3.12/site-packages/airflow/example_dags/example_dataset_alias_with_no_taskflow.py
[2026-07-20T08:24:18.739+0000] {logging_mixin.py:190} INFO - [2026-07-20T08:24:18.738+0000] {dag.py:3239} INFO - Sync 4 DAGs
[2026-07-20T08:24:18.773+0000] {logging_mixin.py:190} INFO - [2026-07-20T08:24:18.773+0000] {dag.py:4180} INFO - Setting next_dagrun for dataset_alias_example_alias_consumer_with_no_taskflow to None, run_after=None
[2026-07-20T08:24:18.778+0000] {logging_mixin.py:190} INFO - [2026-07-20T08:24:18.778+0000] {dag.py:4180} INFO - Setting next_dagrun for dataset_alias_example_alias_producer_with_no_taskflow to None, run_after=None
[2026-07-20T08:24:18.781+0000] {logging_mixin.py:190} INFO - [2026-07-20T08:24:18.781+0000] {dag.py:4180} INFO - Setting next_dagrun for dataset_s3_bucket_consumer_with_no_taskflow to None, run_after=None
[2026-07-20T08:24:18.783+0000] {logging_mixin.py:190} INFO - [2026-07-20T08:24:18.783+0000] {dag.py:4180} INFO - Setting next_dagrun for dataset_s3_bucket_producer_with_no_taskflow to None, run_after=None
[2026-07-20T08:24:18.813+0000] {processor.py:208} INFO - Processing /home/airflow/.local/lib/python3.12/site-packages/airflow/example_dags/example_dataset_alias_with_no_taskflow.py took 0.802 seconds
[2026-07-20T08:24:49.301+0000] {processor.py:186} INFO - Started process (PID=570) to work on /home/airflow/.local/lib/python3.12/site-packages/airflow/example_dags/example_dataset_alias_with_no_taskflow.py
[2026-07-20T08:24:49.302+0000] {processor.py:914} INFO - Processing file /home/airflow/.local/lib/python3.12/site-packages/airflow/example_dags/example_dataset_alias_with_no_taskflow.py for tasks to queue
[2026-07-20T08:24:49.305+0000] {logging_mixin.py:190} INFO - [2026-07-20T08:24:49.304+0000] {dagbag.py:588} INFO - Filling up the DagBag from /home/airflow/.local/lib/python3.12/site-packages/airflow/example_dags/example_dataset_alias_with_no_taskflow.py
[2026-07-20T08:24:49.947+0000] {processor.py:925} INFO - DAG(s) 'dataset_s3_bucket_producer_with_no_taskflow', 'dataset_alias_example_alias_producer_with_no_taskflow', 'dataset_alias_example_alias_consumer_with_no_taskflow', 'dataset_s3_bucket_consumer_with_no_taskflow' retrieved from /home/airflow/.local/lib/python3.12/site-packages/airflow/example_dags/example_dataset_alias_with_no_taskflow.py
[2026-07-20T08:24:49.973+0000] {logging_mixin.py:190} INFO - [2026-07-20T08:24:49.972+0000] {dag.py:3239} INFO - Sync 4 DAGs
[2026-07-20T08:24:49.999+0000] {logging_mixin.py:190} INFO - [2026-07-20T08:24:49.999+0000] {dag.py:4180} INFO - Setting next_dagrun for dataset_alias_example_alias_consumer_with_no_taskflow to None, run_after=None
[2026-07-20T08:24:50.003+0000] {logging_mixin.py:190} INFO - [2026-07-20T08:24:50.003+0000] {dag.py:4180} INFO - Setting next_dagrun for dataset_alias_example_alias_producer_with_no_taskflow to None, run_after=None
[2026-07-20T08:24:50.005+0000] {logging_mixin.py:190} INFO - [2026-07-20T08:24:50.005+0000] {dag.py:4180} INFO - Setting next_dagrun for dataset_s3_bucket_consumer_with_no_taskflow to None, run_after=None
[2026-07-20T08:24:50.007+0000] {logging_mixin.py:190} INFO - [2026-07-20T08:24:50.007+0000] {dag.py:4180} INFO - Setting next_dagrun for dataset_s3_bucket_producer_with_no_taskflow to None, run_after=None
[2026-07-20T08:24:50.036+0000] {processor.py:208} INFO - Processing /home/airflow/.local/lib/python3.12/site-packages/airflow/example_dags/example_dataset_alias_with_no_taskflow.py took 0.742 seconds
