[2026-07-20T08:21:18.551+0000] {processor.py:186} INFO - Started process (PID=153) to work on /home/airflow/.local/lib/python3.12/site-packages/airflow/example_dags/example_params_ui_tutorial.py
[2026-07-20T08:21:18.553+0000] {processor.py:914} INFO - Processing file /home/airflow/.local/lib/python3.12/site-packages/airflow/example_dags/example_params_ui_tutorial.py for tasks to queue
[2026-07-20T08:21:18.557+0000] {logging_mixin.py:190} INFO - [2026-07-20T08:21:18.556+0000] {dagbag.py:588} INFO - Filling up the DagBag from /home/airflow/.local/lib/python3.12/site-packages/airflow/example_dags/example_params_ui_tutorial.py
[2026-07-20T08:21:18.576+0000] {processor.py:925} INFO - DAG(s) 'example_params_ui_tutorial' retrieved from /home/airflow/.local/lib/python3.12/site-packages/airflow/example_dags/example_params_ui_tutorial.py
[2026-07-20T08:21:18.782+0000] {logging_mixin.py:190} INFO - [2026-07-20T08:21:18.781+0000] {override.py:1912} INFO - Created Permission View: can read on DAG:example_params_ui_tutorial
[2026-07-20T08:21:18.799+0000] {logging_mixin.py:190} INFO - [2026-07-20T08:21:18.799+0000] {override.py:1912} INFO - Created Permission View: can delete on DAG:example_params_ui_tutorial
[2026-07-20T08:21:18.811+0000] {logging_mixin.py:190} INFO - [2026-07-20T08:21:18.810+0000] {override.py:1912} INFO - Created Permission View: can edit on DAG:example_params_ui_tutorial
[2026-07-20T08:21:18.826+0000] {logging_mixin.py:190} INFO - [2026-07-20T08:21:18.826+0000] {override.py:1912} INFO - Created Permission View: menu access on DAG Run:example_params_ui_tutorial
[2026-07-20T08:21:18.836+0000] {logging_mixin.py:190} INFO - [2026-07-20T08:21:18.836+0000] {override.py:1912} INFO - Created Permission View: can read on DAG Run:example_params_ui_tutorial
[2026-07-20T08:21:18.846+0000] {logging_mixin.py:190} INFO - [2026-07-20T08:21:18.845+0000] {override.py:1912} INFO - Created Permission View: can delete on DAG Run:example_params_ui_tutorial
[2026-07-20T08:21:18.856+0000] {logging_mixin.py:190} INFO - [2026-07-20T08:21:18.856+0000] {override.py:1912} INFO - Created Permission View: can create on DAG Run:example_params_ui_tutorial
[2026-07-20T08:21:18.857+0000] {logging_mixin.py:190} INFO - [2026-07-20T08:21:18.857+0000] {dag.py:3239} INFO - Sync 1 DAGs
[2026-07-20T08:21:18.874+0000] {logging_mixin.py:190} INFO - [2026-07-20T08:21:18.873+0000] {dag.py:3262} INFO - Creating ORM DAG for example_params_ui_tutorial
[2026-07-20T08:21:18.876+0000] {logging_mixin.py:190} INFO - [2026-07-20T08:21:18.875+0000] {dag.py:4180} INFO - Setting next_dagrun for example_params_ui_tutorial to None, run_after=None
[2026-07-20T08:21:18.900+0000] {processor.py:208} INFO - Processing /home/airflow/.local/lib/python3.12/site-packages/airflow/example_dags/example_params_ui_tutorial.py took 0.358 seconds
[2026-07-20T08:21:49.238+0000] {processor.py:186} INFO - Started process (PID=215) to work on /home/airflow/.local/lib/python3.12/site-packages/airflow/example_dags/example_params_ui_tutorial.py
[2026-07-20T08:21:49.240+0000] {processor.py:914} INFO - Processing file /home/airflow/.local/lib/python3.12/site-packages/airflow/example_dags/example_params_ui_tutorial.py for tasks to queue
[2026-07-20T08:21:49.244+0000] {logging_mixin.py:190} INFO - [2026-07-20T08:21:49.243+0000] {dagbag.py:588} INFO - Filling up the DagBag from /home/airflow/.local/lib/python3.12/site-packages/airflow/example_dags/example_params_ui_tutorial.py
[2026-07-20T08:21:49.257+0000] {processor.py:925} INFO - DAG(s) 'example_params_ui_tutorial' retrieved from /home/airflow/.local/lib/python3.12/site-packages/airflow/example_dags/example_params_ui_tutorial.py
[2026-07-20T08:21:49.323+0000] {logging_mixin.py:190} INFO - [2026-07-20T08:21:49.323+0000] {dag.py:3239} INFO - Sync 1 DAGs
[2026-07-20T08:21:49.341+0000] {logging_mixin.py:190} INFO - [2026-07-20T08:21:49.341+0000] {dag.py:4180} INFO - Setting next_dagrun for example_params_ui_tutorial to None, run_after=None
[2026-07-20T08:21:49.363+0000] {processor.py:208} INFO - Processing /home/airflow/.local/lib/python3.12/site-packages/airflow/example_dags/example_params_ui_tutorial.py took 0.132 seconds
[2026-07-20T08:22:20.125+0000] {processor.py:186} INFO - Started process (PID=278) to work on /home/airflow/.local/lib/python3.12/site-packages/airflow/example_dags/example_params_ui_tutorial.py
[2026-07-20T08:22:20.126+0000] {processor.py:914} INFO - Processing file /home/airflow/.local/lib/python3.12/site-packages/airflow/example_dags/example_params_ui_tutorial.py for tasks to queue
[2026-07-20T08:22:20.130+0000] {logging_mixin.py:190} INFO - [2026-07-20T08:22:20.129+0000] {dagbag.py:588} INFO - Filling up the DagBag from /home/airflow/.local/lib/python3.12/site-packages/airflow/example_dags/example_params_ui_tutorial.py
[2026-07-20T08:22:20.145+0000] {processor.py:925} INFO - DAG(s) 'example_params_ui_tutorial' retrieved from /home/airflow/.local/lib/python3.12/site-packages/airflow/example_dags/example_params_ui_tutorial.py
[2026-07-20T08:22:20.201+0000] {logging_mixin.py:190} INFO - [2026-07-20T08:22:20.201+0000] {dag.py:3239} INFO - Sync 1 DAGs
[2026-07-20T08:22:20.225+0000] {logging_mixin.py:190} INFO - [2026-07-20T08:22:20.225+0000] {dag.py:4180} INFO - Setting next_dagrun for example_params_ui_tutorial to None, run_after=None
[2026-07-20T08:22:20.252+0000] {processor.py:208} INFO - Processing /home/airflow/.local/lib/python3.12/site-packages/airflow/example_dags/example_params_ui_tutorial.py took 0.136 seconds
[2026-07-20T08:22:50.339+0000] {processor.py:186} INFO - Started process (PID=341) to work on /home/airflow/.local/lib/python3.12/site-packages/airflow/example_dags/example_params_ui_tutorial.py
[2026-07-20T08:22:50.340+0000] {processor.py:914} INFO - Processing file /home/airflow/.local/lib/python3.12/site-packages/airflow/example_dags/example_params_ui_tutorial.py for tasks to queue
[2026-07-20T08:22:50.344+0000] {logging_mixin.py:190} INFO - [2026-07-20T08:22:50.344+0000] {dagbag.py:588} INFO - Filling up the DagBag from /home/airflow/.local/lib/python3.12/site-packages/airflow/example_dags/example_params_ui_tutorial.py
[2026-07-20T08:22:50.359+0000] {processor.py:925} INFO - DAG(s) 'example_params_ui_tutorial' retrieved from /home/airflow/.local/lib/python3.12/site-packages/airflow/example_dags/example_params_ui_tutorial.py
[2026-07-20T08:22:50.417+0000] {logging_mixin.py:190} INFO - [2026-07-20T08:22:50.417+0000] {dag.py:3239} INFO - Sync 1 DAGs
[2026-07-20T08:22:50.441+0000] {logging_mixin.py:190} INFO - [2026-07-20T08:22:50.440+0000] {dag.py:4180} INFO - Setting next_dagrun for example_params_ui_tutorial to None, run_after=None
[2026-07-20T08:22:50.466+0000] {processor.py:208} INFO - Processing /home/airflow/.local/lib/python3.12/site-packages/airflow/example_dags/example_params_ui_tutorial.py took 0.135 seconds
[2026-07-20T08:23:20.839+0000] {processor.py:186} INFO - Started process (PID=404) to work on /home/airflow/.local/lib/python3.12/site-packages/airflow/example_dags/example_params_ui_tutorial.py
[2026-07-20T08:23:20.841+0000] {processor.py:914} INFO - Processing file /home/airflow/.local/lib/python3.12/site-packages/airflow/example_dags/example_params_ui_tutorial.py for tasks to queue
[2026-07-20T08:23:20.845+0000] {logging_mixin.py:190} INFO - [2026-07-20T08:23:20.845+0000] {dagbag.py:588} INFO - Filling up the DagBag from /home/airflow/.local/lib/python3.12/site-packages/airflow/example_dags/example_params_ui_tutorial.py
[2026-07-20T08:23:20.860+0000] {processor.py:925} INFO - DAG(s) 'example_params_ui_tutorial' retrieved from /home/airflow/.local/lib/python3.12/site-packages/airflow/example_dags/example_params_ui_tutorial.py
[2026-07-20T08:23:20.921+0000] {logging_mixin.py:190} INFO - [2026-07-20T08:23:20.920+0000] {dag.py:3239} INFO - Sync 1 DAGs
[2026-07-20T08:23:20.939+0000] {logging_mixin.py:190} INFO - [2026-07-20T08:23:20.939+0000] {dag.py:4180} INFO - Setting next_dagrun for example_params_ui_tutorial to None, run_after=None
[2026-07-20T08:23:20.962+0000] {processor.py:208} INFO - Processing /home/airflow/.local/lib/python3.12/site-packages/airflow/example_dags/example_params_ui_tutorial.py took 0.130 seconds
[2026-07-20T08:23:51.480+0000] {processor.py:186} INFO - Started process (PID=466) to work on /home/airflow/.local/lib/python3.12/site-packages/airflow/example_dags/example_params_ui_tutorial.py
[2026-07-20T08:23:51.482+0000] {processor.py:914} INFO - Processing file /home/airflow/.local/lib/python3.12/site-packages/airflow/example_dags/example_params_ui_tutorial.py for tasks to queue
[2026-07-20T08:23:51.484+0000] {logging_mixin.py:190} INFO - [2026-07-20T08:23:51.484+0000] {dagbag.py:588} INFO - Filling up the DagBag from /home/airflow/.local/lib/python3.12/site-packages/airflow/example_dags/example_params_ui_tutorial.py
[2026-07-20T08:23:51.495+0000] {processor.py:925} INFO - DAG(s) 'example_params_ui_tutorial' retrieved from /home/airflow/.local/lib/python3.12/site-packages/airflow/example_dags/example_params_ui_tutorial.py
[2026-07-20T08:23:51.547+0000] {logging_mixin.py:190} INFO - [2026-07-20T08:23:51.547+0000] {dag.py:3239} INFO - Sync 1 DAGs
[2026-07-20T08:23:51.566+0000] {logging_mixin.py:190} INFO - [2026-07-20T08:23:51.566+0000] {dag.py:4180} INFO - Setting next_dagrun for example_params_ui_tutorial to None, run_after=None
[2026-07-20T08:23:51.592+0000] {processor.py:208} INFO - Processing /home/airflow/.local/lib/python3.12/site-packages/airflow/example_dags/example_params_ui_tutorial.py took 0.118 seconds
[2026-07-20T08:24:22.288+0000] {processor.py:186} INFO - Started process (PID=529) to work on /home/airflow/.local/lib/python3.12/site-packages/airflow/example_dags/example_params_ui_tutorial.py
[2026-07-20T08:24:22.289+0000] {processor.py:914} INFO - Processing file /home/airflow/.local/lib/python3.12/site-packages/airflow/example_dags/example_params_ui_tutorial.py for tasks to queue
[2026-07-20T08:24:22.292+0000] {logging_mixin.py:190} INFO - [2026-07-20T08:24:22.292+0000] {dagbag.py:588} INFO - Filling up the DagBag from /home/airflow/.local/lib/python3.12/site-packages/airflow/example_dags/example_params_ui_tutorial.py
[2026-07-20T08:24:22.306+0000] {processor.py:925} INFO - DAG(s) 'example_params_ui_tutorial' retrieved from /home/airflow/.local/lib/python3.12/site-packages/airflow/example_dags/example_params_ui_tutorial.py
[2026-07-20T08:24:22.370+0000] {logging_mixin.py:190} INFO - [2026-07-20T08:24:22.370+0000] {dag.py:3239} INFO - Sync 1 DAGs
[2026-07-20T08:24:22.393+0000] {logging_mixin.py:190} INFO - [2026-07-20T08:24:22.392+0000] {dag.py:4180} INFO - Setting next_dagrun for example_params_ui_tutorial to None, run_after=None
[2026-07-20T08:24:22.422+0000] {processor.py:208} INFO - Processing /home/airflow/.local/lib/python3.12/site-packages/airflow/example_dags/example_params_ui_tutorial.py took 0.141 seconds
