[2026-07-20T08:21:17.435+0000] {processor.py:186} INFO - Started process (PID=150) to work on /home/airflow/.local/lib/python3.12/site-packages/airflow/example_dags/example_datasets.py
[2026-07-20T08:21:17.436+0000] {processor.py:914} INFO - Processing file /home/airflow/.local/lib/python3.12/site-packages/airflow/example_dags/example_datasets.py for tasks to queue
[2026-07-20T08:21:17.440+0000] {logging_mixin.py:190} INFO - [2026-07-20T08:21:17.440+0000] {dagbag.py:588} INFO - Filling up the DagBag from /home/airflow/.local/lib/python3.12/site-packages/airflow/example_dags/example_datasets.py
[2026-07-20T08:21:18.283+0000] {processor.py:925} INFO - DAG(s) 'consume_1_or_2_with_dataset_expressions', 'dataset_produces_1', 'dataset_consumes_1', 'dataset_consumes_1_and_2', 'dataset_produces_2', 'consume_1_and_2_with_dataset_expressions', 'consume_1_or_both_2_and_3_with_dataset_expressions', 'conditional_dataset_and_time_based_timetable', 'dataset_consumes_unknown_never_scheduled', 'dataset_consumes_1_never_scheduled' retrieved from /home/airflow/.local/lib/python3.12/site-packages/airflow/example_dags/example_datasets.py
[2026-07-20T08:21:18.439+0000] {logging_mixin.py:190} INFO - [2026-07-20T08:21:18.438+0000] {override.py:1912} INFO - Created Permission View: can read on DAG:consume_1_or_2_with_dataset_expressions
[2026-07-20T08:21:18.453+0000] {logging_mixin.py:190} INFO - [2026-07-20T08:21:18.453+0000] {override.py:1912} INFO - Created Permission View: can delete on DAG:consume_1_or_2_with_dataset_expressions
[2026-07-20T08:21:18.464+0000] {logging_mixin.py:190} INFO - [2026-07-20T08:21:18.464+0000] {override.py:1912} INFO - Created Permission View: can edit on DAG:consume_1_or_2_with_dataset_expressions
[2026-07-20T08:21:18.475+0000] {logging_mixin.py:190} INFO - [2026-07-20T08:21:18.475+0000] {override.py:1912} INFO - Created Permission View: menu access on DAG Run:consume_1_or_2_with_dataset_expressions
[2026-07-20T08:21:18.484+0000] {logging_mixin.py:190} INFO - [2026-07-20T08:21:18.484+0000] {override.py:1912} INFO - Created Permission View: can read on DAG Run:consume_1_or_2_with_dataset_expressions
[2026-07-20T08:21:18.495+0000] {logging_mixin.py:190} INFO - [2026-07-20T08:21:18.494+0000] {override.py:1912} INFO - Created Permission View: can delete on DAG Run:consume_1_or_2_with_dataset_expressions
[2026-07-20T08:21:18.505+0000] {logging_mixin.py:190} INFO - [2026-07-20T08:21:18.504+0000] {override.py:1912} INFO - Created Permission View: can create on DAG Run:consume_1_or_2_with_dataset_expressions
[2026-07-20T08:21:18.523+0000] {logging_mixin.py:190} INFO - [2026-07-20T08:21:18.523+0000] {override.py:1912} INFO - Created Permission View: can read on DAG:dataset_produces_1
[2026-07-20T08:21:18.536+0000] {logging_mixin.py:190} INFO - [2026-07-20T08:21:18.535+0000] {override.py:1912} INFO - Created Permission View: can delete on DAG:dataset_produces_1
[2026-07-20T08:21:18.547+0000] {logging_mixin.py:190} INFO - [2026-07-20T08:21:18.546+0000] {override.py:1912} INFO - Created Permission View: can edit on DAG:dataset_produces_1
[2026-07-20T08:21:18.558+0000] {logging_mixin.py:190} INFO - [2026-07-20T08:21:18.557+0000] {override.py:1912} INFO - Created Permission View: menu access on DAG Run:dataset_produces_1
[2026-07-20T08:21:18.567+0000] {logging_mixin.py:190} INFO - [2026-07-20T08:21:18.567+0000] {override.py:1912} INFO - Created Permission View: can read on DAG Run:dataset_produces_1
[2026-07-20T08:21:18.579+0000] {logging_mixin.py:190} INFO - [2026-07-20T08:21:18.579+0000] {override.py:1912} INFO - Created Permission View: can delete on DAG Run:dataset_produces_1
[2026-07-20T08:21:18.595+0000] {logging_mixin.py:190} INFO - [2026-07-20T08:21:18.594+0000] {override.py:1912} INFO - Created Permission View: can create on DAG Run:dataset_produces_1
[2026-07-20T08:21:18.614+0000] {logging_mixin.py:190} INFO - [2026-07-20T08:21:18.613+0000] {override.py:1912} INFO - Created Permission View: can read on DAG:dataset_consumes_1
[2026-07-20T08:21:18.624+0000] {logging_mixin.py:190} INFO - [2026-07-20T08:21:18.624+0000] {override.py:1912} INFO - Created Permission View: can delete on DAG:dataset_consumes_1
[2026-07-20T08:21:18.633+0000] {logging_mixin.py:190} INFO - [2026-07-20T08:21:18.633+0000] {override.py:1912} INFO - Created Permission View: can edit on DAG:dataset_consumes_1
[2026-07-20T08:21:18.644+0000] {logging_mixin.py:190} INFO - [2026-07-20T08:21:18.643+0000] {override.py:1912} INFO - Created Permission View: menu access on DAG Run:dataset_consumes_1
[2026-07-20T08:21:18.653+0000] {logging_mixin.py:190} INFO - [2026-07-20T08:21:18.653+0000] {override.py:1912} INFO - Created Permission View: can read on DAG Run:dataset_consumes_1
[2026-07-20T08:21:18.664+0000] {logging_mixin.py:190} INFO - [2026-07-20T08:21:18.663+0000] {override.py:1912} INFO - Created Permission View: can delete on DAG Run:dataset_consumes_1
[2026-07-20T08:21:18.674+0000] {logging_mixin.py:190} INFO - [2026-07-20T08:21:18.673+0000] {override.py:1912} INFO - Created Permission View: can create on DAG Run:dataset_consumes_1
[2026-07-20T08:21:18.690+0000] {logging_mixin.py:190} INFO - [2026-07-20T08:21:18.689+0000] {override.py:1912} INFO - Created Permission View: can read on DAG:dataset_consumes_1_and_2
[2026-07-20T08:21:18.701+0000] {logging_mixin.py:190} INFO - [2026-07-20T08:21:18.701+0000] {override.py:1912} INFO - Created Permission View: can delete on DAG:dataset_consumes_1_and_2
[2026-07-20T08:21:18.711+0000] {logging_mixin.py:190} INFO - [2026-07-20T08:21:18.711+0000] {override.py:1912} INFO - Created Permission View: can edit on DAG:dataset_consumes_1_and_2
[2026-07-20T08:21:18.723+0000] {logging_mixin.py:190} INFO - [2026-07-20T08:21:18.723+0000] {override.py:1912} INFO - Created Permission View: menu access on DAG Run:dataset_consumes_1_and_2
[2026-07-20T08:21:18.734+0000] {logging_mixin.py:190} INFO - [2026-07-20T08:21:18.734+0000] {override.py:1912} INFO - Created Permission View: can read on DAG Run:dataset_consumes_1_and_2
[2026-07-20T08:21:18.752+0000] {logging_mixin.py:190} INFO - [2026-07-20T08:21:18.751+0000] {override.py:1912} INFO - Created Permission View: can delete on DAG Run:dataset_consumes_1_and_2
[2026-07-20T08:21:18.771+0000] {logging_mixin.py:190} INFO - [2026-07-20T08:21:18.770+0000] {override.py:1912} INFO - Created Permission View: can create on DAG Run:dataset_consumes_1_and_2
[2026-07-20T08:21:18.796+0000] {logging_mixin.py:190} INFO - [2026-07-20T08:21:18.796+0000] {override.py:1912} INFO - Created Permission View: can read on DAG:dataset_produces_2
[2026-07-20T08:21:18.807+0000] {logging_mixin.py:190} INFO - [2026-07-20T08:21:18.807+0000] {override.py:1912} INFO - Created Permission View: can delete on DAG:dataset_produces_2
[2026-07-20T08:21:18.822+0000] {logging_mixin.py:190} INFO - [2026-07-20T08:21:18.821+0000] {override.py:1912} INFO - Created Permission View: can edit on DAG:dataset_produces_2
[2026-07-20T08:21:18.835+0000] {logging_mixin.py:190} INFO - [2026-07-20T08:21:18.834+0000] {override.py:1912} INFO - Created Permission View: menu access on DAG Run:dataset_produces_2
[2026-07-20T08:21:18.847+0000] {logging_mixin.py:190} INFO - [2026-07-20T08:21:18.847+0000] {override.py:1912} INFO - Created Permission View: can read on DAG Run:dataset_produces_2
[2026-07-20T08:21:18.857+0000] {logging_mixin.py:190} INFO - [2026-07-20T08:21:18.857+0000] {override.py:1912} INFO - Created Permission View: can delete on DAG Run:dataset_produces_2
[2026-07-20T08:21:18.867+0000] {logging_mixin.py:190} INFO - [2026-07-20T08:21:18.867+0000] {override.py:1912} INFO - Created Permission View: can create on DAG Run:dataset_produces_2
[2026-07-20T08:21:18.887+0000] {logging_mixin.py:190} INFO - [2026-07-20T08:21:18.887+0000] {override.py:1912} INFO - Created Permission View: can read on DAG:consume_1_and_2_with_dataset_expressions
[2026-07-20T08:21:18.898+0000] {logging_mixin.py:190} INFO - [2026-07-20T08:21:18.898+0000] {override.py:1912} INFO - Created Permission View: can delete on DAG:consume_1_and_2_with_dataset_expressions
[2026-07-20T08:21:18.911+0000] {logging_mixin.py:190} INFO - [2026-07-20T08:21:18.911+0000] {override.py:1912} INFO - Created Permission View: can edit on DAG:consume_1_and_2_with_dataset_expressions
[2026-07-20T08:21:18.927+0000] {logging_mixin.py:190} INFO - [2026-07-20T08:21:18.927+0000] {override.py:1912} INFO - Created Permission View: menu access on DAG Run:consume_1_and_2_with_dataset_expressions
[2026-07-20T08:21:18.939+0000] {logging_mixin.py:190} INFO - [2026-07-20T08:21:18.939+0000] {override.py:1912} INFO - Created Permission View: can read on DAG Run:consume_1_and_2_with_dataset_expressions
[2026-07-20T08:21:18.951+0000] {logging_mixin.py:190} INFO - [2026-07-20T08:21:18.950+0000] {override.py:1912} INFO - Created Permission View: can delete on DAG Run:consume_1_and_2_with_dataset_expressions
[2026-07-20T08:21:18.963+0000] {logging_mixin.py:190} INFO - [2026-07-20T08:21:18.963+0000] {override.py:1912} INFO - Created Permission View: can create on DAG Run:consume_1_and_2_with_dataset_expressions
[2026-07-20T08:21:18.984+0000] {logging_mixin.py:190} INFO - [2026-07-20T08:21:18.984+0000] {override.py:1912} INFO - Created Permission View: can read on DAG:consume_1_or_both_2_and_3_with_dataset_expressions
[2026-07-20T08:21:18.996+0000] {logging_mixin.py:190} INFO - [2026-07-20T08:21:18.996+0000] {override.py:1912} INFO - Created Permission View: can delete on DAG:consume_1_or_both_2_and_3_with_dataset_expressions
[2026-07-20T08:21:19.009+0000] {logging_mixin.py:190} INFO - [2026-07-20T08:21:19.009+0000] {override.py:1912} INFO - Created Permission View: can edit on DAG:consume_1_or_both_2_and_3_with_dataset_expressions
[2026-07-20T08:21:19.025+0000] {logging_mixin.py:190} INFO - [2026-07-20T08:21:19.024+0000] {override.py:1912} INFO - Created Permission View: menu access on DAG Run:consume_1_or_both_2_and_3_with_dataset_expressions
[2026-07-20T08:21:19.036+0000] {logging_mixin.py:190} INFO - [2026-07-20T08:21:19.036+0000] {override.py:1912} INFO - Created Permission View: can read on DAG Run:consume_1_or_both_2_and_3_with_dataset_expressions
[2026-07-20T08:21:19.048+0000] {logging_mixin.py:190} INFO - [2026-07-20T08:21:19.047+0000] {override.py:1912} INFO - Created Permission View: can delete on DAG Run:consume_1_or_both_2_and_3_with_dataset_expressions
[2026-07-20T08:21:19.059+0000] {logging_mixin.py:190} INFO - [2026-07-20T08:21:19.059+0000] {override.py:1912} INFO - Created Permission View: can create on DAG Run:consume_1_or_both_2_and_3_with_dataset_expressions
[2026-07-20T08:21:19.081+0000] {logging_mixin.py:190} INFO - [2026-07-20T08:21:19.081+0000] {override.py:1912} INFO - Created Permission View: can read on DAG:conditional_dataset_and_time_based_timetable
[2026-07-20T08:21:19.093+0000] {logging_mixin.py:190} INFO - [2026-07-20T08:21:19.093+0000] {override.py:1912} INFO - Created Permission View: can delete on DAG:conditional_dataset_and_time_based_timetable
[2026-07-20T08:21:19.104+0000] {logging_mixin.py:190} INFO - [2026-07-20T08:21:19.103+0000] {override.py:1912} INFO - Created Permission View: can edit on DAG:conditional_dataset_and_time_based_timetable
[2026-07-20T08:21:19.115+0000] {logging_mixin.py:190} INFO - [2026-07-20T08:21:19.115+0000] {override.py:1912} INFO - Created Permission View: menu access on DAG Run:conditional_dataset_and_time_based_timetable
[2026-07-20T08:21:19.125+0000] {logging_mixin.py:190} INFO - [2026-07-20T08:21:19.124+0000] {override.py:1912} INFO - Created Permission View: can read on DAG Run:conditional_dataset_and_time_based_timetable
[2026-07-20T08:21:19.135+0000] {logging_mixin.py:190} INFO - [2026-07-20T08:21:19.135+0000] {override.py:1912} INFO - Created Permission View: can delete on DAG Run:conditional_dataset_and_time_based_timetable
[2026-07-20T08:21:19.147+0000] {logging_mixin.py:190} INFO - [2026-07-20T08:21:19.146+0000] {override.py:1912} INFO - Created Permission View: can create on DAG Run:conditional_dataset_and_time_based_timetable
[2026-07-20T08:21:19.166+0000] {logging_mixin.py:190} INFO - [2026-07-20T08:21:19.166+0000] {override.py:1912} INFO - Created Permission View: can read on DAG:dataset_consumes_unknown_never_scheduled
[2026-07-20T08:21:19.176+0000] {logging_mixin.py:190} INFO - [2026-07-20T08:21:19.176+0000] {override.py:1912} INFO - Created Permission View: can delete on DAG:dataset_consumes_unknown_never_scheduled
[2026-07-20T08:21:19.188+0000] {logging_mixin.py:190} INFO - [2026-07-20T08:21:19.188+0000] {override.py:1912} INFO - Created Permission View: can edit on DAG:dataset_consumes_unknown_never_scheduled
[2026-07-20T08:21:19.202+0000] {logging_mixin.py:190} INFO - [2026-07-20T08:21:19.201+0000] {override.py:1912} INFO - Created Permission View: menu access on DAG Run:dataset_consumes_unknown_never_scheduled
[2026-07-20T08:21:19.213+0000] {logging_mixin.py:190} INFO - [2026-07-20T08:21:19.213+0000] {override.py:1912} INFO - Created Permission View: can read on DAG Run:dataset_consumes_unknown_never_scheduled
[2026-07-20T08:21:19.225+0000] {logging_mixin.py:190} INFO - [2026-07-20T08:21:19.224+0000] {override.py:1912} INFO - Created Permission View: can delete on DAG Run:dataset_consumes_unknown_never_scheduled
[2026-07-20T08:21:19.236+0000] {logging_mixin.py:190} INFO - [2026-07-20T08:21:19.235+0000] {override.py:1912} INFO - Created Permission View: can create on DAG Run:dataset_consumes_unknown_never_scheduled
[2026-07-20T08:21:19.255+0000] {logging_mixin.py:190} INFO - [2026-07-20T08:21:19.255+0000] {override.py:1912} INFO - Created Permission View: can read on DAG:dataset_consumes_1_never_scheduled
[2026-07-20T08:21:19.267+0000] {logging_mixin.py:190} INFO - [2026-07-20T08:21:19.266+0000] {override.py:1912} INFO - Created Permission View: can delete on DAG:dataset_consumes_1_never_scheduled
[2026-07-20T08:21:19.277+0000] {logging_mixin.py:190} INFO - [2026-07-20T08:21:19.277+0000] {override.py:1912} INFO - Created Permission View: can edit on DAG:dataset_consumes_1_never_scheduled
[2026-07-20T08:21:19.289+0000] {logging_mixin.py:190} INFO - [2026-07-20T08:21:19.289+0000] {override.py:1912} INFO - Created Permission View: menu access on DAG Run:dataset_consumes_1_never_scheduled
[2026-07-20T08:21:19.300+0000] {logging_mixin.py:190} INFO - [2026-07-20T08:21:19.299+0000] {override.py:1912} INFO - Created Permission View: can read on DAG Run:dataset_consumes_1_never_scheduled
[2026-07-20T08:21:19.310+0000] {logging_mixin.py:190} INFO - [2026-07-20T08:21:19.310+0000] {override.py:1912} INFO - Created Permission View: can delete on DAG Run:dataset_consumes_1_never_scheduled
[2026-07-20T08:21:19.320+0000] {logging_mixin.py:190} INFO - [2026-07-20T08:21:19.320+0000] {override.py:1912} INFO - Created Permission View: can create on DAG Run:dataset_consumes_1_never_scheduled
[2026-07-20T08:21:19.321+0000] {logging_mixin.py:190} INFO - [2026-07-20T08:21:19.321+0000] {dag.py:3239} INFO - Sync 10 DAGs
[2026-07-20T08:21:19.341+0000] {logging_mixin.py:190} INFO - [2026-07-20T08:21:19.341+0000] {dag.py:3262} INFO - Creating ORM DAG for consume_1_and_2_with_dataset_expressions
[2026-07-20T08:21:19.343+0000] {logging_mixin.py:190} INFO - [2026-07-20T08:21:19.342+0000] {dag.py:3262} INFO - Creating ORM DAG for conditional_dataset_and_time_based_timetable
[2026-07-20T08:21:19.344+0000] {logging_mixin.py:190} INFO - [2026-07-20T08:21:19.344+0000] {dag.py:3262} INFO - Creating ORM DAG for dataset_consumes_1_never_scheduled
[2026-07-20T08:21:19.346+0000] {logging_mixin.py:190} INFO - [2026-07-20T08:21:19.346+0000] {dag.py:3262} INFO - Creating ORM DAG for consume_1_or_both_2_and_3_with_dataset_expressions
[2026-07-20T08:21:19.348+0000] {logging_mixin.py:190} INFO - [2026-07-20T08:21:19.348+0000] {dag.py:3262} INFO - Creating ORM DAG for dataset_produces_1
[2026-07-20T08:21:19.349+0000] {logging_mixin.py:190} INFO - [2026-07-20T08:21:19.349+0000] {dag.py:3262} INFO - Creating ORM DAG for dataset_consumes_1
[2026-07-20T08:21:19.351+0000] {logging_mixin.py:190} INFO - [2026-07-20T08:21:19.350+0000] {dag.py:3262} INFO - Creating ORM DAG for consume_1_or_2_with_dataset_expressions
[2026-07-20T08:21:19.352+0000] {logging_mixin.py:190} INFO - [2026-07-20T08:21:19.352+0000] {dag.py:3262} INFO - Creating ORM DAG for dataset_consumes_1_and_2
[2026-07-20T08:21:19.354+0000] {logging_mixin.py:190} INFO - [2026-07-20T08:21:19.354+0000] {dag.py:3262} INFO - Creating ORM DAG for dataset_produces_2
[2026-07-20T08:21:19.355+0000] {logging_mixin.py:190} INFO - [2026-07-20T08:21:19.355+0000] {dag.py:3262} INFO - Creating ORM DAG for dataset_consumes_unknown_never_scheduled
[2026-07-20T08:21:19.369+0000] {logging_mixin.py:190} INFO - [2026-07-20T08:21:19.368+0000] {dag.py:4180} INFO - Setting next_dagrun for conditional_dataset_and_time_based_timetable to 2026-07-15 01:00:00+00:00, run_after=2026-07-15 01:00:00+00:00
[2026-07-20T08:21:19.370+0000] {logging_mixin.py:190} INFO - [2026-07-20T08:21:19.370+0000] {dag.py:4180} INFO - Setting next_dagrun for consume_1_and_2_with_dataset_expressions to None, run_after=None
[2026-07-20T08:21:19.371+0000] {logging_mixin.py:190} INFO - [2026-07-20T08:21:19.371+0000] {dag.py:4180} INFO - Setting next_dagrun for consume_1_or_2_with_dataset_expressions to None, run_after=None
[2026-07-20T08:21:19.372+0000] {logging_mixin.py:190} INFO - [2026-07-20T08:21:19.372+0000] {dag.py:4180} INFO - Setting next_dagrun for consume_1_or_both_2_and_3_with_dataset_expressions to None, run_after=None
[2026-07-20T08:21:19.374+0000] {logging_mixin.py:190} INFO - [2026-07-20T08:21:19.373+0000] {dag.py:4180} INFO - Setting next_dagrun for dataset_consumes_1 to None, run_after=None
[2026-07-20T08:21:19.375+0000] {logging_mixin.py:190} INFO - [2026-07-20T08:21:19.375+0000] {dag.py:4180} INFO - Setting next_dagrun for dataset_consumes_1_and_2 to None, run_after=None
[2026-07-20T08:21:19.376+0000] {logging_mixin.py:190} INFO - [2026-07-20T08:21:19.376+0000] {dag.py:4180} INFO - Setting next_dagrun for dataset_consumes_1_never_scheduled to None, run_after=None
[2026-07-20T08:21:19.377+0000] {logging_mixin.py:190} INFO - [2026-07-20T08:21:19.377+0000] {dag.py:4180} INFO - Setting next_dagrun for dataset_consumes_unknown_never_scheduled to None, run_after=None
[2026-07-20T08:21:19.380+0000] {logging_mixin.py:190} INFO - [2026-07-20T08:21:19.380+0000] {dag.py:4180} INFO - Setting next_dagrun for dataset_produces_1 to 2026-07-19 00:00:00+00:00, run_after=2026-07-20 00:00:00+00:00
[2026-07-20T08:21:19.381+0000] {logging_mixin.py:190} INFO - [2026-07-20T08:21:19.381+0000] {dag.py:4180} INFO - Setting next_dagrun for dataset_produces_2 to None, run_after=None
[2026-07-20T08:21:19.436+0000] {processor.py:208} INFO - Processing /home/airflow/.local/lib/python3.12/site-packages/airflow/example_dags/example_datasets.py took 2.010 seconds
[2026-07-20T08:21:49.592+0000] {processor.py:186} INFO - Started process (PID=221) to work on /home/airflow/.local/lib/python3.12/site-packages/airflow/example_dags/example_datasets.py
[2026-07-20T08:21:49.593+0000] {processor.py:914} INFO - Processing file /home/airflow/.local/lib/python3.12/site-packages/airflow/example_dags/example_datasets.py for tasks to queue
[2026-07-20T08:21:49.596+0000] {logging_mixin.py:190} INFO - [2026-07-20T08:21:49.596+0000] {dagbag.py:588} INFO - Filling up the DagBag from /home/airflow/.local/lib/python3.12/site-packages/airflow/example_dags/example_datasets.py
[2026-07-20T08:21:50.155+0000] {processor.py:925} INFO - DAG(s) 'dataset_consumes_1', 'dataset_consumes_1_never_scheduled', 'dataset_produces_2', 'conditional_dataset_and_time_based_timetable', 'dataset_consumes_1_and_2', 'consume_1_or_2_with_dataset_expressions', 'consume_1_and_2_with_dataset_expressions', 'consume_1_or_both_2_and_3_with_dataset_expressions', 'dataset_consumes_unknown_never_scheduled', 'dataset_produces_1' retrieved from /home/airflow/.local/lib/python3.12/site-packages/airflow/example_dags/example_datasets.py
[2026-07-20T08:21:50.197+0000] {logging_mixin.py:190} INFO - [2026-07-20T08:21:50.197+0000] {dag.py:3239} INFO - Sync 10 DAGs
[2026-07-20T08:21:50.222+0000] {logging_mixin.py:190} INFO - [2026-07-20T08:21:50.222+0000] {dag.py:4180} INFO - Setting next_dagrun for conditional_dataset_and_time_based_timetable to 2026-07-15 01:00:00+00:00, run_after=2026-07-15 01:00:00+00:00
[2026-07-20T08:21:50.226+0000] {logging_mixin.py:190} INFO - [2026-07-20T08:21:50.226+0000] {dag.py:4180} INFO - Setting next_dagrun for consume_1_and_2_with_dataset_expressions to None, run_after=None
[2026-07-20T08:21:50.229+0000] {logging_mixin.py:190} INFO - [2026-07-20T08:21:50.228+0000] {dag.py:4180} INFO - Setting next_dagrun for consume_1_or_2_with_dataset_expressions to None, run_after=None
[2026-07-20T08:21:50.231+0000] {logging_mixin.py:190} INFO - [2026-07-20T08:21:50.231+0000] {dag.py:4180} INFO - Setting next_dagrun for consume_1_or_both_2_and_3_with_dataset_expressions to None, run_after=None
[2026-07-20T08:21:50.233+0000] {logging_mixin.py:190} INFO - [2026-07-20T08:21:50.233+0000] {dag.py:4180} INFO - Setting next_dagrun for dataset_consumes_1 to None, run_after=None
[2026-07-20T08:21:50.235+0000] {logging_mixin.py:190} INFO - [2026-07-20T08:21:50.235+0000] {dag.py:4180} INFO - Setting next_dagrun for dataset_consumes_1_and_2 to None, run_after=None
[2026-07-20T08:21:50.237+0000] {logging_mixin.py:190} INFO - [2026-07-20T08:21:50.237+0000] {dag.py:4180} INFO - Setting next_dagrun for dataset_consumes_1_never_scheduled to None, run_after=None
[2026-07-20T08:21:50.239+0000] {logging_mixin.py:190} INFO - [2026-07-20T08:21:50.239+0000] {dag.py:4180} INFO - Setting next_dagrun for dataset_consumes_unknown_never_scheduled to None, run_after=None
[2026-07-20T08:21:50.242+0000] {logging_mixin.py:190} INFO - [2026-07-20T08:21:50.242+0000] {dag.py:4180} INFO - Setting next_dagrun for dataset_produces_1 to 2026-07-19 00:00:00+00:00, run_after=2026-07-20 00:00:00+00:00
[2026-07-20T08:21:50.244+0000] {logging_mixin.py:190} INFO - [2026-07-20T08:21:50.244+0000] {dag.py:4180} INFO - Setting next_dagrun for dataset_produces_2 to None, run_after=None
[2026-07-20T08:21:50.282+0000] {processor.py:208} INFO - Processing /home/airflow/.local/lib/python3.12/site-packages/airflow/example_dags/example_datasets.py took 0.696 seconds
[2026-07-20T08:22:20.436+0000] {processor.py:186} INFO - Started process (PID=284) to work on /home/airflow/.local/lib/python3.12/site-packages/airflow/example_dags/example_datasets.py
[2026-07-20T08:22:20.437+0000] {processor.py:914} INFO - Processing file /home/airflow/.local/lib/python3.12/site-packages/airflow/example_dags/example_datasets.py for tasks to queue
[2026-07-20T08:22:20.440+0000] {logging_mixin.py:190} INFO - [2026-07-20T08:22:20.440+0000] {dagbag.py:588} INFO - Filling up the DagBag from /home/airflow/.local/lib/python3.12/site-packages/airflow/example_dags/example_datasets.py
[2026-07-20T08:22:21.235+0000] {processor.py:925} INFO - DAG(s) 'dataset_consumes_1_never_scheduled', 'dataset_consumes_unknown_never_scheduled', 'dataset_consumes_1_and_2', 'dataset_produces_1', 'consume_1_and_2_with_dataset_expressions', 'dataset_produces_2', 'dataset_consumes_1', 'conditional_dataset_and_time_based_timetable', 'consume_1_or_both_2_and_3_with_dataset_expressions', 'consume_1_or_2_with_dataset_expressions' retrieved from /home/airflow/.local/lib/python3.12/site-packages/airflow/example_dags/example_datasets.py
[2026-07-20T08:22:21.283+0000] {logging_mixin.py:190} INFO - [2026-07-20T08:22:21.282+0000] {dag.py:3239} INFO - Sync 10 DAGs
[2026-07-20T08:22:21.311+0000] {logging_mixin.py:190} INFO - [2026-07-20T08:22:21.311+0000] {dag.py:4180} INFO - Setting next_dagrun for conditional_dataset_and_time_based_timetable to 2026-07-15 01:00:00+00:00, run_after=2026-07-15 01:00:00+00:00
[2026-07-20T08:22:21.316+0000] {logging_mixin.py:190} INFO - [2026-07-20T08:22:21.316+0000] {dag.py:4180} INFO - Setting next_dagrun for consume_1_and_2_with_dataset_expressions to None, run_after=None
[2026-07-20T08:22:21.318+0000] {logging_mixin.py:190} INFO - [2026-07-20T08:22:21.318+0000] {dag.py:4180} INFO - Setting next_dagrun for consume_1_or_2_with_dataset_expressions to None, run_after=None
[2026-07-20T08:22:21.320+0000] {logging_mixin.py:190} INFO - [2026-07-20T08:22:21.320+0000] {dag.py:4180} INFO - Setting next_dagrun for consume_1_or_both_2_and_3_with_dataset_expressions to None, run_after=None
[2026-07-20T08:22:21.322+0000] {logging_mixin.py:190} INFO - [2026-07-20T08:22:21.322+0000] {dag.py:4180} INFO - Setting next_dagrun for dataset_consumes_1 to None, run_after=None
[2026-07-20T08:22:21.325+0000] {logging_mixin.py:190} INFO - [2026-07-20T08:22:21.324+0000] {dag.py:4180} INFO - Setting next_dagrun for dataset_consumes_1_and_2 to None, run_after=None
[2026-07-20T08:22:21.327+0000] {logging_mixin.py:190} INFO - [2026-07-20T08:22:21.327+0000] {dag.py:4180} INFO - Setting next_dagrun for dataset_consumes_1_never_scheduled to None, run_after=None
[2026-07-20T08:22:21.329+0000] {logging_mixin.py:190} INFO - [2026-07-20T08:22:21.329+0000] {dag.py:4180} INFO - Setting next_dagrun for dataset_consumes_unknown_never_scheduled to None, run_after=None
[2026-07-20T08:22:21.333+0000] {logging_mixin.py:190} INFO - [2026-07-20T08:22:21.332+0000] {dag.py:4180} INFO - Setting next_dagrun for dataset_produces_1 to 2026-07-19 00:00:00+00:00, run_after=2026-07-20 00:00:00+00:00
[2026-07-20T08:22:21.335+0000] {logging_mixin.py:190} INFO - [2026-07-20T08:22:21.335+0000] {dag.py:4180} INFO - Setting next_dagrun for dataset_produces_2 to None, run_after=None
[2026-07-20T08:22:21.378+0000] {processor.py:208} INFO - Processing /home/airflow/.local/lib/python3.12/site-packages/airflow/example_dags/example_datasets.py took 0.952 seconds
[2026-07-20T08:22:51.733+0000] {processor.py:186} INFO - Started process (PID=347) to work on /home/airflow/.local/lib/python3.12/site-packages/airflow/example_dags/example_datasets.py
[2026-07-20T08:22:51.734+0000] {processor.py:914} INFO - Processing file /home/airflow/.local/lib/python3.12/site-packages/airflow/example_dags/example_datasets.py for tasks to queue
[2026-07-20T08:22:51.737+0000] {logging_mixin.py:190} INFO - [2026-07-20T08:22:51.737+0000] {dagbag.py:588} INFO - Filling up the DagBag from /home/airflow/.local/lib/python3.12/site-packages/airflow/example_dags/example_datasets.py
[2026-07-20T08:22:52.379+0000] {processor.py:925} INFO - DAG(s) 'consume_1_and_2_with_dataset_expressions', 'dataset_produces_2', 'dataset_consumes_1', 'dataset_consumes_1_and_2', 'dataset_produces_1', 'consume_1_or_both_2_and_3_with_dataset_expressions', 'dataset_consumes_unknown_never_scheduled', 'consume_1_or_2_with_dataset_expressions', 'dataset_consumes_1_never_scheduled', 'conditional_dataset_and_time_based_timetable' retrieved from /home/airflow/.local/lib/python3.12/site-packages/airflow/example_dags/example_datasets.py
[2026-07-20T08:22:52.426+0000] {logging_mixin.py:190} INFO - [2026-07-20T08:22:52.425+0000] {dag.py:3239} INFO - Sync 10 DAGs
[2026-07-20T08:22:52.450+0000] {logging_mixin.py:190} INFO - [2026-07-20T08:22:52.450+0000] {dag.py:4180} INFO - Setting next_dagrun for conditional_dataset_and_time_based_timetable to 2026-07-15 01:00:00+00:00, run_after=2026-07-15 01:00:00+00:00
[2026-07-20T08:22:52.455+0000] {logging_mixin.py:190} INFO - [2026-07-20T08:22:52.455+0000] {dag.py:4180} INFO - Setting next_dagrun for consume_1_and_2_with_dataset_expressions to None, run_after=None
[2026-07-20T08:22:52.458+0000] {logging_mixin.py:190} INFO - [2026-07-20T08:22:52.457+0000] {dag.py:4180} INFO - Setting next_dagrun for consume_1_or_2_with_dataset_expressions to None, run_after=None
[2026-07-20T08:22:52.460+0000] {logging_mixin.py:190} INFO - [2026-07-20T08:22:52.459+0000] {dag.py:4180} INFO - Setting next_dagrun for consume_1_or_both_2_and_3_with_dataset_expressions to None, run_after=None
[2026-07-20T08:22:52.462+0000] {logging_mixin.py:190} INFO - [2026-07-20T08:22:52.461+0000] {dag.py:4180} INFO - Setting next_dagrun for dataset_consumes_1 to None, run_after=None
[2026-07-20T08:22:52.464+0000] {logging_mixin.py:190} INFO - [2026-07-20T08:22:52.463+0000] {dag.py:4180} INFO - Setting next_dagrun for dataset_consumes_1_and_2 to None, run_after=None
[2026-07-20T08:22:52.466+0000] {logging_mixin.py:190} INFO - [2026-07-20T08:22:52.465+0000] {dag.py:4180} INFO - Setting next_dagrun for dataset_consumes_1_never_scheduled to None, run_after=None
[2026-07-20T08:22:52.468+0000] {logging_mixin.py:190} INFO - [2026-07-20T08:22:52.467+0000] {dag.py:4180} INFO - Setting next_dagrun for dataset_consumes_unknown_never_scheduled to None, run_after=None
[2026-07-20T08:22:52.471+0000] {logging_mixin.py:190} INFO - [2026-07-20T08:22:52.471+0000] {dag.py:4180} INFO - Setting next_dagrun for dataset_produces_1 to 2026-07-19 00:00:00+00:00, run_after=2026-07-20 00:00:00+00:00
[2026-07-20T08:22:52.473+0000] {logging_mixin.py:190} INFO - [2026-07-20T08:22:52.473+0000] {dag.py:4180} INFO - Setting next_dagrun for dataset_produces_2 to None, run_after=None
[2026-07-20T08:22:52.525+0000] {processor.py:208} INFO - Processing /home/airflow/.local/lib/python3.12/site-packages/airflow/example_dags/example_datasets.py took 0.799 seconds
[2026-07-20T08:23:23.329+0000] {processor.py:186} INFO - Started process (PID=410) to work on /home/airflow/.local/lib/python3.12/site-packages/airflow/example_dags/example_datasets.py
[2026-07-20T08:23:23.330+0000] {processor.py:914} INFO - Processing file /home/airflow/.local/lib/python3.12/site-packages/airflow/example_dags/example_datasets.py for tasks to queue
[2026-07-20T08:23:23.332+0000] {logging_mixin.py:190} INFO - [2026-07-20T08:23:23.332+0000] {dagbag.py:588} INFO - Filling up the DagBag from /home/airflow/.local/lib/python3.12/site-packages/airflow/example_dags/example_datasets.py
[2026-07-20T08:23:24.079+0000] {processor.py:925} INFO - DAG(s) 'conditional_dataset_and_time_based_timetable', 'consume_1_or_2_with_dataset_expressions', 'consume_1_or_both_2_and_3_with_dataset_expressions', 'consume_1_and_2_with_dataset_expressions', 'dataset_produces_1', 'dataset_produces_2', 'dataset_consumes_1_never_scheduled', 'dataset_consumes_1', 'dataset_consumes_1_and_2', 'dataset_consumes_unknown_never_scheduled' retrieved from /home/airflow/.local/lib/python3.12/site-packages/airflow/example_dags/example_datasets.py
[2026-07-20T08:23:24.125+0000] {logging_mixin.py:190} INFO - [2026-07-20T08:23:24.125+0000] {dag.py:3239} INFO - Sync 10 DAGs
[2026-07-20T08:23:24.158+0000] {logging_mixin.py:190} INFO - [2026-07-20T08:23:24.158+0000] {dag.py:4180} INFO - Setting next_dagrun for conditional_dataset_and_time_based_timetable to 2026-07-15 01:00:00+00:00, run_after=2026-07-15 01:00:00+00:00
[2026-07-20T08:23:24.162+0000] {logging_mixin.py:190} INFO - [2026-07-20T08:23:24.162+0000] {dag.py:4180} INFO - Setting next_dagrun for consume_1_and_2_with_dataset_expressions to None, run_after=None
[2026-07-20T08:23:24.165+0000] {logging_mixin.py:190} INFO - [2026-07-20T08:23:24.164+0000] {dag.py:4180} INFO - Setting next_dagrun for consume_1_or_2_with_dataset_expressions to None, run_after=None
[2026-07-20T08:23:24.167+0000] {logging_mixin.py:190} INFO - [2026-07-20T08:23:24.167+0000] {dag.py:4180} INFO - Setting next_dagrun for consume_1_or_both_2_and_3_with_dataset_expressions to None, run_after=None
[2026-07-20T08:23:24.169+0000] {logging_mixin.py:190} INFO - [2026-07-20T08:23:24.169+0000] {dag.py:4180} INFO - Setting next_dagrun for dataset_consumes_1 to None, run_after=None
[2026-07-20T08:23:24.171+0000] {logging_mixin.py:190} INFO - [2026-07-20T08:23:24.171+0000] {dag.py:4180} INFO - Setting next_dagrun for dataset_consumes_1_and_2 to None, run_after=None
[2026-07-20T08:23:24.173+0000] {logging_mixin.py:190} INFO - [2026-07-20T08:23:24.173+0000] {dag.py:4180} INFO - Setting next_dagrun for dataset_consumes_1_never_scheduled to None, run_after=None
[2026-07-20T08:23:24.175+0000] {logging_mixin.py:190} INFO - [2026-07-20T08:23:24.175+0000] {dag.py:4180} INFO - Setting next_dagrun for dataset_consumes_unknown_never_scheduled to None, run_after=None
[2026-07-20T08:23:24.179+0000] {logging_mixin.py:190} INFO - [2026-07-20T08:23:24.179+0000] {dag.py:4180} INFO - Setting next_dagrun for dataset_produces_1 to 2026-07-19 00:00:00+00:00, run_after=2026-07-20 00:00:00+00:00
[2026-07-20T08:23:24.181+0000] {logging_mixin.py:190} INFO - [2026-07-20T08:23:24.181+0000] {dag.py:4180} INFO - Setting next_dagrun for dataset_produces_2 to None, run_after=None
[2026-07-20T08:23:24.231+0000] {processor.py:208} INFO - Processing /home/airflow/.local/lib/python3.12/site-packages/airflow/example_dags/example_datasets.py took 0.908 seconds
[2026-07-20T08:23:54.516+0000] {processor.py:186} INFO - Started process (PID=479) to work on /home/airflow/.local/lib/python3.12/site-packages/airflow/example_dags/example_datasets.py
[2026-07-20T08:23:54.517+0000] {processor.py:914} INFO - Processing file /home/airflow/.local/lib/python3.12/site-packages/airflow/example_dags/example_datasets.py for tasks to queue
[2026-07-20T08:23:54.520+0000] {logging_mixin.py:190} INFO - [2026-07-20T08:23:54.520+0000] {dagbag.py:588} INFO - Filling up the DagBag from /home/airflow/.local/lib/python3.12/site-packages/airflow/example_dags/example_datasets.py
[2026-07-20T08:23:55.153+0000] {processor.py:925} INFO - DAG(s) 'consume_1_and_2_with_dataset_expressions', 'dataset_produces_1', 'consume_1_or_2_with_dataset_expressions', 'consume_1_or_both_2_and_3_with_dataset_expressions', 'dataset_consumes_1', 'dataset_produces_2', 'dataset_consumes_1_and_2', 'dataset_consumes_1_never_scheduled', 'dataset_consumes_unknown_never_scheduled', 'conditional_dataset_and_time_based_timetable' retrieved from /home/airflow/.local/lib/python3.12/site-packages/airflow/example_dags/example_datasets.py
[2026-07-20T08:23:55.200+0000] {logging_mixin.py:190} INFO - [2026-07-20T08:23:55.200+0000] {dag.py:3239} INFO - Sync 10 DAGs
[2026-07-20T08:23:55.226+0000] {logging_mixin.py:190} INFO - [2026-07-20T08:23:55.226+0000] {dag.py:4180} INFO - Setting next_dagrun for conditional_dataset_and_time_based_timetable to 2026-07-15 01:00:00+00:00, run_after=2026-07-15 01:00:00+00:00
[2026-07-20T08:23:55.232+0000] {logging_mixin.py:190} INFO - [2026-07-20T08:23:55.232+0000] {dag.py:4180} INFO - Setting next_dagrun for consume_1_and_2_with_dataset_expressions to None, run_after=None
[2026-07-20T08:23:55.234+0000] {logging_mixin.py:190} INFO - [2026-07-20T08:23:55.234+0000] {dag.py:4180} INFO - Setting next_dagrun for consume_1_or_2_with_dataset_expressions to None, run_after=None
[2026-07-20T08:23:55.236+0000] {logging_mixin.py:190} INFO - [2026-07-20T08:23:55.236+0000] {dag.py:4180} INFO - Setting next_dagrun for consume_1_or_both_2_and_3_with_dataset_expressions to None, run_after=None
[2026-07-20T08:23:55.239+0000] {logging_mixin.py:190} INFO - [2026-07-20T08:23:55.239+0000] {dag.py:4180} INFO - Setting next_dagrun for dataset_consumes_1 to None, run_after=None
[2026-07-20T08:23:55.241+0000] {logging_mixin.py:190} INFO - [2026-07-20T08:23:55.241+0000] {dag.py:4180} INFO - Setting next_dagrun for dataset_consumes_1_and_2 to None, run_after=None
[2026-07-20T08:23:55.243+0000] {logging_mixin.py:190} INFO - [2026-07-20T08:23:55.243+0000] {dag.py:4180} INFO - Setting next_dagrun for dataset_consumes_1_never_scheduled to None, run_after=None
[2026-07-20T08:23:55.245+0000] {logging_mixin.py:190} INFO - [2026-07-20T08:23:55.245+0000] {dag.py:4180} INFO - Setting next_dagrun for dataset_consumes_unknown_never_scheduled to None, run_after=None
[2026-07-20T08:23:55.248+0000] {logging_mixin.py:190} INFO - [2026-07-20T08:23:55.248+0000] {dag.py:4180} INFO - Setting next_dagrun for dataset_produces_1 to 2026-07-19 00:00:00+00:00, run_after=2026-07-20 00:00:00+00:00
[2026-07-20T08:23:55.250+0000] {logging_mixin.py:190} INFO - [2026-07-20T08:23:55.250+0000] {dag.py:4180} INFO - Setting next_dagrun for dataset_produces_2 to None, run_after=None
[2026-07-20T08:23:55.289+0000] {processor.py:208} INFO - Processing /home/airflow/.local/lib/python3.12/site-packages/airflow/example_dags/example_datasets.py took 0.781 seconds
[2026-07-20T08:24:25.482+0000] {processor.py:186} INFO - Started process (PID=542) to work on /home/airflow/.local/lib/python3.12/site-packages/airflow/example_dags/example_datasets.py
[2026-07-20T08:24:25.484+0000] {processor.py:914} INFO - Processing file /home/airflow/.local/lib/python3.12/site-packages/airflow/example_dags/example_datasets.py for tasks to queue
[2026-07-20T08:24:25.487+0000] {logging_mixin.py:190} INFO - [2026-07-20T08:24:25.486+0000] {dagbag.py:588} INFO - Filling up the DagBag from /home/airflow/.local/lib/python3.12/site-packages/airflow/example_dags/example_datasets.py
[2026-07-20T08:24:26.103+0000] {processor.py:925} INFO - DAG(s) 'dataset_produces_2', 'consume_1_or_2_with_dataset_expressions', 'dataset_produces_1', 'conditional_dataset_and_time_based_timetable', 'dataset_consumes_1_never_scheduled', 'dataset_consumes_1', 'consume_1_and_2_with_dataset_expressions', 'consume_1_or_both_2_and_3_with_dataset_expressions', 'dataset_consumes_1_and_2', 'dataset_consumes_unknown_never_scheduled' retrieved from /home/airflow/.local/lib/python3.12/site-packages/airflow/example_dags/example_datasets.py
[2026-07-20T08:24:26.152+0000] {logging_mixin.py:190} INFO - [2026-07-20T08:24:26.151+0000] {dag.py:3239} INFO - Sync 10 DAGs
[2026-07-20T08:24:26.182+0000] {logging_mixin.py:190} INFO - [2026-07-20T08:24:26.181+0000] {dag.py:4180} INFO - Setting next_dagrun for conditional_dataset_and_time_based_timetable to 2026-07-15 01:00:00+00:00, run_after=2026-07-15 01:00:00+00:00
[2026-07-20T08:24:26.186+0000] {logging_mixin.py:190} INFO - [2026-07-20T08:24:26.186+0000] {dag.py:4180} INFO - Setting next_dagrun for consume_1_and_2_with_dataset_expressions to None, run_after=None
[2026-07-20T08:24:26.189+0000] {logging_mixin.py:190} INFO - [2026-07-20T08:24:26.189+0000] {dag.py:4180} INFO - Setting next_dagrun for consume_1_or_2_with_dataset_expressions to None, run_after=None
[2026-07-20T08:24:26.191+0000] {logging_mixin.py:190} INFO - [2026-07-20T08:24:26.191+0000] {dag.py:4180} INFO - Setting next_dagrun for consume_1_or_both_2_and_3_with_dataset_expressions to None, run_after=None
[2026-07-20T08:24:26.193+0000] {logging_mixin.py:190} INFO - [2026-07-20T08:24:26.193+0000] {dag.py:4180} INFO - Setting next_dagrun for dataset_consumes_1 to None, run_after=None
[2026-07-20T08:24:26.195+0000] {logging_mixin.py:190} INFO - [2026-07-20T08:24:26.195+0000] {dag.py:4180} INFO - Setting next_dagrun for dataset_consumes_1_and_2 to None, run_after=None
[2026-07-20T08:24:26.198+0000] {logging_mixin.py:190} INFO - [2026-07-20T08:24:26.197+0000] {dag.py:4180} INFO - Setting next_dagrun for dataset_consumes_1_never_scheduled to None, run_after=None
[2026-07-20T08:24:26.200+0000] {logging_mixin.py:190} INFO - [2026-07-20T08:24:26.199+0000] {dag.py:4180} INFO - Setting next_dagrun for dataset_consumes_unknown_never_scheduled to None, run_after=None
[2026-07-20T08:24:26.203+0000] {logging_mixin.py:190} INFO - [2026-07-20T08:24:26.203+0000] {dag.py:4180} INFO - Setting next_dagrun for dataset_produces_1 to 2026-07-19 00:00:00+00:00, run_after=2026-07-20 00:00:00+00:00
[2026-07-20T08:24:26.205+0000] {logging_mixin.py:190} INFO - [2026-07-20T08:24:26.205+0000] {dag.py:4180} INFO - Setting next_dagrun for dataset_produces_2 to None, run_after=None
[2026-07-20T08:24:26.245+0000] {processor.py:208} INFO - Processing /home/airflow/.local/lib/python3.12/site-packages/airflow/example_dags/example_datasets.py took 0.771 seconds
