[2026-07-20T08:21:05.014+0000] {processor.py:186} INFO - Started process (PID=103) to work on /home/airflow/.local/lib/python3.12/site-packages/airflow/example_dags/example_sensors.py
[2026-07-20T08:21:05.016+0000] {processor.py:914} INFO - Processing file /home/airflow/.local/lib/python3.12/site-packages/airflow/example_dags/example_sensors.py for tasks to queue
[2026-07-20T08:21:05.022+0000] {logging_mixin.py:190} INFO - [2026-07-20T08:21:05.021+0000] {dagbag.py:588} INFO - Filling up the DagBag from /home/airflow/.local/lib/python3.12/site-packages/airflow/example_dags/example_sensors.py
[2026-07-20T08:21:05.052+0000] {processor.py:925} INFO - DAG(s) 'example_sensors' retrieved from /home/airflow/.local/lib/python3.12/site-packages/airflow/example_dags/example_sensors.py
[2026-07-20T08:21:05.351+0000] {logging_mixin.py:190} INFO - [2026-07-20T08:21:05.350+0000] {override.py:1912} INFO - Created Permission View: can read on DAG:example_sensors
[2026-07-20T08:21:05.368+0000] {logging_mixin.py:190} INFO - [2026-07-20T08:21:05.367+0000] {override.py:1912} INFO - Created Permission View: can delete on DAG:example_sensors
[2026-07-20T08:21:05.379+0000] {logging_mixin.py:190} INFO - [2026-07-20T08:21:05.378+0000] {override.py:1912} INFO - Created Permission View: can edit on DAG:example_sensors
[2026-07-20T08:21:05.392+0000] {logging_mixin.py:190} INFO - [2026-07-20T08:21:05.392+0000] {override.py:1912} INFO - Created Permission View: menu access on DAG Run:example_sensors
[2026-07-20T08:21:05.403+0000] {logging_mixin.py:190} INFO - [2026-07-20T08:21:05.403+0000] {override.py:1912} INFO - Created Permission View: can read on DAG Run:example_sensors
[2026-07-20T08:21:05.414+0000] {logging_mixin.py:190} INFO - [2026-07-20T08:21:05.414+0000] {override.py:1912} INFO - Created Permission View: can delete on DAG Run:example_sensors
[2026-07-20T08:21:05.429+0000] {logging_mixin.py:190} INFO - [2026-07-20T08:21:05.429+0000] {override.py:1912} INFO - Created Permission View: can create on DAG Run:example_sensors
[2026-07-20T08:21:05.431+0000] {logging_mixin.py:190} INFO - [2026-07-20T08:21:05.430+0000] {dag.py:3239} INFO - Sync 1 DAGs
[2026-07-20T08:21:05.446+0000] {logging_mixin.py:190} INFO - [2026-07-20T08:21:05.446+0000] {dag.py:3262} INFO - Creating ORM DAG for example_sensors
[2026-07-20T08:21:05.448+0000] {logging_mixin.py:190} INFO - [2026-07-20T08:21:05.448+0000] {dag.py:4180} INFO - Setting next_dagrun for example_sensors to None, run_after=None
[2026-07-20T08:21:05.477+0000] {processor.py:208} INFO - Processing /home/airflow/.local/lib/python3.12/site-packages/airflow/example_dags/example_sensors.py took 0.472 seconds
[2026-07-20T08:21:35.571+0000] {processor.py:186} INFO - Started process (PID=166) to work on /home/airflow/.local/lib/python3.12/site-packages/airflow/example_dags/example_sensors.py
[2026-07-20T08:21:35.572+0000] {processor.py:914} INFO - Processing file /home/airflow/.local/lib/python3.12/site-packages/airflow/example_dags/example_sensors.py for tasks to queue
[2026-07-20T08:21:35.577+0000] {logging_mixin.py:190} INFO - [2026-07-20T08:21:35.576+0000] {dagbag.py:588} INFO - Filling up the DagBag from /home/airflow/.local/lib/python3.12/site-packages/airflow/example_dags/example_sensors.py
[2026-07-20T08:21:35.594+0000] {processor.py:925} INFO - DAG(s) 'example_sensors' retrieved from /home/airflow/.local/lib/python3.12/site-packages/airflow/example_dags/example_sensors.py
[2026-07-20T08:21:35.630+0000] {logging_mixin.py:190} INFO - [2026-07-20T08:21:35.629+0000] {dag.py:3239} INFO - Sync 1 DAGs
[2026-07-20T08:21:35.655+0000] {logging_mixin.py:190} INFO - [2026-07-20T08:21:35.655+0000] {dag.py:4180} INFO - Setting next_dagrun for example_sensors to None, run_after=None
[2026-07-20T08:21:35.687+0000] {processor.py:208} INFO - Processing /home/airflow/.local/lib/python3.12/site-packages/airflow/example_dags/example_sensors.py took 0.129 seconds
[2026-07-20T08:22:06.464+0000] {processor.py:186} INFO - Started process (PID=229) to work on /home/airflow/.local/lib/python3.12/site-packages/airflow/example_dags/example_sensors.py
[2026-07-20T08:22:06.466+0000] {processor.py:914} INFO - Processing file /home/airflow/.local/lib/python3.12/site-packages/airflow/example_dags/example_sensors.py for tasks to queue
[2026-07-20T08:22:06.470+0000] {logging_mixin.py:190} INFO - [2026-07-20T08:22:06.470+0000] {dagbag.py:588} INFO - Filling up the DagBag from /home/airflow/.local/lib/python3.12/site-packages/airflow/example_dags/example_sensors.py
[2026-07-20T08:22:06.505+0000] {processor.py:925} INFO - DAG(s) 'example_sensors' retrieved from /home/airflow/.local/lib/python3.12/site-packages/airflow/example_dags/example_sensors.py
[2026-07-20T08:22:06.569+0000] {logging_mixin.py:190} INFO - [2026-07-20T08:22:06.569+0000] {dag.py:3239} INFO - Sync 1 DAGs
[2026-07-20T08:22:06.611+0000] {logging_mixin.py:190} INFO - [2026-07-20T08:22:06.610+0000] {dag.py:4180} INFO - Setting next_dagrun for example_sensors to None, run_after=None
[2026-07-20T08:22:06.707+0000] {processor.py:208} INFO - Processing /home/airflow/.local/lib/python3.12/site-packages/airflow/example_dags/example_sensors.py took 0.253 seconds
[2026-07-20T08:22:37.526+0000] {processor.py:186} INFO - Started process (PID=292) to work on /home/airflow/.local/lib/python3.12/site-packages/airflow/example_dags/example_sensors.py
[2026-07-20T08:22:37.528+0000] {processor.py:914} INFO - Processing file /home/airflow/.local/lib/python3.12/site-packages/airflow/example_dags/example_sensors.py for tasks to queue
[2026-07-20T08:22:37.532+0000] {logging_mixin.py:190} INFO - [2026-07-20T08:22:37.531+0000] {dagbag.py:588} INFO - Filling up the DagBag from /home/airflow/.local/lib/python3.12/site-packages/airflow/example_dags/example_sensors.py
[2026-07-20T08:22:37.551+0000] {processor.py:925} INFO - DAG(s) 'example_sensors' retrieved from /home/airflow/.local/lib/python3.12/site-packages/airflow/example_dags/example_sensors.py
[2026-07-20T08:22:37.589+0000] {logging_mixin.py:190} INFO - [2026-07-20T08:22:37.589+0000] {dag.py:3239} INFO - Sync 1 DAGs
[2026-07-20T08:22:37.612+0000] {logging_mixin.py:190} INFO - [2026-07-20T08:22:37.612+0000] {dag.py:4180} INFO - Setting next_dagrun for example_sensors to None, run_after=None
[2026-07-20T08:22:37.642+0000] {processor.py:208} INFO - Processing /home/airflow/.local/lib/python3.12/site-packages/airflow/example_dags/example_sensors.py took 0.124 seconds
[2026-07-20T08:23:07.917+0000] {processor.py:186} INFO - Started process (PID=355) to work on /home/airflow/.local/lib/python3.12/site-packages/airflow/example_dags/example_sensors.py
[2026-07-20T08:23:07.919+0000] {processor.py:914} INFO - Processing file /home/airflow/.local/lib/python3.12/site-packages/airflow/example_dags/example_sensors.py for tasks to queue
[2026-07-20T08:23:07.923+0000] {logging_mixin.py:190} INFO - [2026-07-20T08:23:07.922+0000] {dagbag.py:588} INFO - Filling up the DagBag from /home/airflow/.local/lib/python3.12/site-packages/airflow/example_dags/example_sensors.py
[2026-07-20T08:23:07.939+0000] {processor.py:925} INFO - DAG(s) 'example_sensors' retrieved from /home/airflow/.local/lib/python3.12/site-packages/airflow/example_dags/example_sensors.py
[2026-07-20T08:23:07.972+0000] {logging_mixin.py:190} INFO - [2026-07-20T08:23:07.972+0000] {dag.py:3239} INFO - Sync 1 DAGs
[2026-07-20T08:23:07.989+0000] {logging_mixin.py:190} INFO - [2026-07-20T08:23:07.989+0000] {dag.py:4180} INFO - Setting next_dagrun for example_sensors to None, run_after=None
[2026-07-20T08:23:08.022+0000] {processor.py:208} INFO - Processing /home/airflow/.local/lib/python3.12/site-packages/airflow/example_dags/example_sensors.py took 0.112 seconds
[2026-07-20T08:23:38.388+0000] {processor.py:186} INFO - Started process (PID=418) to work on /home/airflow/.local/lib/python3.12/site-packages/airflow/example_dags/example_sensors.py
[2026-07-20T08:23:38.390+0000] {processor.py:914} INFO - Processing file /home/airflow/.local/lib/python3.12/site-packages/airflow/example_dags/example_sensors.py for tasks to queue
[2026-07-20T08:23:38.395+0000] {logging_mixin.py:190} INFO - [2026-07-20T08:23:38.394+0000] {dagbag.py:588} INFO - Filling up the DagBag from /home/airflow/.local/lib/python3.12/site-packages/airflow/example_dags/example_sensors.py
[2026-07-20T08:23:38.419+0000] {processor.py:925} INFO - DAG(s) 'example_sensors' retrieved from /home/airflow/.local/lib/python3.12/site-packages/airflow/example_dags/example_sensors.py
[2026-07-20T08:23:38.469+0000] {logging_mixin.py:190} INFO - [2026-07-20T08:23:38.468+0000] {dag.py:3239} INFO - Sync 1 DAGs
[2026-07-20T08:23:38.500+0000] {logging_mixin.py:190} INFO - [2026-07-20T08:23:38.500+0000] {dag.py:4180} INFO - Setting next_dagrun for example_sensors to None, run_after=None
[2026-07-20T08:23:38.535+0000] {processor.py:208} INFO - Processing /home/airflow/.local/lib/python3.12/site-packages/airflow/example_dags/example_sensors.py took 0.157 seconds
[2026-07-20T08:24:08.930+0000] {processor.py:186} INFO - Started process (PID=481) to work on /home/airflow/.local/lib/python3.12/site-packages/airflow/example_dags/example_sensors.py
[2026-07-20T08:24:08.931+0000] {processor.py:914} INFO - Processing file /home/airflow/.local/lib/python3.12/site-packages/airflow/example_dags/example_sensors.py for tasks to queue
[2026-07-20T08:24:08.935+0000] {logging_mixin.py:190} INFO - [2026-07-20T08:24:08.934+0000] {dagbag.py:588} INFO - Filling up the DagBag from /home/airflow/.local/lib/python3.12/site-packages/airflow/example_dags/example_sensors.py
[2026-07-20T08:24:08.957+0000] {processor.py:925} INFO - DAG(s) 'example_sensors' retrieved from /home/airflow/.local/lib/python3.12/site-packages/airflow/example_dags/example_sensors.py
[2026-07-20T08:24:08.999+0000] {logging_mixin.py:190} INFO - [2026-07-20T08:24:08.998+0000] {dag.py:3239} INFO - Sync 1 DAGs
[2026-07-20T08:24:09.027+0000] {logging_mixin.py:190} INFO - [2026-07-20T08:24:09.027+0000] {dag.py:4180} INFO - Setting next_dagrun for example_sensors to None, run_after=None
[2026-07-20T08:24:09.066+0000] {processor.py:208} INFO - Processing /home/airflow/.local/lib/python3.12/site-packages/airflow/example_dags/example_sensors.py took 0.145 seconds
[2026-07-20T08:24:39.366+0000] {processor.py:186} INFO - Started process (PID=544) to work on /home/airflow/.local/lib/python3.12/site-packages/airflow/example_dags/example_sensors.py
[2026-07-20T08:24:39.368+0000] {processor.py:914} INFO - Processing file /home/airflow/.local/lib/python3.12/site-packages/airflow/example_dags/example_sensors.py for tasks to queue
[2026-07-20T08:24:39.371+0000] {logging_mixin.py:190} INFO - [2026-07-20T08:24:39.371+0000] {dagbag.py:588} INFO - Filling up the DagBag from /home/airflow/.local/lib/python3.12/site-packages/airflow/example_dags/example_sensors.py
[2026-07-20T08:24:39.388+0000] {processor.py:925} INFO - DAG(s) 'example_sensors' retrieved from /home/airflow/.local/lib/python3.12/site-packages/airflow/example_dags/example_sensors.py
[2026-07-20T08:24:39.438+0000] {logging_mixin.py:190} INFO - [2026-07-20T08:24:39.437+0000] {dag.py:3239} INFO - Sync 1 DAGs
[2026-07-20T08:24:39.467+0000] {logging_mixin.py:190} INFO - [2026-07-20T08:24:39.466+0000] {dag.py:4180} INFO - Setting next_dagrun for example_sensors to None, run_after=None
[2026-07-20T08:24:39.497+0000] {processor.py:208} INFO - Processing /home/airflow/.local/lib/python3.12/site-packages/airflow/example_dags/example_sensors.py took 0.139 seconds
[2026-07-20T08:25:30.233+0000] {processor.py:186} INFO - Started process (PID=78) to work on /home/airflow/.local/lib/python3.12/site-packages/airflow/example_dags/example_sensors.py
[2026-07-20T08:25:30.236+0000] {processor.py:914} INFO - Processing file /home/airflow/.local/lib/python3.12/site-packages/airflow/example_dags/example_sensors.py for tasks to queue
[2026-07-20T08:25:30.240+0000] {logging_mixin.py:190} INFO - [2026-07-20T08:25:30.239+0000] {dagbag.py:588} INFO - Filling up the DagBag from /home/airflow/.local/lib/python3.12/site-packages/airflow/example_dags/example_sensors.py
[2026-07-20T08:25:30.251+0000] {processor.py:925} INFO - DAG(s) 'example_sensors' retrieved from /home/airflow/.local/lib/python3.12/site-packages/airflow/example_dags/example_sensors.py
[2026-07-20T08:25:30.306+0000] {logging_mixin.py:190} INFO - [2026-07-20T08:25:30.305+0000] {dag.py:3239} INFO - Sync 1 DAGs
[2026-07-20T08:25:30.329+0000] {logging_mixin.py:190} INFO - [2026-07-20T08:25:30.329+0000] {dag.py:4180} INFO - Setting next_dagrun for example_sensors to None, run_after=None
[2026-07-20T08:25:30.365+0000] {processor.py:208} INFO - Processing /home/airflow/.local/lib/python3.12/site-packages/airflow/example_dags/example_sensors.py took 0.138 seconds
