[2026-07-20T08:21:07.244+0000] {processor.py:186} INFO - Started process (PID=112) to work on /home/airflow/.local/lib/python3.12/site-packages/airflow/example_dags/example_xcom.py
[2026-07-20T08:21:07.246+0000] {processor.py:914} INFO - Processing file /home/airflow/.local/lib/python3.12/site-packages/airflow/example_dags/example_xcom.py for tasks to queue
[2026-07-20T08:21:07.250+0000] {logging_mixin.py:190} INFO - [2026-07-20T08:21:07.249+0000] {dagbag.py:588} INFO - Filling up the DagBag from /home/airflow/.local/lib/python3.12/site-packages/airflow/example_dags/example_xcom.py
[2026-07-20T08:21:07.265+0000] {processor.py:925} INFO - DAG(s) 'example_xcom' retrieved from /home/airflow/.local/lib/python3.12/site-packages/airflow/example_dags/example_xcom.py
[2026-07-20T08:21:07.422+0000] {logging_mixin.py:190} INFO - [2026-07-20T08:21:07.421+0000] {override.py:1912} INFO - Created Permission View: can read on DAG:example_xcom
[2026-07-20T08:21:07.438+0000] {logging_mixin.py:190} INFO - [2026-07-20T08:21:07.437+0000] {override.py:1912} INFO - Created Permission View: can delete on DAG:example_xcom
[2026-07-20T08:21:07.446+0000] {logging_mixin.py:190} INFO - [2026-07-20T08:21:07.446+0000] {override.py:1912} INFO - Created Permission View: can edit on DAG:example_xcom
[2026-07-20T08:21:07.458+0000] {logging_mixin.py:190} INFO - [2026-07-20T08:21:07.458+0000] {override.py:1912} INFO - Created Permission View: menu access on DAG Run:example_xcom
[2026-07-20T08:21:07.471+0000] {logging_mixin.py:190} INFO - [2026-07-20T08:21:07.469+0000] {override.py:1912} INFO - Created Permission View: can read on DAG Run:example_xcom
[2026-07-20T08:21:07.482+0000] {logging_mixin.py:190} INFO - [2026-07-20T08:21:07.482+0000] {override.py:1912} INFO - Created Permission View: can delete on DAG Run:example_xcom
[2026-07-20T08:21:07.494+0000] {logging_mixin.py:190} INFO - [2026-07-20T08:21:07.494+0000] {override.py:1912} INFO - Created Permission View: can create on DAG Run:example_xcom
[2026-07-20T08:21:07.496+0000] {logging_mixin.py:190} INFO - [2026-07-20T08:21:07.495+0000] {dag.py:3239} INFO - Sync 1 DAGs
[2026-07-20T08:21:07.515+0000] {logging_mixin.py:190} INFO - [2026-07-20T08:21:07.515+0000] {dag.py:3262} INFO - Creating ORM DAG for example_xcom
[2026-07-20T08:21:07.530+0000] {logging_mixin.py:190} INFO - [2026-07-20T08:21:07.530+0000] {dag.py:4180} INFO - Setting next_dagrun for example_xcom to 2021-01-01 00:00:00+00:00, run_after=2021-01-01 00:00:00+00:00
[2026-07-20T08:21:07.556+0000] {processor.py:208} INFO - Processing /home/airflow/.local/lib/python3.12/site-packages/airflow/example_dags/example_xcom.py took 0.320 seconds
[2026-07-20T08:21:38.488+0000] {processor.py:186} INFO - Started process (PID=175) to work on /home/airflow/.local/lib/python3.12/site-packages/airflow/example_dags/example_xcom.py
[2026-07-20T08:21:38.489+0000] {processor.py:914} INFO - Processing file /home/airflow/.local/lib/python3.12/site-packages/airflow/example_dags/example_xcom.py for tasks to queue
[2026-07-20T08:21:38.493+0000] {logging_mixin.py:190} INFO - [2026-07-20T08:21:38.492+0000] {dagbag.py:588} INFO - Filling up the DagBag from /home/airflow/.local/lib/python3.12/site-packages/airflow/example_dags/example_xcom.py
[2026-07-20T08:21:38.507+0000] {processor.py:925} INFO - DAG(s) 'example_xcom' retrieved from /home/airflow/.local/lib/python3.12/site-packages/airflow/example_dags/example_xcom.py
[2026-07-20T08:21:38.534+0000] {logging_mixin.py:190} INFO - [2026-07-20T08:21:38.533+0000] {dag.py:3239} INFO - Sync 1 DAGs
[2026-07-20T08:21:38.566+0000] {logging_mixin.py:190} INFO - [2026-07-20T08:21:38.566+0000] {dag.py:4180} INFO - Setting next_dagrun for example_xcom to 2021-01-01 00:00:00+00:00, run_after=2021-01-01 00:00:00+00:00
[2026-07-20T08:21:38.591+0000] {processor.py:208} INFO - Processing /home/airflow/.local/lib/python3.12/site-packages/airflow/example_dags/example_xcom.py took 0.112 seconds
[2026-07-20T08:22:09.273+0000] {processor.py:186} INFO - Started process (PID=238) to work on /home/airflow/.local/lib/python3.12/site-packages/airflow/example_dags/example_xcom.py
[2026-07-20T08:22:09.275+0000] {processor.py:914} INFO - Processing file /home/airflow/.local/lib/python3.12/site-packages/airflow/example_dags/example_xcom.py for tasks to queue
[2026-07-20T08:22:09.279+0000] {logging_mixin.py:190} INFO - [2026-07-20T08:22:09.278+0000] {dagbag.py:588} INFO - Filling up the DagBag from /home/airflow/.local/lib/python3.12/site-packages/airflow/example_dags/example_xcom.py
[2026-07-20T08:22:09.290+0000] {processor.py:925} INFO - DAG(s) 'example_xcom' retrieved from /home/airflow/.local/lib/python3.12/site-packages/airflow/example_dags/example_xcom.py
[2026-07-20T08:22:09.315+0000] {logging_mixin.py:190} INFO - [2026-07-20T08:22:09.314+0000] {dag.py:3239} INFO - Sync 1 DAGs
[2026-07-20T08:22:09.346+0000] {logging_mixin.py:190} INFO - [2026-07-20T08:22:09.346+0000] {dag.py:4180} INFO - Setting next_dagrun for example_xcom to 2021-01-01 00:00:00+00:00, run_after=2021-01-01 00:00:00+00:00
[2026-07-20T08:22:09.371+0000] {processor.py:208} INFO - Processing /home/airflow/.local/lib/python3.12/site-packages/airflow/example_dags/example_xcom.py took 0.105 seconds
[2026-07-20T08:22:39.760+0000] {processor.py:186} INFO - Started process (PID=301) to work on /home/airflow/.local/lib/python3.12/site-packages/airflow/example_dags/example_xcom.py
[2026-07-20T08:22:39.765+0000] {processor.py:914} INFO - Processing file /home/airflow/.local/lib/python3.12/site-packages/airflow/example_dags/example_xcom.py for tasks to queue
[2026-07-20T08:22:39.769+0000] {logging_mixin.py:190} INFO - [2026-07-20T08:22:39.769+0000] {dagbag.py:588} INFO - Filling up the DagBag from /home/airflow/.local/lib/python3.12/site-packages/airflow/example_dags/example_xcom.py
[2026-07-20T08:22:39.787+0000] {processor.py:925} INFO - DAG(s) 'example_xcom' retrieved from /home/airflow/.local/lib/python3.12/site-packages/airflow/example_dags/example_xcom.py
[2026-07-20T08:22:39.822+0000] {logging_mixin.py:190} INFO - [2026-07-20T08:22:39.821+0000] {dag.py:3239} INFO - Sync 1 DAGs
[2026-07-20T08:22:39.862+0000] {logging_mixin.py:190} INFO - [2026-07-20T08:22:39.862+0000] {dag.py:4180} INFO - Setting next_dagrun for example_xcom to 2021-01-01 00:00:00+00:00, run_after=2021-01-01 00:00:00+00:00
[2026-07-20T08:22:39.889+0000] {processor.py:208} INFO - Processing /home/airflow/.local/lib/python3.12/site-packages/airflow/example_dags/example_xcom.py took 0.140 seconds
[2026-07-20T08:23:10.019+0000] {processor.py:186} INFO - Started process (PID=364) to work on /home/airflow/.local/lib/python3.12/site-packages/airflow/example_dags/example_xcom.py
[2026-07-20T08:23:10.020+0000] {processor.py:914} INFO - Processing file /home/airflow/.local/lib/python3.12/site-packages/airflow/example_dags/example_xcom.py for tasks to queue
[2026-07-20T08:23:10.023+0000] {logging_mixin.py:190} INFO - [2026-07-20T08:23:10.023+0000] {dagbag.py:588} INFO - Filling up the DagBag from /home/airflow/.local/lib/python3.12/site-packages/airflow/example_dags/example_xcom.py
[2026-07-20T08:23:10.037+0000] {processor.py:925} INFO - DAG(s) 'example_xcom' retrieved from /home/airflow/.local/lib/python3.12/site-packages/airflow/example_dags/example_xcom.py
[2026-07-20T08:23:10.061+0000] {logging_mixin.py:190} INFO - [2026-07-20T08:23:10.061+0000] {dag.py:3239} INFO - Sync 1 DAGs
[2026-07-20T08:23:10.088+0000] {logging_mixin.py:190} INFO - [2026-07-20T08:23:10.087+0000] {dag.py:4180} INFO - Setting next_dagrun for example_xcom to 2021-01-01 00:00:00+00:00, run_after=2021-01-01 00:00:00+00:00
[2026-07-20T08:23:10.123+0000] {processor.py:208} INFO - Processing /home/airflow/.local/lib/python3.12/site-packages/airflow/example_dags/example_xcom.py took 0.111 seconds
[2026-07-20T08:23:40.339+0000] {processor.py:186} INFO - Started process (PID=427) to work on /home/airflow/.local/lib/python3.12/site-packages/airflow/example_dags/example_xcom.py
[2026-07-20T08:23:40.341+0000] {processor.py:914} INFO - Processing file /home/airflow/.local/lib/python3.12/site-packages/airflow/example_dags/example_xcom.py for tasks to queue
[2026-07-20T08:23:40.344+0000] {logging_mixin.py:190} INFO - [2026-07-20T08:23:40.344+0000] {dagbag.py:588} INFO - Filling up the DagBag from /home/airflow/.local/lib/python3.12/site-packages/airflow/example_dags/example_xcom.py
[2026-07-20T08:23:40.369+0000] {processor.py:925} INFO - DAG(s) 'example_xcom' retrieved from /home/airflow/.local/lib/python3.12/site-packages/airflow/example_dags/example_xcom.py
[2026-07-20T08:23:40.396+0000] {logging_mixin.py:190} INFO - [2026-07-20T08:23:40.396+0000] {dag.py:3239} INFO - Sync 1 DAGs
[2026-07-20T08:23:40.427+0000] {logging_mixin.py:190} INFO - [2026-07-20T08:23:40.426+0000] {dag.py:4180} INFO - Setting next_dagrun for example_xcom to 2021-01-01 00:00:00+00:00, run_after=2021-01-01 00:00:00+00:00
[2026-07-20T08:23:40.453+0000] {processor.py:208} INFO - Processing /home/airflow/.local/lib/python3.12/site-packages/airflow/example_dags/example_xcom.py took 0.122 seconds
[2026-07-20T08:24:10.958+0000] {processor.py:186} INFO - Started process (PID=490) to work on /home/airflow/.local/lib/python3.12/site-packages/airflow/example_dags/example_xcom.py
[2026-07-20T08:24:10.959+0000] {processor.py:914} INFO - Processing file /home/airflow/.local/lib/python3.12/site-packages/airflow/example_dags/example_xcom.py for tasks to queue
[2026-07-20T08:24:10.962+0000] {logging_mixin.py:190} INFO - [2026-07-20T08:24:10.961+0000] {dagbag.py:588} INFO - Filling up the DagBag from /home/airflow/.local/lib/python3.12/site-packages/airflow/example_dags/example_xcom.py
[2026-07-20T08:24:10.972+0000] {processor.py:925} INFO - DAG(s) 'example_xcom' retrieved from /home/airflow/.local/lib/python3.12/site-packages/airflow/example_dags/example_xcom.py
[2026-07-20T08:24:10.998+0000] {logging_mixin.py:190} INFO - [2026-07-20T08:24:10.997+0000] {dag.py:3239} INFO - Sync 1 DAGs
[2026-07-20T08:24:11.024+0000] {logging_mixin.py:190} INFO - [2026-07-20T08:24:11.024+0000] {dag.py:4180} INFO - Setting next_dagrun for example_xcom to 2021-01-01 00:00:00+00:00, run_after=2021-01-01 00:00:00+00:00
[2026-07-20T08:24:11.046+0000] {processor.py:208} INFO - Processing /home/airflow/.local/lib/python3.12/site-packages/airflow/example_dags/example_xcom.py took 0.095 seconds
[2026-07-20T08:24:41.801+0000] {processor.py:186} INFO - Started process (PID=553) to work on /home/airflow/.local/lib/python3.12/site-packages/airflow/example_dags/example_xcom.py
[2026-07-20T08:24:41.840+0000] {processor.py:914} INFO - Processing file /home/airflow/.local/lib/python3.12/site-packages/airflow/example_dags/example_xcom.py for tasks to queue
[2026-07-20T08:24:41.846+0000] {logging_mixin.py:190} INFO - [2026-07-20T08:24:41.845+0000] {dagbag.py:588} INFO - Filling up the DagBag from /home/airflow/.local/lib/python3.12/site-packages/airflow/example_dags/example_xcom.py
[2026-07-20T08:24:41.869+0000] {processor.py:925} INFO - DAG(s) 'example_xcom' retrieved from /home/airflow/.local/lib/python3.12/site-packages/airflow/example_dags/example_xcom.py
[2026-07-20T08:24:41.900+0000] {logging_mixin.py:190} INFO - [2026-07-20T08:24:41.899+0000] {dag.py:3239} INFO - Sync 1 DAGs
[2026-07-20T08:24:41.934+0000] {logging_mixin.py:190} INFO - [2026-07-20T08:24:41.934+0000] {dag.py:4180} INFO - Setting next_dagrun for example_xcom to 2021-01-01 00:00:00+00:00, run_after=2021-01-01 00:00:00+00:00
[2026-07-20T08:24:41.958+0000] {processor.py:208} INFO - Processing /home/airflow/.local/lib/python3.12/site-packages/airflow/example_dags/example_xcom.py took 0.177 seconds
[2026-07-20T08:25:31.418+0000] {processor.py:186} INFO - Started process (PID=87) to work on /home/airflow/.local/lib/python3.12/site-packages/airflow/example_dags/example_xcom.py
[2026-07-20T08:25:31.419+0000] {processor.py:914} INFO - Processing file /home/airflow/.local/lib/python3.12/site-packages/airflow/example_dags/example_xcom.py for tasks to queue
[2026-07-20T08:25:31.423+0000] {logging_mixin.py:190} INFO - [2026-07-20T08:25:31.423+0000] {dagbag.py:588} INFO - Filling up the DagBag from /home/airflow/.local/lib/python3.12/site-packages/airflow/example_dags/example_xcom.py
[2026-07-20T08:25:31.440+0000] {processor.py:925} INFO - DAG(s) 'example_xcom' retrieved from /home/airflow/.local/lib/python3.12/site-packages/airflow/example_dags/example_xcom.py
[2026-07-20T08:25:31.474+0000] {logging_mixin.py:190} INFO - [2026-07-20T08:25:31.473+0000] {dag.py:3239} INFO - Sync 1 DAGs
[2026-07-20T08:25:31.503+0000] {logging_mixin.py:190} INFO - [2026-07-20T08:25:31.503+0000] {dag.py:4180} INFO - Setting next_dagrun for example_xcom to 2021-01-01 00:00:00+00:00, run_after=2021-01-01 00:00:00+00:00
[2026-07-20T08:25:31.525+0000] {processor.py:208} INFO - Processing /home/airflow/.local/lib/python3.12/site-packages/airflow/example_dags/example_xcom.py took 0.118 seconds
