[2026-07-20T08:21:12.556+0000] {processor.py:186} INFO - Started process (PID=132) to work on /home/airflow/.local/lib/python3.12/site-packages/airflow/example_dags/example_dag_decorator.py
[2026-07-20T08:21:12.558+0000] {processor.py:914} INFO - Processing file /home/airflow/.local/lib/python3.12/site-packages/airflow/example_dags/example_dag_decorator.py for tasks to queue
[2026-07-20T08:21:12.561+0000] {logging_mixin.py:190} INFO - [2026-07-20T08:21:12.561+0000] {dagbag.py:588} INFO - Filling up the DagBag from /home/airflow/.local/lib/python3.12/site-packages/airflow/example_dags/example_dag_decorator.py
[2026-07-20T08:21:13.071+0000] {processor.py:925} INFO - DAG(s) 'example_dag_decorator' retrieved from /home/airflow/.local/lib/python3.12/site-packages/airflow/example_dags/example_dag_decorator.py
[2026-07-20T08:21:13.201+0000] {logging_mixin.py:190} INFO - [2026-07-20T08:21:13.201+0000] {override.py:1912} INFO - Created Permission View: can read on DAG:example_dag_decorator
[2026-07-20T08:21:13.213+0000] {logging_mixin.py:190} INFO - [2026-07-20T08:21:13.212+0000] {override.py:1912} INFO - Created Permission View: can delete on DAG:example_dag_decorator
[2026-07-20T08:21:13.222+0000] {logging_mixin.py:190} INFO - [2026-07-20T08:21:13.221+0000] {override.py:1912} INFO - Created Permission View: can edit on DAG:example_dag_decorator
[2026-07-20T08:21:13.232+0000] {logging_mixin.py:190} INFO - [2026-07-20T08:21:13.232+0000] {override.py:1912} INFO - Created Permission View: menu access on DAG Run:example_dag_decorator
[2026-07-20T08:21:13.241+0000] {logging_mixin.py:190} INFO - [2026-07-20T08:21:13.241+0000] {override.py:1912} INFO - Created Permission View: can read on DAG Run:example_dag_decorator
[2026-07-20T08:21:13.249+0000] {logging_mixin.py:190} INFO - [2026-07-20T08:21:13.249+0000] {override.py:1912} INFO - Created Permission View: can delete on DAG Run:example_dag_decorator
[2026-07-20T08:21:13.258+0000] {logging_mixin.py:190} INFO - [2026-07-20T08:21:13.257+0000] {override.py:1912} INFO - Created Permission View: can create on DAG Run:example_dag_decorator
[2026-07-20T08:21:13.259+0000] {logging_mixin.py:190} INFO - [2026-07-20T08:21:13.258+0000] {dag.py:3239} INFO - Sync 1 DAGs
[2026-07-20T08:21:13.273+0000] {logging_mixin.py:190} INFO - [2026-07-20T08:21:13.273+0000] {dag.py:3262} INFO - Creating ORM DAG for example_dag_decorator
[2026-07-20T08:21:13.275+0000] {logging_mixin.py:190} INFO - [2026-07-20T08:21:13.274+0000] {dag.py:4180} INFO - Setting next_dagrun for example_dag_decorator to None, run_after=None
[2026-07-20T08:21:13.293+0000] {processor.py:208} INFO - Processing /home/airflow/.local/lib/python3.12/site-packages/airflow/example_dags/example_dag_decorator.py took 0.743 seconds
[2026-07-20T08:21:43.859+0000] {processor.py:186} INFO - Started process (PID=195) to work on /home/airflow/.local/lib/python3.12/site-packages/airflow/example_dags/example_dag_decorator.py
[2026-07-20T08:21:43.861+0000] {processor.py:914} INFO - Processing file /home/airflow/.local/lib/python3.12/site-packages/airflow/example_dags/example_dag_decorator.py for tasks to queue
[2026-07-20T08:21:43.865+0000] {logging_mixin.py:190} INFO - [2026-07-20T08:21:43.864+0000] {dagbag.py:588} INFO - Filling up the DagBag from /home/airflow/.local/lib/python3.12/site-packages/airflow/example_dags/example_dag_decorator.py
[2026-07-20T08:21:43.990+0000] {processor.py:925} INFO - DAG(s) 'example_dag_decorator' retrieved from /home/airflow/.local/lib/python3.12/site-packages/airflow/example_dags/example_dag_decorator.py
[2026-07-20T08:21:44.123+0000] {logging_mixin.py:190} INFO - [2026-07-20T08:21:44.122+0000] {dag.py:3239} INFO - Sync 1 DAGs
[2026-07-20T08:21:44.137+0000] {logging_mixin.py:190} INFO - [2026-07-20T08:21:44.137+0000] {dag.py:4180} INFO - Setting next_dagrun for example_dag_decorator to None, run_after=None
[2026-07-20T08:21:44.160+0000] {processor.py:208} INFO - Processing /home/airflow/.local/lib/python3.12/site-packages/airflow/example_dags/example_dag_decorator.py took 0.309 seconds
[2026-07-20T08:22:14.862+0000] {processor.py:186} INFO - Started process (PID=258) to work on /home/airflow/.local/lib/python3.12/site-packages/airflow/example_dags/example_dag_decorator.py
[2026-07-20T08:22:14.865+0000] {processor.py:914} INFO - Processing file /home/airflow/.local/lib/python3.12/site-packages/airflow/example_dags/example_dag_decorator.py for tasks to queue
[2026-07-20T08:22:14.870+0000] {logging_mixin.py:190} INFO - [2026-07-20T08:22:14.869+0000] {dagbag.py:588} INFO - Filling up the DagBag from /home/airflow/.local/lib/python3.12/site-packages/airflow/example_dags/example_dag_decorator.py
[2026-07-20T08:22:15.011+0000] {processor.py:925} INFO - DAG(s) 'example_dag_decorator' retrieved from /home/airflow/.local/lib/python3.12/site-packages/airflow/example_dags/example_dag_decorator.py
[2026-07-20T08:22:15.192+0000] {logging_mixin.py:190} INFO - [2026-07-20T08:22:15.191+0000] {dag.py:3239} INFO - Sync 1 DAGs
[2026-07-20T08:22:15.208+0000] {logging_mixin.py:190} INFO - [2026-07-20T08:22:15.207+0000] {dag.py:4180} INFO - Setting next_dagrun for example_dag_decorator to None, run_after=None
[2026-07-20T08:22:15.239+0000] {processor.py:208} INFO - Processing /home/airflow/.local/lib/python3.12/site-packages/airflow/example_dags/example_dag_decorator.py took 0.390 seconds
[2026-07-20T08:22:45.333+0000] {processor.py:186} INFO - Started process (PID=321) to work on /home/airflow/.local/lib/python3.12/site-packages/airflow/example_dags/example_dag_decorator.py
[2026-07-20T08:22:45.337+0000] {processor.py:914} INFO - Processing file /home/airflow/.local/lib/python3.12/site-packages/airflow/example_dags/example_dag_decorator.py for tasks to queue
[2026-07-20T08:22:45.343+0000] {logging_mixin.py:190} INFO - [2026-07-20T08:22:45.342+0000] {dagbag.py:588} INFO - Filling up the DagBag from /home/airflow/.local/lib/python3.12/site-packages/airflow/example_dags/example_dag_decorator.py
[2026-07-20T08:22:45.644+0000] {processor.py:925} INFO - DAG(s) 'example_dag_decorator' retrieved from /home/airflow/.local/lib/python3.12/site-packages/airflow/example_dags/example_dag_decorator.py
[2026-07-20T08:22:45.892+0000] {logging_mixin.py:190} INFO - [2026-07-20T08:22:45.892+0000] {dag.py:3239} INFO - Sync 1 DAGs
[2026-07-20T08:22:45.912+0000] {logging_mixin.py:190} INFO - [2026-07-20T08:22:45.912+0000] {dag.py:4180} INFO - Setting next_dagrun for example_dag_decorator to None, run_after=None
[2026-07-20T08:22:45.939+0000] {processor.py:208} INFO - Processing /home/airflow/.local/lib/python3.12/site-packages/airflow/example_dags/example_dag_decorator.py took 0.621 seconds
[2026-07-20T08:23:16.342+0000] {processor.py:186} INFO - Started process (PID=384) to work on /home/airflow/.local/lib/python3.12/site-packages/airflow/example_dags/example_dag_decorator.py
[2026-07-20T08:23:16.343+0000] {processor.py:914} INFO - Processing file /home/airflow/.local/lib/python3.12/site-packages/airflow/example_dags/example_dag_decorator.py for tasks to queue
[2026-07-20T08:23:16.346+0000] {logging_mixin.py:190} INFO - [2026-07-20T08:23:16.345+0000] {dagbag.py:588} INFO - Filling up the DagBag from /home/airflow/.local/lib/python3.12/site-packages/airflow/example_dags/example_dag_decorator.py
[2026-07-20T08:23:16.475+0000] {processor.py:925} INFO - DAG(s) 'example_dag_decorator' retrieved from /home/airflow/.local/lib/python3.12/site-packages/airflow/example_dags/example_dag_decorator.py
[2026-07-20T08:23:16.612+0000] {logging_mixin.py:190} INFO - [2026-07-20T08:23:16.612+0000] {dag.py:3239} INFO - Sync 1 DAGs
[2026-07-20T08:23:16.626+0000] {logging_mixin.py:190} INFO - [2026-07-20T08:23:16.626+0000] {dag.py:4180} INFO - Setting next_dagrun for example_dag_decorator to None, run_after=None
[2026-07-20T08:23:16.646+0000] {processor.py:208} INFO - Processing /home/airflow/.local/lib/python3.12/site-packages/airflow/example_dags/example_dag_decorator.py took 0.311 seconds
[2026-07-20T08:23:47.904+0000] {processor.py:186} INFO - Started process (PID=447) to work on /home/airflow/.local/lib/python3.12/site-packages/airflow/example_dags/example_dag_decorator.py
[2026-07-20T08:23:47.905+0000] {processor.py:914} INFO - Processing file /home/airflow/.local/lib/python3.12/site-packages/airflow/example_dags/example_dag_decorator.py for tasks to queue
[2026-07-20T08:23:47.908+0000] {logging_mixin.py:190} INFO - [2026-07-20T08:23:47.908+0000] {dagbag.py:588} INFO - Filling up the DagBag from /home/airflow/.local/lib/python3.12/site-packages/airflow/example_dags/example_dag_decorator.py
[2026-07-20T08:23:48.027+0000] {processor.py:925} INFO - DAG(s) 'example_dag_decorator' retrieved from /home/airflow/.local/lib/python3.12/site-packages/airflow/example_dags/example_dag_decorator.py
[2026-07-20T08:23:48.159+0000] {logging_mixin.py:190} INFO - [2026-07-20T08:23:48.159+0000] {dag.py:3239} INFO - Sync 1 DAGs
[2026-07-20T08:23:48.179+0000] {logging_mixin.py:190} INFO - [2026-07-20T08:23:48.179+0000] {dag.py:4180} INFO - Setting next_dagrun for example_dag_decorator to None, run_after=None
[2026-07-20T08:23:48.207+0000] {processor.py:208} INFO - Processing /home/airflow/.local/lib/python3.12/site-packages/airflow/example_dags/example_dag_decorator.py took 0.312 seconds
[2026-07-20T08:24:19.016+0000] {processor.py:186} INFO - Started process (PID=510) to work on /home/airflow/.local/lib/python3.12/site-packages/airflow/example_dags/example_dag_decorator.py
[2026-07-20T08:24:19.020+0000] {processor.py:914} INFO - Processing file /home/airflow/.local/lib/python3.12/site-packages/airflow/example_dags/example_dag_decorator.py for tasks to queue
[2026-07-20T08:24:19.022+0000] {logging_mixin.py:190} INFO - [2026-07-20T08:24:19.022+0000] {dagbag.py:588} INFO - Filling up the DagBag from /home/airflow/.local/lib/python3.12/site-packages/airflow/example_dags/example_dag_decorator.py
[2026-07-20T08:24:19.142+0000] {processor.py:925} INFO - DAG(s) 'example_dag_decorator' retrieved from /home/airflow/.local/lib/python3.12/site-packages/airflow/example_dags/example_dag_decorator.py
[2026-07-20T08:24:19.280+0000] {logging_mixin.py:190} INFO - [2026-07-20T08:24:19.280+0000] {dag.py:3239} INFO - Sync 1 DAGs
[2026-07-20T08:24:19.307+0000] {logging_mixin.py:190} INFO - [2026-07-20T08:24:19.306+0000] {dag.py:4180} INFO - Setting next_dagrun for example_dag_decorator to None, run_after=None
[2026-07-20T08:24:19.337+0000] {processor.py:208} INFO - Processing /home/airflow/.local/lib/python3.12/site-packages/airflow/example_dags/example_dag_decorator.py took 0.326 seconds
[2026-07-20T08:24:50.152+0000] {processor.py:186} INFO - Started process (PID=573) to work on /home/airflow/.local/lib/python3.12/site-packages/airflow/example_dags/example_dag_decorator.py
[2026-07-20T08:24:50.154+0000] {processor.py:914} INFO - Processing file /home/airflow/.local/lib/python3.12/site-packages/airflow/example_dags/example_dag_decorator.py for tasks to queue
[2026-07-20T08:24:50.156+0000] {logging_mixin.py:190} INFO - [2026-07-20T08:24:50.156+0000] {dagbag.py:588} INFO - Filling up the DagBag from /home/airflow/.local/lib/python3.12/site-packages/airflow/example_dags/example_dag_decorator.py
[2026-07-20T08:24:50.272+0000] {processor.py:925} INFO - DAG(s) 'example_dag_decorator' retrieved from /home/airflow/.local/lib/python3.12/site-packages/airflow/example_dags/example_dag_decorator.py
[2026-07-20T08:24:50.421+0000] {logging_mixin.py:190} INFO - [2026-07-20T08:24:50.420+0000] {dag.py:3239} INFO - Sync 1 DAGs
[2026-07-20T08:24:50.441+0000] {logging_mixin.py:190} INFO - [2026-07-20T08:24:50.441+0000] {dag.py:4180} INFO - Setting next_dagrun for example_dag_decorator to None, run_after=None
[2026-07-20T08:24:50.468+0000] {processor.py:208} INFO - Processing /home/airflow/.local/lib/python3.12/site-packages/airflow/example_dags/example_dag_decorator.py took 0.321 seconds
