[2026-07-20T08:21:04.997+0000] {processor.py:186} INFO - Started process (PID=102) to work on /home/airflow/.local/lib/python3.12/site-packages/airflow/example_dags/example_display_name.py
[2026-07-20T08:21:05.000+0000] {processor.py:914} INFO - Processing file /home/airflow/.local/lib/python3.12/site-packages/airflow/example_dags/example_display_name.py for tasks to queue
[2026-07-20T08:21:05.006+0000] {logging_mixin.py:190} INFO - [2026-07-20T08:21:05.005+0000] {dagbag.py:588} INFO - Filling up the DagBag from /home/airflow/.local/lib/python3.12/site-packages/airflow/example_dags/example_display_name.py
[2026-07-20T08:21:05.042+0000] {processor.py:925} INFO - DAG(s) 'example_display_name' retrieved from /home/airflow/.local/lib/python3.12/site-packages/airflow/example_dags/example_display_name.py
[2026-07-20T08:21:05.347+0000] {logging_mixin.py:190} INFO - [2026-07-20T08:21:05.346+0000] {override.py:1912} INFO - Created Permission View: can read on DAG:example_display_name
[2026-07-20T08:21:05.364+0000] {logging_mixin.py:190} INFO - [2026-07-20T08:21:05.364+0000] {override.py:1912} INFO - Created Permission View: can delete on DAG:example_display_name
[2026-07-20T08:21:05.375+0000] {logging_mixin.py:190} INFO - [2026-07-20T08:21:05.375+0000] {override.py:1912} INFO - Created Permission View: can edit on DAG:example_display_name
[2026-07-20T08:21:05.389+0000] {logging_mixin.py:190} INFO - [2026-07-20T08:21:05.389+0000] {override.py:1912} INFO - Created Permission View: menu access on DAG Run:example_display_name
[2026-07-20T08:21:05.400+0000] {logging_mixin.py:190} INFO - [2026-07-20T08:21:05.399+0000] {override.py:1912} INFO - Created Permission View: can read on DAG Run:example_display_name
[2026-07-20T08:21:05.411+0000] {logging_mixin.py:190} INFO - [2026-07-20T08:21:05.411+0000] {override.py:1912} INFO - Created Permission View: can delete on DAG Run:example_display_name
[2026-07-20T08:21:05.423+0000] {logging_mixin.py:190} INFO - [2026-07-20T08:21:05.422+0000] {override.py:1912} INFO - Created Permission View: can create on DAG Run:example_display_name
[2026-07-20T08:21:05.424+0000] {logging_mixin.py:190} INFO - [2026-07-20T08:21:05.424+0000] {dag.py:3239} INFO - Sync 1 DAGs
[2026-07-20T08:21:05.444+0000] {logging_mixin.py:190} INFO - [2026-07-20T08:21:05.443+0000] {dag.py:3262} INFO - Creating ORM DAG for example_display_name
[2026-07-20T08:21:05.445+0000] {logging_mixin.py:190} INFO - [2026-07-20T08:21:05.445+0000] {dag.py:4180} INFO - Setting next_dagrun for example_display_name to None, run_after=None
[2026-07-20T08:21:05.472+0000] {processor.py:208} INFO - Processing /home/airflow/.local/lib/python3.12/site-packages/airflow/example_dags/example_display_name.py took 0.483 seconds
[2026-07-20T08:21:35.564+0000] {processor.py:186} INFO - Started process (PID=165) to work on /home/airflow/.local/lib/python3.12/site-packages/airflow/example_dags/example_display_name.py
[2026-07-20T08:21:35.569+0000] {processor.py:914} INFO - Processing file /home/airflow/.local/lib/python3.12/site-packages/airflow/example_dags/example_display_name.py for tasks to queue
[2026-07-20T08:21:35.574+0000] {logging_mixin.py:190} INFO - [2026-07-20T08:21:35.573+0000] {dagbag.py:588} INFO - Filling up the DagBag from /home/airflow/.local/lib/python3.12/site-packages/airflow/example_dags/example_display_name.py
[2026-07-20T08:21:35.589+0000] {processor.py:925} INFO - DAG(s) 'example_display_name' retrieved from /home/airflow/.local/lib/python3.12/site-packages/airflow/example_dags/example_display_name.py
[2026-07-20T08:21:35.616+0000] {logging_mixin.py:190} INFO - [2026-07-20T08:21:35.616+0000] {dag.py:3239} INFO - Sync 1 DAGs
[2026-07-20T08:21:35.639+0000] {logging_mixin.py:190} INFO - [2026-07-20T08:21:35.638+0000] {dag.py:4180} INFO - Setting next_dagrun for example_display_name to None, run_after=None
[2026-07-20T08:21:35.667+0000] {processor.py:208} INFO - Processing /home/airflow/.local/lib/python3.12/site-packages/airflow/example_dags/example_display_name.py took 0.113 seconds
[2026-07-20T08:22:06.456+0000] {processor.py:186} INFO - Started process (PID=228) to work on /home/airflow/.local/lib/python3.12/site-packages/airflow/example_dags/example_display_name.py
[2026-07-20T08:22:06.458+0000] {processor.py:914} INFO - Processing file /home/airflow/.local/lib/python3.12/site-packages/airflow/example_dags/example_display_name.py for tasks to queue
[2026-07-20T08:22:06.465+0000] {logging_mixin.py:190} INFO - [2026-07-20T08:22:06.464+0000] {dagbag.py:588} INFO - Filling up the DagBag from /home/airflow/.local/lib/python3.12/site-packages/airflow/example_dags/example_display_name.py
[2026-07-20T08:22:06.484+0000] {processor.py:925} INFO - DAG(s) 'example_display_name' retrieved from /home/airflow/.local/lib/python3.12/site-packages/airflow/example_dags/example_display_name.py
[2026-07-20T08:22:06.544+0000] {logging_mixin.py:190} INFO - [2026-07-20T08:22:06.543+0000] {dag.py:3239} INFO - Sync 1 DAGs
[2026-07-20T08:22:06.581+0000] {logging_mixin.py:190} INFO - [2026-07-20T08:22:06.580+0000] {dag.py:4180} INFO - Setting next_dagrun for example_display_name to None, run_after=None
[2026-07-20T08:22:06.625+0000] {processor.py:208} INFO - Processing /home/airflow/.local/lib/python3.12/site-packages/airflow/example_dags/example_display_name.py took 0.181 seconds
[2026-07-20T08:22:37.521+0000] {processor.py:186} INFO - Started process (PID=291) to work on /home/airflow/.local/lib/python3.12/site-packages/airflow/example_dags/example_display_name.py
[2026-07-20T08:22:37.523+0000] {processor.py:914} INFO - Processing file /home/airflow/.local/lib/python3.12/site-packages/airflow/example_dags/example_display_name.py for tasks to queue
[2026-07-20T08:22:37.527+0000] {logging_mixin.py:190} INFO - [2026-07-20T08:22:37.527+0000] {dagbag.py:588} INFO - Filling up the DagBag from /home/airflow/.local/lib/python3.12/site-packages/airflow/example_dags/example_display_name.py
[2026-07-20T08:22:37.541+0000] {processor.py:925} INFO - DAG(s) 'example_display_name' retrieved from /home/airflow/.local/lib/python3.12/site-packages/airflow/example_dags/example_display_name.py
[2026-07-20T08:22:37.571+0000] {logging_mixin.py:190} INFO - [2026-07-20T08:22:37.570+0000] {dag.py:3239} INFO - Sync 1 DAGs
[2026-07-20T08:22:37.595+0000] {logging_mixin.py:190} INFO - [2026-07-20T08:22:37.595+0000] {dag.py:4180} INFO - Setting next_dagrun for example_display_name to None, run_after=None
[2026-07-20T08:22:37.626+0000] {processor.py:208} INFO - Processing /home/airflow/.local/lib/python3.12/site-packages/airflow/example_dags/example_display_name.py took 0.118 seconds
[2026-07-20T08:23:07.913+0000] {processor.py:186} INFO - Started process (PID=354) to work on /home/airflow/.local/lib/python3.12/site-packages/airflow/example_dags/example_display_name.py
[2026-07-20T08:23:07.914+0000] {processor.py:914} INFO - Processing file /home/airflow/.local/lib/python3.12/site-packages/airflow/example_dags/example_display_name.py for tasks to queue
[2026-07-20T08:23:07.918+0000] {logging_mixin.py:190} INFO - [2026-07-20T08:23:07.917+0000] {dagbag.py:588} INFO - Filling up the DagBag from /home/airflow/.local/lib/python3.12/site-packages/airflow/example_dags/example_display_name.py
[2026-07-20T08:23:07.927+0000] {processor.py:925} INFO - DAG(s) 'example_display_name' retrieved from /home/airflow/.local/lib/python3.12/site-packages/airflow/example_dags/example_display_name.py
[2026-07-20T08:23:07.950+0000] {logging_mixin.py:190} INFO - [2026-07-20T08:23:07.950+0000] {dag.py:3239} INFO - Sync 1 DAGs
[2026-07-20T08:23:07.970+0000] {logging_mixin.py:190} INFO - [2026-07-20T08:23:07.970+0000] {dag.py:4180} INFO - Setting next_dagrun for example_display_name to None, run_after=None
[2026-07-20T08:23:08.004+0000] {processor.py:208} INFO - Processing /home/airflow/.local/lib/python3.12/site-packages/airflow/example_dags/example_display_name.py took 0.096 seconds
[2026-07-20T08:23:38.382+0000] {processor.py:186} INFO - Started process (PID=417) to work on /home/airflow/.local/lib/python3.12/site-packages/airflow/example_dags/example_display_name.py
[2026-07-20T08:23:38.384+0000] {processor.py:914} INFO - Processing file /home/airflow/.local/lib/python3.12/site-packages/airflow/example_dags/example_display_name.py for tasks to queue
[2026-07-20T08:23:38.390+0000] {logging_mixin.py:190} INFO - [2026-07-20T08:23:38.389+0000] {dagbag.py:588} INFO - Filling up the DagBag from /home/airflow/.local/lib/python3.12/site-packages/airflow/example_dags/example_display_name.py
[2026-07-20T08:23:38.408+0000] {processor.py:925} INFO - DAG(s) 'example_display_name' retrieved from /home/airflow/.local/lib/python3.12/site-packages/airflow/example_dags/example_display_name.py
[2026-07-20T08:23:38.444+0000] {logging_mixin.py:190} INFO - [2026-07-20T08:23:38.444+0000] {dag.py:3239} INFO - Sync 1 DAGs
[2026-07-20T08:23:38.476+0000] {logging_mixin.py:190} INFO - [2026-07-20T08:23:38.476+0000] {dag.py:4180} INFO - Setting next_dagrun for example_display_name to None, run_after=None
[2026-07-20T08:23:38.508+0000] {processor.py:208} INFO - Processing /home/airflow/.local/lib/python3.12/site-packages/airflow/example_dags/example_display_name.py took 0.136 seconds
[2026-07-20T08:24:08.924+0000] {processor.py:186} INFO - Started process (PID=480) to work on /home/airflow/.local/lib/python3.12/site-packages/airflow/example_dags/example_display_name.py
[2026-07-20T08:24:08.925+0000] {processor.py:914} INFO - Processing file /home/airflow/.local/lib/python3.12/site-packages/airflow/example_dags/example_display_name.py for tasks to queue
[2026-07-20T08:24:08.928+0000] {logging_mixin.py:190} INFO - [2026-07-20T08:24:08.928+0000] {dagbag.py:588} INFO - Filling up the DagBag from /home/airflow/.local/lib/python3.12/site-packages/airflow/example_dags/example_display_name.py
[2026-07-20T08:24:08.941+0000] {processor.py:925} INFO - DAG(s) 'example_display_name' retrieved from /home/airflow/.local/lib/python3.12/site-packages/airflow/example_dags/example_display_name.py
[2026-07-20T08:24:08.977+0000] {logging_mixin.py:190} INFO - [2026-07-20T08:24:08.977+0000] {dag.py:3239} INFO - Sync 1 DAGs
[2026-07-20T08:24:09.002+0000] {logging_mixin.py:190} INFO - [2026-07-20T08:24:09.002+0000] {dag.py:4180} INFO - Setting next_dagrun for example_display_name to None, run_after=None
[2026-07-20T08:24:09.037+0000] {processor.py:208} INFO - Processing /home/airflow/.local/lib/python3.12/site-packages/airflow/example_dags/example_display_name.py took 0.122 seconds
[2026-07-20T08:24:39.362+0000] {processor.py:186} INFO - Started process (PID=543) to work on /home/airflow/.local/lib/python3.12/site-packages/airflow/example_dags/example_display_name.py
[2026-07-20T08:24:39.364+0000] {processor.py:914} INFO - Processing file /home/airflow/.local/lib/python3.12/site-packages/airflow/example_dags/example_display_name.py for tasks to queue
[2026-07-20T08:24:39.369+0000] {logging_mixin.py:190} INFO - [2026-07-20T08:24:39.368+0000] {dagbag.py:588} INFO - Filling up the DagBag from /home/airflow/.local/lib/python3.12/site-packages/airflow/example_dags/example_display_name.py
[2026-07-20T08:24:39.381+0000] {processor.py:925} INFO - DAG(s) 'example_display_name' retrieved from /home/airflow/.local/lib/python3.12/site-packages/airflow/example_dags/example_display_name.py
[2026-07-20T08:24:39.417+0000] {logging_mixin.py:190} INFO - [2026-07-20T08:24:39.416+0000] {dag.py:3239} INFO - Sync 1 DAGs
[2026-07-20T08:24:39.451+0000] {logging_mixin.py:190} INFO - [2026-07-20T08:24:39.451+0000] {dag.py:4180} INFO - Setting next_dagrun for example_display_name to None, run_after=None
[2026-07-20T08:24:39.483+0000] {processor.py:208} INFO - Processing /home/airflow/.local/lib/python3.12/site-packages/airflow/example_dags/example_display_name.py took 0.129 seconds
[2026-07-20T08:25:30.219+0000] {processor.py:186} INFO - Started process (PID=77) to work on /home/airflow/.local/lib/python3.12/site-packages/airflow/example_dags/example_display_name.py
[2026-07-20T08:25:30.220+0000] {processor.py:914} INFO - Processing file /home/airflow/.local/lib/python3.12/site-packages/airflow/example_dags/example_display_name.py for tasks to queue
[2026-07-20T08:25:30.223+0000] {logging_mixin.py:190} INFO - [2026-07-20T08:25:30.223+0000] {dagbag.py:588} INFO - Filling up the DagBag from /home/airflow/.local/lib/python3.12/site-packages/airflow/example_dags/example_display_name.py
[2026-07-20T08:25:30.235+0000] {processor.py:925} INFO - DAG(s) 'example_display_name' retrieved from /home/airflow/.local/lib/python3.12/site-packages/airflow/example_dags/example_display_name.py
[2026-07-20T08:25:30.274+0000] {logging_mixin.py:190} INFO - [2026-07-20T08:25:30.273+0000] {dag.py:3239} INFO - Sync 1 DAGs
[2026-07-20T08:25:30.307+0000] {logging_mixin.py:190} INFO - [2026-07-20T08:25:30.307+0000] {dag.py:4180} INFO - Setting next_dagrun for example_display_name to None, run_after=None
[2026-07-20T08:25:30.336+0000] {processor.py:208} INFO - Processing /home/airflow/.local/lib/python3.12/site-packages/airflow/example_dags/example_display_name.py took 0.122 seconds
