[2026-07-20T08:21:16.716+0000] {processor.py:186} INFO - Started process (PID=147) to work on /home/airflow/.local/lib/python3.12/site-packages/airflow/example_dags/example_setup_teardown.py
[2026-07-20T08:21:16.718+0000] {processor.py:914} INFO - Processing file /home/airflow/.local/lib/python3.12/site-packages/airflow/example_dags/example_setup_teardown.py for tasks to queue
[2026-07-20T08:21:16.723+0000] {logging_mixin.py:190} INFO - [2026-07-20T08:21:16.722+0000] {dagbag.py:588} INFO - Filling up the DagBag from /home/airflow/.local/lib/python3.12/site-packages/airflow/example_dags/example_setup_teardown.py
[2026-07-20T08:21:16.739+0000] {processor.py:925} INFO - DAG(s) 'example_setup_teardown' retrieved from /home/airflow/.local/lib/python3.12/site-packages/airflow/example_dags/example_setup_teardown.py
[2026-07-20T08:21:16.938+0000] {logging_mixin.py:190} INFO - [2026-07-20T08:21:16.937+0000] {override.py:1912} INFO - Created Permission View: can read on DAG:example_setup_teardown
[2026-07-20T08:21:16.955+0000] {logging_mixin.py:190} INFO - [2026-07-20T08:21:16.954+0000] {override.py:1912} INFO - Created Permission View: can delete on DAG:example_setup_teardown
[2026-07-20T08:21:16.966+0000] {logging_mixin.py:190} INFO - [2026-07-20T08:21:16.966+0000] {override.py:1912} INFO - Created Permission View: can edit on DAG:example_setup_teardown
[2026-07-20T08:21:16.980+0000] {logging_mixin.py:190} INFO - [2026-07-20T08:21:16.979+0000] {override.py:1912} INFO - Created Permission View: menu access on DAG Run:example_setup_teardown
[2026-07-20T08:21:16.995+0000] {logging_mixin.py:190} INFO - [2026-07-20T08:21:16.995+0000] {override.py:1912} INFO - Created Permission View: can read on DAG Run:example_setup_teardown
[2026-07-20T08:21:17.005+0000] {logging_mixin.py:190} INFO - [2026-07-20T08:21:17.005+0000] {override.py:1912} INFO - Created Permission View: can delete on DAG Run:example_setup_teardown
[2026-07-20T08:21:17.016+0000] {logging_mixin.py:190} INFO - [2026-07-20T08:21:17.015+0000] {override.py:1912} INFO - Created Permission View: can create on DAG Run:example_setup_teardown
[2026-07-20T08:21:17.017+0000] {logging_mixin.py:190} INFO - [2026-07-20T08:21:17.017+0000] {dag.py:3239} INFO - Sync 1 DAGs
[2026-07-20T08:21:17.042+0000] {logging_mixin.py:190} INFO - [2026-07-20T08:21:17.042+0000] {dag.py:3262} INFO - Creating ORM DAG for example_setup_teardown
[2026-07-20T08:21:17.044+0000] {logging_mixin.py:190} INFO - [2026-07-20T08:21:17.044+0000] {dag.py:4180} INFO - Setting next_dagrun for example_setup_teardown to None, run_after=None
[2026-07-20T08:21:17.071+0000] {processor.py:208} INFO - Processing /home/airflow/.local/lib/python3.12/site-packages/airflow/example_dags/example_setup_teardown.py took 0.365 seconds
[2026-07-20T08:21:47.671+0000] {processor.py:186} INFO - Started process (PID=210) to work on /home/airflow/.local/lib/python3.12/site-packages/airflow/example_dags/example_setup_teardown.py
[2026-07-20T08:21:47.673+0000] {processor.py:914} INFO - Processing file /home/airflow/.local/lib/python3.12/site-packages/airflow/example_dags/example_setup_teardown.py for tasks to queue
[2026-07-20T08:21:47.676+0000] {logging_mixin.py:190} INFO - [2026-07-20T08:21:47.675+0000] {dagbag.py:588} INFO - Filling up the DagBag from /home/airflow/.local/lib/python3.12/site-packages/airflow/example_dags/example_setup_teardown.py
[2026-07-20T08:21:47.685+0000] {processor.py:925} INFO - DAG(s) 'example_setup_teardown' retrieved from /home/airflow/.local/lib/python3.12/site-packages/airflow/example_dags/example_setup_teardown.py
[2026-07-20T08:21:47.707+0000] {logging_mixin.py:190} INFO - [2026-07-20T08:21:47.707+0000] {dag.py:3239} INFO - Sync 1 DAGs
[2026-07-20T08:21:47.725+0000] {logging_mixin.py:190} INFO - [2026-07-20T08:21:47.725+0000] {dag.py:4180} INFO - Setting next_dagrun for example_setup_teardown to None, run_after=None
[2026-07-20T08:21:47.747+0000] {processor.py:208} INFO - Processing /home/airflow/.local/lib/python3.12/site-packages/airflow/example_dags/example_setup_teardown.py took 0.081 seconds
[2026-07-20T08:22:18.589+0000] {processor.py:186} INFO - Started process (PID=273) to work on /home/airflow/.local/lib/python3.12/site-packages/airflow/example_dags/example_setup_teardown.py
[2026-07-20T08:22:18.590+0000] {processor.py:914} INFO - Processing file /home/airflow/.local/lib/python3.12/site-packages/airflow/example_dags/example_setup_teardown.py for tasks to queue
[2026-07-20T08:22:18.593+0000] {logging_mixin.py:190} INFO - [2026-07-20T08:22:18.592+0000] {dagbag.py:588} INFO - Filling up the DagBag from /home/airflow/.local/lib/python3.12/site-packages/airflow/example_dags/example_setup_teardown.py
[2026-07-20T08:22:18.601+0000] {processor.py:925} INFO - DAG(s) 'example_setup_teardown' retrieved from /home/airflow/.local/lib/python3.12/site-packages/airflow/example_dags/example_setup_teardown.py
[2026-07-20T08:22:18.625+0000] {logging_mixin.py:190} INFO - [2026-07-20T08:22:18.625+0000] {dag.py:3239} INFO - Sync 1 DAGs
[2026-07-20T08:22:18.648+0000] {logging_mixin.py:190} INFO - [2026-07-20T08:22:18.648+0000] {dag.py:4180} INFO - Setting next_dagrun for example_setup_teardown to None, run_after=None
[2026-07-20T08:22:18.678+0000] {processor.py:208} INFO - Processing /home/airflow/.local/lib/python3.12/site-packages/airflow/example_dags/example_setup_teardown.py took 0.094 seconds
[2026-07-20T08:22:48.841+0000] {processor.py:186} INFO - Started process (PID=335) to work on /home/airflow/.local/lib/python3.12/site-packages/airflow/example_dags/example_setup_teardown.py
[2026-07-20T08:22:48.842+0000] {processor.py:914} INFO - Processing file /home/airflow/.local/lib/python3.12/site-packages/airflow/example_dags/example_setup_teardown.py for tasks to queue
[2026-07-20T08:22:48.846+0000] {logging_mixin.py:190} INFO - [2026-07-20T08:22:48.845+0000] {dagbag.py:588} INFO - Filling up the DagBag from /home/airflow/.local/lib/python3.12/site-packages/airflow/example_dags/example_setup_teardown.py
[2026-07-20T08:22:48.856+0000] {processor.py:925} INFO - DAG(s) 'example_setup_teardown' retrieved from /home/airflow/.local/lib/python3.12/site-packages/airflow/example_dags/example_setup_teardown.py
[2026-07-20T08:22:48.880+0000] {logging_mixin.py:190} INFO - [2026-07-20T08:22:48.880+0000] {dag.py:3239} INFO - Sync 1 DAGs
[2026-07-20T08:22:48.897+0000] {logging_mixin.py:190} INFO - [2026-07-20T08:22:48.897+0000] {dag.py:4180} INFO - Setting next_dagrun for example_setup_teardown to None, run_after=None
[2026-07-20T08:22:48.920+0000] {processor.py:208} INFO - Processing /home/airflow/.local/lib/python3.12/site-packages/airflow/example_dags/example_setup_teardown.py took 0.086 seconds
[2026-07-20T08:23:19.324+0000] {processor.py:186} INFO - Started process (PID=398) to work on /home/airflow/.local/lib/python3.12/site-packages/airflow/example_dags/example_setup_teardown.py
[2026-07-20T08:23:19.329+0000] {processor.py:914} INFO - Processing file /home/airflow/.local/lib/python3.12/site-packages/airflow/example_dags/example_setup_teardown.py for tasks to queue
[2026-07-20T08:23:19.335+0000] {logging_mixin.py:190} INFO - [2026-07-20T08:23:19.335+0000] {dagbag.py:588} INFO - Filling up the DagBag from /home/airflow/.local/lib/python3.12/site-packages/airflow/example_dags/example_setup_teardown.py
[2026-07-20T08:23:19.347+0000] {processor.py:925} INFO - DAG(s) 'example_setup_teardown' retrieved from /home/airflow/.local/lib/python3.12/site-packages/airflow/example_dags/example_setup_teardown.py
[2026-07-20T08:23:19.372+0000] {logging_mixin.py:190} INFO - [2026-07-20T08:23:19.371+0000] {dag.py:3239} INFO - Sync 1 DAGs
[2026-07-20T08:23:19.392+0000] {logging_mixin.py:190} INFO - [2026-07-20T08:23:19.392+0000] {dag.py:4180} INFO - Setting next_dagrun for example_setup_teardown to None, run_after=None
[2026-07-20T08:23:19.415+0000] {processor.py:208} INFO - Processing /home/airflow/.local/lib/python3.12/site-packages/airflow/example_dags/example_setup_teardown.py took 0.099 seconds
[2026-07-20T08:23:50.203+0000] {processor.py:186} INFO - Started process (PID=461) to work on /home/airflow/.local/lib/python3.12/site-packages/airflow/example_dags/example_setup_teardown.py
[2026-07-20T08:23:50.205+0000] {processor.py:914} INFO - Processing file /home/airflow/.local/lib/python3.12/site-packages/airflow/example_dags/example_setup_teardown.py for tasks to queue
[2026-07-20T08:23:50.208+0000] {logging_mixin.py:190} INFO - [2026-07-20T08:23:50.207+0000] {dagbag.py:588} INFO - Filling up the DagBag from /home/airflow/.local/lib/python3.12/site-packages/airflow/example_dags/example_setup_teardown.py
[2026-07-20T08:23:50.218+0000] {processor.py:925} INFO - DAG(s) 'example_setup_teardown' retrieved from /home/airflow/.local/lib/python3.12/site-packages/airflow/example_dags/example_setup_teardown.py
[2026-07-20T08:23:50.239+0000] {logging_mixin.py:190} INFO - [2026-07-20T08:23:50.239+0000] {dag.py:3239} INFO - Sync 1 DAGs
[2026-07-20T08:23:50.256+0000] {logging_mixin.py:190} INFO - [2026-07-20T08:23:50.256+0000] {dag.py:4180} INFO - Setting next_dagrun for example_setup_teardown to None, run_after=None
[2026-07-20T08:23:50.280+0000] {processor.py:208} INFO - Processing /home/airflow/.local/lib/python3.12/site-packages/airflow/example_dags/example_setup_teardown.py took 0.083 seconds
[2026-07-20T08:24:20.985+0000] {processor.py:186} INFO - Started process (PID=524) to work on /home/airflow/.local/lib/python3.12/site-packages/airflow/example_dags/example_setup_teardown.py
[2026-07-20T08:24:20.987+0000] {processor.py:914} INFO - Processing file /home/airflow/.local/lib/python3.12/site-packages/airflow/example_dags/example_setup_teardown.py for tasks to queue
[2026-07-20T08:24:20.990+0000] {logging_mixin.py:190} INFO - [2026-07-20T08:24:20.990+0000] {dagbag.py:588} INFO - Filling up the DagBag from /home/airflow/.local/lib/python3.12/site-packages/airflow/example_dags/example_setup_teardown.py
[2026-07-20T08:24:21.003+0000] {processor.py:925} INFO - DAG(s) 'example_setup_teardown' retrieved from /home/airflow/.local/lib/python3.12/site-packages/airflow/example_dags/example_setup_teardown.py
[2026-07-20T08:24:21.029+0000] {logging_mixin.py:190} INFO - [2026-07-20T08:24:21.029+0000] {dag.py:3239} INFO - Sync 1 DAGs
[2026-07-20T08:24:21.048+0000] {logging_mixin.py:190} INFO - [2026-07-20T08:24:21.047+0000] {dag.py:4180} INFO - Setting next_dagrun for example_setup_teardown to None, run_after=None
[2026-07-20T08:24:21.074+0000] {processor.py:208} INFO - Processing /home/airflow/.local/lib/python3.12/site-packages/airflow/example_dags/example_setup_teardown.py took 0.097 seconds
