[2026-07-20T08:21:11.469+0000] {processor.py:186} INFO - Started process (PID=125) to work on /home/airflow/.local/lib/python3.12/site-packages/airflow/example_dags/example_trigger_target_dag.py
[2026-07-20T08:21:11.472+0000] {processor.py:914} INFO - Processing file /home/airflow/.local/lib/python3.12/site-packages/airflow/example_dags/example_trigger_target_dag.py for tasks to queue
[2026-07-20T08:21:11.476+0000] {logging_mixin.py:190} INFO - [2026-07-20T08:21:11.476+0000] {dagbag.py:588} INFO - Filling up the DagBag from /home/airflow/.local/lib/python3.12/site-packages/airflow/example_dags/example_trigger_target_dag.py
[2026-07-20T08:21:11.490+0000] {processor.py:925} INFO - DAG(s) 'example_trigger_target_dag' retrieved from /home/airflow/.local/lib/python3.12/site-packages/airflow/example_dags/example_trigger_target_dag.py
[2026-07-20T08:21:11.633+0000] {logging_mixin.py:190} INFO - [2026-07-20T08:21:11.632+0000] {override.py:1912} INFO - Created Permission View: can read on DAG:example_trigger_target_dag
[2026-07-20T08:21:11.646+0000] {logging_mixin.py:190} INFO - [2026-07-20T08:21:11.646+0000] {override.py:1912} INFO - Created Permission View: can delete on DAG:example_trigger_target_dag
[2026-07-20T08:21:11.655+0000] {logging_mixin.py:190} INFO - [2026-07-20T08:21:11.655+0000] {override.py:1912} INFO - Created Permission View: can edit on DAG:example_trigger_target_dag
[2026-07-20T08:21:11.666+0000] {logging_mixin.py:190} INFO - [2026-07-20T08:21:11.665+0000] {override.py:1912} INFO - Created Permission View: menu access on DAG Run:example_trigger_target_dag
[2026-07-20T08:21:11.674+0000] {logging_mixin.py:190} INFO - [2026-07-20T08:21:11.674+0000] {override.py:1912} INFO - Created Permission View: can read on DAG Run:example_trigger_target_dag
[2026-07-20T08:21:11.684+0000] {logging_mixin.py:190} INFO - [2026-07-20T08:21:11.684+0000] {override.py:1912} INFO - Created Permission View: can delete on DAG Run:example_trigger_target_dag
[2026-07-20T08:21:11.693+0000] {logging_mixin.py:190} INFO - [2026-07-20T08:21:11.693+0000] {override.py:1912} INFO - Created Permission View: can create on DAG Run:example_trigger_target_dag
[2026-07-20T08:21:11.694+0000] {logging_mixin.py:190} INFO - [2026-07-20T08:21:11.694+0000] {dag.py:3239} INFO - Sync 1 DAGs
[2026-07-20T08:21:11.711+0000] {logging_mixin.py:190} INFO - [2026-07-20T08:21:11.711+0000] {dag.py:3262} INFO - Creating ORM DAG for example_trigger_target_dag
[2026-07-20T08:21:11.713+0000] {logging_mixin.py:190} INFO - [2026-07-20T08:21:11.712+0000] {dag.py:4180} INFO - Setting next_dagrun for example_trigger_target_dag to None, run_after=None
[2026-07-20T08:21:11.740+0000] {processor.py:208} INFO - Processing /home/airflow/.local/lib/python3.12/site-packages/airflow/example_dags/example_trigger_target_dag.py took 0.278 seconds
[2026-07-20T08:21:42.213+0000] {processor.py:186} INFO - Started process (PID=188) to work on /home/airflow/.local/lib/python3.12/site-packages/airflow/example_dags/example_trigger_target_dag.py
[2026-07-20T08:21:42.214+0000] {processor.py:914} INFO - Processing file /home/airflow/.local/lib/python3.12/site-packages/airflow/example_dags/example_trigger_target_dag.py for tasks to queue
[2026-07-20T08:21:42.218+0000] {logging_mixin.py:190} INFO - [2026-07-20T08:21:42.217+0000] {dagbag.py:588} INFO - Filling up the DagBag from /home/airflow/.local/lib/python3.12/site-packages/airflow/example_dags/example_trigger_target_dag.py
[2026-07-20T08:21:42.228+0000] {processor.py:925} INFO - DAG(s) 'example_trigger_target_dag' retrieved from /home/airflow/.local/lib/python3.12/site-packages/airflow/example_dags/example_trigger_target_dag.py
[2026-07-20T08:21:42.253+0000] {logging_mixin.py:190} INFO - [2026-07-20T08:21:42.252+0000] {dag.py:3239} INFO - Sync 1 DAGs
[2026-07-20T08:21:42.273+0000] {logging_mixin.py:190} INFO - [2026-07-20T08:21:42.273+0000] {dag.py:4180} INFO - Setting next_dagrun for example_trigger_target_dag to None, run_after=None
[2026-07-20T08:21:42.301+0000] {processor.py:208} INFO - Processing /home/airflow/.local/lib/python3.12/site-packages/airflow/example_dags/example_trigger_target_dag.py took 0.095 seconds
[2026-07-20T08:22:13.118+0000] {processor.py:186} INFO - Started process (PID=251) to work on /home/airflow/.local/lib/python3.12/site-packages/airflow/example_dags/example_trigger_target_dag.py
[2026-07-20T08:22:13.119+0000] {processor.py:914} INFO - Processing file /home/airflow/.local/lib/python3.12/site-packages/airflow/example_dags/example_trigger_target_dag.py for tasks to queue
[2026-07-20T08:22:13.122+0000] {logging_mixin.py:190} INFO - [2026-07-20T08:22:13.122+0000] {dagbag.py:588} INFO - Filling up the DagBag from /home/airflow/.local/lib/python3.12/site-packages/airflow/example_dags/example_trigger_target_dag.py
[2026-07-20T08:22:13.131+0000] {processor.py:925} INFO - DAG(s) 'example_trigger_target_dag' retrieved from /home/airflow/.local/lib/python3.12/site-packages/airflow/example_dags/example_trigger_target_dag.py
[2026-07-20T08:22:13.153+0000] {logging_mixin.py:190} INFO - [2026-07-20T08:22:13.153+0000] {dag.py:3239} INFO - Sync 1 DAGs
[2026-07-20T08:22:13.169+0000] {logging_mixin.py:190} INFO - [2026-07-20T08:22:13.169+0000] {dag.py:4180} INFO - Setting next_dagrun for example_trigger_target_dag to None, run_after=None
[2026-07-20T08:22:13.190+0000] {processor.py:208} INFO - Processing /home/airflow/.local/lib/python3.12/site-packages/airflow/example_dags/example_trigger_target_dag.py took 0.079 seconds
[2026-07-20T08:22:43.830+0000] {processor.py:186} INFO - Started process (PID=313) to work on /home/airflow/.local/lib/python3.12/site-packages/airflow/example_dags/example_trigger_target_dag.py
[2026-07-20T08:22:43.832+0000] {processor.py:914} INFO - Processing file /home/airflow/.local/lib/python3.12/site-packages/airflow/example_dags/example_trigger_target_dag.py for tasks to queue
[2026-07-20T08:22:43.836+0000] {logging_mixin.py:190} INFO - [2026-07-20T08:22:43.835+0000] {dagbag.py:588} INFO - Filling up the DagBag from /home/airflow/.local/lib/python3.12/site-packages/airflow/example_dags/example_trigger_target_dag.py
[2026-07-20T08:22:43.863+0000] {processor.py:925} INFO - DAG(s) 'example_trigger_target_dag' retrieved from /home/airflow/.local/lib/python3.12/site-packages/airflow/example_dags/example_trigger_target_dag.py
[2026-07-20T08:22:43.914+0000] {logging_mixin.py:190} INFO - [2026-07-20T08:22:43.914+0000] {dag.py:3239} INFO - Sync 1 DAGs
[2026-07-20T08:22:43.950+0000] {logging_mixin.py:190} INFO - [2026-07-20T08:22:43.950+0000] {dag.py:4180} INFO - Setting next_dagrun for example_trigger_target_dag to None, run_after=None
[2026-07-20T08:22:43.994+0000] {processor.py:208} INFO - Processing /home/airflow/.local/lib/python3.12/site-packages/airflow/example_dags/example_trigger_target_dag.py took 0.176 seconds
[2026-07-20T08:23:14.053+0000] {processor.py:186} INFO - Started process (PID=375) to work on /home/airflow/.local/lib/python3.12/site-packages/airflow/example_dags/example_trigger_target_dag.py
[2026-07-20T08:23:14.055+0000] {processor.py:914} INFO - Processing file /home/airflow/.local/lib/python3.12/site-packages/airflow/example_dags/example_trigger_target_dag.py for tasks to queue
[2026-07-20T08:23:14.058+0000] {logging_mixin.py:190} INFO - [2026-07-20T08:23:14.057+0000] {dagbag.py:588} INFO - Filling up the DagBag from /home/airflow/.local/lib/python3.12/site-packages/airflow/example_dags/example_trigger_target_dag.py
[2026-07-20T08:23:14.068+0000] {processor.py:925} INFO - DAG(s) 'example_trigger_target_dag' retrieved from /home/airflow/.local/lib/python3.12/site-packages/airflow/example_dags/example_trigger_target_dag.py
[2026-07-20T08:23:14.093+0000] {logging_mixin.py:190} INFO - [2026-07-20T08:23:14.092+0000] {dag.py:3239} INFO - Sync 1 DAGs
[2026-07-20T08:23:14.111+0000] {logging_mixin.py:190} INFO - [2026-07-20T08:23:14.110+0000] {dag.py:4180} INFO - Setting next_dagrun for example_trigger_target_dag to None, run_after=None
[2026-07-20T08:23:14.133+0000] {processor.py:208} INFO - Processing /home/airflow/.local/lib/python3.12/site-packages/airflow/example_dags/example_trigger_target_dag.py took 0.090 seconds
[2026-07-20T08:23:44.384+0000] {processor.py:186} INFO - Started process (PID=438) to work on /home/airflow/.local/lib/python3.12/site-packages/airflow/example_dags/example_trigger_target_dag.py
[2026-07-20T08:23:44.385+0000] {processor.py:914} INFO - Processing file /home/airflow/.local/lib/python3.12/site-packages/airflow/example_dags/example_trigger_target_dag.py for tasks to queue
[2026-07-20T08:23:44.389+0000] {logging_mixin.py:190} INFO - [2026-07-20T08:23:44.389+0000] {dagbag.py:588} INFO - Filling up the DagBag from /home/airflow/.local/lib/python3.12/site-packages/airflow/example_dags/example_trigger_target_dag.py
[2026-07-20T08:23:44.403+0000] {processor.py:925} INFO - DAG(s) 'example_trigger_target_dag' retrieved from /home/airflow/.local/lib/python3.12/site-packages/airflow/example_dags/example_trigger_target_dag.py
[2026-07-20T08:23:44.426+0000] {logging_mixin.py:190} INFO - [2026-07-20T08:23:44.426+0000] {dag.py:3239} INFO - Sync 1 DAGs
[2026-07-20T08:23:44.448+0000] {logging_mixin.py:190} INFO - [2026-07-20T08:23:44.448+0000] {dag.py:4180} INFO - Setting next_dagrun for example_trigger_target_dag to None, run_after=None
[2026-07-20T08:23:44.472+0000] {processor.py:208} INFO - Processing /home/airflow/.local/lib/python3.12/site-packages/airflow/example_dags/example_trigger_target_dag.py took 0.097 seconds
[2026-07-20T08:24:14.744+0000] {processor.py:186} INFO - Started process (PID=501) to work on /home/airflow/.local/lib/python3.12/site-packages/airflow/example_dags/example_trigger_target_dag.py
[2026-07-20T08:24:14.745+0000] {processor.py:914} INFO - Processing file /home/airflow/.local/lib/python3.12/site-packages/airflow/example_dags/example_trigger_target_dag.py for tasks to queue
[2026-07-20T08:24:14.748+0000] {logging_mixin.py:190} INFO - [2026-07-20T08:24:14.747+0000] {dagbag.py:588} INFO - Filling up the DagBag from /home/airflow/.local/lib/python3.12/site-packages/airflow/example_dags/example_trigger_target_dag.py
[2026-07-20T08:24:14.756+0000] {processor.py:925} INFO - DAG(s) 'example_trigger_target_dag' retrieved from /home/airflow/.local/lib/python3.12/site-packages/airflow/example_dags/example_trigger_target_dag.py
[2026-07-20T08:24:14.775+0000] {logging_mixin.py:190} INFO - [2026-07-20T08:24:14.775+0000] {dag.py:3239} INFO - Sync 1 DAGs
[2026-07-20T08:24:14.790+0000] {logging_mixin.py:190} INFO - [2026-07-20T08:24:14.789+0000] {dag.py:4180} INFO - Setting next_dagrun for example_trigger_target_dag to None, run_after=None
[2026-07-20T08:24:14.810+0000] {processor.py:208} INFO - Processing /home/airflow/.local/lib/python3.12/site-packages/airflow/example_dags/example_trigger_target_dag.py took 0.072 seconds
[2026-07-20T08:24:45.009+0000] {processor.py:186} INFO - Started process (PID=564) to work on /home/airflow/.local/lib/python3.12/site-packages/airflow/example_dags/example_trigger_target_dag.py
[2026-07-20T08:24:45.010+0000] {processor.py:914} INFO - Processing file /home/airflow/.local/lib/python3.12/site-packages/airflow/example_dags/example_trigger_target_dag.py for tasks to queue
[2026-07-20T08:24:45.013+0000] {logging_mixin.py:190} INFO - [2026-07-20T08:24:45.012+0000] {dagbag.py:588} INFO - Filling up the DagBag from /home/airflow/.local/lib/python3.12/site-packages/airflow/example_dags/example_trigger_target_dag.py
[2026-07-20T08:24:45.022+0000] {processor.py:925} INFO - DAG(s) 'example_trigger_target_dag' retrieved from /home/airflow/.local/lib/python3.12/site-packages/airflow/example_dags/example_trigger_target_dag.py
[2026-07-20T08:24:45.042+0000] {logging_mixin.py:190} INFO - [2026-07-20T08:24:45.042+0000] {dag.py:3239} INFO - Sync 1 DAGs
[2026-07-20T08:24:45.060+0000] {logging_mixin.py:190} INFO - [2026-07-20T08:24:45.060+0000] {dag.py:4180} INFO - Setting next_dagrun for example_trigger_target_dag to None, run_after=None
[2026-07-20T08:24:45.081+0000] {processor.py:208} INFO - Processing /home/airflow/.local/lib/python3.12/site-packages/airflow/example_dags/example_trigger_target_dag.py took 0.079 seconds
