[2026-07-20T08:21:13.473+0000] {processor.py:186} INFO - Started process (PID=136) to work on /home/airflow/.local/lib/python3.12/site-packages/airflow/example_dags/example_branch_python_dop_operator_3.py
[2026-07-20T08:21:13.474+0000] {processor.py:914} INFO - Processing file /home/airflow/.local/lib/python3.12/site-packages/airflow/example_dags/example_branch_python_dop_operator_3.py for tasks to queue
[2026-07-20T08:21:13.478+0000] {logging_mixin.py:190} INFO - [2026-07-20T08:21:13.478+0000] {dagbag.py:588} INFO - Filling up the DagBag from /home/airflow/.local/lib/python3.12/site-packages/airflow/example_dags/example_branch_python_dop_operator_3.py
[2026-07-20T08:21:13.493+0000] {processor.py:925} INFO - DAG(s) 'example_branch_dop_operator_v3' retrieved from /home/airflow/.local/lib/python3.12/site-packages/airflow/example_dags/example_branch_python_dop_operator_3.py
[2026-07-20T08:21:13.652+0000] {logging_mixin.py:190} INFO - [2026-07-20T08:21:13.652+0000] {override.py:1912} INFO - Created Permission View: can read on DAG:example_branch_dop_operator_v3
[2026-07-20T08:21:13.666+0000] {logging_mixin.py:190} INFO - [2026-07-20T08:21:13.666+0000] {override.py:1912} INFO - Created Permission View: can delete on DAG:example_branch_dop_operator_v3
[2026-07-20T08:21:13.676+0000] {logging_mixin.py:190} INFO - [2026-07-20T08:21:13.676+0000] {override.py:1912} INFO - Created Permission View: can edit on DAG:example_branch_dop_operator_v3
[2026-07-20T08:21:13.688+0000] {logging_mixin.py:190} INFO - [2026-07-20T08:21:13.688+0000] {override.py:1912} INFO - Created Permission View: menu access on DAG Run:example_branch_dop_operator_v3
[2026-07-20T08:21:13.701+0000] {logging_mixin.py:190} INFO - [2026-07-20T08:21:13.701+0000] {override.py:1912} INFO - Created Permission View: can read on DAG Run:example_branch_dop_operator_v3
[2026-07-20T08:21:13.711+0000] {logging_mixin.py:190} INFO - [2026-07-20T08:21:13.711+0000] {override.py:1912} INFO - Created Permission View: can delete on DAG Run:example_branch_dop_operator_v3
[2026-07-20T08:21:13.723+0000] {logging_mixin.py:190} INFO - [2026-07-20T08:21:13.723+0000] {override.py:1912} INFO - Created Permission View: can create on DAG Run:example_branch_dop_operator_v3
[2026-07-20T08:21:13.724+0000] {logging_mixin.py:190} INFO - [2026-07-20T08:21:13.724+0000] {dag.py:3239} INFO - Sync 1 DAGs
[2026-07-20T08:21:13.744+0000] {logging_mixin.py:190} INFO - [2026-07-20T08:21:13.744+0000] {dag.py:3262} INFO - Creating ORM DAG for example_branch_dop_operator_v3
[2026-07-20T08:21:13.763+0000] {logging_mixin.py:190} INFO - [2026-07-20T08:21:13.762+0000] {dag.py:4180} INFO - Setting next_dagrun for example_branch_dop_operator_v3 to 2026-07-20 08:20:00+00:00, run_after=2026-07-20 08:21:00+00:00
[2026-07-20T08:21:13.784+0000] {processor.py:208} INFO - Processing /home/airflow/.local/lib/python3.12/site-packages/airflow/example_dags/example_branch_python_dop_operator_3.py took 0.317 seconds
[2026-07-20T08:21:44.201+0000] {processor.py:186} INFO - Started process (PID=199) to work on /home/airflow/.local/lib/python3.12/site-packages/airflow/example_dags/example_branch_python_dop_operator_3.py
[2026-07-20T08:21:44.203+0000] {processor.py:914} INFO - Processing file /home/airflow/.local/lib/python3.12/site-packages/airflow/example_dags/example_branch_python_dop_operator_3.py for tasks to queue
[2026-07-20T08:21:44.207+0000] {logging_mixin.py:190} INFO - [2026-07-20T08:21:44.207+0000] {dagbag.py:588} INFO - Filling up the DagBag from /home/airflow/.local/lib/python3.12/site-packages/airflow/example_dags/example_branch_python_dop_operator_3.py
[2026-07-20T08:21:44.222+0000] {processor.py:925} INFO - DAG(s) 'example_branch_dop_operator_v3' retrieved from /home/airflow/.local/lib/python3.12/site-packages/airflow/example_dags/example_branch_python_dop_operator_3.py
[2026-07-20T08:21:44.245+0000] {logging_mixin.py:190} INFO - [2026-07-20T08:21:44.245+0000] {dag.py:3239} INFO - Sync 1 DAGs
[2026-07-20T08:21:44.282+0000] {logging_mixin.py:190} INFO - [2026-07-20T08:21:44.282+0000] {dag.py:4180} INFO - Setting next_dagrun for example_branch_dop_operator_v3 to 2026-07-20 08:20:00+00:00, run_after=2026-07-20 08:21:00+00:00
[2026-07-20T08:21:44.311+0000] {processor.py:208} INFO - Processing /home/airflow/.local/lib/python3.12/site-packages/airflow/example_dags/example_branch_python_dop_operator_3.py took 0.118 seconds
[2026-07-20T08:22:15.290+0000] {processor.py:186} INFO - Started process (PID=262) to work on /home/airflow/.local/lib/python3.12/site-packages/airflow/example_dags/example_branch_python_dop_operator_3.py
[2026-07-20T08:22:15.292+0000] {processor.py:914} INFO - Processing file /home/airflow/.local/lib/python3.12/site-packages/airflow/example_dags/example_branch_python_dop_operator_3.py for tasks to queue
[2026-07-20T08:22:15.294+0000] {logging_mixin.py:190} INFO - [2026-07-20T08:22:15.294+0000] {dagbag.py:588} INFO - Filling up the DagBag from /home/airflow/.local/lib/python3.12/site-packages/airflow/example_dags/example_branch_python_dop_operator_3.py
[2026-07-20T08:22:15.308+0000] {processor.py:925} INFO - DAG(s) 'example_branch_dop_operator_v3' retrieved from /home/airflow/.local/lib/python3.12/site-packages/airflow/example_dags/example_branch_python_dop_operator_3.py
[2026-07-20T08:22:15.329+0000] {logging_mixin.py:190} INFO - [2026-07-20T08:22:15.329+0000] {dag.py:3239} INFO - Sync 1 DAGs
[2026-07-20T08:22:15.359+0000] {logging_mixin.py:190} INFO - [2026-07-20T08:22:15.359+0000] {dag.py:4180} INFO - Setting next_dagrun for example_branch_dop_operator_v3 to 2026-07-20 08:21:00+00:00, run_after=2026-07-20 08:22:00+00:00
[2026-07-20T08:22:15.388+0000] {processor.py:208} INFO - Processing /home/airflow/.local/lib/python3.12/site-packages/airflow/example_dags/example_branch_python_dop_operator_3.py took 0.104 seconds
[2026-07-20T08:22:45.980+0000] {processor.py:186} INFO - Started process (PID=325) to work on /home/airflow/.local/lib/python3.12/site-packages/airflow/example_dags/example_branch_python_dop_operator_3.py
[2026-07-20T08:22:45.981+0000] {processor.py:914} INFO - Processing file /home/airflow/.local/lib/python3.12/site-packages/airflow/example_dags/example_branch_python_dop_operator_3.py for tasks to queue
[2026-07-20T08:22:45.985+0000] {logging_mixin.py:190} INFO - [2026-07-20T08:22:45.985+0000] {dagbag.py:588} INFO - Filling up the DagBag from /home/airflow/.local/lib/python3.12/site-packages/airflow/example_dags/example_branch_python_dop_operator_3.py
[2026-07-20T08:22:45.997+0000] {processor.py:925} INFO - DAG(s) 'example_branch_dop_operator_v3' retrieved from /home/airflow/.local/lib/python3.12/site-packages/airflow/example_dags/example_branch_python_dop_operator_3.py
[2026-07-20T08:22:46.019+0000] {logging_mixin.py:190} INFO - [2026-07-20T08:22:46.019+0000] {dag.py:3239} INFO - Sync 1 DAGs
[2026-07-20T08:22:46.051+0000] {logging_mixin.py:190} INFO - [2026-07-20T08:22:46.050+0000] {dag.py:4180} INFO - Setting next_dagrun for example_branch_dop_operator_v3 to 2026-07-20 08:21:00+00:00, run_after=2026-07-20 08:22:00+00:00
[2026-07-20T08:22:46.075+0000] {processor.py:208} INFO - Processing /home/airflow/.local/lib/python3.12/site-packages/airflow/example_dags/example_branch_python_dop_operator_3.py took 0.101 seconds
[2026-07-20T08:23:16.815+0000] {processor.py:186} INFO - Started process (PID=388) to work on /home/airflow/.local/lib/python3.12/site-packages/airflow/example_dags/example_branch_python_dop_operator_3.py
[2026-07-20T08:23:16.816+0000] {processor.py:914} INFO - Processing file /home/airflow/.local/lib/python3.12/site-packages/airflow/example_dags/example_branch_python_dop_operator_3.py for tasks to queue
[2026-07-20T08:23:16.820+0000] {logging_mixin.py:190} INFO - [2026-07-20T08:23:16.819+0000] {dagbag.py:588} INFO - Filling up the DagBag from /home/airflow/.local/lib/python3.12/site-packages/airflow/example_dags/example_branch_python_dop_operator_3.py
[2026-07-20T08:23:16.832+0000] {processor.py:925} INFO - DAG(s) 'example_branch_dop_operator_v3' retrieved from /home/airflow/.local/lib/python3.12/site-packages/airflow/example_dags/example_branch_python_dop_operator_3.py
[2026-07-20T08:23:16.855+0000] {logging_mixin.py:190} INFO - [2026-07-20T08:23:16.854+0000] {dag.py:3239} INFO - Sync 1 DAGs
[2026-07-20T08:23:16.884+0000] {logging_mixin.py:190} INFO - [2026-07-20T08:23:16.884+0000] {dag.py:4180} INFO - Setting next_dagrun for example_branch_dop_operator_v3 to 2026-07-20 08:22:00+00:00, run_after=2026-07-20 08:23:00+00:00
[2026-07-20T08:23:16.911+0000] {processor.py:208} INFO - Processing /home/airflow/.local/lib/python3.12/site-packages/airflow/example_dags/example_branch_python_dop_operator_3.py took 0.103 seconds
[2026-07-20T08:23:48.580+0000] {processor.py:186} INFO - Started process (PID=451) to work on /home/airflow/.local/lib/python3.12/site-packages/airflow/example_dags/example_branch_python_dop_operator_3.py
[2026-07-20T08:23:48.581+0000] {processor.py:914} INFO - Processing file /home/airflow/.local/lib/python3.12/site-packages/airflow/example_dags/example_branch_python_dop_operator_3.py for tasks to queue
[2026-07-20T08:23:48.586+0000] {logging_mixin.py:190} INFO - [2026-07-20T08:23:48.585+0000] {dagbag.py:588} INFO - Filling up the DagBag from /home/airflow/.local/lib/python3.12/site-packages/airflow/example_dags/example_branch_python_dop_operator_3.py
[2026-07-20T08:23:48.607+0000] {processor.py:925} INFO - DAG(s) 'example_branch_dop_operator_v3' retrieved from /home/airflow/.local/lib/python3.12/site-packages/airflow/example_dags/example_branch_python_dop_operator_3.py
[2026-07-20T08:23:48.632+0000] {logging_mixin.py:190} INFO - [2026-07-20T08:23:48.632+0000] {dag.py:3239} INFO - Sync 1 DAGs
[2026-07-20T08:23:48.669+0000] {logging_mixin.py:190} INFO - [2026-07-20T08:23:48.669+0000] {dag.py:4180} INFO - Setting next_dagrun for example_branch_dop_operator_v3 to 2026-07-20 08:22:00+00:00, run_after=2026-07-20 08:23:00+00:00
[2026-07-20T08:23:48.691+0000] {processor.py:208} INFO - Processing /home/airflow/.local/lib/python3.12/site-packages/airflow/example_dags/example_branch_python_dop_operator_3.py took 0.122 seconds
[2026-07-20T08:24:19.635+0000] {processor.py:186} INFO - Started process (PID=514) to work on /home/airflow/.local/lib/python3.12/site-packages/airflow/example_dags/example_branch_python_dop_operator_3.py
[2026-07-20T08:24:19.637+0000] {processor.py:914} INFO - Processing file /home/airflow/.local/lib/python3.12/site-packages/airflow/example_dags/example_branch_python_dop_operator_3.py for tasks to queue
[2026-07-20T08:24:19.640+0000] {logging_mixin.py:190} INFO - [2026-07-20T08:24:19.639+0000] {dagbag.py:588} INFO - Filling up the DagBag from /home/airflow/.local/lib/python3.12/site-packages/airflow/example_dags/example_branch_python_dop_operator_3.py
[2026-07-20T08:24:19.657+0000] {processor.py:925} INFO - DAG(s) 'example_branch_dop_operator_v3' retrieved from /home/airflow/.local/lib/python3.12/site-packages/airflow/example_dags/example_branch_python_dop_operator_3.py
[2026-07-20T08:24:19.685+0000] {logging_mixin.py:190} INFO - [2026-07-20T08:24:19.685+0000] {dag.py:3239} INFO - Sync 1 DAGs
[2026-07-20T08:24:19.719+0000] {logging_mixin.py:190} INFO - [2026-07-20T08:24:19.719+0000] {dag.py:4180} INFO - Setting next_dagrun for example_branch_dop_operator_v3 to 2026-07-20 08:23:00+00:00, run_after=2026-07-20 08:24:00+00:00
[2026-07-20T08:24:19.750+0000] {processor.py:208} INFO - Processing /home/airflow/.local/lib/python3.12/site-packages/airflow/example_dags/example_branch_python_dop_operator_3.py took 0.121 seconds
[2026-07-20T08:24:50.518+0000] {processor.py:186} INFO - Started process (PID=577) to work on /home/airflow/.local/lib/python3.12/site-packages/airflow/example_dags/example_branch_python_dop_operator_3.py
[2026-07-20T08:24:50.520+0000] {processor.py:914} INFO - Processing file /home/airflow/.local/lib/python3.12/site-packages/airflow/example_dags/example_branch_python_dop_operator_3.py for tasks to queue
[2026-07-20T08:24:50.526+0000] {logging_mixin.py:190} INFO - [2026-07-20T08:24:50.525+0000] {dagbag.py:588} INFO - Filling up the DagBag from /home/airflow/.local/lib/python3.12/site-packages/airflow/example_dags/example_branch_python_dop_operator_3.py
[2026-07-20T08:24:50.556+0000] {processor.py:925} INFO - DAG(s) 'example_branch_dop_operator_v3' retrieved from /home/airflow/.local/lib/python3.12/site-packages/airflow/example_dags/example_branch_python_dop_operator_3.py
[2026-07-20T08:24:50.614+0000] {logging_mixin.py:190} INFO - [2026-07-20T08:24:50.613+0000] {dag.py:3239} INFO - Sync 1 DAGs
[2026-07-20T08:24:50.733+0000] {logging_mixin.py:190} INFO - [2026-07-20T08:24:50.733+0000] {dag.py:4180} INFO - Setting next_dagrun for example_branch_dop_operator_v3 to 2026-07-20 08:23:00+00:00, run_after=2026-07-20 08:24:00+00:00
[2026-07-20T08:24:50.794+0000] {processor.py:208} INFO - Processing /home/airflow/.local/lib/python3.12/site-packages/airflow/example_dags/example_branch_python_dop_operator_3.py took 0.287 seconds
