[2026-07-20T08:21:16.310+0000] {processor.py:186} INFO - Started process (PID=145) to work on /home/airflow/.local/lib/python3.12/site-packages/airflow/example_dags/example_branch_day_of_week_operator.py
[2026-07-20T08:21:16.311+0000] {processor.py:914} INFO - Processing file /home/airflow/.local/lib/python3.12/site-packages/airflow/example_dags/example_branch_day_of_week_operator.py for tasks to queue
[2026-07-20T08:21:16.315+0000] {logging_mixin.py:190} INFO - [2026-07-20T08:21:16.315+0000] {dagbag.py:588} INFO - Filling up the DagBag from /home/airflow/.local/lib/python3.12/site-packages/airflow/example_dags/example_branch_day_of_week_operator.py
[2026-07-20T08:21:16.340+0000] {processor.py:925} INFO - DAG(s) 'example_weekday_branch_operator' retrieved from /home/airflow/.local/lib/python3.12/site-packages/airflow/example_dags/example_branch_day_of_week_operator.py
[2026-07-20T08:21:16.503+0000] {logging_mixin.py:190} INFO - [2026-07-20T08:21:16.502+0000] {override.py:1912} INFO - Created Permission View: can read on DAG:example_weekday_branch_operator
[2026-07-20T08:21:16.518+0000] {logging_mixin.py:190} INFO - [2026-07-20T08:21:16.518+0000] {override.py:1912} INFO - Created Permission View: can delete on DAG:example_weekday_branch_operator
[2026-07-20T08:21:16.528+0000] {logging_mixin.py:190} INFO - [2026-07-20T08:21:16.527+0000] {override.py:1912} INFO - Created Permission View: can edit on DAG:example_weekday_branch_operator
[2026-07-20T08:21:16.540+0000] {logging_mixin.py:190} INFO - [2026-07-20T08:21:16.540+0000] {override.py:1912} INFO - Created Permission View: menu access on DAG Run:example_weekday_branch_operator
[2026-07-20T08:21:16.550+0000] {logging_mixin.py:190} INFO - [2026-07-20T08:21:16.549+0000] {override.py:1912} INFO - Created Permission View: can read on DAG Run:example_weekday_branch_operator
[2026-07-20T08:21:16.560+0000] {logging_mixin.py:190} INFO - [2026-07-20T08:21:16.560+0000] {override.py:1912} INFO - Created Permission View: can delete on DAG Run:example_weekday_branch_operator
[2026-07-20T08:21:16.570+0000] {logging_mixin.py:190} INFO - [2026-07-20T08:21:16.570+0000] {override.py:1912} INFO - Created Permission View: can create on DAG Run:example_weekday_branch_operator
[2026-07-20T08:21:16.571+0000] {logging_mixin.py:190} INFO - [2026-07-20T08:21:16.571+0000] {dag.py:3239} INFO - Sync 1 DAGs
[2026-07-20T08:21:16.588+0000] {logging_mixin.py:190} INFO - [2026-07-20T08:21:16.587+0000] {dag.py:3262} INFO - Creating ORM DAG for example_weekday_branch_operator
[2026-07-20T08:21:16.600+0000] {logging_mixin.py:190} INFO - [2026-07-20T08:21:16.600+0000] {dag.py:4180} INFO - Setting next_dagrun for example_weekday_branch_operator to 2026-07-19 00:00:00+00:00, run_after=2026-07-20 00:00:00+00:00
[2026-07-20T08:21:16.626+0000] {processor.py:208} INFO - Processing /home/airflow/.local/lib/python3.12/site-packages/airflow/example_dags/example_branch_day_of_week_operator.py took 0.325 seconds
[2026-07-20T08:21:47.401+0000] {processor.py:186} INFO - Started process (PID=208) to work on /home/airflow/.local/lib/python3.12/site-packages/airflow/example_dags/example_branch_day_of_week_operator.py
[2026-07-20T08:21:47.402+0000] {processor.py:914} INFO - Processing file /home/airflow/.local/lib/python3.12/site-packages/airflow/example_dags/example_branch_day_of_week_operator.py for tasks to queue
[2026-07-20T08:21:47.405+0000] {logging_mixin.py:190} INFO - [2026-07-20T08:21:47.405+0000] {dagbag.py:588} INFO - Filling up the DagBag from /home/airflow/.local/lib/python3.12/site-packages/airflow/example_dags/example_branch_day_of_week_operator.py
[2026-07-20T08:21:47.417+0000] {processor.py:925} INFO - DAG(s) 'example_weekday_branch_operator' retrieved from /home/airflow/.local/lib/python3.12/site-packages/airflow/example_dags/example_branch_day_of_week_operator.py
[2026-07-20T08:21:47.442+0000] {logging_mixin.py:190} INFO - [2026-07-20T08:21:47.442+0000] {dag.py:3239} INFO - Sync 1 DAGs
[2026-07-20T08:21:47.477+0000] {logging_mixin.py:190} INFO - [2026-07-20T08:21:47.477+0000] {dag.py:4180} INFO - Setting next_dagrun for example_weekday_branch_operator to 2026-07-19 00:00:00+00:00, run_after=2026-07-20 00:00:00+00:00
[2026-07-20T08:21:47.501+0000] {processor.py:208} INFO - Processing /home/airflow/.local/lib/python3.12/site-packages/airflow/example_dags/example_branch_day_of_week_operator.py took 0.108 seconds
[2026-07-20T08:22:18.291+0000] {processor.py:186} INFO - Started process (PID=271) to work on /home/airflow/.local/lib/python3.12/site-packages/airflow/example_dags/example_branch_day_of_week_operator.py
[2026-07-20T08:22:18.293+0000] {processor.py:914} INFO - Processing file /home/airflow/.local/lib/python3.12/site-packages/airflow/example_dags/example_branch_day_of_week_operator.py for tasks to queue
[2026-07-20T08:22:18.297+0000] {logging_mixin.py:190} INFO - [2026-07-20T08:22:18.297+0000] {dagbag.py:588} INFO - Filling up the DagBag from /home/airflow/.local/lib/python3.12/site-packages/airflow/example_dags/example_branch_day_of_week_operator.py
[2026-07-20T08:22:18.313+0000] {processor.py:925} INFO - DAG(s) 'example_weekday_branch_operator' retrieved from /home/airflow/.local/lib/python3.12/site-packages/airflow/example_dags/example_branch_day_of_week_operator.py
[2026-07-20T08:22:18.341+0000] {logging_mixin.py:190} INFO - [2026-07-20T08:22:18.341+0000] {dag.py:3239} INFO - Sync 1 DAGs
[2026-07-20T08:22:18.371+0000] {logging_mixin.py:190} INFO - [2026-07-20T08:22:18.371+0000] {dag.py:4180} INFO - Setting next_dagrun for example_weekday_branch_operator to 2026-07-19 00:00:00+00:00, run_after=2026-07-20 00:00:00+00:00
[2026-07-20T08:22:18.417+0000] {processor.py:208} INFO - Processing /home/airflow/.local/lib/python3.12/site-packages/airflow/example_dags/example_branch_day_of_week_operator.py took 0.137 seconds
[2026-07-20T08:22:48.529+0000] {processor.py:186} INFO - Started process (PID=333) to work on /home/airflow/.local/lib/python3.12/site-packages/airflow/example_dags/example_branch_day_of_week_operator.py
[2026-07-20T08:22:48.530+0000] {processor.py:914} INFO - Processing file /home/airflow/.local/lib/python3.12/site-packages/airflow/example_dags/example_branch_day_of_week_operator.py for tasks to queue
[2026-07-20T08:22:48.534+0000] {logging_mixin.py:190} INFO - [2026-07-20T08:22:48.533+0000] {dagbag.py:588} INFO - Filling up the DagBag from /home/airflow/.local/lib/python3.12/site-packages/airflow/example_dags/example_branch_day_of_week_operator.py
[2026-07-20T08:22:48.546+0000] {processor.py:925} INFO - DAG(s) 'example_weekday_branch_operator' retrieved from /home/airflow/.local/lib/python3.12/site-packages/airflow/example_dags/example_branch_day_of_week_operator.py
[2026-07-20T08:22:48.570+0000] {logging_mixin.py:190} INFO - [2026-07-20T08:22:48.569+0000] {dag.py:3239} INFO - Sync 1 DAGs
[2026-07-20T08:22:48.597+0000] {logging_mixin.py:190} INFO - [2026-07-20T08:22:48.597+0000] {dag.py:4180} INFO - Setting next_dagrun for example_weekday_branch_operator to 2026-07-19 00:00:00+00:00, run_after=2026-07-20 00:00:00+00:00
[2026-07-20T08:22:48.619+0000] {processor.py:208} INFO - Processing /home/airflow/.local/lib/python3.12/site-packages/airflow/example_dags/example_branch_day_of_week_operator.py took 0.098 seconds
[2026-07-20T08:23:19.182+0000] {processor.py:186} INFO - Started process (PID=396) to work on /home/airflow/.local/lib/python3.12/site-packages/airflow/example_dags/example_branch_day_of_week_operator.py
[2026-07-20T08:23:19.184+0000] {processor.py:914} INFO - Processing file /home/airflow/.local/lib/python3.12/site-packages/airflow/example_dags/example_branch_day_of_week_operator.py for tasks to queue
[2026-07-20T08:23:19.188+0000] {logging_mixin.py:190} INFO - [2026-07-20T08:23:19.187+0000] {dagbag.py:588} INFO - Filling up the DagBag from /home/airflow/.local/lib/python3.12/site-packages/airflow/example_dags/example_branch_day_of_week_operator.py
[2026-07-20T08:23:19.201+0000] {processor.py:925} INFO - DAG(s) 'example_weekday_branch_operator' retrieved from /home/airflow/.local/lib/python3.12/site-packages/airflow/example_dags/example_branch_day_of_week_operator.py
[2026-07-20T08:23:19.230+0000] {logging_mixin.py:190} INFO - [2026-07-20T08:23:19.230+0000] {dag.py:3239} INFO - Sync 1 DAGs
[2026-07-20T08:23:19.258+0000] {logging_mixin.py:190} INFO - [2026-07-20T08:23:19.258+0000] {dag.py:4180} INFO - Setting next_dagrun for example_weekday_branch_operator to 2026-07-19 00:00:00+00:00, run_after=2026-07-20 00:00:00+00:00
[2026-07-20T08:23:19.285+0000] {processor.py:208} INFO - Processing /home/airflow/.local/lib/python3.12/site-packages/airflow/example_dags/example_branch_day_of_week_operator.py took 0.111 seconds
[2026-07-20T08:23:50.058+0000] {processor.py:186} INFO - Started process (PID=459) to work on /home/airflow/.local/lib/python3.12/site-packages/airflow/example_dags/example_branch_day_of_week_operator.py
[2026-07-20T08:23:50.059+0000] {processor.py:914} INFO - Processing file /home/airflow/.local/lib/python3.12/site-packages/airflow/example_dags/example_branch_day_of_week_operator.py for tasks to queue
[2026-07-20T08:23:50.063+0000] {logging_mixin.py:190} INFO - [2026-07-20T08:23:50.062+0000] {dagbag.py:588} INFO - Filling up the DagBag from /home/airflow/.local/lib/python3.12/site-packages/airflow/example_dags/example_branch_day_of_week_operator.py
[2026-07-20T08:23:50.076+0000] {processor.py:925} INFO - DAG(s) 'example_weekday_branch_operator' retrieved from /home/airflow/.local/lib/python3.12/site-packages/airflow/example_dags/example_branch_day_of_week_operator.py
[2026-07-20T08:23:50.101+0000] {logging_mixin.py:190} INFO - [2026-07-20T08:23:50.101+0000] {dag.py:3239} INFO - Sync 1 DAGs
[2026-07-20T08:23:50.137+0000] {logging_mixin.py:190} INFO - [2026-07-20T08:23:50.137+0000] {dag.py:4180} INFO - Setting next_dagrun for example_weekday_branch_operator to 2026-07-19 00:00:00+00:00, run_after=2026-07-20 00:00:00+00:00
[2026-07-20T08:23:50.161+0000] {processor.py:208} INFO - Processing /home/airflow/.local/lib/python3.12/site-packages/airflow/example_dags/example_branch_day_of_week_operator.py took 0.111 seconds
[2026-07-20T08:24:20.577+0000] {processor.py:186} INFO - Started process (PID=522) to work on /home/airflow/.local/lib/python3.12/site-packages/airflow/example_dags/example_branch_day_of_week_operator.py
[2026-07-20T08:24:20.580+0000] {processor.py:914} INFO - Processing file /home/airflow/.local/lib/python3.12/site-packages/airflow/example_dags/example_branch_day_of_week_operator.py for tasks to queue
[2026-07-20T08:24:20.586+0000] {logging_mixin.py:190} INFO - [2026-07-20T08:24:20.585+0000] {dagbag.py:588} INFO - Filling up the DagBag from /home/airflow/.local/lib/python3.12/site-packages/airflow/example_dags/example_branch_day_of_week_operator.py
[2026-07-20T08:24:20.622+0000] {processor.py:925} INFO - DAG(s) 'example_weekday_branch_operator' retrieved from /home/airflow/.local/lib/python3.12/site-packages/airflow/example_dags/example_branch_day_of_week_operator.py
[2026-07-20T08:24:20.668+0000] {logging_mixin.py:190} INFO - [2026-07-20T08:24:20.667+0000] {dag.py:3239} INFO - Sync 1 DAGs
[2026-07-20T08:24:20.724+0000] {logging_mixin.py:190} INFO - [2026-07-20T08:24:20.724+0000] {dag.py:4180} INFO - Setting next_dagrun for example_weekday_branch_operator to 2026-07-19 00:00:00+00:00, run_after=2026-07-20 00:00:00+00:00
[2026-07-20T08:24:20.764+0000] {processor.py:208} INFO - Processing /home/airflow/.local/lib/python3.12/site-packages/airflow/example_dags/example_branch_day_of_week_operator.py took 0.198 seconds
