[2026-07-20T08:21:14.525+0000] {processor.py:186} INFO - Started process (PID=140) to work on /home/airflow/.local/lib/python3.12/site-packages/airflow/example_dags/example_branch_operator.py
[2026-07-20T08:21:14.526+0000] {processor.py:914} INFO - Processing file /home/airflow/.local/lib/python3.12/site-packages/airflow/example_dags/example_branch_operator.py for tasks to queue
[2026-07-20T08:21:14.529+0000] {logging_mixin.py:190} INFO - [2026-07-20T08:21:14.528+0000] {dagbag.py:588} INFO - Filling up the DagBag from /home/airflow/.local/lib/python3.12/site-packages/airflow/example_dags/example_branch_operator.py
[2026-07-20T08:21:14.556+0000] {processor.py:925} INFO - DAG(s) 'example_branch_operator' retrieved from /home/airflow/.local/lib/python3.12/site-packages/airflow/example_dags/example_branch_operator.py
[2026-07-20T08:21:14.711+0000] {logging_mixin.py:190} INFO - [2026-07-20T08:21:14.709+0000] {override.py:1912} INFO - Created Permission View: can read on DAG:example_branch_operator
[2026-07-20T08:21:14.730+0000] {logging_mixin.py:190} INFO - [2026-07-20T08:21:14.729+0000] {override.py:1912} INFO - Created Permission View: can delete on DAG:example_branch_operator
[2026-07-20T08:21:14.741+0000] {logging_mixin.py:190} INFO - [2026-07-20T08:21:14.741+0000] {override.py:1912} INFO - Created Permission View: can edit on DAG:example_branch_operator
[2026-07-20T08:21:14.753+0000] {logging_mixin.py:190} INFO - [2026-07-20T08:21:14.753+0000] {override.py:1912} INFO - Created Permission View: menu access on DAG Run:example_branch_operator
[2026-07-20T08:21:14.764+0000] {logging_mixin.py:190} INFO - [2026-07-20T08:21:14.764+0000] {override.py:1912} INFO - Created Permission View: can read on DAG Run:example_branch_operator
[2026-07-20T08:21:14.777+0000] {logging_mixin.py:190} INFO - [2026-07-20T08:21:14.776+0000] {override.py:1912} INFO - Created Permission View: can delete on DAG Run:example_branch_operator
[2026-07-20T08:21:14.789+0000] {logging_mixin.py:190} INFO - [2026-07-20T08:21:14.788+0000] {override.py:1912} INFO - Created Permission View: can create on DAG Run:example_branch_operator
[2026-07-20T08:21:14.790+0000] {logging_mixin.py:190} INFO - [2026-07-20T08:21:14.790+0000] {dag.py:3239} INFO - Sync 1 DAGs
[2026-07-20T08:21:14.812+0000] {logging_mixin.py:190} INFO - [2026-07-20T08:21:14.811+0000] {dag.py:3262} INFO - Creating ORM DAG for example_branch_operator
[2026-07-20T08:21:14.834+0000] {logging_mixin.py:190} INFO - [2026-07-20T08:21:14.834+0000] {dag.py:4180} INFO - Setting next_dagrun for example_branch_operator to 2026-07-19 00:00:00+00:00, run_after=2026-07-20 00:00:00+00:00
[2026-07-20T08:21:14.866+0000] {processor.py:208} INFO - Processing /home/airflow/.local/lib/python3.12/site-packages/airflow/example_dags/example_branch_operator.py took 0.349 seconds
[2026-07-20T08:21:45.617+0000] {processor.py:186} INFO - Started process (PID=203) to work on /home/airflow/.local/lib/python3.12/site-packages/airflow/example_dags/example_branch_operator.py
[2026-07-20T08:21:45.618+0000] {processor.py:914} INFO - Processing file /home/airflow/.local/lib/python3.12/site-packages/airflow/example_dags/example_branch_operator.py for tasks to queue
[2026-07-20T08:21:45.621+0000] {logging_mixin.py:190} INFO - [2026-07-20T08:21:45.621+0000] {dagbag.py:588} INFO - Filling up the DagBag from /home/airflow/.local/lib/python3.12/site-packages/airflow/example_dags/example_branch_operator.py
[2026-07-20T08:21:45.649+0000] {processor.py:925} INFO - DAG(s) 'example_branch_operator' retrieved from /home/airflow/.local/lib/python3.12/site-packages/airflow/example_dags/example_branch_operator.py
[2026-07-20T08:21:45.681+0000] {logging_mixin.py:190} INFO - [2026-07-20T08:21:45.681+0000] {dag.py:3239} INFO - Sync 1 DAGs
[2026-07-20T08:21:45.715+0000] {logging_mixin.py:190} INFO - [2026-07-20T08:21:45.715+0000] {dag.py:4180} INFO - Setting next_dagrun for example_branch_operator to 2026-07-19 00:00:00+00:00, run_after=2026-07-20 00:00:00+00:00
[2026-07-20T08:21:45.744+0000] {processor.py:208} INFO - Processing /home/airflow/.local/lib/python3.12/site-packages/airflow/example_dags/example_branch_operator.py took 0.134 seconds
[2026-07-20T08:22:16.606+0000] {processor.py:186} INFO - Started process (PID=266) to work on /home/airflow/.local/lib/python3.12/site-packages/airflow/example_dags/example_branch_operator.py
[2026-07-20T08:22:16.607+0000] {processor.py:914} INFO - Processing file /home/airflow/.local/lib/python3.12/site-packages/airflow/example_dags/example_branch_operator.py for tasks to queue
[2026-07-20T08:22:16.610+0000] {logging_mixin.py:190} INFO - [2026-07-20T08:22:16.610+0000] {dagbag.py:588} INFO - Filling up the DagBag from /home/airflow/.local/lib/python3.12/site-packages/airflow/example_dags/example_branch_operator.py
[2026-07-20T08:22:16.637+0000] {processor.py:925} INFO - DAG(s) 'example_branch_operator' retrieved from /home/airflow/.local/lib/python3.12/site-packages/airflow/example_dags/example_branch_operator.py
[2026-07-20T08:22:16.673+0000] {logging_mixin.py:190} INFO - [2026-07-20T08:22:16.673+0000] {dag.py:3239} INFO - Sync 1 DAGs
[2026-07-20T08:22:16.707+0000] {logging_mixin.py:190} INFO - [2026-07-20T08:22:16.707+0000] {dag.py:4180} INFO - Setting next_dagrun for example_branch_operator to 2026-07-19 00:00:00+00:00, run_after=2026-07-20 00:00:00+00:00
[2026-07-20T08:22:16.750+0000] {processor.py:208} INFO - Processing /home/airflow/.local/lib/python3.12/site-packages/airflow/example_dags/example_branch_operator.py took 0.152 seconds
[2026-07-20T08:22:47.130+0000] {processor.py:186} INFO - Started process (PID=328) to work on /home/airflow/.local/lib/python3.12/site-packages/airflow/example_dags/example_branch_operator.py
[2026-07-20T08:22:47.131+0000] {processor.py:914} INFO - Processing file /home/airflow/.local/lib/python3.12/site-packages/airflow/example_dags/example_branch_operator.py for tasks to queue
[2026-07-20T08:22:47.134+0000] {logging_mixin.py:190} INFO - [2026-07-20T08:22:47.134+0000] {dagbag.py:588} INFO - Filling up the DagBag from /home/airflow/.local/lib/python3.12/site-packages/airflow/example_dags/example_branch_operator.py
[2026-07-20T08:22:47.159+0000] {processor.py:925} INFO - DAG(s) 'example_branch_operator' retrieved from /home/airflow/.local/lib/python3.12/site-packages/airflow/example_dags/example_branch_operator.py
[2026-07-20T08:22:47.195+0000] {logging_mixin.py:190} INFO - [2026-07-20T08:22:47.195+0000] {dag.py:3239} INFO - Sync 1 DAGs
[2026-07-20T08:22:47.225+0000] {logging_mixin.py:190} INFO - [2026-07-20T08:22:47.224+0000] {dag.py:4180} INFO - Setting next_dagrun for example_branch_operator to 2026-07-19 00:00:00+00:00, run_after=2026-07-20 00:00:00+00:00
[2026-07-20T08:22:47.249+0000] {processor.py:208} INFO - Processing /home/airflow/.local/lib/python3.12/site-packages/airflow/example_dags/example_branch_operator.py took 0.127 seconds
[2026-07-20T08:23:17.981+0000] {processor.py:186} INFO - Started process (PID=391) to work on /home/airflow/.local/lib/python3.12/site-packages/airflow/example_dags/example_branch_operator.py
[2026-07-20T08:23:17.982+0000] {processor.py:914} INFO - Processing file /home/airflow/.local/lib/python3.12/site-packages/airflow/example_dags/example_branch_operator.py for tasks to queue
[2026-07-20T08:23:17.985+0000] {logging_mixin.py:190} INFO - [2026-07-20T08:23:17.985+0000] {dagbag.py:588} INFO - Filling up the DagBag from /home/airflow/.local/lib/python3.12/site-packages/airflow/example_dags/example_branch_operator.py
[2026-07-20T08:23:18.014+0000] {processor.py:925} INFO - DAG(s) 'example_branch_operator' retrieved from /home/airflow/.local/lib/python3.12/site-packages/airflow/example_dags/example_branch_operator.py
[2026-07-20T08:23:18.044+0000] {logging_mixin.py:190} INFO - [2026-07-20T08:23:18.043+0000] {dag.py:3239} INFO - Sync 1 DAGs
[2026-07-20T08:23:18.074+0000] {logging_mixin.py:190} INFO - [2026-07-20T08:23:18.074+0000] {dag.py:4180} INFO - Setting next_dagrun for example_branch_operator to 2026-07-19 00:00:00+00:00, run_after=2026-07-20 00:00:00+00:00
[2026-07-20T08:23:18.099+0000] {processor.py:208} INFO - Processing /home/airflow/.local/lib/python3.12/site-packages/airflow/example_dags/example_branch_operator.py took 0.125 seconds
[2026-07-20T08:23:48.879+0000] {processor.py:186} INFO - Started process (PID=454) to work on /home/airflow/.local/lib/python3.12/site-packages/airflow/example_dags/example_branch_operator.py
[2026-07-20T08:23:48.880+0000] {processor.py:914} INFO - Processing file /home/airflow/.local/lib/python3.12/site-packages/airflow/example_dags/example_branch_operator.py for tasks to queue
[2026-07-20T08:23:48.884+0000] {logging_mixin.py:190} INFO - [2026-07-20T08:23:48.883+0000] {dagbag.py:588} INFO - Filling up the DagBag from /home/airflow/.local/lib/python3.12/site-packages/airflow/example_dags/example_branch_operator.py
[2026-07-20T08:23:48.906+0000] {processor.py:925} INFO - DAG(s) 'example_branch_operator' retrieved from /home/airflow/.local/lib/python3.12/site-packages/airflow/example_dags/example_branch_operator.py
[2026-07-20T08:23:48.941+0000] {logging_mixin.py:190} INFO - [2026-07-20T08:23:48.941+0000] {dag.py:3239} INFO - Sync 1 DAGs
[2026-07-20T08:23:48.978+0000] {logging_mixin.py:190} INFO - [2026-07-20T08:23:48.977+0000] {dag.py:4180} INFO - Setting next_dagrun for example_branch_operator to 2026-07-19 00:00:00+00:00, run_after=2026-07-20 00:00:00+00:00
[2026-07-20T08:23:49.003+0000] {processor.py:208} INFO - Processing /home/airflow/.local/lib/python3.12/site-packages/airflow/example_dags/example_branch_operator.py took 0.132 seconds
[2026-07-20T08:24:20.084+0000] {processor.py:186} INFO - Started process (PID=519) to work on /home/airflow/.local/lib/python3.12/site-packages/airflow/example_dags/example_branch_operator.py
[2026-07-20T08:24:20.086+0000] {processor.py:914} INFO - Processing file /home/airflow/.local/lib/python3.12/site-packages/airflow/example_dags/example_branch_operator.py for tasks to queue
[2026-07-20T08:24:20.090+0000] {logging_mixin.py:190} INFO - [2026-07-20T08:24:20.089+0000] {dagbag.py:588} INFO - Filling up the DagBag from /home/airflow/.local/lib/python3.12/site-packages/airflow/example_dags/example_branch_operator.py
[2026-07-20T08:24:20.114+0000] {processor.py:925} INFO - DAG(s) 'example_branch_operator' retrieved from /home/airflow/.local/lib/python3.12/site-packages/airflow/example_dags/example_branch_operator.py
[2026-07-20T08:24:20.154+0000] {logging_mixin.py:190} INFO - [2026-07-20T08:24:20.154+0000] {dag.py:3239} INFO - Sync 1 DAGs
[2026-07-20T08:24:20.193+0000] {logging_mixin.py:190} INFO - [2026-07-20T08:24:20.192+0000] {dag.py:4180} INFO - Setting next_dagrun for example_branch_operator to 2026-07-19 00:00:00+00:00, run_after=2026-07-20 00:00:00+00:00
[2026-07-20T08:24:20.214+0000] {processor.py:208} INFO - Processing /home/airflow/.local/lib/python3.12/site-packages/airflow/example_dags/example_branch_operator.py took 0.140 seconds
