[2026-07-20T08:21:15.101+0000] {processor.py:186} INFO - Started process (PID=142) to work on /home/airflow/.local/lib/python3.12/site-packages/airflow/example_dags/example_inlet_event_extra.py
[2026-07-20T08:21:15.105+0000] {processor.py:914} INFO - Processing file /home/airflow/.local/lib/python3.12/site-packages/airflow/example_dags/example_inlet_event_extra.py for tasks to queue
[2026-07-20T08:21:15.115+0000] {logging_mixin.py:190} INFO - [2026-07-20T08:21:15.113+0000] {dagbag.py:588} INFO - Filling up the DagBag from /home/airflow/.local/lib/python3.12/site-packages/airflow/example_dags/example_inlet_event_extra.py
[2026-07-20T08:21:16.246+0000] {processor.py:925} INFO - DAG(s) 'read_dataset_event_from_classic', 'read_dataset_event' retrieved from /home/airflow/.local/lib/python3.12/site-packages/airflow/example_dags/example_inlet_event_extra.py
[2026-07-20T08:21:16.415+0000] {logging_mixin.py:190} INFO - [2026-07-20T08:21:16.414+0000] {override.py:1912} INFO - Created Permission View: can read on DAG:read_dataset_event_from_classic
[2026-07-20T08:21:16.434+0000] {logging_mixin.py:190} INFO - [2026-07-20T08:21:16.434+0000] {override.py:1912} INFO - Created Permission View: can delete on DAG:read_dataset_event_from_classic
[2026-07-20T08:21:16.447+0000] {logging_mixin.py:190} INFO - [2026-07-20T08:21:16.446+0000] {override.py:1912} INFO - Created Permission View: can edit on DAG:read_dataset_event_from_classic
[2026-07-20T08:21:16.461+0000] {logging_mixin.py:190} INFO - [2026-07-20T08:21:16.461+0000] {override.py:1912} INFO - Created Permission View: menu access on DAG Run:read_dataset_event_from_classic
[2026-07-20T08:21:16.473+0000] {logging_mixin.py:190} INFO - [2026-07-20T08:21:16.473+0000] {override.py:1912} INFO - Created Permission View: can read on DAG Run:read_dataset_event_from_classic
[2026-07-20T08:21:16.484+0000] {logging_mixin.py:190} INFO - [2026-07-20T08:21:16.483+0000] {override.py:1912} INFO - Created Permission View: can delete on DAG Run:read_dataset_event_from_classic
[2026-07-20T08:21:16.495+0000] {logging_mixin.py:190} INFO - [2026-07-20T08:21:16.494+0000] {override.py:1912} INFO - Created Permission View: can create on DAG Run:read_dataset_event_from_classic
[2026-07-20T08:21:16.516+0000] {logging_mixin.py:190} INFO - [2026-07-20T08:21:16.515+0000] {override.py:1912} INFO - Created Permission View: can read on DAG:read_dataset_event
[2026-07-20T08:21:16.528+0000] {logging_mixin.py:190} INFO - [2026-07-20T08:21:16.527+0000] {override.py:1912} INFO - Created Permission View: can delete on DAG:read_dataset_event
[2026-07-20T08:21:16.539+0000] {logging_mixin.py:190} INFO - [2026-07-20T08:21:16.538+0000] {override.py:1912} INFO - Created Permission View: can edit on DAG:read_dataset_event
[2026-07-20T08:21:16.551+0000] {logging_mixin.py:190} INFO - [2026-07-20T08:21:16.551+0000] {override.py:1912} INFO - Created Permission View: menu access on DAG Run:read_dataset_event
[2026-07-20T08:21:16.562+0000] {logging_mixin.py:190} INFO - [2026-07-20T08:21:16.561+0000] {override.py:1912} INFO - Created Permission View: can read on DAG Run:read_dataset_event
[2026-07-20T08:21:16.573+0000] {logging_mixin.py:190} INFO - [2026-07-20T08:21:16.573+0000] {override.py:1912} INFO - Created Permission View: can delete on DAG Run:read_dataset_event
[2026-07-20T08:21:16.584+0000] {logging_mixin.py:190} INFO - [2026-07-20T08:21:16.583+0000] {override.py:1912} INFO - Created Permission View: can create on DAG Run:read_dataset_event
[2026-07-20T08:21:16.585+0000] {logging_mixin.py:190} INFO - [2026-07-20T08:21:16.584+0000] {dag.py:3239} INFO - Sync 2 DAGs
[2026-07-20T08:21:16.603+0000] {logging_mixin.py:190} INFO - [2026-07-20T08:21:16.602+0000] {dag.py:3262} INFO - Creating ORM DAG for read_dataset_event_from_classic
[2026-07-20T08:21:16.604+0000] {logging_mixin.py:190} INFO - [2026-07-20T08:21:16.604+0000] {dag.py:3262} INFO - Creating ORM DAG for read_dataset_event
[2026-07-20T08:21:16.620+0000] {logging_mixin.py:190} INFO - [2026-07-20T08:21:16.620+0000] {dag.py:4180} INFO - Setting next_dagrun for read_dataset_event to 2026-07-19 00:00:00+00:00, run_after=2026-07-20 00:00:00+00:00
[2026-07-20T08:21:16.625+0000] {logging_mixin.py:190} INFO - [2026-07-20T08:21:16.624+0000] {dag.py:4180} INFO - Setting next_dagrun for read_dataset_event_from_classic to 2026-07-19 00:00:00+00:00, run_after=2026-07-20 00:00:00+00:00
[2026-07-20T08:21:16.653+0000] {processor.py:208} INFO - Processing /home/airflow/.local/lib/python3.12/site-packages/airflow/example_dags/example_inlet_event_extra.py took 1.562 seconds
[2026-07-20T08:21:47.394+0000] {processor.py:186} INFO - Started process (PID=207) to work on /home/airflow/.local/lib/python3.12/site-packages/airflow/example_dags/example_inlet_event_extra.py
[2026-07-20T08:21:47.396+0000] {processor.py:914} INFO - Processing file /home/airflow/.local/lib/python3.12/site-packages/airflow/example_dags/example_inlet_event_extra.py for tasks to queue
[2026-07-20T08:21:47.400+0000] {logging_mixin.py:190} INFO - [2026-07-20T08:21:47.399+0000] {dagbag.py:588} INFO - Filling up the DagBag from /home/airflow/.local/lib/python3.12/site-packages/airflow/example_dags/example_inlet_event_extra.py
[2026-07-20T08:21:48.100+0000] {processor.py:925} INFO - DAG(s) 'read_dataset_event', 'read_dataset_event_from_classic' retrieved from /home/airflow/.local/lib/python3.12/site-packages/airflow/example_dags/example_inlet_event_extra.py
[2026-07-20T08:21:48.120+0000] {logging_mixin.py:190} INFO - [2026-07-20T08:21:48.120+0000] {dag.py:3239} INFO - Sync 2 DAGs
[2026-07-20T08:21:48.146+0000] {logging_mixin.py:190} INFO - [2026-07-20T08:21:48.145+0000] {dag.py:4180} INFO - Setting next_dagrun for read_dataset_event to 2026-07-19 00:00:00+00:00, run_after=2026-07-20 00:00:00+00:00
[2026-07-20T08:21:48.152+0000] {logging_mixin.py:190} INFO - [2026-07-20T08:21:48.152+0000] {dag.py:4180} INFO - Setting next_dagrun for read_dataset_event_from_classic to 2026-07-19 00:00:00+00:00, run_after=2026-07-20 00:00:00+00:00
[2026-07-20T08:21:48.171+0000] {processor.py:208} INFO - Processing /home/airflow/.local/lib/python3.12/site-packages/airflow/example_dags/example_inlet_event_extra.py took 0.787 seconds
[2026-07-20T08:22:18.285+0000] {processor.py:186} INFO - Started process (PID=270) to work on /home/airflow/.local/lib/python3.12/site-packages/airflow/example_dags/example_inlet_event_extra.py
[2026-07-20T08:22:18.287+0000] {processor.py:914} INFO - Processing file /home/airflow/.local/lib/python3.12/site-packages/airflow/example_dags/example_inlet_event_extra.py for tasks to queue
[2026-07-20T08:22:18.292+0000] {logging_mixin.py:190} INFO - [2026-07-20T08:22:18.292+0000] {dagbag.py:588} INFO - Filling up the DagBag from /home/airflow/.local/lib/python3.12/site-packages/airflow/example_dags/example_inlet_event_extra.py
[2026-07-20T08:22:18.971+0000] {processor.py:925} INFO - DAG(s) 'read_dataset_event_from_classic', 'read_dataset_event' retrieved from /home/airflow/.local/lib/python3.12/site-packages/airflow/example_dags/example_inlet_event_extra.py
[2026-07-20T08:22:18.998+0000] {logging_mixin.py:190} INFO - [2026-07-20T08:22:18.997+0000] {dag.py:3239} INFO - Sync 2 DAGs
[2026-07-20T08:22:19.028+0000] {logging_mixin.py:190} INFO - [2026-07-20T08:22:19.028+0000] {dag.py:4180} INFO - Setting next_dagrun for read_dataset_event to 2026-07-19 00:00:00+00:00, run_after=2026-07-20 00:00:00+00:00
[2026-07-20T08:22:19.034+0000] {logging_mixin.py:190} INFO - [2026-07-20T08:22:19.034+0000] {dag.py:4180} INFO - Setting next_dagrun for read_dataset_event_from_classic to 2026-07-19 00:00:00+00:00, run_after=2026-07-20 00:00:00+00:00
[2026-07-20T08:22:19.059+0000] {processor.py:208} INFO - Processing /home/airflow/.local/lib/python3.12/site-packages/airflow/example_dags/example_inlet_event_extra.py took 0.783 seconds
[2026-07-20T08:22:49.192+0000] {processor.py:186} INFO - Started process (PID=338) to work on /home/airflow/.local/lib/python3.12/site-packages/airflow/example_dags/example_inlet_event_extra.py
[2026-07-20T08:22:49.193+0000] {processor.py:914} INFO - Processing file /home/airflow/.local/lib/python3.12/site-packages/airflow/example_dags/example_inlet_event_extra.py for tasks to queue
[2026-07-20T08:22:49.197+0000] {logging_mixin.py:190} INFO - [2026-07-20T08:22:49.196+0000] {dagbag.py:588} INFO - Filling up the DagBag from /home/airflow/.local/lib/python3.12/site-packages/airflow/example_dags/example_inlet_event_extra.py
[2026-07-20T08:22:49.827+0000] {processor.py:925} INFO - DAG(s) 'read_dataset_event_from_classic', 'read_dataset_event' retrieved from /home/airflow/.local/lib/python3.12/site-packages/airflow/example_dags/example_inlet_event_extra.py
[2026-07-20T08:22:49.859+0000] {logging_mixin.py:190} INFO - [2026-07-20T08:22:49.859+0000] {dag.py:3239} INFO - Sync 2 DAGs
[2026-07-20T08:22:49.918+0000] {logging_mixin.py:190} INFO - [2026-07-20T08:22:49.918+0000] {dag.py:4180} INFO - Setting next_dagrun for read_dataset_event to 2026-07-19 00:00:00+00:00, run_after=2026-07-20 00:00:00+00:00
[2026-07-20T08:22:49.930+0000] {logging_mixin.py:190} INFO - [2026-07-20T08:22:49.930+0000] {dag.py:4180} INFO - Setting next_dagrun for read_dataset_event_from_classic to 2026-07-19 00:00:00+00:00, run_after=2026-07-20 00:00:00+00:00
[2026-07-20T08:22:49.961+0000] {processor.py:208} INFO - Processing /home/airflow/.local/lib/python3.12/site-packages/airflow/example_dags/example_inlet_event_extra.py took 0.775 seconds
[2026-07-20T08:23:20.628+0000] {processor.py:186} INFO - Started process (PID=402) to work on /home/airflow/.local/lib/python3.12/site-packages/airflow/example_dags/example_inlet_event_extra.py
[2026-07-20T08:23:20.631+0000] {processor.py:914} INFO - Processing file /home/airflow/.local/lib/python3.12/site-packages/airflow/example_dags/example_inlet_event_extra.py for tasks to queue
[2026-07-20T08:23:20.637+0000] {logging_mixin.py:190} INFO - [2026-07-20T08:23:20.636+0000] {dagbag.py:588} INFO - Filling up the DagBag from /home/airflow/.local/lib/python3.12/site-packages/airflow/example_dags/example_inlet_event_extra.py
[2026-07-20T08:23:21.412+0000] {processor.py:925} INFO - DAG(s) 'read_dataset_event', 'read_dataset_event_from_classic' retrieved from /home/airflow/.local/lib/python3.12/site-packages/airflow/example_dags/example_inlet_event_extra.py
[2026-07-20T08:23:21.436+0000] {logging_mixin.py:190} INFO - [2026-07-20T08:23:21.435+0000] {dag.py:3239} INFO - Sync 2 DAGs
[2026-07-20T08:23:21.461+0000] {logging_mixin.py:190} INFO - [2026-07-20T08:23:21.461+0000] {dag.py:4180} INFO - Setting next_dagrun for read_dataset_event to 2026-07-19 00:00:00+00:00, run_after=2026-07-20 00:00:00+00:00
[2026-07-20T08:23:21.467+0000] {logging_mixin.py:190} INFO - [2026-07-20T08:23:21.467+0000] {dag.py:4180} INFO - Setting next_dagrun for read_dataset_event_from_classic to 2026-07-19 00:00:00+00:00, run_after=2026-07-20 00:00:00+00:00
[2026-07-20T08:23:21.489+0000] {processor.py:208} INFO - Processing /home/airflow/.local/lib/python3.12/site-packages/airflow/example_dags/example_inlet_event_extra.py took 0.877 seconds
[2026-07-20T08:23:51.775+0000] {processor.py:186} INFO - Started process (PID=472) to work on /home/airflow/.local/lib/python3.12/site-packages/airflow/example_dags/example_inlet_event_extra.py
[2026-07-20T08:23:51.776+0000] {processor.py:914} INFO - Processing file /home/airflow/.local/lib/python3.12/site-packages/airflow/example_dags/example_inlet_event_extra.py for tasks to queue
[2026-07-20T08:23:51.781+0000] {logging_mixin.py:190} INFO - [2026-07-20T08:23:51.780+0000] {dagbag.py:588} INFO - Filling up the DagBag from /home/airflow/.local/lib/python3.12/site-packages/airflow/example_dags/example_inlet_event_extra.py
[2026-07-20T08:23:52.379+0000] {processor.py:925} INFO - DAG(s) 'read_dataset_event_from_classic', 'read_dataset_event' retrieved from /home/airflow/.local/lib/python3.12/site-packages/airflow/example_dags/example_inlet_event_extra.py
[2026-07-20T08:23:52.403+0000] {logging_mixin.py:190} INFO - [2026-07-20T08:23:52.403+0000] {dag.py:3239} INFO - Sync 2 DAGs
[2026-07-20T08:23:52.429+0000] {logging_mixin.py:190} INFO - [2026-07-20T08:23:52.429+0000] {dag.py:4180} INFO - Setting next_dagrun for read_dataset_event to 2026-07-19 00:00:00+00:00, run_after=2026-07-20 00:00:00+00:00
[2026-07-20T08:23:52.436+0000] {logging_mixin.py:190} INFO - [2026-07-20T08:23:52.435+0000] {dag.py:4180} INFO - Setting next_dagrun for read_dataset_event_from_classic to 2026-07-19 00:00:00+00:00, run_after=2026-07-20 00:00:00+00:00
[2026-07-20T08:23:52.455+0000] {processor.py:208} INFO - Processing /home/airflow/.local/lib/python3.12/site-packages/airflow/example_dags/example_inlet_event_extra.py took 0.688 seconds
[2026-07-20T08:24:22.635+0000] {processor.py:186} INFO - Started process (PID=535) to work on /home/airflow/.local/lib/python3.12/site-packages/airflow/example_dags/example_inlet_event_extra.py
[2026-07-20T08:24:22.636+0000] {processor.py:914} INFO - Processing file /home/airflow/.local/lib/python3.12/site-packages/airflow/example_dags/example_inlet_event_extra.py for tasks to queue
[2026-07-20T08:24:22.639+0000] {logging_mixin.py:190} INFO - [2026-07-20T08:24:22.639+0000] {dagbag.py:588} INFO - Filling up the DagBag from /home/airflow/.local/lib/python3.12/site-packages/airflow/example_dags/example_inlet_event_extra.py
[2026-07-20T08:24:23.345+0000] {processor.py:925} INFO - DAG(s) 'read_dataset_event', 'read_dataset_event_from_classic' retrieved from /home/airflow/.local/lib/python3.12/site-packages/airflow/example_dags/example_inlet_event_extra.py
[2026-07-20T08:24:23.369+0000] {logging_mixin.py:190} INFO - [2026-07-20T08:24:23.369+0000] {dag.py:3239} INFO - Sync 2 DAGs
[2026-07-20T08:24:23.397+0000] {logging_mixin.py:190} INFO - [2026-07-20T08:24:23.397+0000] {dag.py:4180} INFO - Setting next_dagrun for read_dataset_event to 2026-07-19 00:00:00+00:00, run_after=2026-07-20 00:00:00+00:00
[2026-07-20T08:24:23.404+0000] {logging_mixin.py:190} INFO - [2026-07-20T08:24:23.404+0000] {dag.py:4180} INFO - Setting next_dagrun for read_dataset_event_from_classic to 2026-07-19 00:00:00+00:00, run_after=2026-07-20 00:00:00+00:00
[2026-07-20T08:24:23.423+0000] {processor.py:208} INFO - Processing /home/airflow/.local/lib/python3.12/site-packages/airflow/example_dags/example_inlet_event_extra.py took 0.798 seconds
