[2026-07-20T08:21:05.819+0000] {processor.py:186} INFO - Started process (PID=105) to work on /home/airflow/.local/lib/python3.12/site-packages/airflow/example_dags/example_latest_only_with_trigger.py
[2026-07-20T08:21:05.821+0000] {processor.py:914} INFO - Processing file /home/airflow/.local/lib/python3.12/site-packages/airflow/example_dags/example_latest_only_with_trigger.py for tasks to queue
[2026-07-20T08:21:05.826+0000] {logging_mixin.py:190} INFO - [2026-07-20T08:21:05.826+0000] {dagbag.py:588} INFO - Filling up the DagBag from /home/airflow/.local/lib/python3.12/site-packages/airflow/example_dags/example_latest_only_with_trigger.py
[2026-07-20T08:21:05.839+0000] {processor.py:925} INFO - DAG(s) 'latest_only_with_trigger' retrieved from /home/airflow/.local/lib/python3.12/site-packages/airflow/example_dags/example_latest_only_with_trigger.py
[2026-07-20T08:21:06.036+0000] {logging_mixin.py:190} INFO - [2026-07-20T08:21:06.035+0000] {override.py:1912} INFO - Created Permission View: can read on DAG:latest_only_with_trigger
[2026-07-20T08:21:06.063+0000] {logging_mixin.py:190} INFO - [2026-07-20T08:21:06.063+0000] {override.py:1912} INFO - Created Permission View: can delete on DAG:latest_only_with_trigger
[2026-07-20T08:21:06.079+0000] {logging_mixin.py:190} INFO - [2026-07-20T08:21:06.079+0000] {override.py:1912} INFO - Created Permission View: can edit on DAG:latest_only_with_trigger
[2026-07-20T08:21:06.092+0000] {logging_mixin.py:190} INFO - [2026-07-20T08:21:06.092+0000] {override.py:1912} INFO - Created Permission View: menu access on DAG Run:latest_only_with_trigger
[2026-07-20T08:21:06.102+0000] {logging_mixin.py:190} INFO - [2026-07-20T08:21:06.102+0000] {override.py:1912} INFO - Created Permission View: can read on DAG Run:latest_only_with_trigger
[2026-07-20T08:21:06.114+0000] {logging_mixin.py:190} INFO - [2026-07-20T08:21:06.113+0000] {override.py:1912} INFO - Created Permission View: can delete on DAG Run:latest_only_with_trigger
[2026-07-20T08:21:06.124+0000] {logging_mixin.py:190} INFO - [2026-07-20T08:21:06.123+0000] {override.py:1912} INFO - Created Permission View: can create on DAG Run:latest_only_with_trigger
[2026-07-20T08:21:06.125+0000] {logging_mixin.py:190} INFO - [2026-07-20T08:21:06.125+0000] {dag.py:3239} INFO - Sync 1 DAGs
[2026-07-20T08:21:06.142+0000] {logging_mixin.py:190} INFO - [2026-07-20T08:21:06.142+0000] {dag.py:3262} INFO - Creating ORM DAG for latest_only_with_trigger
[2026-07-20T08:21:06.157+0000] {logging_mixin.py:190} INFO - [2026-07-20T08:21:06.156+0000] {dag.py:4180} INFO - Setting next_dagrun for latest_only_with_trigger to 2026-07-20 04:00:00+00:00, run_after=2026-07-20 08:00:00+00:00
[2026-07-20T08:21:06.182+0000] {processor.py:208} INFO - Processing /home/airflow/.local/lib/python3.12/site-packages/airflow/example_dags/example_latest_only_with_trigger.py took 0.373 seconds
[2026-07-20T08:21:36.729+0000] {processor.py:186} INFO - Started process (PID=168) to work on /home/airflow/.local/lib/python3.12/site-packages/airflow/example_dags/example_latest_only_with_trigger.py
[2026-07-20T08:21:36.731+0000] {processor.py:914} INFO - Processing file /home/airflow/.local/lib/python3.12/site-packages/airflow/example_dags/example_latest_only_with_trigger.py for tasks to queue
[2026-07-20T08:21:36.735+0000] {logging_mixin.py:190} INFO - [2026-07-20T08:21:36.734+0000] {dagbag.py:588} INFO - Filling up the DagBag from /home/airflow/.local/lib/python3.12/site-packages/airflow/example_dags/example_latest_only_with_trigger.py
[2026-07-20T08:21:36.747+0000] {processor.py:925} INFO - DAG(s) 'latest_only_with_trigger' retrieved from /home/airflow/.local/lib/python3.12/site-packages/airflow/example_dags/example_latest_only_with_trigger.py
[2026-07-20T08:21:36.774+0000] {logging_mixin.py:190} INFO - [2026-07-20T08:21:36.773+0000] {dag.py:3239} INFO - Sync 1 DAGs
[2026-07-20T08:21:36.810+0000] {logging_mixin.py:190} INFO - [2026-07-20T08:21:36.810+0000] {dag.py:4180} INFO - Setting next_dagrun for latest_only_with_trigger to 2026-07-20 04:00:00+00:00, run_after=2026-07-20 08:00:00+00:00
[2026-07-20T08:21:36.835+0000] {processor.py:208} INFO - Processing /home/airflow/.local/lib/python3.12/site-packages/airflow/example_dags/example_latest_only_with_trigger.py took 0.115 seconds
[2026-07-20T08:22:07.718+0000] {processor.py:186} INFO - Started process (PID=231) to work on /home/airflow/.local/lib/python3.12/site-packages/airflow/example_dags/example_latest_only_with_trigger.py
[2026-07-20T08:22:07.720+0000] {processor.py:914} INFO - Processing file /home/airflow/.local/lib/python3.12/site-packages/airflow/example_dags/example_latest_only_with_trigger.py for tasks to queue
[2026-07-20T08:22:07.724+0000] {logging_mixin.py:190} INFO - [2026-07-20T08:22:07.723+0000] {dagbag.py:588} INFO - Filling up the DagBag from /home/airflow/.local/lib/python3.12/site-packages/airflow/example_dags/example_latest_only_with_trigger.py
[2026-07-20T08:22:07.736+0000] {processor.py:925} INFO - DAG(s) 'latest_only_with_trigger' retrieved from /home/airflow/.local/lib/python3.12/site-packages/airflow/example_dags/example_latest_only_with_trigger.py
[2026-07-20T08:22:07.764+0000] {logging_mixin.py:190} INFO - [2026-07-20T08:22:07.763+0000] {dag.py:3239} INFO - Sync 1 DAGs
[2026-07-20T08:22:07.797+0000] {logging_mixin.py:190} INFO - [2026-07-20T08:22:07.796+0000] {dag.py:4180} INFO - Setting next_dagrun for latest_only_with_trigger to 2026-07-20 04:00:00+00:00, run_after=2026-07-20 08:00:00+00:00
[2026-07-20T08:22:07.822+0000] {processor.py:208} INFO - Processing /home/airflow/.local/lib/python3.12/site-packages/airflow/example_dags/example_latest_only_with_trigger.py took 0.113 seconds
[2026-07-20T08:22:38.695+0000] {processor.py:186} INFO - Started process (PID=294) to work on /home/airflow/.local/lib/python3.12/site-packages/airflow/example_dags/example_latest_only_with_trigger.py
[2026-07-20T08:22:38.697+0000] {processor.py:914} INFO - Processing file /home/airflow/.local/lib/python3.12/site-packages/airflow/example_dags/example_latest_only_with_trigger.py for tasks to queue
[2026-07-20T08:22:38.701+0000] {logging_mixin.py:190} INFO - [2026-07-20T08:22:38.700+0000] {dagbag.py:588} INFO - Filling up the DagBag from /home/airflow/.local/lib/python3.12/site-packages/airflow/example_dags/example_latest_only_with_trigger.py
[2026-07-20T08:22:38.713+0000] {processor.py:925} INFO - DAG(s) 'latest_only_with_trigger' retrieved from /home/airflow/.local/lib/python3.12/site-packages/airflow/example_dags/example_latest_only_with_trigger.py
[2026-07-20T08:22:38.752+0000] {logging_mixin.py:190} INFO - [2026-07-20T08:22:38.752+0000] {dag.py:3239} INFO - Sync 1 DAGs
[2026-07-20T08:22:38.796+0000] {logging_mixin.py:190} INFO - [2026-07-20T08:22:38.796+0000] {dag.py:4180} INFO - Setting next_dagrun for latest_only_with_trigger to 2026-07-20 04:00:00+00:00, run_after=2026-07-20 08:00:00+00:00
[2026-07-20T08:22:38.835+0000] {processor.py:208} INFO - Processing /home/airflow/.local/lib/python3.12/site-packages/airflow/example_dags/example_latest_only_with_trigger.py took 0.151 seconds
[2026-07-20T08:23:09.061+0000] {processor.py:186} INFO - Started process (PID=357) to work on /home/airflow/.local/lib/python3.12/site-packages/airflow/example_dags/example_latest_only_with_trigger.py
[2026-07-20T08:23:09.063+0000] {processor.py:914} INFO - Processing file /home/airflow/.local/lib/python3.12/site-packages/airflow/example_dags/example_latest_only_with_trigger.py for tasks to queue
[2026-07-20T08:23:09.066+0000] {logging_mixin.py:190} INFO - [2026-07-20T08:23:09.066+0000] {dagbag.py:588} INFO - Filling up the DagBag from /home/airflow/.local/lib/python3.12/site-packages/airflow/example_dags/example_latest_only_with_trigger.py
[2026-07-20T08:23:09.081+0000] {processor.py:925} INFO - DAG(s) 'latest_only_with_trigger' retrieved from /home/airflow/.local/lib/python3.12/site-packages/airflow/example_dags/example_latest_only_with_trigger.py
[2026-07-20T08:23:09.109+0000] {logging_mixin.py:190} INFO - [2026-07-20T08:23:09.109+0000] {dag.py:3239} INFO - Sync 1 DAGs
[2026-07-20T08:23:09.140+0000] {logging_mixin.py:190} INFO - [2026-07-20T08:23:09.140+0000] {dag.py:4180} INFO - Setting next_dagrun for latest_only_with_trigger to 2026-07-20 04:00:00+00:00, run_after=2026-07-20 08:00:00+00:00
[2026-07-20T08:23:09.165+0000] {processor.py:208} INFO - Processing /home/airflow/.local/lib/python3.12/site-packages/airflow/example_dags/example_latest_only_with_trigger.py took 0.112 seconds
[2026-07-20T08:23:39.571+0000] {processor.py:186} INFO - Started process (PID=420) to work on /home/airflow/.local/lib/python3.12/site-packages/airflow/example_dags/example_latest_only_with_trigger.py
[2026-07-20T08:23:39.573+0000] {processor.py:914} INFO - Processing file /home/airflow/.local/lib/python3.12/site-packages/airflow/example_dags/example_latest_only_with_trigger.py for tasks to queue
[2026-07-20T08:23:39.579+0000] {logging_mixin.py:190} INFO - [2026-07-20T08:23:39.578+0000] {dagbag.py:588} INFO - Filling up the DagBag from /home/airflow/.local/lib/python3.12/site-packages/airflow/example_dags/example_latest_only_with_trigger.py
[2026-07-20T08:23:39.594+0000] {processor.py:925} INFO - DAG(s) 'latest_only_with_trigger' retrieved from /home/airflow/.local/lib/python3.12/site-packages/airflow/example_dags/example_latest_only_with_trigger.py
[2026-07-20T08:23:39.627+0000] {logging_mixin.py:190} INFO - [2026-07-20T08:23:39.627+0000] {dag.py:3239} INFO - Sync 1 DAGs
[2026-07-20T08:23:39.668+0000] {logging_mixin.py:190} INFO - [2026-07-20T08:23:39.668+0000] {dag.py:4180} INFO - Setting next_dagrun for latest_only_with_trigger to 2026-07-20 04:00:00+00:00, run_after=2026-07-20 08:00:00+00:00
[2026-07-20T08:23:39.700+0000] {processor.py:208} INFO - Processing /home/airflow/.local/lib/python3.12/site-packages/airflow/example_dags/example_latest_only_with_trigger.py took 0.139 seconds
[2026-07-20T08:24:10.098+0000] {processor.py:186} INFO - Started process (PID=483) to work on /home/airflow/.local/lib/python3.12/site-packages/airflow/example_dags/example_latest_only_with_trigger.py
[2026-07-20T08:24:10.100+0000] {processor.py:914} INFO - Processing file /home/airflow/.local/lib/python3.12/site-packages/airflow/example_dags/example_latest_only_with_trigger.py for tasks to queue
[2026-07-20T08:24:10.104+0000] {logging_mixin.py:190} INFO - [2026-07-20T08:24:10.104+0000] {dagbag.py:588} INFO - Filling up the DagBag from /home/airflow/.local/lib/python3.12/site-packages/airflow/example_dags/example_latest_only_with_trigger.py
[2026-07-20T08:24:10.114+0000] {processor.py:925} INFO - DAG(s) 'latest_only_with_trigger' retrieved from /home/airflow/.local/lib/python3.12/site-packages/airflow/example_dags/example_latest_only_with_trigger.py
[2026-07-20T08:24:10.147+0000] {logging_mixin.py:190} INFO - [2026-07-20T08:24:10.146+0000] {dag.py:3239} INFO - Sync 1 DAGs
[2026-07-20T08:24:10.187+0000] {logging_mixin.py:190} INFO - [2026-07-20T08:24:10.186+0000] {dag.py:4180} INFO - Setting next_dagrun for latest_only_with_trigger to 2026-07-20 04:00:00+00:00, run_after=2026-07-20 08:00:00+00:00
[2026-07-20T08:24:10.221+0000] {processor.py:208} INFO - Processing /home/airflow/.local/lib/python3.12/site-packages/airflow/example_dags/example_latest_only_with_trigger.py took 0.131 seconds
[2026-07-20T08:24:40.566+0000] {processor.py:186} INFO - Started process (PID=546) to work on /home/airflow/.local/lib/python3.12/site-packages/airflow/example_dags/example_latest_only_with_trigger.py
[2026-07-20T08:24:40.574+0000] {processor.py:914} INFO - Processing file /home/airflow/.local/lib/python3.12/site-packages/airflow/example_dags/example_latest_only_with_trigger.py for tasks to queue
[2026-07-20T08:24:40.580+0000] {logging_mixin.py:190} INFO - [2026-07-20T08:24:40.579+0000] {dagbag.py:588} INFO - Filling up the DagBag from /home/airflow/.local/lib/python3.12/site-packages/airflow/example_dags/example_latest_only_with_trigger.py
[2026-07-20T08:24:40.597+0000] {processor.py:925} INFO - DAG(s) 'latest_only_with_trigger' retrieved from /home/airflow/.local/lib/python3.12/site-packages/airflow/example_dags/example_latest_only_with_trigger.py
[2026-07-20T08:24:40.640+0000] {logging_mixin.py:190} INFO - [2026-07-20T08:24:40.639+0000] {dag.py:3239} INFO - Sync 1 DAGs
[2026-07-20T08:24:40.711+0000] {logging_mixin.py:190} INFO - [2026-07-20T08:24:40.711+0000] {dag.py:4180} INFO - Setting next_dagrun for latest_only_with_trigger to 2026-07-20 04:00:00+00:00, run_after=2026-07-20 08:00:00+00:00
[2026-07-20T08:24:40.778+0000] {processor.py:208} INFO - Processing /home/airflow/.local/lib/python3.12/site-packages/airflow/example_dags/example_latest_only_with_trigger.py took 0.233 seconds
[2026-07-20T08:25:30.428+0000] {processor.py:186} INFO - Started process (PID=80) to work on /home/airflow/.local/lib/python3.12/site-packages/airflow/example_dags/example_latest_only_with_trigger.py
[2026-07-20T08:25:30.430+0000] {processor.py:914} INFO - Processing file /home/airflow/.local/lib/python3.12/site-packages/airflow/example_dags/example_latest_only_with_trigger.py for tasks to queue
[2026-07-20T08:25:30.435+0000] {logging_mixin.py:190} INFO - [2026-07-20T08:25:30.434+0000] {dagbag.py:588} INFO - Filling up the DagBag from /home/airflow/.local/lib/python3.12/site-packages/airflow/example_dags/example_latest_only_with_trigger.py
[2026-07-20T08:25:30.449+0000] {processor.py:925} INFO - DAG(s) 'latest_only_with_trigger' retrieved from /home/airflow/.local/lib/python3.12/site-packages/airflow/example_dags/example_latest_only_with_trigger.py
[2026-07-20T08:25:30.499+0000] {logging_mixin.py:190} INFO - [2026-07-20T08:25:30.498+0000] {dag.py:3239} INFO - Sync 1 DAGs
[2026-07-20T08:25:30.578+0000] {logging_mixin.py:190} INFO - [2026-07-20T08:25:30.578+0000] {dag.py:4180} INFO - Setting next_dagrun for latest_only_with_trigger to 2026-07-20 04:00:00+00:00, run_after=2026-07-20 08:00:00+00:00
[2026-07-20T08:25:30.670+0000] {processor.py:208} INFO - Processing /home/airflow/.local/lib/python3.12/site-packages/airflow/example_dags/example_latest_only_with_trigger.py took 0.253 seconds
