[2026-07-20T08:21:12.122+0000] {processor.py:186} INFO - Started process (PID=129) to work on /home/airflow/.local/lib/python3.12/site-packages/airflow/example_dags/example_complex.py
[2026-07-20T08:21:12.124+0000] {processor.py:914} INFO - Processing file /home/airflow/.local/lib/python3.12/site-packages/airflow/example_dags/example_complex.py for tasks to queue
[2026-07-20T08:21:12.128+0000] {logging_mixin.py:190} INFO - [2026-07-20T08:21:12.127+0000] {dagbag.py:588} INFO - Filling up the DagBag from /home/airflow/.local/lib/python3.12/site-packages/airflow/example_dags/example_complex.py
[2026-07-20T08:21:12.146+0000] {processor.py:925} INFO - DAG(s) 'example_complex' retrieved from /home/airflow/.local/lib/python3.12/site-packages/airflow/example_dags/example_complex.py
[2026-07-20T08:21:12.293+0000] {logging_mixin.py:190} INFO - [2026-07-20T08:21:12.292+0000] {override.py:1912} INFO - Created Permission View: can read on DAG:example_complex
[2026-07-20T08:21:12.305+0000] {logging_mixin.py:190} INFO - [2026-07-20T08:21:12.304+0000] {override.py:1912} INFO - Created Permission View: can delete on DAG:example_complex
[2026-07-20T08:21:12.312+0000] {logging_mixin.py:190} INFO - [2026-07-20T08:21:12.312+0000] {override.py:1912} INFO - Created Permission View: can edit on DAG:example_complex
[2026-07-20T08:21:12.322+0000] {logging_mixin.py:190} INFO - [2026-07-20T08:21:12.322+0000] {override.py:1912} INFO - Created Permission View: menu access on DAG Run:example_complex
[2026-07-20T08:21:12.331+0000] {logging_mixin.py:190} INFO - [2026-07-20T08:21:12.331+0000] {override.py:1912} INFO - Created Permission View: can read on DAG Run:example_complex
[2026-07-20T08:21:12.342+0000] {logging_mixin.py:190} INFO - [2026-07-20T08:21:12.341+0000] {override.py:1912} INFO - Created Permission View: can delete on DAG Run:example_complex
[2026-07-20T08:21:12.353+0000] {logging_mixin.py:190} INFO - [2026-07-20T08:21:12.353+0000] {override.py:1912} INFO - Created Permission View: can create on DAG Run:example_complex
[2026-07-20T08:21:12.354+0000] {logging_mixin.py:190} INFO - [2026-07-20T08:21:12.354+0000] {dag.py:3239} INFO - Sync 1 DAGs
[2026-07-20T08:21:12.374+0000] {logging_mixin.py:190} INFO - [2026-07-20T08:21:12.374+0000] {dag.py:3262} INFO - Creating ORM DAG for example_complex
[2026-07-20T08:21:12.376+0000] {logging_mixin.py:190} INFO - [2026-07-20T08:21:12.376+0000] {dag.py:4180} INFO - Setting next_dagrun for example_complex to None, run_after=None
[2026-07-20T08:21:12.404+0000] {processor.py:208} INFO - Processing /home/airflow/.local/lib/python3.12/site-packages/airflow/example_dags/example_complex.py took 0.291 seconds
[2026-07-20T08:21:42.468+0000] {processor.py:186} INFO - Started process (PID=192) to work on /home/airflow/.local/lib/python3.12/site-packages/airflow/example_dags/example_complex.py
[2026-07-20T08:21:42.470+0000] {processor.py:914} INFO - Processing file /home/airflow/.local/lib/python3.12/site-packages/airflow/example_dags/example_complex.py for tasks to queue
[2026-07-20T08:21:42.474+0000] {logging_mixin.py:190} INFO - [2026-07-20T08:21:42.473+0000] {dagbag.py:588} INFO - Filling up the DagBag from /home/airflow/.local/lib/python3.12/site-packages/airflow/example_dags/example_complex.py
[2026-07-20T08:21:42.489+0000] {processor.py:925} INFO - DAG(s) 'example_complex' retrieved from /home/airflow/.local/lib/python3.12/site-packages/airflow/example_dags/example_complex.py
[2026-07-20T08:21:42.532+0000] {logging_mixin.py:190} INFO - [2026-07-20T08:21:42.532+0000] {dag.py:3239} INFO - Sync 1 DAGs
[2026-07-20T08:21:42.552+0000] {logging_mixin.py:190} INFO - [2026-07-20T08:21:42.552+0000] {dag.py:4180} INFO - Setting next_dagrun for example_complex to None, run_after=None
[2026-07-20T08:21:42.585+0000] {processor.py:208} INFO - Processing /home/airflow/.local/lib/python3.12/site-packages/airflow/example_dags/example_complex.py took 0.124 seconds
[2026-07-20T08:22:13.590+0000] {processor.py:186} INFO - Started process (PID=255) to work on /home/airflow/.local/lib/python3.12/site-packages/airflow/example_dags/example_complex.py
[2026-07-20T08:22:13.591+0000] {processor.py:914} INFO - Processing file /home/airflow/.local/lib/python3.12/site-packages/airflow/example_dags/example_complex.py for tasks to queue
[2026-07-20T08:22:13.593+0000] {logging_mixin.py:190} INFO - [2026-07-20T08:22:13.593+0000] {dagbag.py:588} INFO - Filling up the DagBag from /home/airflow/.local/lib/python3.12/site-packages/airflow/example_dags/example_complex.py
[2026-07-20T08:22:13.605+0000] {processor.py:925} INFO - DAG(s) 'example_complex' retrieved from /home/airflow/.local/lib/python3.12/site-packages/airflow/example_dags/example_complex.py
[2026-07-20T08:22:13.639+0000] {logging_mixin.py:190} INFO - [2026-07-20T08:22:13.638+0000] {dag.py:3239} INFO - Sync 1 DAGs
[2026-07-20T08:22:13.655+0000] {logging_mixin.py:190} INFO - [2026-07-20T08:22:13.655+0000] {dag.py:4180} INFO - Setting next_dagrun for example_complex to None, run_after=None
[2026-07-20T08:22:13.677+0000] {processor.py:208} INFO - Processing /home/airflow/.local/lib/python3.12/site-packages/airflow/example_dags/example_complex.py took 0.093 seconds
[2026-07-20T08:22:44.781+0000] {processor.py:186} INFO - Started process (PID=318) to work on /home/airflow/.local/lib/python3.12/site-packages/airflow/example_dags/example_complex.py
[2026-07-20T08:22:44.783+0000] {processor.py:914} INFO - Processing file /home/airflow/.local/lib/python3.12/site-packages/airflow/example_dags/example_complex.py for tasks to queue
[2026-07-20T08:22:44.787+0000] {logging_mixin.py:190} INFO - [2026-07-20T08:22:44.786+0000] {dagbag.py:588} INFO - Filling up the DagBag from /home/airflow/.local/lib/python3.12/site-packages/airflow/example_dags/example_complex.py
[2026-07-20T08:22:44.802+0000] {processor.py:925} INFO - DAG(s) 'example_complex' retrieved from /home/airflow/.local/lib/python3.12/site-packages/airflow/example_dags/example_complex.py
[2026-07-20T08:22:44.851+0000] {logging_mixin.py:190} INFO - [2026-07-20T08:22:44.850+0000] {dag.py:3239} INFO - Sync 1 DAGs
[2026-07-20T08:22:44.872+0000] {logging_mixin.py:190} INFO - [2026-07-20T08:22:44.871+0000] {dag.py:4180} INFO - Setting next_dagrun for example_complex to None, run_after=None
[2026-07-20T08:22:44.895+0000] {processor.py:208} INFO - Processing /home/airflow/.local/lib/python3.12/site-packages/airflow/example_dags/example_complex.py took 0.121 seconds
[2026-07-20T08:23:15.510+0000] {processor.py:186} INFO - Started process (PID=380) to work on /home/airflow/.local/lib/python3.12/site-packages/airflow/example_dags/example_complex.py
[2026-07-20T08:23:15.512+0000] {processor.py:914} INFO - Processing file /home/airflow/.local/lib/python3.12/site-packages/airflow/example_dags/example_complex.py for tasks to queue
[2026-07-20T08:23:15.515+0000] {logging_mixin.py:190} INFO - [2026-07-20T08:23:15.515+0000] {dagbag.py:588} INFO - Filling up the DagBag from /home/airflow/.local/lib/python3.12/site-packages/airflow/example_dags/example_complex.py
[2026-07-20T08:23:15.533+0000] {processor.py:925} INFO - DAG(s) 'example_complex' retrieved from /home/airflow/.local/lib/python3.12/site-packages/airflow/example_dags/example_complex.py
[2026-07-20T08:23:15.574+0000] {logging_mixin.py:190} INFO - [2026-07-20T08:23:15.574+0000] {dag.py:3239} INFO - Sync 1 DAGs
[2026-07-20T08:23:15.596+0000] {logging_mixin.py:190} INFO - [2026-07-20T08:23:15.596+0000] {dag.py:4180} INFO - Setting next_dagrun for example_complex to None, run_after=None
[2026-07-20T08:23:15.630+0000] {processor.py:208} INFO - Processing /home/airflow/.local/lib/python3.12/site-packages/airflow/example_dags/example_complex.py took 0.128 seconds
[2026-07-20T08:23:45.722+0000] {processor.py:186} INFO - Started process (PID=442) to work on /home/airflow/.local/lib/python3.12/site-packages/airflow/example_dags/example_complex.py
[2026-07-20T08:23:45.723+0000] {processor.py:914} INFO - Processing file /home/airflow/.local/lib/python3.12/site-packages/airflow/example_dags/example_complex.py for tasks to queue
[2026-07-20T08:23:45.728+0000] {logging_mixin.py:190} INFO - [2026-07-20T08:23:45.727+0000] {dagbag.py:588} INFO - Filling up the DagBag from /home/airflow/.local/lib/python3.12/site-packages/airflow/example_dags/example_complex.py
[2026-07-20T08:23:45.745+0000] {processor.py:925} INFO - DAG(s) 'example_complex' retrieved from /home/airflow/.local/lib/python3.12/site-packages/airflow/example_dags/example_complex.py
[2026-07-20T08:23:45.786+0000] {logging_mixin.py:190} INFO - [2026-07-20T08:23:45.785+0000] {dag.py:3239} INFO - Sync 1 DAGs
[2026-07-20T08:23:45.807+0000] {logging_mixin.py:190} INFO - [2026-07-20T08:23:45.807+0000] {dag.py:4180} INFO - Setting next_dagrun for example_complex to None, run_after=None
[2026-07-20T08:23:45.836+0000] {processor.py:208} INFO - Processing /home/airflow/.local/lib/python3.12/site-packages/airflow/example_dags/example_complex.py took 0.126 seconds
[2026-07-20T08:24:15.899+0000] {processor.py:186} INFO - Started process (PID=505) to work on /home/airflow/.local/lib/python3.12/site-packages/airflow/example_dags/example_complex.py
[2026-07-20T08:24:15.900+0000] {processor.py:914} INFO - Processing file /home/airflow/.local/lib/python3.12/site-packages/airflow/example_dags/example_complex.py for tasks to queue
[2026-07-20T08:24:15.903+0000] {logging_mixin.py:190} INFO - [2026-07-20T08:24:15.903+0000] {dagbag.py:588} INFO - Filling up the DagBag from /home/airflow/.local/lib/python3.12/site-packages/airflow/example_dags/example_complex.py
[2026-07-20T08:24:15.916+0000] {processor.py:925} INFO - DAG(s) 'example_complex' retrieved from /home/airflow/.local/lib/python3.12/site-packages/airflow/example_dags/example_complex.py
[2026-07-20T08:24:15.947+0000] {logging_mixin.py:190} INFO - [2026-07-20T08:24:15.947+0000] {dag.py:3239} INFO - Sync 1 DAGs
[2026-07-20T08:24:15.969+0000] {logging_mixin.py:190} INFO - [2026-07-20T08:24:15.968+0000] {dag.py:4180} INFO - Setting next_dagrun for example_complex to None, run_after=None
[2026-07-20T08:24:15.993+0000] {processor.py:208} INFO - Processing /home/airflow/.local/lib/python3.12/site-packages/airflow/example_dags/example_complex.py took 0.102 seconds
[2026-07-20T08:24:46.273+0000] {processor.py:186} INFO - Started process (PID=568) to work on /home/airflow/.local/lib/python3.12/site-packages/airflow/example_dags/example_complex.py
[2026-07-20T08:24:46.274+0000] {processor.py:914} INFO - Processing file /home/airflow/.local/lib/python3.12/site-packages/airflow/example_dags/example_complex.py for tasks to queue
[2026-07-20T08:24:46.278+0000] {logging_mixin.py:190} INFO - [2026-07-20T08:24:46.277+0000] {dagbag.py:588} INFO - Filling up the DagBag from /home/airflow/.local/lib/python3.12/site-packages/airflow/example_dags/example_complex.py
[2026-07-20T08:24:46.292+0000] {processor.py:925} INFO - DAG(s) 'example_complex' retrieved from /home/airflow/.local/lib/python3.12/site-packages/airflow/example_dags/example_complex.py
[2026-07-20T08:24:46.336+0000] {logging_mixin.py:190} INFO - [2026-07-20T08:24:46.336+0000] {dag.py:3239} INFO - Sync 1 DAGs
[2026-07-20T08:24:46.355+0000] {logging_mixin.py:190} INFO - [2026-07-20T08:24:46.355+0000] {dag.py:4180} INFO - Setting next_dagrun for example_complex to None, run_after=None
[2026-07-20T08:24:46.380+0000] {processor.py:208} INFO - Processing /home/airflow/.local/lib/python3.12/site-packages/airflow/example_dags/example_complex.py took 0.115 seconds
