[2026-07-20T08:21:06.823+0000] {processor.py:186} INFO - Started process (PID=110) to work on /home/airflow/.local/lib/python3.12/site-packages/airflow/example_dags/example_python_operator.py
[2026-07-20T08:21:06.826+0000] {processor.py:914} INFO - Processing file /home/airflow/.local/lib/python3.12/site-packages/airflow/example_dags/example_python_operator.py for tasks to queue
[2026-07-20T08:21:06.830+0000] {logging_mixin.py:190} INFO - [2026-07-20T08:21:06.829+0000] {dagbag.py:588} INFO - Filling up the DagBag from /home/airflow/.local/lib/python3.12/site-packages/airflow/example_dags/example_python_operator.py
[2026-07-20T08:21:06.857+0000] {processor.py:925} INFO - DAG(s) 'example_python_operator' retrieved from /home/airflow/.local/lib/python3.12/site-packages/airflow/example_dags/example_python_operator.py
[2026-07-20T08:21:07.065+0000] {logging_mixin.py:190} INFO - [2026-07-20T08:21:07.064+0000] {override.py:1912} INFO - Created Permission View: can read on DAG:example_python_operator
[2026-07-20T08:21:07.080+0000] {logging_mixin.py:190} INFO - [2026-07-20T08:21:07.080+0000] {override.py:1912} INFO - Created Permission View: can delete on DAG:example_python_operator
[2026-07-20T08:21:07.090+0000] {logging_mixin.py:190} INFO - [2026-07-20T08:21:07.090+0000] {override.py:1912} INFO - Created Permission View: can edit on DAG:example_python_operator
[2026-07-20T08:21:07.101+0000] {logging_mixin.py:190} INFO - [2026-07-20T08:21:07.100+0000] {override.py:1912} INFO - Created Permission View: menu access on DAG Run:example_python_operator
[2026-07-20T08:21:07.112+0000] {logging_mixin.py:190} INFO - [2026-07-20T08:21:07.112+0000] {override.py:1912} INFO - Created Permission View: can read on DAG Run:example_python_operator
[2026-07-20T08:21:07.138+0000] {logging_mixin.py:190} INFO - [2026-07-20T08:21:07.137+0000] {override.py:1912} INFO - Created Permission View: can delete on DAG Run:example_python_operator
[2026-07-20T08:21:07.151+0000] {logging_mixin.py:190} INFO - [2026-07-20T08:21:07.150+0000] {override.py:1912} INFO - Created Permission View: can create on DAG Run:example_python_operator
[2026-07-20T08:21:07.153+0000] {logging_mixin.py:190} INFO - [2026-07-20T08:21:07.152+0000] {dag.py:3239} INFO - Sync 1 DAGs
[2026-07-20T08:21:07.174+0000] {logging_mixin.py:190} INFO - [2026-07-20T08:21:07.173+0000] {dag.py:3262} INFO - Creating ORM DAG for example_python_operator
[2026-07-20T08:21:07.175+0000] {logging_mixin.py:190} INFO - [2026-07-20T08:21:07.175+0000] {dag.py:4180} INFO - Setting next_dagrun for example_python_operator to None, run_after=None
[2026-07-20T08:21:07.200+0000] {processor.py:208} INFO - Processing /home/airflow/.local/lib/python3.12/site-packages/airflow/example_dags/example_python_operator.py took 0.386 seconds
[2026-07-20T08:21:37.328+0000] {processor.py:186} INFO - Started process (PID=173) to work on /home/airflow/.local/lib/python3.12/site-packages/airflow/example_dags/example_python_operator.py
[2026-07-20T08:21:37.330+0000] {processor.py:914} INFO - Processing file /home/airflow/.local/lib/python3.12/site-packages/airflow/example_dags/example_python_operator.py for tasks to queue
[2026-07-20T08:21:37.333+0000] {logging_mixin.py:190} INFO - [2026-07-20T08:21:37.332+0000] {dagbag.py:588} INFO - Filling up the DagBag from /home/airflow/.local/lib/python3.12/site-packages/airflow/example_dags/example_python_operator.py
[2026-07-20T08:21:37.349+0000] {processor.py:925} INFO - DAG(s) 'example_python_operator' retrieved from /home/airflow/.local/lib/python3.12/site-packages/airflow/example_dags/example_python_operator.py
[2026-07-20T08:21:37.376+0000] {logging_mixin.py:190} INFO - [2026-07-20T08:21:37.376+0000] {dag.py:3239} INFO - Sync 1 DAGs
[2026-07-20T08:21:37.395+0000] {logging_mixin.py:190} INFO - [2026-07-20T08:21:37.395+0000] {dag.py:4180} INFO - Setting next_dagrun for example_python_operator to None, run_after=None
[2026-07-20T08:21:37.424+0000] {processor.py:208} INFO - Processing /home/airflow/.local/lib/python3.12/site-packages/airflow/example_dags/example_python_operator.py took 0.102 seconds
[2026-07-20T08:22:08.134+0000] {processor.py:186} INFO - Started process (PID=236) to work on /home/airflow/.local/lib/python3.12/site-packages/airflow/example_dags/example_python_operator.py
[2026-07-20T08:22:08.135+0000] {processor.py:914} INFO - Processing file /home/airflow/.local/lib/python3.12/site-packages/airflow/example_dags/example_python_operator.py for tasks to queue
[2026-07-20T08:22:08.138+0000] {logging_mixin.py:190} INFO - [2026-07-20T08:22:08.138+0000] {dagbag.py:588} INFO - Filling up the DagBag from /home/airflow/.local/lib/python3.12/site-packages/airflow/example_dags/example_python_operator.py
[2026-07-20T08:22:08.152+0000] {processor.py:925} INFO - DAG(s) 'example_python_operator' retrieved from /home/airflow/.local/lib/python3.12/site-packages/airflow/example_dags/example_python_operator.py
[2026-07-20T08:22:08.175+0000] {logging_mixin.py:190} INFO - [2026-07-20T08:22:08.175+0000] {dag.py:3239} INFO - Sync 1 DAGs
[2026-07-20T08:22:08.193+0000] {logging_mixin.py:190} INFO - [2026-07-20T08:22:08.192+0000] {dag.py:4180} INFO - Setting next_dagrun for example_python_operator to None, run_after=None
[2026-07-20T08:22:08.218+0000] {processor.py:208} INFO - Processing /home/airflow/.local/lib/python3.12/site-packages/airflow/example_dags/example_python_operator.py took 0.091 seconds
[2026-07-20T08:22:39.420+0000] {processor.py:186} INFO - Started process (PID=299) to work on /home/airflow/.local/lib/python3.12/site-packages/airflow/example_dags/example_python_operator.py
[2026-07-20T08:22:39.422+0000] {processor.py:914} INFO - Processing file /home/airflow/.local/lib/python3.12/site-packages/airflow/example_dags/example_python_operator.py for tasks to queue
[2026-07-20T08:22:39.426+0000] {logging_mixin.py:190} INFO - [2026-07-20T08:22:39.425+0000] {dagbag.py:588} INFO - Filling up the DagBag from /home/airflow/.local/lib/python3.12/site-packages/airflow/example_dags/example_python_operator.py
[2026-07-20T08:22:39.445+0000] {processor.py:925} INFO - DAG(s) 'example_python_operator' retrieved from /home/airflow/.local/lib/python3.12/site-packages/airflow/example_dags/example_python_operator.py
[2026-07-20T08:22:39.483+0000] {logging_mixin.py:190} INFO - [2026-07-20T08:22:39.482+0000] {dag.py:3239} INFO - Sync 1 DAGs
[2026-07-20T08:22:39.518+0000] {logging_mixin.py:190} INFO - [2026-07-20T08:22:39.517+0000] {dag.py:4180} INFO - Setting next_dagrun for example_python_operator to None, run_after=None
[2026-07-20T08:22:39.571+0000] {processor.py:208} INFO - Processing /home/airflow/.local/lib/python3.12/site-packages/airflow/example_dags/example_python_operator.py took 0.160 seconds
[2026-07-20T08:23:09.749+0000] {processor.py:186} INFO - Started process (PID=362) to work on /home/airflow/.local/lib/python3.12/site-packages/airflow/example_dags/example_python_operator.py
[2026-07-20T08:23:09.751+0000] {processor.py:914} INFO - Processing file /home/airflow/.local/lib/python3.12/site-packages/airflow/example_dags/example_python_operator.py for tasks to queue
[2026-07-20T08:23:09.754+0000] {logging_mixin.py:190} INFO - [2026-07-20T08:23:09.753+0000] {dagbag.py:588} INFO - Filling up the DagBag from /home/airflow/.local/lib/python3.12/site-packages/airflow/example_dags/example_python_operator.py
[2026-07-20T08:23:09.772+0000] {processor.py:925} INFO - DAG(s) 'example_python_operator' retrieved from /home/airflow/.local/lib/python3.12/site-packages/airflow/example_dags/example_python_operator.py
[2026-07-20T08:23:09.808+0000] {logging_mixin.py:190} INFO - [2026-07-20T08:23:09.808+0000] {dag.py:3239} INFO - Sync 1 DAGs
[2026-07-20T08:23:09.825+0000] {logging_mixin.py:190} INFO - [2026-07-20T08:23:09.825+0000] {dag.py:4180} INFO - Setting next_dagrun for example_python_operator to None, run_after=None
[2026-07-20T08:23:09.855+0000] {processor.py:208} INFO - Processing /home/airflow/.local/lib/python3.12/site-packages/airflow/example_dags/example_python_operator.py took 0.115 seconds
[2026-07-20T08:23:40.189+0000] {processor.py:186} INFO - Started process (PID=425) to work on /home/airflow/.local/lib/python3.12/site-packages/airflow/example_dags/example_python_operator.py
[2026-07-20T08:23:40.191+0000] {processor.py:914} INFO - Processing file /home/airflow/.local/lib/python3.12/site-packages/airflow/example_dags/example_python_operator.py for tasks to queue
[2026-07-20T08:23:40.195+0000] {logging_mixin.py:190} INFO - [2026-07-20T08:23:40.195+0000] {dagbag.py:588} INFO - Filling up the DagBag from /home/airflow/.local/lib/python3.12/site-packages/airflow/example_dags/example_python_operator.py
[2026-07-20T08:23:40.214+0000] {processor.py:925} INFO - DAG(s) 'example_python_operator' retrieved from /home/airflow/.local/lib/python3.12/site-packages/airflow/example_dags/example_python_operator.py
[2026-07-20T08:23:40.246+0000] {logging_mixin.py:190} INFO - [2026-07-20T08:23:40.246+0000] {dag.py:3239} INFO - Sync 1 DAGs
[2026-07-20T08:23:40.269+0000] {logging_mixin.py:190} INFO - [2026-07-20T08:23:40.269+0000] {dag.py:4180} INFO - Setting next_dagrun for example_python_operator to None, run_after=None
[2026-07-20T08:23:40.299+0000] {processor.py:208} INFO - Processing /home/airflow/.local/lib/python3.12/site-packages/airflow/example_dags/example_python_operator.py took 0.119 seconds
[2026-07-20T08:24:10.594+0000] {processor.py:186} INFO - Started process (PID=488) to work on /home/airflow/.local/lib/python3.12/site-packages/airflow/example_dags/example_python_operator.py
[2026-07-20T08:24:10.599+0000] {processor.py:914} INFO - Processing file /home/airflow/.local/lib/python3.12/site-packages/airflow/example_dags/example_python_operator.py for tasks to queue
[2026-07-20T08:24:10.608+0000] {logging_mixin.py:190} INFO - [2026-07-20T08:24:10.607+0000] {dagbag.py:588} INFO - Filling up the DagBag from /home/airflow/.local/lib/python3.12/site-packages/airflow/example_dags/example_python_operator.py
[2026-07-20T08:24:10.640+0000] {processor.py:925} INFO - DAG(s) 'example_python_operator' retrieved from /home/airflow/.local/lib/python3.12/site-packages/airflow/example_dags/example_python_operator.py
[2026-07-20T08:24:10.685+0000] {logging_mixin.py:190} INFO - [2026-07-20T08:24:10.685+0000] {dag.py:3239} INFO - Sync 1 DAGs
[2026-07-20T08:24:10.723+0000] {logging_mixin.py:190} INFO - [2026-07-20T08:24:10.723+0000] {dag.py:4180} INFO - Setting next_dagrun for example_python_operator to None, run_after=None
[2026-07-20T08:24:10.769+0000] {processor.py:208} INFO - Processing /home/airflow/.local/lib/python3.12/site-packages/airflow/example_dags/example_python_operator.py took 0.185 seconds
[2026-07-20T08:24:41.423+0000] {processor.py:186} INFO - Started process (PID=551) to work on /home/airflow/.local/lib/python3.12/site-packages/airflow/example_dags/example_python_operator.py
[2026-07-20T08:24:41.425+0000] {processor.py:914} INFO - Processing file /home/airflow/.local/lib/python3.12/site-packages/airflow/example_dags/example_python_operator.py for tasks to queue
[2026-07-20T08:24:41.430+0000] {logging_mixin.py:190} INFO - [2026-07-20T08:24:41.429+0000] {dagbag.py:588} INFO - Filling up the DagBag from /home/airflow/.local/lib/python3.12/site-packages/airflow/example_dags/example_python_operator.py
[2026-07-20T08:24:41.462+0000] {processor.py:925} INFO - DAG(s) 'example_python_operator' retrieved from /home/airflow/.local/lib/python3.12/site-packages/airflow/example_dags/example_python_operator.py
[2026-07-20T08:24:41.550+0000] {logging_mixin.py:190} INFO - [2026-07-20T08:24:41.550+0000] {dag.py:3239} INFO - Sync 1 DAGs
[2026-07-20T08:24:41.606+0000] {logging_mixin.py:190} INFO - [2026-07-20T08:24:41.606+0000] {dag.py:4180} INFO - Setting next_dagrun for example_python_operator to None, run_after=None
[2026-07-20T08:24:41.695+0000] {processor.py:208} INFO - Processing /home/airflow/.local/lib/python3.12/site-packages/airflow/example_dags/example_python_operator.py took 0.282 seconds
[2026-07-20T08:25:31.172+0000] {processor.py:186} INFO - Started process (PID=85) to work on /home/airflow/.local/lib/python3.12/site-packages/airflow/example_dags/example_python_operator.py
[2026-07-20T08:25:31.174+0000] {processor.py:914} INFO - Processing file /home/airflow/.local/lib/python3.12/site-packages/airflow/example_dags/example_python_operator.py for tasks to queue
[2026-07-20T08:25:31.177+0000] {logging_mixin.py:190} INFO - [2026-07-20T08:25:31.176+0000] {dagbag.py:588} INFO - Filling up the DagBag from /home/airflow/.local/lib/python3.12/site-packages/airflow/example_dags/example_python_operator.py
[2026-07-20T08:25:31.196+0000] {processor.py:925} INFO - DAG(s) 'example_python_operator' retrieved from /home/airflow/.local/lib/python3.12/site-packages/airflow/example_dags/example_python_operator.py
[2026-07-20T08:25:31.357+0000] {logging_mixin.py:190} INFO - [2026-07-20T08:25:31.356+0000] {dag.py:3239} INFO - Sync 1 DAGs
[2026-07-20T08:25:31.371+0000] {logging_mixin.py:190} INFO - [2026-07-20T08:25:31.371+0000] {dag.py:4180} INFO - Setting next_dagrun for example_python_operator to None, run_after=None
[2026-07-20T08:25:31.399+0000] {processor.py:208} INFO - Processing /home/airflow/.local/lib/python3.12/site-packages/airflow/example_dags/example_python_operator.py took 0.233 seconds
