[2026-07-20T08:21:06.257+0000] {processor.py:186} INFO - Started process (PID=108) to work on /home/airflow/.local/lib/python3.12/site-packages/airflow/example_dags/example_branch_datetime_operator.py
[2026-07-20T08:21:06.258+0000] {processor.py:914} INFO - Processing file /home/airflow/.local/lib/python3.12/site-packages/airflow/example_dags/example_branch_datetime_operator.py for tasks to queue
[2026-07-20T08:21:06.261+0000] {logging_mixin.py:190} INFO - [2026-07-20T08:21:06.261+0000] {dagbag.py:588} INFO - Filling up the DagBag from /home/airflow/.local/lib/python3.12/site-packages/airflow/example_dags/example_branch_datetime_operator.py
[2026-07-20T08:21:06.280+0000] {processor.py:925} INFO - DAG(s) 'example_branch_datetime_operator_2', 'example_branch_datetime_operator', 'example_branch_datetime_operator_3' retrieved from /home/airflow/.local/lib/python3.12/site-packages/airflow/example_dags/example_branch_datetime_operator.py
[2026-07-20T08:21:06.448+0000] {logging_mixin.py:190} INFO - [2026-07-20T08:21:06.446+0000] {override.py:1912} INFO - Created Permission View: can read on DAG:example_branch_datetime_operator_2
[2026-07-20T08:21:06.462+0000] {logging_mixin.py:190} INFO - [2026-07-20T08:21:06.462+0000] {override.py:1912} INFO - Created Permission View: can delete on DAG:example_branch_datetime_operator_2
[2026-07-20T08:21:06.473+0000] {logging_mixin.py:190} INFO - [2026-07-20T08:21:06.473+0000] {override.py:1912} INFO - Created Permission View: can edit on DAG:example_branch_datetime_operator_2
[2026-07-20T08:21:06.485+0000] {logging_mixin.py:190} INFO - [2026-07-20T08:21:06.484+0000] {override.py:1912} INFO - Created Permission View: menu access on DAG Run:example_branch_datetime_operator_2
[2026-07-20T08:21:06.495+0000] {logging_mixin.py:190} INFO - [2026-07-20T08:21:06.495+0000] {override.py:1912} INFO - Created Permission View: can read on DAG Run:example_branch_datetime_operator_2
[2026-07-20T08:21:06.506+0000] {logging_mixin.py:190} INFO - [2026-07-20T08:21:06.505+0000] {override.py:1912} INFO - Created Permission View: can delete on DAG Run:example_branch_datetime_operator_2
[2026-07-20T08:21:06.516+0000] {logging_mixin.py:190} INFO - [2026-07-20T08:21:06.516+0000] {override.py:1912} INFO - Created Permission View: can create on DAG Run:example_branch_datetime_operator_2
[2026-07-20T08:21:06.536+0000] {logging_mixin.py:190} INFO - [2026-07-20T08:21:06.536+0000] {override.py:1912} INFO - Created Permission View: can read on DAG:example_branch_datetime_operator
[2026-07-20T08:21:06.547+0000] {logging_mixin.py:190} INFO - [2026-07-20T08:21:06.546+0000] {override.py:1912} INFO - Created Permission View: can delete on DAG:example_branch_datetime_operator
[2026-07-20T08:21:06.558+0000] {logging_mixin.py:190} INFO - [2026-07-20T08:21:06.557+0000] {override.py:1912} INFO - Created Permission View: can edit on DAG:example_branch_datetime_operator
[2026-07-20T08:21:06.571+0000] {logging_mixin.py:190} INFO - [2026-07-20T08:21:06.570+0000] {override.py:1912} INFO - Created Permission View: menu access on DAG Run:example_branch_datetime_operator
[2026-07-20T08:21:06.581+0000] {logging_mixin.py:190} INFO - [2026-07-20T08:21:06.580+0000] {override.py:1912} INFO - Created Permission View: can read on DAG Run:example_branch_datetime_operator
[2026-07-20T08:21:06.592+0000] {logging_mixin.py:190} INFO - [2026-07-20T08:21:06.591+0000] {override.py:1912} INFO - Created Permission View: can delete on DAG Run:example_branch_datetime_operator
[2026-07-20T08:21:06.603+0000] {logging_mixin.py:190} INFO - [2026-07-20T08:21:06.602+0000] {override.py:1912} INFO - Created Permission View: can create on DAG Run:example_branch_datetime_operator
[2026-07-20T08:21:06.623+0000] {logging_mixin.py:190} INFO - [2026-07-20T08:21:06.622+0000] {override.py:1912} INFO - Created Permission View: can read on DAG:example_branch_datetime_operator_3
[2026-07-20T08:21:06.633+0000] {logging_mixin.py:190} INFO - [2026-07-20T08:21:06.632+0000] {override.py:1912} INFO - Created Permission View: can delete on DAG:example_branch_datetime_operator_3
[2026-07-20T08:21:06.644+0000] {logging_mixin.py:190} INFO - [2026-07-20T08:21:06.643+0000] {override.py:1912} INFO - Created Permission View: can edit on DAG:example_branch_datetime_operator_3
[2026-07-20T08:21:06.656+0000] {logging_mixin.py:190} INFO - [2026-07-20T08:21:06.656+0000] {override.py:1912} INFO - Created Permission View: menu access on DAG Run:example_branch_datetime_operator_3
[2026-07-20T08:21:06.666+0000] {logging_mixin.py:190} INFO - [2026-07-20T08:21:06.666+0000] {override.py:1912} INFO - Created Permission View: can read on DAG Run:example_branch_datetime_operator_3
[2026-07-20T08:21:06.676+0000] {logging_mixin.py:190} INFO - [2026-07-20T08:21:06.676+0000] {override.py:1912} INFO - Created Permission View: can delete on DAG Run:example_branch_datetime_operator_3
[2026-07-20T08:21:06.688+0000] {logging_mixin.py:190} INFO - [2026-07-20T08:21:06.688+0000] {override.py:1912} INFO - Created Permission View: can create on DAG Run:example_branch_datetime_operator_3
[2026-07-20T08:21:06.689+0000] {logging_mixin.py:190} INFO - [2026-07-20T08:21:06.689+0000] {dag.py:3239} INFO - Sync 3 DAGs
[2026-07-20T08:21:06.709+0000] {logging_mixin.py:190} INFO - [2026-07-20T08:21:06.708+0000] {dag.py:3262} INFO - Creating ORM DAG for example_branch_datetime_operator_2
[2026-07-20T08:21:06.710+0000] {logging_mixin.py:190} INFO - [2026-07-20T08:21:06.710+0000] {dag.py:3262} INFO - Creating ORM DAG for example_branch_datetime_operator
[2026-07-20T08:21:06.712+0000] {logging_mixin.py:190} INFO - [2026-07-20T08:21:06.712+0000] {dag.py:3262} INFO - Creating ORM DAG for example_branch_datetime_operator_3
[2026-07-20T08:21:06.731+0000] {logging_mixin.py:190} INFO - [2026-07-20T08:21:06.731+0000] {dag.py:4180} INFO - Setting next_dagrun for example_branch_datetime_operator to 2026-07-19 00:00:00+00:00, run_after=2026-07-20 00:00:00+00:00
[2026-07-20T08:21:06.735+0000] {logging_mixin.py:190} INFO - [2026-07-20T08:21:06.735+0000] {dag.py:4180} INFO - Setting next_dagrun for example_branch_datetime_operator_2 to 2026-07-19 00:00:00+00:00, run_after=2026-07-20 00:00:00+00:00
[2026-07-20T08:21:06.739+0000] {logging_mixin.py:190} INFO - [2026-07-20T08:21:06.739+0000] {dag.py:4180} INFO - Setting next_dagrun for example_branch_datetime_operator_3 to 2026-07-19 00:00:00+00:00, run_after=2026-07-20 00:00:00+00:00
[2026-07-20T08:21:06.775+0000] {processor.py:208} INFO - Processing /home/airflow/.local/lib/python3.12/site-packages/airflow/example_dags/example_branch_datetime_operator.py took 0.526 seconds
[2026-07-20T08:21:37.024+0000] {processor.py:186} INFO - Started process (PID=171) to work on /home/airflow/.local/lib/python3.12/site-packages/airflow/example_dags/example_branch_datetime_operator.py
[2026-07-20T08:21:37.025+0000] {processor.py:914} INFO - Processing file /home/airflow/.local/lib/python3.12/site-packages/airflow/example_dags/example_branch_datetime_operator.py for tasks to queue
[2026-07-20T08:21:37.028+0000] {logging_mixin.py:190} INFO - [2026-07-20T08:21:37.028+0000] {dagbag.py:588} INFO - Filling up the DagBag from /home/airflow/.local/lib/python3.12/site-packages/airflow/example_dags/example_branch_datetime_operator.py
[2026-07-20T08:21:37.045+0000] {processor.py:925} INFO - DAG(s) 'example_branch_datetime_operator_2', 'example_branch_datetime_operator_3', 'example_branch_datetime_operator' retrieved from /home/airflow/.local/lib/python3.12/site-packages/airflow/example_dags/example_branch_datetime_operator.py
[2026-07-20T08:21:37.080+0000] {logging_mixin.py:190} INFO - [2026-07-20T08:21:37.079+0000] {dag.py:3239} INFO - Sync 3 DAGs
[2026-07-20T08:21:37.110+0000] {logging_mixin.py:190} INFO - [2026-07-20T08:21:37.110+0000] {dag.py:4180} INFO - Setting next_dagrun for example_branch_datetime_operator to 2026-07-19 00:00:00+00:00, run_after=2026-07-20 00:00:00+00:00
[2026-07-20T08:21:37.117+0000] {logging_mixin.py:190} INFO - [2026-07-20T08:21:37.116+0000] {dag.py:4180} INFO - Setting next_dagrun for example_branch_datetime_operator_2 to 2026-07-19 00:00:00+00:00, run_after=2026-07-20 00:00:00+00:00
[2026-07-20T08:21:37.121+0000] {logging_mixin.py:190} INFO - [2026-07-20T08:21:37.121+0000] {dag.py:4180} INFO - Setting next_dagrun for example_branch_datetime_operator_3 to 2026-07-19 00:00:00+00:00, run_after=2026-07-20 00:00:00+00:00
[2026-07-20T08:21:37.141+0000] {processor.py:208} INFO - Processing /home/airflow/.local/lib/python3.12/site-packages/airflow/example_dags/example_branch_datetime_operator.py took 0.124 seconds
[2026-07-20T08:22:07.982+0000] {processor.py:186} INFO - Started process (PID=234) to work on /home/airflow/.local/lib/python3.12/site-packages/airflow/example_dags/example_branch_datetime_operator.py
[2026-07-20T08:22:07.983+0000] {processor.py:914} INFO - Processing file /home/airflow/.local/lib/python3.12/site-packages/airflow/example_dags/example_branch_datetime_operator.py for tasks to queue
[2026-07-20T08:22:07.986+0000] {logging_mixin.py:190} INFO - [2026-07-20T08:22:07.986+0000] {dagbag.py:588} INFO - Filling up the DagBag from /home/airflow/.local/lib/python3.12/site-packages/airflow/example_dags/example_branch_datetime_operator.py
[2026-07-20T08:22:08.002+0000] {processor.py:925} INFO - DAG(s) 'example_branch_datetime_operator_3', 'example_branch_datetime_operator_2', 'example_branch_datetime_operator' retrieved from /home/airflow/.local/lib/python3.12/site-packages/airflow/example_dags/example_branch_datetime_operator.py
[2026-07-20T08:22:08.035+0000] {logging_mixin.py:190} INFO - [2026-07-20T08:22:08.035+0000] {dag.py:3239} INFO - Sync 3 DAGs
[2026-07-20T08:22:08.065+0000] {logging_mixin.py:190} INFO - [2026-07-20T08:22:08.065+0000] {dag.py:4180} INFO - Setting next_dagrun for example_branch_datetime_operator to 2026-07-19 00:00:00+00:00, run_after=2026-07-20 00:00:00+00:00
[2026-07-20T08:22:08.073+0000] {logging_mixin.py:190} INFO - [2026-07-20T08:22:08.073+0000] {dag.py:4180} INFO - Setting next_dagrun for example_branch_datetime_operator_2 to 2026-07-19 00:00:00+00:00, run_after=2026-07-20 00:00:00+00:00
[2026-07-20T08:22:08.077+0000] {logging_mixin.py:190} INFO - [2026-07-20T08:22:08.077+0000] {dag.py:4180} INFO - Setting next_dagrun for example_branch_datetime_operator_3 to 2026-07-19 00:00:00+00:00, run_after=2026-07-20 00:00:00+00:00
[2026-07-20T08:22:08.098+0000] {processor.py:208} INFO - Processing /home/airflow/.local/lib/python3.12/site-packages/airflow/example_dags/example_branch_datetime_operator.py took 0.122 seconds
[2026-07-20T08:22:39.135+0000] {processor.py:186} INFO - Started process (PID=297) to work on /home/airflow/.local/lib/python3.12/site-packages/airflow/example_dags/example_branch_datetime_operator.py
[2026-07-20T08:22:39.138+0000] {processor.py:914} INFO - Processing file /home/airflow/.local/lib/python3.12/site-packages/airflow/example_dags/example_branch_datetime_operator.py for tasks to queue
[2026-07-20T08:22:39.142+0000] {logging_mixin.py:190} INFO - [2026-07-20T08:22:39.142+0000] {dagbag.py:588} INFO - Filling up the DagBag from /home/airflow/.local/lib/python3.12/site-packages/airflow/example_dags/example_branch_datetime_operator.py
[2026-07-20T08:22:39.170+0000] {processor.py:925} INFO - DAG(s) 'example_branch_datetime_operator_3', 'example_branch_datetime_operator', 'example_branch_datetime_operator_2' retrieved from /home/airflow/.local/lib/python3.12/site-packages/airflow/example_dags/example_branch_datetime_operator.py
[2026-07-20T08:22:39.223+0000] {logging_mixin.py:190} INFO - [2026-07-20T08:22:39.223+0000] {dag.py:3239} INFO - Sync 3 DAGs
[2026-07-20T08:22:39.279+0000] {logging_mixin.py:190} INFO - [2026-07-20T08:22:39.279+0000] {dag.py:4180} INFO - Setting next_dagrun for example_branch_datetime_operator to 2026-07-19 00:00:00+00:00, run_after=2026-07-20 00:00:00+00:00
[2026-07-20T08:22:39.301+0000] {logging_mixin.py:190} INFO - [2026-07-20T08:22:39.301+0000] {dag.py:4180} INFO - Setting next_dagrun for example_branch_datetime_operator_2 to 2026-07-19 00:00:00+00:00, run_after=2026-07-20 00:00:00+00:00
[2026-07-20T08:22:39.309+0000] {logging_mixin.py:190} INFO - [2026-07-20T08:22:39.308+0000] {dag.py:4180} INFO - Setting next_dagrun for example_branch_datetime_operator_3 to 2026-07-19 00:00:00+00:00, run_after=2026-07-20 00:00:00+00:00
[2026-07-20T08:22:39.363+0000] {processor.py:208} INFO - Processing /home/airflow/.local/lib/python3.12/site-packages/airflow/example_dags/example_branch_datetime_operator.py took 0.239 seconds
[2026-07-20T08:23:09.451+0000] {processor.py:186} INFO - Started process (PID=360) to work on /home/airflow/.local/lib/python3.12/site-packages/airflow/example_dags/example_branch_datetime_operator.py
[2026-07-20T08:23:09.453+0000] {processor.py:914} INFO - Processing file /home/airflow/.local/lib/python3.12/site-packages/airflow/example_dags/example_branch_datetime_operator.py for tasks to queue
[2026-07-20T08:23:09.455+0000] {logging_mixin.py:190} INFO - [2026-07-20T08:23:09.455+0000] {dagbag.py:588} INFO - Filling up the DagBag from /home/airflow/.local/lib/python3.12/site-packages/airflow/example_dags/example_branch_datetime_operator.py
[2026-07-20T08:23:09.473+0000] {processor.py:925} INFO - DAG(s) 'example_branch_datetime_operator_2', 'example_branch_datetime_operator', 'example_branch_datetime_operator_3' retrieved from /home/airflow/.local/lib/python3.12/site-packages/airflow/example_dags/example_branch_datetime_operator.py
[2026-07-20T08:23:09.502+0000] {logging_mixin.py:190} INFO - [2026-07-20T08:23:09.502+0000] {dag.py:3239} INFO - Sync 3 DAGs
[2026-07-20T08:23:09.529+0000] {logging_mixin.py:190} INFO - [2026-07-20T08:23:09.529+0000] {dag.py:4180} INFO - Setting next_dagrun for example_branch_datetime_operator to 2026-07-19 00:00:00+00:00, run_after=2026-07-20 00:00:00+00:00
[2026-07-20T08:23:09.535+0000] {logging_mixin.py:190} INFO - [2026-07-20T08:23:09.535+0000] {dag.py:4180} INFO - Setting next_dagrun for example_branch_datetime_operator_2 to 2026-07-19 00:00:00+00:00, run_after=2026-07-20 00:00:00+00:00
[2026-07-20T08:23:09.538+0000] {logging_mixin.py:190} INFO - [2026-07-20T08:23:09.538+0000] {dag.py:4180} INFO - Setting next_dagrun for example_branch_datetime_operator_3 to 2026-07-19 00:00:00+00:00, run_after=2026-07-20 00:00:00+00:00
[2026-07-20T08:23:09.561+0000] {processor.py:208} INFO - Processing /home/airflow/.local/lib/python3.12/site-packages/airflow/example_dags/example_branch_datetime_operator.py took 0.116 seconds
[2026-07-20T08:23:39.889+0000] {processor.py:186} INFO - Started process (PID=423) to work on /home/airflow/.local/lib/python3.12/site-packages/airflow/example_dags/example_branch_datetime_operator.py
[2026-07-20T08:23:39.891+0000] {processor.py:914} INFO - Processing file /home/airflow/.local/lib/python3.12/site-packages/airflow/example_dags/example_branch_datetime_operator.py for tasks to queue
[2026-07-20T08:23:39.894+0000] {logging_mixin.py:190} INFO - [2026-07-20T08:23:39.894+0000] {dagbag.py:588} INFO - Filling up the DagBag from /home/airflow/.local/lib/python3.12/site-packages/airflow/example_dags/example_branch_datetime_operator.py
[2026-07-20T08:23:39.907+0000] {processor.py:925} INFO - DAG(s) 'example_branch_datetime_operator_2', 'example_branch_datetime_operator', 'example_branch_datetime_operator_3' retrieved from /home/airflow/.local/lib/python3.12/site-packages/airflow/example_dags/example_branch_datetime_operator.py
[2026-07-20T08:23:39.939+0000] {logging_mixin.py:190} INFO - [2026-07-20T08:23:39.939+0000] {dag.py:3239} INFO - Sync 3 DAGs
[2026-07-20T08:23:39.967+0000] {logging_mixin.py:190} INFO - [2026-07-20T08:23:39.967+0000] {dag.py:4180} INFO - Setting next_dagrun for example_branch_datetime_operator to 2026-07-19 00:00:00+00:00, run_after=2026-07-20 00:00:00+00:00
[2026-07-20T08:23:39.973+0000] {logging_mixin.py:190} INFO - [2026-07-20T08:23:39.973+0000] {dag.py:4180} INFO - Setting next_dagrun for example_branch_datetime_operator_2 to 2026-07-19 00:00:00+00:00, run_after=2026-07-20 00:00:00+00:00
[2026-07-20T08:23:39.977+0000] {logging_mixin.py:190} INFO - [2026-07-20T08:23:39.976+0000] {dag.py:4180} INFO - Setting next_dagrun for example_branch_datetime_operator_3 to 2026-07-19 00:00:00+00:00, run_after=2026-07-20 00:00:00+00:00
[2026-07-20T08:23:39.999+0000] {processor.py:208} INFO - Processing /home/airflow/.local/lib/python3.12/site-packages/airflow/example_dags/example_branch_datetime_operator.py took 0.116 seconds
[2026-07-20T08:24:10.403+0000] {processor.py:186} INFO - Started process (PID=486) to work on /home/airflow/.local/lib/python3.12/site-packages/airflow/example_dags/example_branch_datetime_operator.py
[2026-07-20T08:24:10.404+0000] {processor.py:914} INFO - Processing file /home/airflow/.local/lib/python3.12/site-packages/airflow/example_dags/example_branch_datetime_operator.py for tasks to queue
[2026-07-20T08:24:10.407+0000] {logging_mixin.py:190} INFO - [2026-07-20T08:24:10.407+0000] {dagbag.py:588} INFO - Filling up the DagBag from /home/airflow/.local/lib/python3.12/site-packages/airflow/example_dags/example_branch_datetime_operator.py
[2026-07-20T08:24:10.423+0000] {processor.py:925} INFO - DAG(s) 'example_branch_datetime_operator_2', 'example_branch_datetime_operator_3', 'example_branch_datetime_operator' retrieved from /home/airflow/.local/lib/python3.12/site-packages/airflow/example_dags/example_branch_datetime_operator.py
[2026-07-20T08:24:10.456+0000] {logging_mixin.py:190} INFO - [2026-07-20T08:24:10.455+0000] {dag.py:3239} INFO - Sync 3 DAGs
[2026-07-20T08:24:10.486+0000] {logging_mixin.py:190} INFO - [2026-07-20T08:24:10.486+0000] {dag.py:4180} INFO - Setting next_dagrun for example_branch_datetime_operator to 2026-07-19 00:00:00+00:00, run_after=2026-07-20 00:00:00+00:00
[2026-07-20T08:24:10.491+0000] {logging_mixin.py:190} INFO - [2026-07-20T08:24:10.491+0000] {dag.py:4180} INFO - Setting next_dagrun for example_branch_datetime_operator_2 to 2026-07-19 00:00:00+00:00, run_after=2026-07-20 00:00:00+00:00
[2026-07-20T08:24:10.495+0000] {logging_mixin.py:190} INFO - [2026-07-20T08:24:10.495+0000] {dag.py:4180} INFO - Setting next_dagrun for example_branch_datetime_operator_3 to 2026-07-19 00:00:00+00:00, run_after=2026-07-20 00:00:00+00:00
[2026-07-20T08:24:10.516+0000] {processor.py:208} INFO - Processing /home/airflow/.local/lib/python3.12/site-packages/airflow/example_dags/example_branch_datetime_operator.py took 0.120 seconds
[2026-07-20T08:24:41.248+0000] {processor.py:186} INFO - Started process (PID=549) to work on /home/airflow/.local/lib/python3.12/site-packages/airflow/example_dags/example_branch_datetime_operator.py
[2026-07-20T08:24:41.250+0000] {processor.py:914} INFO - Processing file /home/airflow/.local/lib/python3.12/site-packages/airflow/example_dags/example_branch_datetime_operator.py for tasks to queue
[2026-07-20T08:24:41.255+0000] {logging_mixin.py:190} INFO - [2026-07-20T08:24:41.254+0000] {dagbag.py:588} INFO - Filling up the DagBag from /home/airflow/.local/lib/python3.12/site-packages/airflow/example_dags/example_branch_datetime_operator.py
[2026-07-20T08:24:41.279+0000] {processor.py:925} INFO - DAG(s) 'example_branch_datetime_operator', 'example_branch_datetime_operator_2', 'example_branch_datetime_operator_3' retrieved from /home/airflow/.local/lib/python3.12/site-packages/airflow/example_dags/example_branch_datetime_operator.py
[2026-07-20T08:24:41.323+0000] {logging_mixin.py:190} INFO - [2026-07-20T08:24:41.323+0000] {dag.py:3239} INFO - Sync 3 DAGs
[2026-07-20T08:24:41.361+0000] {logging_mixin.py:190} INFO - [2026-07-20T08:24:41.361+0000] {dag.py:4180} INFO - Setting next_dagrun for example_branch_datetime_operator to 2026-07-19 00:00:00+00:00, run_after=2026-07-20 00:00:00+00:00
[2026-07-20T08:24:41.369+0000] {logging_mixin.py:190} INFO - [2026-07-20T08:24:41.369+0000] {dag.py:4180} INFO - Setting next_dagrun for example_branch_datetime_operator_2 to 2026-07-19 00:00:00+00:00, run_after=2026-07-20 00:00:00+00:00
[2026-07-20T08:24:41.374+0000] {logging_mixin.py:190} INFO - [2026-07-20T08:24:41.374+0000] {dag.py:4180} INFO - Setting next_dagrun for example_branch_datetime_operator_3 to 2026-07-19 00:00:00+00:00, run_after=2026-07-20 00:00:00+00:00
[2026-07-20T08:24:41.400+0000] {processor.py:208} INFO - Processing /home/airflow/.local/lib/python3.12/site-packages/airflow/example_dags/example_branch_datetime_operator.py took 0.163 seconds
[2026-07-20T08:25:30.982+0000] {processor.py:186} INFO - Started process (PID=83) to work on /home/airflow/.local/lib/python3.12/site-packages/airflow/example_dags/example_branch_datetime_operator.py
[2026-07-20T08:25:30.984+0000] {processor.py:914} INFO - Processing file /home/airflow/.local/lib/python3.12/site-packages/airflow/example_dags/example_branch_datetime_operator.py for tasks to queue
[2026-07-20T08:25:30.990+0000] {logging_mixin.py:190} INFO - [2026-07-20T08:25:30.989+0000] {dagbag.py:588} INFO - Filling up the DagBag from /home/airflow/.local/lib/python3.12/site-packages/airflow/example_dags/example_branch_datetime_operator.py
[2026-07-20T08:25:31.007+0000] {processor.py:925} INFO - DAG(s) 'example_branch_datetime_operator_2', 'example_branch_datetime_operator_3', 'example_branch_datetime_operator' retrieved from /home/airflow/.local/lib/python3.12/site-packages/airflow/example_dags/example_branch_datetime_operator.py
[2026-07-20T08:25:31.059+0000] {logging_mixin.py:190} INFO - [2026-07-20T08:25:31.058+0000] {dag.py:3239} INFO - Sync 3 DAGs
[2026-07-20T08:25:31.097+0000] {logging_mixin.py:190} INFO - [2026-07-20T08:25:31.097+0000] {dag.py:4180} INFO - Setting next_dagrun for example_branch_datetime_operator to 2026-07-19 00:00:00+00:00, run_after=2026-07-20 00:00:00+00:00
[2026-07-20T08:25:31.104+0000] {logging_mixin.py:190} INFO - [2026-07-20T08:25:31.103+0000] {dag.py:4180} INFO - Setting next_dagrun for example_branch_datetime_operator_2 to 2026-07-19 00:00:00+00:00, run_after=2026-07-20 00:00:00+00:00
[2026-07-20T08:25:31.107+0000] {logging_mixin.py:190} INFO - [2026-07-20T08:25:31.107+0000] {dag.py:4180} INFO - Setting next_dagrun for example_branch_datetime_operator_3 to 2026-07-19 00:00:00+00:00, run_after=2026-07-20 00:00:00+00:00
[2026-07-20T08:25:31.127+0000] {processor.py:208} INFO - Processing /home/airflow/.local/lib/python3.12/site-packages/airflow/example_dags/example_branch_datetime_operator.py took 0.154 seconds
