[2026-07-20T08:21:14.142+0000] {processor.py:186} INFO - Started process (PID=139) to work on /home/airflow/.local/lib/python3.12/site-packages/airflow/example_dags/example_xcomargs.py
[2026-07-20T08:21:14.143+0000] {processor.py:914} INFO - Processing file /home/airflow/.local/lib/python3.12/site-packages/airflow/example_dags/example_xcomargs.py for tasks to queue
[2026-07-20T08:21:14.146+0000] {logging_mixin.py:190} INFO - [2026-07-20T08:21:14.146+0000] {dagbag.py:588} INFO - Filling up the DagBag from /home/airflow/.local/lib/python3.12/site-packages/airflow/example_dags/example_xcomargs.py
[2026-07-20T08:21:14.161+0000] {processor.py:925} INFO - DAG(s) 'example_xcom_args', 'example_xcom_args_with_operators' retrieved from /home/airflow/.local/lib/python3.12/site-packages/airflow/example_dags/example_xcomargs.py
[2026-07-20T08:21:14.298+0000] {logging_mixin.py:190} INFO - [2026-07-20T08:21:14.297+0000] {override.py:1912} INFO - Created Permission View: can read on DAG:example_xcom_args
[2026-07-20T08:21:14.311+0000] {logging_mixin.py:190} INFO - [2026-07-20T08:21:14.310+0000] {override.py:1912} INFO - Created Permission View: can delete on DAG:example_xcom_args
[2026-07-20T08:21:14.321+0000] {logging_mixin.py:190} INFO - [2026-07-20T08:21:14.320+0000] {override.py:1912} INFO - Created Permission View: can edit on DAG:example_xcom_args
[2026-07-20T08:21:14.332+0000] {logging_mixin.py:190} INFO - [2026-07-20T08:21:14.332+0000] {override.py:1912} INFO - Created Permission View: menu access on DAG Run:example_xcom_args
[2026-07-20T08:21:14.341+0000] {logging_mixin.py:190} INFO - [2026-07-20T08:21:14.341+0000] {override.py:1912} INFO - Created Permission View: can read on DAG Run:example_xcom_args
[2026-07-20T08:21:14.351+0000] {logging_mixin.py:190} INFO - [2026-07-20T08:21:14.351+0000] {override.py:1912} INFO - Created Permission View: can delete on DAG Run:example_xcom_args
[2026-07-20T08:21:14.360+0000] {logging_mixin.py:190} INFO - [2026-07-20T08:21:14.360+0000] {override.py:1912} INFO - Created Permission View: can create on DAG Run:example_xcom_args
[2026-07-20T08:21:14.377+0000] {logging_mixin.py:190} INFO - [2026-07-20T08:21:14.376+0000] {override.py:1912} INFO - Created Permission View: can read on DAG:example_xcom_args_with_operators
[2026-07-20T08:21:14.386+0000] {logging_mixin.py:190} INFO - [2026-07-20T08:21:14.385+0000] {override.py:1912} INFO - Created Permission View: can delete on DAG:example_xcom_args_with_operators
[2026-07-20T08:21:14.395+0000] {logging_mixin.py:190} INFO - [2026-07-20T08:21:14.395+0000] {override.py:1912} INFO - Created Permission View: can edit on DAG:example_xcom_args_with_operators
[2026-07-20T08:21:14.407+0000] {logging_mixin.py:190} INFO - [2026-07-20T08:21:14.406+0000] {override.py:1912} INFO - Created Permission View: menu access on DAG Run:example_xcom_args_with_operators
[2026-07-20T08:21:14.416+0000] {logging_mixin.py:190} INFO - [2026-07-20T08:21:14.416+0000] {override.py:1912} INFO - Created Permission View: can read on DAG Run:example_xcom_args_with_operators
[2026-07-20T08:21:14.426+0000] {logging_mixin.py:190} INFO - [2026-07-20T08:21:14.426+0000] {override.py:1912} INFO - Created Permission View: can delete on DAG Run:example_xcom_args_with_operators
[2026-07-20T08:21:14.436+0000] {logging_mixin.py:190} INFO - [2026-07-20T08:21:14.435+0000] {override.py:1912} INFO - Created Permission View: can create on DAG Run:example_xcom_args_with_operators
[2026-07-20T08:21:14.437+0000] {logging_mixin.py:190} INFO - [2026-07-20T08:21:14.437+0000] {dag.py:3239} INFO - Sync 2 DAGs
[2026-07-20T08:21:14.457+0000] {logging_mixin.py:190} INFO - [2026-07-20T08:21:14.456+0000] {dag.py:3262} INFO - Creating ORM DAG for example_xcom_args
[2026-07-20T08:21:14.458+0000] {logging_mixin.py:190} INFO - [2026-07-20T08:21:14.458+0000] {dag.py:3262} INFO - Creating ORM DAG for example_xcom_args_with_operators
[2026-07-20T08:21:14.459+0000] {logging_mixin.py:190} INFO - [2026-07-20T08:21:14.459+0000] {dag.py:4180} INFO - Setting next_dagrun for example_xcom_args to None, run_after=None
[2026-07-20T08:21:14.461+0000] {logging_mixin.py:190} INFO - [2026-07-20T08:21:14.460+0000] {dag.py:4180} INFO - Setting next_dagrun for example_xcom_args_with_operators to None, run_after=None
[2026-07-20T08:21:14.485+0000] {processor.py:208} INFO - Processing /home/airflow/.local/lib/python3.12/site-packages/airflow/example_dags/example_xcomargs.py took 0.351 seconds
[2026-07-20T08:21:45.438+0000] {processor.py:186} INFO - Started process (PID=202) to work on /home/airflow/.local/lib/python3.12/site-packages/airflow/example_dags/example_xcomargs.py
[2026-07-20T08:21:45.440+0000] {processor.py:914} INFO - Processing file /home/airflow/.local/lib/python3.12/site-packages/airflow/example_dags/example_xcomargs.py for tasks to queue
[2026-07-20T08:21:45.459+0000] {logging_mixin.py:190} INFO - [2026-07-20T08:21:45.458+0000] {dagbag.py:588} INFO - Filling up the DagBag from /home/airflow/.local/lib/python3.12/site-packages/airflow/example_dags/example_xcomargs.py
[2026-07-20T08:21:45.480+0000] {processor.py:925} INFO - DAG(s) 'example_xcom_args_with_operators', 'example_xcom_args' retrieved from /home/airflow/.local/lib/python3.12/site-packages/airflow/example_dags/example_xcomargs.py
[2026-07-20T08:21:45.516+0000] {logging_mixin.py:190} INFO - [2026-07-20T08:21:45.516+0000] {dag.py:3239} INFO - Sync 2 DAGs
[2026-07-20T08:21:45.542+0000] {logging_mixin.py:190} INFO - [2026-07-20T08:21:45.542+0000] {dag.py:4180} INFO - Setting next_dagrun for example_xcom_args to None, run_after=None
[2026-07-20T08:21:45.548+0000] {logging_mixin.py:190} INFO - [2026-07-20T08:21:45.548+0000] {dag.py:4180} INFO - Setting next_dagrun for example_xcom_args_with_operators to None, run_after=None
[2026-07-20T08:21:45.579+0000] {processor.py:208} INFO - Processing /home/airflow/.local/lib/python3.12/site-packages/airflow/example_dags/example_xcomargs.py took 0.153 seconds
[2026-07-20T08:22:16.457+0000] {processor.py:186} INFO - Started process (PID=265) to work on /home/airflow/.local/lib/python3.12/site-packages/airflow/example_dags/example_xcomargs.py
[2026-07-20T08:22:16.459+0000] {processor.py:914} INFO - Processing file /home/airflow/.local/lib/python3.12/site-packages/airflow/example_dags/example_xcomargs.py for tasks to queue
[2026-07-20T08:22:16.463+0000] {logging_mixin.py:190} INFO - [2026-07-20T08:22:16.462+0000] {dagbag.py:588} INFO - Filling up the DagBag from /home/airflow/.local/lib/python3.12/site-packages/airflow/example_dags/example_xcomargs.py
[2026-07-20T08:22:16.479+0000] {processor.py:925} INFO - DAG(s) 'example_xcom_args', 'example_xcom_args_with_operators' retrieved from /home/airflow/.local/lib/python3.12/site-packages/airflow/example_dags/example_xcomargs.py
[2026-07-20T08:22:16.508+0000] {logging_mixin.py:190} INFO - [2026-07-20T08:22:16.508+0000] {dag.py:3239} INFO - Sync 2 DAGs
[2026-07-20T08:22:16.529+0000] {logging_mixin.py:190} INFO - [2026-07-20T08:22:16.529+0000] {dag.py:4180} INFO - Setting next_dagrun for example_xcom_args to None, run_after=None
[2026-07-20T08:22:16.535+0000] {logging_mixin.py:190} INFO - [2026-07-20T08:22:16.535+0000] {dag.py:4180} INFO - Setting next_dagrun for example_xcom_args_with_operators to None, run_after=None
[2026-07-20T08:22:16.566+0000] {processor.py:208} INFO - Processing /home/airflow/.local/lib/python3.12/site-packages/airflow/example_dags/example_xcomargs.py took 0.116 seconds
[2026-07-20T08:22:47.127+0000] {processor.py:186} INFO - Started process (PID=327) to work on /home/airflow/.local/lib/python3.12/site-packages/airflow/example_dags/example_xcomargs.py
[2026-07-20T08:22:47.129+0000] {processor.py:914} INFO - Processing file /home/airflow/.local/lib/python3.12/site-packages/airflow/example_dags/example_xcomargs.py for tasks to queue
[2026-07-20T08:22:47.132+0000] {logging_mixin.py:190} INFO - [2026-07-20T08:22:47.132+0000] {dagbag.py:588} INFO - Filling up the DagBag from /home/airflow/.local/lib/python3.12/site-packages/airflow/example_dags/example_xcomargs.py
[2026-07-20T08:22:47.145+0000] {processor.py:925} INFO - DAG(s) 'example_xcom_args_with_operators', 'example_xcom_args' retrieved from /home/airflow/.local/lib/python3.12/site-packages/airflow/example_dags/example_xcomargs.py
[2026-07-20T08:22:47.176+0000] {logging_mixin.py:190} INFO - [2026-07-20T08:22:47.176+0000] {dag.py:3239} INFO - Sync 2 DAGs
[2026-07-20T08:22:47.196+0000] {logging_mixin.py:190} INFO - [2026-07-20T08:22:47.196+0000] {dag.py:4180} INFO - Setting next_dagrun for example_xcom_args to None, run_after=None
[2026-07-20T08:22:47.201+0000] {logging_mixin.py:190} INFO - [2026-07-20T08:22:47.201+0000] {dag.py:4180} INFO - Setting next_dagrun for example_xcom_args_with_operators to None, run_after=None
[2026-07-20T08:22:47.221+0000] {processor.py:208} INFO - Processing /home/airflow/.local/lib/python3.12/site-packages/airflow/example_dags/example_xcomargs.py took 0.103 seconds
[2026-07-20T08:23:17.975+0000] {processor.py:186} INFO - Started process (PID=390) to work on /home/airflow/.local/lib/python3.12/site-packages/airflow/example_dags/example_xcomargs.py
[2026-07-20T08:23:17.976+0000] {processor.py:914} INFO - Processing file /home/airflow/.local/lib/python3.12/site-packages/airflow/example_dags/example_xcomargs.py for tasks to queue
[2026-07-20T08:23:17.981+0000] {logging_mixin.py:190} INFO - [2026-07-20T08:23:17.980+0000] {dagbag.py:588} INFO - Filling up the DagBag from /home/airflow/.local/lib/python3.12/site-packages/airflow/example_dags/example_xcomargs.py
[2026-07-20T08:23:17.995+0000] {processor.py:925} INFO - DAG(s) 'example_xcom_args', 'example_xcom_args_with_operators' retrieved from /home/airflow/.local/lib/python3.12/site-packages/airflow/example_dags/example_xcomargs.py
[2026-07-20T08:23:18.023+0000] {logging_mixin.py:190} INFO - [2026-07-20T08:23:18.023+0000] {dag.py:3239} INFO - Sync 2 DAGs
[2026-07-20T08:23:18.044+0000] {logging_mixin.py:190} INFO - [2026-07-20T08:23:18.044+0000] {dag.py:4180} INFO - Setting next_dagrun for example_xcom_args to None, run_after=None
[2026-07-20T08:23:18.049+0000] {logging_mixin.py:190} INFO - [2026-07-20T08:23:18.048+0000] {dag.py:4180} INFO - Setting next_dagrun for example_xcom_args_with_operators to None, run_after=None
[2026-07-20T08:23:18.069+0000] {processor.py:208} INFO - Processing /home/airflow/.local/lib/python3.12/site-packages/airflow/example_dags/example_xcomargs.py took 0.103 seconds
[2026-07-20T08:23:48.742+0000] {processor.py:186} INFO - Started process (PID=453) to work on /home/airflow/.local/lib/python3.12/site-packages/airflow/example_dags/example_xcomargs.py
[2026-07-20T08:23:48.744+0000] {processor.py:914} INFO - Processing file /home/airflow/.local/lib/python3.12/site-packages/airflow/example_dags/example_xcomargs.py for tasks to queue
[2026-07-20T08:23:48.748+0000] {logging_mixin.py:190} INFO - [2026-07-20T08:23:48.747+0000] {dagbag.py:588} INFO - Filling up the DagBag from /home/airflow/.local/lib/python3.12/site-packages/airflow/example_dags/example_xcomargs.py
[2026-07-20T08:23:48.762+0000] {processor.py:925} INFO - DAG(s) 'example_xcom_args', 'example_xcom_args_with_operators' retrieved from /home/airflow/.local/lib/python3.12/site-packages/airflow/example_dags/example_xcomargs.py
[2026-07-20T08:23:48.795+0000] {logging_mixin.py:190} INFO - [2026-07-20T08:23:48.795+0000] {dag.py:3239} INFO - Sync 2 DAGs
[2026-07-20T08:23:48.815+0000] {logging_mixin.py:190} INFO - [2026-07-20T08:23:48.814+0000] {dag.py:4180} INFO - Setting next_dagrun for example_xcom_args to None, run_after=None
[2026-07-20T08:23:48.820+0000] {logging_mixin.py:190} INFO - [2026-07-20T08:23:48.820+0000] {dag.py:4180} INFO - Setting next_dagrun for example_xcom_args_with_operators to None, run_after=None
[2026-07-20T08:23:48.846+0000] {processor.py:208} INFO - Processing /home/airflow/.local/lib/python3.12/site-packages/airflow/example_dags/example_xcomargs.py took 0.112 seconds
[2026-07-20T08:24:19.792+0000] {processor.py:186} INFO - Started process (PID=516) to work on /home/airflow/.local/lib/python3.12/site-packages/airflow/example_dags/example_xcomargs.py
[2026-07-20T08:24:19.794+0000] {processor.py:914} INFO - Processing file /home/airflow/.local/lib/python3.12/site-packages/airflow/example_dags/example_xcomargs.py for tasks to queue
[2026-07-20T08:24:19.797+0000] {logging_mixin.py:190} INFO - [2026-07-20T08:24:19.796+0000] {dagbag.py:588} INFO - Filling up the DagBag from /home/airflow/.local/lib/python3.12/site-packages/airflow/example_dags/example_xcomargs.py
[2026-07-20T08:24:19.809+0000] {processor.py:925} INFO - DAG(s) 'example_xcom_args', 'example_xcom_args_with_operators' retrieved from /home/airflow/.local/lib/python3.12/site-packages/airflow/example_dags/example_xcomargs.py
[2026-07-20T08:24:19.844+0000] {logging_mixin.py:190} INFO - [2026-07-20T08:24:19.843+0000] {dag.py:3239} INFO - Sync 2 DAGs
[2026-07-20T08:24:19.868+0000] {logging_mixin.py:190} INFO - [2026-07-20T08:24:19.868+0000] {dag.py:4180} INFO - Setting next_dagrun for example_xcom_args to None, run_after=None
[2026-07-20T08:24:19.873+0000] {logging_mixin.py:190} INFO - [2026-07-20T08:24:19.873+0000] {dag.py:4180} INFO - Setting next_dagrun for example_xcom_args_with_operators to None, run_after=None
[2026-07-20T08:24:19.897+0000] {processor.py:208} INFO - Processing /home/airflow/.local/lib/python3.12/site-packages/airflow/example_dags/example_xcomargs.py took 0.111 seconds
