[2026-07-20T08:21:06.577+0000] {processor.py:186} INFO - Started process (PID=109) to work on /home/airflow/.local/lib/python3.12/site-packages/airflow/example_dags/example_nested_branch_dag.py
[2026-07-20T08:21:06.578+0000] {processor.py:914} INFO - Processing file /home/airflow/.local/lib/python3.12/site-packages/airflow/example_dags/example_nested_branch_dag.py for tasks to queue
[2026-07-20T08:21:06.582+0000] {logging_mixin.py:190} INFO - [2026-07-20T08:21:06.582+0000] {dagbag.py:588} INFO - Filling up the DagBag from /home/airflow/.local/lib/python3.12/site-packages/airflow/example_dags/example_nested_branch_dag.py
[2026-07-20T08:21:06.599+0000] {processor.py:925} INFO - DAG(s) 'example_nested_branch_dag' retrieved from /home/airflow/.local/lib/python3.12/site-packages/airflow/example_dags/example_nested_branch_dag.py
[2026-07-20T08:21:06.773+0000] {logging_mixin.py:190} INFO - [2026-07-20T08:21:06.772+0000] {override.py:1912} INFO - Created Permission View: can read on DAG:example_nested_branch_dag
[2026-07-20T08:21:06.788+0000] {logging_mixin.py:190} INFO - [2026-07-20T08:21:06.787+0000] {override.py:1912} INFO - Created Permission View: can delete on DAG:example_nested_branch_dag
[2026-07-20T08:21:06.801+0000] {logging_mixin.py:190} INFO - [2026-07-20T08:21:06.800+0000] {override.py:1912} INFO - Created Permission View: can edit on DAG:example_nested_branch_dag
[2026-07-20T08:21:06.814+0000] {logging_mixin.py:190} INFO - [2026-07-20T08:21:06.814+0000] {override.py:1912} INFO - Created Permission View: menu access on DAG Run:example_nested_branch_dag
[2026-07-20T08:21:06.826+0000] {logging_mixin.py:190} INFO - [2026-07-20T08:21:06.826+0000] {override.py:1912} INFO - Created Permission View: can read on DAG Run:example_nested_branch_dag
[2026-07-20T08:21:06.838+0000] {logging_mixin.py:190} INFO - [2026-07-20T08:21:06.837+0000] {override.py:1912} INFO - Created Permission View: can delete on DAG Run:example_nested_branch_dag
[2026-07-20T08:21:06.852+0000] {logging_mixin.py:190} INFO - [2026-07-20T08:21:06.851+0000] {override.py:1912} INFO - Created Permission View: can create on DAG Run:example_nested_branch_dag
[2026-07-20T08:21:06.855+0000] {logging_mixin.py:190} INFO - [2026-07-20T08:21:06.854+0000] {dag.py:3239} INFO - Sync 1 DAGs
[2026-07-20T08:21:06.898+0000] {logging_mixin.py:190} INFO - [2026-07-20T08:21:06.897+0000] {dag.py:3262} INFO - Creating ORM DAG for example_nested_branch_dag
[2026-07-20T08:21:06.920+0000] {logging_mixin.py:190} INFO - [2026-07-20T08:21:06.920+0000] {dag.py:4180} INFO - Setting next_dagrun for example_nested_branch_dag to 2026-07-19 00:00:00+00:00, run_after=2026-07-20 00:00:00+00:00
[2026-07-20T08:21:06.960+0000] {processor.py:208} INFO - Processing /home/airflow/.local/lib/python3.12/site-packages/airflow/example_dags/example_nested_branch_dag.py took 0.390 seconds
[2026-07-20T08:21:37.183+0000] {processor.py:186} INFO - Started process (PID=172) to work on /home/airflow/.local/lib/python3.12/site-packages/airflow/example_dags/example_nested_branch_dag.py
[2026-07-20T08:21:37.184+0000] {processor.py:914} INFO - Processing file /home/airflow/.local/lib/python3.12/site-packages/airflow/example_dags/example_nested_branch_dag.py for tasks to queue
[2026-07-20T08:21:37.187+0000] {logging_mixin.py:190} INFO - [2026-07-20T08:21:37.187+0000] {dagbag.py:588} INFO - Filling up the DagBag from /home/airflow/.local/lib/python3.12/site-packages/airflow/example_dags/example_nested_branch_dag.py
[2026-07-20T08:21:37.206+0000] {processor.py:925} INFO - DAG(s) 'example_nested_branch_dag' retrieved from /home/airflow/.local/lib/python3.12/site-packages/airflow/example_dags/example_nested_branch_dag.py
[2026-07-20T08:21:37.228+0000] {logging_mixin.py:190} INFO - [2026-07-20T08:21:37.227+0000] {dag.py:3239} INFO - Sync 1 DAGs
[2026-07-20T08:21:37.256+0000] {logging_mixin.py:190} INFO - [2026-07-20T08:21:37.256+0000] {dag.py:4180} INFO - Setting next_dagrun for example_nested_branch_dag to 2026-07-19 00:00:00+00:00, run_after=2026-07-20 00:00:00+00:00
[2026-07-20T08:21:37.283+0000] {processor.py:208} INFO - Processing /home/airflow/.local/lib/python3.12/site-packages/airflow/example_dags/example_nested_branch_dag.py took 0.107 seconds
[2026-07-20T08:22:08.089+0000] {processor.py:186} INFO - Started process (PID=235) to work on /home/airflow/.local/lib/python3.12/site-packages/airflow/example_dags/example_nested_branch_dag.py
[2026-07-20T08:22:08.090+0000] {processor.py:914} INFO - Processing file /home/airflow/.local/lib/python3.12/site-packages/airflow/example_dags/example_nested_branch_dag.py for tasks to queue
[2026-07-20T08:22:08.093+0000] {logging_mixin.py:190} INFO - [2026-07-20T08:22:08.093+0000] {dagbag.py:588} INFO - Filling up the DagBag from /home/airflow/.local/lib/python3.12/site-packages/airflow/example_dags/example_nested_branch_dag.py
[2026-07-20T08:22:08.107+0000] {processor.py:925} INFO - DAG(s) 'example_nested_branch_dag' retrieved from /home/airflow/.local/lib/python3.12/site-packages/airflow/example_dags/example_nested_branch_dag.py
[2026-07-20T08:22:08.132+0000] {logging_mixin.py:190} INFO - [2026-07-20T08:22:08.131+0000] {dag.py:3239} INFO - Sync 1 DAGs
[2026-07-20T08:22:08.160+0000] {logging_mixin.py:190} INFO - [2026-07-20T08:22:08.159+0000] {dag.py:4180} INFO - Setting next_dagrun for example_nested_branch_dag to 2026-07-19 00:00:00+00:00, run_after=2026-07-20 00:00:00+00:00
[2026-07-20T08:22:08.181+0000] {processor.py:208} INFO - Processing /home/airflow/.local/lib/python3.12/site-packages/airflow/example_dags/example_nested_branch_dag.py took 0.098 seconds
[2026-07-20T08:22:39.347+0000] {processor.py:186} INFO - Started process (PID=298) to work on /home/airflow/.local/lib/python3.12/site-packages/airflow/example_dags/example_nested_branch_dag.py
[2026-07-20T08:22:39.350+0000] {processor.py:914} INFO - Processing file /home/airflow/.local/lib/python3.12/site-packages/airflow/example_dags/example_nested_branch_dag.py for tasks to queue
[2026-07-20T08:22:39.355+0000] {logging_mixin.py:190} INFO - [2026-07-20T08:22:39.355+0000] {dagbag.py:588} INFO - Filling up the DagBag from /home/airflow/.local/lib/python3.12/site-packages/airflow/example_dags/example_nested_branch_dag.py
[2026-07-20T08:22:39.381+0000] {processor.py:925} INFO - DAG(s) 'example_nested_branch_dag' retrieved from /home/airflow/.local/lib/python3.12/site-packages/airflow/example_dags/example_nested_branch_dag.py
[2026-07-20T08:22:39.419+0000] {logging_mixin.py:190} INFO - [2026-07-20T08:22:39.418+0000] {dag.py:3239} INFO - Sync 1 DAGs
[2026-07-20T08:22:39.461+0000] {logging_mixin.py:190} INFO - [2026-07-20T08:22:39.461+0000] {dag.py:4180} INFO - Setting next_dagrun for example_nested_branch_dag to 2026-07-19 00:00:00+00:00, run_after=2026-07-20 00:00:00+00:00
[2026-07-20T08:22:39.504+0000] {processor.py:208} INFO - Processing /home/airflow/.local/lib/python3.12/site-packages/airflow/example_dags/example_nested_branch_dag.py took 0.169 seconds
[2026-07-20T08:23:09.602+0000] {processor.py:186} INFO - Started process (PID=361) to work on /home/airflow/.local/lib/python3.12/site-packages/airflow/example_dags/example_nested_branch_dag.py
[2026-07-20T08:23:09.603+0000] {processor.py:914} INFO - Processing file /home/airflow/.local/lib/python3.12/site-packages/airflow/example_dags/example_nested_branch_dag.py for tasks to queue
[2026-07-20T08:23:09.607+0000] {logging_mixin.py:190} INFO - [2026-07-20T08:23:09.606+0000] {dagbag.py:588} INFO - Filling up the DagBag from /home/airflow/.local/lib/python3.12/site-packages/airflow/example_dags/example_nested_branch_dag.py
[2026-07-20T08:23:09.622+0000] {processor.py:925} INFO - DAG(s) 'example_nested_branch_dag' retrieved from /home/airflow/.local/lib/python3.12/site-packages/airflow/example_dags/example_nested_branch_dag.py
[2026-07-20T08:23:09.649+0000] {logging_mixin.py:190} INFO - [2026-07-20T08:23:09.649+0000] {dag.py:3239} INFO - Sync 1 DAGs
[2026-07-20T08:23:09.677+0000] {logging_mixin.py:190} INFO - [2026-07-20T08:23:09.677+0000] {dag.py:4180} INFO - Setting next_dagrun for example_nested_branch_dag to 2026-07-19 00:00:00+00:00, run_after=2026-07-20 00:00:00+00:00
[2026-07-20T08:23:09.705+0000] {processor.py:208} INFO - Processing /home/airflow/.local/lib/python3.12/site-packages/airflow/example_dags/example_nested_branch_dag.py took 0.114 seconds
[2026-07-20T08:23:40.039+0000] {processor.py:186} INFO - Started process (PID=424) to work on /home/airflow/.local/lib/python3.12/site-packages/airflow/example_dags/example_nested_branch_dag.py
[2026-07-20T08:23:40.040+0000] {processor.py:914} INFO - Processing file /home/airflow/.local/lib/python3.12/site-packages/airflow/example_dags/example_nested_branch_dag.py for tasks to queue
[2026-07-20T08:23:40.044+0000] {logging_mixin.py:190} INFO - [2026-07-20T08:23:40.043+0000] {dagbag.py:588} INFO - Filling up the DagBag from /home/airflow/.local/lib/python3.12/site-packages/airflow/example_dags/example_nested_branch_dag.py
[2026-07-20T08:23:40.058+0000] {processor.py:925} INFO - DAG(s) 'example_nested_branch_dag' retrieved from /home/airflow/.local/lib/python3.12/site-packages/airflow/example_dags/example_nested_branch_dag.py
[2026-07-20T08:23:40.085+0000] {logging_mixin.py:190} INFO - [2026-07-20T08:23:40.085+0000] {dag.py:3239} INFO - Sync 1 DAGs
[2026-07-20T08:23:40.115+0000] {logging_mixin.py:190} INFO - [2026-07-20T08:23:40.115+0000] {dag.py:4180} INFO - Setting next_dagrun for example_nested_branch_dag to 2026-07-19 00:00:00+00:00, run_after=2026-07-20 00:00:00+00:00
[2026-07-20T08:23:40.142+0000] {processor.py:208} INFO - Processing /home/airflow/.local/lib/python3.12/site-packages/airflow/example_dags/example_nested_branch_dag.py took 0.110 seconds
[2026-07-20T08:24:10.583+0000] {processor.py:186} INFO - Started process (PID=487) to work on /home/airflow/.local/lib/python3.12/site-packages/airflow/example_dags/example_nested_branch_dag.py
[2026-07-20T08:24:10.585+0000] {processor.py:914} INFO - Processing file /home/airflow/.local/lib/python3.12/site-packages/airflow/example_dags/example_nested_branch_dag.py for tasks to queue
[2026-07-20T08:24:10.590+0000] {logging_mixin.py:190} INFO - [2026-07-20T08:24:10.589+0000] {dagbag.py:588} INFO - Filling up the DagBag from /home/airflow/.local/lib/python3.12/site-packages/airflow/example_dags/example_nested_branch_dag.py
[2026-07-20T08:24:10.624+0000] {processor.py:925} INFO - DAG(s) 'example_nested_branch_dag' retrieved from /home/airflow/.local/lib/python3.12/site-packages/airflow/example_dags/example_nested_branch_dag.py
[2026-07-20T08:24:10.675+0000] {logging_mixin.py:190} INFO - [2026-07-20T08:24:10.674+0000] {dag.py:3239} INFO - Sync 1 DAGs
[2026-07-20T08:24:10.740+0000] {logging_mixin.py:190} INFO - [2026-07-20T08:24:10.740+0000] {dag.py:4180} INFO - Setting next_dagrun for example_nested_branch_dag to 2026-07-19 00:00:00+00:00, run_after=2026-07-20 00:00:00+00:00
[2026-07-20T08:24:10.796+0000] {processor.py:208} INFO - Processing /home/airflow/.local/lib/python3.12/site-packages/airflow/example_dags/example_nested_branch_dag.py took 0.226 seconds
[2026-07-20T08:24:41.253+0000] {processor.py:186} INFO - Started process (PID=550) to work on /home/airflow/.local/lib/python3.12/site-packages/airflow/example_dags/example_nested_branch_dag.py
[2026-07-20T08:24:41.254+0000] {processor.py:914} INFO - Processing file /home/airflow/.local/lib/python3.12/site-packages/airflow/example_dags/example_nested_branch_dag.py for tasks to queue
[2026-07-20T08:24:41.259+0000] {logging_mixin.py:190} INFO - [2026-07-20T08:24:41.258+0000] {dagbag.py:588} INFO - Filling up the DagBag from /home/airflow/.local/lib/python3.12/site-packages/airflow/example_dags/example_nested_branch_dag.py
[2026-07-20T08:24:41.278+0000] {processor.py:925} INFO - DAG(s) 'example_nested_branch_dag' retrieved from /home/airflow/.local/lib/python3.12/site-packages/airflow/example_dags/example_nested_branch_dag.py
[2026-07-20T08:24:41.313+0000] {logging_mixin.py:190} INFO - [2026-07-20T08:24:41.312+0000] {dag.py:3239} INFO - Sync 1 DAGs
[2026-07-20T08:24:41.350+0000] {logging_mixin.py:190} INFO - [2026-07-20T08:24:41.350+0000] {dag.py:4180} INFO - Setting next_dagrun for example_nested_branch_dag to 2026-07-19 00:00:00+00:00, run_after=2026-07-20 00:00:00+00:00
[2026-07-20T08:24:41.379+0000] {processor.py:208} INFO - Processing /home/airflow/.local/lib/python3.12/site-packages/airflow/example_dags/example_nested_branch_dag.py took 0.137 seconds
[2026-07-20T08:25:31.164+0000] {processor.py:186} INFO - Started process (PID=84) to work on /home/airflow/.local/lib/python3.12/site-packages/airflow/example_dags/example_nested_branch_dag.py
[2026-07-20T08:25:31.165+0000] {processor.py:914} INFO - Processing file /home/airflow/.local/lib/python3.12/site-packages/airflow/example_dags/example_nested_branch_dag.py for tasks to queue
[2026-07-20T08:25:31.169+0000] {logging_mixin.py:190} INFO - [2026-07-20T08:25:31.168+0000] {dagbag.py:588} INFO - Filling up the DagBag from /home/airflow/.local/lib/python3.12/site-packages/airflow/example_dags/example_nested_branch_dag.py
[2026-07-20T08:25:31.185+0000] {processor.py:925} INFO - DAG(s) 'example_nested_branch_dag' retrieved from /home/airflow/.local/lib/python3.12/site-packages/airflow/example_dags/example_nested_branch_dag.py
[2026-07-20T08:25:31.215+0000] {logging_mixin.py:190} INFO - [2026-07-20T08:25:31.215+0000] {dag.py:3239} INFO - Sync 1 DAGs
[2026-07-20T08:25:31.243+0000] {logging_mixin.py:190} INFO - [2026-07-20T08:25:31.242+0000] {dag.py:4180} INFO - Setting next_dagrun for example_nested_branch_dag to 2026-07-19 00:00:00+00:00, run_after=2026-07-20 00:00:00+00:00
[2026-07-20T08:25:31.264+0000] {processor.py:208} INFO - Processing /home/airflow/.local/lib/python3.12/site-packages/airflow/example_dags/example_nested_branch_dag.py took 0.106 seconds
