[2026-07-20T08:21:07.642+0000] {processor.py:186} INFO - Started process (PID=114) to work on /home/airflow/.local/lib/python3.12/site-packages/airflow/example_dags/example_short_circuit_operator.py
[2026-07-20T08:21:07.644+0000] {processor.py:914} INFO - Processing file /home/airflow/.local/lib/python3.12/site-packages/airflow/example_dags/example_short_circuit_operator.py for tasks to queue
[2026-07-20T08:21:07.648+0000] {logging_mixin.py:190} INFO - [2026-07-20T08:21:07.647+0000] {dagbag.py:588} INFO - Filling up the DagBag from /home/airflow/.local/lib/python3.12/site-packages/airflow/example_dags/example_short_circuit_operator.py
[2026-07-20T08:21:07.663+0000] {processor.py:925} INFO - DAG(s) 'example_short_circuit_operator' retrieved from /home/airflow/.local/lib/python3.12/site-packages/airflow/example_dags/example_short_circuit_operator.py
[2026-07-20T08:21:07.863+0000] {logging_mixin.py:190} INFO - [2026-07-20T08:21:07.862+0000] {override.py:1912} INFO - Created Permission View: can read on DAG:example_short_circuit_operator
[2026-07-20T08:21:07.885+0000] {logging_mixin.py:190} INFO - [2026-07-20T08:21:07.884+0000] {override.py:1912} INFO - Created Permission View: can delete on DAG:example_short_circuit_operator
[2026-07-20T08:21:07.898+0000] {logging_mixin.py:190} INFO - [2026-07-20T08:21:07.897+0000] {override.py:1912} INFO - Created Permission View: can edit on DAG:example_short_circuit_operator
[2026-07-20T08:21:07.913+0000] {logging_mixin.py:190} INFO - [2026-07-20T08:21:07.913+0000] {override.py:1912} INFO - Created Permission View: menu access on DAG Run:example_short_circuit_operator
[2026-07-20T08:21:07.930+0000] {logging_mixin.py:190} INFO - [2026-07-20T08:21:07.929+0000] {override.py:1912} INFO - Created Permission View: can read on DAG Run:example_short_circuit_operator
[2026-07-20T08:21:07.945+0000] {logging_mixin.py:190} INFO - [2026-07-20T08:21:07.945+0000] {override.py:1912} INFO - Created Permission View: can delete on DAG Run:example_short_circuit_operator
[2026-07-20T08:21:07.961+0000] {logging_mixin.py:190} INFO - [2026-07-20T08:21:07.961+0000] {override.py:1912} INFO - Created Permission View: can create on DAG Run:example_short_circuit_operator
[2026-07-20T08:21:07.963+0000] {logging_mixin.py:190} INFO - [2026-07-20T08:21:07.962+0000] {dag.py:3239} INFO - Sync 1 DAGs
[2026-07-20T08:21:07.992+0000] {logging_mixin.py:190} INFO - [2026-07-20T08:21:07.992+0000] {dag.py:3262} INFO - Creating ORM DAG for example_short_circuit_operator
[2026-07-20T08:21:07.995+0000] {logging_mixin.py:190} INFO - [2026-07-20T08:21:07.994+0000] {dag.py:4180} INFO - Setting next_dagrun for example_short_circuit_operator to None, run_after=None
[2026-07-20T08:21:08.035+0000] {processor.py:208} INFO - Processing /home/airflow/.local/lib/python3.12/site-packages/airflow/example_dags/example_short_circuit_operator.py took 0.401 seconds
[2026-07-20T08:21:38.623+0000] {processor.py:186} INFO - Started process (PID=177) to work on /home/airflow/.local/lib/python3.12/site-packages/airflow/example_dags/example_short_circuit_operator.py
[2026-07-20T08:21:38.625+0000] {processor.py:914} INFO - Processing file /home/airflow/.local/lib/python3.12/site-packages/airflow/example_dags/example_short_circuit_operator.py for tasks to queue
[2026-07-20T08:21:38.627+0000] {logging_mixin.py:190} INFO - [2026-07-20T08:21:38.627+0000] {dagbag.py:588} INFO - Filling up the DagBag from /home/airflow/.local/lib/python3.12/site-packages/airflow/example_dags/example_short_circuit_operator.py
[2026-07-20T08:21:38.638+0000] {processor.py:925} INFO - DAG(s) 'example_short_circuit_operator' retrieved from /home/airflow/.local/lib/python3.12/site-packages/airflow/example_dags/example_short_circuit_operator.py
[2026-07-20T08:21:38.664+0000] {logging_mixin.py:190} INFO - [2026-07-20T08:21:38.663+0000] {dag.py:3239} INFO - Sync 1 DAGs
[2026-07-20T08:21:38.681+0000] {logging_mixin.py:190} INFO - [2026-07-20T08:21:38.680+0000] {dag.py:4180} INFO - Setting next_dagrun for example_short_circuit_operator to None, run_after=None
[2026-07-20T08:21:38.703+0000] {processor.py:208} INFO - Processing /home/airflow/.local/lib/python3.12/site-packages/airflow/example_dags/example_short_circuit_operator.py took 0.086 seconds
[2026-07-20T08:22:09.395+0000] {processor.py:186} INFO - Started process (PID=240) to work on /home/airflow/.local/lib/python3.12/site-packages/airflow/example_dags/example_short_circuit_operator.py
[2026-07-20T08:22:09.396+0000] {processor.py:914} INFO - Processing file /home/airflow/.local/lib/python3.12/site-packages/airflow/example_dags/example_short_circuit_operator.py for tasks to queue
[2026-07-20T08:22:09.399+0000] {logging_mixin.py:190} INFO - [2026-07-20T08:22:09.399+0000] {dagbag.py:588} INFO - Filling up the DagBag from /home/airflow/.local/lib/python3.12/site-packages/airflow/example_dags/example_short_circuit_operator.py
[2026-07-20T08:22:09.408+0000] {processor.py:925} INFO - DAG(s) 'example_short_circuit_operator' retrieved from /home/airflow/.local/lib/python3.12/site-packages/airflow/example_dags/example_short_circuit_operator.py
[2026-07-20T08:22:09.437+0000] {logging_mixin.py:190} INFO - [2026-07-20T08:22:09.436+0000] {dag.py:3239} INFO - Sync 1 DAGs
[2026-07-20T08:22:09.453+0000] {logging_mixin.py:190} INFO - [2026-07-20T08:22:09.453+0000] {dag.py:4180} INFO - Setting next_dagrun for example_short_circuit_operator to None, run_after=None
[2026-07-20T08:22:09.477+0000] {processor.py:208} INFO - Processing /home/airflow/.local/lib/python3.12/site-packages/airflow/example_dags/example_short_circuit_operator.py took 0.089 seconds
[2026-07-20T08:22:39.934+0000] {processor.py:186} INFO - Started process (PID=303) to work on /home/airflow/.local/lib/python3.12/site-packages/airflow/example_dags/example_short_circuit_operator.py
[2026-07-20T08:22:39.935+0000] {processor.py:914} INFO - Processing file /home/airflow/.local/lib/python3.12/site-packages/airflow/example_dags/example_short_circuit_operator.py for tasks to queue
[2026-07-20T08:22:39.940+0000] {logging_mixin.py:190} INFO - [2026-07-20T08:22:39.939+0000] {dagbag.py:588} INFO - Filling up the DagBag from /home/airflow/.local/lib/python3.12/site-packages/airflow/example_dags/example_short_circuit_operator.py
[2026-07-20T08:22:39.954+0000] {processor.py:925} INFO - DAG(s) 'example_short_circuit_operator' retrieved from /home/airflow/.local/lib/python3.12/site-packages/airflow/example_dags/example_short_circuit_operator.py
[2026-07-20T08:22:39.994+0000] {logging_mixin.py:190} INFO - [2026-07-20T08:22:39.993+0000] {dag.py:3239} INFO - Sync 1 DAGs
[2026-07-20T08:22:40.022+0000] {logging_mixin.py:190} INFO - [2026-07-20T08:22:40.022+0000] {dag.py:4180} INFO - Setting next_dagrun for example_short_circuit_operator to None, run_after=None
[2026-07-20T08:22:40.064+0000] {processor.py:208} INFO - Processing /home/airflow/.local/lib/python3.12/site-packages/airflow/example_dags/example_short_circuit_operator.py took 0.140 seconds
[2026-07-20T08:23:10.157+0000] {processor.py:186} INFO - Started process (PID=366) to work on /home/airflow/.local/lib/python3.12/site-packages/airflow/example_dags/example_short_circuit_operator.py
[2026-07-20T08:23:10.158+0000] {processor.py:914} INFO - Processing file /home/airflow/.local/lib/python3.12/site-packages/airflow/example_dags/example_short_circuit_operator.py for tasks to queue
[2026-07-20T08:23:10.163+0000] {logging_mixin.py:190} INFO - [2026-07-20T08:23:10.162+0000] {dagbag.py:588} INFO - Filling up the DagBag from /home/airflow/.local/lib/python3.12/site-packages/airflow/example_dags/example_short_circuit_operator.py
[2026-07-20T08:23:10.175+0000] {processor.py:925} INFO - DAG(s) 'example_short_circuit_operator' retrieved from /home/airflow/.local/lib/python3.12/site-packages/airflow/example_dags/example_short_circuit_operator.py
[2026-07-20T08:23:10.201+0000] {logging_mixin.py:190} INFO - [2026-07-20T08:23:10.200+0000] {dag.py:3239} INFO - Sync 1 DAGs
[2026-07-20T08:23:10.219+0000] {logging_mixin.py:190} INFO - [2026-07-20T08:23:10.219+0000] {dag.py:4180} INFO - Setting next_dagrun for example_short_circuit_operator to None, run_after=None
[2026-07-20T08:23:10.245+0000] {processor.py:208} INFO - Processing /home/airflow/.local/lib/python3.12/site-packages/airflow/example_dags/example_short_circuit_operator.py took 0.096 seconds
[2026-07-20T08:23:40.671+0000] {processor.py:186} INFO - Started process (PID=429) to work on /home/airflow/.local/lib/python3.12/site-packages/airflow/example_dags/example_short_circuit_operator.py
[2026-07-20T08:23:40.674+0000] {processor.py:914} INFO - Processing file /home/airflow/.local/lib/python3.12/site-packages/airflow/example_dags/example_short_circuit_operator.py for tasks to queue
[2026-07-20T08:23:40.680+0000] {logging_mixin.py:190} INFO - [2026-07-20T08:23:40.679+0000] {dagbag.py:588} INFO - Filling up the DagBag from /home/airflow/.local/lib/python3.12/site-packages/airflow/example_dags/example_short_circuit_operator.py
[2026-07-20T08:23:40.703+0000] {processor.py:925} INFO - DAG(s) 'example_short_circuit_operator' retrieved from /home/airflow/.local/lib/python3.12/site-packages/airflow/example_dags/example_short_circuit_operator.py
[2026-07-20T08:23:40.761+0000] {logging_mixin.py:190} INFO - [2026-07-20T08:23:40.760+0000] {dag.py:3239} INFO - Sync 1 DAGs
[2026-07-20T08:23:40.810+0000] {logging_mixin.py:190} INFO - [2026-07-20T08:23:40.810+0000] {dag.py:4180} INFO - Setting next_dagrun for example_short_circuit_operator to None, run_after=None
[2026-07-20T08:23:40.849+0000] {processor.py:208} INFO - Processing /home/airflow/.local/lib/python3.12/site-packages/airflow/example_dags/example_short_circuit_operator.py took 0.192 seconds
[2026-07-20T08:24:11.089+0000] {processor.py:186} INFO - Started process (PID=492) to work on /home/airflow/.local/lib/python3.12/site-packages/airflow/example_dags/example_short_circuit_operator.py
[2026-07-20T08:24:11.090+0000] {processor.py:914} INFO - Processing file /home/airflow/.local/lib/python3.12/site-packages/airflow/example_dags/example_short_circuit_operator.py for tasks to queue
[2026-07-20T08:24:11.093+0000] {logging_mixin.py:190} INFO - [2026-07-20T08:24:11.092+0000] {dagbag.py:588} INFO - Filling up the DagBag from /home/airflow/.local/lib/python3.12/site-packages/airflow/example_dags/example_short_circuit_operator.py
[2026-07-20T08:24:11.103+0000] {processor.py:925} INFO - DAG(s) 'example_short_circuit_operator' retrieved from /home/airflow/.local/lib/python3.12/site-packages/airflow/example_dags/example_short_circuit_operator.py
[2026-07-20T08:24:11.129+0000] {logging_mixin.py:190} INFO - [2026-07-20T08:24:11.128+0000] {dag.py:3239} INFO - Sync 1 DAGs
[2026-07-20T08:24:11.145+0000] {logging_mixin.py:190} INFO - [2026-07-20T08:24:11.145+0000] {dag.py:4180} INFO - Setting next_dagrun for example_short_circuit_operator to None, run_after=None
[2026-07-20T08:24:11.169+0000] {processor.py:208} INFO - Processing /home/airflow/.local/lib/python3.12/site-packages/airflow/example_dags/example_short_circuit_operator.py took 0.086 seconds
[2026-07-20T08:24:42.004+0000] {processor.py:186} INFO - Started process (PID=555) to work on /home/airflow/.local/lib/python3.12/site-packages/airflow/example_dags/example_short_circuit_operator.py
[2026-07-20T08:24:42.005+0000] {processor.py:914} INFO - Processing file /home/airflow/.local/lib/python3.12/site-packages/airflow/example_dags/example_short_circuit_operator.py for tasks to queue
[2026-07-20T08:24:42.009+0000] {logging_mixin.py:190} INFO - [2026-07-20T08:24:42.008+0000] {dagbag.py:588} INFO - Filling up the DagBag from /home/airflow/.local/lib/python3.12/site-packages/airflow/example_dags/example_short_circuit_operator.py
[2026-07-20T08:24:42.021+0000] {processor.py:925} INFO - DAG(s) 'example_short_circuit_operator' retrieved from /home/airflow/.local/lib/python3.12/site-packages/airflow/example_dags/example_short_circuit_operator.py
[2026-07-20T08:24:42.053+0000] {logging_mixin.py:190} INFO - [2026-07-20T08:24:42.052+0000] {dag.py:3239} INFO - Sync 1 DAGs
[2026-07-20T08:24:42.071+0000] {logging_mixin.py:190} INFO - [2026-07-20T08:24:42.070+0000] {dag.py:4180} INFO - Setting next_dagrun for example_short_circuit_operator to None, run_after=None
[2026-07-20T08:24:42.094+0000] {processor.py:208} INFO - Processing /home/airflow/.local/lib/python3.12/site-packages/airflow/example_dags/example_short_circuit_operator.py took 0.098 seconds
[2026-07-20T08:25:31.558+0000] {processor.py:186} INFO - Started process (PID=89) to work on /home/airflow/.local/lib/python3.12/site-packages/airflow/example_dags/example_short_circuit_operator.py
[2026-07-20T08:25:31.560+0000] {processor.py:914} INFO - Processing file /home/airflow/.local/lib/python3.12/site-packages/airflow/example_dags/example_short_circuit_operator.py for tasks to queue
[2026-07-20T08:25:31.562+0000] {logging_mixin.py:190} INFO - [2026-07-20T08:25:31.562+0000] {dagbag.py:588} INFO - Filling up the DagBag from /home/airflow/.local/lib/python3.12/site-packages/airflow/example_dags/example_short_circuit_operator.py
[2026-07-20T08:25:31.573+0000] {processor.py:925} INFO - DAG(s) 'example_short_circuit_operator' retrieved from /home/airflow/.local/lib/python3.12/site-packages/airflow/example_dags/example_short_circuit_operator.py
[2026-07-20T08:25:31.623+0000] {logging_mixin.py:190} INFO - [2026-07-20T08:25:31.623+0000] {dag.py:3239} INFO - Sync 1 DAGs
[2026-07-20T08:25:31.649+0000] {logging_mixin.py:190} INFO - [2026-07-20T08:25:31.649+0000] {dag.py:4180} INFO - Setting next_dagrun for example_short_circuit_operator to None, run_after=None
[2026-07-20T08:25:31.675+0000] {processor.py:208} INFO - Processing /home/airflow/.local/lib/python3.12/site-packages/airflow/example_dags/example_short_circuit_operator.py took 0.122 seconds
