[2026-07-20T08:21:12.791+0000] {processor.py:186} INFO - Started process (PID=133) to work on /home/airflow/.local/lib/python3.12/site-packages/airflow/example_dags/tutorial_taskflow_api.py
[2026-07-20T08:21:12.792+0000] {processor.py:914} INFO - Processing file /home/airflow/.local/lib/python3.12/site-packages/airflow/example_dags/tutorial_taskflow_api.py for tasks to queue
[2026-07-20T08:21:12.796+0000] {logging_mixin.py:190} INFO - [2026-07-20T08:21:12.795+0000] {dagbag.py:588} INFO - Filling up the DagBag from /home/airflow/.local/lib/python3.12/site-packages/airflow/example_dags/tutorial_taskflow_api.py
[2026-07-20T08:21:12.810+0000] {processor.py:925} INFO - DAG(s) 'tutorial_taskflow_api' retrieved from /home/airflow/.local/lib/python3.12/site-packages/airflow/example_dags/tutorial_taskflow_api.py
[2026-07-20T08:21:13.023+0000] {logging_mixin.py:190} INFO - [2026-07-20T08:21:13.022+0000] {override.py:1912} INFO - Created Permission View: can read on DAG:tutorial_taskflow_api
[2026-07-20T08:21:13.039+0000] {logging_mixin.py:190} INFO - [2026-07-20T08:21:13.039+0000] {override.py:1912} INFO - Created Permission View: can delete on DAG:tutorial_taskflow_api
[2026-07-20T08:21:13.050+0000] {logging_mixin.py:190} INFO - [2026-07-20T08:21:13.049+0000] {override.py:1912} INFO - Created Permission View: can edit on DAG:tutorial_taskflow_api
[2026-07-20T08:21:13.061+0000] {logging_mixin.py:190} INFO - [2026-07-20T08:21:13.061+0000] {override.py:1912} INFO - Created Permission View: menu access on DAG Run:tutorial_taskflow_api
[2026-07-20T08:21:13.070+0000] {logging_mixin.py:190} INFO - [2026-07-20T08:21:13.070+0000] {override.py:1912} INFO - Created Permission View: can read on DAG Run:tutorial_taskflow_api
[2026-07-20T08:21:13.079+0000] {logging_mixin.py:190} INFO - [2026-07-20T08:21:13.079+0000] {override.py:1912} INFO - Created Permission View: can delete on DAG Run:tutorial_taskflow_api
[2026-07-20T08:21:13.089+0000] {logging_mixin.py:190} INFO - [2026-07-20T08:21:13.089+0000] {override.py:1912} INFO - Created Permission View: can create on DAG Run:tutorial_taskflow_api
[2026-07-20T08:21:13.090+0000] {logging_mixin.py:190} INFO - [2026-07-20T08:21:13.090+0000] {dag.py:3239} INFO - Sync 1 DAGs
[2026-07-20T08:21:13.108+0000] {logging_mixin.py:190} INFO - [2026-07-20T08:21:13.107+0000] {dag.py:3262} INFO - Creating ORM DAG for tutorial_taskflow_api
[2026-07-20T08:21:13.109+0000] {logging_mixin.py:190} INFO - [2026-07-20T08:21:13.109+0000] {dag.py:4180} INFO - Setting next_dagrun for tutorial_taskflow_api to None, run_after=None
[2026-07-20T08:21:13.130+0000] {processor.py:208} INFO - Processing /home/airflow/.local/lib/python3.12/site-packages/airflow/example_dags/tutorial_taskflow_api.py took 0.349 seconds
[2026-07-20T08:21:43.864+0000] {processor.py:186} INFO - Started process (PID=196) to work on /home/airflow/.local/lib/python3.12/site-packages/airflow/example_dags/tutorial_taskflow_api.py
[2026-07-20T08:21:43.866+0000] {processor.py:914} INFO - Processing file /home/airflow/.local/lib/python3.12/site-packages/airflow/example_dags/tutorial_taskflow_api.py for tasks to queue
[2026-07-20T08:21:43.869+0000] {logging_mixin.py:190} INFO - [2026-07-20T08:21:43.869+0000] {dagbag.py:588} INFO - Filling up the DagBag from /home/airflow/.local/lib/python3.12/site-packages/airflow/example_dags/tutorial_taskflow_api.py
[2026-07-20T08:21:43.879+0000] {processor.py:925} INFO - DAG(s) 'tutorial_taskflow_api' retrieved from /home/airflow/.local/lib/python3.12/site-packages/airflow/example_dags/tutorial_taskflow_api.py
[2026-07-20T08:21:43.900+0000] {logging_mixin.py:190} INFO - [2026-07-20T08:21:43.900+0000] {dag.py:3239} INFO - Sync 1 DAGs
[2026-07-20T08:21:43.918+0000] {logging_mixin.py:190} INFO - [2026-07-20T08:21:43.918+0000] {dag.py:4180} INFO - Setting next_dagrun for tutorial_taskflow_api to None, run_after=None
[2026-07-20T08:21:43.942+0000] {processor.py:208} INFO - Processing /home/airflow/.local/lib/python3.12/site-packages/airflow/example_dags/tutorial_taskflow_api.py took 0.084 seconds
[2026-07-20T08:22:14.863+0000] {processor.py:186} INFO - Started process (PID=259) to work on /home/airflow/.local/lib/python3.12/site-packages/airflow/example_dags/tutorial_taskflow_api.py
[2026-07-20T08:22:14.865+0000] {processor.py:914} INFO - Processing file /home/airflow/.local/lib/python3.12/site-packages/airflow/example_dags/tutorial_taskflow_api.py for tasks to queue
[2026-07-20T08:22:14.870+0000] {logging_mixin.py:190} INFO - [2026-07-20T08:22:14.869+0000] {dagbag.py:588} INFO - Filling up the DagBag from /home/airflow/.local/lib/python3.12/site-packages/airflow/example_dags/tutorial_taskflow_api.py
[2026-07-20T08:22:14.885+0000] {processor.py:925} INFO - DAG(s) 'tutorial_taskflow_api' retrieved from /home/airflow/.local/lib/python3.12/site-packages/airflow/example_dags/tutorial_taskflow_api.py
[2026-07-20T08:22:14.914+0000] {logging_mixin.py:190} INFO - [2026-07-20T08:22:14.913+0000] {dag.py:3239} INFO - Sync 1 DAGs
[2026-07-20T08:22:14.936+0000] {logging_mixin.py:190} INFO - [2026-07-20T08:22:14.936+0000] {dag.py:4180} INFO - Setting next_dagrun for tutorial_taskflow_api to None, run_after=None
[2026-07-20T08:22:14.964+0000] {processor.py:208} INFO - Processing /home/airflow/.local/lib/python3.12/site-packages/airflow/example_dags/tutorial_taskflow_api.py took 0.110 seconds
[2026-07-20T08:22:45.385+0000] {processor.py:186} INFO - Started process (PID=322) to work on /home/airflow/.local/lib/python3.12/site-packages/airflow/example_dags/tutorial_taskflow_api.py
[2026-07-20T08:22:45.388+0000] {processor.py:914} INFO - Processing file /home/airflow/.local/lib/python3.12/site-packages/airflow/example_dags/tutorial_taskflow_api.py for tasks to queue
[2026-07-20T08:22:45.397+0000] {logging_mixin.py:190} INFO - [2026-07-20T08:22:45.395+0000] {dagbag.py:588} INFO - Filling up the DagBag from /home/airflow/.local/lib/python3.12/site-packages/airflow/example_dags/tutorial_taskflow_api.py
[2026-07-20T08:22:45.435+0000] {processor.py:925} INFO - DAG(s) 'tutorial_taskflow_api' retrieved from /home/airflow/.local/lib/python3.12/site-packages/airflow/example_dags/tutorial_taskflow_api.py
[2026-07-20T08:22:45.510+0000] {logging_mixin.py:190} INFO - [2026-07-20T08:22:45.510+0000] {dag.py:3239} INFO - Sync 1 DAGs
[2026-07-20T08:22:45.577+0000] {logging_mixin.py:190} INFO - [2026-07-20T08:22:45.577+0000] {dag.py:4180} INFO - Setting next_dagrun for tutorial_taskflow_api to None, run_after=None
[2026-07-20T08:22:45.629+0000] {processor.py:208} INFO - Processing /home/airflow/.local/lib/python3.12/site-packages/airflow/example_dags/tutorial_taskflow_api.py took 0.257 seconds
[2026-07-20T08:23:16.561+0000] {processor.py:186} INFO - Started process (PID=385) to work on /home/airflow/.local/lib/python3.12/site-packages/airflow/example_dags/tutorial_taskflow_api.py
[2026-07-20T08:23:16.562+0000] {processor.py:914} INFO - Processing file /home/airflow/.local/lib/python3.12/site-packages/airflow/example_dags/tutorial_taskflow_api.py for tasks to queue
[2026-07-20T08:23:16.565+0000] {logging_mixin.py:190} INFO - [2026-07-20T08:23:16.565+0000] {dagbag.py:588} INFO - Filling up the DagBag from /home/airflow/.local/lib/python3.12/site-packages/airflow/example_dags/tutorial_taskflow_api.py
[2026-07-20T08:23:16.578+0000] {processor.py:925} INFO - DAG(s) 'tutorial_taskflow_api' retrieved from /home/airflow/.local/lib/python3.12/site-packages/airflow/example_dags/tutorial_taskflow_api.py
[2026-07-20T08:23:16.601+0000] {logging_mixin.py:190} INFO - [2026-07-20T08:23:16.600+0000] {dag.py:3239} INFO - Sync 1 DAGs
[2026-07-20T08:23:16.619+0000] {logging_mixin.py:190} INFO - [2026-07-20T08:23:16.618+0000] {dag.py:4180} INFO - Setting next_dagrun for tutorial_taskflow_api to None, run_after=None
[2026-07-20T08:23:16.642+0000] {processor.py:208} INFO - Processing /home/airflow/.local/lib/python3.12/site-packages/airflow/example_dags/tutorial_taskflow_api.py took 0.090 seconds
[2026-07-20T08:23:48.252+0000] {processor.py:186} INFO - Started process (PID=448) to work on /home/airflow/.local/lib/python3.12/site-packages/airflow/example_dags/tutorial_taskflow_api.py
[2026-07-20T08:23:48.254+0000] {processor.py:914} INFO - Processing file /home/airflow/.local/lib/python3.12/site-packages/airflow/example_dags/tutorial_taskflow_api.py for tasks to queue
[2026-07-20T08:23:48.258+0000] {logging_mixin.py:190} INFO - [2026-07-20T08:23:48.257+0000] {dagbag.py:588} INFO - Filling up the DagBag from /home/airflow/.local/lib/python3.12/site-packages/airflow/example_dags/tutorial_taskflow_api.py
[2026-07-20T08:23:48.270+0000] {processor.py:925} INFO - DAG(s) 'tutorial_taskflow_api' retrieved from /home/airflow/.local/lib/python3.12/site-packages/airflow/example_dags/tutorial_taskflow_api.py
[2026-07-20T08:23:48.294+0000] {logging_mixin.py:190} INFO - [2026-07-20T08:23:48.294+0000] {dag.py:3239} INFO - Sync 1 DAGs
[2026-07-20T08:23:48.313+0000] {logging_mixin.py:190} INFO - [2026-07-20T08:23:48.313+0000] {dag.py:4180} INFO - Setting next_dagrun for tutorial_taskflow_api to None, run_after=None
[2026-07-20T08:23:48.344+0000] {processor.py:208} INFO - Processing /home/airflow/.local/lib/python3.12/site-packages/airflow/example_dags/tutorial_taskflow_api.py took 0.103 seconds
[2026-07-20T08:24:19.379+0000] {processor.py:186} INFO - Started process (PID=511) to work on /home/airflow/.local/lib/python3.12/site-packages/airflow/example_dags/tutorial_taskflow_api.py
[2026-07-20T08:24:19.380+0000] {processor.py:914} INFO - Processing file /home/airflow/.local/lib/python3.12/site-packages/airflow/example_dags/tutorial_taskflow_api.py for tasks to queue
[2026-07-20T08:24:19.383+0000] {logging_mixin.py:190} INFO - [2026-07-20T08:24:19.383+0000] {dagbag.py:588} INFO - Filling up the DagBag from /home/airflow/.local/lib/python3.12/site-packages/airflow/example_dags/tutorial_taskflow_api.py
[2026-07-20T08:24:19.396+0000] {processor.py:925} INFO - DAG(s) 'tutorial_taskflow_api' retrieved from /home/airflow/.local/lib/python3.12/site-packages/airflow/example_dags/tutorial_taskflow_api.py
[2026-07-20T08:24:19.423+0000] {logging_mixin.py:190} INFO - [2026-07-20T08:24:19.422+0000] {dag.py:3239} INFO - Sync 1 DAGs
[2026-07-20T08:24:19.441+0000] {logging_mixin.py:190} INFO - [2026-07-20T08:24:19.440+0000] {dag.py:4180} INFO - Setting next_dagrun for tutorial_taskflow_api to None, run_after=None
[2026-07-20T08:24:19.463+0000] {processor.py:208} INFO - Processing /home/airflow/.local/lib/python3.12/site-packages/airflow/example_dags/tutorial_taskflow_api.py took 0.091 seconds
[2026-07-20T08:24:50.198+0000] {processor.py:186} INFO - Started process (PID=574) to work on /home/airflow/.local/lib/python3.12/site-packages/airflow/example_dags/tutorial_taskflow_api.py
[2026-07-20T08:24:50.200+0000] {processor.py:914} INFO - Processing file /home/airflow/.local/lib/python3.12/site-packages/airflow/example_dags/tutorial_taskflow_api.py for tasks to queue
[2026-07-20T08:24:50.203+0000] {logging_mixin.py:190} INFO - [2026-07-20T08:24:50.202+0000] {dagbag.py:588} INFO - Filling up the DagBag from /home/airflow/.local/lib/python3.12/site-packages/airflow/example_dags/tutorial_taskflow_api.py
[2026-07-20T08:24:50.214+0000] {processor.py:925} INFO - DAG(s) 'tutorial_taskflow_api' retrieved from /home/airflow/.local/lib/python3.12/site-packages/airflow/example_dags/tutorial_taskflow_api.py
[2026-07-20T08:24:50.238+0000] {logging_mixin.py:190} INFO - [2026-07-20T08:24:50.238+0000] {dag.py:3239} INFO - Sync 1 DAGs
[2026-07-20T08:24:50.258+0000] {logging_mixin.py:190} INFO - [2026-07-20T08:24:50.258+0000] {dag.py:4180} INFO - Setting next_dagrun for tutorial_taskflow_api to None, run_after=None
[2026-07-20T08:24:50.286+0000] {processor.py:208} INFO - Processing /home/airflow/.local/lib/python3.12/site-packages/airflow/example_dags/tutorial_taskflow_api.py took 0.093 seconds
