[2026-07-20T08:21:13.827+0000] {processor.py:186} INFO - Started process (PID=138) to work on /home/airflow/.local/lib/python3.12/site-packages/airflow/example_dags/tutorial.py
[2026-07-20T08:21:13.828+0000] {processor.py:914} INFO - Processing file /home/airflow/.local/lib/python3.12/site-packages/airflow/example_dags/tutorial.py for tasks to queue
[2026-07-20T08:21:13.832+0000] {logging_mixin.py:190} INFO - [2026-07-20T08:21:13.831+0000] {dagbag.py:588} INFO - Filling up the DagBag from /home/airflow/.local/lib/python3.12/site-packages/airflow/example_dags/tutorial.py
[2026-07-20T08:21:13.844+0000] {processor.py:925} INFO - DAG(s) 'tutorial' retrieved from /home/airflow/.local/lib/python3.12/site-packages/airflow/example_dags/tutorial.py
[2026-07-20T08:21:13.988+0000] {logging_mixin.py:190} INFO - [2026-07-20T08:21:13.987+0000] {override.py:1912} INFO - Created Permission View: can read on DAG:tutorial
[2026-07-20T08:21:14.003+0000] {logging_mixin.py:190} INFO - [2026-07-20T08:21:14.003+0000] {override.py:1912} INFO - Created Permission View: can delete on DAG:tutorial
[2026-07-20T08:21:14.014+0000] {logging_mixin.py:190} INFO - [2026-07-20T08:21:14.014+0000] {override.py:1912} INFO - Created Permission View: can edit on DAG:tutorial
[2026-07-20T08:21:14.024+0000] {logging_mixin.py:190} INFO - [2026-07-20T08:21:14.024+0000] {override.py:1912} INFO - Created Permission View: menu access on DAG Run:tutorial
[2026-07-20T08:21:14.032+0000] {logging_mixin.py:190} INFO - [2026-07-20T08:21:14.032+0000] {override.py:1912} INFO - Created Permission View: can read on DAG Run:tutorial
[2026-07-20T08:21:14.040+0000] {logging_mixin.py:190} INFO - [2026-07-20T08:21:14.040+0000] {override.py:1912} INFO - Created Permission View: can delete on DAG Run:tutorial
[2026-07-20T08:21:14.049+0000] {logging_mixin.py:190} INFO - [2026-07-20T08:21:14.048+0000] {override.py:1912} INFO - Created Permission View: can create on DAG Run:tutorial
[2026-07-20T08:21:14.050+0000] {logging_mixin.py:190} INFO - [2026-07-20T08:21:14.050+0000] {dag.py:3239} INFO - Sync 1 DAGs
[2026-07-20T08:21:14.067+0000] {logging_mixin.py:190} INFO - [2026-07-20T08:21:14.067+0000] {dag.py:3262} INFO - Creating ORM DAG for tutorial
[2026-07-20T08:21:14.081+0000] {logging_mixin.py:190} INFO - [2026-07-20T08:21:14.080+0000] {dag.py:4180} INFO - Setting next_dagrun for tutorial to 2026-07-19 00:00:00+00:00, run_after=2026-07-20 00:00:00+00:00
[2026-07-20T08:21:14.101+0000] {processor.py:208} INFO - Processing /home/airflow/.local/lib/python3.12/site-packages/airflow/example_dags/tutorial.py took 0.281 seconds
[2026-07-20T08:21:44.231+0000] {processor.py:186} INFO - Started process (PID=200) to work on /home/airflow/.local/lib/python3.12/site-packages/airflow/example_dags/tutorial.py
[2026-07-20T08:21:44.232+0000] {processor.py:914} INFO - Processing file /home/airflow/.local/lib/python3.12/site-packages/airflow/example_dags/tutorial.py for tasks to queue
[2026-07-20T08:21:44.236+0000] {logging_mixin.py:190} INFO - [2026-07-20T08:21:44.235+0000] {dagbag.py:588} INFO - Filling up the DagBag from /home/airflow/.local/lib/python3.12/site-packages/airflow/example_dags/tutorial.py
[2026-07-20T08:21:44.246+0000] {processor.py:925} INFO - DAG(s) 'tutorial' retrieved from /home/airflow/.local/lib/python3.12/site-packages/airflow/example_dags/tutorial.py
[2026-07-20T08:21:44.273+0000] {logging_mixin.py:190} INFO - [2026-07-20T08:21:44.272+0000] {dag.py:3239} INFO - Sync 1 DAGs
[2026-07-20T08:21:44.302+0000] {logging_mixin.py:190} INFO - [2026-07-20T08:21:44.302+0000] {dag.py:4180} INFO - Setting next_dagrun for tutorial to 2026-07-19 00:00:00+00:00, run_after=2026-07-20 00:00:00+00:00
[2026-07-20T08:21:44.330+0000] {processor.py:208} INFO - Processing /home/airflow/.local/lib/python3.12/site-packages/airflow/example_dags/tutorial.py took 0.106 seconds
[2026-07-20T08:22:15.435+0000] {processor.py:186} INFO - Started process (PID=263) to work on /home/airflow/.local/lib/python3.12/site-packages/airflow/example_dags/tutorial.py
[2026-07-20T08:22:15.437+0000] {processor.py:914} INFO - Processing file /home/airflow/.local/lib/python3.12/site-packages/airflow/example_dags/tutorial.py for tasks to queue
[2026-07-20T08:22:15.440+0000] {logging_mixin.py:190} INFO - [2026-07-20T08:22:15.440+0000] {dagbag.py:588} INFO - Filling up the DagBag from /home/airflow/.local/lib/python3.12/site-packages/airflow/example_dags/tutorial.py
[2026-07-20T08:22:15.456+0000] {processor.py:925} INFO - DAG(s) 'tutorial' retrieved from /home/airflow/.local/lib/python3.12/site-packages/airflow/example_dags/tutorial.py
[2026-07-20T08:22:15.485+0000] {logging_mixin.py:190} INFO - [2026-07-20T08:22:15.485+0000] {dag.py:3239} INFO - Sync 1 DAGs
[2026-07-20T08:22:15.516+0000] {logging_mixin.py:190} INFO - [2026-07-20T08:22:15.516+0000] {dag.py:4180} INFO - Setting next_dagrun for tutorial to 2026-07-19 00:00:00+00:00, run_after=2026-07-20 00:00:00+00:00
[2026-07-20T08:22:15.543+0000] {processor.py:208} INFO - Processing /home/airflow/.local/lib/python3.12/site-packages/airflow/example_dags/tutorial.py took 0.117 seconds
[2026-07-20T08:22:46.089+0000] {processor.py:186} INFO - Started process (PID=326) to work on /home/airflow/.local/lib/python3.12/site-packages/airflow/example_dags/tutorial.py
[2026-07-20T08:22:46.091+0000] {processor.py:914} INFO - Processing file /home/airflow/.local/lib/python3.12/site-packages/airflow/example_dags/tutorial.py for tasks to queue
[2026-07-20T08:22:46.094+0000] {logging_mixin.py:190} INFO - [2026-07-20T08:22:46.093+0000] {dagbag.py:588} INFO - Filling up the DagBag from /home/airflow/.local/lib/python3.12/site-packages/airflow/example_dags/tutorial.py
[2026-07-20T08:22:46.102+0000] {processor.py:925} INFO - DAG(s) 'tutorial' retrieved from /home/airflow/.local/lib/python3.12/site-packages/airflow/example_dags/tutorial.py
[2026-07-20T08:22:46.121+0000] {logging_mixin.py:190} INFO - [2026-07-20T08:22:46.121+0000] {dag.py:3239} INFO - Sync 1 DAGs
[2026-07-20T08:22:46.146+0000] {logging_mixin.py:190} INFO - [2026-07-20T08:22:46.146+0000] {dag.py:4180} INFO - Setting next_dagrun for tutorial to 2026-07-19 00:00:00+00:00, run_after=2026-07-20 00:00:00+00:00
[2026-07-20T08:22:46.163+0000] {processor.py:208} INFO - Processing /home/airflow/.local/lib/python3.12/site-packages/airflow/example_dags/tutorial.py took 0.082 seconds
[2026-07-20T08:23:16.948+0000] {processor.py:186} INFO - Started process (PID=389) to work on /home/airflow/.local/lib/python3.12/site-packages/airflow/example_dags/tutorial.py
[2026-07-20T08:23:16.949+0000] {processor.py:914} INFO - Processing file /home/airflow/.local/lib/python3.12/site-packages/airflow/example_dags/tutorial.py for tasks to queue
[2026-07-20T08:23:16.952+0000] {logging_mixin.py:190} INFO - [2026-07-20T08:23:16.951+0000] {dagbag.py:588} INFO - Filling up the DagBag from /home/airflow/.local/lib/python3.12/site-packages/airflow/example_dags/tutorial.py
[2026-07-20T08:23:16.960+0000] {processor.py:925} INFO - DAG(s) 'tutorial' retrieved from /home/airflow/.local/lib/python3.12/site-packages/airflow/example_dags/tutorial.py
[2026-07-20T08:23:16.980+0000] {logging_mixin.py:190} INFO - [2026-07-20T08:23:16.979+0000] {dag.py:3239} INFO - Sync 1 DAGs
[2026-07-20T08:23:17.005+0000] {logging_mixin.py:190} INFO - [2026-07-20T08:23:17.005+0000] {dag.py:4180} INFO - Setting next_dagrun for tutorial to 2026-07-19 00:00:00+00:00, run_after=2026-07-20 00:00:00+00:00
[2026-07-20T08:23:17.029+0000] {processor.py:208} INFO - Processing /home/airflow/.local/lib/python3.12/site-packages/airflow/example_dags/tutorial.py took 0.087 seconds
[2026-07-20T08:23:48.735+0000] {processor.py:186} INFO - Started process (PID=452) to work on /home/airflow/.local/lib/python3.12/site-packages/airflow/example_dags/tutorial.py
[2026-07-20T08:23:48.737+0000] {processor.py:914} INFO - Processing file /home/airflow/.local/lib/python3.12/site-packages/airflow/example_dags/tutorial.py for tasks to queue
[2026-07-20T08:23:48.741+0000] {logging_mixin.py:190} INFO - [2026-07-20T08:23:48.740+0000] {dagbag.py:588} INFO - Filling up the DagBag from /home/airflow/.local/lib/python3.12/site-packages/airflow/example_dags/tutorial.py
[2026-07-20T08:23:48.752+0000] {processor.py:925} INFO - DAG(s) 'tutorial' retrieved from /home/airflow/.local/lib/python3.12/site-packages/airflow/example_dags/tutorial.py
[2026-07-20T08:23:48.780+0000] {logging_mixin.py:190} INFO - [2026-07-20T08:23:48.780+0000] {dag.py:3239} INFO - Sync 1 DAGs
[2026-07-20T08:23:48.812+0000] {logging_mixin.py:190} INFO - [2026-07-20T08:23:48.812+0000] {dag.py:4180} INFO - Setting next_dagrun for tutorial to 2026-07-19 00:00:00+00:00, run_after=2026-07-20 00:00:00+00:00
[2026-07-20T08:23:48.835+0000] {processor.py:208} INFO - Processing /home/airflow/.local/lib/python3.12/site-packages/airflow/example_dags/tutorial.py took 0.108 seconds
[2026-07-20T08:24:19.639+0000] {processor.py:186} INFO - Started process (PID=515) to work on /home/airflow/.local/lib/python3.12/site-packages/airflow/example_dags/tutorial.py
[2026-07-20T08:24:19.641+0000] {processor.py:914} INFO - Processing file /home/airflow/.local/lib/python3.12/site-packages/airflow/example_dags/tutorial.py for tasks to queue
[2026-07-20T08:24:19.646+0000] {logging_mixin.py:190} INFO - [2026-07-20T08:24:19.646+0000] {dagbag.py:588} INFO - Filling up the DagBag from /home/airflow/.local/lib/python3.12/site-packages/airflow/example_dags/tutorial.py
[2026-07-20T08:24:19.658+0000] {processor.py:925} INFO - DAG(s) 'tutorial' retrieved from /home/airflow/.local/lib/python3.12/site-packages/airflow/example_dags/tutorial.py
[2026-07-20T08:24:19.686+0000] {logging_mixin.py:190} INFO - [2026-07-20T08:24:19.685+0000] {dag.py:3239} INFO - Sync 1 DAGs
[2026-07-20T08:24:19.721+0000] {logging_mixin.py:190} INFO - [2026-07-20T08:24:19.721+0000] {dag.py:4180} INFO - Setting next_dagrun for tutorial to 2026-07-19 00:00:00+00:00, run_after=2026-07-20 00:00:00+00:00
[2026-07-20T08:24:19.750+0000] {processor.py:208} INFO - Processing /home/airflow/.local/lib/python3.12/site-packages/airflow/example_dags/tutorial.py took 0.119 seconds
[2026-07-20T08:24:50.725+0000] {processor.py:186} INFO - Started process (PID=578) to work on /home/airflow/.local/lib/python3.12/site-packages/airflow/example_dags/tutorial.py
[2026-07-20T08:24:50.728+0000] {processor.py:914} INFO - Processing file /home/airflow/.local/lib/python3.12/site-packages/airflow/example_dags/tutorial.py for tasks to queue
[2026-07-20T08:24:50.734+0000] {logging_mixin.py:190} INFO - [2026-07-20T08:24:50.732+0000] {dagbag.py:588} INFO - Filling up the DagBag from /home/airflow/.local/lib/python3.12/site-packages/airflow/example_dags/tutorial.py
[2026-07-20T08:24:50.760+0000] {processor.py:925} INFO - DAG(s) 'tutorial' retrieved from /home/airflow/.local/lib/python3.12/site-packages/airflow/example_dags/tutorial.py
[2026-07-20T08:24:50.808+0000] {logging_mixin.py:190} INFO - [2026-07-20T08:24:50.807+0000] {dag.py:3239} INFO - Sync 1 DAGs
