[2026-07-20T08:21:11.162+0000] {processor.py:186} INFO - Started process (PID=123) to work on /home/airflow/.local/lib/python3.12/site-packages/airflow/example_dags/tutorial_objectstorage.py
[2026-07-20T08:21:11.163+0000] {processor.py:914} INFO - Processing file /home/airflow/.local/lib/python3.12/site-packages/airflow/example_dags/tutorial_objectstorage.py for tasks to queue
[2026-07-20T08:21:11.167+0000] {logging_mixin.py:190} INFO - [2026-07-20T08:21:11.166+0000] {dagbag.py:588} INFO - Filling up the DagBag from /home/airflow/.local/lib/python3.12/site-packages/airflow/example_dags/tutorial_objectstorage.py
[2026-07-20T08:21:11.186+0000] {processor.py:925} INFO - DAG(s) 'tutorial_objectstorage' retrieved from /home/airflow/.local/lib/python3.12/site-packages/airflow/example_dags/tutorial_objectstorage.py
[2026-07-20T08:21:11.322+0000] {logging_mixin.py:190} INFO - [2026-07-20T08:21:11.321+0000] {override.py:1912} INFO - Created Permission View: can read on DAG:tutorial_objectstorage
[2026-07-20T08:21:11.334+0000] {logging_mixin.py:190} INFO - [2026-07-20T08:21:11.334+0000] {override.py:1912} INFO - Created Permission View: can delete on DAG:tutorial_objectstorage
[2026-07-20T08:21:11.344+0000] {logging_mixin.py:190} INFO - [2026-07-20T08:21:11.343+0000] {override.py:1912} INFO - Created Permission View: can edit on DAG:tutorial_objectstorage
[2026-07-20T08:21:11.353+0000] {logging_mixin.py:190} INFO - [2026-07-20T08:21:11.353+0000] {override.py:1912} INFO - Created Permission View: menu access on DAG Run:tutorial_objectstorage
[2026-07-20T08:21:11.362+0000] {logging_mixin.py:190} INFO - [2026-07-20T08:21:11.361+0000] {override.py:1912} INFO - Created Permission View: can read on DAG Run:tutorial_objectstorage
[2026-07-20T08:21:11.370+0000] {logging_mixin.py:190} INFO - [2026-07-20T08:21:11.370+0000] {override.py:1912} INFO - Created Permission View: can delete on DAG Run:tutorial_objectstorage
[2026-07-20T08:21:11.379+0000] {logging_mixin.py:190} INFO - [2026-07-20T08:21:11.378+0000] {override.py:1912} INFO - Created Permission View: can create on DAG Run:tutorial_objectstorage
[2026-07-20T08:21:11.380+0000] {logging_mixin.py:190} INFO - [2026-07-20T08:21:11.380+0000] {dag.py:3239} INFO - Sync 1 DAGs
[2026-07-20T08:21:11.397+0000] {logging_mixin.py:190} INFO - [2026-07-20T08:21:11.397+0000] {dag.py:3262} INFO - Creating ORM DAG for tutorial_objectstorage
[2026-07-20T08:21:11.399+0000] {logging_mixin.py:190} INFO - [2026-07-20T08:21:11.398+0000] {dag.py:4180} INFO - Setting next_dagrun for tutorial_objectstorage to None, run_after=None
[2026-07-20T08:21:11.420+0000] {processor.py:208} INFO - Processing /home/airflow/.local/lib/python3.12/site-packages/airflow/example_dags/tutorial_objectstorage.py took 0.268 seconds
[2026-07-20T08:21:42.085+0000] {processor.py:186} INFO - Started process (PID=186) to work on /home/airflow/.local/lib/python3.12/site-packages/airflow/example_dags/tutorial_objectstorage.py
[2026-07-20T08:21:42.087+0000] {processor.py:914} INFO - Processing file /home/airflow/.local/lib/python3.12/site-packages/airflow/example_dags/tutorial_objectstorage.py for tasks to queue
[2026-07-20T08:21:42.091+0000] {logging_mixin.py:190} INFO - [2026-07-20T08:21:42.090+0000] {dagbag.py:588} INFO - Filling up the DagBag from /home/airflow/.local/lib/python3.12/site-packages/airflow/example_dags/tutorial_objectstorage.py
[2026-07-20T08:21:42.105+0000] {processor.py:925} INFO - DAG(s) 'tutorial_objectstorage' retrieved from /home/airflow/.local/lib/python3.12/site-packages/airflow/example_dags/tutorial_objectstorage.py
[2026-07-20T08:21:42.128+0000] {logging_mixin.py:190} INFO - [2026-07-20T08:21:42.128+0000] {dag.py:3239} INFO - Sync 1 DAGs
[2026-07-20T08:21:42.149+0000] {logging_mixin.py:190} INFO - [2026-07-20T08:21:42.149+0000] {dag.py:4180} INFO - Setting next_dagrun for tutorial_objectstorage to None, run_after=None
[2026-07-20T08:21:42.176+0000] {processor.py:208} INFO - Processing /home/airflow/.local/lib/python3.12/site-packages/airflow/example_dags/tutorial_objectstorage.py took 0.100 seconds
[2026-07-20T08:22:12.833+0000] {processor.py:186} INFO - Started process (PID=249) to work on /home/airflow/.local/lib/python3.12/site-packages/airflow/example_dags/tutorial_objectstorage.py
[2026-07-20T08:22:12.835+0000] {processor.py:914} INFO - Processing file /home/airflow/.local/lib/python3.12/site-packages/airflow/example_dags/tutorial_objectstorage.py for tasks to queue
[2026-07-20T08:22:12.838+0000] {logging_mixin.py:190} INFO - [2026-07-20T08:22:12.837+0000] {dagbag.py:588} INFO - Filling up the DagBag from /home/airflow/.local/lib/python3.12/site-packages/airflow/example_dags/tutorial_objectstorage.py
[2026-07-20T08:22:12.849+0000] {processor.py:925} INFO - DAG(s) 'tutorial_objectstorage' retrieved from /home/airflow/.local/lib/python3.12/site-packages/airflow/example_dags/tutorial_objectstorage.py
[2026-07-20T08:22:12.876+0000] {logging_mixin.py:190} INFO - [2026-07-20T08:22:12.875+0000] {dag.py:3239} INFO - Sync 1 DAGs
[2026-07-20T08:22:12.896+0000] {logging_mixin.py:190} INFO - [2026-07-20T08:22:12.896+0000] {dag.py:4180} INFO - Setting next_dagrun for tutorial_objectstorage to None, run_after=None
[2026-07-20T08:22:12.923+0000] {processor.py:208} INFO - Processing /home/airflow/.local/lib/python3.12/site-packages/airflow/example_dags/tutorial_objectstorage.py took 0.096 seconds
[2026-07-20T08:22:43.501+0000] {processor.py:186} INFO - Started process (PID=311) to work on /home/airflow/.local/lib/python3.12/site-packages/airflow/example_dags/tutorial_objectstorage.py
[2026-07-20T08:22:43.502+0000] {processor.py:914} INFO - Processing file /home/airflow/.local/lib/python3.12/site-packages/airflow/example_dags/tutorial_objectstorage.py for tasks to queue
[2026-07-20T08:22:43.506+0000] {logging_mixin.py:190} INFO - [2026-07-20T08:22:43.506+0000] {dagbag.py:588} INFO - Filling up the DagBag from /home/airflow/.local/lib/python3.12/site-packages/airflow/example_dags/tutorial_objectstorage.py
[2026-07-20T08:22:43.523+0000] {processor.py:925} INFO - DAG(s) 'tutorial_objectstorage' retrieved from /home/airflow/.local/lib/python3.12/site-packages/airflow/example_dags/tutorial_objectstorage.py
[2026-07-20T08:22:43.551+0000] {logging_mixin.py:190} INFO - [2026-07-20T08:22:43.551+0000] {dag.py:3239} INFO - Sync 1 DAGs
[2026-07-20T08:22:43.578+0000] {logging_mixin.py:190} INFO - [2026-07-20T08:22:43.578+0000] {dag.py:4180} INFO - Setting next_dagrun for tutorial_objectstorage to None, run_after=None
[2026-07-20T08:22:43.609+0000] {processor.py:208} INFO - Processing /home/airflow/.local/lib/python3.12/site-packages/airflow/example_dags/tutorial_objectstorage.py took 0.117 seconds
[2026-07-20T08:23:13.765+0000] {processor.py:186} INFO - Started process (PID=373) to work on /home/airflow/.local/lib/python3.12/site-packages/airflow/example_dags/tutorial_objectstorage.py
[2026-07-20T08:23:13.767+0000] {processor.py:914} INFO - Processing file /home/airflow/.local/lib/python3.12/site-packages/airflow/example_dags/tutorial_objectstorage.py for tasks to queue
[2026-07-20T08:23:13.770+0000] {logging_mixin.py:190} INFO - [2026-07-20T08:23:13.770+0000] {dagbag.py:588} INFO - Filling up the DagBag from /home/airflow/.local/lib/python3.12/site-packages/airflow/example_dags/tutorial_objectstorage.py
[2026-07-20T08:23:13.788+0000] {processor.py:925} INFO - DAG(s) 'tutorial_objectstorage' retrieved from /home/airflow/.local/lib/python3.12/site-packages/airflow/example_dags/tutorial_objectstorage.py
[2026-07-20T08:23:13.813+0000] {logging_mixin.py:190} INFO - [2026-07-20T08:23:13.813+0000] {dag.py:3239} INFO - Sync 1 DAGs
[2026-07-20T08:23:13.836+0000] {logging_mixin.py:190} INFO - [2026-07-20T08:23:13.835+0000] {dag.py:4180} INFO - Setting next_dagrun for tutorial_objectstorage to None, run_after=None
[2026-07-20T08:23:13.867+0000] {processor.py:208} INFO - Processing /home/airflow/.local/lib/python3.12/site-packages/airflow/example_dags/tutorial_objectstorage.py took 0.110 seconds
[2026-07-20T08:23:44.099+0000] {processor.py:186} INFO - Started process (PID=436) to work on /home/airflow/.local/lib/python3.12/site-packages/airflow/example_dags/tutorial_objectstorage.py
[2026-07-20T08:23:44.101+0000] {processor.py:914} INFO - Processing file /home/airflow/.local/lib/python3.12/site-packages/airflow/example_dags/tutorial_objectstorage.py for tasks to queue
[2026-07-20T08:23:44.104+0000] {logging_mixin.py:190} INFO - [2026-07-20T08:23:44.104+0000] {dagbag.py:588} INFO - Filling up the DagBag from /home/airflow/.local/lib/python3.12/site-packages/airflow/example_dags/tutorial_objectstorage.py
[2026-07-20T08:23:44.118+0000] {processor.py:925} INFO - DAG(s) 'tutorial_objectstorage' retrieved from /home/airflow/.local/lib/python3.12/site-packages/airflow/example_dags/tutorial_objectstorage.py
[2026-07-20T08:23:44.147+0000] {logging_mixin.py:190} INFO - [2026-07-20T08:23:44.146+0000] {dag.py:3239} INFO - Sync 1 DAGs
[2026-07-20T08:23:44.169+0000] {logging_mixin.py:190} INFO - [2026-07-20T08:23:44.169+0000] {dag.py:4180} INFO - Setting next_dagrun for tutorial_objectstorage to None, run_after=None
[2026-07-20T08:23:44.193+0000] {processor.py:208} INFO - Processing /home/airflow/.local/lib/python3.12/site-packages/airflow/example_dags/tutorial_objectstorage.py took 0.102 seconds
[2026-07-20T08:24:14.516+0000] {processor.py:186} INFO - Started process (PID=499) to work on /home/airflow/.local/lib/python3.12/site-packages/airflow/example_dags/tutorial_objectstorage.py
[2026-07-20T08:24:14.518+0000] {processor.py:914} INFO - Processing file /home/airflow/.local/lib/python3.12/site-packages/airflow/example_dags/tutorial_objectstorage.py for tasks to queue
[2026-07-20T08:24:14.521+0000] {logging_mixin.py:190} INFO - [2026-07-20T08:24:14.521+0000] {dagbag.py:588} INFO - Filling up the DagBag from /home/airflow/.local/lib/python3.12/site-packages/airflow/example_dags/tutorial_objectstorage.py
[2026-07-20T08:24:14.533+0000] {processor.py:925} INFO - DAG(s) 'tutorial_objectstorage' retrieved from /home/airflow/.local/lib/python3.12/site-packages/airflow/example_dags/tutorial_objectstorage.py
[2026-07-20T08:24:14.557+0000] {logging_mixin.py:190} INFO - [2026-07-20T08:24:14.557+0000] {dag.py:3239} INFO - Sync 1 DAGs
[2026-07-20T08:24:14.574+0000] {logging_mixin.py:190} INFO - [2026-07-20T08:24:14.574+0000] {dag.py:4180} INFO - Setting next_dagrun for tutorial_objectstorage to None, run_after=None
[2026-07-20T08:24:14.596+0000] {processor.py:208} INFO - Processing /home/airflow/.local/lib/python3.12/site-packages/airflow/example_dags/tutorial_objectstorage.py took 0.087 seconds
[2026-07-20T08:24:44.772+0000] {processor.py:186} INFO - Started process (PID=562) to work on /home/airflow/.local/lib/python3.12/site-packages/airflow/example_dags/tutorial_objectstorage.py
[2026-07-20T08:24:44.774+0000] {processor.py:914} INFO - Processing file /home/airflow/.local/lib/python3.12/site-packages/airflow/example_dags/tutorial_objectstorage.py for tasks to queue
[2026-07-20T08:24:44.777+0000] {logging_mixin.py:190} INFO - [2026-07-20T08:24:44.776+0000] {dagbag.py:588} INFO - Filling up the DagBag from /home/airflow/.local/lib/python3.12/site-packages/airflow/example_dags/tutorial_objectstorage.py
[2026-07-20T08:24:44.788+0000] {processor.py:925} INFO - DAG(s) 'tutorial_objectstorage' retrieved from /home/airflow/.local/lib/python3.12/site-packages/airflow/example_dags/tutorial_objectstorage.py
[2026-07-20T08:24:44.811+0000] {logging_mixin.py:190} INFO - [2026-07-20T08:24:44.811+0000] {dag.py:3239} INFO - Sync 1 DAGs
[2026-07-20T08:24:44.832+0000] {logging_mixin.py:190} INFO - [2026-07-20T08:24:44.831+0000] {dag.py:4180} INFO - Setting next_dagrun for tutorial_objectstorage to None, run_after=None
[2026-07-20T08:24:44.857+0000] {processor.py:208} INFO - Processing /home/airflow/.local/lib/python3.12/site-packages/airflow/example_dags/tutorial_objectstorage.py took 0.093 seconds
