[2026-07-20T08:21:06.238+0000] {processor.py:186} INFO - Started process (PID=107) to work on /home/airflow/.local/lib/python3.12/site-packages/airflow/example_dags/tutorial_dag.py
[2026-07-20T08:21:06.240+0000] {processor.py:914} INFO - Processing file /home/airflow/.local/lib/python3.12/site-packages/airflow/example_dags/tutorial_dag.py for tasks to queue
[2026-07-20T08:21:06.244+0000] {logging_mixin.py:190} INFO - [2026-07-20T08:21:06.244+0000] {dagbag.py:588} INFO - Filling up the DagBag from /home/airflow/.local/lib/python3.12/site-packages/airflow/example_dags/tutorial_dag.py
[2026-07-20T08:21:06.258+0000] {processor.py:925} INFO - DAG(s) 'tutorial_dag' retrieved from /home/airflow/.local/lib/python3.12/site-packages/airflow/example_dags/tutorial_dag.py
[2026-07-20T08:21:06.413+0000] {logging_mixin.py:190} INFO - [2026-07-20T08:21:06.412+0000] {override.py:1912} INFO - Created Permission View: can read on DAG:tutorial_dag
[2026-07-20T08:21:06.430+0000] {logging_mixin.py:190} INFO - [2026-07-20T08:21:06.429+0000] {override.py:1912} INFO - Created Permission View: can delete on DAG:tutorial_dag
[2026-07-20T08:21:06.441+0000] {logging_mixin.py:190} INFO - [2026-07-20T08:21:06.441+0000] {override.py:1912} INFO - Created Permission View: can edit on DAG:tutorial_dag
[2026-07-20T08:21:06.455+0000] {logging_mixin.py:190} INFO - [2026-07-20T08:21:06.454+0000] {override.py:1912} INFO - Created Permission View: menu access on DAG Run:tutorial_dag
[2026-07-20T08:21:06.467+0000] {logging_mixin.py:190} INFO - [2026-07-20T08:21:06.466+0000] {override.py:1912} INFO - Created Permission View: can read on DAG Run:tutorial_dag
[2026-07-20T08:21:06.477+0000] {logging_mixin.py:190} INFO - [2026-07-20T08:21:06.477+0000] {override.py:1912} INFO - Created Permission View: can delete on DAG Run:tutorial_dag
[2026-07-20T08:21:06.488+0000] {logging_mixin.py:190} INFO - [2026-07-20T08:21:06.488+0000] {override.py:1912} INFO - Created Permission View: can create on DAG Run:tutorial_dag
[2026-07-20T08:21:06.489+0000] {logging_mixin.py:190} INFO - [2026-07-20T08:21:06.489+0000] {dag.py:3239} INFO - Sync 1 DAGs
[2026-07-20T08:21:06.510+0000] {logging_mixin.py:190} INFO - [2026-07-20T08:21:06.509+0000] {dag.py:3262} INFO - Creating ORM DAG for tutorial_dag
[2026-07-20T08:21:06.511+0000] {logging_mixin.py:190} INFO - [2026-07-20T08:21:06.511+0000] {dag.py:4180} INFO - Setting next_dagrun for tutorial_dag to None, run_after=None
[2026-07-20T08:21:06.536+0000] {processor.py:208} INFO - Processing /home/airflow/.local/lib/python3.12/site-packages/airflow/example_dags/tutorial_dag.py took 0.307 seconds
[2026-07-20T08:21:36.879+0000] {processor.py:186} INFO - Started process (PID=170) to work on /home/airflow/.local/lib/python3.12/site-packages/airflow/example_dags/tutorial_dag.py
[2026-07-20T08:21:36.881+0000] {processor.py:914} INFO - Processing file /home/airflow/.local/lib/python3.12/site-packages/airflow/example_dags/tutorial_dag.py for tasks to queue
[2026-07-20T08:21:36.885+0000] {logging_mixin.py:190} INFO - [2026-07-20T08:21:36.885+0000] {dagbag.py:588} INFO - Filling up the DagBag from /home/airflow/.local/lib/python3.12/site-packages/airflow/example_dags/tutorial_dag.py
[2026-07-20T08:21:36.897+0000] {processor.py:925} INFO - DAG(s) 'tutorial_dag' retrieved from /home/airflow/.local/lib/python3.12/site-packages/airflow/example_dags/tutorial_dag.py
[2026-07-20T08:21:36.927+0000] {logging_mixin.py:190} INFO - [2026-07-20T08:21:36.926+0000] {dag.py:3239} INFO - Sync 1 DAGs
[2026-07-20T08:21:36.950+0000] {logging_mixin.py:190} INFO - [2026-07-20T08:21:36.950+0000] {dag.py:4180} INFO - Setting next_dagrun for tutorial_dag to None, run_after=None
[2026-07-20T08:21:36.976+0000] {processor.py:208} INFO - Processing /home/airflow/.local/lib/python3.12/site-packages/airflow/example_dags/tutorial_dag.py took 0.104 seconds
[2026-07-20T08:22:07.978+0000] {processor.py:186} INFO - Started process (PID=233) to work on /home/airflow/.local/lib/python3.12/site-packages/airflow/example_dags/tutorial_dag.py
[2026-07-20T08:22:07.980+0000] {processor.py:914} INFO - Processing file /home/airflow/.local/lib/python3.12/site-packages/airflow/example_dags/tutorial_dag.py for tasks to queue
[2026-07-20T08:22:07.983+0000] {logging_mixin.py:190} INFO - [2026-07-20T08:22:07.982+0000] {dagbag.py:588} INFO - Filling up the DagBag from /home/airflow/.local/lib/python3.12/site-packages/airflow/example_dags/tutorial_dag.py
[2026-07-20T08:22:07.991+0000] {processor.py:925} INFO - DAG(s) 'tutorial_dag' retrieved from /home/airflow/.local/lib/python3.12/site-packages/airflow/example_dags/tutorial_dag.py
[2026-07-20T08:22:08.014+0000] {logging_mixin.py:190} INFO - [2026-07-20T08:22:08.014+0000] {dag.py:3239} INFO - Sync 1 DAGs
[2026-07-20T08:22:08.031+0000] {logging_mixin.py:190} INFO - [2026-07-20T08:22:08.031+0000] {dag.py:4180} INFO - Setting next_dagrun for tutorial_dag to None, run_after=None
[2026-07-20T08:22:08.053+0000] {processor.py:208} INFO - Processing /home/airflow/.local/lib/python3.12/site-packages/airflow/example_dags/tutorial_dag.py took 0.081 seconds
[2026-07-20T08:22:39.127+0000] {processor.py:186} INFO - Started process (PID=296) to work on /home/airflow/.local/lib/python3.12/site-packages/airflow/example_dags/tutorial_dag.py
[2026-07-20T08:22:39.129+0000] {processor.py:914} INFO - Processing file /home/airflow/.local/lib/python3.12/site-packages/airflow/example_dags/tutorial_dag.py for tasks to queue
[2026-07-20T08:22:39.134+0000] {logging_mixin.py:190} INFO - [2026-07-20T08:22:39.133+0000] {dagbag.py:588} INFO - Filling up the DagBag from /home/airflow/.local/lib/python3.12/site-packages/airflow/example_dags/tutorial_dag.py
[2026-07-20T08:22:39.151+0000] {processor.py:925} INFO - DAG(s) 'tutorial_dag' retrieved from /home/airflow/.local/lib/python3.12/site-packages/airflow/example_dags/tutorial_dag.py
[2026-07-20T08:22:39.193+0000] {logging_mixin.py:190} INFO - [2026-07-20T08:22:39.193+0000] {dag.py:3239} INFO - Sync 1 DAGs
[2026-07-20T08:22:39.224+0000] {logging_mixin.py:190} INFO - [2026-07-20T08:22:39.223+0000] {dag.py:4180} INFO - Setting next_dagrun for tutorial_dag to None, run_after=None
[2026-07-20T08:22:39.265+0000] {processor.py:208} INFO - Processing /home/airflow/.local/lib/python3.12/site-packages/airflow/example_dags/tutorial_dag.py took 0.149 seconds
[2026-07-20T08:23:09.330+0000] {processor.py:186} INFO - Started process (PID=359) to work on /home/airflow/.local/lib/python3.12/site-packages/airflow/example_dags/tutorial_dag.py
[2026-07-20T08:23:09.331+0000] {processor.py:914} INFO - Processing file /home/airflow/.local/lib/python3.12/site-packages/airflow/example_dags/tutorial_dag.py for tasks to queue
[2026-07-20T08:23:09.334+0000] {logging_mixin.py:190} INFO - [2026-07-20T08:23:09.334+0000] {dagbag.py:588} INFO - Filling up the DagBag from /home/airflow/.local/lib/python3.12/site-packages/airflow/example_dags/tutorial_dag.py
[2026-07-20T08:23:09.343+0000] {processor.py:925} INFO - DAG(s) 'tutorial_dag' retrieved from /home/airflow/.local/lib/python3.12/site-packages/airflow/example_dags/tutorial_dag.py
[2026-07-20T08:23:09.368+0000] {logging_mixin.py:190} INFO - [2026-07-20T08:23:09.368+0000] {dag.py:3239} INFO - Sync 1 DAGs
[2026-07-20T08:23:09.389+0000] {logging_mixin.py:190} INFO - [2026-07-20T08:23:09.389+0000] {dag.py:4180} INFO - Setting next_dagrun for tutorial_dag to None, run_after=None
[2026-07-20T08:23:09.413+0000] {processor.py:208} INFO - Processing /home/airflow/.local/lib/python3.12/site-packages/airflow/example_dags/tutorial_dag.py took 0.089 seconds
[2026-07-20T08:23:39.755+0000] {processor.py:186} INFO - Started process (PID=422) to work on /home/airflow/.local/lib/python3.12/site-packages/airflow/example_dags/tutorial_dag.py
[2026-07-20T08:23:39.756+0000] {processor.py:914} INFO - Processing file /home/airflow/.local/lib/python3.12/site-packages/airflow/example_dags/tutorial_dag.py for tasks to queue
[2026-07-20T08:23:39.762+0000] {logging_mixin.py:190} INFO - [2026-07-20T08:23:39.760+0000] {dagbag.py:588} INFO - Filling up the DagBag from /home/airflow/.local/lib/python3.12/site-packages/airflow/example_dags/tutorial_dag.py
[2026-07-20T08:23:39.774+0000] {processor.py:925} INFO - DAG(s) 'tutorial_dag' retrieved from /home/airflow/.local/lib/python3.12/site-packages/airflow/example_dags/tutorial_dag.py
[2026-07-20T08:23:39.801+0000] {logging_mixin.py:190} INFO - [2026-07-20T08:23:39.800+0000] {dag.py:3239} INFO - Sync 1 DAGs
[2026-07-20T08:23:39.822+0000] {logging_mixin.py:190} INFO - [2026-07-20T08:23:39.821+0000] {dag.py:4180} INFO - Setting next_dagrun for tutorial_dag to None, run_after=None
[2026-07-20T08:23:39.847+0000] {processor.py:208} INFO - Processing /home/airflow/.local/lib/python3.12/site-packages/airflow/example_dags/tutorial_dag.py took 0.102 seconds
[2026-07-20T08:24:10.271+0000] {processor.py:186} INFO - Started process (PID=485) to work on /home/airflow/.local/lib/python3.12/site-packages/airflow/example_dags/tutorial_dag.py
[2026-07-20T08:24:10.272+0000] {processor.py:914} INFO - Processing file /home/airflow/.local/lib/python3.12/site-packages/airflow/example_dags/tutorial_dag.py for tasks to queue
[2026-07-20T08:24:10.277+0000] {logging_mixin.py:190} INFO - [2026-07-20T08:24:10.276+0000] {dagbag.py:588} INFO - Filling up the DagBag from /home/airflow/.local/lib/python3.12/site-packages/airflow/example_dags/tutorial_dag.py
[2026-07-20T08:24:10.288+0000] {processor.py:925} INFO - DAG(s) 'tutorial_dag' retrieved from /home/airflow/.local/lib/python3.12/site-packages/airflow/example_dags/tutorial_dag.py
[2026-07-20T08:24:10.315+0000] {logging_mixin.py:190} INFO - [2026-07-20T08:24:10.315+0000] {dag.py:3239} INFO - Sync 1 DAGs
[2026-07-20T08:24:10.337+0000] {logging_mixin.py:190} INFO - [2026-07-20T08:24:10.337+0000] {dag.py:4180} INFO - Setting next_dagrun for tutorial_dag to None, run_after=None
[2026-07-20T08:24:10.363+0000] {processor.py:208} INFO - Processing /home/airflow/.local/lib/python3.12/site-packages/airflow/example_dags/tutorial_dag.py took 0.101 seconds
[2026-07-20T08:24:41.093+0000] {processor.py:186} INFO - Started process (PID=548) to work on /home/airflow/.local/lib/python3.12/site-packages/airflow/example_dags/tutorial_dag.py
[2026-07-20T08:24:41.095+0000] {processor.py:914} INFO - Processing file /home/airflow/.local/lib/python3.12/site-packages/airflow/example_dags/tutorial_dag.py for tasks to queue
[2026-07-20T08:24:41.099+0000] {logging_mixin.py:190} INFO - [2026-07-20T08:24:41.099+0000] {dagbag.py:588} INFO - Filling up the DagBag from /home/airflow/.local/lib/python3.12/site-packages/airflow/example_dags/tutorial_dag.py
[2026-07-20T08:24:41.112+0000] {processor.py:925} INFO - DAG(s) 'tutorial_dag' retrieved from /home/airflow/.local/lib/python3.12/site-packages/airflow/example_dags/tutorial_dag.py
[2026-07-20T08:24:41.143+0000] {logging_mixin.py:190} INFO - [2026-07-20T08:24:41.143+0000] {dag.py:3239} INFO - Sync 1 DAGs
[2026-07-20T08:24:41.166+0000] {logging_mixin.py:190} INFO - [2026-07-20T08:24:41.165+0000] {dag.py:4180} INFO - Setting next_dagrun for tutorial_dag to None, run_after=None
[2026-07-20T08:24:41.195+0000] {processor.py:208} INFO - Processing /home/airflow/.local/lib/python3.12/site-packages/airflow/example_dags/tutorial_dag.py took 0.109 seconds
[2026-07-20T08:25:30.751+0000] {processor.py:186} INFO - Started process (PID=82) to work on /home/airflow/.local/lib/python3.12/site-packages/airflow/example_dags/tutorial_dag.py
[2026-07-20T08:25:30.756+0000] {processor.py:914} INFO - Processing file /home/airflow/.local/lib/python3.12/site-packages/airflow/example_dags/tutorial_dag.py for tasks to queue
[2026-07-20T08:25:30.765+0000] {logging_mixin.py:190} INFO - [2026-07-20T08:25:30.764+0000] {dagbag.py:588} INFO - Filling up the DagBag from /home/airflow/.local/lib/python3.12/site-packages/airflow/example_dags/tutorial_dag.py
[2026-07-20T08:25:30.787+0000] {processor.py:925} INFO - DAG(s) 'tutorial_dag' retrieved from /home/airflow/.local/lib/python3.12/site-packages/airflow/example_dags/tutorial_dag.py
[2026-07-20T08:25:30.862+0000] {logging_mixin.py:190} INFO - [2026-07-20T08:25:30.861+0000] {dag.py:3239} INFO - Sync 1 DAGs
[2026-07-20T08:25:30.909+0000] {logging_mixin.py:190} INFO - [2026-07-20T08:25:30.908+0000] {dag.py:4180} INFO - Setting next_dagrun for tutorial_dag to None, run_after=None
[2026-07-20T08:25:30.946+0000] {processor.py:208} INFO - Processing /home/airflow/.local/lib/python3.12/site-packages/airflow/example_dags/tutorial_dag.py took 0.208 seconds
