[2026-08-09T14:01:25.780+0000] {local_task_job_runner.py:123} INFO - ::group::Pre task execution logs
[2026-08-09T14:01:25.800+0000] {taskinstance.py:2614} INFO - Dependencies all met for dep_context=non-requeueable deps ti=<TaskInstance: brewline_pipeline_bigquery.dbt_run_bigquery backfill__2026-07-18T00:00:00+00:00 [queued]>
[2026-08-09T14:01:25.809+0000] {taskinstance.py:2614} INFO - Dependencies all met for dep_context=requeueable deps ti=<TaskInstance: brewline_pipeline_bigquery.dbt_run_bigquery backfill__2026-07-18T00:00:00+00:00 [queued]>
[2026-08-09T14:01:25.810+0000] {taskinstance.py:2867} INFO - Starting attempt 1 of 1
[2026-08-09T14:01:25.896+0000] {taskinstance.py:2890} INFO - Executing <Task(DockerOperator): dbt_run_bigquery> on 2026-07-18 00:00:00+00:00
[2026-08-09T14:01:25.911+0000] {warnings.py:112} WARNING - /home/***/.local/lib/python3.12/site-packages/***/task/task_runner/standard_task_runner.py:70: DeprecationWarning: This process (pid=347) is multi-threaded, use of fork() may lead to deadlocks in the child.
  pid = os.fork()

[2026-08-09T14:01:25.913+0000] {standard_task_runner.py:104} INFO - Running: ['***', 'tasks', 'run', 'brewline_pipeline_bigquery', 'dbt_run_bigquery', 'backfill__2026-07-18T00:00:00+00:00', '--job-id', '30', '--pool', 'default_pool', '--raw', '--subdir', 'DAGS_FOLDER/brewline_pipeline_bigquery_dag.py', '--cfg-path', '/tmp/tmpfri7yb1t']
[2026-08-09T14:01:25.914+0000] {standard_task_runner.py:72} INFO - Started process 349 to run task
[2026-08-09T14:01:25.915+0000] {standard_task_runner.py:105} INFO - Job 30: Subtask dbt_run_bigquery
[2026-08-09T14:01:25.973+0000] {task_command.py:467} INFO - Running <TaskInstance: brewline_pipeline_bigquery.dbt_run_bigquery backfill__2026-07-18T00:00:00+00:00 [running]> on host 5224a343584d
[2026-08-09T14:01:26.066+0000] {taskinstance.py:3134} INFO - Exporting env vars: AIRFLOW_CTX_DAG_OWNER='***' AIRFLOW_CTX_DAG_ID='brewline_pipeline_bigquery' AIRFLOW_CTX_TASK_ID='dbt_run_bigquery' AIRFLOW_CTX_EXECUTION_DATE='2026-07-18T00:00:00+00:00' AIRFLOW_CTX_TRY_NUMBER='1' AIRFLOW_CTX_DAG_RUN_ID='backfill__2026-07-18T00:00:00+00:00'
[2026-08-09T14:01:26.069+0000] {logging_mixin.py:190} INFO - Task instance is in running state
[2026-08-09T14:01:26.070+0000] {logging_mixin.py:190} INFO -  Previous state of the Task instance: queued
[2026-08-09T14:01:26.071+0000] {logging_mixin.py:190} INFO - Current task name:dbt_run_bigquery state:running start_date:2026-08-09 14:01:25.800930+00:00
[2026-08-09T14:01:26.072+0000] {logging_mixin.py:190} INFO - Dag name:brewline_pipeline_bigquery and current dag run status:running
[2026-08-09T14:01:26.073+0000] {taskinstance.py:732} INFO - ::endgroup::
[2026-08-09T14:01:26.133+0000] {docker.py:345} INFO - Starting docker container from image brewline-dbt:latest
[2026-08-09T14:01:28.197+0000] {docker.py:69} INFO - [0m14:01:28  Running with dbt=1.12.0
[2026-08-09T14:01:28.688+0000] {docker.py:69} INFO - [0m14:01:28  Installing dbt-labs/dbt_utils
[2026-08-09T14:01:33.197+0000] {docker.py:69} INFO - [0m14:01:33  Installed from version 1.4.1
[2026-08-09T14:01:33.198+0000] {docker.py:69} INFO - [0m14:01:33  Up to date!
[2026-08-09T14:01:36.359+0000] {docker.py:69} INFO - [0m14:01:36  Running with dbt=1.12.0
[2026-08-09T14:01:37.588+0000] {docker.py:69} INFO - [0m14:01:37  Registered adapter: bigquery=1.12.0
[2026-08-09T14:01:38.786+0000] {docker.py:69} INFO - [0m14:01:38  Found 9 models, 52 data tests, 2 seeds, 5 sources, 699 macros
[2026-08-09T14:01:38.793+0000] {docker.py:69} INFO - [0m14:01:38
[2026-08-09T14:01:38.794+0000] {docker.py:69} INFO - [0m14:01:38  Concurrency: 4 threads (target='bigquery')
[2026-08-09T14:01:38.795+0000] {docker.py:69} INFO - [0m14:01:38
[2026-08-09T14:01:38.812+0000] {docker.py:69} INFO - WARNING:google.auth._default:No project ID could be determined. Consider running `gcloud config set project` or setting the GOOGLE_CLOUD_PROJECT environment variable
[2026-08-09T14:01:38.813+0000] {docker.py:69} INFO - WARNING:google.auth._default:No project ID could be determined. Consider running `gcloud config set project` or setting the GOOGLE_CLOUD_PROJECT environment variable
[2026-08-09T14:01:39.749+0000] {docker.py:69} INFO - [0m14:01:39  1 of 9 START sql incremental model silver.stg_customers ........................ [RUN]
[2026-08-09T14:01:39.751+0000] {docker.py:69} INFO - [0m14:01:39  2 of 9 START sql incremental model silver.stg_orders ........................... [RUN]
[2026-08-09T14:01:39.752+0000] {docker.py:69} INFO - [0m14:01:39  3 of 9 START sql incremental model silver.stg_refunds .......................... [RUN]
[2026-08-09T14:01:39.754+0000] {docker.py:69} INFO - [0m14:01:39  4 of 9 START sql table model silver.stg_subscriptions .......................... [RUN]
[2026-08-09T14:01:41.304+0000] {docker.py:69} INFO - [0m14:01:41  4 of 9 OK created sql table model silver.stg_subscriptions ..................... [[32mCREATE TABLE (38.0 rows, 2.9 KiB processed)[0m in 1.54s]
[2026-08-09T14:01:41.309+0000] {docker.py:69} INFO - [0m14:01:41  5 of 9 START sql table model gold.fact_subscription_churn ...................... [RUN]
[2026-08-09T14:01:41.472+0000] {docker.py:69} INFO - [0m14:01:41  1 of 9 OK created sql incremental model silver.stg_customers ................... [[32mMERGE (46.0 rows, 38.8 KiB processed)[0m in 1.71s]
[2026-08-09T14:01:41.744+0000] {docker.py:69} INFO - [0m14:01:41  2 of 9 OK created sql incremental model silver.stg_orders ...................... [[32mMERGE (63.0 rows, 71.9 KiB processed)[0m in 1.99s]
[2026-08-09T14:01:41.749+0000] {docker.py:69} INFO - [0m14:01:41  6 of 9 START sql table model gold.fact_customer_health ......................... [RUN]
[2026-08-09T14:01:41.750+0000] {docker.py:69} INFO - [0m14:01:41  7 of 9 START sql table model gold.fact_customer_rfm ............................ [RUN]
[2026-08-09T14:01:42.017+0000] {docker.py:69} INFO - [0m14:01:42  3 of 9 OK created sql incremental model silver.stg_refunds ..................... [[32mMERGE (3.0 rows, 50.4 KiB processed)[0m in 2.26s]
[2026-08-09T14:01:42.023+0000] {docker.py:69} INFO - [0m14:01:42  8 of 9 START sql table model gold.fact_weekly_revenue .......................... [RUN]
[2026-08-09T14:01:42.854+0000] {docker.py:69} INFO - [0m14:01:42  5 of 9 OK created sql table model gold.fact_subscription_churn ................. [[32mCREATE TABLE (35.0 rows, 1.9 KiB processed)[0m in 1.54s]
[2026-08-09T14:01:42.859+0000] {docker.py:69} INFO - [0m14:01:42  9 of 9 START sql table model gold.fact_refund_alerts ........................... [RUN]
[2026-08-09T14:01:43.293+0000] {docker.py:69} INFO - [0m14:01:43  6 of 9 OK created sql table model gold.fact_customer_health .................... [[32mCREATE TABLE (149.0 rows, 24.5 KiB processed)[0m in 1.54s]
[2026-08-09T14:01:43.446+0000] {docker.py:69} INFO - [0m14:01:43  8 of 9 OK created sql table model gold.fact_weekly_revenue ..................... [[32mCREATE TABLE (6.0 rows, 18.5 KiB processed)[0m in 1.42s]
[2026-08-09T14:01:43.833+0000] {docker.py:69} INFO - [0m14:01:43  7 of 9 OK created sql table model gold.fact_customer_rfm ....................... [[32mCREATE TABLE (149.0 rows, 31.3 KiB processed)[0m in 2.08s]
[2026-08-09T14:01:44.903+0000] {docker.py:69} INFO - [0m14:01:44  9 of 9 OK created sql table model gold.fact_refund_alerts ...................... [[32mCREATE TABLE (15.0 rows, 5.3 KiB processed)[0m in 2.04s]
[2026-08-09T14:01:44.918+0000] {docker.py:69} INFO - [0m14:01:44
[2026-08-09T14:01:44.920+0000] {docker.py:69} INFO - [0m14:01:44  Finished running 3 incremental models, 6 table models in 0 hours 0 minutes and 6.12 seconds (6.12s).
[2026-08-09T14:01:45.106+0000] {docker.py:69} INFO - [0m14:01:45
[2026-08-09T14:01:45.108+0000] {docker.py:69} INFO - [0m14:01:45  [32mCompleted successfully[0m
[2026-08-09T14:01:45.109+0000] {docker.py:69} INFO - [0m14:01:45
[2026-08-09T14:01:45.111+0000] {docker.py:69} INFO - [0m14:01:45  Done. PASS=9 WARN=0 ERROR=0 SKIP=0 NO-OP=0 REUSED=0 TOTAL=9
[2026-08-09T14:01:47.276+0000] {taskinstance.py:341} INFO - ::group::Post task execution logs
[2026-08-09T14:01:47.277+0000] {taskinstance.py:353} INFO - Marking task as SUCCESS. dag_id=brewline_pipeline_bigquery, task_id=dbt_run_bigquery, run_id=backfill__2026-07-18T00:00:00+00:00, execution_date=20260718T000000, start_date=20260809T140125, end_date=20260809T140147
[2026-08-09T14:01:47.308+0000] {logging_mixin.py:190} INFO - Task instance in success state
[2026-08-09T14:01:47.309+0000] {logging_mixin.py:190} INFO -  Previous state of the Task instance: running
[2026-08-09T14:01:47.310+0000] {logging_mixin.py:190} INFO - Dag name:brewline_pipeline_bigquery queued_at:None
[2026-08-09T14:01:47.311+0000] {logging_mixin.py:190} INFO - Task hostname:5224a343584d operator:DockerOperator
[2026-08-09T14:01:47.351+0000] {local_task_job_runner.py:266} INFO - Task exited with return code 0
[2026-08-09T14:01:47.369+0000] {taskinstance.py:3901} INFO - 1 downstream tasks scheduled from follow-on schedule check
[2026-08-09T14:01:47.372+0000] {local_task_job_runner.py:245} INFO - ::endgroup::
