[2026-08-11T07:27:08.278+0000] {local_task_job_runner.py:123} INFO - ::group::Pre task execution logs
[2026-08-11T07:27:08.297+0000] {taskinstance.py:2614} INFO - Dependencies all met for dep_context=non-requeueable deps ti=<TaskInstance: brewline_pipeline.bronze_ingest manual__2026-08-11T07:27:05.750699+00:00 [queued]>
[2026-08-11T07:27:08.307+0000] {taskinstance.py:2614} INFO - Dependencies all met for dep_context=requeueable deps ti=<TaskInstance: brewline_pipeline.bronze_ingest manual__2026-08-11T07:27:05.750699+00:00 [queued]>
[2026-08-11T07:27:08.308+0000] {taskinstance.py:2867} INFO - Starting attempt 1 of 1
[2026-08-11T07:27:08.322+0000] {taskinstance.py:2890} INFO - Executing <Task(DockerOperator): bronze_ingest> on 2026-08-11 07:27:05.750699+00:00
[2026-08-11T07:27:08.331+0000] {warnings.py:112} WARNING - /home/***/.local/lib/python3.12/site-packages/***/task/task_runner/standard_task_runner.py:70: DeprecationWarning: This process (pid=2725) is multi-threaded, use of fork() may lead to deadlocks in the child.
  pid = os.fork()

[2026-08-11T07:27:08.333+0000] {standard_task_runner.py:104} INFO - Running: ['***', 'tasks', 'run', 'brewline_pipeline', 'bronze_ingest', 'manual__2026-08-11T07:27:05.750699+00:00', '--job-id', '182', '--raw', '--subdir', 'DAGS_FOLDER/brewline_pipeline_dag.py', '--cfg-path', '/tmp/tmpme0or_kn']
[2026-08-11T07:27:08.334+0000] {standard_task_runner.py:72} INFO - Started process 2727 to run task
[2026-08-11T07:27:08.334+0000] {standard_task_runner.py:105} INFO - Job 182: Subtask bronze_ingest
[2026-08-11T07:27:08.390+0000] {task_command.py:467} INFO - Running <TaskInstance: brewline_pipeline.bronze_ingest manual__2026-08-11T07:27:05.750699+00:00 [running]> on host 5224a343584d
[2026-08-11T07:27:08.515+0000] {taskinstance.py:3134} INFO - Exporting env vars: AIRFLOW_CTX_DAG_OWNER='***' AIRFLOW_CTX_DAG_ID='brewline_pipeline' AIRFLOW_CTX_TASK_ID='bronze_ingest' AIRFLOW_CTX_EXECUTION_DATE='2026-08-11T07:27:05.750699+00:00' AIRFLOW_CTX_TRY_NUMBER='1' AIRFLOW_CTX_DAG_RUN_ID='manual__2026-08-11T07:27:05.750699+00:00'
[2026-08-11T07:27:08.518+0000] {logging_mixin.py:190} INFO - Task instance is in running state
[2026-08-11T07:27:08.519+0000] {logging_mixin.py:190} INFO -  Previous state of the Task instance: queued
[2026-08-11T07:27:08.520+0000] {logging_mixin.py:190} INFO - Current task name:bronze_ingest state:running start_date:2026-08-11 07:27:08.298706+00:00
[2026-08-11T07:27:08.521+0000] {logging_mixin.py:190} INFO - Dag name:brewline_pipeline and current dag run status:running
[2026-08-11T07:27:08.522+0000] {taskinstance.py:732} INFO - ::endgroup::
[2026-08-11T07:27:08.589+0000] {docker.py:345} INFO - Starting docker container from image brewline-bronze:latest
[2026-08-11T07:27:10.074+0000] {docker.py:69} INFO - 2026-08-11 07:27:10,073 [INFO] bronze: bronze.shopify_orders              2508 rows  (all days combined)
[2026-08-11T07:27:10.522+0000] {docker.py:69} INFO - 2026-08-11 07:27:10,521 [INFO] bronze: bronze.square_transactions         2427 rows  (all days combined)
[2026-08-11T07:27:10.594+0000] {docker.py:69} INFO - 2026-08-11 07:27:10,593 [INFO] bronze: bronze.recharge_subscriptions        38 rows  (latest snapshot)
[2026-08-11T07:27:10.878+0000] {docker.py:69} INFO - 2026-08-11 07:27:10,877 [INFO] bronze: bronze.zendesk_tickets               70 rows  (all days combined)
[2026-08-11T07:27:11.313+0000] {docker.py:69} INFO - 2026-08-11 07:27:11,312 [INFO] bronze: bronze.shipstation_shipments       2088 rows  (all days combined)
[2026-08-11T07:27:11.402+0000] {docker.py:69} INFO - 2026-08-11 07:27:11,400 [INFO] bronze: Bronze ingestion complete.
[2026-08-11T07:27:11.790+0000] {taskinstance.py:341} INFO - ::group::Post task execution logs
[2026-08-11T07:27:11.791+0000] {taskinstance.py:353} INFO - Marking task as SUCCESS. dag_id=brewline_pipeline, task_id=bronze_ingest, run_id=manual__2026-08-11T07:27:05.750699+00:00, execution_date=20260811T072705, start_date=20260811T072708, end_date=20260811T072711
[2026-08-11T07:27:11.832+0000] {logging_mixin.py:190} INFO - Task instance in success state
[2026-08-11T07:27:11.834+0000] {logging_mixin.py:190} INFO -  Previous state of the Task instance: running
[2026-08-11T07:27:11.836+0000] {logging_mixin.py:190} INFO - Dag name:brewline_pipeline queued_at:2026-08-11 07:27:05.765457+00:00
[2026-08-11T07:27:11.837+0000] {logging_mixin.py:190} INFO - Task hostname:5224a343584d operator:DockerOperator
[2026-08-11T07:27:11.882+0000] {local_task_job_runner.py:266} INFO - Task exited with return code 0
[2026-08-11T07:27:11.892+0000] {local_task_job_runner.py:245} INFO - ::endgroup::
