[2026-08-11T06:24:48.849+0000] {local_task_job_runner.py:123} INFO - ::group::Pre task execution logs
[2026-08-11T06:24:48.870+0000] {taskinstance.py:2614} INFO - Dependencies all met for dep_context=non-requeueable deps ti=<TaskInstance: brewline_pipeline_bigquery.dbt_run_bigquery backfill__2026-08-07T00:00:00+00:00 [queued]>
[2026-08-11T06:24:48.880+0000] {taskinstance.py:2614} INFO - Dependencies all met for dep_context=requeueable deps ti=<TaskInstance: brewline_pipeline_bigquery.dbt_run_bigquery backfill__2026-08-07T00:00:00+00:00 [queued]>
[2026-08-11T06:24:48.881+0000] {taskinstance.py:2867} INFO - Starting attempt 1 of 1
[2026-08-11T06:24:48.896+0000] {taskinstance.py:2890} INFO - Executing <Task(DockerOperator): dbt_run_bigquery> on 2026-08-07 00:00:00+00:00
[2026-08-11T06:24:48.905+0000] {warnings.py:112} WARNING - /home/***/.local/lib/python3.12/site-packages/***/task/task_runner/standard_task_runner.py:70: DeprecationWarning: This process (pid=1855) is multi-threaded, use of fork() may lead to deadlocks in the child.
  pid = os.fork()

[2026-08-11T06:24:48.907+0000] {standard_task_runner.py:72} INFO - Started process 1857 to run task
[2026-08-11T06:24:48.907+0000] {standard_task_runner.py:104} INFO - Running: ['***', 'tasks', 'run', 'brewline_pipeline_bigquery', 'dbt_run_bigquery', 'backfill__2026-08-07T00:00:00+00:00', '--job-id', '163', '--pool', 'default_pool', '--raw', '--subdir', 'DAGS_FOLDER/brewline_pipeline_bigquery_dag.py', '--cfg-path', '/tmp/tmpy7zxa3t9']
[2026-08-11T06:24:48.909+0000] {standard_task_runner.py:105} INFO - Job 163: Subtask dbt_run_bigquery
[2026-08-11T06:24:48.964+0000] {task_command.py:467} INFO - Running <TaskInstance: brewline_pipeline_bigquery.dbt_run_bigquery backfill__2026-08-07T00:00:00+00:00 [running]> on host 5224a343584d
[2026-08-11T06:24:49.070+0000] {taskinstance.py:3134} INFO - Exporting env vars: AIRFLOW_CTX_DAG_OWNER='***' AIRFLOW_CTX_DAG_ID='brewline_pipeline_bigquery' AIRFLOW_CTX_TASK_ID='dbt_run_bigquery' AIRFLOW_CTX_EXECUTION_DATE='2026-08-07T00:00:00+00:00' AIRFLOW_CTX_TRY_NUMBER='1' AIRFLOW_CTX_DAG_RUN_ID='backfill__2026-08-07T00:00:00+00:00'
[2026-08-11T06:24:49.073+0000] {logging_mixin.py:190} INFO - Task instance is in running state
[2026-08-11T06:24:49.074+0000] {logging_mixin.py:190} INFO -  Previous state of the Task instance: queued
[2026-08-11T06:24:49.075+0000] {logging_mixin.py:190} INFO - Current task name:dbt_run_bigquery state:running start_date:2026-08-11 06:24:48.871484+00:00
[2026-08-11T06:24:49.076+0000] {logging_mixin.py:190} INFO - Dag name:brewline_pipeline_bigquery and current dag run status:running
[2026-08-11T06:24:49.077+0000] {taskinstance.py:732} INFO - ::endgroup::
[2026-08-11T06:24:49.151+0000] {docker.py:345} INFO - Starting docker container from image brewline-dbt:latest
[2026-08-11T06:24:51.486+0000] {docker.py:69} INFO - [0m06:24:51  Running with dbt=1.12.0
[2026-08-11T06:24:52.045+0000] {docker.py:69} INFO - [0m06:24:52  Installing dbt-labs/dbt_utils
[2026-08-11T06:24:57.804+0000] {docker.py:69} INFO - [0m06:24:57  Installed from version 1.4.1
[2026-08-11T06:24:57.806+0000] {docker.py:69} INFO - [0m06:24:57  Up to date!
[2026-08-11T06:25:00.934+0000] {docker.py:69} INFO - [0m06:25:00  Running with dbt=1.12.0
[2026-08-11T06:25:02.292+0000] {docker.py:69} INFO - [0m06:25:02  Registered adapter: bigquery=1.12.0
[2026-08-11T06:25:03.643+0000] {docker.py:69} INFO - [0m06:25:03  Found 9 models, 52 data tests, 2 seeds, 5 sources, 699 macros
[2026-08-11T06:25:03.653+0000] {docker.py:69} INFO - [0m06:25:03
[2026-08-11T06:25:03.654+0000] {docker.py:69} INFO - [0m06:25:03  Concurrency: 4 threads (target='bigquery')
[2026-08-11T06:25:03.657+0000] {docker.py:69} INFO - [0m06:25:03
[2026-08-11T06:25:03.681+0000] {docker.py:69} INFO - WARNING:google.auth._default:No project ID could be determined. Consider running `gcloud config set project` or setting the GOOGLE_CLOUD_PROJECT environment variable
[2026-08-11T06:25:03.683+0000] {docker.py:69} INFO - WARNING:google.auth._default:No project ID could be determined. Consider running `gcloud config set project` or setting the GOOGLE_CLOUD_PROJECT environment variable
[2026-08-11T06:25:04.802+0000] {docker.py:69} INFO - [0m06:25:04  1 of 9 START sql incremental model silver.stg_customers ........................ [RUN]
[2026-08-11T06:25:04.805+0000] {docker.py:69} INFO - [0m06:25:04  2 of 9 START sql incremental model silver.stg_orders ........................... [RUN]
[2026-08-11T06:25:04.806+0000] {docker.py:69} INFO - [0m06:25:04  3 of 9 START sql incremental model silver.stg_refunds .......................... [RUN]
[2026-08-11T06:25:04.808+0000] {docker.py:69} INFO - [0m06:25:04  4 of 9 START sql table model silver.stg_subscriptions .......................... [RUN]
[2026-08-11T06:25:06.667+0000] {docker.py:69} INFO - [0m06:25:06  4 of 9 OK created sql table model silver.stg_subscriptions ..................... [[32mCREATE TABLE (38.0 rows, 3.1 KiB processed)[0m in 1.85s]
[2026-08-11T06:25:06.674+0000] {docker.py:69} INFO - [0m06:25:06  5 of 9 START sql table model gold.fact_subscription_churn ...................... [RUN]
[2026-08-11T06:25:07.060+0000] {docker.py:69} INFO - [0m06:25:07  3 of 9 OK created sql incremental model silver.stg_refunds ..................... [[32mMERGE (0.0 rows, 141.9 KiB processed)[0m in 2.25s]
[2026-08-11T06:25:07.091+0000] {docker.py:69} INFO - [0m06:25:07  1 of 9 OK created sql incremental model silver.stg_customers ................... [[32mMERGE (32.0 rows, 98.9 KiB processed)[0m in 2.28s]
[2026-08-11T06:25:07.303+0000] {docker.py:69} INFO - [0m06:25:07  2 of 9 OK created sql incremental model silver.stg_orders ...................... [[32mMERGE (56.0 rows, 227.3 KiB processed)[0m in 2.49s]
[2026-08-11T06:25:07.311+0000] {docker.py:69} INFO - [0m06:25:07  6 of 9 START sql table model gold.fact_customer_health ......................... [RUN]
[2026-08-11T06:25:07.313+0000] {docker.py:69} INFO - [0m06:25:07  7 of 9 START sql table model gold.fact_customer_rfm ............................ [RUN]
[2026-08-11T06:25:07.315+0000] {docker.py:69} INFO - [0m06:25:07  8 of 9 START sql table model gold.fact_refund_alerts ........................... [RUN]
[2026-08-11T06:25:08.331+0000] {docker.py:69} INFO - [0m06:25:08  5 of 9 OK created sql table model gold.fact_subscription_churn ................. [[32mCREATE TABLE (35.0 rows, 2.0 KiB processed)[0m in 1.65s]
[2026-08-11T06:25:08.334+0000] {docker.py:69} INFO - [0m06:25:08  9 of 9 START sql table model gold.fact_weekly_revenue .......................... [RUN]
[2026-08-11T06:25:08.871+0000] {docker.py:69} INFO - [0m06:25:08  6 of 9 OK created sql table model gold.fact_customer_health .................... [[32mCREATE TABLE (160.0 rows, 60.5 KiB processed)[0m in 1.55s]
[2026-08-11T06:25:09.419+0000] {docker.py:69} INFO - [0m06:25:09  7 of 9 OK created sql table model gold.fact_customer_rfm ....................... [[32mCREATE TABLE (160.0 rows, 91.0 KiB processed)[0m in 2.10s]
[2026-08-11T06:25:09.713+0000] {docker.py:69} INFO - [0m06:25:09  8 of 9 OK created sql table model gold.fact_refund_alerts ...................... [[32mCREATE TABLE (34.0 rows, 14.6 KiB processed)[0m in 2.39s]
[2026-08-11T06:25:09.860+0000] {docker.py:69} INFO - [0m06:25:09  9 of 9 OK created sql table model gold.fact_weekly_revenue ..................... [[32mCREATE TABLE (15.0 rows, 65.6 KiB processed)[0m in 1.52s]
[2026-08-11T06:25:09.869+0000] {docker.py:69} INFO - [0m06:25:09
[2026-08-11T06:25:09.870+0000] {docker.py:69} INFO - [0m06:25:09  Finished running 3 incremental models, 6 table models in 0 hours 0 minutes and 6.21 seconds (6.21s).
[2026-08-11T06:25:10.013+0000] {docker.py:69} INFO - [0m06:25:10
[2026-08-11T06:25:10.015+0000] {docker.py:69} INFO - [0m06:25:10  [32mCompleted successfully[0m
[2026-08-11T06:25:10.016+0000] {docker.py:69} INFO - [0m06:25:10
[2026-08-11T06:25:10.017+0000] {docker.py:69} INFO - [0m06:25:10  Done. PASS=9 WARN=0 ERROR=0 SKIP=0 NO-OP=0 REUSED=0 TOTAL=9
[2026-08-11T06:25:12.111+0000] {taskinstance.py:341} INFO - ::group::Post task execution logs
[2026-08-11T06:25:12.113+0000] {taskinstance.py:353} INFO - Marking task as SUCCESS. dag_id=brewline_pipeline_bigquery, task_id=dbt_run_bigquery, run_id=backfill__2026-08-07T00:00:00+00:00, execution_date=20260807T000000, start_date=20260811T062448, end_date=20260811T062512
[2026-08-11T06:25:12.163+0000] {logging_mixin.py:190} INFO - Task instance in success state
[2026-08-11T06:25:12.164+0000] {logging_mixin.py:190} INFO -  Previous state of the Task instance: running
[2026-08-11T06:25:12.166+0000] {logging_mixin.py:190} INFO - Dag name:brewline_pipeline_bigquery queued_at:None
[2026-08-11T06:25:12.167+0000] {logging_mixin.py:190} INFO - Task hostname:5224a343584d operator:DockerOperator
[2026-08-11T06:25:12.219+0000] {local_task_job_runner.py:266} INFO - Task exited with return code 0
[2026-08-11T06:25:12.249+0000] {taskinstance.py:3901} INFO - 1 downstream tasks scheduled from follow-on schedule check
[2026-08-11T06:25:12.252+0000] {local_task_job_runner.py:245} INFO - ::endgroup::
