[2026-08-11T06:25:47.152+0000] {local_task_job_runner.py:123} INFO - ::group::Pre task execution logs
[2026-08-11T06:25:47.168+0000] {taskinstance.py:2614} INFO - Dependencies all met for dep_context=non-requeueable deps ti=<TaskInstance: brewline_pipeline_bigquery.bronze_ingest_bigquery backfill__2026-08-08T00:00:00+00:00 [queued]>
[2026-08-11T06:25:47.176+0000] {taskinstance.py:2614} INFO - Dependencies all met for dep_context=requeueable deps ti=<TaskInstance: brewline_pipeline_bigquery.bronze_ingest_bigquery backfill__2026-08-08T00:00:00+00:00 [queued]>
[2026-08-11T06:25:47.177+0000] {taskinstance.py:2867} INFO - Starting attempt 1 of 1
[2026-08-11T06:25:47.192+0000] {taskinstance.py:2890} INFO - Executing <Task(DockerOperator): bronze_ingest_bigquery> on 2026-08-08 00:00:00+00:00
[2026-08-11T06:25:47.202+0000] {warnings.py:112} WARNING - /home/***/.local/lib/python3.12/site-packages/***/task/task_runner/standard_task_runner.py:70: DeprecationWarning: This process (pid=1877) is multi-threaded, use of fork() may lead to deadlocks in the child.
  pid = os.fork()

[2026-08-11T06:25:47.204+0000] {standard_task_runner.py:72} INFO - Started process 1879 to run task
[2026-08-11T06:25:47.204+0000] {standard_task_runner.py:104} INFO - Running: ['***', 'tasks', 'run', 'brewline_pipeline_bigquery', 'bronze_ingest_bigquery', 'backfill__2026-08-08T00:00:00+00:00', '--job-id', '165', '--pool', 'default_pool', '--raw', '--subdir', 'DAGS_FOLDER/brewline_pipeline_bigquery_dag.py', '--cfg-path', '/tmp/tmpr7qmr6bg']
[2026-08-11T06:25:47.206+0000] {standard_task_runner.py:105} INFO - Job 165: Subtask bronze_ingest_bigquery
[2026-08-11T06:25:47.263+0000] {task_command.py:467} INFO - Running <TaskInstance: brewline_pipeline_bigquery.bronze_ingest_bigquery backfill__2026-08-08T00:00:00+00:00 [running]> on host 5224a343584d
[2026-08-11T06:25:47.359+0000] {taskinstance.py:3134} INFO - Exporting env vars: AIRFLOW_CTX_DAG_OWNER='***' AIRFLOW_CTX_DAG_ID='brewline_pipeline_bigquery' AIRFLOW_CTX_TASK_ID='bronze_ingest_bigquery' AIRFLOW_CTX_EXECUTION_DATE='2026-08-08T00:00:00+00:00' AIRFLOW_CTX_TRY_NUMBER='1' AIRFLOW_CTX_DAG_RUN_ID='backfill__2026-08-08T00:00:00+00:00'
[2026-08-11T06:25:47.363+0000] {logging_mixin.py:190} INFO - Task instance is in running state
[2026-08-11T06:25:47.365+0000] {logging_mixin.py:190} INFO -  Previous state of the Task instance: queued
[2026-08-11T06:25:47.366+0000] {logging_mixin.py:190} INFO - Current task name:bronze_ingest_bigquery state:running start_date:2026-08-11 06:25:47.169018+00:00
[2026-08-11T06:25:47.367+0000] {logging_mixin.py:190} INFO - Dag name:brewline_pipeline_bigquery and current dag run status:running
[2026-08-11T06:25:47.368+0000] {taskinstance.py:732} INFO - ::endgroup::
[2026-08-11T06:25:47.421+0000] {docker.py:345} INFO - Starting docker container from image brewline-bronze:latest
[2026-08-11T06:25:53.279+0000] {docker.py:69} INFO - 2026-08-11 06:25:53,278 [INFO] bronze_bigquery: bronze.shopify_orders: 46 rows this run (partition 2026-08-08) -> gs://brewline-data-lake/bronze/source_name=shopify_orders/year=2026/month=08/day=08/part-0000.parquet, 1306 total in BigQuery
[2026-08-11T06:25:57.503+0000] {docker.py:69} INFO - 2026-08-11 06:25:57,502 [INFO] bronze_bigquery: bronze.square_transactions: 32 rows this run (partition 2026-08-08) -> gs://brewline-data-lake/bronze/source_name=square_transactions/year=2026/month=08/day=08/part-0000.parquet, 1264 total in BigQuery
[2026-08-11T06:25:59.542+0000] {docker.py:69} INFO - 2026-08-11 06:25:59,540 [INFO] bronze_bigquery: bronze.recharge_subscriptions: 38 rows this run (full snapshot replace) -> gs://brewline-data-lake/bronze/source_name=recharge_subscriptions/year=2026/month=08/day=08/part-0000.parquet, 38 total in BigQuery
[2026-08-11T06:26:03.061+0000] {docker.py:69} INFO - 2026-08-11 06:26:03,060 [INFO] bronze_bigquery: bronze.zendesk_tickets: 2 rows this run (partition 2026-08-08) -> gs://brewline-data-lake/bronze/source_name=zendesk_tickets/year=2026/month=08/day=08/part-0000.parquet, 44 total in BigQuery
[2026-08-11T06:26:07.387+0000] {docker.py:69} INFO - 2026-08-11 06:26:07,386 [INFO] bronze_bigquery: bronze.shipstation_shipments: 31 rows this run (partition 2026-08-08) -> gs://brewline-data-lake/bronze/source_name=shipstation_shipments/year=2026/month=08/day=08/part-0000.parquet, 1063 total in BigQuery
[2026-08-11T06:26:07.788+0000] {taskinstance.py:341} INFO - ::group::Post task execution logs
[2026-08-11T06:26:07.790+0000] {taskinstance.py:353} INFO - Marking task as SUCCESS. dag_id=brewline_pipeline_bigquery, task_id=bronze_ingest_bigquery, run_id=backfill__2026-08-08T00:00:00+00:00, execution_date=20260808T000000, start_date=20260811T062547, end_date=20260811T062607
[2026-08-11T06:26:07.831+0000] {logging_mixin.py:190} INFO - Task instance in success state
[2026-08-11T06:26:07.834+0000] {logging_mixin.py:190} INFO -  Previous state of the Task instance: running
[2026-08-11T06:26:07.835+0000] {logging_mixin.py:190} INFO - Dag name:brewline_pipeline_bigquery queued_at:None
[2026-08-11T06:26:07.836+0000] {logging_mixin.py:190} INFO - Task hostname:5224a343584d operator:DockerOperator
[2026-08-11T06:26:07.868+0000] {local_task_job_runner.py:266} INFO - Task exited with return code 0
[2026-08-11T06:26:08.902+0000] {taskinstance.py:3907} WARNING - Skipping mini scheduling run due to exception: UPDATE task_instance SET state=%(state)s, try_number=CASE WHEN (task_instance.state IS NULL OR task_instance.state != %(state_1)s) THEN task_instance.try_number + %(try_number_1)s ELSE task_instance.try_number END, updated_at=%(updated_at)s WHERE task_instance.dag_id = %(dag_id_1)s AND task_instance.run_id = %(run_id_1)s AND (task_instance.task_id, task_instance.map_index) IN ((%(param_1_1_1)s, %(param_1_1_2)s))
Traceback (most recent call last):
  File "/home/airflow/.local/lib/python3.12/site-packages/sqlalchemy/engine/base.py", line 1910, in _execute_context
    self.dialect.do_execute(
  File "/home/airflow/.local/lib/python3.12/site-packages/sqlalchemy/engine/default.py", line 736, in do_execute
    cursor.execute(statement, parameters)
psycopg2.errors.DeadlockDetected: deadlock detected
DETAIL:  Process 24103 waits for ShareLock on transaction 81870; blocked by process 21393.
Process 21393 waits for ShareLock on transaction 81869; blocked by process 24103.
HINT:  See server log for query details.
CONTEXT:  while updating tuple (1,56) in relation "task_instance"


The above exception was the direct cause of the following exception:

Traceback (most recent call last):
  File "/home/airflow/.local/lib/python3.12/site-packages/airflow/models/taskinstance.py", line 3900, in _schedule_downstream_tasks
    num = dag_run.schedule_tis(schedulable_tis, session=session, max_tis_per_query=max_tis_per_query)
          ^^^^^^^^^^^^^^^^^^^^^^^^^^^^^^^^^^^^^^^^^^^^^^^^^^^^^^^^^^^^^^^^^^^^^^^^^^^^^^^^^^^^^^^^^^^
  File "/home/airflow/.local/lib/python3.12/site-packages/airflow/utils/session.py", line 94, in wrapper
    return func(*args, **kwargs)
           ^^^^^^^^^^^^^^^^^^^^^
  File "/home/airflow/.local/lib/python3.12/site-packages/airflow/models/dagrun.py", line 1605, in schedule_tis
    count += session.execute(
             ^^^^^^^^^^^^^^^^
  File "/home/airflow/.local/lib/python3.12/site-packages/sqlalchemy/orm/session.py", line 1717, in execute
    result = conn._execute_20(statement, params or {}, execution_options)
             ^^^^^^^^^^^^^^^^^^^^^^^^^^^^^^^^^^^^^^^^^^^^^^^^^^^^^^^^^^^^
  File "/home/airflow/.local/lib/python3.12/site-packages/sqlalchemy/engine/base.py", line 1710, in _execute_20
    return meth(self, args_10style, kwargs_10style, execution_options)
           ^^^^^^^^^^^^^^^^^^^^^^^^^^^^^^^^^^^^^^^^^^^^^^^^^^^^^^^^^^^
  File "/home/airflow/.local/lib/python3.12/site-packages/sqlalchemy/sql/elements.py", line 334, in _execute_on_connection
    return connection._execute_clauseelement(
           ^^^^^^^^^^^^^^^^^^^^^^^^^^^^^^^^^^
  File "/home/airflow/.local/lib/python3.12/site-packages/sqlalchemy/engine/base.py", line 1577, in _execute_clauseelement
    ret = self._execute_context(
          ^^^^^^^^^^^^^^^^^^^^^^
  File "/home/airflow/.local/lib/python3.12/site-packages/sqlalchemy/engine/base.py", line 1953, in _execute_context
    self._handle_dbapi_exception(
  File "/home/airflow/.local/lib/python3.12/site-packages/sqlalchemy/engine/base.py", line 2134, in _handle_dbapi_exception
    util.raise_(
  File "/home/airflow/.local/lib/python3.12/site-packages/sqlalchemy/util/compat.py", line 211, in raise_
    raise exception
  File "/home/airflow/.local/lib/python3.12/site-packages/sqlalchemy/engine/base.py", line 1910, in _execute_context
    self.dialect.do_execute(
  File "/home/airflow/.local/lib/python3.12/site-packages/sqlalchemy/engine/default.py", line 736, in do_execute
    cursor.execute(statement, parameters)
sqlalchemy.exc.OperationalError: (psycopg2.errors.DeadlockDetected) deadlock detected
DETAIL:  Process 24103 waits for ShareLock on transaction 81870; blocked by process 21393.
Process 21393 waits for ShareLock on transaction 81869; blocked by process 24103.
HINT:  See server log for query details.
CONTEXT:  while updating tuple (1,56) in relation "task_instance"

[SQL: UPDATE task_instance SET state=%(state)s, try_number=CASE WHEN (task_instance.state IS NULL OR task_instance.state != %(state_1)s) THEN task_instance.try_number + %(try_number_1)s ELSE task_instance.try_number END, updated_at=%(updated_at)s WHERE task_instance.dag_id = %(dag_id_1)s AND task_instance.run_id = %(run_id_1)s AND (task_instance.task_id, task_instance.map_index) IN ((%(param_1_1_1)s, %(param_1_1_2)s))]
[parameters: {'state': <TaskInstanceState.SCHEDULED: 'scheduled'>, 'state_1': <TaskInstanceState.UP_FOR_RESCHEDULE: 'up_for_reschedule'>, 'try_number_1': 1, 'updated_at': datetime.datetime(2026, 8, 11, 6, 26, 7, 901114, tzinfo=Timezone('UTC')), 'dag_id_1': 'brewline_pipeline_bigquery', 'run_id_1': 'backfill__2026-08-08T00:00:00+00:00', 'param_1_1_1': 'dbt_run_bigquery', 'param_1_1_2': -1}]
(Background on this error at: https://sqlalche.me/e/14/e3q8)
[2026-08-11T06:26:08.909+0000] {local_task_job_runner.py:245} INFO - ::endgroup::
