[2026-08-11T06:21:55.561+0000] {local_task_job_runner.py:123} INFO - ::group::Pre task execution logs
[2026-08-11T06:21:55.585+0000] {taskinstance.py:2614} INFO - Dependencies all met for dep_context=non-requeueable deps ti=<TaskInstance: brewline_pipeline_bigquery.dbt_run_bigquery backfill__2026-08-05T00:00:00+00:00 [queued]>
[2026-08-11T06:21:55.597+0000] {taskinstance.py:2614} INFO - Dependencies all met for dep_context=requeueable deps ti=<TaskInstance: brewline_pipeline_bigquery.dbt_run_bigquery backfill__2026-08-05T00:00:00+00:00 [queued]>
[2026-08-11T06:21:55.598+0000] {taskinstance.py:2867} INFO - Starting attempt 1 of 1
[2026-08-11T06:21:55.616+0000] {taskinstance.py:2890} INFO - Executing <Task(DockerOperator): dbt_run_bigquery> on 2026-08-05 00:00:00+00:00
[2026-08-11T06:21:55.626+0000] {warnings.py:112} WARNING - /home/***/.local/lib/python3.12/site-packages/***/task/task_runner/standard_task_runner.py:70: DeprecationWarning: This process (pid=1796) is multi-threaded, use of fork() may lead to deadlocks in the child.
  pid = os.fork()

[2026-08-11T06:21:55.629+0000] {standard_task_runner.py:72} INFO - Started process 1798 to run task
[2026-08-11T06:21:55.629+0000] {standard_task_runner.py:104} INFO - Running: ['***', 'tasks', 'run', 'brewline_pipeline_bigquery', 'dbt_run_bigquery', 'backfill__2026-08-05T00:00:00+00:00', '--job-id', '157', '--pool', 'default_pool', '--raw', '--subdir', 'DAGS_FOLDER/brewline_pipeline_bigquery_dag.py', '--cfg-path', '/tmp/tmpboxt7f11']
[2026-08-11T06:21:55.631+0000] {standard_task_runner.py:105} INFO - Job 157: Subtask dbt_run_bigquery
[2026-08-11T06:21:55.697+0000] {task_command.py:467} INFO - Running <TaskInstance: brewline_pipeline_bigquery.dbt_run_bigquery backfill__2026-08-05T00:00:00+00:00 [running]> on host 5224a343584d
[2026-08-11T06:21:55.804+0000] {taskinstance.py:3134} INFO - Exporting env vars: AIRFLOW_CTX_DAG_OWNER='***' AIRFLOW_CTX_DAG_ID='brewline_pipeline_bigquery' AIRFLOW_CTX_TASK_ID='dbt_run_bigquery' AIRFLOW_CTX_EXECUTION_DATE='2026-08-05T00:00:00+00:00' AIRFLOW_CTX_TRY_NUMBER='1' AIRFLOW_CTX_DAG_RUN_ID='backfill__2026-08-05T00:00:00+00:00'
[2026-08-11T06:21:55.807+0000] {logging_mixin.py:190} INFO - Task instance is in running state
[2026-08-11T06:21:55.808+0000] {logging_mixin.py:190} INFO -  Previous state of the Task instance: queued
[2026-08-11T06:21:55.808+0000] {logging_mixin.py:190} INFO - Current task name:dbt_run_bigquery state:running start_date:2026-08-11 06:21:55.586678+00:00
[2026-08-11T06:21:55.809+0000] {logging_mixin.py:190} INFO - Dag name:brewline_pipeline_bigquery and current dag run status:running
[2026-08-11T06:21:55.810+0000] {taskinstance.py:732} INFO - ::endgroup::
[2026-08-11T06:21:55.865+0000] {docker.py:345} INFO - Starting docker container from image brewline-dbt:latest
[2026-08-11T06:21:58.694+0000] {docker.py:69} INFO - [0m06:21:58  Running with dbt=1.12.0
[2026-08-11T06:21:59.253+0000] {docker.py:69} INFO - [0m06:21:59  Installing dbt-labs/dbt_utils
[2026-08-11T06:22:04.384+0000] {docker.py:69} INFO - [0m06:22:04  Installed from version 1.4.1
[2026-08-11T06:22:04.385+0000] {docker.py:69} INFO - [0m06:22:04  Up to date!
[2026-08-11T06:22:07.658+0000] {docker.py:69} INFO - [0m06:22:07  Running with dbt=1.12.0
[2026-08-11T06:22:08.876+0000] {docker.py:69} INFO - [0m06:22:08  Registered adapter: bigquery=1.12.0
[2026-08-11T06:22:10.007+0000] {docker.py:69} INFO - [0m06:22:10  Found 9 models, 52 data tests, 2 seeds, 5 sources, 699 macros
[2026-08-11T06:22:10.013+0000] {docker.py:69} INFO - [0m06:22:10
[2026-08-11T06:22:10.015+0000] {docker.py:69} INFO - [0m06:22:10  Concurrency: 4 threads (target='bigquery')
[2026-08-11T06:22:10.017+0000] {docker.py:69} INFO - [0m06:22:10
[2026-08-11T06:22:10.034+0000] {docker.py:69} INFO - WARNING:google.auth._default:No project ID could be determined. Consider running `gcloud config set project` or setting the GOOGLE_CLOUD_PROJECT environment variable
[2026-08-11T06:22:10.035+0000] {docker.py:69} INFO - WARNING:google.auth._default:No project ID could be determined. Consider running `gcloud config set project` or setting the GOOGLE_CLOUD_PROJECT environment variable
[2026-08-11T06:22:11.137+0000] {docker.py:69} INFO - [0m06:22:11  1 of 9 START sql incremental model silver.stg_customers ........................ [RUN]
[2026-08-11T06:22:11.139+0000] {docker.py:69} INFO - [0m06:22:11  2 of 9 START sql incremental model silver.stg_orders ........................... [RUN]
[2026-08-11T06:22:11.140+0000] {docker.py:69} INFO - [0m06:22:11  3 of 9 START sql incremental model silver.stg_refunds .......................... [RUN]
[2026-08-11T06:22:11.142+0000] {docker.py:69} INFO - [0m06:22:11  4 of 9 START sql table model silver.stg_subscriptions .......................... [RUN]
[2026-08-11T06:22:13.124+0000] {docker.py:69} INFO - [0m06:22:13  4 of 9 OK created sql table model silver.stg_subscriptions ..................... [[32mCREATE TABLE (38.0 rows, 3.1 KiB processed)[0m in 1.97s]
[2026-08-11T06:22:13.131+0000] {docker.py:69} INFO - [0m06:22:13  5 of 9 START sql table model gold.fact_subscription_churn ...................... [RUN]
[2026-08-11T06:22:13.283+0000] {docker.py:69} INFO - [0m06:22:13  3 of 9 OK created sql incremental model silver.stg_refunds ..................... [[32mMERGE (0.0 rows, 132.9 KiB processed)[0m in 2.13s]
[2026-08-11T06:22:13.308+0000] {docker.py:69} INFO - [0m06:22:13  1 of 9 OK created sql incremental model silver.stg_customers ................... [[32mMERGE (45.0 rows, 93.4 KiB processed)[0m in 2.16s]
[2026-08-11T06:22:13.566+0000] {docker.py:69} INFO - [0m06:22:13  2 of 9 OK created sql incremental model silver.stg_orders ...................... [[32mMERGE (57.0 rows, 213.6 KiB processed)[0m in 2.42s]
[2026-08-11T06:22:13.573+0000] {docker.py:69} INFO - [0m06:22:13  6 of 9 START sql table model gold.fact_customer_health ......................... [RUN]
[2026-08-11T06:22:13.574+0000] {docker.py:69} INFO - [0m06:22:13  7 of 9 START sql table model gold.fact_customer_rfm ............................ [RUN]
[2026-08-11T06:22:13.576+0000] {docker.py:69} INFO - [0m06:22:13  8 of 9 START sql table model gold.fact_refund_alerts ........................... [RUN]
[2026-08-11T06:22:14.697+0000] {docker.py:69} INFO - [0m06:22:14  5 of 9 OK created sql table model gold.fact_subscription_churn ................. [[32mCREATE TABLE (35.0 rows, 2.0 KiB processed)[0m in 1.56s]
[2026-08-11T06:22:14.702+0000] {docker.py:69} INFO - [0m06:22:14  9 of 9 START sql table model gold.fact_weekly_revenue .......................... [RUN]
[2026-08-11T06:22:15.184+0000] {docker.py:69} INFO - [0m06:22:15  6 of 9 OK created sql table model gold.fact_customer_health .................... [[32mCREATE TABLE (160.0 rows, 56.9 KiB processed)[0m in 1.60s]
[2026-08-11T06:22:15.719+0000] {docker.py:69} INFO - [0m06:22:15  7 of 9 OK created sql table model gold.fact_customer_rfm ....................... [[32mCREATE TABLE (160.0 rows, 85.6 KiB processed)[0m in 2.14s]
[2026-08-11T06:22:16.026+0000] {docker.py:69} INFO - [0m06:22:16  8 of 9 OK created sql table model gold.fact_refund_alerts ...................... [[32mCREATE TABLE (30.0 rows, 13.7 KiB processed)[0m in 2.44s]
[2026-08-11T06:22:16.266+0000] {docker.py:69} INFO - [0m06:22:16  9 of 9 OK created sql table model gold.fact_weekly_revenue ..................... [[32mCREATE TABLE (15.0 rows, 61.4 KiB processed)[0m in 1.56s]
[2026-08-11T06:22:16.284+0000] {docker.py:69} INFO - [0m06:22:16
[2026-08-11T06:22:16.286+0000] {docker.py:69} INFO - [0m06:22:16  Finished running 3 incremental models, 6 table models in 0 hours 0 minutes and 6.27 seconds (6.27s).
[2026-08-11T06:22:16.489+0000] {docker.py:69} INFO - [0m06:22:16
[2026-08-11T06:22:16.490+0000] {docker.py:69} INFO - [0m06:22:16  [32mCompleted successfully[0m
[2026-08-11T06:22:16.492+0000] {docker.py:69} INFO - [0m06:22:16
[2026-08-11T06:22:16.493+0000] {docker.py:69} INFO - [0m06:22:16  Done. PASS=9 WARN=0 ERROR=0 SKIP=0 NO-OP=0 REUSED=0 TOTAL=9
[2026-08-11T06:22:18.755+0000] {taskinstance.py:341} INFO - ::group::Post task execution logs
[2026-08-11T06:22:18.757+0000] {taskinstance.py:353} INFO - Marking task as SUCCESS. dag_id=brewline_pipeline_bigquery, task_id=dbt_run_bigquery, run_id=backfill__2026-08-05T00:00:00+00:00, execution_date=20260805T000000, start_date=20260811T062155, end_date=20260811T062218
[2026-08-11T06:22:18.819+0000] {logging_mixin.py:190} INFO - Task instance in success state
[2026-08-11T06:22:18.825+0000] {logging_mixin.py:190} INFO -  Previous state of the Task instance: running
[2026-08-11T06:22:18.827+0000] {logging_mixin.py:190} INFO - Dag name:brewline_pipeline_bigquery queued_at:None
[2026-08-11T06:22:18.829+0000] {logging_mixin.py:190} INFO - Task hostname:5224a343584d operator:DockerOperator
[2026-08-11T06:22:18.853+0000] {local_task_job_runner.py:266} INFO - Task exited with return code 0
[2026-08-11T06:22:18.886+0000] {taskinstance.py:3901} INFO - 1 downstream tasks scheduled from follow-on schedule check
[2026-08-11T06:22:18.888+0000] {local_task_job_runner.py:245} INFO - ::endgroup::
