[2026-08-11T07:23:31.665+0000] {local_task_job_runner.py:123} INFO - ::group::Pre task execution logs
[2026-08-11T07:23:31.702+0000] {taskinstance.py:2614} INFO - Dependencies all met for dep_context=non-requeueable deps ti=<TaskInstance: brewline_pipeline.dbt_run scheduled__2026-08-10T00:00:00+00:00 [queued]>
[2026-08-11T07:23:31.722+0000] {taskinstance.py:2614} INFO - Dependencies all met for dep_context=requeueable deps ti=<TaskInstance: brewline_pipeline.dbt_run scheduled__2026-08-10T00:00:00+00:00 [queued]>
[2026-08-11T07:23:31.723+0000] {taskinstance.py:2867} INFO - Starting attempt 1 of 1
[2026-08-11T07:23:31.745+0000] {taskinstance.py:2890} INFO - Executing <Task(DockerOperator): dbt_run> on 2026-08-10 00:00:00+00:00
[2026-08-11T07:23:31.759+0000] {warnings.py:112} WARNING - /home/***/.local/lib/python3.12/site-packages/***/task/task_runner/standard_task_runner.py:70: DeprecationWarning: This process (pid=2668) is multi-threaded, use of fork() may lead to deadlocks in the child.
  pid = os.fork()

[2026-08-11T07:23:31.762+0000] {standard_task_runner.py:104} INFO - Running: ['***', 'tasks', 'run', 'brewline_pipeline', 'dbt_run', 'scheduled__2026-08-10T00:00:00+00:00', '--job-id', '180', '--raw', '--subdir', 'DAGS_FOLDER/brewline_pipeline_dag.py', '--cfg-path', '/tmp/tmpjrasjli8']
[2026-08-11T07:23:31.764+0000] {standard_task_runner.py:72} INFO - Started process 2670 to run task
[2026-08-11T07:23:31.765+0000] {standard_task_runner.py:105} INFO - Job 180: Subtask dbt_run
[2026-08-11T07:23:31.845+0000] {task_command.py:467} INFO - Running <TaskInstance: brewline_pipeline.dbt_run scheduled__2026-08-10T00:00:00+00:00 [running]> on host 5224a343584d
[2026-08-11T07:23:31.942+0000] {taskinstance.py:3134} INFO - Exporting env vars: AIRFLOW_CTX_DAG_OWNER='***' AIRFLOW_CTX_DAG_ID='brewline_pipeline' AIRFLOW_CTX_TASK_ID='dbt_run' AIRFLOW_CTX_EXECUTION_DATE='2026-08-10T00:00:00+00:00' AIRFLOW_CTX_TRY_NUMBER='1' AIRFLOW_CTX_DAG_RUN_ID='scheduled__2026-08-10T00:00:00+00:00'
[2026-08-11T07:23:31.944+0000] {logging_mixin.py:190} INFO - Task instance is in running state
[2026-08-11T07:23:31.945+0000] {logging_mixin.py:190} INFO -  Previous state of the Task instance: queued
[2026-08-11T07:23:31.947+0000] {logging_mixin.py:190} INFO - Current task name:dbt_run state:running start_date:2026-08-11 07:23:31.704192+00:00
[2026-08-11T07:23:31.948+0000] {logging_mixin.py:190} INFO - Dag name:brewline_pipeline and current dag run status:running
[2026-08-11T07:23:31.949+0000] {taskinstance.py:732} INFO - ::endgroup::
[2026-08-11T07:23:32.021+0000] {docker.py:345} INFO - Starting docker container from image brewline-dbt:latest
[2026-08-11T07:23:34.597+0000] {docker.py:69} INFO - [0m07:23:34  Running with dbt=1.12.0
[2026-08-11T07:23:34.995+0000] {docker.py:69} INFO - [0m07:23:34  Registered adapter: duckdb=1.10.1
[2026-08-11T07:23:36.134+0000] {docker.py:69} INFO - [0m07:23:36  Found 9 models, 52 data tests, 2 seeds, 5 sources, 624 macros
[2026-08-11T07:23:36.142+0000] {docker.py:69} INFO - [0m07:23:36
[2026-08-11T07:23:36.143+0000] {docker.py:69} INFO - [0m07:23:36  Concurrency: 1 threads (target='dev')
[2026-08-11T07:23:36.144+0000] {docker.py:69} INFO - [0m07:23:36
[2026-08-11T07:23:36.507+0000] {docker.py:69} INFO - [0m07:23:36  1 of 9 START sql table model silver.stg_customers .............................. [RUN]
[2026-08-11T07:23:36.769+0000] {docker.py:69} INFO - [0m07:23:36  1 of 9 OK created sql table model silver.stg_customers ......................... [[32mOK[0m in 0.26s]
[2026-08-11T07:23:36.778+0000] {docker.py:69} INFO - [0m07:23:36  2 of 9 START sql table model silver.stg_orders ................................. [RUN]
[2026-08-11T07:23:36.999+0000] {docker.py:69} INFO - [0m07:23:36  2 of 9 OK created sql table model silver.stg_orders ............................ [[32mOK[0m in 0.22s]
[2026-08-11T07:23:37.003+0000] {docker.py:69} INFO - [0m07:23:37  3 of 9 START sql table model silver.stg_refunds ................................ [RUN]
[2026-08-11T07:23:37.137+0000] {docker.py:69} INFO - [0m07:23:37  3 of 9 OK created sql table model silver.stg_refunds ........................... [[32mOK[0m in 0.13s]
[2026-08-11T07:23:37.142+0000] {docker.py:69} INFO - [0m07:23:37  4 of 9 START sql table model silver.stg_subscriptions .......................... [RUN]
[2026-08-11T07:23:37.271+0000] {docker.py:69} INFO - [0m07:23:37  4 of 9 OK created sql table model silver.stg_subscriptions ..................... [[32mOK[0m in 0.13s]
[2026-08-11T07:23:37.276+0000] {docker.py:69} INFO - [0m07:23:37  5 of 9 START sql table model gold.fact_customer_health ......................... [RUN]
[2026-08-11T07:23:37.393+0000] {docker.py:69} INFO - [0m07:23:37  5 of 9 OK created sql table model gold.fact_customer_health .................... [[32mOK[0m in 0.11s]
[2026-08-11T07:23:37.397+0000] {docker.py:69} INFO - [0m07:23:37  6 of 9 START sql table model gold.fact_weekly_revenue .......................... [RUN]
[2026-08-11T07:23:37.501+0000] {docker.py:69} INFO - [0m07:23:37  6 of 9 OK created sql table model gold.fact_weekly_revenue ..................... [[32mOK[0m in 0.10s]
[2026-08-11T07:23:37.506+0000] {docker.py:69} INFO - [0m07:23:37  7 of 9 START sql table model gold.fact_refund_alerts ........................... [RUN]
[2026-08-11T07:23:37.626+0000] {docker.py:69} INFO - [0m07:23:37  7 of 9 OK created sql table model gold.fact_refund_alerts ...................... [[32mOK[0m in 0.12s]
[2026-08-11T07:23:37.629+0000] {docker.py:69} INFO - [0m07:23:37  8 of 9 START sql table model gold.fact_customer_rfm ............................ [RUN]
[2026-08-11T07:23:37.740+0000] {docker.py:69} INFO - [0m07:23:37  8 of 9 OK created sql table model gold.fact_customer_rfm ....................... [[32mOK[0m in 0.11s]
[2026-08-11T07:23:37.744+0000] {docker.py:69} INFO - [0m07:23:37  9 of 9 START sql table model gold.fact_subscription_churn ...................... [RUN]
[2026-08-11T07:23:37.908+0000] {docker.py:69} INFO - [0m07:23:37  9 of 9 OK created sql table model gold.fact_subscription_churn ................. [[32mOK[0m in 0.16s]
[2026-08-11T07:23:37.931+0000] {docker.py:69} INFO - [0m07:23:37
[2026-08-11T07:23:37.934+0000] {docker.py:69} INFO - [0m07:23:37  Finished running 9 table models in 0 hours 0 minutes and 1.78 seconds (1.78s).
[2026-08-11T07:23:38.106+0000] {docker.py:69} INFO - [0m07:23:38
[2026-08-11T07:23:38.107+0000] {docker.py:69} INFO - [0m07:23:38  [32mCompleted successfully[0m
[2026-08-11T07:23:38.109+0000] {docker.py:69} INFO - [0m07:23:38
[2026-08-11T07:23:38.111+0000] {docker.py:69} INFO - [0m07:23:38  Done. PASS=9 WARN=0 ERROR=0 SKIP=0 NO-OP=0 REUSED=0 TOTAL=9
[2026-08-11T07:23:40.133+0000] {taskinstance.py:341} INFO - ::group::Post task execution logs
[2026-08-11T07:23:40.135+0000] {taskinstance.py:353} INFO - Marking task as SUCCESS. dag_id=brewline_pipeline, task_id=dbt_run, run_id=scheduled__2026-08-10T00:00:00+00:00, execution_date=20260810T000000, start_date=20260811T072331, end_date=20260811T072340
[2026-08-11T07:23:40.182+0000] {logging_mixin.py:190} INFO - Task instance in success state
[2026-08-11T07:23:40.184+0000] {logging_mixin.py:190} INFO -  Previous state of the Task instance: running
[2026-08-11T07:23:40.185+0000] {logging_mixin.py:190} INFO - Dag name:brewline_pipeline queued_at:2026-08-11 07:23:04.047712+00:00
[2026-08-11T07:23:40.187+0000] {logging_mixin.py:190} INFO - Task hostname:5224a343584d operator:DockerOperator
[2026-08-11T07:23:40.213+0000] {local_task_job_runner.py:266} INFO - Task exited with return code 0
[2026-08-11T07:23:40.237+0000] {taskinstance.py:3901} INFO - 1 downstream tasks scheduled from follow-on schedule check
[2026-08-11T07:23:40.240+0000] {local_task_job_runner.py:245} INFO - ::endgroup::
