[2026-08-11T06:14:37.616+0000] {local_task_job_runner.py:123} INFO - ::group::Pre task execution logs
[2026-08-11T06:14:37.642+0000] {taskinstance.py:2614} INFO - Dependencies all met for dep_context=non-requeueable deps ti=<TaskInstance: brewline_pipeline_bigquery.dbt_run_bigquery backfill__2026-07-31T00:00:00+00:00 [queued]>
[2026-08-11T06:14:37.654+0000] {taskinstance.py:2614} INFO - Dependencies all met for dep_context=requeueable deps ti=<TaskInstance: brewline_pipeline_bigquery.dbt_run_bigquery backfill__2026-07-31T00:00:00+00:00 [queued]>
[2026-08-11T06:14:37.655+0000] {taskinstance.py:2867} INFO - Starting attempt 1 of 1
[2026-08-11T06:14:37.670+0000] {taskinstance.py:2890} INFO - Executing <Task(DockerOperator): dbt_run_bigquery> on 2026-07-31 00:00:00+00:00
[2026-08-11T06:14:37.680+0000] {warnings.py:112} WARNING - /home/***/.local/lib/python3.12/site-packages/***/task/task_runner/standard_task_runner.py:70: DeprecationWarning: This process (pid=1645) is multi-threaded, use of fork() may lead to deadlocks in the child.
  pid = os.fork()

[2026-08-11T06:14:37.684+0000] {standard_task_runner.py:104} INFO - Running: ['***', 'tasks', 'run', 'brewline_pipeline_bigquery', 'dbt_run_bigquery', 'backfill__2026-07-31T00:00:00+00:00', '--job-id', '142', '--pool', 'default_pool', '--raw', '--subdir', 'DAGS_FOLDER/brewline_pipeline_bigquery_dag.py', '--cfg-path', '/tmp/tmpmv91uzfw']
[2026-08-11T06:14:37.688+0000] {standard_task_runner.py:105} INFO - Job 142: Subtask dbt_run_bigquery
[2026-08-11T06:14:37.687+0000] {standard_task_runner.py:72} INFO - Started process 1647 to run task
[2026-08-11T06:14:37.764+0000] {task_command.py:467} INFO - Running <TaskInstance: brewline_pipeline_bigquery.dbt_run_bigquery backfill__2026-07-31T00:00:00+00:00 [running]> on host 5224a343584d
[2026-08-11T06:14:37.885+0000] {taskinstance.py:3134} INFO - Exporting env vars: AIRFLOW_CTX_DAG_OWNER='***' AIRFLOW_CTX_DAG_ID='brewline_pipeline_bigquery' AIRFLOW_CTX_TASK_ID='dbt_run_bigquery' AIRFLOW_CTX_EXECUTION_DATE='2026-07-31T00:00:00+00:00' AIRFLOW_CTX_TRY_NUMBER='1' AIRFLOW_CTX_DAG_RUN_ID='backfill__2026-07-31T00:00:00+00:00'
[2026-08-11T06:14:37.887+0000] {logging_mixin.py:190} INFO - Task instance is in running state
[2026-08-11T06:14:37.894+0000] {logging_mixin.py:190} INFO -  Previous state of the Task instance: queued
[2026-08-11T06:14:37.895+0000] {logging_mixin.py:190} INFO - Current task name:dbt_run_bigquery state:running start_date:2026-08-11 06:14:37.643626+00:00
[2026-08-11T06:14:37.896+0000] {logging_mixin.py:190} INFO - Dag name:brewline_pipeline_bigquery and current dag run status:running
[2026-08-11T06:14:37.899+0000] {taskinstance.py:732} INFO - ::endgroup::
[2026-08-11T06:14:37.986+0000] {docker.py:345} INFO - Starting docker container from image brewline-dbt:latest
[2026-08-11T06:14:40.321+0000] {docker.py:69} INFO - [0m06:14:40  Running with dbt=1.12.0
[2026-08-11T06:14:40.835+0000] {docker.py:69} INFO - [0m06:14:40  Installing dbt-labs/dbt_utils
[2026-08-11T06:14:45.760+0000] {docker.py:69} INFO - [0m06:14:45  Installed from version 1.4.1
[2026-08-11T06:14:45.762+0000] {docker.py:69} INFO - [0m06:14:45  Up to date!
[2026-08-11T06:14:49.022+0000] {docker.py:69} INFO - [0m06:14:49  Running with dbt=1.12.0
[2026-08-11T06:14:50.342+0000] {docker.py:69} INFO - [0m06:14:50  Registered adapter: bigquery=1.12.0
[2026-08-11T06:14:51.576+0000] {docker.py:69} INFO - [0m06:14:51  Found 9 models, 52 data tests, 2 seeds, 5 sources, 699 macros
[2026-08-11T06:14:51.581+0000] {docker.py:69} INFO - [0m06:14:51
[2026-08-11T06:14:51.583+0000] {docker.py:69} INFO - [0m06:14:51  Concurrency: 4 threads (target='bigquery')
[2026-08-11T06:14:51.584+0000] {docker.py:69} INFO - [0m06:14:51
[2026-08-11T06:14:51.601+0000] {docker.py:69} INFO - WARNING:google.auth._default:No project ID could be determined. Consider running `gcloud config set project` or setting the GOOGLE_CLOUD_PROJECT environment variable
[2026-08-11T06:14:51.604+0000] {docker.py:69} INFO - WARNING:google.auth._default:No project ID could be determined. Consider running `gcloud config set project` or setting the GOOGLE_CLOUD_PROJECT environment variable
[2026-08-11T06:14:52.936+0000] {docker.py:69} INFO - [0m06:14:52  1 of 9 START sql incremental model silver.stg_customers ........................ [RUN]
[2026-08-11T06:14:52.938+0000] {docker.py:69} INFO - [0m06:14:52  2 of 9 START sql incremental model silver.stg_orders ........................... [RUN]
[2026-08-11T06:14:52.939+0000] {docker.py:69} INFO - [0m06:14:52  3 of 9 START sql incremental model silver.stg_refunds .......................... [RUN]
[2026-08-11T06:14:52.941+0000] {docker.py:69} INFO - [0m06:14:52  4 of 9 START sql table model silver.stg_subscriptions .......................... [RUN]
[2026-08-11T06:14:54.830+0000] {docker.py:69} INFO - [0m06:14:54  1 of 9 OK created sql incremental model silver.stg_customers ................... [[32mMERGE (45.0 rows, 79.0 KiB processed)[0m in 1.88s]
[2026-08-11T06:14:54.835+0000] {docker.py:69} INFO - [0m06:14:54  4 of 9 OK created sql table model silver.stg_subscriptions ..................... [[32mCREATE TABLE (38.0 rows, 3.1 KiB processed)[0m in 1.89s]
[2026-08-11T06:14:54.844+0000] {docker.py:69} INFO - [0m06:14:54  5 of 9 START sql table model gold.fact_subscription_churn ...................... [RUN]
[2026-08-11T06:14:55.005+0000] {docker.py:69} INFO - [0m06:14:55  2 of 9 OK created sql incremental model silver.stg_orders ...................... [[32mMERGE (70.0 rows, 178.7 KiB processed)[0m in 2.06s]
[2026-08-11T06:14:55.012+0000] {docker.py:69} INFO - [0m06:14:55  6 of 9 START sql table model gold.fact_customer_health ......................... [RUN]
[2026-08-11T06:14:55.013+0000] {docker.py:69} INFO - [0m06:14:55  7 of 9 START sql table model gold.fact_customer_rfm ............................ [RUN]
[2026-08-11T06:14:56.389+0000] {docker.py:69} INFO - [0m06:14:56  5 of 9 OK created sql table model gold.fact_subscription_churn ................. [[32mCREATE TABLE (35.0 rows, 2.0 KiB processed)[0m in 1.54s]
[2026-08-11T06:14:56.396+0000] {docker.py:69} INFO - [0m06:14:56  8 of 9 START sql table model gold.fact_weekly_revenue .......................... [RUN]
[2026-08-11T06:14:56.579+0000] {docker.py:69} INFO - [0m06:14:56  6 of 9 OK created sql table model gold.fact_customer_health .................... [[32mCREATE TABLE (160.0 rows, 48.4 KiB processed)[0m in 1.56s]
[2026-08-11T06:14:57.108+0000] {docker.py:69} INFO - [0m06:14:57  7 of 9 OK created sql table model gold.fact_customer_rfm ....................... [[32mCREATE TABLE (160.0 rows, 72.6 KiB processed)[0m in 2.09s]
[2026-08-11T06:14:57.969+0000] {docker.py:69} INFO - [0m06:14:57  8 of 9 OK created sql table model gold.fact_weekly_revenue ..................... [[32mCREATE TABLE (12.0 rows, 51.4 KiB processed)[0m in 1.57s]
[2026-08-11T06:15:05.038+0000] {docker.py:69} INFO - [0m06:15:05  3 of 9 OK created sql incremental model silver.stg_refunds ..................... [[32mMERGE (0.0 rows, 111.7 KiB processed)[0m in 12.09s]
[2026-08-11T06:15:05.045+0000] {docker.py:69} INFO - [0m06:15:05  9 of 9 START sql table model gold.fact_refund_alerts ........................... [RUN]
[2026-08-11T06:15:07.151+0000] {docker.py:69} INFO - [0m06:15:07  9 of 9 OK created sql table model gold.fact_refund_alerts ...................... [[32mCREATE TABLE (25.0 rows, 11.5 KiB processed)[0m in 2.10s]
[2026-08-11T06:15:07.163+0000] {docker.py:69} INFO - [0m06:15:07
[2026-08-11T06:15:07.164+0000] {docker.py:69} INFO - [0m06:15:07  Finished running 3 incremental models, 6 table models in 0 hours 0 minutes and 15.58 seconds (15.58s).
[2026-08-11T06:15:07.312+0000] {docker.py:69} INFO - [0m06:15:07
[2026-08-11T06:15:07.313+0000] {docker.py:69} INFO - [0m06:15:07  [32mCompleted successfully[0m
[2026-08-11T06:15:07.315+0000] {docker.py:69} INFO - [0m06:15:07
[2026-08-11T06:15:07.316+0000] {docker.py:69} INFO - [0m06:15:07  Done. PASS=9 WARN=0 ERROR=0 SKIP=0 NO-OP=0 REUSED=0 TOTAL=9
[2026-08-11T06:15:09.513+0000] {taskinstance.py:341} INFO - ::group::Post task execution logs
[2026-08-11T06:15:09.515+0000] {taskinstance.py:353} INFO - Marking task as SUCCESS. dag_id=brewline_pipeline_bigquery, task_id=dbt_run_bigquery, run_id=backfill__2026-07-31T00:00:00+00:00, execution_date=20260731T000000, start_date=20260811T061437, end_date=20260811T061509
[2026-08-11T06:15:09.553+0000] {logging_mixin.py:190} INFO - Task instance in success state
[2026-08-11T06:15:09.554+0000] {logging_mixin.py:190} INFO -  Previous state of the Task instance: running
[2026-08-11T06:15:09.556+0000] {logging_mixin.py:190} INFO - Dag name:brewline_pipeline_bigquery queued_at:None
[2026-08-11T06:15:09.557+0000] {logging_mixin.py:190} INFO - Task hostname:5224a343584d operator:DockerOperator
[2026-08-11T06:15:09.607+0000] {local_task_job_runner.py:266} INFO - Task exited with return code 0
[2026-08-11T06:15:09.632+0000] {taskinstance.py:3901} INFO - 1 downstream tasks scheduled from follow-on schedule check
[2026-08-11T06:15:09.635+0000] {local_task_job_runner.py:245} INFO - ::endgroup::
