[2026-08-04T07:47:21.511+0000] {local_task_job_runner.py:123} INFO - ::group::Pre task execution logs
[2026-08-04T07:47:21.533+0000] {taskinstance.py:2614} INFO - Dependencies all met for dep_context=non-requeueable deps ti=<TaskInstance: brewline_pipeline.bronze_ingest scheduled__2026-07-22T00:00:00+00:00 [queued]>
[2026-08-04T07:47:21.542+0000] {taskinstance.py:2614} INFO - Dependencies all met for dep_context=requeueable deps ti=<TaskInstance: brewline_pipeline.bronze_ingest scheduled__2026-07-22T00:00:00+00:00 [queued]>
[2026-08-04T07:47:21.543+0000] {taskinstance.py:2867} INFO - Starting attempt 1 of 1
[2026-08-04T07:47:21.558+0000] {taskinstance.py:2890} INFO - Executing <Task(DockerOperator): bronze_ingest> on 2026-07-22 00:00:00+00:00
[2026-08-04T07:47:21.570+0000] {warnings.py:112} WARNING - /home/***/.local/lib/python3.12/site-packages/***/task/task_runner/standard_task_runner.py:70: DeprecationWarning: This process (pid=68) is multi-threaded, use of fork() may lead to deadlocks in the child.
  pid = os.fork()

[2026-08-04T07:47:21.572+0000] {standard_task_runner.py:104} INFO - Running: ['***', 'tasks', 'run', 'brewline_pipeline', 'bronze_ingest', 'scheduled__2026-07-22T00:00:00+00:00', '--job-id', '18', '--raw', '--subdir', 'DAGS_FOLDER/brewline_pipeline_dag.py', '--cfg-path', '/tmp/tmpi5917osz']
[2026-08-04T07:47:21.573+0000] {standard_task_runner.py:72} INFO - Started process 72 to run task
[2026-08-04T07:47:21.574+0000] {standard_task_runner.py:105} INFO - Job 18: Subtask bronze_ingest
[2026-08-04T07:47:21.655+0000] {task_command.py:467} INFO - Running <TaskInstance: brewline_pipeline.bronze_ingest scheduled__2026-07-22T00:00:00+00:00 [running]> on host 3c6904f5cf40
[2026-08-04T07:47:21.792+0000] {taskinstance.py:3134} INFO - Exporting env vars: AIRFLOW_CTX_DAG_OWNER='***' AIRFLOW_CTX_DAG_ID='brewline_pipeline' AIRFLOW_CTX_TASK_ID='bronze_ingest' AIRFLOW_CTX_EXECUTION_DATE='2026-07-22T00:00:00+00:00' AIRFLOW_CTX_TRY_NUMBER='1' AIRFLOW_CTX_DAG_RUN_ID='scheduled__2026-07-22T00:00:00+00:00'
[2026-08-04T07:47:21.795+0000] {logging_mixin.py:190} INFO - Task instance is in running state
[2026-08-04T07:47:21.796+0000] {logging_mixin.py:190} INFO -  Previous state of the Task instance: queued
[2026-08-04T07:47:21.797+0000] {logging_mixin.py:190} INFO - Current task name:bronze_ingest state:running start_date:2026-08-04 07:47:21.534367+00:00
[2026-08-04T07:47:21.798+0000] {logging_mixin.py:190} INFO - Dag name:brewline_pipeline and current dag run status:running
[2026-08-04T07:47:21.798+0000] {taskinstance.py:732} INFO - ::endgroup::
[2026-08-04T07:47:21.878+0000] {docker.py:345} INFO - Starting docker container from image brewline-bronze:latest
[2026-08-04T07:47:24.899+0000] {docker.py:69} INFO - 2026-08-04 07:47:24,897 [INFO] bronze: bronze.shopify_orders              1221 rows  (all days combined)
[2026-08-04T07:47:25.193+0000] {docker.py:69} INFO - 2026-08-04 07:47:25,192 [INFO] bronze: bronze.square_transactions         1156 rows  (all days combined)
[2026-08-04T07:47:25.257+0000] {docker.py:69} INFO - 2026-08-04 07:47:25,256 [INFO] bronze: bronze.recharge_subscriptions        38 rows  (latest snapshot)
[2026-08-04T07:47:25.462+0000] {docker.py:69} INFO - 2026-08-04 07:47:25,461 [INFO] bronze: bronze.zendesk_tickets               70 rows  (all days combined)
[2026-08-04T07:47:25.734+0000] {docker.py:69} INFO - 2026-08-04 07:47:25,733 [INFO] bronze: bronze.shipstation_shipments       1013 rows  (all days combined)
[2026-08-04T07:47:25.816+0000] {docker.py:69} INFO - 2026-08-04 07:47:25,815 [INFO] bronze: Bronze ingestion complete.
[2026-08-04T07:47:26.160+0000] {taskinstance.py:341} INFO - ::group::Post task execution logs
[2026-08-04T07:47:26.162+0000] {taskinstance.py:353} INFO - Marking task as SUCCESS. dag_id=brewline_pipeline, task_id=bronze_ingest, run_id=scheduled__2026-07-22T00:00:00+00:00, execution_date=20260722T000000, start_date=20260804T074721, end_date=20260804T074726
[2026-08-04T07:47:26.205+0000] {logging_mixin.py:190} INFO - Task instance in success state
[2026-08-04T07:47:26.207+0000] {logging_mixin.py:190} INFO -  Previous state of the Task instance: running
[2026-08-04T07:47:26.208+0000] {logging_mixin.py:190} INFO - Dag name:brewline_pipeline queued_at:2026-08-04 07:47:05.607498+00:00
[2026-08-04T07:47:26.209+0000] {logging_mixin.py:190} INFO - Task hostname:3c6904f5cf40 operator:DockerOperator
[2026-08-04T07:47:26.249+0000] {local_task_job_runner.py:266} INFO - Task exited with return code 0
[2026-08-04T07:47:26.285+0000] {taskinstance.py:3901} INFO - 1 downstream tasks scheduled from follow-on schedule check
[2026-08-04T07:47:26.288+0000] {local_task_job_runner.py:245} INFO - ::endgroup::
