[2026-07-22T01:16:45.210+0000] {local_task_job_runner.py:123} INFO - ::group::Pre task execution logs
[2026-07-22T01:16:45.236+0000] {taskinstance.py:2614} INFO - Dependencies all met for dep_context=non-requeueable deps ti=<TaskInstance: brewline_pipeline.bronze_ingest scheduled__2026-07-21T00:00:00+00:00 [queued]>
[2026-07-22T01:16:45.249+0000] {taskinstance.py:2614} INFO - Dependencies all met for dep_context=requeueable deps ti=<TaskInstance: brewline_pipeline.bronze_ingest scheduled__2026-07-21T00:00:00+00:00 [queued]>
[2026-07-22T01:16:45.250+0000] {taskinstance.py:2867} INFO - Starting attempt 1 of 1
[2026-07-22T01:16:45.270+0000] {taskinstance.py:2890} INFO - Executing <Task(DockerOperator): bronze_ingest> on 2026-07-21 00:00:00+00:00
[2026-07-22T01:16:45.285+0000] {warnings.py:112} WARNING - /home/***/.local/lib/python3.12/site-packages/***/task/task_runner/standard_task_runner.py:70: DeprecationWarning: This process (pid=89) is multi-threaded, use of fork() may lead to deadlocks in the child.
  pid = os.fork()

[2026-07-22T01:16:45.289+0000] {standard_task_runner.py:72} INFO - Started process 91 to run task
[2026-07-22T01:16:45.290+0000] {standard_task_runner.py:104} INFO - Running: ['***', 'tasks', 'run', 'brewline_pipeline', 'bronze_ingest', 'scheduled__2026-07-21T00:00:00+00:00', '--job-id', '11', '--raw', '--subdir', 'DAGS_FOLDER/brewline_pipeline_dag.py', '--cfg-path', '/tmp/tmptsqn4zok']
[2026-07-22T01:16:45.292+0000] {standard_task_runner.py:105} INFO - Job 11: Subtask bronze_ingest
[2026-07-22T01:16:45.367+0000] {task_command.py:467} INFO - Running <TaskInstance: brewline_pipeline.bronze_ingest scheduled__2026-07-21T00:00:00+00:00 [running]> on host 9abae33d087c
[2026-07-22T01:16:45.474+0000] {taskinstance.py:3134} INFO - Exporting env vars: AIRFLOW_CTX_DAG_OWNER='***' AIRFLOW_CTX_DAG_ID='brewline_pipeline' AIRFLOW_CTX_TASK_ID='bronze_ingest' AIRFLOW_CTX_EXECUTION_DATE='2026-07-21T00:00:00+00:00' AIRFLOW_CTX_TRY_NUMBER='1' AIRFLOW_CTX_DAG_RUN_ID='scheduled__2026-07-21T00:00:00+00:00'
[2026-07-22T01:16:45.477+0000] {logging_mixin.py:190} INFO - Task instance is in running state
[2026-07-22T01:16:45.477+0000] {logging_mixin.py:190} INFO -  Previous state of the Task instance: queued
[2026-07-22T01:16:45.479+0000] {logging_mixin.py:190} INFO - Current task name:bronze_ingest state:running start_date:2026-07-22 01:16:45.237534+00:00
[2026-07-22T01:16:45.480+0000] {logging_mixin.py:190} INFO - Dag name:brewline_pipeline and current dag run status:running
[2026-07-22T01:16:45.481+0000] {taskinstance.py:732} INFO - ::endgroup::
[2026-07-22T01:16:45.553+0000] {docker.py:345} INFO - Starting docker container from image brewline-bronze:latest
[2026-07-22T01:16:47.914+0000] {docker.py:69} INFO - 2026-07-22 01:16:47,913 [INFO] bronze: bronze.shopify_orders loaded: 1221 rows <- shopify_orders.json
[2026-07-22T01:16:48.015+0000] {docker.py:69} INFO - 2026-07-22 01:16:48,014 [INFO] bronze: bronze.square_transactions loaded: 1156 rows <- square_transactions.csv
[2026-07-22T01:16:48.102+0000] {docker.py:69} INFO - 2026-07-22 01:16:48,101 [INFO] bronze: bronze.recharge_subscriptions loaded: 38 rows <- recharge_subscriptions.json
[2026-07-22T01:16:48.176+0000] {docker.py:69} INFO - 2026-07-22 01:16:48,174 [INFO] bronze: bronze.zendesk_tickets loaded: 70 rows <- zendesk_tickets.csv
[2026-07-22T01:16:48.258+0000] {docker.py:69} INFO - 2026-07-22 01:16:48,256 [INFO] bronze: bronze.shipstation_shipments loaded: 1013 rows <- shipstation_shipments.csv
[2026-07-22T01:16:48.368+0000] {docker.py:69} INFO - 2026-07-22 01:16:48,367 [INFO] bronze: Bronze Ingestion Completed
[2026-07-22T01:16:48.770+0000] {taskinstance.py:341} INFO - ::group::Post task execution logs
[2026-07-22T01:16:48.772+0000] {taskinstance.py:353} INFO - Marking task as SUCCESS. dag_id=brewline_pipeline, task_id=bronze_ingest, run_id=scheduled__2026-07-21T00:00:00+00:00, execution_date=20260721T000000, start_date=20260722T011645, end_date=20260722T011648
[2026-07-22T01:16:48.823+0000] {logging_mixin.py:190} INFO - Task instance in success state
[2026-07-22T01:16:48.824+0000] {logging_mixin.py:190} INFO -  Previous state of the Task instance: running
[2026-07-22T01:16:48.826+0000] {logging_mixin.py:190} INFO - Dag name:brewline_pipeline queued_at:2026-07-22 01:16:40.228774+00:00
[2026-07-22T01:16:48.828+0000] {logging_mixin.py:190} INFO - Task hostname:9abae33d087c operator:DockerOperator
[2026-07-22T01:16:48.886+0000] {local_task_job_runner.py:266} INFO - Task exited with return code 0
[2026-07-22T01:16:48.939+0000] {taskinstance.py:3901} INFO - 1 downstream tasks scheduled from follow-on schedule check
[2026-07-22T01:16:48.942+0000] {local_task_job_runner.py:245} INFO - ::endgroup::
