[2026-08-11T05:57:19.689+0000] {local_task_job_runner.py:123} INFO - ::group::Pre task execution logs
[2026-08-11T05:57:19.705+0000] {taskinstance.py:2614} INFO - Dependencies all met for dep_context=non-requeueable deps ti=<TaskInstance: brewline_pipeline_bigquery.bronze_ingest_bigquery backfill__2026-07-19T00:00:00+00:00 [queued]>
[2026-08-11T05:57:19.714+0000] {taskinstance.py:2614} INFO - Dependencies all met for dep_context=requeueable deps ti=<TaskInstance: brewline_pipeline_bigquery.bronze_ingest_bigquery backfill__2026-07-19T00:00:00+00:00 [queued]>
[2026-08-11T05:57:19.715+0000] {taskinstance.py:2867} INFO - Starting attempt 2 of 2
[2026-08-11T05:57:19.730+0000] {taskinstance.py:2890} INFO - Executing <Task(DockerOperator): bronze_ingest_bigquery> on 2026-07-19 00:00:00+00:00
[2026-08-11T05:57:19.740+0000] {warnings.py:112} WARNING - /home/***/.local/lib/python3.12/site-packages/***/task/task_runner/standard_task_runner.py:70: DeprecationWarning: This process (pid=1280) is multi-threaded, use of fork() may lead to deadlocks in the child.
  pid = os.fork()

[2026-08-11T05:57:19.743+0000] {standard_task_runner.py:72} INFO - Started process 1282 to run task
[2026-08-11T05:57:19.743+0000] {standard_task_runner.py:104} INFO - Running: ['***', 'tasks', 'run', 'brewline_pipeline_bigquery', 'bronze_ingest_bigquery', 'backfill__2026-07-19T00:00:00+00:00', '--job-id', '105', '--pool', 'default_pool', '--raw', '--subdir', 'DAGS_FOLDER/brewline_pipeline_bigquery_dag.py', '--cfg-path', '/tmp/tmpmme4f1z4']
[2026-08-11T05:57:19.744+0000] {standard_task_runner.py:105} INFO - Job 105: Subtask bronze_ingest_bigquery
[2026-08-11T05:57:19.805+0000] {task_command.py:467} INFO - Running <TaskInstance: brewline_pipeline_bigquery.bronze_ingest_bigquery backfill__2026-07-19T00:00:00+00:00 [running]> on host 5224a343584d
[2026-08-11T05:57:19.899+0000] {taskinstance.py:3134} INFO - Exporting env vars: AIRFLOW_CTX_DAG_OWNER='***' AIRFLOW_CTX_DAG_ID='brewline_pipeline_bigquery' AIRFLOW_CTX_TASK_ID='bronze_ingest_bigquery' AIRFLOW_CTX_EXECUTION_DATE='2026-07-19T00:00:00+00:00' AIRFLOW_CTX_TRY_NUMBER='2' AIRFLOW_CTX_DAG_RUN_ID='backfill__2026-07-19T00:00:00+00:00'
[2026-08-11T05:57:19.902+0000] {logging_mixin.py:190} INFO - Task instance is in running state
[2026-08-11T05:57:19.903+0000] {logging_mixin.py:190} INFO -  Previous state of the Task instance: queued
[2026-08-11T05:57:19.904+0000] {logging_mixin.py:190} INFO - Current task name:bronze_ingest_bigquery state:running start_date:2026-08-11 05:57:19.706398+00:00
[2026-08-11T05:57:19.904+0000] {logging_mixin.py:190} INFO - Dag name:brewline_pipeline_bigquery and current dag run status:running
[2026-08-11T05:57:19.905+0000] {taskinstance.py:732} INFO - ::endgroup::
[2026-08-11T05:57:19.968+0000] {docker.py:345} INFO - Starting docker container from image brewline-bronze:latest
[2026-08-11T05:57:26.396+0000] {docker.py:69} INFO - 2026-08-11 05:57:26,395 [INFO] bronze_bigquery: bronze.shopify_orders: 35 rows this run (partition 2026-07-19) -> gs://brewline-data-lake/bronze/source_name=shopify_orders/year=2026/month=07/day=19/part-0000.parquet, 494 total in BigQuery
[2026-08-11T05:57:31.021+0000] {docker.py:69} INFO - 2026-08-11 05:57:31,020 [INFO] bronze_bigquery: bronze.square_transactions: 44 rows this run (partition 2026-07-19) -> gs://brewline-data-lake/bronze/source_name=square_transactions/year=2026/month=07/day=19/part-0000.parquet, 482 total in BigQuery
[2026-08-11T05:57:32.342+0000] {docker.py:69} INFO - 2026-08-11 05:57:32,341 [INFO] bronze_bigquery: bronze.recharge_subscriptions: 38 rows this run (full snapshot replace) -> gs://brewline-data-lake/bronze/source_name=recharge_subscriptions/year=2026/month=07/day=19/part-0000.parquet, 38 total in BigQuery
[2026-08-11T05:57:35.801+0000] {docker.py:69} INFO - 2026-08-11 05:57:35,800 [INFO] bronze_bigquery: bronze.zendesk_tickets: 2 rows this run (partition 2026-07-19) -> gs://brewline-data-lake/bronze/source_name=zendesk_tickets/year=2026/month=07/day=19/part-0000.parquet, 34 total in BigQuery
[2026-08-11T05:57:40.511+0000] {docker.py:69} INFO - 2026-08-11 05:57:40,510 [INFO] bronze_bigquery: bronze.shipstation_shipments: 33 rows this run (partition 2026-07-19) -> gs://brewline-data-lake/bronze/source_name=shipstation_shipments/year=2026/month=07/day=19/part-0000.parquet, 677 total in BigQuery
[2026-08-11T05:57:40.910+0000] {taskinstance.py:341} INFO - ::group::Post task execution logs
[2026-08-11T05:57:40.911+0000] {taskinstance.py:353} INFO - Marking task as SUCCESS. dag_id=brewline_pipeline_bigquery, task_id=bronze_ingest_bigquery, run_id=backfill__2026-07-19T00:00:00+00:00, execution_date=20260719T000000, start_date=20260811T055719, end_date=20260811T055740
[2026-08-11T05:57:40.951+0000] {logging_mixin.py:190} INFO - Task instance in success state
[2026-08-11T05:57:40.953+0000] {logging_mixin.py:190} INFO -  Previous state of the Task instance: running
[2026-08-11T05:57:40.954+0000] {logging_mixin.py:190} INFO - Dag name:brewline_pipeline_bigquery queued_at:2026-08-11 05:31:04.355990+00:00
[2026-08-11T05:57:40.956+0000] {logging_mixin.py:190} INFO - Task hostname:5224a343584d operator:DockerOperator
[2026-08-11T05:57:40.993+0000] {local_task_job_runner.py:266} INFO - Task exited with return code 0
[2026-08-11T05:57:41.026+0000] {taskinstance.py:3901} INFO - 1 downstream tasks scheduled from follow-on schedule check
[2026-08-11T05:57:41.029+0000] {local_task_job_runner.py:245} INFO - ::endgroup::
