[2026-08-11T06:19:05.952+0000] {local_task_job_runner.py:123} INFO - ::group::Pre task execution logs
[2026-08-11T06:19:05.974+0000] {taskinstance.py:2614} INFO - Dependencies all met for dep_context=non-requeueable deps ti=<TaskInstance: brewline_pipeline_bigquery.dbt_run_bigquery backfill__2026-08-03T00:00:00+00:00 [queued]>
[2026-08-11T06:19:05.985+0000] {taskinstance.py:2614} INFO - Dependencies all met for dep_context=requeueable deps ti=<TaskInstance: brewline_pipeline_bigquery.dbt_run_bigquery backfill__2026-08-03T00:00:00+00:00 [queued]>
[2026-08-11T06:19:05.986+0000] {taskinstance.py:2867} INFO - Starting attempt 1 of 1
[2026-08-11T06:19:06.000+0000] {taskinstance.py:2890} INFO - Executing <Task(DockerOperator): dbt_run_bigquery> on 2026-08-03 00:00:00+00:00
[2026-08-11T06:19:06.010+0000] {warnings.py:112} WARNING - /home/***/.local/lib/python3.12/site-packages/***/task/task_runner/standard_task_runner.py:70: DeprecationWarning: This process (pid=1737) is multi-threaded, use of fork() may lead to deadlocks in the child.
  pid = os.fork()

[2026-08-11T06:19:06.013+0000] {standard_task_runner.py:72} INFO - Started process 1739 to run task
[2026-08-11T06:19:06.013+0000] {standard_task_runner.py:104} INFO - Running: ['***', 'tasks', 'run', 'brewline_pipeline_bigquery', 'dbt_run_bigquery', 'backfill__2026-08-03T00:00:00+00:00', '--job-id', '151', '--pool', 'default_pool', '--raw', '--subdir', 'DAGS_FOLDER/brewline_pipeline_bigquery_dag.py', '--cfg-path', '/tmp/tmpi67lna01']
[2026-08-11T06:19:06.015+0000] {standard_task_runner.py:105} INFO - Job 151: Subtask dbt_run_bigquery
[2026-08-11T06:19:06.074+0000] {task_command.py:467} INFO - Running <TaskInstance: brewline_pipeline_bigquery.dbt_run_bigquery backfill__2026-08-03T00:00:00+00:00 [running]> on host 5224a343584d
[2026-08-11T06:19:06.168+0000] {taskinstance.py:3134} INFO - Exporting env vars: AIRFLOW_CTX_DAG_OWNER='***' AIRFLOW_CTX_DAG_ID='brewline_pipeline_bigquery' AIRFLOW_CTX_TASK_ID='dbt_run_bigquery' AIRFLOW_CTX_EXECUTION_DATE='2026-08-03T00:00:00+00:00' AIRFLOW_CTX_TRY_NUMBER='1' AIRFLOW_CTX_DAG_RUN_ID='backfill__2026-08-03T00:00:00+00:00'
[2026-08-11T06:19:06.171+0000] {logging_mixin.py:190} INFO - Task instance is in running state
[2026-08-11T06:19:06.172+0000] {logging_mixin.py:190} INFO -  Previous state of the Task instance: queued
[2026-08-11T06:19:06.172+0000] {logging_mixin.py:190} INFO - Current task name:dbt_run_bigquery state:running start_date:2026-08-11 06:19:05.975831+00:00
[2026-08-11T06:19:06.173+0000] {logging_mixin.py:190} INFO - Dag name:brewline_pipeline_bigquery and current dag run status:running
[2026-08-11T06:19:06.174+0000] {taskinstance.py:732} INFO - ::endgroup::
[2026-08-11T06:19:06.243+0000] {docker.py:345} INFO - Starting docker container from image brewline-dbt:latest
[2026-08-11T06:19:09.419+0000] {docker.py:69} INFO - [0m06:19:09  Running with dbt=1.12.0
[2026-08-11T06:19:10.001+0000] {docker.py:69} INFO - [0m06:19:10  Installing dbt-labs/dbt_utils
[2026-08-11T06:19:14.887+0000] {docker.py:69} INFO - [0m06:19:14  Installed from version 1.4.1
[2026-08-11T06:19:14.888+0000] {docker.py:69} INFO - [0m06:19:14  Up to date!
[2026-08-11T06:19:18.521+0000] {docker.py:69} INFO - [0m06:19:18  Running with dbt=1.12.0
[2026-08-11T06:19:19.784+0000] {docker.py:69} INFO - [0m06:19:19  Registered adapter: bigquery=1.12.0
[2026-08-11T06:19:20.897+0000] {docker.py:69} INFO - [0m06:19:20  Found 9 models, 52 data tests, 2 seeds, 5 sources, 699 macros
[2026-08-11T06:19:20.903+0000] {docker.py:69} INFO - [0m06:19:20
[2026-08-11T06:19:20.904+0000] {docker.py:69} INFO - [0m06:19:20  Concurrency: 4 threads (target='bigquery')
[2026-08-11T06:19:20.905+0000] {docker.py:69} INFO - [0m06:19:20
[2026-08-11T06:19:20.922+0000] {docker.py:69} INFO - WARNING:google.auth._default:No project ID could be determined. Consider running `gcloud config set project` or setting the GOOGLE_CLOUD_PROJECT environment variable
[2026-08-11T06:19:21.894+0000] {docker.py:69} INFO - [0m06:19:21  1 of 9 START sql incremental model silver.stg_customers ........................ [RUN]
[2026-08-11T06:19:21.896+0000] {docker.py:69} INFO - [0m06:19:21  2 of 9 START sql incremental model silver.stg_orders ........................... [RUN]
[2026-08-11T06:19:21.898+0000] {docker.py:69} INFO - [0m06:19:21  3 of 9 START sql incremental model silver.stg_refunds .......................... [RUN]
[2026-08-11T06:19:21.901+0000] {docker.py:69} INFO - [0m06:19:21  4 of 9 START sql table model silver.stg_subscriptions .......................... [RUN]
[2026-08-11T06:19:23.866+0000] {docker.py:69} INFO - [0m06:19:23  4 of 9 OK created sql table model silver.stg_subscriptions ..................... [[32mCREATE TABLE (38.0 rows, 3.1 KiB processed)[0m in 1.96s]
[2026-08-11T06:19:23.871+0000] {docker.py:69} INFO - [0m06:19:23  5 of 9 START sql table model gold.fact_subscription_churn ...................... [RUN]
[2026-08-11T06:19:24.023+0000] {docker.py:69} INFO - [0m06:19:24  3 of 9 OK created sql incremental model silver.stg_refunds ..................... [[32mMERGE (0.0 rows, 123.6 KiB processed)[0m in 2.12s]
[2026-08-11T06:19:24.045+0000] {docker.py:69} INFO - [0m06:19:24  2 of 9 OK created sql incremental model silver.stg_orders ...................... [[32mMERGE (53.0 rows, 198.3 KiB processed)[0m in 2.14s]
[2026-08-11T06:19:24.050+0000] {docker.py:69} INFO - [0m06:19:24  6 of 9 START sql table model gold.fact_refund_alerts ........................... [RUN]
[2026-08-11T06:19:24.053+0000] {docker.py:69} INFO - [0m06:19:24  7 of 9 START sql table model gold.fact_weekly_revenue .......................... [RUN]
[2026-08-11T06:19:24.104+0000] {docker.py:69} INFO - [0m06:19:24  1 of 9 OK created sql incremental model silver.stg_customers ................... [[32mMERGE (38.0 rows, 87.1 KiB processed)[0m in 2.20s]
[2026-08-11T06:19:24.124+0000] {docker.py:69} INFO - [0m06:19:24  8 of 9 START sql table model gold.fact_customer_health ......................... [RUN]
[2026-08-11T06:19:25.194+0000] {docker.py:69} INFO - [0m06:19:25  5 of 9 OK created sql table model gold.fact_subscription_churn ................. [[32mCREATE TABLE (35.0 rows, 2.0 KiB processed)[0m in 1.32s]
[2026-08-11T06:19:25.198+0000] {docker.py:69} INFO - [0m06:19:25  9 of 9 START sql table model gold.fact_customer_rfm ............................ [RUN]
[2026-08-11T06:19:25.638+0000] {docker.py:69} INFO - [0m06:19:25  7 of 9 OK created sql table model gold.fact_weekly_revenue ..................... [[32mCREATE TABLE (15.0 rows, 56.9 KiB processed)[0m in 1.58s]
[2026-08-11T06:19:25.734+0000] {docker.py:69} INFO - [0m06:19:25  8 of 9 OK created sql table model gold.fact_customer_health .................... [[32mCREATE TABLE (160.0 rows, 53.1 KiB processed)[0m in 1.61s]
[2026-08-11T06:19:26.499+0000] {docker.py:69} INFO - [0m06:19:26  6 of 9 OK created sql table model gold.fact_refund_alerts ...................... [[32mCREATE TABLE (29.0 rows, 12.7 KiB processed)[0m in 2.44s]
[2026-08-11T06:19:27.305+0000] {docker.py:69} INFO - [0m06:19:27  9 of 9 OK created sql table model gold.fact_customer_rfm ....................... [[32mCREATE TABLE (160.0 rows, 79.8 KiB processed)[0m in 2.10s]
[2026-08-11T06:19:27.321+0000] {docker.py:69} INFO - [0m06:19:27
[2026-08-11T06:19:27.322+0000] {docker.py:69} INFO - [0m06:19:27  Finished running 3 incremental models, 6 table models in 0 hours 0 minutes and 6.41 seconds (6.41s).
[2026-08-11T06:19:27.531+0000] {docker.py:69} INFO - [0m06:19:27
[2026-08-11T06:19:27.533+0000] {docker.py:69} INFO - [0m06:19:27  [32mCompleted successfully[0m
[2026-08-11T06:19:27.535+0000] {docker.py:69} INFO - [0m06:19:27
[2026-08-11T06:19:27.536+0000] {docker.py:69} INFO - [0m06:19:27  Done. PASS=9 WARN=0 ERROR=0 SKIP=0 NO-OP=0 REUSED=0 TOTAL=9
[2026-08-11T06:19:29.714+0000] {taskinstance.py:341} INFO - ::group::Post task execution logs
[2026-08-11T06:19:29.715+0000] {taskinstance.py:353} INFO - Marking task as SUCCESS. dag_id=brewline_pipeline_bigquery, task_id=dbt_run_bigquery, run_id=backfill__2026-08-03T00:00:00+00:00, execution_date=20260803T000000, start_date=20260811T061905, end_date=20260811T061929
[2026-08-11T06:19:29.755+0000] {logging_mixin.py:190} INFO - Task instance in success state
[2026-08-11T06:19:29.756+0000] {logging_mixin.py:190} INFO -  Previous state of the Task instance: running
[2026-08-11T06:19:29.757+0000] {logging_mixin.py:190} INFO - Dag name:brewline_pipeline_bigquery queued_at:None
[2026-08-11T06:19:29.758+0000] {logging_mixin.py:190} INFO - Task hostname:5224a343584d operator:DockerOperator
[2026-08-11T06:19:29.807+0000] {local_task_job_runner.py:266} INFO - Task exited with return code 0
[2026-08-11T06:19:29.833+0000] {taskinstance.py:3901} INFO - 1 downstream tasks scheduled from follow-on schedule check
[2026-08-11T06:19:29.836+0000] {local_task_job_runner.py:245} INFO - ::endgroup::
