[2026-08-08T01:21:18.147+0000] {local_task_job_runner.py:123} INFO - ::group::Pre task execution logs
[2026-08-08T01:21:18.164+0000] {taskinstance.py:2614} INFO - Dependencies all met for dep_context=non-requeueable deps ti=<TaskInstance: brewline_pipeline_bigquery.bronze_ingest_bigquery manual__2026-08-08T01:21:15.875598+00:00 [queued]>
[2026-08-08T01:21:18.174+0000] {taskinstance.py:2614} INFO - Dependencies all met for dep_context=requeueable deps ti=<TaskInstance: brewline_pipeline_bigquery.bronze_ingest_bigquery manual__2026-08-08T01:21:15.875598+00:00 [queued]>
[2026-08-08T01:21:18.175+0000] {taskinstance.py:2867} INFO - Starting attempt 1 of 1
[2026-08-08T01:21:18.191+0000] {taskinstance.py:2890} INFO - Executing <Task(DockerOperator): bronze_ingest_bigquery> on 2026-08-08 01:21:15.875598+00:00
[2026-08-08T01:21:18.202+0000] {warnings.py:112} WARNING - /home/***/.local/lib/python3.12/site-packages/***/task/task_runner/standard_task_runner.py:70: DeprecationWarning: This process (pid=246) is multi-threaded, use of fork() may lead to deadlocks in the child.
  pid = os.fork()

[2026-08-08T01:21:18.205+0000] {standard_task_runner.py:72} INFO - Started process 248 to run task
[2026-08-08T01:21:18.204+0000] {standard_task_runner.py:104} INFO - Running: ['***', 'tasks', 'run', 'brewline_pipeline_bigquery', 'bronze_ingest_bigquery', 'manual__2026-08-08T01:21:15.875598+00:00', '--job-id', '31', '--raw', '--subdir', 'DAGS_FOLDER/brewline_pipeline_bigquery_dag.py', '--cfg-path', '/tmp/tmprb9tbr3p']
[2026-08-08T01:21:18.206+0000] {standard_task_runner.py:105} INFO - Job 31: Subtask bronze_ingest_bigquery
[2026-08-08T01:21:18.273+0000] {task_command.py:467} INFO - Running <TaskInstance: brewline_pipeline_bigquery.bronze_ingest_bigquery manual__2026-08-08T01:21:15.875598+00:00 [running]> on host 0c284059da3a
[2026-08-08T01:21:18.370+0000] {taskinstance.py:3134} INFO - Exporting env vars: AIRFLOW_CTX_DAG_OWNER='***' AIRFLOW_CTX_DAG_ID='brewline_pipeline_bigquery' AIRFLOW_CTX_TASK_ID='bronze_ingest_bigquery' AIRFLOW_CTX_EXECUTION_DATE='2026-08-08T01:21:15.875598+00:00' AIRFLOW_CTX_TRY_NUMBER='1' AIRFLOW_CTX_DAG_RUN_ID='manual__2026-08-08T01:21:15.875598+00:00'
[2026-08-08T01:21:18.372+0000] {logging_mixin.py:190} INFO - Task instance is in running state
[2026-08-08T01:21:18.372+0000] {logging_mixin.py:190} INFO -  Previous state of the Task instance: queued
[2026-08-08T01:21:18.373+0000] {logging_mixin.py:190} INFO - Current task name:bronze_ingest_bigquery state:running start_date:2026-08-08 01:21:18.165814+00:00
[2026-08-08T01:21:18.374+0000] {logging_mixin.py:190} INFO - Dag name:brewline_pipeline_bigquery and current dag run status:running
[2026-08-08T01:21:18.374+0000] {taskinstance.py:732} INFO - ::endgroup::
[2026-08-08T01:21:18.429+0000] {docker.py:345} INFO - Starting docker container from image brewline-bronze:latest
[2026-08-08T01:21:26.048+0000] {docker.py:69} INFO - 2026-08-08 01:21:26,046 [INFO] bronze_bigquery: bronze.shopify_orders: 46 rows this run (partition 2026-08-08) -> gs://brewline-data-lake/bronze/source_name=shopify_orders/year=2026/month=08/day=08/part-0000.parquet, 1267 total in BigQuery
[2026-08-08T01:21:29.993+0000] {docker.py:69} INFO - 2026-08-08 01:21:29,992 [INFO] bronze_bigquery: bronze.square_transactions: 32 rows this run (partition 2026-08-08) -> gs://brewline-data-lake/bronze/source_name=square_transactions/year=2026/month=08/day=08/part-0000.parquet, 1188 total in BigQuery
[2026-08-08T01:21:31.444+0000] {docker.py:69} INFO - 2026-08-08 01:21:31,443 [INFO] bronze_bigquery: bronze.recharge_subscriptions: 38 rows this run (full snapshot replace) -> gs://brewline-data-lake/bronze/source_name=recharge_subscriptions/year=2026/month=08/day=08/part-0000.parquet, 38 total in BigQuery
[2026-08-08T01:21:35.455+0000] {docker.py:69} INFO - 2026-08-08 01:21:35,454 [INFO] bronze_bigquery: bronze.zendesk_tickets: 2 rows this run (partition 2026-08-08) -> gs://brewline-data-lake/bronze/source_name=zendesk_tickets/year=2026/month=08/day=08/part-0000.parquet, 72 total in BigQuery
[2026-08-08T01:21:39.758+0000] {docker.py:69} INFO - 2026-08-08 01:21:39,756 [INFO] bronze_bigquery: bronze.shipstation_shipments: 31 rows this run (partition 2026-08-08) -> gs://brewline-data-lake/bronze/source_name=shipstation_shipments/year=2026/month=08/day=08/part-0000.parquet, 1009 total in BigQuery
[2026-08-08T01:21:40.199+0000] {taskinstance.py:341} INFO - ::group::Post task execution logs
[2026-08-08T01:21:40.201+0000] {taskinstance.py:353} INFO - Marking task as SUCCESS. dag_id=brewline_pipeline_bigquery, task_id=bronze_ingest_bigquery, run_id=manual__2026-08-08T01:21:15.875598+00:00, execution_date=20260808T012115, start_date=20260808T012118, end_date=20260808T012140
[2026-08-08T01:21:40.240+0000] {logging_mixin.py:190} INFO - Task instance in success state
[2026-08-08T01:21:40.242+0000] {logging_mixin.py:190} INFO -  Previous state of the Task instance: running
[2026-08-08T01:21:40.243+0000] {logging_mixin.py:190} INFO - Dag name:brewline_pipeline_bigquery queued_at:2026-08-08 01:21:15.894163+00:00
[2026-08-08T01:21:40.245+0000] {logging_mixin.py:190} INFO - Task hostname:0c284059da3a operator:DockerOperator
[2026-08-08T01:21:40.295+0000] {local_task_job_runner.py:266} INFO - Task exited with return code 0
[2026-08-08T01:21:40.335+0000] {taskinstance.py:3901} INFO - 1 downstream tasks scheduled from follow-on schedule check
[2026-08-08T01:21:40.338+0000] {local_task_job_runner.py:245} INFO - ::endgroup::
