[2026-08-04T07:47:21.514+0000] {local_task_job_runner.py:123} INFO - ::group::Pre task execution logs
[2026-08-04T07:47:21.536+0000] {taskinstance.py:2614} INFO - Dependencies all met for dep_context=non-requeueable deps ti=<TaskInstance: brewline_pipeline.bronze_ingest scheduled__2026-08-03T00:00:00+00:00 [queued]>
[2026-08-04T07:47:21.545+0000] {taskinstance.py:2614} INFO - Dependencies all met for dep_context=requeueable deps ti=<TaskInstance: brewline_pipeline.bronze_ingest scheduled__2026-08-03T00:00:00+00:00 [queued]>
[2026-08-04T07:47:21.546+0000] {taskinstance.py:2867} INFO - Starting attempt 1 of 1
[2026-08-04T07:47:21.562+0000] {taskinstance.py:2890} INFO - Executing <Task(DockerOperator): bronze_ingest> on 2026-08-03 00:00:00+00:00
[2026-08-04T07:47:21.574+0000] {warnings.py:112} WARNING - /home/***/.local/lib/python3.12/site-packages/***/task/task_runner/standard_task_runner.py:70: DeprecationWarning: This process (pid=69) is multi-threaded, use of fork() may lead to deadlocks in the child.
  pid = os.fork()

[2026-08-04T07:47:21.578+0000] {standard_task_runner.py:72} INFO - Started process 73 to run task
[2026-08-04T07:47:21.577+0000] {standard_task_runner.py:104} INFO - Running: ['***', 'tasks', 'run', 'brewline_pipeline', 'bronze_ingest', 'scheduled__2026-08-03T00:00:00+00:00', '--job-id', '17', '--raw', '--subdir', 'DAGS_FOLDER/brewline_pipeline_dag.py', '--cfg-path', '/tmp/tmpixfitpqb']
[2026-08-04T07:47:21.579+0000] {standard_task_runner.py:105} INFO - Job 17: Subtask bronze_ingest
[2026-08-04T07:47:21.655+0000] {task_command.py:467} INFO - Running <TaskInstance: brewline_pipeline.bronze_ingest scheduled__2026-08-03T00:00:00+00:00 [running]> on host 3c6904f5cf40
[2026-08-04T07:47:21.792+0000] {taskinstance.py:3134} INFO - Exporting env vars: AIRFLOW_CTX_DAG_OWNER='***' AIRFLOW_CTX_DAG_ID='brewline_pipeline' AIRFLOW_CTX_TASK_ID='bronze_ingest' AIRFLOW_CTX_EXECUTION_DATE='2026-08-03T00:00:00+00:00' AIRFLOW_CTX_TRY_NUMBER='1' AIRFLOW_CTX_DAG_RUN_ID='scheduled__2026-08-03T00:00:00+00:00'
[2026-08-04T07:47:21.795+0000] {logging_mixin.py:190} INFO - Task instance is in running state
[2026-08-04T07:47:21.796+0000] {logging_mixin.py:190} INFO -  Previous state of the Task instance: queued
[2026-08-04T07:47:21.797+0000] {logging_mixin.py:190} INFO - Current task name:bronze_ingest state:running start_date:2026-08-04 07:47:21.537133+00:00
[2026-08-04T07:47:21.798+0000] {logging_mixin.py:190} INFO - Dag name:brewline_pipeline and current dag run status:running
[2026-08-04T07:47:21.798+0000] {taskinstance.py:732} INFO - ::endgroup::
[2026-08-04T07:47:21.875+0000] {docker.py:345} INFO - Starting docker container from image brewline-bronze:latest
[2026-08-04T07:47:24.324+0000] {docker.py:69} INFO - Traceback (most recent call last):
[2026-08-04T07:47:24.325+0000] {docker.py:69} INFO -   File "/opt/project/pipelines/bronze/ingest.py", line 108, in <module>
[2026-08-04T07:47:24.327+0000] {docker.py:69} INFO -     run(run_date=_parse_cli_date())
[2026-08-04T07:47:24.328+0000] {docker.py:69} INFO -   File "/opt/project/pipelines/bronze/ingest.py", line 83, in run
[2026-08-04T07:47:24.330+0000] {docker.py:69} INFO -     con = get_connection()
[2026-08-04T07:47:24.331+0000] {docker.py:69} INFO -           ^^^^^^^^^^^^^^^^
[2026-08-04T07:47:24.332+0000] {docker.py:69} INFO -   File "/opt/project/db.py", line 7, in get_connection
[2026-08-04T07:47:24.333+0000] {docker.py:69} INFO -     con = duckdb.connect(str(DB_PATH))
[2026-08-04T07:47:24.334+0000] {docker.py:69} INFO -           ^^^^^^^^^^^^^^^^^^^^^^^^^^^^
[2026-08-04T07:47:24.335+0000] {docker.py:69} INFO - _duckdb.IOException: IO Error: Could not set lock on file "/opt/project/brewline.duckdb": Conflicting lock is held in PID 0. See also https://duckdb.org/docs/stable/connect/concurrency
[2026-08-04T07:47:24.732+0000] {taskinstance.py:3313} ERROR - Task failed with exception
Traceback (most recent call last):
  File "/home/airflow/.local/lib/python3.12/site-packages/airflow/models/taskinstance.py", line 768, in _execute_task
    result = _execute_callable(context=context, **execute_callable_kwargs)
             ^^^^^^^^^^^^^^^^^^^^^^^^^^^^^^^^^^^^^^^^^^^^^^^^^^^^^^^^^^^^^
  File "/home/airflow/.local/lib/python3.12/site-packages/airflow/models/taskinstance.py", line 734, in _execute_callable
    return ExecutionCallableRunner(
           ^^^^^^^^^^^^^^^^^^^^^^^^
  File "/home/airflow/.local/lib/python3.12/site-packages/airflow/utils/operator_helpers.py", line 252, in run
    return self.func(*args, **kwargs)
           ^^^^^^^^^^^^^^^^^^^^^^^^^^
  File "/home/airflow/.local/lib/python3.12/site-packages/airflow/models/baseoperator.py", line 424, in wrapper
    return func(self, *args, **kwargs)
           ^^^^^^^^^^^^^^^^^^^^^^^^^^^
  File "/home/airflow/.local/lib/python3.12/site-packages/airflow/providers/docker/operators/docker.py", line 485, in execute
    return self._run_image()
           ^^^^^^^^^^^^^^^^^
  File "/home/airflow/.local/lib/python3.12/site-packages/airflow/providers/docker/operators/docker.py", line 362, in _run_image
    return self._run_image_with_mounts(self.mounts, add_tmp_variable=False)
           ^^^^^^^^^^^^^^^^^^^^^^^^^^^^^^^^^^^^^^^^^^^^^^^^^^^^^^^^^^^^^^^^
  File "/home/airflow/.local/lib/python3.12/site-packages/airflow/providers/docker/operators/docker.py", line 419, in _run_image_with_mounts
    raise DockerContainerFailedException(f"Docker container failed: {result!r}", logs=log_lines)
airflow.providers.docker.exceptions.DockerContainerFailedException: Docker container failed: {'StatusCode': 1}
[2026-08-04T07:47:24.745+0000] {logging_mixin.py:190} INFO - Task instance in failure state
[2026-08-04T07:47:24.746+0000] {logging_mixin.py:190} INFO - Task start:2026-08-04 07:47:21.537133+00:00 end:2026-08-04 07:47:24.744117+00:00 duration:3.206984
[2026-08-04T07:47:24.748+0000] {logging_mixin.py:190} INFO - Task:<Task(DockerOperator): bronze_ingest> dag:<DAG: brewline_pipeline> dagrun:<DagRun brewline_pipeline @ 2026-08-03 00:00:00+00:00: scheduled__2026-08-03T00:00:00+00:00, state:running, queued_at: 2026-08-04 07:47:06.528424+00:00. externally triggered: False>
[2026-08-04T07:47:24.750+0000] {logging_mixin.py:190} INFO - Failure caused by Docker container failed: {'StatusCode': 1}
[2026-08-04T07:47:24.752+0000] {taskinstance.py:1226} INFO - Marking task as FAILED. dag_id=brewline_pipeline, task_id=bronze_ingest, run_id=scheduled__2026-08-03T00:00:00+00:00, execution_date=20260803T000000, start_date=20260804T074721, end_date=20260804T074724
[2026-08-04T07:47:24.814+0000] {taskinstance.py:341} INFO - ::group::Post task execution logs
[2026-08-04T07:47:24.816+0000] {standard_task_runner.py:124} ERROR - Failed to execute job 17 for task bronze_ingest (Docker container failed: {'StatusCode': 1}; 73)
Traceback (most recent call last):
  File "/home/airflow/.local/lib/python3.12/site-packages/airflow/task/task_runner/standard_task_runner.py", line 117, in _start_by_fork
    ret = args.func(args, dag=self.dag)
          ^^^^^^^^^^^^^^^^^^^^^^^^^^^^^
  File "/home/airflow/.local/lib/python3.12/site-packages/airflow/cli/cli_config.py", line 49, in command
    return func(*args, **kwargs)
           ^^^^^^^^^^^^^^^^^^^^^
  File "/home/airflow/.local/lib/python3.12/site-packages/airflow/utils/cli.py", line 116, in wrapper
    return f(*args, **kwargs)
           ^^^^^^^^^^^^^^^^^^
  File "/home/airflow/.local/lib/python3.12/site-packages/airflow/cli/commands/task_command.py", line 483, in task_run
    task_return_code = _run_task_by_selected_method(args, _dag, ti)
                       ^^^^^^^^^^^^^^^^^^^^^^^^^^^^^^^^^^^^^^^^^^^^
  File "/home/airflow/.local/lib/python3.12/site-packages/airflow/cli/commands/task_command.py", line 256, in _run_task_by_selected_method
    return _run_raw_task(args, ti)
           ^^^^^^^^^^^^^^^^^^^^^^^
  File "/home/airflow/.local/lib/python3.12/site-packages/airflow/cli/commands/task_command.py", line 341, in _run_raw_task
    return ti._run_raw_task(
           ^^^^^^^^^^^^^^^^^
  File "/home/airflow/.local/lib/python3.12/site-packages/airflow/utils/session.py", line 97, in wrapper
    return func(*args, session=session, **kwargs)
           ^^^^^^^^^^^^^^^^^^^^^^^^^^^^^^^^^^^^^^
  File "/home/airflow/.local/lib/python3.12/site-packages/airflow/models/taskinstance.py", line 3006, in _run_raw_task
    return _run_raw_task(
           ^^^^^^^^^^^^^^
  File "/home/airflow/.local/lib/python3.12/site-packages/airflow/models/taskinstance.py", line 274, in _run_raw_task
    TaskInstance._execute_task_with_callbacks(
  File "/home/airflow/.local/lib/python3.12/site-packages/airflow/models/taskinstance.py", line 3161, in _execute_task_with_callbacks
    result = self._execute_task(context, task_orig)
             ^^^^^^^^^^^^^^^^^^^^^^^^^^^^^^^^^^^^^^
  File "/home/airflow/.local/lib/python3.12/site-packages/airflow/models/taskinstance.py", line 3185, in _execute_task
    return _execute_task(self, context, task_orig)
           ^^^^^^^^^^^^^^^^^^^^^^^^^^^^^^^^^^^^^^^
  File "/home/airflow/.local/lib/python3.12/site-packages/airflow/models/taskinstance.py", line 768, in _execute_task
    result = _execute_callable(context=context, **execute_callable_kwargs)
             ^^^^^^^^^^^^^^^^^^^^^^^^^^^^^^^^^^^^^^^^^^^^^^^^^^^^^^^^^^^^^
  File "/home/airflow/.local/lib/python3.12/site-packages/airflow/models/taskinstance.py", line 734, in _execute_callable
    return ExecutionCallableRunner(
           ^^^^^^^^^^^^^^^^^^^^^^^^
  File "/home/airflow/.local/lib/python3.12/site-packages/airflow/utils/operator_helpers.py", line 252, in run
    return self.func(*args, **kwargs)
           ^^^^^^^^^^^^^^^^^^^^^^^^^^
  File "/home/airflow/.local/lib/python3.12/site-packages/airflow/models/baseoperator.py", line 424, in wrapper
    return func(self, *args, **kwargs)
           ^^^^^^^^^^^^^^^^^^^^^^^^^^^
  File "/home/airflow/.local/lib/python3.12/site-packages/airflow/providers/docker/operators/docker.py", line 485, in execute
    return self._run_image()
           ^^^^^^^^^^^^^^^^^
  File "/home/airflow/.local/lib/python3.12/site-packages/airflow/providers/docker/operators/docker.py", line 362, in _run_image
    return self._run_image_with_mounts(self.mounts, add_tmp_variable=False)
           ^^^^^^^^^^^^^^^^^^^^^^^^^^^^^^^^^^^^^^^^^^^^^^^^^^^^^^^^^^^^^^^^
  File "/home/airflow/.local/lib/python3.12/site-packages/airflow/providers/docker/operators/docker.py", line 419, in _run_image_with_mounts
    raise DockerContainerFailedException(f"Docker container failed: {result!r}", logs=log_lines)
airflow.providers.docker.exceptions.DockerContainerFailedException: Docker container failed: {'StatusCode': 1}
[2026-08-04T07:47:24.846+0000] {local_task_job_runner.py:266} INFO - Task exited with return code 1
[2026-08-04T07:47:24.883+0000] {taskinstance.py:3901} INFO - 0 downstream tasks scheduled from follow-on schedule check
[2026-08-04T07:47:24.889+0000] {local_task_job_runner.py:245} INFO - ::endgroup::
