[2026-08-11T05:33:49.283+0000] {local_task_job_runner.py:123} INFO - ::group::Pre task execution logs
[2026-08-11T05:33:49.300+0000] {taskinstance.py:2614} INFO - Dependencies all met for dep_context=non-requeueable deps ti=<TaskInstance: brewline_pipeline_bigquery.bronze_ingest_bigquery backfill__2026-07-09T00:00:00+00:00 [queued]>
[2026-08-11T05:33:49.308+0000] {taskinstance.py:2614} INFO - Dependencies all met for dep_context=requeueable deps ti=<TaskInstance: brewline_pipeline_bigquery.bronze_ingest_bigquery backfill__2026-07-09T00:00:00+00:00 [queued]>
[2026-08-11T05:33:49.309+0000] {taskinstance.py:2867} INFO - Starting attempt 2 of 2
[2026-08-11T05:33:49.324+0000] {taskinstance.py:2890} INFO - Executing <Task(DockerOperator): bronze_ingest_bigquery> on 2026-07-09 00:00:00+00:00
[2026-08-11T05:33:49.334+0000] {warnings.py:112} WARNING - /home/***/.local/lib/python3.12/site-packages/***/task/task_runner/standard_task_runner.py:70: DeprecationWarning: This process (pid=858) is multi-threaded, use of fork() may lead to deadlocks in the child.
  pid = os.fork()

[2026-08-11T05:33:49.337+0000] {standard_task_runner.py:72} INFO - Started process 860 to run task
[2026-08-11T05:33:49.336+0000] {standard_task_runner.py:104} INFO - Running: ['***', 'tasks', 'run', 'brewline_pipeline_bigquery', 'bronze_ingest_bigquery', 'backfill__2026-07-09T00:00:00+00:00', '--job-id', '74', '--pool', 'default_pool', '--raw', '--subdir', 'DAGS_FOLDER/brewline_pipeline_bigquery_dag.py', '--cfg-path', '/tmp/tmps977svo7']
[2026-08-11T05:33:49.338+0000] {standard_task_runner.py:105} INFO - Job 74: Subtask bronze_ingest_bigquery
[2026-08-11T05:33:49.399+0000] {task_command.py:467} INFO - Running <TaskInstance: brewline_pipeline_bigquery.bronze_ingest_bigquery backfill__2026-07-09T00:00:00+00:00 [running]> on host 5224a343584d
[2026-08-11T05:33:49.502+0000] {taskinstance.py:3134} INFO - Exporting env vars: AIRFLOW_CTX_DAG_OWNER='***' AIRFLOW_CTX_DAG_ID='brewline_pipeline_bigquery' AIRFLOW_CTX_TASK_ID='bronze_ingest_bigquery' AIRFLOW_CTX_EXECUTION_DATE='2026-07-09T00:00:00+00:00' AIRFLOW_CTX_TRY_NUMBER='2' AIRFLOW_CTX_DAG_RUN_ID='backfill__2026-07-09T00:00:00+00:00'
[2026-08-11T05:33:49.504+0000] {logging_mixin.py:190} INFO - Task instance is in running state
[2026-08-11T05:33:49.505+0000] {logging_mixin.py:190} INFO -  Previous state of the Task instance: queued
[2026-08-11T05:33:49.506+0000] {logging_mixin.py:190} INFO - Current task name:bronze_ingest_bigquery state:running start_date:2026-08-11 05:33:49.301136+00:00
[2026-08-11T05:33:49.506+0000] {logging_mixin.py:190} INFO - Dag name:brewline_pipeline_bigquery and current dag run status:running
[2026-08-11T05:33:49.507+0000] {taskinstance.py:732} INFO - ::endgroup::
[2026-08-11T05:33:49.562+0000] {docker.py:345} INFO - Starting docker container from image brewline-bronze:latest
[2026-08-11T05:33:55.525+0000] {docker.py:69} INFO - 2026-08-11 05:33:55,523 [INFO] bronze_bigquery: bronze.shopify_orders: 42 rows this run (partition 2026-07-09) -> gs://brewline-data-lake/bronze/source_name=shopify_orders/year=2026/month=07/day=09/part-0000.parquet, 80 total in BigQuery
[2026-08-11T05:33:59.783+0000] {docker.py:69} INFO - 2026-08-11 05:33:59,782 [INFO] bronze_bigquery: bronze.square_transactions: 36 rows this run (partition 2026-07-09) -> gs://brewline-data-lake/bronze/source_name=square_transactions/year=2026/month=07/day=09/part-0000.parquet, 71 total in BigQuery
[2026-08-11T05:34:01.378+0000] {docker.py:69} INFO - 2026-08-11 05:34:01,377 [INFO] bronze_bigquery: bronze.recharge_subscriptions: 35 rows this run (full snapshot replace) -> gs://brewline-data-lake/bronze/source_name=recharge_subscriptions/year=2026/month=07/day=09/part-0000.parquet, 35 total in BigQuery
[2026-08-11T05:34:01.404+0000] {docker.py:69} INFO - 2026-08-11 05:34:01,403 [INFO] bronze_bigquery: no raw file for 'zendesk_tickets' on 2026-07-09 -- treating as zero rows (not required daily)
[2026-08-11T05:34:01.405+0000] {docker.py:69} INFO - 2026-08-11 05:34:01,404 [INFO] bronze_bigquery: bronze.zendesk_tickets: skipped, no data for 2026-07-09
[2026-08-11T05:34:05.047+0000] {docker.py:69} INFO - 2026-08-11 05:34:05,046 [INFO] bronze_bigquery: bronze.shipstation_shipments: 18 rows this run (partition 2026-07-09) -> gs://brewline-data-lake/bronze/source_name=shipstation_shipments/year=2026/month=07/day=09/part-0000.parquet, 677 total in BigQuery
[2026-08-11T05:34:05.416+0000] {taskinstance.py:341} INFO - ::group::Post task execution logs
[2026-08-11T05:34:05.418+0000] {taskinstance.py:353} INFO - Marking task as SUCCESS. dag_id=brewline_pipeline_bigquery, task_id=bronze_ingest_bigquery, run_id=backfill__2026-07-09T00:00:00+00:00, execution_date=20260709T000000, start_date=20260811T053349, end_date=20260811T053405
[2026-08-11T05:34:05.455+0000] {logging_mixin.py:190} INFO - Task instance in success state
[2026-08-11T05:34:05.457+0000] {logging_mixin.py:190} INFO -  Previous state of the Task instance: running
[2026-08-11T05:34:05.458+0000] {logging_mixin.py:190} INFO - Dag name:brewline_pipeline_bigquery queued_at:2026-08-11 05:31:04.356000+00:00
[2026-08-11T05:34:05.459+0000] {logging_mixin.py:190} INFO - Task hostname:5224a343584d operator:DockerOperator
[2026-08-11T05:34:05.518+0000] {local_task_job_runner.py:266} INFO - Task exited with return code 0
[2026-08-11T05:34:05.554+0000] {taskinstance.py:3901} INFO - 1 downstream tasks scheduled from follow-on schedule check
[2026-08-11T05:34:05.556+0000] {local_task_job_runner.py:245} INFO - ::endgroup::
