[2026-08-11T04:34:36.242+0000] {local_task_job_runner.py:123} INFO - ::group::Pre task execution logs
[2026-08-11T04:34:36.259+0000] {taskinstance.py:2614} INFO - Dependencies all met for dep_context=non-requeueable deps ti=<TaskInstance: brewline_pipeline_bigquery.bronze_ingest_bigquery backfill__2026-07-09T00:00:00+00:00 [queued]>
[2026-08-11T04:34:36.267+0000] {taskinstance.py:2614} INFO - Dependencies all met for dep_context=requeueable deps ti=<TaskInstance: brewline_pipeline_bigquery.bronze_ingest_bigquery backfill__2026-07-09T00:00:00+00:00 [queued]>
[2026-08-11T04:34:36.268+0000] {taskinstance.py:2867} INFO - Starting attempt 1 of 1
[2026-08-11T04:34:36.281+0000] {taskinstance.py:2890} INFO - Executing <Task(DockerOperator): bronze_ingest_bigquery> on 2026-07-09 00:00:00+00:00
[2026-08-11T04:34:36.290+0000] {warnings.py:112} WARNING - /home/***/.local/lib/python3.12/site-packages/***/task/task_runner/standard_task_runner.py:70: DeprecationWarning: This process (pid=81) is multi-threaded, use of fork() may lead to deadlocks in the child.
  pid = os.fork()

[2026-08-11T04:34:36.292+0000] {standard_task_runner.py:104} INFO - Running: ['***', 'tasks', 'run', 'brewline_pipeline_bigquery', 'bronze_ingest_bigquery', 'backfill__2026-07-09T00:00:00+00:00', '--job-id', '66', '--pool', 'default_pool', '--raw', '--subdir', 'DAGS_FOLDER/brewline_pipeline_bigquery_dag.py', '--cfg-path', '/tmp/tmpurwl829p']
[2026-08-11T04:34:36.293+0000] {standard_task_runner.py:72} INFO - Started process 83 to run task
[2026-08-11T04:34:36.293+0000] {standard_task_runner.py:105} INFO - Job 66: Subtask bronze_ingest_bigquery
[2026-08-11T04:34:36.354+0000] {task_command.py:467} INFO - Running <TaskInstance: brewline_pipeline_bigquery.bronze_ingest_bigquery backfill__2026-07-09T00:00:00+00:00 [running]> on host 5224a343584d
[2026-08-11T04:34:36.456+0000] {taskinstance.py:3134} INFO - Exporting env vars: AIRFLOW_CTX_DAG_OWNER='***' AIRFLOW_CTX_DAG_ID='brewline_pipeline_bigquery' AIRFLOW_CTX_TASK_ID='bronze_ingest_bigquery' AIRFLOW_CTX_EXECUTION_DATE='2026-07-09T00:00:00+00:00' AIRFLOW_CTX_TRY_NUMBER='1' AIRFLOW_CTX_DAG_RUN_ID='backfill__2026-07-09T00:00:00+00:00'
[2026-08-11T04:34:36.459+0000] {logging_mixin.py:190} INFO - Task instance is in running state
[2026-08-11T04:34:36.459+0000] {logging_mixin.py:190} INFO -  Previous state of the Task instance: queued
[2026-08-11T04:34:36.460+0000] {logging_mixin.py:190} INFO - Current task name:bronze_ingest_bigquery state:running start_date:2026-08-11 04:34:36.260196+00:00
[2026-08-11T04:34:36.461+0000] {logging_mixin.py:190} INFO - Dag name:brewline_pipeline_bigquery and current dag run status:running
[2026-08-11T04:34:36.462+0000] {taskinstance.py:732} INFO - ::endgroup::
[2026-08-11T04:34:36.539+0000] {docker.py:345} INFO - Starting docker container from image brewline-bronze:latest
[2026-08-11T04:34:42.767+0000] {docker.py:69} INFO - 2026-08-11 04:34:42,766 [INFO] bronze_bigquery: bronze.shopify_orders: 42 rows this run (partition 2026-07-09) -> gs://brewline-data-lake/bronze/source_name=shopify_orders/year=2026/month=07/day=09/part-0000.parquet, 80 total in BigQuery
[2026-08-11T04:34:46.812+0000] {docker.py:69} INFO - 2026-08-11 04:34:46,810 [INFO] bronze_bigquery: bronze.square_transactions: 36 rows this run (partition 2026-07-09) -> gs://brewline-data-lake/bronze/source_name=square_transactions/year=2026/month=07/day=09/part-0000.parquet, 71 total in BigQuery
[2026-08-11T04:34:48.701+0000] {docker.py:69} INFO - 2026-08-11 04:34:48,700 [INFO] bronze_bigquery: bronze.recharge_subscriptions: 35 rows this run (full snapshot replace) -> gs://brewline-data-lake/bronze/source_name=recharge_subscriptions/year=2026/month=07/day=09/part-0000.parquet, 35 total in BigQuery
[2026-08-11T04:34:48.733+0000] {docker.py:69} INFO - 2026-08-11 04:34:48,731 [INFO] bronze_bigquery: no raw file for 'zendesk_tickets' on 2026-07-09 -- treating as zero rows (not required daily)
[2026-08-11T04:34:48.734+0000] {docker.py:69} INFO - 2026-08-11 04:34:48,732 [INFO] bronze_bigquery: bronze.zendesk_tickets: skipped, no data for 2026-07-09
[2026-08-11T04:34:52.202+0000] {docker.py:69} INFO - 2026-08-11 04:34:52,201 [INFO] bronze_bigquery: bronze.shipstation_shipments: 18 rows this run (partition 2026-07-09) -> gs://brewline-data-lake/bronze/source_name=shipstation_shipments/year=2026/month=07/day=09/part-0000.parquet, 677 total in BigQuery
[2026-08-11T04:34:52.641+0000] {taskinstance.py:341} INFO - ::group::Post task execution logs
[2026-08-11T04:34:52.643+0000] {taskinstance.py:353} INFO - Marking task as SUCCESS. dag_id=brewline_pipeline_bigquery, task_id=bronze_ingest_bigquery, run_id=backfill__2026-07-09T00:00:00+00:00, execution_date=20260709T000000, start_date=20260811T043436, end_date=20260811T043452
[2026-08-11T04:34:52.693+0000] {logging_mixin.py:190} INFO - Task instance in success state
[2026-08-11T04:34:52.695+0000] {logging_mixin.py:190} INFO -  Previous state of the Task instance: running
[2026-08-11T04:34:52.697+0000] {logging_mixin.py:190} INFO - Dag name:brewline_pipeline_bigquery queued_at:None
[2026-08-11T04:34:52.698+0000] {logging_mixin.py:190} INFO - Task hostname:5224a343584d operator:DockerOperator
[2026-08-11T04:34:52.730+0000] {local_task_job_runner.py:266} INFO - Task exited with return code 0
[2026-08-11T04:34:52.772+0000] {taskinstance.py:3901} INFO - 1 downstream tasks scheduled from follow-on schedule check
[2026-08-11T04:34:52.775+0000] {local_task_job_runner.py:245} INFO - ::endgroup::
