[2026-08-11T05:34:07.974+0000] {local_task_job_runner.py:123} INFO - ::group::Pre task execution logs
[2026-08-11T05:34:07.996+0000] {taskinstance.py:2614} INFO - Dependencies all met for dep_context=non-requeueable deps ti=<TaskInstance: brewline_pipeline_bigquery.dbt_run_bigquery backfill__2026-07-09T00:00:00+00:00 [queued]>
[2026-08-11T05:34:08.006+0000] {taskinstance.py:2614} INFO - Dependencies all met for dep_context=requeueable deps ti=<TaskInstance: brewline_pipeline_bigquery.dbt_run_bigquery backfill__2026-07-09T00:00:00+00:00 [queued]>
[2026-08-11T05:34:08.007+0000] {taskinstance.py:2867} INFO - Starting attempt 2 of 2
[2026-08-11T05:34:08.021+0000] {taskinstance.py:2890} INFO - Executing <Task(DockerOperator): dbt_run_bigquery> on 2026-07-09 00:00:00+00:00
[2026-08-11T05:34:08.030+0000] {warnings.py:112} WARNING - /home/***/.local/lib/python3.12/site-packages/***/task/task_runner/standard_task_runner.py:70: DeprecationWarning: This process (pid=869) is multi-threaded, use of fork() may lead to deadlocks in the child.
  pid = os.fork()

[2026-08-11T05:34:08.032+0000] {standard_task_runner.py:72} INFO - Started process 871 to run task
[2026-08-11T05:34:08.032+0000] {standard_task_runner.py:104} INFO - Running: ['***', 'tasks', 'run', 'brewline_pipeline_bigquery', 'dbt_run_bigquery', 'backfill__2026-07-09T00:00:00+00:00', '--job-id', '75', '--pool', 'default_pool', '--raw', '--subdir', 'DAGS_FOLDER/brewline_pipeline_bigquery_dag.py', '--cfg-path', '/tmp/tmpc9m0tri7']
[2026-08-11T05:34:08.033+0000] {standard_task_runner.py:105} INFO - Job 75: Subtask dbt_run_bigquery
[2026-08-11T05:34:08.088+0000] {task_command.py:467} INFO - Running <TaskInstance: brewline_pipeline_bigquery.dbt_run_bigquery backfill__2026-07-09T00:00:00+00:00 [running]> on host 5224a343584d
[2026-08-11T05:34:08.185+0000] {taskinstance.py:3134} INFO - Exporting env vars: AIRFLOW_CTX_DAG_OWNER='***' AIRFLOW_CTX_DAG_ID='brewline_pipeline_bigquery' AIRFLOW_CTX_TASK_ID='dbt_run_bigquery' AIRFLOW_CTX_EXECUTION_DATE='2026-07-09T00:00:00+00:00' AIRFLOW_CTX_TRY_NUMBER='2' AIRFLOW_CTX_DAG_RUN_ID='backfill__2026-07-09T00:00:00+00:00'
[2026-08-11T05:34:08.188+0000] {logging_mixin.py:190} INFO - Task instance is in running state
[2026-08-11T05:34:08.189+0000] {logging_mixin.py:190} INFO -  Previous state of the Task instance: queued
[2026-08-11T05:34:08.189+0000] {logging_mixin.py:190} INFO - Current task name:dbt_run_bigquery state:running start_date:2026-08-11 05:34:07.997148+00:00
[2026-08-11T05:34:08.190+0000] {logging_mixin.py:190} INFO - Dag name:brewline_pipeline_bigquery and current dag run status:running
[2026-08-11T05:34:08.191+0000] {taskinstance.py:732} INFO - ::endgroup::
[2026-08-11T05:34:08.255+0000] {docker.py:345} INFO - Starting docker container from image brewline-dbt:latest
[2026-08-11T05:34:10.594+0000] {docker.py:69} INFO - [0m05:34:10  Running with dbt=1.12.0
[2026-08-11T05:34:11.185+0000] {docker.py:69} INFO - [0m05:34:11  Installing dbt-labs/dbt_utils
[2026-08-11T05:34:16.147+0000] {docker.py:69} INFO - [0m05:34:16  Installed from version 1.4.1
[2026-08-11T05:34:16.149+0000] {docker.py:69} INFO - [0m05:34:16  Up to date!
[2026-08-11T05:34:19.802+0000] {docker.py:69} INFO - [0m05:34:19  Running with dbt=1.12.0
[2026-08-11T05:34:21.045+0000] {docker.py:69} INFO - [0m05:34:21  Registered adapter: bigquery=1.12.0
[2026-08-11T05:34:22.566+0000] {docker.py:69} INFO - [0m05:34:22  Found 9 models, 52 data tests, 2 seeds, 5 sources, 699 macros
[2026-08-11T05:34:22.574+0000] {docker.py:69} INFO - [0m05:34:22
[2026-08-11T05:34:22.577+0000] {docker.py:69} INFO - [0m05:34:22  Concurrency: 4 threads (target='bigquery')
[2026-08-11T05:34:22.578+0000] {docker.py:69} INFO - [0m05:34:22
[2026-08-11T05:34:22.598+0000] {docker.py:69} INFO - WARNING:google.auth._default:No project ID could be determined. Consider running `gcloud config set project` or setting the GOOGLE_CLOUD_PROJECT environment variable
[2026-08-11T05:34:22.599+0000] {docker.py:69} INFO - WARNING:google.auth._default:No project ID could be determined. Consider running `gcloud config set project` or setting the GOOGLE_CLOUD_PROJECT environment variable
[2026-08-11T05:34:23.607+0000] {docker.py:69} INFO - [0m05:34:23  1 of 9 START sql incremental model silver.stg_customers ........................ [RUN]
[2026-08-11T05:34:23.609+0000] {docker.py:69} INFO - [0m05:34:23  2 of 9 START sql incremental model silver.stg_orders ........................... [RUN]
[2026-08-11T05:34:23.611+0000] {docker.py:69} INFO - [0m05:34:23  3 of 9 START sql incremental model silver.stg_refunds .......................... [RUN]
[2026-08-11T05:34:23.613+0000] {docker.py:69} INFO - [0m05:34:23  4 of 9 START sql table model silver.stg_subscriptions .......................... [RUN]
[2026-08-11T05:34:25.485+0000] {docker.py:69} INFO - [0m05:34:25  3 of 9 OK created sql incremental model silver.stg_refunds ..................... [[32mMERGE (0.0 rows, 39.9 KiB processed)[0m in 1.86s]
[2026-08-11T05:34:25.487+0000] {docker.py:69} INFO - [0m05:34:25  1 of 9 OK created sql incremental model silver.stg_customers ................... [[32mMERGE (0.0 rows, 8.1 KiB processed)[0m in 1.87s]
[2026-08-11T05:34:25.531+0000] {docker.py:69} INFO - [0m05:34:25  4 of 9 OK created sql table model silver.stg_subscriptions ..................... [[32mCREATE TABLE (35.0 rows, 2.6 KiB processed)[0m in 1.91s]
[2026-08-11T05:34:25.536+0000] {docker.py:69} INFO - [0m05:34:25  5 of 9 START sql table model gold.fact_subscription_churn ...................... [RUN]
[2026-08-11T05:34:25.652+0000] {docker.py:69} INFO - [0m05:34:25  2 of 9 OK created sql incremental model silver.stg_orders ...................... [[32mMERGE (0.0 rows, 17.9 KiB processed)[0m in 2.03s]
[2026-08-11T05:34:25.657+0000] {docker.py:69} INFO - [0m05:34:25  6 of 9 START sql table model gold.fact_customer_health ......................... [RUN]
[2026-08-11T05:34:25.659+0000] {docker.py:69} INFO - [0m05:34:25  7 of 9 START sql table model gold.fact_customer_rfm ............................ [RUN]
[2026-08-11T05:34:25.662+0000] {docker.py:69} INFO - [0m05:34:25  8 of 9 START sql table model gold.fact_refund_alerts ........................... [RUN]
[2026-08-11T05:34:27.069+0000] {docker.py:69} INFO - [0m05:34:27  5 of 9 OK created sql table model gold.fact_subscription_churn ................. [[32mCREATE TABLE (35.0 rows, 1.7 KiB processed)[0m in 1.53s]
[2026-08-11T05:34:27.077+0000] {docker.py:69} INFO - [0m05:34:27  9 of 9 START sql table model gold.fact_weekly_revenue .......................... [RUN]
[2026-08-11T05:34:27.226+0000] {docker.py:69} INFO - [0m05:34:27  6 of 9 OK created sql table model gold.fact_customer_health .................... [[32mCREATE TABLE (67.0 rows, 5.6 KiB processed)[0m in 1.56s]
[2026-08-11T05:34:27.755+0000] {docker.py:69} INFO - [0m05:34:27  8 of 9 OK created sql table model gold.fact_refund_alerts ...................... [[32mCREATE TABLE (7.0 rows, 968.0 Bytes processed)[0m in 2.09s]
[2026-08-11T05:34:28.037+0000] {docker.py:69} INFO - [0m05:34:28  7 of 9 OK created sql table model gold.fact_customer_rfm ....................... [[32mCREATE TABLE (67.0 rows, 8.9 KiB processed)[0m in 2.37s]
[2026-08-11T05:34:28.878+0000] {docker.py:69} INFO - [0m05:34:28  9 of 9 OK created sql table model gold.fact_weekly_revenue ..................... [[32mCREATE TABLE (3.0 rows, 4.2 KiB processed)[0m in 1.80s]
[2026-08-11T05:34:28.892+0000] {docker.py:69} INFO - [0m05:34:28
[2026-08-11T05:34:28.894+0000] {docker.py:69} INFO - [0m05:34:28  Finished running 3 incremental models, 6 table models in 0 hours 0 minutes and 6.31 seconds (6.31s).
[2026-08-11T05:34:29.065+0000] {docker.py:69} INFO - [0m05:34:29
[2026-08-11T05:34:29.067+0000] {docker.py:69} INFO - [0m05:34:29  [32mCompleted successfully[0m
[2026-08-11T05:34:29.068+0000] {docker.py:69} INFO - [0m05:34:29
[2026-08-11T05:34:29.070+0000] {docker.py:69} INFO - [0m05:34:29  Done. PASS=9 WARN=0 ERROR=0 SKIP=0 NO-OP=0 REUSED=0 TOTAL=9
[2026-08-11T05:34:31.324+0000] {taskinstance.py:341} INFO - ::group::Post task execution logs
[2026-08-11T05:34:31.326+0000] {taskinstance.py:353} INFO - Marking task as SUCCESS. dag_id=brewline_pipeline_bigquery, task_id=dbt_run_bigquery, run_id=backfill__2026-07-09T00:00:00+00:00, execution_date=20260709T000000, start_date=20260811T053407, end_date=20260811T053431
[2026-08-11T05:34:31.371+0000] {logging_mixin.py:190} INFO - Task instance in success state
[2026-08-11T05:34:31.372+0000] {logging_mixin.py:190} INFO -  Previous state of the Task instance: running
[2026-08-11T05:34:31.374+0000] {logging_mixin.py:190} INFO - Dag name:brewline_pipeline_bigquery queued_at:2026-08-11 05:31:04.356000+00:00
[2026-08-11T05:34:31.375+0000] {logging_mixin.py:190} INFO - Task hostname:5224a343584d operator:DockerOperator
[2026-08-11T05:34:31.410+0000] {local_task_job_runner.py:266} INFO - Task exited with return code 0
[2026-08-11T05:34:31.440+0000] {taskinstance.py:3901} INFO - 1 downstream tasks scheduled from follow-on schedule check
[2026-08-11T05:34:31.443+0000] {local_task_job_runner.py:245} INFO - ::endgroup::
