[2026-08-11T04:34:54.918+0000] {local_task_job_runner.py:123} INFO - ::group::Pre task execution logs
[2026-08-11T04:34:54.944+0000] {taskinstance.py:2614} INFO - Dependencies all met for dep_context=non-requeueable deps ti=<TaskInstance: brewline_pipeline_bigquery.dbt_run_bigquery backfill__2026-07-09T00:00:00+00:00 [queued]>
[2026-08-11T04:34:54.954+0000] {taskinstance.py:2614} INFO - Dependencies all met for dep_context=requeueable deps ti=<TaskInstance: brewline_pipeline_bigquery.dbt_run_bigquery backfill__2026-07-09T00:00:00+00:00 [queued]>
[2026-08-11T04:34:54.955+0000] {taskinstance.py:2867} INFO - Starting attempt 1 of 1
[2026-08-11T04:34:54.969+0000] {taskinstance.py:2890} INFO - Executing <Task(DockerOperator): dbt_run_bigquery> on 2026-07-09 00:00:00+00:00
[2026-08-11T04:34:54.979+0000] {warnings.py:112} WARNING - /home/***/.local/lib/python3.12/site-packages/***/task/task_runner/standard_task_runner.py:70: DeprecationWarning: This process (pid=85) is multi-threaded, use of fork() may lead to deadlocks in the child.
  pid = os.fork()

[2026-08-11T04:34:54.982+0000] {standard_task_runner.py:72} INFO - Started process 87 to run task
[2026-08-11T04:34:54.981+0000] {standard_task_runner.py:104} INFO - Running: ['***', 'tasks', 'run', 'brewline_pipeline_bigquery', 'dbt_run_bigquery', 'backfill__2026-07-09T00:00:00+00:00', '--job-id', '67', '--pool', 'default_pool', '--raw', '--subdir', 'DAGS_FOLDER/brewline_pipeline_bigquery_dag.py', '--cfg-path', '/tmp/tmpz8k17fjh']
[2026-08-11T04:34:54.983+0000] {standard_task_runner.py:105} INFO - Job 67: Subtask dbt_run_bigquery
[2026-08-11T04:34:55.049+0000] {task_command.py:467} INFO - Running <TaskInstance: brewline_pipeline_bigquery.dbt_run_bigquery backfill__2026-07-09T00:00:00+00:00 [running]> on host 5224a343584d
[2026-08-11T04:34:55.131+0000] {taskinstance.py:3134} INFO - Exporting env vars: AIRFLOW_CTX_DAG_OWNER='***' AIRFLOW_CTX_DAG_ID='brewline_pipeline_bigquery' AIRFLOW_CTX_TASK_ID='dbt_run_bigquery' AIRFLOW_CTX_EXECUTION_DATE='2026-07-09T00:00:00+00:00' AIRFLOW_CTX_TRY_NUMBER='1' AIRFLOW_CTX_DAG_RUN_ID='backfill__2026-07-09T00:00:00+00:00'
[2026-08-11T04:34:55.134+0000] {logging_mixin.py:190} INFO - Task instance is in running state
[2026-08-11T04:34:55.135+0000] {logging_mixin.py:190} INFO -  Previous state of the Task instance: queued
[2026-08-11T04:34:55.136+0000] {logging_mixin.py:190} INFO - Current task name:dbt_run_bigquery state:running start_date:2026-08-11 04:34:54.945084+00:00
[2026-08-11T04:34:55.136+0000] {logging_mixin.py:190} INFO - Dag name:brewline_pipeline_bigquery and current dag run status:running
[2026-08-11T04:34:55.137+0000] {taskinstance.py:732} INFO - ::endgroup::
[2026-08-11T04:34:55.189+0000] {docker.py:345} INFO - Starting docker container from image brewline-dbt:latest
[2026-08-11T04:34:58.515+0000] {docker.py:69} INFO - [0m04:34:58  Running with dbt=1.12.0
[2026-08-11T04:34:59.273+0000] {docker.py:69} INFO - [0m04:34:59  Installing dbt-labs/dbt_utils
[2026-08-11T04:35:04.962+0000] {docker.py:69} INFO - [0m04:35:04  Installed from version 1.4.1
[2026-08-11T04:35:04.963+0000] {docker.py:69} INFO - [0m04:35:04  Up to date!
[2026-08-11T04:35:08.204+0000] {docker.py:69} INFO - [0m04:35:08  Running with dbt=1.12.0
[2026-08-11T04:35:09.902+0000] {docker.py:69} INFO - [0m04:35:09  Registered adapter: bigquery=1.12.0
[2026-08-11T04:35:10.941+0000] {docker.py:69} INFO - [0m04:35:10  Unable to do partial parsing because an error occurred. Switching to full reparse.
[2026-08-11T04:35:13.068+0000] {docker.py:69} INFO - [0m04:35:13  [[33mWARNING[0m][MissingArgumentsPropertyInGenericTestDeprecation]: Deprecated
[2026-08-11T04:35:13.069+0000] {docker.py:69} INFO - functionality
[2026-08-11T04:35:13.069+0000] {docker.py:69} INFO - Found top-level arguments to test `accepted_values` defined on
[2026-08-11T04:35:13.070+0000] {docker.py:69} INFO - 'fact_customer_health' in package 'brewline_dbt'
[2026-08-11T04:35:13.071+0000] {docker.py:69} INFO - (models/marts/fact_customer_health.yml). Arguments to generic tests should be
[2026-08-11T04:35:13.071+0000] {docker.py:69} INFO - nested under the `arguments` property.
[2026-08-11T04:35:13.794+0000] {docker.py:69} INFO - [0m04:35:13  Found 9 models, 52 data tests, 2 seeds, 5 sources, 699 macros
[2026-08-11T04:35:13.799+0000] {docker.py:69} INFO - [0m04:35:13
[2026-08-11T04:35:13.800+0000] {docker.py:69} INFO - [0m04:35:13  Concurrency: 4 threads (target='bigquery')
[2026-08-11T04:35:13.801+0000] {docker.py:69} INFO - [0m04:35:13
[2026-08-11T04:35:13.815+0000] {docker.py:69} INFO - WARNING:google.auth._default:No project ID could be determined. Consider running `gcloud config set project` or setting the GOOGLE_CLOUD_PROJECT environment variable
[2026-08-11T04:35:13.817+0000] {docker.py:69} INFO - WARNING:google.auth._default:No project ID could be determined. Consider running `gcloud config set project` or setting the GOOGLE_CLOUD_PROJECT environment variable
[2026-08-11T04:35:14.857+0000] {docker.py:69} INFO - [0m04:35:14  1 of 9 START sql incremental model silver.stg_customers ........................ [RUN]
[2026-08-11T04:35:14.858+0000] {docker.py:69} INFO - [0m04:35:14  2 of 9 START sql incremental model silver.stg_orders ........................... [RUN]
[2026-08-11T04:35:14.860+0000] {docker.py:69} INFO - [0m04:35:14  3 of 9 START sql incremental model silver.stg_refunds .......................... [RUN]
[2026-08-11T04:35:14.861+0000] {docker.py:69} INFO - [0m04:35:14  4 of 9 START sql table model silver.stg_subscriptions .......................... [RUN]
[2026-08-11T04:35:16.726+0000] {docker.py:69} INFO - [0m04:35:16  1 of 9 OK created sql incremental model silver.stg_customers ................... [[32mMERGE (45.0 rows, 7.0 KiB processed)[0m in 1.86s]
[2026-08-11T04:35:16.738+0000] {docker.py:69} INFO - [0m04:35:16  3 of 9 OK created sql incremental model silver.stg_refunds ..................... [[32mMERGE (1.0 rows, 39.8 KiB processed)[0m in 1.87s]
[2026-08-11T04:35:16.937+0000] {docker.py:69} INFO - [0m04:35:16  2 of 9 OK created sql incremental model silver.stg_orders ...................... [[32mMERGE (63.0 rows, 16.9 KiB processed)[0m in 2.07s]
[2026-08-11T04:35:16.941+0000] {docker.py:69} INFO - [0m04:35:16  5 of 9 START sql table model gold.fact_customer_health ......................... [RUN]
[2026-08-11T04:35:16.943+0000] {docker.py:69} INFO - [0m04:35:16  6 of 9 START sql table model gold.fact_refund_alerts ........................... [RUN]
[2026-08-11T04:35:16.944+0000] {docker.py:69} INFO - [0m04:35:16  7 of 9 START sql table model gold.fact_weekly_revenue .......................... [RUN]
[2026-08-11T04:35:18.428+0000] {docker.py:69} INFO - [0m04:35:18  4 of 9 OK created sql table model silver.stg_subscriptions ..................... [[32mCREATE TABLE (35.0 rows, 2.6 KiB processed)[0m in 3.56s]
[2026-08-11T04:35:18.431+0000] {docker.py:69} INFO - [0m04:35:18  8 of 9 START sql table model gold.fact_customer_rfm ............................ [RUN]
[2026-08-11T04:35:18.536+0000] {docker.py:69} INFO - [0m04:35:18  7 of 9 OK created sql table model gold.fact_weekly_revenue ..................... [[32mCREATE TABLE (3.0 rows, 4.2 KiB processed)[0m in 1.59s]
[2026-08-11T04:35:18.540+0000] {docker.py:69} INFO - [0m04:35:18  9 of 9 START sql table model gold.fact_subscription_churn ...................... [RUN]
[2026-08-11T04:35:18.561+0000] {docker.py:69} INFO - [0m04:35:18  5 of 9 OK created sql table model gold.fact_customer_health .................... [[32mCREATE TABLE (67.0 rows, 5.6 KiB processed)[0m in 1.61s]
[2026-08-11T04:35:19.093+0000] {docker.py:69} INFO - [0m04:35:19  6 of 9 OK created sql table model gold.fact_refund_alerts ...................... [[32mCREATE TABLE (7.0 rows, 968.0 Bytes processed)[0m in 2.15s]
[2026-08-11T04:35:20.073+0000] {docker.py:69} INFO - [0m04:35:20  9 of 9 OK created sql table model gold.fact_subscription_churn ................. [[32mCREATE TABLE (35.0 rows, 1.7 KiB processed)[0m in 1.53s]
[2026-08-11T04:35:21.418+0000] {docker.py:69} INFO - [0m04:35:21  8 of 9 OK created sql table model gold.fact_customer_rfm ....................... [[32mCREATE TABLE (67.0 rows, 8.9 KiB processed)[0m in 2.98s]
[2026-08-11T04:35:21.426+0000] {docker.py:69} INFO - [0m04:35:21
[2026-08-11T04:35:21.427+0000] {docker.py:69} INFO - [0m04:35:21  Finished running 3 incremental models, 6 table models in 0 hours 0 minutes and 7.62 seconds (7.62s).
[2026-08-11T04:35:21.572+0000] {docker.py:69} INFO - [0m04:35:21
[2026-08-11T04:35:21.573+0000] {docker.py:69} INFO - [0m04:35:21  [32mCompleted successfully[0m
[2026-08-11T04:35:21.574+0000] {docker.py:69} INFO - [0m04:35:21
[2026-08-11T04:35:21.576+0000] {docker.py:69} INFO - [0m04:35:21  Done. PASS=9 WARN=0 ERROR=0 SKIP=0 NO-OP=0 REUSED=0 TOTAL=9
[2026-08-11T04:35:21.577+0000] {docker.py:69} INFO - [0m04:35:21  [[33mWARNING[0m][DeprecationsSummary]: Deprecated functionality
[2026-08-11T04:35:21.578+0000] {docker.py:69} INFO - Summary of encountered deprecations:
[2026-08-11T04:35:21.579+0000] {docker.py:69} INFO - - MissingArgumentsPropertyInGenericTestDeprecation: 13 occurrences
[2026-08-11T04:35:21.580+0000] {docker.py:69} INFO - To see all deprecation instances instead of just the first occurrence of each,
[2026-08-11T04:35:21.581+0000] {docker.py:69} INFO - run command again with the `--show-all-deprecations` flag. You may also need to
[2026-08-11T04:35:21.582+0000] {docker.py:69} INFO - run with `--no-partial-parse` as some deprecations are only encountered during
[2026-08-11T04:35:21.583+0000] {docker.py:69} INFO - parsing.
[2026-08-11T04:35:23.729+0000] {taskinstance.py:341} INFO - ::group::Post task execution logs
[2026-08-11T04:35:23.730+0000] {taskinstance.py:353} INFO - Marking task as SUCCESS. dag_id=brewline_pipeline_bigquery, task_id=dbt_run_bigquery, run_id=backfill__2026-07-09T00:00:00+00:00, execution_date=20260709T000000, start_date=20260811T043454, end_date=20260811T043523
[2026-08-11T04:35:23.777+0000] {logging_mixin.py:190} INFO - Task instance in success state
[2026-08-11T04:35:23.778+0000] {logging_mixin.py:190} INFO -  Previous state of the Task instance: running
[2026-08-11T04:35:23.779+0000] {logging_mixin.py:190} INFO - Dag name:brewline_pipeline_bigquery queued_at:None
[2026-08-11T04:35:23.781+0000] {logging_mixin.py:190} INFO - Task hostname:5224a343584d operator:DockerOperator
[2026-08-11T04:35:23.828+0000] {local_task_job_runner.py:266} INFO - Task exited with return code 0
[2026-08-11T04:35:23.853+0000] {taskinstance.py:3901} INFO - 1 downstream tasks scheduled from follow-on schedule check
[2026-08-11T04:35:23.856+0000] {local_task_job_runner.py:245} INFO - ::endgroup::
