[2026-08-11T05:59:10.537+0000] {local_task_job_runner.py:123} INFO - ::group::Pre task execution logs
[2026-08-11T05:59:10.559+0000] {taskinstance.py:2614} INFO - Dependencies all met for dep_context=non-requeueable deps ti=<TaskInstance: brewline_pipeline_bigquery.dbt_run_bigquery backfill__2026-07-20T00:00:00+00:00 [queued]>
[2026-08-11T05:59:10.569+0000] {taskinstance.py:2614} INFO - Dependencies all met for dep_context=requeueable deps ti=<TaskInstance: brewline_pipeline_bigquery.dbt_run_bigquery backfill__2026-07-20T00:00:00+00:00 [queued]>
[2026-08-11T05:59:10.570+0000] {taskinstance.py:2867} INFO - Starting attempt 2 of 2
[2026-08-11T05:59:10.584+0000] {taskinstance.py:2890} INFO - Executing <Task(DockerOperator): dbt_run_bigquery> on 2026-07-20 00:00:00+00:00
[2026-08-11T05:59:10.593+0000] {warnings.py:112} WARNING - /home/***/.local/lib/python3.12/site-packages/***/task/task_runner/standard_task_runner.py:70: DeprecationWarning: This process (pid=1317) is multi-threaded, use of fork() may lead to deadlocks in the child.
  pid = os.fork()

[2026-08-11T05:59:10.596+0000] {standard_task_runner.py:72} INFO - Started process 1319 to run task
[2026-08-11T05:59:10.595+0000] {standard_task_runner.py:104} INFO - Running: ['***', 'tasks', 'run', 'brewline_pipeline_bigquery', 'dbt_run_bigquery', 'backfill__2026-07-20T00:00:00+00:00', '--job-id', '109', '--pool', 'default_pool', '--raw', '--subdir', 'DAGS_FOLDER/brewline_pipeline_bigquery_dag.py', '--cfg-path', '/tmp/tmpaufuju_0']
[2026-08-11T05:59:10.597+0000] {standard_task_runner.py:105} INFO - Job 109: Subtask dbt_run_bigquery
[2026-08-11T05:59:10.657+0000] {task_command.py:467} INFO - Running <TaskInstance: brewline_pipeline_bigquery.dbt_run_bigquery backfill__2026-07-20T00:00:00+00:00 [running]> on host 5224a343584d
[2026-08-11T05:59:10.757+0000] {taskinstance.py:3134} INFO - Exporting env vars: AIRFLOW_CTX_DAG_OWNER='***' AIRFLOW_CTX_DAG_ID='brewline_pipeline_bigquery' AIRFLOW_CTX_TASK_ID='dbt_run_bigquery' AIRFLOW_CTX_EXECUTION_DATE='2026-07-20T00:00:00+00:00' AIRFLOW_CTX_TRY_NUMBER='2' AIRFLOW_CTX_DAG_RUN_ID='backfill__2026-07-20T00:00:00+00:00'
[2026-08-11T05:59:10.759+0000] {logging_mixin.py:190} INFO - Task instance is in running state
[2026-08-11T05:59:10.760+0000] {logging_mixin.py:190} INFO -  Previous state of the Task instance: queued
[2026-08-11T05:59:10.761+0000] {logging_mixin.py:190} INFO - Current task name:dbt_run_bigquery state:running start_date:2026-08-11 05:59:10.559967+00:00
[2026-08-11T05:59:10.761+0000] {logging_mixin.py:190} INFO - Dag name:brewline_pipeline_bigquery and current dag run status:running
[2026-08-11T05:59:10.762+0000] {taskinstance.py:732} INFO - ::endgroup::
[2026-08-11T05:59:10.821+0000] {docker.py:345} INFO - Starting docker container from image brewline-dbt:latest
[2026-08-11T05:59:13.192+0000] {docker.py:69} INFO - [0m05:59:13  Running with dbt=1.12.0
[2026-08-11T05:59:13.773+0000] {docker.py:69} INFO - [0m05:59:13  Installing dbt-labs/dbt_utils
[2026-08-11T05:59:20.392+0000] {docker.py:69} INFO - [0m05:59:20  Installed from version 1.4.1
[2026-08-11T05:59:20.393+0000] {docker.py:69} INFO - [0m05:59:20  Up to date!
[2026-08-11T05:59:24.158+0000] {docker.py:69} INFO - [0m05:59:24  Running with dbt=1.12.0
[2026-08-11T05:59:25.842+0000] {docker.py:69} INFO - [0m05:59:25  Registered adapter: bigquery=1.12.0
[2026-08-11T05:59:27.593+0000] {docker.py:69} INFO - [0m05:59:27  Found 9 models, 52 data tests, 2 seeds, 5 sources, 699 macros
[2026-08-11T05:59:27.598+0000] {docker.py:69} INFO - [0m05:59:27
[2026-08-11T05:59:27.600+0000] {docker.py:69} INFO - [0m05:59:27  Concurrency: 4 threads (target='bigquery')
[2026-08-11T05:59:27.601+0000] {docker.py:69} INFO - [0m05:59:27
[2026-08-11T05:59:27.618+0000] {docker.py:69} INFO - WARNING:google.auth._default:No project ID could be determined. Consider running `gcloud config set project` or setting the GOOGLE_CLOUD_PROJECT environment variable
[2026-08-11T05:59:27.619+0000] {docker.py:69} INFO - WARNING:google.auth._default:No project ID could be determined. Consider running `gcloud config set project` or setting the GOOGLE_CLOUD_PROJECT environment variable
[2026-08-11T05:59:28.603+0000] {docker.py:69} INFO - [0m05:59:28  1 of 9 START sql incremental model silver.stg_customers ........................ [RUN]
[2026-08-11T05:59:28.605+0000] {docker.py:69} INFO - [0m05:59:28  2 of 9 START sql incremental model silver.stg_orders ........................... [RUN]
[2026-08-11T05:59:28.607+0000] {docker.py:69} INFO - [0m05:59:28  3 of 9 START sql incremental model silver.stg_refunds .......................... [RUN]
[2026-08-11T05:59:28.608+0000] {docker.py:69} INFO - [0m05:59:28  4 of 9 START sql table model silver.stg_subscriptions .......................... [RUN]
[2026-08-11T05:59:30.587+0000] {docker.py:69} INFO - [0m05:59:30  4 of 9 OK created sql table model silver.stg_subscriptions ..................... [[32mCREATE TABLE (38.0 rows, 3.1 KiB processed)[0m in 1.97s]
[2026-08-11T05:59:30.591+0000] {docker.py:69} INFO - [0m05:59:30  5 of 9 START sql table model gold.fact_subscription_churn ...................... [RUN]
[2026-08-11T05:59:30.702+0000] {docker.py:69} INFO - [0m05:59:30  3 of 9 OK created sql incremental model silver.stg_refunds ..................... [[32mMERGE (4.0 rows, 73.6 KiB processed)[0m in 2.09s]
[2026-08-11T05:59:30.767+0000] {docker.py:69} INFO - [0m05:59:30  1 of 9 OK created sql incremental model silver.stg_customers ................... [[32mMERGE (42.0 rows, 45.0 KiB processed)[0m in 2.15s]
[2026-08-11T05:59:30.778+0000] {docker.py:69} INFO - [0m05:59:30  2 of 9 OK created sql incremental model silver.stg_orders ...................... [[32mMERGE (57.0 rows, 98.2 KiB processed)[0m in 2.16s]
[2026-08-11T05:59:30.786+0000] {docker.py:69} INFO - [0m05:59:30  6 of 9 START sql table model gold.fact_customer_health ......................... [RUN]
[2026-08-11T05:59:30.789+0000] {docker.py:69} INFO - [0m05:59:30  7 of 9 START sql table model gold.fact_customer_rfm ............................ [RUN]
[2026-08-11T05:59:30.791+0000] {docker.py:69} INFO - [0m05:59:30  8 of 9 START sql table model gold.fact_refund_alerts ........................... [RUN]
[2026-08-11T05:59:32.139+0000] {docker.py:69} INFO - [0m05:59:32  5 of 9 OK created sql table model gold.fact_subscription_churn ................. [[32mCREATE TABLE (35.0 rows, 2.0 KiB processed)[0m in 1.54s]
[2026-08-11T05:59:32.142+0000] {docker.py:69} INFO - [0m05:59:32  9 of 9 START sql table model gold.fact_weekly_revenue .......................... [RUN]
[2026-08-11T05:59:32.348+0000] {docker.py:69} INFO - [0m05:59:32  6 of 9 OK created sql table model gold.fact_customer_health .................... [[32mCREATE TABLE (152.0 rows, 28.0 KiB processed)[0m in 1.55s]
[2026-08-11T05:59:32.881+0000] {docker.py:69} INFO - [0m05:59:32  7 of 9 OK created sql table model gold.fact_customer_rfm ....................... [[32mCREATE TABLE (152.0 rows, 41.9 KiB processed)[0m in 2.08s]
[2026-08-11T05:59:32.903+0000] {docker.py:69} INFO - [0m05:59:32  8 of 9 OK created sql table model gold.fact_refund_alerts ...................... [[32mCREATE TABLE (19.0 rows, 6.2 KiB processed)[0m in 2.10s]
[2026-08-11T05:59:33.648+0000] {docker.py:69} INFO - [0m05:59:33  9 of 9 OK created sql table model gold.fact_weekly_revenue ..................... [[32mCREATE TABLE (9.0 rows, 27.8 KiB processed)[0m in 1.50s]
[2026-08-11T05:59:33.658+0000] {docker.py:69} INFO - [0m05:59:33
[2026-08-11T05:59:33.659+0000] {docker.py:69} INFO - [0m05:59:33  Finished running 3 incremental models, 6 table models in 0 hours 0 minutes and 6.06 seconds (6.06s).
[2026-08-11T05:59:33.808+0000] {docker.py:69} INFO - [0m05:59:33
[2026-08-11T05:59:33.809+0000] {docker.py:69} INFO - [0m05:59:33  [32mCompleted successfully[0m
[2026-08-11T05:59:33.810+0000] {docker.py:69} INFO - [0m05:59:33
[2026-08-11T05:59:33.812+0000] {docker.py:69} INFO - [0m05:59:33  Done. PASS=9 WARN=0 ERROR=0 SKIP=0 NO-OP=0 REUSED=0 TOTAL=9
[2026-08-11T05:59:35.844+0000] {taskinstance.py:341} INFO - ::group::Post task execution logs
[2026-08-11T05:59:35.846+0000] {taskinstance.py:353} INFO - Marking task as SUCCESS. dag_id=brewline_pipeline_bigquery, task_id=dbt_run_bigquery, run_id=backfill__2026-07-20T00:00:00+00:00, execution_date=20260720T000000, start_date=20260811T055910, end_date=20260811T055935
[2026-08-11T05:59:35.887+0000] {logging_mixin.py:190} INFO - Task instance in success state
[2026-08-11T05:59:35.888+0000] {logging_mixin.py:190} INFO -  Previous state of the Task instance: running
[2026-08-11T05:59:35.889+0000] {logging_mixin.py:190} INFO - Dag name:brewline_pipeline_bigquery queued_at:2026-08-11 05:31:04.356118+00:00
[2026-08-11T05:59:35.891+0000] {logging_mixin.py:190} INFO - Task hostname:5224a343584d operator:DockerOperator
[2026-08-11T05:59:35.921+0000] {local_task_job_runner.py:266} INFO - Task exited with return code 0
[2026-08-11T05:59:36.938+0000] {taskinstance.py:3901} INFO - 1 downstream tasks scheduled from follow-on schedule check
[2026-08-11T05:59:36.940+0000] {local_task_job_runner.py:245} INFO - ::endgroup::
