[2026-08-08T06:57:30.891+0000] {local_task_job_runner.py:123} INFO - ::group::Pre task execution logs
[2026-08-08T06:57:31.072+0000] {taskinstance.py:2614} INFO - Dependencies all met for dep_context=non-requeueable deps ti=<TaskInstance: brewline_pipeline_bigquery.dbt_run_bigquery backfill__2026-07-08T00:00:00+00:00 [queued]>
[2026-08-08T06:57:31.087+0000] {taskinstance.py:2614} INFO - Dependencies all met for dep_context=requeueable deps ti=<TaskInstance: brewline_pipeline_bigquery.dbt_run_bigquery backfill__2026-07-08T00:00:00+00:00 [queued]>
[2026-08-08T06:57:31.089+0000] {taskinstance.py:2867} INFO - Starting attempt 1 of 1
[2026-08-08T06:57:31.105+0000] {taskinstance.py:2890} INFO - Executing <Task(DockerOperator): dbt_run_bigquery> on 2026-07-08 00:00:00+00:00
[2026-08-08T06:57:31.115+0000] {warnings.py:112} WARNING - /home/***/.local/lib/python3.12/site-packages/***/task/task_runner/standard_task_runner.py:70: DeprecationWarning: This process (pid=101) is multi-threaded, use of fork() may lead to deadlocks in the child.
  pid = os.fork()

[2026-08-08T06:57:31.117+0000] {standard_task_runner.py:72} INFO - Started process 103 to run task
[2026-08-08T06:57:31.117+0000] {standard_task_runner.py:104} INFO - Running: ['***', 'tasks', 'run', 'brewline_pipeline_bigquery', 'dbt_run_bigquery', 'backfill__2026-07-08T00:00:00+00:00', '--job-id', '5', '--pool', 'default_pool', '--raw', '--subdir', 'DAGS_FOLDER/brewline_pipeline_bigquery_dag.py', '--cfg-path', '/tmp/tmpsqmvqlsc']
[2026-08-08T06:57:31.119+0000] {standard_task_runner.py:105} INFO - Job 5: Subtask dbt_run_bigquery
[2026-08-08T06:57:31.178+0000] {task_command.py:467} INFO - Running <TaskInstance: brewline_pipeline_bigquery.dbt_run_bigquery backfill__2026-07-08T00:00:00+00:00 [running]> on host f6fc5409cbb6
[2026-08-08T06:57:31.270+0000] {taskinstance.py:3134} INFO - Exporting env vars: AIRFLOW_CTX_DAG_OWNER='***' AIRFLOW_CTX_DAG_ID='brewline_pipeline_bigquery' AIRFLOW_CTX_TASK_ID='dbt_run_bigquery' AIRFLOW_CTX_EXECUTION_DATE='2026-07-08T00:00:00+00:00' AIRFLOW_CTX_TRY_NUMBER='1' AIRFLOW_CTX_DAG_RUN_ID='backfill__2026-07-08T00:00:00+00:00'
[2026-08-08T06:57:31.273+0000] {logging_mixin.py:190} INFO - Task instance is in running state
[2026-08-08T06:57:31.274+0000] {logging_mixin.py:190} INFO -  Previous state of the Task instance: queued
[2026-08-08T06:57:31.274+0000] {logging_mixin.py:190} INFO - Current task name:dbt_run_bigquery state:running start_date:2026-08-08 06:57:31.073784+00:00
[2026-08-08T06:57:31.275+0000] {logging_mixin.py:190} INFO - Dag name:brewline_pipeline_bigquery and current dag run status:running
[2026-08-08T06:57:31.276+0000] {taskinstance.py:732} INFO - ::endgroup::
[2026-08-08T06:57:31.329+0000] {docker.py:345} INFO - Starting docker container from image brewline-dbt:latest
[2026-08-08T06:57:34.125+0000] {docker.py:69} INFO - [0m06:57:34  Running with dbt=1.12.0
[2026-08-08T06:57:34.650+0000] {docker.py:69} INFO - [0m06:57:34  Installing dbt-labs/dbt_utils
[2026-08-08T06:57:39.618+0000] {docker.py:69} INFO - [0m06:57:39  Installed from version 1.4.1
[2026-08-08T06:57:39.619+0000] {docker.py:69} INFO - [0m06:57:39  Up to date!
[2026-08-08T06:57:42.702+0000] {docker.py:69} INFO - [0m06:57:42  Running with dbt=1.12.0
[2026-08-08T06:57:44.480+0000] {docker.py:69} INFO - [0m06:57:44  Registered adapter: bigquery=1.12.0
[2026-08-08T06:57:45.835+0000] {docker.py:69} INFO - [0m06:57:45  Unable to do partial parsing because an error occurred. Switching to full reparse.
[2026-08-08T06:57:48.654+0000] {docker.py:69} INFO - [0m06:57:48  [[33mWARNING[0m][MissingArgumentsPropertyInGenericTestDeprecation]: Deprecated
[2026-08-08T06:57:48.655+0000] {docker.py:69} INFO - functionality
[2026-08-08T06:57:48.656+0000] {docker.py:69} INFO - Found top-level arguments to test `accepted_values` defined on
[2026-08-08T06:57:48.657+0000] {docker.py:69} INFO - 'fact_customer_health' in package 'brewline_dbt'
[2026-08-08T06:57:48.658+0000] {docker.py:69} INFO - (models/marts/fact_customer_health.yml). Arguments to generic tests should be
[2026-08-08T06:57:48.660+0000] {docker.py:69} INFO - nested under the `arguments` property.
[2026-08-08T06:57:49.497+0000] {docker.py:69} INFO - [0m06:57:49  Found 9 models, 52 data tests, 2 seeds, 5 sources, 699 macros
[2026-08-08T06:57:49.502+0000] {docker.py:69} INFO - [0m06:57:49
[2026-08-08T06:57:49.503+0000] {docker.py:69} INFO - [0m06:57:49  Concurrency: 4 threads (target='bigquery')
[2026-08-08T06:57:49.504+0000] {docker.py:69} INFO - [0m06:57:49
[2026-08-08T06:57:49.518+0000] {docker.py:69} INFO - WARNING:google.auth._default:No project ID could be determined. Consider running `gcloud config set project` or setting the GOOGLE_CLOUD_PROJECT environment variable
[2026-08-08T06:57:49.519+0000] {docker.py:69} INFO - WARNING:google.auth._default:No project ID could be determined. Consider running `gcloud config set project` or setting the GOOGLE_CLOUD_PROJECT environment variable
[2026-08-08T06:57:50.589+0000] {docker.py:69} INFO - [0m06:57:50  1 of 9 START sql incremental model silver.stg_customers ........................ [RUN]
[2026-08-08T06:57:50.590+0000] {docker.py:69} INFO - [0m06:57:50  2 of 9 START sql incremental model silver.stg_orders ........................... [RUN]
[2026-08-08T06:57:50.591+0000] {docker.py:69} INFO - [0m06:57:50  3 of 9 START sql incremental model silver.stg_refunds .......................... [RUN]
[2026-08-08T06:57:50.593+0000] {docker.py:69} INFO - [0m06:57:50  4 of 9 START sql table model silver.stg_subscriptions .......................... [RUN]
[2026-08-08T06:57:52.302+0000] {docker.py:69} INFO - [0m06:57:52  4 of 9 OK created sql table model silver.stg_subscriptions ..................... [[32mCREATE TABLE (35.0 rows, 2.6 KiB processed)[0m in 1.70s]
[2026-08-08T06:57:52.306+0000] {docker.py:69} INFO - [0m06:57:52  5 of 9 START sql table model gold.fact_subscription_churn ...................... [RUN]
[2026-08-08T06:57:52.392+0000] {docker.py:69} INFO - [0m06:57:52  3 of 9 OK created sql incremental model silver.stg_refunds ..................... [[32mMERGE (1.0 rows, 8.4 KiB processed)[0m in 1.79s]
[2026-08-08T06:57:52.461+0000] {docker.py:69} INFO - [0m06:57:52  1 of 9 OK created sql incremental model silver.stg_customers ................... [[32mMERGE (0.0 rows, 11.8 KiB processed)[0m in 1.86s]
[2026-08-08T06:57:52.700+0000] {docker.py:69} INFO - [0m06:57:52  2 of 9 OK created sql incremental model silver.stg_orders ...................... [[32mMERGE (0.0 rows, 35.4 KiB processed)[0m in 2.10s]
[2026-08-08T06:57:52.706+0000] {docker.py:69} INFO - [0m06:57:52  6 of 9 START sql table model gold.fact_customer_health ......................... [RUN]
[2026-08-08T06:57:52.707+0000] {docker.py:69} INFO - [0m06:57:52  7 of 9 START sql table model gold.fact_customer_rfm ............................ [RUN]
[2026-08-08T06:57:52.709+0000] {docker.py:69} INFO - [0m06:57:52  8 of 9 START sql table model gold.fact_refund_alerts ........................... [RUN]
[2026-08-08T06:57:53.711+0000] {docker.py:69} INFO - [0m06:57:53  5 of 9 OK created sql table model gold.fact_subscription_churn ................. [[32mCREATE TABLE (35.0 rows, 1.7 KiB processed)[0m in 1.40s]
[2026-08-08T06:57:53.715+0000] {docker.py:69} INFO - [0m06:57:53  9 of 9 START sql table model gold.fact_weekly_revenue .......................... [RUN]
[2026-08-08T06:57:54.292+0000] {docker.py:69} INFO - [0m06:57:54  6 of 9 OK created sql table model gold.fact_customer_health .................... [[32mCREATE TABLE (159.0 rows, 60.7 KiB processed)[0m in 1.58s]
[2026-08-08T06:57:54.903+0000] {docker.py:69} INFO - [0m06:57:54  7 of 9 OK created sql table model gold.fact_customer_rfm ....................... [[32mCREATE TABLE (159.0 rows, 76.5 KiB processed)[0m in 2.19s]
[2026-08-08T06:57:55.003+0000] {docker.py:69} INFO - [0m06:57:55  9 of 9 OK created sql table model gold.fact_weekly_revenue ..................... [[32mCREATE TABLE (18.0 rows, 51.0 KiB processed)[0m in 1.29s]
[2026-08-08T06:57:55.101+0000] {docker.py:69} INFO - [0m06:57:55  8 of 9 OK created sql table model gold.fact_refund_alerts ...................... [[32mCREATE TABLE (63.0 rows, 14.5 KiB processed)[0m in 2.38s]
[2026-08-08T06:57:55.112+0000] {docker.py:69} INFO - [0m06:57:55
[2026-08-08T06:57:55.113+0000] {docker.py:69} INFO - [0m06:57:55  Finished running 3 incremental models, 6 table models in 0 hours 0 minutes and 5.61 seconds (5.61s).
[2026-08-08T06:57:55.278+0000] {docker.py:69} INFO - [0m06:57:55
[2026-08-08T06:57:55.279+0000] {docker.py:69} INFO - [0m06:57:55  [32mCompleted successfully[0m
[2026-08-08T06:57:55.281+0000] {docker.py:69} INFO - [0m06:57:55
[2026-08-08T06:57:55.282+0000] {docker.py:69} INFO - [0m06:57:55  Done. PASS=9 WARN=0 ERROR=0 SKIP=0 NO-OP=0 REUSED=0 TOTAL=9
[2026-08-08T06:57:55.284+0000] {docker.py:69} INFO - [0m06:57:55  [[33mWARNING[0m][DeprecationsSummary]: Deprecated functionality
[2026-08-08T06:57:55.285+0000] {docker.py:69} INFO - Summary of encountered deprecations:
[2026-08-08T06:57:55.286+0000] {docker.py:69} INFO - - MissingArgumentsPropertyInGenericTestDeprecation: 13 occurrences
[2026-08-08T06:57:55.287+0000] {docker.py:69} INFO - To see all deprecation instances instead of just the first occurrence of each,
[2026-08-08T06:57:55.288+0000] {docker.py:69} INFO - run command again with the `--show-all-deprecations` flag. You may also need to
[2026-08-08T06:57:55.289+0000] {docker.py:69} INFO - run with `--no-partial-parse` as some deprecations are only encountered during
[2026-08-08T06:57:55.289+0000] {docker.py:69} INFO - parsing.
[2026-08-08T06:57:57.416+0000] {taskinstance.py:341} INFO - ::group::Post task execution logs
[2026-08-08T06:57:57.417+0000] {taskinstance.py:353} INFO - Marking task as SUCCESS. dag_id=brewline_pipeline_bigquery, task_id=dbt_run_bigquery, run_id=backfill__2026-07-08T00:00:00+00:00, execution_date=20260708T000000, start_date=20260808T065731, end_date=20260808T065757
[2026-08-08T06:57:57.457+0000] {logging_mixin.py:190} INFO - Task instance in success state
[2026-08-08T06:57:57.462+0000] {logging_mixin.py:190} INFO -  Previous state of the Task instance: running
[2026-08-08T06:57:57.463+0000] {logging_mixin.py:190} INFO - Dag name:brewline_pipeline_bigquery queued_at:None
[2026-08-08T06:57:57.464+0000] {logging_mixin.py:190} INFO - Task hostname:f6fc5409cbb6 operator:DockerOperator
[2026-08-08T06:57:57.489+0000] {local_task_job_runner.py:266} INFO - Task exited with return code 0
[2026-08-08T06:57:57.511+0000] {taskinstance.py:3901} INFO - 1 downstream tasks scheduled from follow-on schedule check
[2026-08-08T06:57:57.513+0000] {local_task_job_runner.py:245} INFO - ::endgroup::
[2026-08-11T05:32:44.043+0000] {local_task_job_runner.py:123} INFO - ::group::Pre task execution logs
[2026-08-11T05:32:44.074+0000] {taskinstance.py:2614} INFO - Dependencies all met for dep_context=non-requeueable deps ti=<TaskInstance: brewline_pipeline_bigquery.dbt_run_bigquery backfill__2026-07-08T00:00:00+00:00 [queued]>
[2026-08-11T05:32:44.093+0000] {taskinstance.py:2614} INFO - Dependencies all met for dep_context=requeueable deps ti=<TaskInstance: brewline_pipeline_bigquery.dbt_run_bigquery backfill__2026-07-08T00:00:00+00:00 [queued]>
[2026-08-11T05:32:44.094+0000] {taskinstance.py:2867} INFO - Starting attempt 1 of 1
[2026-08-11T05:32:44.112+0000] {taskinstance.py:2890} INFO - Executing <Task(DockerOperator): dbt_run_bigquery> on 2026-07-08 00:00:00+00:00
[2026-08-11T05:32:44.123+0000] {warnings.py:112} WARNING - /home/***/.local/lib/python3.12/site-packages/***/task/task_runner/standard_task_runner.py:70: DeprecationWarning: This process (pid=836) is multi-threaded, use of fork() may lead to deadlocks in the child.
  pid = os.fork()

[2026-08-11T05:32:44.127+0000] {standard_task_runner.py:72} INFO - Started process 838 to run task
[2026-08-11T05:32:44.127+0000] {standard_task_runner.py:104} INFO - Running: ['***', 'tasks', 'run', 'brewline_pipeline_bigquery', 'dbt_run_bigquery', 'backfill__2026-07-08T00:00:00+00:00', '--job-id', '72', '--pool', 'default_pool', '--raw', '--subdir', 'DAGS_FOLDER/brewline_pipeline_bigquery_dag.py', '--cfg-path', '/tmp/tmpx34a5qb_']
[2026-08-11T05:32:44.129+0000] {standard_task_runner.py:105} INFO - Job 72: Subtask dbt_run_bigquery
[2026-08-11T05:32:44.217+0000] {task_command.py:467} INFO - Running <TaskInstance: brewline_pipeline_bigquery.dbt_run_bigquery backfill__2026-07-08T00:00:00+00:00 [running]> on host 5224a343584d
[2026-08-11T05:32:44.347+0000] {taskinstance.py:3134} INFO - Exporting env vars: AIRFLOW_CTX_DAG_OWNER='***' AIRFLOW_CTX_DAG_ID='brewline_pipeline_bigquery' AIRFLOW_CTX_TASK_ID='dbt_run_bigquery' AIRFLOW_CTX_EXECUTION_DATE='2026-07-08T00:00:00+00:00' AIRFLOW_CTX_TRY_NUMBER='1' AIRFLOW_CTX_DAG_RUN_ID='backfill__2026-07-08T00:00:00+00:00'
[2026-08-11T05:32:44.350+0000] {logging_mixin.py:190} INFO - Task instance is in running state
[2026-08-11T05:32:44.351+0000] {logging_mixin.py:190} INFO -  Previous state of the Task instance: queued
[2026-08-11T05:32:44.353+0000] {logging_mixin.py:190} INFO - Current task name:dbt_run_bigquery state:running start_date:2026-08-11 05:32:44.076058+00:00
[2026-08-11T05:32:44.354+0000] {logging_mixin.py:190} INFO - Dag name:brewline_pipeline_bigquery and current dag run status:running
[2026-08-11T05:32:44.355+0000] {taskinstance.py:732} INFO - ::endgroup::
[2026-08-11T05:32:44.440+0000] {docker.py:345} INFO - Starting docker container from image brewline-dbt:latest
[2026-08-11T05:32:48.059+0000] {docker.py:69} INFO - [0m05:32:48  Running with dbt=1.12.0
[2026-08-11T05:32:48.830+0000] {docker.py:69} INFO - [0m05:32:48  Installing dbt-labs/dbt_utils
[2026-08-11T05:32:54.858+0000] {docker.py:69} INFO - [0m05:32:54  Installed from version 1.4.1
[2026-08-11T05:32:54.859+0000] {docker.py:69} INFO - [0m05:32:54  Up to date!
[2026-08-11T05:32:59.024+0000] {docker.py:69} INFO - [0m05:32:59  Running with dbt=1.12.0
[2026-08-11T05:33:00.630+0000] {docker.py:69} INFO - [0m05:33:00  Registered adapter: bigquery=1.12.0
[2026-08-11T05:33:02.057+0000] {docker.py:69} INFO - [0m05:33:02  Found 9 models, 52 data tests, 2 seeds, 5 sources, 699 macros
[2026-08-11T05:33:02.064+0000] {docker.py:69} INFO - [0m05:33:02
[2026-08-11T05:33:02.066+0000] {docker.py:69} INFO - [0m05:33:02  Concurrency: 4 threads (target='bigquery')
[2026-08-11T05:33:02.067+0000] {docker.py:69} INFO - [0m05:33:02
[2026-08-11T05:33:02.090+0000] {docker.py:69} INFO - WARNING:google.auth._default:No project ID could be determined. Consider running `gcloud config set project` or setting the GOOGLE_CLOUD_PROJECT environment variable
[2026-08-11T05:33:02.091+0000] {docker.py:69} INFO - WARNING:google.auth._default:No project ID could be determined. Consider running `gcloud config set project` or setting the GOOGLE_CLOUD_PROJECT environment variable
[2026-08-11T05:33:03.197+0000] {docker.py:69} INFO - [0m05:33:03  1 of 9 START sql incremental model silver.stg_customers ........................ [RUN]
[2026-08-11T05:33:03.198+0000] {docker.py:69} INFO - [0m05:33:03  2 of 9 START sql incremental model silver.stg_orders ........................... [RUN]
[2026-08-11T05:33:03.200+0000] {docker.py:69} INFO - [0m05:33:03  3 of 9 START sql incremental model silver.stg_refunds .......................... [RUN]
[2026-08-11T05:33:03.203+0000] {docker.py:69} INFO - [0m05:33:03  4 of 9 START sql table model silver.stg_subscriptions .......................... [RUN]
[2026-08-11T05:33:05.147+0000] {docker.py:69} INFO - [0m05:33:05  1 of 9 OK created sql incremental model silver.stg_customers ................... [[32mMERGE (0.0 rows, 8.1 KiB processed)[0m in 1.94s]
[2026-08-11T05:33:05.215+0000] {docker.py:69} INFO - [0m05:33:05  4 of 9 OK created sql table model silver.stg_subscriptions ..................... [[32mCREATE TABLE (35.0 rows, 2.6 KiB processed)[0m in 2.00s]
[2026-08-11T05:33:05.220+0000] {docker.py:69} INFO - [0m05:33:05  5 of 9 START sql table model gold.fact_subscription_churn ...................... [RUN]
[2026-08-11T05:33:05.377+0000] {docker.py:69} INFO - [0m05:33:05  3 of 9 OK created sql incremental model silver.stg_refunds ..................... [[32mMERGE (0.0 rows, 39.9 KiB processed)[0m in 2.17s]
[2026-08-11T05:33:05.923+0000] {docker.py:69} INFO - [0m05:33:05  2 of 9 OK created sql incremental model silver.stg_orders ...................... [[32mMERGE (0.0 rows, 17.9 KiB processed)[0m in 2.71s]
[2026-08-11T05:33:05.929+0000] {docker.py:69} INFO - [0m05:33:05  6 of 9 START sql table model gold.fact_customer_health ......................... [RUN]
[2026-08-11T05:33:05.930+0000] {docker.py:69} INFO - [0m05:33:05  7 of 9 START sql table model gold.fact_customer_rfm ............................ [RUN]
[2026-08-11T05:33:05.932+0000] {docker.py:69} INFO - [0m05:33:05  8 of 9 START sql table model gold.fact_refund_alerts ........................... [RUN]
[2026-08-11T05:33:06.770+0000] {docker.py:69} INFO - [0m05:33:06  5 of 9 OK created sql table model gold.fact_subscription_churn ................. [[32mCREATE TABLE (35.0 rows, 1.7 KiB processed)[0m in 1.55s]
[2026-08-11T05:33:06.775+0000] {docker.py:69} INFO - [0m05:33:06  9 of 9 START sql table model gold.fact_weekly_revenue .......................... [RUN]
[2026-08-11T05:33:07.550+0000] {docker.py:69} INFO - [0m05:33:07  6 of 9 OK created sql table model gold.fact_customer_health .................... [[32mCREATE TABLE (67.0 rows, 5.6 KiB processed)[0m in 1.61s]
[2026-08-11T05:33:08.083+0000] {docker.py:69} INFO - [0m05:33:08  7 of 9 OK created sql table model gold.fact_customer_rfm ....................... [[32mCREATE TABLE (67.0 rows, 8.9 KiB processed)[0m in 2.15s]
[2026-08-11T05:33:08.104+0000] {docker.py:69} INFO - [0m05:33:08  8 of 9 OK created sql table model gold.fact_refund_alerts ...................... [[32mCREATE TABLE (7.0 rows, 968.0 Bytes processed)[0m in 2.16s]
[2026-08-11T05:33:08.505+0000] {docker.py:69} INFO - [0m05:33:08  9 of 9 OK created sql table model gold.fact_weekly_revenue ..................... [[32mCREATE TABLE (3.0 rows, 4.2 KiB processed)[0m in 1.73s]
[2026-08-11T05:33:08.519+0000] {docker.py:69} INFO - [0m05:33:08
[2026-08-11T05:33:08.520+0000] {docker.py:69} INFO - [0m05:33:08  Finished running 3 incremental models, 6 table models in 0 hours 0 minutes and 6.45 seconds (6.45s).
[2026-08-11T05:33:08.684+0000] {docker.py:69} INFO - [0m05:33:08
[2026-08-11T05:33:08.686+0000] {docker.py:69} INFO - [0m05:33:08  [32mCompleted successfully[0m
[2026-08-11T05:33:08.688+0000] {docker.py:69} INFO - [0m05:33:08
[2026-08-11T05:33:08.689+0000] {docker.py:69} INFO - [0m05:33:08  Done. PASS=9 WARN=0 ERROR=0 SKIP=0 NO-OP=0 REUSED=0 TOTAL=9
[2026-08-11T05:33:10.866+0000] {taskinstance.py:341} INFO - ::group::Post task execution logs
[2026-08-11T05:33:10.870+0000] {taskinstance.py:353} INFO - Marking task as SUCCESS. dag_id=brewline_pipeline_bigquery, task_id=dbt_run_bigquery, run_id=backfill__2026-07-08T00:00:00+00:00, execution_date=20260708T000000, start_date=20260811T053244, end_date=20260811T053310
[2026-08-11T05:33:10.915+0000] {logging_mixin.py:190} INFO - Task instance in success state
[2026-08-11T05:33:10.916+0000] {logging_mixin.py:190} INFO -  Previous state of the Task instance: running
[2026-08-11T05:33:10.918+0000] {logging_mixin.py:190} INFO - Dag name:brewline_pipeline_bigquery queued_at:None
[2026-08-11T05:33:10.919+0000] {logging_mixin.py:190} INFO - Task hostname:5224a343584d operator:DockerOperator
[2026-08-11T05:33:10.940+0000] {local_task_job_runner.py:266} INFO - Task exited with return code 0
[2026-08-11T05:33:10.965+0000] {taskinstance.py:3901} INFO - 1 downstream tasks scheduled from follow-on schedule check
[2026-08-11T05:33:10.968+0000] {local_task_job_runner.py:245} INFO - ::endgroup::
