[2026-08-11T06:26:10.699+0000] {local_task_job_runner.py:123} INFO - ::group::Pre task execution logs
[2026-08-11T06:26:10.724+0000] {taskinstance.py:2614} INFO - Dependencies all met for dep_context=non-requeueable deps ti=<TaskInstance: brewline_pipeline_bigquery.dbt_run_bigquery backfill__2026-08-08T00:00:00+00:00 [queued]>
[2026-08-11T06:26:10.736+0000] {taskinstance.py:2614} INFO - Dependencies all met for dep_context=requeueable deps ti=<TaskInstance: brewline_pipeline_bigquery.dbt_run_bigquery backfill__2026-08-08T00:00:00+00:00 [queued]>
[2026-08-11T06:26:10.737+0000] {taskinstance.py:2867} INFO - Starting attempt 1 of 1
[2026-08-11T06:26:10.754+0000] {taskinstance.py:2890} INFO - Executing <Task(DockerOperator): dbt_run_bigquery> on 2026-08-08 00:00:00+00:00
[2026-08-11T06:26:10.765+0000] {warnings.py:112} WARNING - /home/***/.local/lib/python3.12/site-packages/***/task/task_runner/standard_task_runner.py:70: DeprecationWarning: This process (pid=1881) is multi-threaded, use of fork() may lead to deadlocks in the child.
  pid = os.fork()

[2026-08-11T06:26:10.767+0000] {standard_task_runner.py:72} INFO - Started process 1890 to run task
[2026-08-11T06:26:10.767+0000] {standard_task_runner.py:104} INFO - Running: ['***', 'tasks', 'run', 'brewline_pipeline_bigquery', 'dbt_run_bigquery', 'backfill__2026-08-08T00:00:00+00:00', '--job-id', '166', '--pool', 'default_pool', '--raw', '--subdir', 'DAGS_FOLDER/brewline_pipeline_bigquery_dag.py', '--cfg-path', '/tmp/tmpmrzka7lb']
[2026-08-11T06:26:10.769+0000] {standard_task_runner.py:105} INFO - Job 166: Subtask dbt_run_bigquery
[2026-08-11T06:26:10.836+0000] {task_command.py:467} INFO - Running <TaskInstance: brewline_pipeline_bigquery.dbt_run_bigquery backfill__2026-08-08T00:00:00+00:00 [running]> on host 5224a343584d
[2026-08-11T06:26:10.936+0000] {taskinstance.py:3134} INFO - Exporting env vars: AIRFLOW_CTX_DAG_OWNER='***' AIRFLOW_CTX_DAG_ID='brewline_pipeline_bigquery' AIRFLOW_CTX_TASK_ID='dbt_run_bigquery' AIRFLOW_CTX_EXECUTION_DATE='2026-08-08T00:00:00+00:00' AIRFLOW_CTX_TRY_NUMBER='1' AIRFLOW_CTX_DAG_RUN_ID='backfill__2026-08-08T00:00:00+00:00'
[2026-08-11T06:26:10.939+0000] {logging_mixin.py:190} INFO - Task instance is in running state
[2026-08-11T06:26:10.940+0000] {logging_mixin.py:190} INFO -  Previous state of the Task instance: queued
[2026-08-11T06:26:10.940+0000] {logging_mixin.py:190} INFO - Current task name:dbt_run_bigquery state:running start_date:2026-08-11 06:26:10.725961+00:00
[2026-08-11T06:26:10.941+0000] {logging_mixin.py:190} INFO - Dag name:brewline_pipeline_bigquery and current dag run status:running
[2026-08-11T06:26:10.942+0000] {taskinstance.py:732} INFO - ::endgroup::
[2026-08-11T06:26:11.008+0000] {docker.py:345} INFO - Starting docker container from image brewline-dbt:latest
[2026-08-11T06:26:13.810+0000] {docker.py:69} INFO - [0m06:26:13  Running with dbt=1.12.0
[2026-08-11T06:26:14.390+0000] {docker.py:69} INFO - [0m06:26:14  Installing dbt-labs/dbt_utils
[2026-08-11T06:26:19.522+0000] {docker.py:69} INFO - [0m06:26:19  Installed from version 1.4.1
[2026-08-11T06:26:19.523+0000] {docker.py:69} INFO - [0m06:26:19  Up to date!
[2026-08-11T06:26:22.750+0000] {docker.py:69} INFO - [0m06:26:22  Running with dbt=1.12.0
[2026-08-11T06:26:24.023+0000] {docker.py:69} INFO - [0m06:26:24  Registered adapter: bigquery=1.12.0
[2026-08-11T06:26:25.209+0000] {docker.py:69} INFO - [0m06:26:25  Found 9 models, 52 data tests, 2 seeds, 5 sources, 699 macros
[2026-08-11T06:26:25.216+0000] {docker.py:69} INFO - [0m06:26:25
[2026-08-11T06:26:25.217+0000] {docker.py:69} INFO - [0m06:26:25  Concurrency: 4 threads (target='bigquery')
[2026-08-11T06:26:25.218+0000] {docker.py:69} INFO - [0m06:26:25
[2026-08-11T06:26:25.235+0000] {docker.py:69} INFO - WARNING:google.auth._default:No project ID could be determined. Consider running `gcloud config set project` or setting the GOOGLE_CLOUD_PROJECT environment variable
[2026-08-11T06:26:25.237+0000] {docker.py:69} INFO - WARNING:google.auth._default:No project ID could be determined. Consider running `gcloud config set project` or setting the GOOGLE_CLOUD_PROJECT environment variable
[2026-08-11T06:26:26.190+0000] {docker.py:69} INFO - [0m06:26:26  1 of 9 START sql incremental model silver.stg_customers ........................ [RUN]
[2026-08-11T06:26:26.192+0000] {docker.py:69} INFO - [0m06:26:26  2 of 9 START sql incremental model silver.stg_orders ........................... [RUN]
[2026-08-11T06:26:26.193+0000] {docker.py:69} INFO - [0m06:26:26  3 of 9 START sql incremental model silver.stg_refunds .......................... [RUN]
[2026-08-11T06:26:26.195+0000] {docker.py:69} INFO - [0m06:26:26  4 of 9 START sql table model silver.stg_subscriptions .......................... [RUN]
[2026-08-11T06:26:28.528+0000] {docker.py:69} INFO - [0m06:26:28  3 of 9 OK created sql incremental model silver.stg_refunds ..................... [[32mMERGE (0.0 rows, 146.5 KiB processed)[0m in 2.32s]
[2026-08-11T06:26:28.530+0000] {docker.py:69} INFO - [0m06:26:28  4 of 9 OK created sql table model silver.stg_subscriptions ..................... [[32mCREATE TABLE (38.0 rows, 3.1 KiB processed)[0m in 2.32s]
[2026-08-11T06:26:28.538+0000] {docker.py:69} INFO - [0m06:26:28  5 of 9 START sql table model gold.fact_subscription_churn ...................... [RUN]
[2026-08-11T06:26:29.076+0000] {docker.py:69} INFO - [0m06:26:29  1 of 9 OK created sql incremental model silver.stg_customers ................... [[32mMERGE (40.0 rows, 101.8 KiB processed)[0m in 2.88s]
[2026-08-11T06:26:29.335+0000] {docker.py:69} INFO - [0m06:26:29  2 of 9 OK created sql incremental model silver.stg_orders ...................... [[32mMERGE (62.0 rows, 234.4 KiB processed)[0m in 3.13s]
[2026-08-11T06:26:29.342+0000] {docker.py:69} INFO - [0m06:26:29  6 of 9 START sql table model gold.fact_customer_health ......................... [RUN]
[2026-08-11T06:26:29.345+0000] {docker.py:69} INFO - [0m06:26:29  7 of 9 START sql table model gold.fact_customer_rfm ............................ [RUN]
[2026-08-11T06:26:29.347+0000] {docker.py:69} INFO - [0m06:26:29  8 of 9 START sql table model gold.fact_refund_alerts ........................... [RUN]
[2026-08-11T06:26:30.111+0000] {docker.py:69} INFO - [0m06:26:30  5 of 9 OK created sql table model gold.fact_subscription_churn ................. [[32mCREATE TABLE (35.0 rows, 2.0 KiB processed)[0m in 1.57s]
[2026-08-11T06:26:30.116+0000] {docker.py:69} INFO - [0m06:26:30  9 of 9 START sql table model gold.fact_weekly_revenue .......................... [RUN]
[2026-08-11T06:26:30.915+0000] {docker.py:69} INFO - [0m06:26:30  6 of 9 OK created sql table model gold.fact_customer_health .................... [[32mCREATE TABLE (160.0 rows, 62.5 KiB processed)[0m in 1.56s]
[2026-08-11T06:26:31.354+0000] {docker.py:69} INFO - [0m06:26:31  9 of 9 OK created sql table model gold.fact_weekly_revenue ..................... [[32mCREATE TABLE (15.0 rows, 67.8 KiB processed)[0m in 1.23s]
[2026-08-11T06:26:32.055+0000] {docker.py:69} INFO - [0m06:26:32  8 of 9 OK created sql table model gold.fact_refund_alerts ...................... [[32mCREATE TABLE (34.0 rows, 15.1 KiB processed)[0m in 2.70s]
[2026-08-11T06:26:32.070+0000] {docker.py:69} INFO - [0m06:26:32  7 of 9 OK created sql table model gold.fact_customer_rfm ....................... [[32mCREATE TABLE (160.0 rows, 93.9 KiB processed)[0m in 2.72s]
[2026-08-11T06:26:32.080+0000] {docker.py:69} INFO - [0m06:26:32
[2026-08-11T06:26:32.082+0000] {docker.py:69} INFO - [0m06:26:32  Finished running 3 incremental models, 6 table models in 0 hours 0 minutes and 6.86 seconds (6.86s).
[2026-08-11T06:26:32.220+0000] {docker.py:69} INFO - [0m06:26:32
[2026-08-11T06:26:32.222+0000] {docker.py:69} INFO - [0m06:26:32  [32mCompleted successfully[0m
[2026-08-11T06:26:32.223+0000] {docker.py:69} INFO - [0m06:26:32
[2026-08-11T06:26:32.225+0000] {docker.py:69} INFO - [0m06:26:32  Done. PASS=9 WARN=0 ERROR=0 SKIP=0 NO-OP=0 REUSED=0 TOTAL=9
[2026-08-11T06:26:34.366+0000] {taskinstance.py:341} INFO - ::group::Post task execution logs
[2026-08-11T06:26:34.367+0000] {taskinstance.py:353} INFO - Marking task as SUCCESS. dag_id=brewline_pipeline_bigquery, task_id=dbt_run_bigquery, run_id=backfill__2026-08-08T00:00:00+00:00, execution_date=20260808T000000, start_date=20260811T062610, end_date=20260811T062634
[2026-08-11T06:26:34.447+0000] {logging_mixin.py:190} INFO - Task instance in success state
[2026-08-11T06:26:34.452+0000] {logging_mixin.py:190} INFO -  Previous state of the Task instance: running
[2026-08-11T06:26:34.455+0000] {logging_mixin.py:190} INFO - Dag name:brewline_pipeline_bigquery queued_at:None
[2026-08-11T06:26:34.458+0000] {logging_mixin.py:190} INFO - Task hostname:5224a343584d operator:DockerOperator
[2026-08-11T06:26:34.523+0000] {local_task_job_runner.py:266} INFO - Task exited with return code 0
[2026-08-11T06:26:34.568+0000] {taskinstance.py:3901} INFO - 1 downstream tasks scheduled from follow-on schedule check
[2026-08-11T06:26:34.573+0000] {local_task_job_runner.py:245} INFO - ::endgroup::
