[2026-08-08T01:09:36.488+0000] {local_task_job_runner.py:123} INFO - ::group::Pre task execution logs
[2026-08-08T01:09:36.510+0000] {taskinstance.py:2614} INFO - Dependencies all met for dep_context=non-requeueable deps ti=<TaskInstance: brewline_pipeline.dbt_seed scheduled__2026-08-04T00:00:00+00:00 [queued]>
[2026-08-08T01:09:36.521+0000] {taskinstance.py:2614} INFO - Dependencies all met for dep_context=requeueable deps ti=<TaskInstance: brewline_pipeline.dbt_seed scheduled__2026-08-04T00:00:00+00:00 [queued]>
[2026-08-08T01:09:36.522+0000] {taskinstance.py:2867} INFO - Starting attempt 1 of 1
[2026-08-08T01:09:36.537+0000] {taskinstance.py:2890} INFO - Executing <Task(DockerOperator): dbt_seed> on 2026-08-04 00:00:00+00:00
[2026-08-08T01:09:36.546+0000] {warnings.py:112} WARNING - /home/***/.local/lib/python3.12/site-packages/***/task/task_runner/standard_task_runner.py:70: DeprecationWarning: This process (pid=78) is multi-threaded, use of fork() may lead to deadlocks in the child.
  pid = os.fork()

[2026-08-08T01:09:36.549+0000] {standard_task_runner.py:72} INFO - Started process 80 to run task
[2026-08-08T01:09:36.548+0000] {standard_task_runner.py:104} INFO - Running: ['***', 'tasks', 'run', 'brewline_pipeline', 'dbt_seed', 'scheduled__2026-08-04T00:00:00+00:00', '--job-id', '26', '--raw', '--subdir', 'DAGS_FOLDER/brewline_pipeline_dag.py', '--cfg-path', '/tmp/tmp5c8ynq7r']
[2026-08-08T01:09:36.550+0000] {standard_task_runner.py:105} INFO - Job 26: Subtask dbt_seed
[2026-08-08T01:09:36.613+0000] {task_command.py:467} INFO - Running <TaskInstance: brewline_pipeline.dbt_seed scheduled__2026-08-04T00:00:00+00:00 [running]> on host 0c284059da3a
[2026-08-08T01:09:36.706+0000] {taskinstance.py:3134} INFO - Exporting env vars: AIRFLOW_CTX_DAG_OWNER='***' AIRFLOW_CTX_DAG_ID='brewline_pipeline' AIRFLOW_CTX_TASK_ID='dbt_seed' AIRFLOW_CTX_EXECUTION_DATE='2026-08-04T00:00:00+00:00' AIRFLOW_CTX_TRY_NUMBER='1' AIRFLOW_CTX_DAG_RUN_ID='scheduled__2026-08-04T00:00:00+00:00'
[2026-08-08T01:09:36.708+0000] {logging_mixin.py:190} INFO - Task instance is in running state
[2026-08-08T01:09:36.709+0000] {logging_mixin.py:190} INFO -  Previous state of the Task instance: queued
[2026-08-08T01:09:36.710+0000] {logging_mixin.py:190} INFO - Current task name:dbt_seed state:running start_date:2026-08-08 01:09:36.511416+00:00
[2026-08-08T01:09:36.710+0000] {logging_mixin.py:190} INFO - Dag name:brewline_pipeline and current dag run status:running
[2026-08-08T01:09:36.711+0000] {taskinstance.py:732} INFO - ::endgroup::
[2026-08-08T01:09:36.765+0000] {docker.py:345} INFO - Starting docker container from image brewline-dbt:latest
[2026-08-08T01:09:39.822+0000] {docker.py:69} INFO - [0m01:09:39  Running with dbt=1.12.0
[2026-08-08T01:09:40.321+0000] {docker.py:69} INFO - [0m01:09:40  Registered adapter: duckdb=1.10.1
[2026-08-08T01:09:42.707+0000] {docker.py:69} INFO - [0m01:09:42  Found 9 models, 52 data tests, 2 seeds, 5 sources, 624 macros
[2026-08-08T01:09:42.714+0000] {docker.py:69} INFO - [0m01:09:42
[2026-08-08T01:09:42.715+0000] {docker.py:69} INFO - [0m01:09:42  Concurrency: 1 threads (target='dev')
[2026-08-08T01:09:42.716+0000] {docker.py:69} INFO - [0m01:09:42
[2026-08-08T01:09:42.956+0000] {docker.py:69} INFO - [0m01:09:42  1 of 2 START seed file silver.exchange_rates ................................... [RUN]
[2026-08-08T01:09:43.087+0000] {docker.py:69} INFO - [0m01:09:43  1 of 2 OK loaded seed file silver.exchange_rates ............................... [[32mINSERT 70[0m in 0.13s]
[2026-08-08T01:09:43.090+0000] {docker.py:69} INFO - [0m01:09:43  2 of 2 START seed file silver.store_timezones .................................. [RUN]
[2026-08-08T01:09:43.150+0000] {docker.py:69} INFO - [0m01:09:43  2 of 2 OK loaded seed file silver.store_timezones .............................. [[32mINSERT 3[0m in 0.06s]
[2026-08-08T01:09:43.163+0000] {docker.py:69} INFO - [0m01:09:43
[2026-08-08T01:09:43.164+0000] {docker.py:69} INFO - [0m01:09:43  Finished running 2 seeds in 0 hours 0 minutes and 0.45 seconds (0.45s).
[2026-08-08T01:09:43.307+0000] {docker.py:69} INFO - [0m01:09:43
[2026-08-08T01:09:43.308+0000] {docker.py:69} INFO - [0m01:09:43  [32mCompleted successfully[0m
[2026-08-08T01:09:43.309+0000] {docker.py:69} INFO - [0m01:09:43
[2026-08-08T01:09:43.311+0000] {docker.py:69} INFO - [0m01:09:43  Done. PASS=2 WARN=0 ERROR=0 SKIP=0 NO-OP=0 REUSED=0 TOTAL=2
[2026-08-08T01:09:45.244+0000] {taskinstance.py:341} INFO - ::group::Post task execution logs
[2026-08-08T01:09:45.245+0000] {taskinstance.py:353} INFO - Marking task as SUCCESS. dag_id=brewline_pipeline, task_id=dbt_seed, run_id=scheduled__2026-08-04T00:00:00+00:00, execution_date=20260804T000000, start_date=20260808T010936, end_date=20260808T010945
[2026-08-08T01:09:45.293+0000] {logging_mixin.py:190} INFO - Task instance in success state
[2026-08-08T01:09:45.295+0000] {logging_mixin.py:190} INFO -  Previous state of the Task instance: running
[2026-08-08T01:09:45.297+0000] {logging_mixin.py:190} INFO - Dag name:brewline_pipeline queued_at:2026-08-08 01:09:17.969261+00:00
[2026-08-08T01:09:45.299+0000] {logging_mixin.py:190} INFO - Task hostname:0c284059da3a operator:DockerOperator
[2026-08-08T01:09:45.318+0000] {local_task_job_runner.py:266} INFO - Task exited with return code 0
[2026-08-08T01:09:45.347+0000] {taskinstance.py:3901} INFO - 1 downstream tasks scheduled from follow-on schedule check
[2026-08-08T01:09:45.350+0000] {local_task_job_runner.py:245} INFO - ::endgroup::
