[2026-08-11T06:16:32.608+0000] {local_task_job_runner.py:123} INFO - ::group::Pre task execution logs
[2026-08-11T06:16:32.633+0000] {taskinstance.py:2614} INFO - Dependencies all met for dep_context=non-requeueable deps ti=<TaskInstance: brewline_pipeline_bigquery.dbt_run_bigquery backfill__2026-08-01T00:00:00+00:00 [queued]>
[2026-08-11T06:16:32.649+0000] {taskinstance.py:2614} INFO - Dependencies all met for dep_context=requeueable deps ti=<TaskInstance: brewline_pipeline_bigquery.dbt_run_bigquery backfill__2026-08-01T00:00:00+00:00 [queued]>
[2026-08-11T06:16:32.650+0000] {taskinstance.py:2867} INFO - Starting attempt 1 of 1
[2026-08-11T06:16:32.668+0000] {taskinstance.py:2890} INFO - Executing <Task(DockerOperator): dbt_run_bigquery> on 2026-08-01 00:00:00+00:00
[2026-08-11T06:16:32.682+0000] {warnings.py:112} WARNING - /home/***/.local/lib/python3.12/site-packages/***/task/task_runner/standard_task_runner.py:70: DeprecationWarning: This process (pid=1678) is multi-threaded, use of fork() may lead to deadlocks in the child.
  pid = os.fork()

[2026-08-11T06:16:32.685+0000] {standard_task_runner.py:104} INFO - Running: ['***', 'tasks', 'run', 'brewline_pipeline_bigquery', 'dbt_run_bigquery', 'backfill__2026-08-01T00:00:00+00:00', '--job-id', '145', '--pool', 'default_pool', '--raw', '--subdir', 'DAGS_FOLDER/brewline_pipeline_bigquery_dag.py', '--cfg-path', '/tmp/tmpf3xr_b8b']
[2026-08-11T06:16:32.686+0000] {standard_task_runner.py:72} INFO - Started process 1680 to run task
[2026-08-11T06:16:32.687+0000] {standard_task_runner.py:105} INFO - Job 145: Subtask dbt_run_bigquery
[2026-08-11T06:16:32.766+0000] {task_command.py:467} INFO - Running <TaskInstance: brewline_pipeline_bigquery.dbt_run_bigquery backfill__2026-08-01T00:00:00+00:00 [running]> on host 5224a343584d
[2026-08-11T06:16:32.895+0000] {taskinstance.py:3134} INFO - Exporting env vars: AIRFLOW_CTX_DAG_OWNER='***' AIRFLOW_CTX_DAG_ID='brewline_pipeline_bigquery' AIRFLOW_CTX_TASK_ID='dbt_run_bigquery' AIRFLOW_CTX_EXECUTION_DATE='2026-08-01T00:00:00+00:00' AIRFLOW_CTX_TRY_NUMBER='1' AIRFLOW_CTX_DAG_RUN_ID='backfill__2026-08-01T00:00:00+00:00'
[2026-08-11T06:16:32.898+0000] {logging_mixin.py:190} INFO - Task instance is in running state
[2026-08-11T06:16:32.899+0000] {logging_mixin.py:190} INFO -  Previous state of the Task instance: queued
[2026-08-11T06:16:32.901+0000] {logging_mixin.py:190} INFO - Current task name:dbt_run_bigquery state:running start_date:2026-08-11 06:16:32.634811+00:00
[2026-08-11T06:16:32.902+0000] {logging_mixin.py:190} INFO - Dag name:brewline_pipeline_bigquery and current dag run status:running
[2026-08-11T06:16:32.903+0000] {taskinstance.py:732} INFO - ::endgroup::
[2026-08-11T06:16:32.992+0000] {docker.py:345} INFO - Starting docker container from image brewline-dbt:latest
[2026-08-11T06:16:35.371+0000] {docker.py:69} INFO - [0m06:16:35  Running with dbt=1.12.0
[2026-08-11T06:16:35.966+0000] {docker.py:69} INFO - [0m06:16:35  Installing dbt-labs/dbt_utils
[2026-08-11T06:16:41.666+0000] {docker.py:69} INFO - [0m06:16:41  Installed from version 1.4.1
[2026-08-11T06:16:41.668+0000] {docker.py:69} INFO - [0m06:16:41  Up to date!
[2026-08-11T06:16:44.966+0000] {docker.py:69} INFO - [0m06:16:44  Running with dbt=1.12.0
[2026-08-11T06:16:46.148+0000] {docker.py:69} INFO - [0m06:16:46  Registered adapter: bigquery=1.12.0
[2026-08-11T06:16:47.667+0000] {docker.py:69} INFO - [0m06:16:47  Found 9 models, 52 data tests, 2 seeds, 5 sources, 699 macros
[2026-08-11T06:16:47.674+0000] {docker.py:69} INFO - [0m06:16:47
[2026-08-11T06:16:47.677+0000] {docker.py:69} INFO - [0m06:16:47  Concurrency: 4 threads (target='bigquery')
[2026-08-11T06:16:47.680+0000] {docker.py:69} INFO - [0m06:16:47
[2026-08-11T06:16:47.701+0000] {docker.py:69} INFO - WARNING:google.auth._default:No project ID could be determined. Consider running `gcloud config set project` or setting the GOOGLE_CLOUD_PROJECT environment variable
[2026-08-11T06:16:47.702+0000] {docker.py:69} INFO - WARNING:google.auth._default:No project ID could be determined. Consider running `gcloud config set project` or setting the GOOGLE_CLOUD_PROJECT environment variable
[2026-08-11T06:16:49.104+0000] {docker.py:69} INFO - [0m06:16:49  1 of 9 START sql incremental model silver.stg_customers ........................ [RUN]
[2026-08-11T06:16:49.106+0000] {docker.py:69} INFO - [0m06:16:49  2 of 9 START sql incremental model silver.stg_orders ........................... [RUN]
[2026-08-11T06:16:49.108+0000] {docker.py:69} INFO - [0m06:16:49  3 of 9 START sql incremental model silver.stg_refunds .......................... [RUN]
[2026-08-11T06:16:49.110+0000] {docker.py:69} INFO - [0m06:16:49  4 of 9 START sql table model silver.stg_subscriptions .......................... [RUN]
[2026-08-11T06:16:51.899+0000] {docker.py:69} INFO - [0m06:16:51  4 of 9 OK created sql table model silver.stg_subscriptions ..................... [[32mCREATE TABLE (38.0 rows, 3.1 KiB processed)[0m in 2.78s]
[2026-08-11T06:16:51.904+0000] {docker.py:69} INFO - [0m06:16:51  5 of 9 START sql table model gold.fact_subscription_churn ...................... [RUN]
[2026-08-11T06:16:52.242+0000] {docker.py:69} INFO - [0m06:16:52  3 of 9 OK created sql incremental model silver.stg_refunds ..................... [[32mMERGE (0.0 rows, 115.4 KiB processed)[0m in 3.12s]
[2026-08-11T06:16:52.254+0000] {docker.py:69} INFO - [0m06:16:52  1 of 9 OK created sql incremental model silver.stg_customers ................... [[32mMERGE (40.0 rows, 81.5 KiB processed)[0m in 3.14s]
[2026-08-11T06:16:52.362+0000] {docker.py:69} INFO - [0m06:16:52  2 of 9 OK created sql incremental model silver.stg_orders ...................... [[32mMERGE (50.0 rows, 185.1 KiB processed)[0m in 3.25s]
[2026-08-11T06:16:52.367+0000] {docker.py:69} INFO - [0m06:16:52  6 of 9 START sql table model gold.fact_customer_health ......................... [RUN]
[2026-08-11T06:16:52.368+0000] {docker.py:69} INFO - [0m06:16:52  7 of 9 START sql table model gold.fact_customer_rfm ............................ [RUN]
[2026-08-11T06:16:52.370+0000] {docker.py:69} INFO - [0m06:16:52  8 of 9 START sql table model gold.fact_refund_alerts ........................... [RUN]
[2026-08-11T06:16:53.440+0000] {docker.py:69} INFO - [0m06:16:53  5 of 9 OK created sql table model gold.fact_subscription_churn ................. [[32mCREATE TABLE (35.0 rows, 2.0 KiB processed)[0m in 1.53s]
[2026-08-11T06:16:53.445+0000] {docker.py:69} INFO - [0m06:16:53  9 of 9 START sql table model gold.fact_weekly_revenue .......................... [RUN]
[2026-08-11T06:16:53.947+0000] {docker.py:69} INFO - [0m06:16:53  6 of 9 OK created sql table model gold.fact_customer_health .................... [[32mCREATE TABLE (160.0 rows, 49.9 KiB processed)[0m in 1.57s]
[2026-08-11T06:16:54.469+0000] {docker.py:69} INFO - [0m06:16:54  7 of 9 OK created sql table model gold.fact_customer_rfm ....................... [[32mCREATE TABLE (160.0 rows, 74.9 KiB processed)[0m in 2.09s]
[2026-08-11T06:16:54.476+0000] {docker.py:69} INFO - [0m06:16:54  8 of 9 OK created sql table model gold.fact_refund_alerts ...................... [[32mCREATE TABLE (26.0 rows, 11.9 KiB processed)[0m in 2.10s]
[2026-08-11T06:16:54.974+0000] {docker.py:69} INFO - [0m06:16:54  9 of 9 OK created sql table model gold.fact_weekly_revenue ..................... [[32mCREATE TABLE (12.0 rows, 53.2 KiB processed)[0m in 1.52s]
[2026-08-11T06:16:54.986+0000] {docker.py:69} INFO - [0m06:16:54
[2026-08-11T06:16:54.988+0000] {docker.py:69} INFO - [0m06:16:54  Finished running 3 incremental models, 6 table models in 0 hours 0 minutes and 7.31 seconds (7.31s).
[2026-08-11T06:16:55.156+0000] {docker.py:69} INFO - [0m06:16:55
[2026-08-11T06:16:55.157+0000] {docker.py:69} INFO - [0m06:16:55  [32mCompleted successfully[0m
[2026-08-11T06:16:55.159+0000] {docker.py:69} INFO - [0m06:16:55
[2026-08-11T06:16:55.160+0000] {docker.py:69} INFO - [0m06:16:55  Done. PASS=9 WARN=0 ERROR=0 SKIP=0 NO-OP=0 REUSED=0 TOTAL=9
[2026-08-11T06:16:57.367+0000] {taskinstance.py:341} INFO - ::group::Post task execution logs
[2026-08-11T06:16:57.369+0000] {taskinstance.py:353} INFO - Marking task as SUCCESS. dag_id=brewline_pipeline_bigquery, task_id=dbt_run_bigquery, run_id=backfill__2026-08-01T00:00:00+00:00, execution_date=20260801T000000, start_date=20260811T061632, end_date=20260811T061657
[2026-08-11T06:16:57.405+0000] {logging_mixin.py:190} INFO - Task instance in success state
[2026-08-11T06:16:57.406+0000] {logging_mixin.py:190} INFO -  Previous state of the Task instance: running
[2026-08-11T06:16:57.408+0000] {logging_mixin.py:190} INFO - Dag name:brewline_pipeline_bigquery queued_at:None
[2026-08-11T06:16:57.409+0000] {logging_mixin.py:190} INFO - Task hostname:5224a343584d operator:DockerOperator
[2026-08-11T06:16:57.441+0000] {local_task_job_runner.py:266} INFO - Task exited with return code 0
[2026-08-11T06:16:57.465+0000] {taskinstance.py:3901} INFO - 1 downstream tasks scheduled from follow-on schedule check
[2026-08-11T06:16:57.467+0000] {local_task_job_runner.py:245} INFO - ::endgroup::
