[2026-08-11T06:06:13.127+0000] {local_task_job_runner.py:123} INFO - ::group::Pre task execution logs
[2026-08-11T06:06:13.149+0000] {taskinstance.py:2614} INFO - Dependencies all met for dep_context=non-requeueable deps ti=<TaskInstance: brewline_pipeline_bigquery.dbt_run_bigquery backfill__2026-07-25T00:00:00+00:00 [queued]>
[2026-08-11T06:06:13.160+0000] {taskinstance.py:2614} INFO - Dependencies all met for dep_context=requeueable deps ti=<TaskInstance: brewline_pipeline_bigquery.dbt_run_bigquery backfill__2026-07-25T00:00:00+00:00 [queued]>
[2026-08-11T06:06:13.161+0000] {taskinstance.py:2867} INFO - Starting attempt 2 of 2
[2026-08-11T06:06:13.177+0000] {taskinstance.py:2890} INFO - Executing <Task(DockerOperator): dbt_run_bigquery> on 2026-07-25 00:00:00+00:00
[2026-08-11T06:06:13.187+0000] {warnings.py:112} WARNING - /home/***/.local/lib/python3.12/site-packages/***/task/task_runner/standard_task_runner.py:70: DeprecationWarning: This process (pid=1468) is multi-threaded, use of fork() may lead to deadlocks in the child.
  pid = os.fork()

[2026-08-11T06:06:13.189+0000] {standard_task_runner.py:72} INFO - Started process 1470 to run task
[2026-08-11T06:06:13.189+0000] {standard_task_runner.py:104} INFO - Running: ['***', 'tasks', 'run', 'brewline_pipeline_bigquery', 'dbt_run_bigquery', 'backfill__2026-07-25T00:00:00+00:00', '--job-id', '124', '--pool', 'default_pool', '--raw', '--subdir', 'DAGS_FOLDER/brewline_pipeline_bigquery_dag.py', '--cfg-path', '/tmp/tmpe5cafdl1']
[2026-08-11T06:06:13.190+0000] {standard_task_runner.py:105} INFO - Job 124: Subtask dbt_run_bigquery
[2026-08-11T06:06:13.251+0000] {task_command.py:467} INFO - Running <TaskInstance: brewline_pipeline_bigquery.dbt_run_bigquery backfill__2026-07-25T00:00:00+00:00 [running]> on host 5224a343584d
[2026-08-11T06:06:13.345+0000] {taskinstance.py:3134} INFO - Exporting env vars: AIRFLOW_CTX_DAG_OWNER='***' AIRFLOW_CTX_DAG_ID='brewline_pipeline_bigquery' AIRFLOW_CTX_TASK_ID='dbt_run_bigquery' AIRFLOW_CTX_EXECUTION_DATE='2026-07-25T00:00:00+00:00' AIRFLOW_CTX_TRY_NUMBER='2' AIRFLOW_CTX_DAG_RUN_ID='backfill__2026-07-25T00:00:00+00:00'
[2026-08-11T06:06:13.347+0000] {logging_mixin.py:190} INFO - Task instance is in running state
[2026-08-11T06:06:13.348+0000] {logging_mixin.py:190} INFO -  Previous state of the Task instance: queued
[2026-08-11T06:06:13.349+0000] {logging_mixin.py:190} INFO - Current task name:dbt_run_bigquery state:running start_date:2026-08-11 06:06:13.150369+00:00
[2026-08-11T06:06:13.350+0000] {logging_mixin.py:190} INFO - Dag name:brewline_pipeline_bigquery and current dag run status:running
[2026-08-11T06:06:13.351+0000] {taskinstance.py:732} INFO - ::endgroup::
[2026-08-11T06:06:13.412+0000] {docker.py:345} INFO - Starting docker container from image brewline-dbt:latest
[2026-08-11T06:06:15.762+0000] {docker.py:69} INFO - [0m06:06:15  Running with dbt=1.12.0
[2026-08-11T06:06:16.248+0000] {docker.py:69} INFO - [0m06:06:16  Installing dbt-labs/dbt_utils
[2026-08-11T06:06:21.276+0000] {docker.py:69} INFO - [0m06:06:21  Installed from version 1.4.1
[2026-08-11T06:06:21.277+0000] {docker.py:69} INFO - [0m06:06:21  Up to date!
[2026-08-11T06:06:24.397+0000] {docker.py:69} INFO - [0m06:06:24  Running with dbt=1.12.0
[2026-08-11T06:06:25.595+0000] {docker.py:69} INFO - [0m06:06:25  Registered adapter: bigquery=1.12.0
[2026-08-11T06:06:27.043+0000] {docker.py:69} INFO - [0m06:06:27  Found 9 models, 52 data tests, 2 seeds, 5 sources, 699 macros
[2026-08-11T06:06:27.048+0000] {docker.py:69} INFO - [0m06:06:27
[2026-08-11T06:06:27.050+0000] {docker.py:69} INFO - [0m06:06:27  Concurrency: 4 threads (target='bigquery')
[2026-08-11T06:06:27.051+0000] {docker.py:69} INFO - [0m06:06:27
[2026-08-11T06:06:27.071+0000] {docker.py:69} INFO - WARNING:google.auth._default:No project ID could be determined. Consider running `gcloud config set project` or setting the GOOGLE_CLOUD_PROJECT environment variable
[2026-08-11T06:06:27.073+0000] {docker.py:69} INFO - WARNING:google.auth._default:No project ID could be determined. Consider running `gcloud config set project` or setting the GOOGLE_CLOUD_PROJECT environment variable
[2026-08-11T06:06:28.263+0000] {docker.py:69} INFO - [0m06:06:28  1 of 9 START sql incremental model silver.stg_customers ........................ [RUN]
[2026-08-11T06:06:28.266+0000] {docker.py:69} INFO - [0m06:06:28  2 of 9 START sql incremental model silver.stg_orders ........................... [RUN]
[2026-08-11T06:06:28.268+0000] {docker.py:69} INFO - [0m06:06:28  3 of 9 START sql incremental model silver.stg_refunds .......................... [RUN]
[2026-08-11T06:06:28.269+0000] {docker.py:69} INFO - [0m06:06:28  4 of 9 START sql table model silver.stg_subscriptions .......................... [RUN]
[2026-08-11T06:06:30.300+0000] {docker.py:69} INFO - [0m06:06:30  4 of 9 OK created sql table model silver.stg_subscriptions ..................... [[32mCREATE TABLE (38.0 rows, 3.1 KiB processed)[0m in 2.02s]
[2026-08-11T06:06:30.305+0000] {docker.py:69} INFO - [0m06:06:30  5 of 9 START sql table model gold.fact_subscription_churn ...................... [RUN]
[2026-08-11T06:06:30.445+0000] {docker.py:69} INFO - [0m06:06:30  1 of 9 OK created sql incremental model silver.stg_customers ................... [[32mMERGE (41.0 rows, 61.3 KiB processed)[0m in 2.17s]
[2026-08-11T06:06:30.492+0000] {docker.py:69} INFO - [0m06:06:30  3 of 9 OK created sql incremental model silver.stg_refunds ..................... [[32mMERGE (1.0 rows, 90.1 KiB processed)[0m in 2.19s]
[2026-08-11T06:06:30.495+0000] {docker.py:69} INFO - [0m06:06:30  2 of 9 OK created sql incremental model silver.stg_orders ...................... [[32mMERGE (61.0 rows, 136.8 KiB processed)[0m in 2.21s]
[2026-08-11T06:06:30.511+0000] {docker.py:69} INFO - [0m06:06:30  6 of 9 START sql table model gold.fact_customer_health ......................... [RUN]
[2026-08-11T06:06:30.528+0000] {docker.py:69} INFO - [0m06:06:30  7 of 9 START sql table model gold.fact_customer_rfm ............................ [RUN]
[2026-08-11T06:06:30.533+0000] {docker.py:69} INFO - [0m06:06:30  8 of 9 START sql table model gold.fact_refund_alerts ........................... [RUN]
[2026-08-11T06:06:32.182+0000] {docker.py:69} INFO - [0m06:06:32  6 of 9 OK created sql table model gold.fact_customer_health .................... [[32mCREATE TABLE (158.0 rows, 37.7 KiB processed)[0m in 1.64s]
[2026-08-11T06:06:32.186+0000] {docker.py:69} INFO - [0m06:06:32  9 of 9 START sql table model gold.fact_weekly_revenue .......................... [RUN]
[2026-08-11T06:06:32.510+0000] {docker.py:69} INFO - [0m06:06:32  5 of 9 OK created sql table model gold.fact_subscription_churn ................. [[32mCREATE TABLE (35.0 rows, 2.0 KiB processed)[0m in 2.20s]
[2026-08-11T06:06:32.739+0000] {docker.py:69} INFO - [0m06:06:32  8 of 9 OK created sql table model gold.fact_refund_alerts ...................... [[32mCREATE TABLE (22.0 rows, 8.7 KiB processed)[0m in 2.21s]
[2026-08-11T06:06:33.021+0000] {docker.py:69} INFO - [0m06:06:33  7 of 9 OK created sql table model gold.fact_customer_rfm ....................... [[32mCREATE TABLE (158.0 rows, 56.5 KiB processed)[0m in 2.48s]
[2026-08-11T06:06:34.280+0000] {docker.py:69} INFO - [0m06:06:34  9 of 9 OK created sql table model gold.fact_weekly_revenue ..................... [[32mCREATE TABLE (9.0 rows, 38.9 KiB processed)[0m in 2.09s]
[2026-08-11T06:06:34.291+0000] {docker.py:69} INFO - [0m06:06:34
[2026-08-11T06:06:34.292+0000] {docker.py:69} INFO - [0m06:06:34  Finished running 3 incremental models, 6 table models in 0 hours 0 minutes and 7.24 seconds (7.24s).
[2026-08-11T06:06:34.426+0000] {docker.py:69} INFO - [0m06:06:34
[2026-08-11T06:06:34.427+0000] {docker.py:69} INFO - [0m06:06:34  [32mCompleted successfully[0m
[2026-08-11T06:06:34.428+0000] {docker.py:69} INFO - [0m06:06:34
[2026-08-11T06:06:34.429+0000] {docker.py:69} INFO - [0m06:06:34  Done. PASS=9 WARN=0 ERROR=0 SKIP=0 NO-OP=0 REUSED=0 TOTAL=9
[2026-08-11T06:06:36.683+0000] {taskinstance.py:341} INFO - ::group::Post task execution logs
[2026-08-11T06:06:36.684+0000] {taskinstance.py:353} INFO - Marking task as SUCCESS. dag_id=brewline_pipeline_bigquery, task_id=dbt_run_bigquery, run_id=backfill__2026-07-25T00:00:00+00:00, execution_date=20260725T000000, start_date=20260811T060613, end_date=20260811T060636
[2026-08-11T06:06:36.726+0000] {logging_mixin.py:190} INFO - Task instance in success state
[2026-08-11T06:06:36.727+0000] {logging_mixin.py:190} INFO -  Previous state of the Task instance: running
[2026-08-11T06:06:36.729+0000] {logging_mixin.py:190} INFO - Dag name:brewline_pipeline_bigquery queued_at:2026-08-11 05:31:04.356020+00:00
[2026-08-11T06:06:36.730+0000] {logging_mixin.py:190} INFO - Task hostname:5224a343584d operator:DockerOperator
[2026-08-11T06:06:36.790+0000] {local_task_job_runner.py:266} INFO - Task exited with return code 0
[2026-08-11T06:06:36.824+0000] {taskinstance.py:3901} INFO - 1 downstream tasks scheduled from follow-on schedule check
[2026-08-11T06:06:36.828+0000] {local_task_job_runner.py:245} INFO - ::endgroup::
