[2026-08-11T07:23:06.985+0000] {local_task_job_runner.py:123} INFO - ::group::Pre task execution logs
[2026-08-11T07:23:07.035+0000] {taskinstance.py:2614} INFO - Dependencies all met for dep_context=non-requeueable deps ti=<TaskInstance: brewline_pipeline.bronze_ingest scheduled__2026-08-10T00:00:00+00:00 [queued]>
[2026-08-11T07:23:07.049+0000] {taskinstance.py:2614} INFO - Dependencies all met for dep_context=requeueable deps ti=<TaskInstance: brewline_pipeline.bronze_ingest scheduled__2026-08-10T00:00:00+00:00 [queued]>
[2026-08-11T07:23:07.051+0000] {taskinstance.py:2867} INFO - Starting attempt 1 of 1
[2026-08-11T07:23:07.072+0000] {taskinstance.py:2890} INFO - Executing <Task(DockerOperator): bronze_ingest> on 2026-08-10 00:00:00+00:00
[2026-08-11T07:23:07.085+0000] {warnings.py:112} WARNING - /home/***/.local/lib/python3.12/site-packages/***/task/task_runner/standard_task_runner.py:70: DeprecationWarning: This process (pid=2657) is multi-threaded, use of fork() may lead to deadlocks in the child.
  pid = os.fork()

[2026-08-11T07:23:07.088+0000] {standard_task_runner.py:72} INFO - Started process 2660 to run task
[2026-08-11T07:23:07.087+0000] {standard_task_runner.py:104} INFO - Running: ['***', 'tasks', 'run', 'brewline_pipeline', 'bronze_ingest', 'scheduled__2026-08-10T00:00:00+00:00', '--job-id', '177', '--raw', '--subdir', 'DAGS_FOLDER/brewline_pipeline_dag.py', '--cfg-path', '/tmp/tmp3ubt220k']
[2026-08-11T07:23:07.089+0000] {standard_task_runner.py:105} INFO - Job 177: Subtask bronze_ingest
[2026-08-11T07:23:07.170+0000] {task_command.py:467} INFO - Running <TaskInstance: brewline_pipeline.bronze_ingest scheduled__2026-08-10T00:00:00+00:00 [running]> on host 5224a343584d
[2026-08-11T07:23:07.290+0000] {taskinstance.py:3134} INFO - Exporting env vars: AIRFLOW_CTX_DAG_OWNER='***' AIRFLOW_CTX_DAG_ID='brewline_pipeline' AIRFLOW_CTX_TASK_ID='bronze_ingest' AIRFLOW_CTX_EXECUTION_DATE='2026-08-10T00:00:00+00:00' AIRFLOW_CTX_TRY_NUMBER='1' AIRFLOW_CTX_DAG_RUN_ID='scheduled__2026-08-10T00:00:00+00:00'
[2026-08-11T07:23:07.294+0000] {logging_mixin.py:190} INFO - Task instance is in running state
[2026-08-11T07:23:07.295+0000] {logging_mixin.py:190} INFO -  Previous state of the Task instance: queued
[2026-08-11T07:23:07.296+0000] {logging_mixin.py:190} INFO - Current task name:bronze_ingest state:running start_date:2026-08-11 07:23:07.037567+00:00
[2026-08-11T07:23:07.297+0000] {logging_mixin.py:190} INFO - Dag name:brewline_pipeline and current dag run status:running
[2026-08-11T07:23:07.298+0000] {taskinstance.py:732} INFO - ::endgroup::
[2026-08-11T07:23:07.372+0000] {docker.py:345} INFO - Starting docker container from image brewline-bronze:latest
[2026-08-11T07:23:09.887+0000] {docker.py:69} INFO - 2026-08-11 07:23:09,886 [INFO] bronze: bronze.shopify_orders              2508 rows  (all days combined)
[2026-08-11T07:23:10.587+0000] {docker.py:69} INFO - 2026-08-11 07:23:10,585 [INFO] bronze: bronze.square_transactions         2427 rows  (all days combined)
[2026-08-11T07:23:10.677+0000] {docker.py:69} INFO - 2026-08-11 07:23:10,675 [INFO] bronze: bronze.recharge_subscriptions        38 rows  (latest snapshot)
[2026-08-11T07:23:10.989+0000] {docker.py:69} INFO - 2026-08-11 07:23:10,988 [INFO] bronze: bronze.zendesk_tickets               70 rows  (all days combined)
[2026-08-11T07:23:11.460+0000] {docker.py:69} INFO - 2026-08-11 07:23:11,459 [INFO] bronze: bronze.shipstation_shipments       2088 rows  (all days combined)
[2026-08-11T07:23:11.554+0000] {docker.py:69} INFO - 2026-08-11 07:23:11,553 [INFO] bronze: Bronze ingestion complete.
[2026-08-11T07:23:11.978+0000] {taskinstance.py:341} INFO - ::group::Post task execution logs
[2026-08-11T07:23:11.979+0000] {taskinstance.py:353} INFO - Marking task as SUCCESS. dag_id=brewline_pipeline, task_id=bronze_ingest, run_id=scheduled__2026-08-10T00:00:00+00:00, execution_date=20260810T000000, start_date=20260811T072307, end_date=20260811T072311
[2026-08-11T07:23:12.045+0000] {logging_mixin.py:190} INFO - Task instance in success state
[2026-08-11T07:23:12.047+0000] {logging_mixin.py:190} INFO -  Previous state of the Task instance: running
[2026-08-11T07:23:12.049+0000] {logging_mixin.py:190} INFO - Dag name:brewline_pipeline queued_at:2026-08-11 07:23:04.047712+00:00
[2026-08-11T07:23:12.050+0000] {logging_mixin.py:190} INFO - Task hostname:5224a343584d operator:DockerOperator
[2026-08-11T07:23:12.084+0000] {local_task_job_runner.py:266} INFO - Task exited with return code 0
[2026-08-11T07:23:12.095+0000] {standard_task_runner.py:217} INFO - Process not found (most likely exited), stop collecting metrics
[2026-08-11T07:23:12.138+0000] {taskinstance.py:3901} INFO - 1 downstream tasks scheduled from follow-on schedule check
[2026-08-11T07:23:12.144+0000] {local_task_job_runner.py:245} INFO - ::endgroup::
