[2026-08-09T13:55:15.900+0000] {local_task_job_runner.py:123} INFO - ::group::Pre task execution logs
[2026-08-09T13:55:15.921+0000] {taskinstance.py:2614} INFO - Dependencies all met for dep_context=non-requeueable deps ti=<TaskInstance: brewline_pipeline_bigquery.dbt_run_bigquery backfill__2026-07-13T00:00:00+00:00 [queued]>
[2026-08-09T13:55:15.932+0000] {taskinstance.py:2614} INFO - Dependencies all met for dep_context=requeueable deps ti=<TaskInstance: brewline_pipeline_bigquery.dbt_run_bigquery backfill__2026-07-13T00:00:00+00:00 [queued]>
[2026-08-09T13:55:15.933+0000] {taskinstance.py:2867} INFO - Starting attempt 1 of 1
[2026-08-09T13:55:15.948+0000] {taskinstance.py:2890} INFO - Executing <Task(DockerOperator): dbt_run_bigquery> on 2026-07-13 00:00:00+00:00
[2026-08-09T13:55:15.958+0000] {warnings.py:112} WARNING - /home/***/.local/lib/python3.12/site-packages/***/task/task_runner/standard_task_runner.py:70: DeprecationWarning: This process (pid=201) is multi-threaded, use of fork() may lead to deadlocks in the child.
  pid = os.fork()

[2026-08-09T13:55:15.960+0000] {standard_task_runner.py:104} INFO - Running: ['***', 'tasks', 'run', 'brewline_pipeline_bigquery', 'dbt_run_bigquery', 'backfill__2026-07-13T00:00:00+00:00', '--job-id', '15', '--pool', 'default_pool', '--raw', '--subdir', 'DAGS_FOLDER/brewline_pipeline_bigquery_dag.py', '--cfg-path', '/tmp/tmpem3i720w']
[2026-08-09T13:55:15.962+0000] {standard_task_runner.py:72} INFO - Started process 203 to run task
[2026-08-09T13:55:15.962+0000] {standard_task_runner.py:105} INFO - Job 15: Subtask dbt_run_bigquery
[2026-08-09T13:55:16.027+0000] {task_command.py:467} INFO - Running <TaskInstance: brewline_pipeline_bigquery.dbt_run_bigquery backfill__2026-07-13T00:00:00+00:00 [running]> on host 5224a343584d
[2026-08-09T13:55:16.212+0000] {taskinstance.py:3134} INFO - Exporting env vars: AIRFLOW_CTX_DAG_OWNER='***' AIRFLOW_CTX_DAG_ID='brewline_pipeline_bigquery' AIRFLOW_CTX_TASK_ID='dbt_run_bigquery' AIRFLOW_CTX_EXECUTION_DATE='2026-07-13T00:00:00+00:00' AIRFLOW_CTX_TRY_NUMBER='1' AIRFLOW_CTX_DAG_RUN_ID='backfill__2026-07-13T00:00:00+00:00'
[2026-08-09T13:55:16.214+0000] {logging_mixin.py:190} INFO - Task instance is in running state
[2026-08-09T13:55:16.215+0000] {logging_mixin.py:190} INFO -  Previous state of the Task instance: queued
[2026-08-09T13:55:16.217+0000] {logging_mixin.py:190} INFO - Current task name:dbt_run_bigquery state:running start_date:2026-08-09 13:55:15.922140+00:00
[2026-08-09T13:55:16.218+0000] {logging_mixin.py:190} INFO - Dag name:brewline_pipeline_bigquery and current dag run status:running
[2026-08-09T13:55:16.219+0000] {taskinstance.py:732} INFO - ::endgroup::
[2026-08-09T13:55:16.296+0000] {docker.py:345} INFO - Starting docker container from image brewline-dbt:latest
[2026-08-09T13:55:18.702+0000] {docker.py:69} INFO - [0m13:55:18  Running with dbt=1.12.0
[2026-08-09T13:55:19.252+0000] {docker.py:69} INFO - [0m13:55:19  Installing dbt-labs/dbt_utils
[2026-08-09T13:55:23.972+0000] {docker.py:69} INFO - [0m13:55:23  Installed from version 1.4.1
[2026-08-09T13:55:23.973+0000] {docker.py:69} INFO - [0m13:55:23  Up to date!
[2026-08-09T13:55:27.042+0000] {docker.py:69} INFO - [0m13:55:27  Running with dbt=1.12.0
[2026-08-09T13:55:28.506+0000] {docker.py:69} INFO - [0m13:55:28  Registered adapter: bigquery=1.12.0
[2026-08-09T13:55:29.802+0000] {docker.py:69} INFO - [0m13:55:29  Found 9 models, 52 data tests, 2 seeds, 5 sources, 699 macros
[2026-08-09T13:55:29.809+0000] {docker.py:69} INFO - [0m13:55:29
[2026-08-09T13:55:29.810+0000] {docker.py:69} INFO - [0m13:55:29  Concurrency: 4 threads (target='bigquery')
[2026-08-09T13:55:29.811+0000] {docker.py:69} INFO - [0m13:55:29
[2026-08-09T13:55:29.829+0000] {docker.py:69} INFO - WARNING:google.auth._default:No project ID could be determined. Consider running `gcloud config set project` or setting the GOOGLE_CLOUD_PROJECT environment variable
[2026-08-09T13:55:29.830+0000] {docker.py:69} INFO - WARNING:google.auth._default:No project ID could be determined. Consider running `gcloud config set project` or setting the GOOGLE_CLOUD_PROJECT environment variable
[2026-08-09T13:55:30.787+0000] {docker.py:69} INFO - [0m13:55:30  1 of 9 START sql incremental model silver.stg_customers ........................ [RUN]
[2026-08-09T13:55:30.789+0000] {docker.py:69} INFO - [0m13:55:30  2 of 9 START sql incremental model silver.stg_orders ........................... [RUN]
[2026-08-09T13:55:30.790+0000] {docker.py:69} INFO - [0m13:55:30  3 of 9 START sql incremental model silver.stg_refunds .......................... [RUN]
[2026-08-09T13:55:30.791+0000] {docker.py:69} INFO - [0m13:55:30  4 of 9 START sql table model silver.stg_subscriptions .......................... [RUN]
[2026-08-09T13:55:32.528+0000] {docker.py:69} INFO - [0m13:55:32  1 of 9 OK created sql incremental model silver.stg_customers ................... [[32mMERGE (43.0 rows, 21.5 KiB processed)[0m in 1.73s]
[2026-08-09T13:55:32.570+0000] {docker.py:69} INFO - [0m13:55:32  4 of 9 OK created sql table model silver.stg_subscriptions ..................... [[32mCREATE TABLE (35.0 rows, 2.6 KiB processed)[0m in 1.77s]
[2026-08-09T13:55:32.573+0000] {docker.py:69} INFO - [0m13:55:32  5 of 9 START sql table model gold.fact_subscription_churn ...................... [RUN]
[2026-08-09T13:55:32.757+0000] {docker.py:69} INFO - [0m13:55:32  3 of 9 OK created sql incremental model silver.stg_refunds ..................... [[32mMERGE (0.0 rows, 28.4 KiB processed)[0m in 1.96s]
[2026-08-09T13:55:32.776+0000] {docker.py:69} INFO - [0m13:55:32  2 of 9 OK created sql incremental model silver.stg_orders ...................... [[32mMERGE (65.0 rows, 38.5 KiB processed)[0m in 1.98s]
[2026-08-09T13:55:32.781+0000] {docker.py:69} INFO - [0m13:55:32  6 of 9 START sql table model gold.fact_customer_health ......................... [RUN]
[2026-08-09T13:55:32.783+0000] {docker.py:69} INFO - [0m13:55:32  7 of 9 START sql table model gold.fact_customer_rfm ............................ [RUN]
[2026-08-09T13:55:32.784+0000] {docker.py:69} INFO - [0m13:55:32  8 of 9 START sql table model gold.fact_refund_alerts ........................... [RUN]
[2026-08-09T13:55:34.080+0000] {docker.py:69} INFO - [0m13:55:34  5 of 9 OK created sql table model gold.fact_subscription_churn ................. [[32mCREATE TABLE (35.0 rows, 1.7 KiB processed)[0m in 1.50s]
[2026-08-09T13:55:34.083+0000] {docker.py:69} INFO - [0m13:55:34  9 of 9 START sql table model gold.fact_weekly_revenue .......................... [RUN]
[2026-08-09T13:55:34.361+0000] {docker.py:69} INFO - [0m13:55:34  6 of 9 OK created sql table model gold.fact_customer_health .................... [[32mCREATE TABLE (125.0 rows, 14.7 KiB processed)[0m in 1.57s]
[2026-08-09T13:55:34.860+0000] {docker.py:69} INFO - [0m13:55:34  7 of 9 OK created sql table model gold.fact_customer_rfm ....................... [[32mCREATE TABLE (125.0 rows, 19.0 KiB processed)[0m in 2.07s]
[2026-08-09T13:55:34.872+0000] {docker.py:69} INFO - [0m13:55:34  8 of 9 OK created sql table model gold.fact_refund_alerts ...................... [[32mCREATE TABLE (8.0 rows, 2.9 KiB processed)[0m in 2.08s]
[2026-08-09T13:55:35.315+0000] {docker.py:69} INFO - [0m13:55:35  9 of 9 OK created sql table model gold.fact_weekly_revenue ..................... [[32mCREATE TABLE (6.0 rows, 10.1 KiB processed)[0m in 1.23s]
[2026-08-09T13:55:35.324+0000] {docker.py:69} INFO - [0m13:55:35
[2026-08-09T13:55:35.325+0000] {docker.py:69} INFO - [0m13:55:35  Finished running 3 incremental models, 6 table models in 0 hours 0 minutes and 5.51 seconds (5.51s).
[2026-08-09T13:55:35.458+0000] {docker.py:69} INFO - [0m13:55:35
[2026-08-09T13:55:35.459+0000] {docker.py:69} INFO - [0m13:55:35  [32mCompleted successfully[0m
[2026-08-09T13:55:35.460+0000] {docker.py:69} INFO - [0m13:55:35
[2026-08-09T13:55:35.462+0000] {docker.py:69} INFO - [0m13:55:35  Done. PASS=9 WARN=0 ERROR=0 SKIP=0 NO-OP=0 REUSED=0 TOTAL=9
[2026-08-09T13:55:37.454+0000] {taskinstance.py:341} INFO - ::group::Post task execution logs
[2026-08-09T13:55:37.455+0000] {taskinstance.py:353} INFO - Marking task as SUCCESS. dag_id=brewline_pipeline_bigquery, task_id=dbt_run_bigquery, run_id=backfill__2026-07-13T00:00:00+00:00, execution_date=20260713T000000, start_date=20260809T135515, end_date=20260809T135537
[2026-08-09T13:55:37.483+0000] {logging_mixin.py:190} INFO - Task instance in success state
[2026-08-09T13:55:37.484+0000] {logging_mixin.py:190} INFO -  Previous state of the Task instance: running
[2026-08-09T13:55:37.485+0000] {logging_mixin.py:190} INFO - Dag name:brewline_pipeline_bigquery queued_at:None
[2026-08-09T13:55:37.486+0000] {logging_mixin.py:190} INFO - Task hostname:5224a343584d operator:DockerOperator
[2026-08-09T13:55:37.521+0000] {local_task_job_runner.py:266} INFO - Task exited with return code 0
[2026-08-09T13:55:37.540+0000] {taskinstance.py:3901} INFO - 1 downstream tasks scheduled from follow-on schedule check
[2026-08-09T13:55:37.542+0000] {local_task_job_runner.py:245} INFO - ::endgroup::
