[2026-08-11T05:49:44.199+0000] {local_task_job_runner.py:123} INFO - ::group::Pre task execution logs
[2026-08-11T05:49:44.224+0000] {taskinstance.py:2614} INFO - Dependencies all met for dep_context=non-requeueable deps ti=<TaskInstance: brewline_pipeline_bigquery.dbt_run_bigquery backfill__2026-07-13T00:00:00+00:00 [queued]>
[2026-08-11T05:49:44.236+0000] {taskinstance.py:2614} INFO - Dependencies all met for dep_context=requeueable deps ti=<TaskInstance: brewline_pipeline_bigquery.dbt_run_bigquery backfill__2026-07-13T00:00:00+00:00 [queued]>
[2026-08-11T05:49:44.237+0000] {taskinstance.py:2867} INFO - Starting attempt 2 of 2
[2026-08-11T05:49:44.253+0000] {taskinstance.py:2890} INFO - Executing <Task(DockerOperator): dbt_run_bigquery> on 2026-07-13 00:00:00+00:00
[2026-08-11T05:49:44.263+0000] {warnings.py:112} WARNING - /home/***/.local/lib/python3.12/site-packages/***/task/task_runner/standard_task_runner.py:70: DeprecationWarning: This process (pid=1113) is multi-threaded, use of fork() may lead to deadlocks in the child.
  pid = os.fork()

[2026-08-11T05:49:44.265+0000] {standard_task_runner.py:104} INFO - Running: ['***', 'tasks', 'run', 'brewline_pipeline_bigquery', 'dbt_run_bigquery', 'backfill__2026-07-13T00:00:00+00:00', '--job-id', '88', '--pool', 'default_pool', '--raw', '--subdir', 'DAGS_FOLDER/brewline_pipeline_bigquery_dag.py', '--cfg-path', '/tmp/tmp6r1mbckv']
[2026-08-11T05:49:44.266+0000] {standard_task_runner.py:72} INFO - Started process 1115 to run task
[2026-08-11T05:49:44.267+0000] {standard_task_runner.py:105} INFO - Job 88: Subtask dbt_run_bigquery
[2026-08-11T05:49:44.324+0000] {task_command.py:467} INFO - Running <TaskInstance: brewline_pipeline_bigquery.dbt_run_bigquery backfill__2026-07-13T00:00:00+00:00 [running]> on host 5224a343584d
[2026-08-11T05:49:44.435+0000] {taskinstance.py:3134} INFO - Exporting env vars: AIRFLOW_CTX_DAG_OWNER='***' AIRFLOW_CTX_DAG_ID='brewline_pipeline_bigquery' AIRFLOW_CTX_TASK_ID='dbt_run_bigquery' AIRFLOW_CTX_EXECUTION_DATE='2026-07-13T00:00:00+00:00' AIRFLOW_CTX_TRY_NUMBER='2' AIRFLOW_CTX_DAG_RUN_ID='backfill__2026-07-13T00:00:00+00:00'
[2026-08-11T05:49:44.437+0000] {logging_mixin.py:190} INFO - Task instance is in running state
[2026-08-11T05:49:44.438+0000] {logging_mixin.py:190} INFO -  Previous state of the Task instance: queued
[2026-08-11T05:49:44.439+0000] {logging_mixin.py:190} INFO - Current task name:dbt_run_bigquery state:running start_date:2026-08-11 05:49:44.225888+00:00
[2026-08-11T05:49:44.440+0000] {logging_mixin.py:190} INFO - Dag name:brewline_pipeline_bigquery and current dag run status:running
[2026-08-11T05:49:44.441+0000] {taskinstance.py:732} INFO - ::endgroup::
[2026-08-11T05:49:44.504+0000] {docker.py:345} INFO - Starting docker container from image brewline-dbt:latest
[2026-08-11T05:49:47.169+0000] {docker.py:69} INFO - [0m05:49:47  Running with dbt=1.12.0
[2026-08-11T05:49:47.735+0000] {docker.py:69} INFO - [0m05:49:47  Installing dbt-labs/dbt_utils
[2026-08-11T05:49:52.391+0000] {docker.py:69} INFO - [0m05:49:52  Installed from version 1.4.1
[2026-08-11T05:49:52.392+0000] {docker.py:69} INFO - [0m05:49:52  Up to date!
[2026-08-11T05:49:55.694+0000] {docker.py:69} INFO - [0m05:49:55  Running with dbt=1.12.0
[2026-08-11T05:49:57.114+0000] {docker.py:69} INFO - [0m05:49:57  Registered adapter: bigquery=1.12.0
[2026-08-11T05:49:58.230+0000] {docker.py:69} INFO - [0m05:49:58  Found 9 models, 52 data tests, 2 seeds, 5 sources, 699 macros
[2026-08-11T05:49:58.235+0000] {docker.py:69} INFO - [0m05:49:58
[2026-08-11T05:49:58.237+0000] {docker.py:69} INFO - [0m05:49:58  Concurrency: 4 threads (target='bigquery')
[2026-08-11T05:49:58.238+0000] {docker.py:69} INFO - [0m05:49:58
[2026-08-11T05:49:58.256+0000] {docker.py:69} INFO - WARNING:google.auth._default:No project ID could be determined. Consider running `gcloud config set project` or setting the GOOGLE_CLOUD_PROJECT environment variable
[2026-08-11T05:49:58.257+0000] {docker.py:69} INFO - WARNING:google.auth._default:No project ID could be determined. Consider running `gcloud config set project` or setting the GOOGLE_CLOUD_PROJECT environment variable
[2026-08-11T05:49:59.180+0000] {docker.py:69} INFO - [0m05:49:59  1 of 9 START sql incremental model silver.stg_customers ........................ [RUN]
[2026-08-11T05:49:59.182+0000] {docker.py:69} INFO - [0m05:49:59  2 of 9 START sql incremental model silver.stg_orders ........................... [RUN]
[2026-08-11T05:49:59.183+0000] {docker.py:69} INFO - [0m05:49:59  3 of 9 START sql incremental model silver.stg_refunds .......................... [RUN]
[2026-08-11T05:49:59.184+0000] {docker.py:69} INFO - [0m05:49:59  4 of 9 START sql table model silver.stg_subscriptions .......................... [RUN]
[2026-08-11T05:50:00.996+0000] {docker.py:69} INFO - [0m05:50:00  3 of 9 OK created sql incremental model silver.stg_refunds ..................... [[32mMERGE (0.0 rows, 52.2 KiB processed)[0m in 1.81s]
[2026-08-11T05:50:01.022+0000] {docker.py:69} INFO - [0m05:50:01  4 of 9 OK created sql table model silver.stg_subscriptions ..................... [[32mCREATE TABLE (35.0 rows, 2.6 KiB processed)[0m in 1.83s]
[2026-08-11T05:50:01.026+0000] {docker.py:69} INFO - [0m05:50:01  5 of 9 START sql table model gold.fact_subscription_churn ...................... [RUN]
[2026-08-11T05:50:01.228+0000] {docker.py:69} INFO - [0m05:50:01  2 of 9 OK created sql incremental model silver.stg_orders ...................... [[32mMERGE (65.0 rows, 45.7 KiB processed)[0m in 2.04s]
[2026-08-11T05:50:01.233+0000] {docker.py:69} INFO - [0m05:50:01  6 of 9 START sql table model gold.fact_refund_alerts ........................... [RUN]
[2026-08-11T05:50:01.234+0000] {docker.py:69} INFO - [0m05:50:01  7 of 9 START sql table model gold.fact_weekly_revenue .......................... [RUN]
[2026-08-11T05:50:01.267+0000] {docker.py:69} INFO - [0m05:50:01  1 of 9 OK created sql incremental model silver.stg_customers ................... [[32mMERGE (43.0 rows, 21.5 KiB processed)[0m in 2.08s]
[2026-08-11T05:50:01.281+0000] {docker.py:69} INFO - [0m05:50:01  8 of 9 START sql table model gold.fact_customer_health ......................... [RUN]
[2026-08-11T05:50:02.520+0000] {docker.py:69} INFO - [0m05:50:02  5 of 9 OK created sql table model gold.fact_subscription_churn ................. [[32mCREATE TABLE (35.0 rows, 1.7 KiB processed)[0m in 1.49s]
[2026-08-11T05:50:02.524+0000] {docker.py:69} INFO - [0m05:50:02  9 of 9 START sql table model gold.fact_customer_rfm ............................ [RUN]
[2026-08-11T05:50:02.790+0000] {docker.py:69} INFO - [0m05:50:02  8 of 9 OK created sql table model gold.fact_customer_health .................... [[32mCREATE TABLE (125.0 rows, 14.7 KiB processed)[0m in 1.51s]
[2026-08-11T05:50:02.792+0000] {docker.py:69} INFO - [0m05:50:02  7 of 9 OK created sql table model gold.fact_weekly_revenue ..................... [[32mCREATE TABLE (6.0 rows, 12.9 KiB processed)[0m in 1.55s]
[2026-08-11T05:50:03.340+0000] {docker.py:69} INFO - [0m05:50:03  6 of 9 OK created sql table model gold.fact_refund_alerts ...................... [[32mCREATE TABLE (8.0 rows, 2.9 KiB processed)[0m in 2.10s]
[2026-08-11T05:50:04.597+0000] {docker.py:69} INFO - [0m05:50:04  9 of 9 OK created sql table model gold.fact_customer_rfm ....................... [[32mCREATE TABLE (125.0 rows, 21.8 KiB processed)[0m in 2.07s]
[2026-08-11T05:50:04.608+0000] {docker.py:69} INFO - [0m05:50:04
[2026-08-11T05:50:04.609+0000] {docker.py:69} INFO - [0m05:50:04  Finished running 3 incremental models, 6 table models in 0 hours 0 minutes and 6.37 seconds (6.37s).
[2026-08-11T05:50:04.734+0000] {docker.py:69} INFO - [0m05:50:04
[2026-08-11T05:50:04.735+0000] {docker.py:69} INFO - [0m05:50:04  [32mCompleted successfully[0m
[2026-08-11T05:50:04.736+0000] {docker.py:69} INFO - [0m05:50:04
[2026-08-11T05:50:04.737+0000] {docker.py:69} INFO - [0m05:50:04  Done. PASS=9 WARN=0 ERROR=0 SKIP=0 NO-OP=0 REUSED=0 TOTAL=9
[2026-08-11T05:50:06.769+0000] {taskinstance.py:341} INFO - ::group::Post task execution logs
[2026-08-11T05:50:06.771+0000] {taskinstance.py:353} INFO - Marking task as SUCCESS. dag_id=brewline_pipeline_bigquery, task_id=dbt_run_bigquery, run_id=backfill__2026-07-13T00:00:00+00:00, execution_date=20260713T000000, start_date=20260811T054944, end_date=20260811T055006
[2026-08-11T05:50:06.815+0000] {logging_mixin.py:190} INFO - Task instance in success state
[2026-08-11T05:50:06.817+0000] {logging_mixin.py:190} INFO -  Previous state of the Task instance: running
[2026-08-11T05:50:06.818+0000] {logging_mixin.py:190} INFO - Dag name:brewline_pipeline_bigquery queued_at:2026-08-11 05:31:04.356059+00:00
[2026-08-11T05:50:06.819+0000] {logging_mixin.py:190} INFO - Task hostname:5224a343584d operator:DockerOperator
[2026-08-11T05:50:06.835+0000] {local_task_job_runner.py:266} INFO - Task exited with return code 0
[2026-08-11T05:50:06.856+0000] {taskinstance.py:3901} INFO - 1 downstream tasks scheduled from follow-on schedule check
[2026-08-11T05:50:06.859+0000] {local_task_job_runner.py:245} INFO - ::endgroup::
