[2026-08-09T14:14:03.481+0000] {local_task_job_runner.py:123} INFO - ::group::Pre task execution logs
[2026-08-09T14:14:03.504+0000] {taskinstance.py:2614} INFO - Dependencies all met for dep_context=non-requeueable deps ti=<TaskInstance: brewline_pipeline_bigquery.dbt_run_bigquery backfill__2026-07-28T00:00:00+00:00 [queued]>
[2026-08-09T14:14:03.515+0000] {taskinstance.py:2614} INFO - Dependencies all met for dep_context=requeueable deps ti=<TaskInstance: brewline_pipeline_bigquery.dbt_run_bigquery backfill__2026-07-28T00:00:00+00:00 [queued]>
[2026-08-09T14:14:03.516+0000] {taskinstance.py:2867} INFO - Starting attempt 1 of 1
[2026-08-09T14:14:03.530+0000] {taskinstance.py:2890} INFO - Executing <Task(DockerOperator): dbt_run_bigquery> on 2026-07-28 00:00:00+00:00
[2026-08-09T14:14:03.539+0000] {warnings.py:112} WARNING - /home/***/.local/lib/python3.12/site-packages/***/task/task_runner/standard_task_runner.py:70: DeprecationWarning: This process (pid=623) is multi-threaded, use of fork() may lead to deadlocks in the child.
  pid = os.fork()

[2026-08-09T14:14:03.541+0000] {standard_task_runner.py:72} INFO - Started process 625 to run task
[2026-08-09T14:14:03.541+0000] {standard_task_runner.py:104} INFO - Running: ['***', 'tasks', 'run', 'brewline_pipeline_bigquery', 'dbt_run_bigquery', 'backfill__2026-07-28T00:00:00+00:00', '--job-id', '60', '--pool', 'default_pool', '--raw', '--subdir', 'DAGS_FOLDER/brewline_pipeline_bigquery_dag.py', '--cfg-path', '/tmp/tmpmwv0fa7w']
[2026-08-09T14:14:03.542+0000] {standard_task_runner.py:105} INFO - Job 60: Subtask dbt_run_bigquery
[2026-08-09T14:14:03.592+0000] {task_command.py:467} INFO - Running <TaskInstance: brewline_pipeline_bigquery.dbt_run_bigquery backfill__2026-07-28T00:00:00+00:00 [running]> on host 5224a343584d
[2026-08-09T14:14:03.679+0000] {taskinstance.py:3134} INFO - Exporting env vars: AIRFLOW_CTX_DAG_OWNER='***' AIRFLOW_CTX_DAG_ID='brewline_pipeline_bigquery' AIRFLOW_CTX_TASK_ID='dbt_run_bigquery' AIRFLOW_CTX_EXECUTION_DATE='2026-07-28T00:00:00+00:00' AIRFLOW_CTX_TRY_NUMBER='1' AIRFLOW_CTX_DAG_RUN_ID='backfill__2026-07-28T00:00:00+00:00'
[2026-08-09T14:14:03.682+0000] {logging_mixin.py:190} INFO - Task instance is in running state
[2026-08-09T14:14:03.683+0000] {logging_mixin.py:190} INFO -  Previous state of the Task instance: queued
[2026-08-09T14:14:03.684+0000] {logging_mixin.py:190} INFO - Current task name:dbt_run_bigquery state:running start_date:2026-08-09 14:14:03.505974+00:00
[2026-08-09T14:14:03.685+0000] {logging_mixin.py:190} INFO - Dag name:brewline_pipeline_bigquery and current dag run status:running
[2026-08-09T14:14:03.686+0000] {taskinstance.py:732} INFO - ::endgroup::
[2026-08-09T14:14:03.740+0000] {docker.py:345} INFO - Starting docker container from image brewline-dbt:latest
[2026-08-09T14:14:06.275+0000] {docker.py:69} INFO - [0m14:14:06  Running with dbt=1.12.0
[2026-08-09T14:14:06.889+0000] {docker.py:69} INFO - [0m14:14:06  Installing dbt-labs/dbt_utils
[2026-08-09T14:14:11.899+0000] {docker.py:69} INFO - [0m14:14:11  Installed from version 1.4.1
[2026-08-09T14:14:11.900+0000] {docker.py:69} INFO - [0m14:14:11  Up to date!
[2026-08-09T14:14:14.947+0000] {docker.py:69} INFO - [0m14:14:14  Running with dbt=1.12.0
[2026-08-09T14:14:16.281+0000] {docker.py:69} INFO - [0m14:14:16  Registered adapter: bigquery=1.12.0
[2026-08-09T14:14:17.484+0000] {docker.py:69} INFO - [0m14:14:17  Found 9 models, 52 data tests, 2 seeds, 5 sources, 699 macros
[2026-08-09T14:14:17.489+0000] {docker.py:69} INFO - [0m14:14:17
[2026-08-09T14:14:17.490+0000] {docker.py:69} INFO - [0m14:14:17  Concurrency: 4 threads (target='bigquery')
[2026-08-09T14:14:17.491+0000] {docker.py:69} INFO - [0m14:14:17
[2026-08-09T14:14:17.505+0000] {docker.py:69} INFO - WARNING:google.auth._default:No project ID could be determined. Consider running `gcloud config set project` or setting the GOOGLE_CLOUD_PROJECT environment variable
[2026-08-09T14:14:17.506+0000] {docker.py:69} INFO - WARNING:google.auth._default:No project ID could be determined. Consider running `gcloud config set project` or setting the GOOGLE_CLOUD_PROJECT environment variable
[2026-08-09T14:14:18.492+0000] {docker.py:69} INFO - [0m14:14:18  1 of 9 START sql incremental model silver.stg_customers ........................ [RUN]
[2026-08-09T14:14:18.493+0000] {docker.py:69} INFO - [0m14:14:18  2 of 9 START sql incremental model silver.stg_orders ........................... [RUN]
[2026-08-09T14:14:18.495+0000] {docker.py:69} INFO - [0m14:14:18  3 of 9 START sql incremental model silver.stg_refunds .......................... [RUN]
[2026-08-09T14:14:18.498+0000] {docker.py:69} INFO - [0m14:14:18  4 of 9 START sql table model silver.stg_subscriptions .......................... [RUN]
[2026-08-09T14:14:20.304+0000] {docker.py:69} INFO - [0m14:14:20  1 of 9 OK created sql incremental model silver.stg_customers ................... [[32mMERGE (51.0 rows, 70.6 KiB processed)[0m in 1.80s]
[2026-08-09T14:14:20.325+0000] {docker.py:69} INFO - [0m14:14:20  4 of 9 OK created sql table model silver.stg_subscriptions ..................... [[32mCREATE TABLE (38.0 rows, 3.1 KiB processed)[0m in 1.82s]
[2026-08-09T14:14:20.329+0000] {docker.py:69} INFO - [0m14:14:20  5 of 9 START sql table model gold.fact_subscription_churn ...................... [RUN]
[2026-08-09T14:14:20.552+0000] {docker.py:69} INFO - [0m14:14:20  3 of 9 OK created sql incremental model silver.stg_refunds ..................... [[32mMERGE (0.0 rows, 96.5 KiB processed)[0m in 2.05s]
[2026-08-09T14:14:20.556+0000] {docker.py:69} INFO - [0m14:14:20  2 of 9 OK created sql incremental model silver.stg_orders ...................... [[32mMERGE (66.0 rows, 136.7 KiB processed)[0m in 2.05s]
[2026-08-09T14:14:20.563+0000] {docker.py:69} INFO - [0m14:14:20  6 of 9 START sql table model gold.fact_customer_health ......................... [RUN]
[2026-08-09T14:14:20.564+0000] {docker.py:69} INFO - [0m14:14:20  7 of 9 START sql table model gold.fact_customer_rfm ............................ [RUN]
[2026-08-09T14:14:20.565+0000] {docker.py:69} INFO - [0m14:14:20  8 of 9 START sql table model gold.fact_refund_alerts ........................... [RUN]
[2026-08-09T14:14:21.604+0000] {docker.py:69} INFO - [0m14:14:21  5 of 9 OK created sql table model gold.fact_subscription_churn ................. [[32mCREATE TABLE (35.0 rows, 2.0 KiB processed)[0m in 1.27s]
[2026-08-09T14:14:21.609+0000] {docker.py:69} INFO - [0m14:14:21  9 of 9 START sql table model gold.fact_weekly_revenue .......................... [RUN]
[2026-08-09T14:14:22.130+0000] {docker.py:69} INFO - [0m14:14:22  6 of 9 OK created sql table model gold.fact_customer_health .................... [[32mCREATE TABLE (160.0 rows, 43.0 KiB processed)[0m in 1.56s]
[2026-08-09T14:14:22.682+0000] {docker.py:69} INFO - [0m14:14:22  8 of 9 OK created sql table model gold.fact_refund_alerts ...................... [[32mCREATE TABLE (23.0 rows, 10.1 KiB processed)[0m in 2.08s]
[2026-08-09T14:14:22.687+0000] {docker.py:69} INFO - [0m14:14:22  7 of 9 OK created sql table model gold.fact_customer_rfm ....................... [[32mCREATE TABLE (160.0 rows, 54.7 KiB processed)[0m in 2.11s]
[2026-08-09T14:14:22.839+0000] {docker.py:69} INFO - [0m14:14:22  9 of 9 OK created sql table model gold.fact_weekly_revenue ..................... [[32mCREATE TABLE (12.0 rows, 35.2 KiB processed)[0m in 1.23s]
[2026-08-09T14:14:22.847+0000] {docker.py:69} INFO - [0m14:14:22
[2026-08-09T14:14:22.848+0000] {docker.py:69} INFO - [0m14:14:22  Finished running 3 incremental models, 6 table models in 0 hours 0 minutes and 5.35 seconds (5.35s).
[2026-08-09T14:14:22.976+0000] {docker.py:69} INFO - [0m14:14:22
[2026-08-09T14:14:22.978+0000] {docker.py:69} INFO - [0m14:14:22  [32mCompleted successfully[0m
[2026-08-09T14:14:22.979+0000] {docker.py:69} INFO - [0m14:14:22
[2026-08-09T14:14:22.980+0000] {docker.py:69} INFO - [0m14:14:22  Done. PASS=9 WARN=0 ERROR=0 SKIP=0 NO-OP=0 REUSED=0 TOTAL=9
[2026-08-09T14:14:24.978+0000] {taskinstance.py:341} INFO - ::group::Post task execution logs
[2026-08-09T14:14:24.979+0000] {taskinstance.py:353} INFO - Marking task as SUCCESS. dag_id=brewline_pipeline_bigquery, task_id=dbt_run_bigquery, run_id=backfill__2026-07-28T00:00:00+00:00, execution_date=20260728T000000, start_date=20260809T141403, end_date=20260809T141424
[2026-08-09T14:14:25.010+0000] {logging_mixin.py:190} INFO - Task instance in success state
[2026-08-09T14:14:25.012+0000] {logging_mixin.py:190} INFO -  Previous state of the Task instance: running
[2026-08-09T14:14:25.013+0000] {logging_mixin.py:190} INFO - Dag name:brewline_pipeline_bigquery queued_at:None
[2026-08-09T14:14:25.014+0000] {logging_mixin.py:190} INFO - Task hostname:5224a343584d operator:DockerOperator
[2026-08-09T14:14:25.067+0000] {local_task_job_runner.py:266} INFO - Task exited with return code 0
[2026-08-09T14:14:25.086+0000] {taskinstance.py:3901} INFO - 1 downstream tasks scheduled from follow-on schedule check
[2026-08-09T14:14:25.088+0000] {local_task_job_runner.py:245} INFO - ::endgroup::
