[2026-08-11T06:10:25.313+0000] {local_task_job_runner.py:123} INFO - ::group::Pre task execution logs
[2026-08-11T06:10:25.335+0000] {taskinstance.py:2614} INFO - Dependencies all met for dep_context=non-requeueable deps ti=<TaskInstance: brewline_pipeline_bigquery.dbt_run_bigquery backfill__2026-07-28T00:00:00+00:00 [queued]>
[2026-08-11T06:10:25.346+0000] {taskinstance.py:2614} INFO - Dependencies all met for dep_context=requeueable deps ti=<TaskInstance: brewline_pipeline_bigquery.dbt_run_bigquery backfill__2026-07-28T00:00:00+00:00 [queued]>
[2026-08-11T06:10:25.348+0000] {taskinstance.py:2867} INFO - Starting attempt 2 of 2
[2026-08-11T06:10:25.364+0000] {taskinstance.py:2890} INFO - Executing <Task(DockerOperator): dbt_run_bigquery> on 2026-07-28 00:00:00+00:00
[2026-08-11T06:10:25.374+0000] {warnings.py:112} WARNING - /home/***/.local/lib/python3.12/site-packages/***/task/task_runner/standard_task_runner.py:70: DeprecationWarning: This process (pid=1553) is multi-threaded, use of fork() may lead to deadlocks in the child.
  pid = os.fork()

[2026-08-11T06:10:25.377+0000] {standard_task_runner.py:72} INFO - Started process 1555 to run task
[2026-08-11T06:10:25.377+0000] {standard_task_runner.py:104} INFO - Running: ['***', 'tasks', 'run', 'brewline_pipeline_bigquery', 'dbt_run_bigquery', 'backfill__2026-07-28T00:00:00+00:00', '--job-id', '133', '--pool', 'default_pool', '--raw', '--subdir', 'DAGS_FOLDER/brewline_pipeline_bigquery_dag.py', '--cfg-path', '/tmp/tmpor9geyjt']
[2026-08-11T06:10:25.379+0000] {standard_task_runner.py:105} INFO - Job 133: Subtask dbt_run_bigquery
[2026-08-11T06:10:25.487+0000] {task_command.py:467} INFO - Running <TaskInstance: brewline_pipeline_bigquery.dbt_run_bigquery backfill__2026-07-28T00:00:00+00:00 [running]> on host 5224a343584d
[2026-08-11T06:10:25.622+0000] {taskinstance.py:3134} INFO - Exporting env vars: AIRFLOW_CTX_DAG_OWNER='***' AIRFLOW_CTX_DAG_ID='brewline_pipeline_bigquery' AIRFLOW_CTX_TASK_ID='dbt_run_bigquery' AIRFLOW_CTX_EXECUTION_DATE='2026-07-28T00:00:00+00:00' AIRFLOW_CTX_TRY_NUMBER='2' AIRFLOW_CTX_DAG_RUN_ID='backfill__2026-07-28T00:00:00+00:00'
[2026-08-11T06:10:25.625+0000] {logging_mixin.py:190} INFO - Task instance is in running state
[2026-08-11T06:10:25.626+0000] {logging_mixin.py:190} INFO -  Previous state of the Task instance: queued
[2026-08-11T06:10:25.627+0000] {logging_mixin.py:190} INFO - Current task name:dbt_run_bigquery state:running start_date:2026-08-11 06:10:25.336576+00:00
[2026-08-11T06:10:25.628+0000] {logging_mixin.py:190} INFO - Dag name:brewline_pipeline_bigquery and current dag run status:running
[2026-08-11T06:10:25.629+0000] {taskinstance.py:732} INFO - ::endgroup::
[2026-08-11T06:10:25.696+0000] {docker.py:345} INFO - Starting docker container from image brewline-dbt:latest
[2026-08-11T06:10:28.543+0000] {docker.py:69} INFO - [0m06:10:28  Running with dbt=1.12.0
[2026-08-11T06:10:29.166+0000] {docker.py:69} INFO - [0m06:10:29  Installing dbt-labs/dbt_utils
[2026-08-11T06:10:34.412+0000] {docker.py:69} INFO - [0m06:10:34  Installed from version 1.4.1
[2026-08-11T06:10:34.413+0000] {docker.py:69} INFO - [0m06:10:34  Up to date!
[2026-08-11T06:10:37.885+0000] {docker.py:69} INFO - [0m06:10:37  Running with dbt=1.12.0
[2026-08-11T06:10:39.128+0000] {docker.py:69} INFO - [0m06:10:39  Registered adapter: bigquery=1.12.0
[2026-08-11T06:10:40.246+0000] {docker.py:69} INFO - [0m06:10:40  Found 9 models, 52 data tests, 2 seeds, 5 sources, 699 macros
[2026-08-11T06:10:40.251+0000] {docker.py:69} INFO - [0m06:10:40
[2026-08-11T06:10:40.253+0000] {docker.py:69} INFO - [0m06:10:40  Concurrency: 4 threads (target='bigquery')
[2026-08-11T06:10:40.254+0000] {docker.py:69} INFO - [0m06:10:40
[2026-08-11T06:10:40.273+0000] {docker.py:69} INFO - WARNING:google.auth._default:No project ID could be determined. Consider running `gcloud config set project` or setting the GOOGLE_CLOUD_PROJECT environment variable
[2026-08-11T06:10:40.274+0000] {docker.py:69} INFO - WARNING:google.auth._default:No project ID could be determined. Consider running `gcloud config set project` or setting the GOOGLE_CLOUD_PROJECT environment variable
[2026-08-11T06:10:41.245+0000] {docker.py:69} INFO - [0m06:10:41  1 of 9 START sql incremental model silver.stg_customers ........................ [RUN]
[2026-08-11T06:10:41.249+0000] {docker.py:69} INFO - [0m06:10:41  2 of 9 START sql incremental model silver.stg_orders ........................... [RUN]
[2026-08-11T06:10:41.251+0000] {docker.py:69} INFO - [0m06:10:41  3 of 9 START sql incremental model silver.stg_refunds .......................... [RUN]
[2026-08-11T06:10:41.253+0000] {docker.py:69} INFO - [0m06:10:41  4 of 9 START sql table model silver.stg_subscriptions .......................... [RUN]
[2026-08-11T06:10:43.145+0000] {docker.py:69} INFO - [0m06:10:43  4 of 9 OK created sql table model silver.stg_subscriptions ..................... [[32mCREATE TABLE (38.0 rows, 3.1 KiB processed)[0m in 1.88s]
[2026-08-11T06:10:43.149+0000] {docker.py:69} INFO - [0m06:10:43  5 of 9 START sql table model gold.fact_subscription_churn ...................... [RUN]
[2026-08-11T06:10:43.306+0000] {docker.py:69} INFO - [0m06:10:43  1 of 9 OK created sql incremental model silver.stg_customers ................... [[32mMERGE (51.0 rows, 70.6 KiB processed)[0m in 2.05s]
[2026-08-11T06:10:43.337+0000] {docker.py:69} INFO - [0m06:10:43  2 of 9 OK created sql incremental model silver.stg_orders ...................... [[32mMERGE (66.0 rows, 158.5 KiB processed)[0m in 2.08s]
[2026-08-11T06:10:43.342+0000] {docker.py:69} INFO - [0m06:10:43  3 of 9 OK created sql incremental model silver.stg_refunds ..................... [[32mMERGE (0.0 rows, 98.8 KiB processed)[0m in 2.08s]
[2026-08-11T06:10:43.346+0000] {docker.py:69} INFO - [0m06:10:43  6 of 9 START sql table model gold.fact_customer_health ......................... [RUN]
[2026-08-11T06:10:43.347+0000] {docker.py:69} INFO - [0m06:10:43  7 of 9 START sql table model gold.fact_customer_rfm ............................ [RUN]
[2026-08-11T06:10:43.352+0000] {docker.py:69} INFO - [0m06:10:43  8 of 9 START sql table model gold.fact_weekly_revenue .......................... [RUN]
[2026-08-11T06:10:44.703+0000] {docker.py:69} INFO - [0m06:10:44  5 of 9 OK created sql table model gold.fact_subscription_churn ................. [[32mCREATE TABLE (35.0 rows, 2.0 KiB processed)[0m in 1.55s]
[2026-08-11T06:10:44.708+0000] {docker.py:69} INFO - [0m06:10:44  9 of 9 START sql table model gold.fact_refund_alerts ........................... [RUN]
[2026-08-11T06:10:44.880+0000] {docker.py:69} INFO - [0m06:10:44  8 of 9 OK created sql table model gold.fact_weekly_revenue ..................... [[32mCREATE TABLE (12.0 rows, 45.1 KiB processed)[0m in 1.52s]
[2026-08-11T06:10:44.886+0000] {docker.py:69} INFO - [0m06:10:44  6 of 9 OK created sql table model gold.fact_customer_health .................... [[32mCREATE TABLE (160.0 rows, 43.0 KiB processed)[0m in 1.53s]
[2026-08-11T06:10:45.411+0000] {docker.py:69} INFO - [0m06:10:45  7 of 9 OK created sql table model gold.fact_customer_rfm ....................... [[32mCREATE TABLE (160.0 rows, 64.6 KiB processed)[0m in 2.06s]
[2026-08-11T06:10:46.794+0000] {docker.py:69} INFO - [0m06:10:46  9 of 9 OK created sql table model gold.fact_refund_alerts ...................... [[32mCREATE TABLE (23.0 rows, 10.1 KiB processed)[0m in 2.08s]
[2026-08-11T06:10:46.805+0000] {docker.py:69} INFO - [0m06:10:46
[2026-08-11T06:10:46.807+0000] {docker.py:69} INFO - [0m06:10:46  Finished running 3 incremental models, 6 table models in 0 hours 0 minutes and 6.55 seconds (6.55s).
[2026-08-11T06:10:46.946+0000] {docker.py:69} INFO - [0m06:10:46
[2026-08-11T06:10:46.947+0000] {docker.py:69} INFO - [0m06:10:46  [32mCompleted successfully[0m
[2026-08-11T06:10:46.948+0000] {docker.py:69} INFO - [0m06:10:46
[2026-08-11T06:10:46.950+0000] {docker.py:69} INFO - [0m06:10:46  Done. PASS=9 WARN=0 ERROR=0 SKIP=0 NO-OP=0 REUSED=0 TOTAL=9
[2026-08-11T06:10:49.216+0000] {taskinstance.py:341} INFO - ::group::Post task execution logs
[2026-08-11T06:10:49.218+0000] {taskinstance.py:353} INFO - Marking task as SUCCESS. dag_id=brewline_pipeline_bigquery, task_id=dbt_run_bigquery, run_id=backfill__2026-07-28T00:00:00+00:00, execution_date=20260728T000000, start_date=20260811T061025, end_date=20260811T061049
[2026-08-11T06:10:49.263+0000] {logging_mixin.py:190} INFO - Task instance in success state
[2026-08-11T06:10:49.265+0000] {logging_mixin.py:190} INFO -  Previous state of the Task instance: running
[2026-08-11T06:10:49.266+0000] {logging_mixin.py:190} INFO - Dag name:brewline_pipeline_bigquery queued_at:2026-08-11 05:31:04.356137+00:00
[2026-08-11T06:10:49.267+0000] {logging_mixin.py:190} INFO - Task hostname:5224a343584d operator:DockerOperator
[2026-08-11T06:10:49.320+0000] {local_task_job_runner.py:266} INFO - Task exited with return code 0
[2026-08-11T06:10:49.344+0000] {taskinstance.py:3901} INFO - 1 downstream tasks scheduled from follow-on schedule check
[2026-08-11T06:10:49.348+0000] {local_task_job_runner.py:245} INFO - ::endgroup::
