[2026-08-11T05:52:11.027+0000] {local_task_job_runner.py:123} INFO - ::group::Pre task execution logs
[2026-08-11T05:52:11.047+0000] {taskinstance.py:2614} INFO - Dependencies all met for dep_context=non-requeueable deps ti=<TaskInstance: brewline_pipeline_bigquery.dbt_run_bigquery backfill__2026-07-15T00:00:00+00:00 [queued]>
[2026-08-11T05:52:11.056+0000] {taskinstance.py:2614} INFO - Dependencies all met for dep_context=requeueable deps ti=<TaskInstance: brewline_pipeline_bigquery.dbt_run_bigquery backfill__2026-07-15T00:00:00+00:00 [queued]>
[2026-08-11T05:52:11.057+0000] {taskinstance.py:2867} INFO - Starting attempt 2 of 2
[2026-08-11T05:52:11.071+0000] {taskinstance.py:2890} INFO - Executing <Task(DockerOperator): dbt_run_bigquery> on 2026-07-15 00:00:00+00:00
[2026-08-11T05:52:11.082+0000] {warnings.py:112} WARNING - /home/***/.local/lib/python3.12/site-packages/***/task/task_runner/standard_task_runner.py:70: DeprecationWarning: This process (pid=1172) is multi-threaded, use of fork() may lead to deadlocks in the child.
  pid = os.fork()

[2026-08-11T05:52:11.085+0000] {standard_task_runner.py:72} INFO - Started process 1174 to run task
[2026-08-11T05:52:11.085+0000] {standard_task_runner.py:104} INFO - Running: ['***', 'tasks', 'run', 'brewline_pipeline_bigquery', 'dbt_run_bigquery', 'backfill__2026-07-15T00:00:00+00:00', '--job-id', '94', '--pool', 'default_pool', '--raw', '--subdir', 'DAGS_FOLDER/brewline_pipeline_bigquery_dag.py', '--cfg-path', '/tmp/tmpalp12zg_']
[2026-08-11T05:52:11.086+0000] {standard_task_runner.py:105} INFO - Job 94: Subtask dbt_run_bigquery
[2026-08-11T05:52:11.143+0000] {task_command.py:467} INFO - Running <TaskInstance: brewline_pipeline_bigquery.dbt_run_bigquery backfill__2026-07-15T00:00:00+00:00 [running]> on host 5224a343584d
[2026-08-11T05:52:11.232+0000] {taskinstance.py:3134} INFO - Exporting env vars: AIRFLOW_CTX_DAG_OWNER='***' AIRFLOW_CTX_DAG_ID='brewline_pipeline_bigquery' AIRFLOW_CTX_TASK_ID='dbt_run_bigquery' AIRFLOW_CTX_EXECUTION_DATE='2026-07-15T00:00:00+00:00' AIRFLOW_CTX_TRY_NUMBER='2' AIRFLOW_CTX_DAG_RUN_ID='backfill__2026-07-15T00:00:00+00:00'
[2026-08-11T05:52:11.234+0000] {logging_mixin.py:190} INFO - Task instance is in running state
[2026-08-11T05:52:11.235+0000] {logging_mixin.py:190} INFO -  Previous state of the Task instance: queued
[2026-08-11T05:52:11.236+0000] {logging_mixin.py:190} INFO - Current task name:dbt_run_bigquery state:running start_date:2026-08-11 05:52:11.048355+00:00
[2026-08-11T05:52:11.236+0000] {logging_mixin.py:190} INFO - Dag name:brewline_pipeline_bigquery and current dag run status:running
[2026-08-11T05:52:11.237+0000] {taskinstance.py:732} INFO - ::endgroup::
[2026-08-11T05:52:11.287+0000] {docker.py:345} INFO - Starting docker container from image brewline-dbt:latest
[2026-08-11T05:52:13.456+0000] {docker.py:69} INFO - [0m05:52:13  Running with dbt=1.12.0
[2026-08-11T05:52:13.965+0000] {docker.py:69} INFO - [0m05:52:13  Installing dbt-labs/dbt_utils
[2026-08-11T05:52:19.159+0000] {docker.py:69} INFO - [0m05:52:19  Installed from version 1.4.1
[2026-08-11T05:52:19.160+0000] {docker.py:69} INFO - [0m05:52:19  Up to date!
[2026-08-11T05:52:22.604+0000] {docker.py:69} INFO - [0m05:52:22  Running with dbt=1.12.0
[2026-08-11T05:52:23.854+0000] {docker.py:69} INFO - [0m05:52:23  Registered adapter: bigquery=1.12.0
[2026-08-11T05:52:24.900+0000] {docker.py:69} INFO - [0m05:52:24  Found 9 models, 52 data tests, 2 seeds, 5 sources, 699 macros
[2026-08-11T05:52:24.905+0000] {docker.py:69} INFO - [0m05:52:24
[2026-08-11T05:52:24.907+0000] {docker.py:69} INFO - [0m05:52:24  Concurrency: 4 threads (target='bigquery')
[2026-08-11T05:52:24.908+0000] {docker.py:69} INFO - [0m05:52:24
[2026-08-11T05:52:24.922+0000] {docker.py:69} INFO - WARNING:google.auth._default:No project ID could be determined. Consider running `gcloud config set project` or setting the GOOGLE_CLOUD_PROJECT environment variable
[2026-08-11T05:52:24.925+0000] {docker.py:69} INFO - WARNING:google.auth._default:No project ID could be determined. Consider running `gcloud config set project` or setting the GOOGLE_CLOUD_PROJECT environment variable
[2026-08-11T05:52:25.868+0000] {docker.py:69} INFO - [0m05:52:25  1 of 9 START sql incremental model silver.stg_customers ........................ [RUN]
[2026-08-11T05:52:25.870+0000] {docker.py:69} INFO - [0m05:52:25  2 of 9 START sql incremental model silver.stg_orders ........................... [RUN]
[2026-08-11T05:52:25.871+0000] {docker.py:69} INFO - [0m05:52:25  3 of 9 START sql incremental model silver.stg_refunds .......................... [RUN]
[2026-08-11T05:52:25.872+0000] {docker.py:69} INFO - [0m05:52:25  4 of 9 START sql table model silver.stg_subscriptions .......................... [RUN]
[2026-08-11T05:52:27.533+0000] {docker.py:69} INFO - [0m05:52:27  4 of 9 OK created sql table model silver.stg_subscriptions ..................... [[32mCREATE TABLE (35.0 rows, 2.6 KiB processed)[0m in 1.65s]
[2026-08-11T05:52:27.537+0000] {docker.py:69} INFO - [0m05:52:27  5 of 9 START sql table model gold.fact_subscription_churn ...................... [RUN]
[2026-08-11T05:52:27.694+0000] {docker.py:69} INFO - [0m05:52:27  1 of 9 OK created sql incremental model silver.stg_customers ................... [[32mMERGE (45.0 rows, 28.2 KiB processed)[0m in 1.82s]
[2026-08-11T05:52:27.926+0000] {docker.py:69} INFO - [0m05:52:27  2 of 9 OK created sql incremental model silver.stg_orders ...................... [[32mMERGE (62.0 rows, 60.6 KiB processed)[0m in 2.05s]
[2026-08-11T05:52:27.930+0000] {docker.py:69} INFO - [0m05:52:27  6 of 9 START sql table model gold.fact_customer_health ......................... [RUN]
[2026-08-11T05:52:27.931+0000] {docker.py:69} INFO - [0m05:52:27  7 of 9 START sql table model gold.fact_customer_rfm ............................ [RUN]
[2026-08-11T05:52:27.957+0000] {docker.py:69} INFO - [0m05:52:27  3 of 9 OK created sql incremental model silver.stg_refunds ..................... [[32mMERGE (0.0 rows, 58.6 KiB processed)[0m in 2.08s]
[2026-08-11T05:52:27.964+0000] {docker.py:69} INFO - [0m05:52:27  8 of 9 START sql table model gold.fact_weekly_revenue .......................... [RUN]
[2026-08-11T05:52:28.847+0000] {docker.py:69} INFO - [0m05:52:28  5 of 9 OK created sql table model gold.fact_subscription_churn ................. [[32mCREATE TABLE (35.0 rows, 1.7 KiB processed)[0m in 1.31s]
[2026-08-11T05:52:28.850+0000] {docker.py:69} INFO - [0m05:52:28  9 of 9 START sql table model gold.fact_refund_alerts ........................... [RUN]
[2026-08-11T05:52:29.492+0000] {docker.py:69} INFO - [0m05:52:29  6 of 9 OK created sql table model gold.fact_customer_health .................... [[32mCREATE TABLE (142.0 rows, 18.9 KiB processed)[0m in 1.56s]
[2026-08-11T05:52:29.546+0000] {docker.py:69} INFO - [0m05:52:29  8 of 9 OK created sql table model gold.fact_weekly_revenue ..................... [[32mCREATE TABLE (6.0 rows, 17.3 KiB processed)[0m in 1.57s]
[2026-08-11T05:52:30.992+0000] {docker.py:69} INFO - [0m05:52:30  9 of 9 OK created sql table model gold.fact_refund_alerts ...................... [[32mCREATE TABLE (13.0 rows, 3.8 KiB processed)[0m in 2.14s]
[2026-08-11T05:52:36.012+0000] {docker.py:69} INFO - [0m05:52:36  7 of 9 OK created sql table model gold.fact_customer_rfm ....................... [[32mCREATE TABLE (142.0 rows, 27.9 KiB processed)[0m in 8.08s]
[2026-08-11T05:52:36.021+0000] {docker.py:69} INFO - [0m05:52:36
[2026-08-11T05:52:36.022+0000] {docker.py:69} INFO - [0m05:52:36  Finished running 3 incremental models, 6 table models in 0 hours 0 minutes and 11.11 seconds (11.11s).
[2026-08-11T05:52:36.158+0000] {docker.py:69} INFO - [0m05:52:36
[2026-08-11T05:52:36.159+0000] {docker.py:69} INFO - [0m05:52:36  [32mCompleted successfully[0m
[2026-08-11T05:52:36.161+0000] {docker.py:69} INFO - [0m05:52:36
[2026-08-11T05:52:36.162+0000] {docker.py:69} INFO - [0m05:52:36  Done. PASS=9 WARN=0 ERROR=0 SKIP=0 NO-OP=0 REUSED=0 TOTAL=9
[2026-08-11T05:52:38.300+0000] {taskinstance.py:341} INFO - ::group::Post task execution logs
[2026-08-11T05:52:38.302+0000] {taskinstance.py:353} INFO - Marking task as SUCCESS. dag_id=brewline_pipeline_bigquery, task_id=dbt_run_bigquery, run_id=backfill__2026-07-15T00:00:00+00:00, execution_date=20260715T000000, start_date=20260811T055211, end_date=20260811T055238
[2026-08-11T05:52:38.386+0000] {logging_mixin.py:190} INFO - Task instance in success state
[2026-08-11T05:52:38.390+0000] {logging_mixin.py:190} INFO -  Previous state of the Task instance: running
[2026-08-11T05:52:38.391+0000] {logging_mixin.py:190} INFO - Dag name:brewline_pipeline_bigquery queued_at:2026-08-11 05:31:04.356039+00:00
[2026-08-11T05:52:38.392+0000] {logging_mixin.py:190} INFO - Task hostname:5224a343584d operator:DockerOperator
[2026-08-11T05:52:38.437+0000] {local_task_job_runner.py:266} INFO - Task exited with return code 0
[2026-08-11T05:52:38.461+0000] {taskinstance.py:3901} INFO - 1 downstream tasks scheduled from follow-on schedule check
[2026-08-11T05:52:38.464+0000] {local_task_job_runner.py:245} INFO - ::endgroup::
