[2026-08-08T01:21:42.784+0000] {local_task_job_runner.py:123} INFO - ::group::Pre task execution logs
[2026-08-08T01:21:42.808+0000] {taskinstance.py:2614} INFO - Dependencies all met for dep_context=non-requeueable deps ti=<TaskInstance: brewline_pipeline_bigquery.dbt_run_bigquery manual__2026-08-08T01:21:15.875598+00:00 [queued]>
[2026-08-08T01:21:42.819+0000] {taskinstance.py:2614} INFO - Dependencies all met for dep_context=requeueable deps ti=<TaskInstance: brewline_pipeline_bigquery.dbt_run_bigquery manual__2026-08-08T01:21:15.875598+00:00 [queued]>
[2026-08-08T01:21:42.821+0000] {taskinstance.py:2867} INFO - Starting attempt 1 of 1
[2026-08-08T01:21:42.838+0000] {taskinstance.py:2890} INFO - Executing <Task(DockerOperator): dbt_run_bigquery> on 2026-08-08 01:21:15.875598+00:00
[2026-08-08T01:21:42.849+0000] {warnings.py:112} WARNING - /home/***/.local/lib/python3.12/site-packages/***/task/task_runner/standard_task_runner.py:70: DeprecationWarning: This process (pid=257) is multi-threaded, use of fork() may lead to deadlocks in the child.
  pid = os.fork()

[2026-08-08T01:21:42.852+0000] {standard_task_runner.py:72} INFO - Started process 259 to run task
[2026-08-08T01:21:42.851+0000] {standard_task_runner.py:104} INFO - Running: ['***', 'tasks', 'run', 'brewline_pipeline_bigquery', 'dbt_run_bigquery', 'manual__2026-08-08T01:21:15.875598+00:00', '--job-id', '32', '--raw', '--subdir', 'DAGS_FOLDER/brewline_pipeline_bigquery_dag.py', '--cfg-path', '/tmp/tmph8jozelr']
[2026-08-08T01:21:42.853+0000] {standard_task_runner.py:105} INFO - Job 32: Subtask dbt_run_bigquery
[2026-08-08T01:21:42.919+0000] {task_command.py:467} INFO - Running <TaskInstance: brewline_pipeline_bigquery.dbt_run_bigquery manual__2026-08-08T01:21:15.875598+00:00 [running]> on host 0c284059da3a
[2026-08-08T01:21:43.009+0000] {taskinstance.py:3134} INFO - Exporting env vars: AIRFLOW_CTX_DAG_OWNER='***' AIRFLOW_CTX_DAG_ID='brewline_pipeline_bigquery' AIRFLOW_CTX_TASK_ID='dbt_run_bigquery' AIRFLOW_CTX_EXECUTION_DATE='2026-08-08T01:21:15.875598+00:00' AIRFLOW_CTX_TRY_NUMBER='1' AIRFLOW_CTX_DAG_RUN_ID='manual__2026-08-08T01:21:15.875598+00:00'
[2026-08-08T01:21:43.011+0000] {logging_mixin.py:190} INFO - Task instance is in running state
[2026-08-08T01:21:43.012+0000] {logging_mixin.py:190} INFO -  Previous state of the Task instance: queued
[2026-08-08T01:21:43.013+0000] {logging_mixin.py:190} INFO - Current task name:dbt_run_bigquery state:running start_date:2026-08-08 01:21:42.809564+00:00
[2026-08-08T01:21:43.013+0000] {logging_mixin.py:190} INFO - Dag name:brewline_pipeline_bigquery and current dag run status:running
[2026-08-08T01:21:43.014+0000] {taskinstance.py:732} INFO - ::endgroup::
[2026-08-08T01:21:43.077+0000] {docker.py:345} INFO - Starting docker container from image brewline-dbt:latest
[2026-08-08T01:21:45.810+0000] {docker.py:69} INFO - [0m01:21:45  Running with dbt=1.12.0
[2026-08-08T01:21:46.413+0000] {docker.py:69} INFO - [0m01:21:46  Installing dbt-labs/dbt_utils
[2026-08-08T01:21:51.767+0000] {docker.py:69} INFO - [0m01:21:51  Installed from version 1.4.1
[2026-08-08T01:21:51.768+0000] {docker.py:69} INFO - [0m01:21:51  Up to date!
[2026-08-08T01:21:54.998+0000] {docker.py:69} INFO - [0m01:21:54  Running with dbt=1.12.0
[2026-08-08T01:21:56.732+0000] {docker.py:69} INFO - [0m01:21:56  Registered adapter: bigquery=1.12.0
[2026-08-08T01:21:57.043+0000] {docker.py:69} INFO - [0m01:21:57  Unable to do partial parsing because config vars, config profile, or config target have changed
[2026-08-08T01:21:57.045+0000] {docker.py:69} INFO - [0m01:21:57  Unable to do partial parsing because profile has changed
[2026-08-08T01:21:57.046+0000] {docker.py:69} INFO - [0m01:21:57  Unable to do partial parsing because a project dependency has been added
[2026-08-08T01:22:00.599+0000] {docker.py:69} INFO - [0m01:22:00  [[33mWARNING[0m][MissingArgumentsPropertyInGenericTestDeprecation]: Deprecated
[2026-08-08T01:22:00.600+0000] {docker.py:69} INFO - functionality
[2026-08-08T01:22:00.601+0000] {docker.py:69} INFO - Found top-level arguments to test `accepted_values` defined on
[2026-08-08T01:22:00.602+0000] {docker.py:69} INFO - 'fact_customer_health' in package 'brewline_dbt'
[2026-08-08T01:22:00.603+0000] {docker.py:69} INFO - (models/marts/fact_customer_health.yml). Arguments to generic tests should be
[2026-08-08T01:22:00.603+0000] {docker.py:69} INFO - nested under the `arguments` property.
[2026-08-08T01:22:01.582+0000] {docker.py:69} INFO - [0m01:22:01  Found 9 models, 52 data tests, 2 seeds, 5 sources, 699 macros
[2026-08-08T01:22:01.588+0000] {docker.py:69} INFO - [0m01:22:01
[2026-08-08T01:22:01.590+0000] {docker.py:69} INFO - [0m01:22:01  Concurrency: 4 threads (target='bigquery')
[2026-08-08T01:22:01.591+0000] {docker.py:69} INFO - [0m01:22:01
[2026-08-08T01:22:01.611+0000] {docker.py:69} INFO - WARNING:google.auth._default:No project ID could be determined. Consider running `gcloud config set project` or setting the GOOGLE_CLOUD_PROJECT environment variable
[2026-08-08T01:22:01.615+0000] {docker.py:69} INFO - WARNING:google.auth._default:No project ID could be determined. Consider running `gcloud config set project` or setting the GOOGLE_CLOUD_PROJECT environment variable
[2026-08-08T01:22:02.694+0000] {docker.py:69} INFO - [0m01:22:02  1 of 9 START sql incremental model silver.stg_customers ........................ [RUN]
[2026-08-08T01:22:02.695+0000] {docker.py:69} INFO - [0m01:22:02  2 of 9 START sql incremental model silver.stg_orders ........................... [RUN]
[2026-08-08T01:22:02.697+0000] {docker.py:69} INFO - [0m01:22:02  3 of 9 START sql incremental model silver.stg_refunds .......................... [RUN]
[2026-08-08T01:22:02.698+0000] {docker.py:69} INFO - [0m01:22:02  4 of 9 START sql table model silver.stg_subscriptions .......................... [RUN]
[2026-08-08T01:22:04.680+0000] {docker.py:69} INFO - [0m01:22:04  1 of 9 OK created sql incremental model silver.stg_customers ................... [[32mMERGE (40.0 rows, 97.2 KiB processed)[0m in 1.97s]
[2026-08-08T01:22:04.686+0000] {docker.py:69} INFO - [0m01:22:04  3 of 9 OK created sql incremental model silver.stg_refunds ..................... [[32mMERGE (0.0 rows, 138.4 KiB processed)[0m in 1.98s]
[2026-08-08T01:22:04.818+0000] {docker.py:69} INFO - [0m01:22:04  2 of 9 OK created sql incremental model silver.stg_orders ...................... [[32mMERGE (62.0 rows, 191.3 KiB processed)[0m in 2.11s]
[2026-08-08T01:22:04.824+0000] {docker.py:69} INFO - [0m01:22:04  5 of 9 START sql table model gold.fact_customer_health ......................... [RUN]
[2026-08-08T01:22:04.827+0000] {docker.py:69} INFO - [0m01:22:04  6 of 9 START sql table model gold.fact_refund_alerts ........................... [RUN]
[2026-08-08T01:22:04.829+0000] {docker.py:69} INFO - [0m01:22:04  7 of 9 START sql table model gold.fact_weekly_revenue .......................... [RUN]
[2026-08-08T01:22:05.200+0000] {docker.py:69} INFO - [0m01:22:05  4 of 9 OK created sql table model silver.stg_subscriptions ..................... [[32mCREATE TABLE (38.0 rows, 3.1 KiB processed)[0m in 2.49s]
[2026-08-08T01:22:05.206+0000] {docker.py:69} INFO - [0m01:22:05  8 of 9 START sql table model gold.fact_customer_rfm ............................ [RUN]
[2026-08-08T01:22:06.484+0000] {docker.py:69} INFO - [0m01:22:06  7 of 9 OK created sql table model gold.fact_weekly_revenue ..................... [[32mCREATE TABLE (18.0 rows, 51.0 KiB processed)[0m in 1.65s]
[2026-08-08T01:22:06.487+0000] {docker.py:69} INFO - [0m01:22:06  9 of 9 START sql table model gold.fact_subscription_churn ...................... [RUN]
[2026-08-08T01:22:06.525+0000] {docker.py:69} INFO - [0m01:22:06  5 of 9 OK created sql table model gold.fact_customer_health .................... [[32mCREATE TABLE (159.0 rows, 60.7 KiB processed)[0m in 1.69s]
[2026-08-08T01:22:07.441+0000] {docker.py:69} INFO - [0m01:22:07  8 of 9 OK created sql table model gold.fact_customer_rfm ....................... [[32mCREATE TABLE (159.0 rows, 76.7 KiB processed)[0m in 2.23s]
[2026-08-08T01:22:07.954+0000] {docker.py:69} INFO - [0m01:22:07  6 of 9 OK created sql table model gold.fact_refund_alerts ...................... [[32mCREATE TABLE (63.0 rows, 14.5 KiB processed)[0m in 3.12s]
[2026-08-08T01:22:08.031+0000] {docker.py:69} INFO - [0m01:22:08  9 of 9 OK created sql table model gold.fact_subscription_churn ................. [[32mCREATE TABLE (35.0 rows, 2.0 KiB processed)[0m in 1.54s]
[2026-08-08T01:22:08.042+0000] {docker.py:69} INFO - [0m01:22:08
[2026-08-08T01:22:08.043+0000] {docker.py:69} INFO - [0m01:22:08  Finished running 3 incremental models, 6 table models in 0 hours 0 minutes and 6.45 seconds (6.45s).
[2026-08-08T01:22:08.206+0000] {docker.py:69} INFO - [0m01:22:08
[2026-08-08T01:22:08.207+0000] {docker.py:69} INFO - [0m01:22:08  [32mCompleted successfully[0m
[2026-08-08T01:22:08.208+0000] {docker.py:69} INFO - [0m01:22:08
[2026-08-08T01:22:08.209+0000] {docker.py:69} INFO - [0m01:22:08  Done. PASS=9 WARN=0 ERROR=0 SKIP=0 NO-OP=0 REUSED=0 TOTAL=9
[2026-08-08T01:22:08.211+0000] {docker.py:69} INFO - [0m01:22:08  [[33mWARNING[0m][DeprecationsSummary]: Deprecated functionality
[2026-08-08T01:22:08.212+0000] {docker.py:69} INFO - Summary of encountered deprecations:
[2026-08-08T01:22:08.213+0000] {docker.py:69} INFO - - MissingArgumentsPropertyInGenericTestDeprecation: 13 occurrences
[2026-08-08T01:22:08.214+0000] {docker.py:69} INFO - To see all deprecation instances instead of just the first occurrence of each,
[2026-08-08T01:22:08.214+0000] {docker.py:69} INFO - run command again with the `--show-all-deprecations` flag. You may also need to
[2026-08-08T01:22:08.215+0000] {docker.py:69} INFO - run with `--no-partial-parse` as some deprecations are only encountered during
[2026-08-08T01:22:08.216+0000] {docker.py:69} INFO - parsing.
[2026-08-08T01:22:10.330+0000] {taskinstance.py:341} INFO - ::group::Post task execution logs
[2026-08-08T01:22:10.332+0000] {taskinstance.py:353} INFO - Marking task as SUCCESS. dag_id=brewline_pipeline_bigquery, task_id=dbt_run_bigquery, run_id=manual__2026-08-08T01:21:15.875598+00:00, execution_date=20260808T012115, start_date=20260808T012142, end_date=20260808T012210
[2026-08-08T01:22:10.369+0000] {logging_mixin.py:190} INFO - Task instance in success state
[2026-08-08T01:22:10.372+0000] {logging_mixin.py:190} INFO -  Previous state of the Task instance: running
[2026-08-08T01:22:10.374+0000] {logging_mixin.py:190} INFO - Dag name:brewline_pipeline_bigquery queued_at:2026-08-08 01:21:15.894163+00:00
[2026-08-08T01:22:10.375+0000] {logging_mixin.py:190} INFO - Task hostname:0c284059da3a operator:DockerOperator
[2026-08-08T01:22:10.415+0000] {local_task_job_runner.py:266} INFO - Task exited with return code 0
[2026-08-08T01:22:10.436+0000] {taskinstance.py:3901} INFO - 1 downstream tasks scheduled from follow-on schedule check
[2026-08-08T01:22:10.439+0000] {local_task_job_runner.py:245} INFO - ::endgroup::
