[2026-08-09T13:48:36.462+0000] {local_task_job_runner.py:123} INFO - ::group::Pre task execution logs
[2026-08-09T13:48:36.606+0000] {taskinstance.py:2614} INFO - Dependencies all met for dep_context=non-requeueable deps ti=<TaskInstance: brewline_pipeline_bigquery.dbt_run_bigquery backfill__2026-07-10T00:00:00+00:00 [queued]>
[2026-08-09T13:48:36.617+0000] {taskinstance.py:2614} INFO - Dependencies all met for dep_context=requeueable deps ti=<TaskInstance: brewline_pipeline_bigquery.dbt_run_bigquery backfill__2026-07-10T00:00:00+00:00 [queued]>
[2026-08-09T13:48:36.618+0000] {taskinstance.py:2867} INFO - Starting attempt 1 of 1
[2026-08-09T13:48:36.632+0000] {taskinstance.py:2890} INFO - Executing <Task(DockerOperator): dbt_run_bigquery> on 2026-07-10 00:00:00+00:00
[2026-08-09T13:48:36.641+0000] {warnings.py:112} WARNING - /home/***/.local/lib/python3.12/site-packages/***/task/task_runner/standard_task_runner.py:70: DeprecationWarning: This process (pid=80) is multi-threaded, use of fork() may lead to deadlocks in the child.
  pid = os.fork()

[2026-08-09T13:48:36.644+0000] {standard_task_runner.py:72} INFO - Started process 82 to run task
[2026-08-09T13:48:36.644+0000] {standard_task_runner.py:104} INFO - Running: ['***', 'tasks', 'run', 'brewline_pipeline_bigquery', 'dbt_run_bigquery', 'backfill__2026-07-10T00:00:00+00:00', '--job-id', '5', '--pool', 'default_pool', '--raw', '--subdir', 'DAGS_FOLDER/brewline_pipeline_bigquery_dag.py', '--cfg-path', '/tmp/tmp0mg7zky8']
[2026-08-09T13:48:36.646+0000] {standard_task_runner.py:105} INFO - Job 5: Subtask dbt_run_bigquery
[2026-08-09T13:48:36.703+0000] {task_command.py:467} INFO - Running <TaskInstance: brewline_pipeline_bigquery.dbt_run_bigquery backfill__2026-07-10T00:00:00+00:00 [running]> on host 5224a343584d
[2026-08-09T13:48:36.794+0000] {taskinstance.py:3134} INFO - Exporting env vars: AIRFLOW_CTX_DAG_OWNER='***' AIRFLOW_CTX_DAG_ID='brewline_pipeline_bigquery' AIRFLOW_CTX_TASK_ID='dbt_run_bigquery' AIRFLOW_CTX_EXECUTION_DATE='2026-07-10T00:00:00+00:00' AIRFLOW_CTX_TRY_NUMBER='1' AIRFLOW_CTX_DAG_RUN_ID='backfill__2026-07-10T00:00:00+00:00'
[2026-08-09T13:48:36.848+0000] {logging_mixin.py:190} INFO - Task instance is in running state
[2026-08-09T13:48:36.848+0000] {logging_mixin.py:190} INFO -  Previous state of the Task instance: queued
[2026-08-09T13:48:36.849+0000] {logging_mixin.py:190} INFO - Current task name:dbt_run_bigquery state:running start_date:2026-08-09 13:48:36.608087+00:00
[2026-08-09T13:48:36.850+0000] {logging_mixin.py:190} INFO - Dag name:brewline_pipeline_bigquery and current dag run status:running
[2026-08-09T13:48:36.851+0000] {taskinstance.py:732} INFO - ::endgroup::
[2026-08-09T13:48:36.908+0000] {docker.py:345} INFO - Starting docker container from image brewline-dbt:latest
[2026-08-09T13:48:39.937+0000] {docker.py:69} INFO - [0m13:48:39  Running with dbt=1.12.0
[2026-08-09T13:48:40.692+0000] {docker.py:69} INFO - [0m13:48:40  Installing dbt-labs/dbt_utils
[2026-08-09T13:48:46.179+0000] {docker.py:69} INFO - [0m13:48:46  Installed from version 1.4.1
[2026-08-09T13:48:46.180+0000] {docker.py:69} INFO - [0m13:48:46  Up to date!
[2026-08-09T13:48:49.406+0000] {docker.py:69} INFO - [0m13:48:49  Running with dbt=1.12.0
[2026-08-09T13:48:51.181+0000] {docker.py:69} INFO - [0m13:48:51  Registered adapter: bigquery=1.12.0
[2026-08-09T13:48:52.154+0000] {docker.py:69} INFO - [0m13:48:52  Unable to do partial parsing because an error occurred. Switching to full reparse.
[2026-08-09T13:48:54.283+0000] {docker.py:69} INFO - [0m13:48:54  [[33mWARNING[0m][MissingArgumentsPropertyInGenericTestDeprecation]: Deprecated
[2026-08-09T13:48:54.284+0000] {docker.py:69} INFO - functionality
[2026-08-09T13:48:54.284+0000] {docker.py:69} INFO - Found top-level arguments to test `accepted_values` defined on
[2026-08-09T13:48:54.285+0000] {docker.py:69} INFO - 'fact_customer_health' in package 'brewline_dbt'
[2026-08-09T13:48:54.286+0000] {docker.py:69} INFO - (models/marts/fact_customer_health.yml). Arguments to generic tests should be
[2026-08-09T13:48:54.286+0000] {docker.py:69} INFO - nested under the `arguments` property.
[2026-08-09T13:48:55.017+0000] {docker.py:69} INFO - [0m13:48:55  Found 9 models, 52 data tests, 2 seeds, 5 sources, 699 macros
[2026-08-09T13:48:55.022+0000] {docker.py:69} INFO - [0m13:48:55
[2026-08-09T13:48:55.023+0000] {docker.py:69} INFO - [0m13:48:55  Concurrency: 4 threads (target='bigquery')
[2026-08-09T13:48:55.024+0000] {docker.py:69} INFO - [0m13:48:55
[2026-08-09T13:48:55.040+0000] {docker.py:69} INFO - WARNING:google.auth._default:No project ID could be determined. Consider running `gcloud config set project` or setting the GOOGLE_CLOUD_PROJECT environment variable
[2026-08-09T13:48:55.041+0000] {docker.py:69} INFO - WARNING:google.auth._default:No project ID could be determined. Consider running `gcloud config set project` or setting the GOOGLE_CLOUD_PROJECT environment variable
[2026-08-09T13:48:55.979+0000] {docker.py:69} INFO - [0m13:48:55  1 of 9 START sql incremental model silver.stg_customers ........................ [RUN]
[2026-08-09T13:48:55.980+0000] {docker.py:69} INFO - [0m13:48:55  2 of 9 START sql incremental model silver.stg_orders ........................... [RUN]
[2026-08-09T13:48:55.982+0000] {docker.py:69} INFO - [0m13:48:55  3 of 9 START sql incremental model silver.stg_refunds .......................... [RUN]
[2026-08-09T13:48:55.983+0000] {docker.py:69} INFO - [0m13:48:55  4 of 9 START sql table model silver.stg_subscriptions .......................... [RUN]
[2026-08-09T13:48:57.754+0000] {docker.py:69} INFO - [0m13:48:57  1 of 9 OK created sql incremental model silver.stg_customers ................... [[32mMERGE (41.0 rows, 11.1 KiB processed)[0m in 1.76s]
[2026-08-09T13:48:57.756+0000] {docker.py:69} INFO - [0m13:48:57  3 of 9 OK created sql incremental model silver.stg_refunds ..................... [[32mMERGE (0.0 rows, 14.3 KiB processed)[0m in 1.77s]
[2026-08-09T13:48:57.816+0000] {docker.py:69} INFO - [0m13:48:57  4 of 9 OK created sql table model silver.stg_subscriptions ..................... [[32mCREATE TABLE (35.0 rows, 2.6 KiB processed)[0m in 1.83s]
[2026-08-09T13:48:57.819+0000] {docker.py:69} INFO - [0m13:48:57  5 of 9 START sql table model gold.fact_subscription_churn ...................... [RUN]
[2026-08-09T13:48:58.006+0000] {docker.py:69} INFO - [0m13:48:57  2 of 9 OK created sql incremental model silver.stg_orders ...................... [[32mMERGE (62.0 rows, 20.0 KiB processed)[0m in 1.98s]
[2026-08-09T13:48:58.012+0000] {docker.py:69} INFO - [0m13:48:58  6 of 9 START sql table model gold.fact_customer_health ......................... [RUN]
[2026-08-09T13:48:58.013+0000] {docker.py:69} INFO - [0m13:48:58  7 of 9 START sql table model gold.fact_customer_rfm ............................ [RUN]
[2026-08-09T13:48:58.015+0000] {docker.py:69} INFO - [0m13:48:58  8 of 9 START sql table model gold.fact_refund_alerts ........................... [RUN]
[2026-08-09T13:48:59.379+0000] {docker.py:69} INFO - [0m13:48:59  5 of 9 OK created sql table model gold.fact_subscription_churn ................. [[32mCREATE TABLE (35.0 rows, 1.7 KiB processed)[0m in 1.56s]
[2026-08-09T13:48:59.383+0000] {docker.py:69} INFO - [0m13:48:59  9 of 9 START sql table model gold.fact_weekly_revenue .......................... [RUN]
[2026-08-09T13:48:59.599+0000] {docker.py:69} INFO - [0m13:48:59  6 of 9 OK created sql table model gold.fact_customer_health .................... [[32mCREATE TABLE (79.0 rows, 7.9 KiB processed)[0m in 1.58s]
[2026-08-09T13:48:59.850+0000] {docker.py:69} INFO - [0m13:48:59  8 of 9 OK created sql table model gold.fact_refund_alerts ...................... [[32mCREATE TABLE (7.0 rows, 1.4 KiB processed)[0m in 1.82s]
[2026-08-09T13:49:00.420+0000] {docker.py:69} INFO - [0m13:49:00  7 of 9 OK created sql table model gold.fact_customer_rfm ....................... [[32mCREATE TABLE (79.0 rows, 10.8 KiB processed)[0m in 2.40s]
[2026-08-09T13:49:00.928+0000] {docker.py:69} INFO - [0m13:49:00  9 of 9 OK created sql table model gold.fact_weekly_revenue ..................... [[32mCREATE TABLE (3.0 rows, 5.0 KiB processed)[0m in 1.54s]
[2026-08-09T13:49:00.937+0000] {docker.py:69} INFO - [0m13:49:00
[2026-08-09T13:49:00.938+0000] {docker.py:69} INFO - [0m13:49:00  Finished running 3 incremental models, 6 table models in 0 hours 0 minutes and 5.91 seconds (5.91s).
[2026-08-09T13:49:01.077+0000] {docker.py:69} INFO - [0m13:49:01
[2026-08-09T13:49:01.078+0000] {docker.py:69} INFO - [0m13:49:01  [32mCompleted successfully[0m
[2026-08-09T13:49:01.079+0000] {docker.py:69} INFO - [0m13:49:01
[2026-08-09T13:49:01.080+0000] {docker.py:69} INFO - [0m13:49:01  Done. PASS=9 WARN=0 ERROR=0 SKIP=0 NO-OP=0 REUSED=0 TOTAL=9
[2026-08-09T13:49:01.082+0000] {docker.py:69} INFO - [0m13:49:01  [[33mWARNING[0m][DeprecationsSummary]: Deprecated functionality
[2026-08-09T13:49:01.083+0000] {docker.py:69} INFO - Summary of encountered deprecations:
[2026-08-09T13:49:01.084+0000] {docker.py:69} INFO - - MissingArgumentsPropertyInGenericTestDeprecation: 13 occurrences
[2026-08-09T13:49:01.085+0000] {docker.py:69} INFO - To see all deprecation instances instead of just the first occurrence of each,
[2026-08-09T13:49:01.085+0000] {docker.py:69} INFO - run command again with the `--show-all-deprecations` flag. You may also need to
[2026-08-09T13:49:01.086+0000] {docker.py:69} INFO - run with `--no-partial-parse` as some deprecations are only encountered during
[2026-08-09T13:49:01.087+0000] {docker.py:69} INFO - parsing.
[2026-08-09T13:49:03.170+0000] {taskinstance.py:341} INFO - ::group::Post task execution logs
[2026-08-09T13:49:03.172+0000] {taskinstance.py:353} INFO - Marking task as SUCCESS. dag_id=brewline_pipeline_bigquery, task_id=dbt_run_bigquery, run_id=backfill__2026-07-10T00:00:00+00:00, execution_date=20260710T000000, start_date=20260809T134836, end_date=20260809T134903
[2026-08-09T13:49:03.216+0000] {logging_mixin.py:190} INFO - Task instance in success state
[2026-08-09T13:49:03.218+0000] {logging_mixin.py:190} INFO -  Previous state of the Task instance: running
[2026-08-09T13:49:03.219+0000] {logging_mixin.py:190} INFO - Dag name:brewline_pipeline_bigquery queued_at:None
[2026-08-09T13:49:03.221+0000] {logging_mixin.py:190} INFO - Task hostname:5224a343584d operator:DockerOperator
[2026-08-09T13:49:03.267+0000] {local_task_job_runner.py:266} INFO - Task exited with return code 0
[2026-08-09T13:49:03.289+0000] {taskinstance.py:3901} INFO - 1 downstream tasks scheduled from follow-on schedule check
[2026-08-09T13:49:03.292+0000] {local_task_job_runner.py:245} INFO - ::endgroup::
