[2026-08-04T07:47:29.064+0000] {local_task_job_runner.py:123} INFO - ::group::Pre task execution logs
[2026-08-04T07:47:29.087+0000] {taskinstance.py:2614} INFO - Dependencies all met for dep_context=non-requeueable deps ti=<TaskInstance: brewline_pipeline.dbt_seed scheduled__2026-07-22T00:00:00+00:00 [queued]>
[2026-08-04T07:47:29.099+0000] {taskinstance.py:2614} INFO - Dependencies all met for dep_context=requeueable deps ti=<TaskInstance: brewline_pipeline.dbt_seed scheduled__2026-07-22T00:00:00+00:00 [queued]>
[2026-08-04T07:47:29.100+0000] {taskinstance.py:2867} INFO - Starting attempt 1 of 1
[2026-08-04T07:47:29.117+0000] {taskinstance.py:2890} INFO - Executing <Task(DockerOperator): dbt_seed> on 2026-07-22 00:00:00+00:00
[2026-08-04T07:47:29.127+0000] {warnings.py:112} WARNING - /home/***/.local/lib/python3.12/site-packages/***/task/task_runner/standard_task_runner.py:70: DeprecationWarning: This process (pid=76) is multi-threaded, use of fork() may lead to deadlocks in the child.
  pid = os.fork()

[2026-08-04T07:47:29.130+0000] {standard_task_runner.py:72} INFO - Started process 78 to run task
[2026-08-04T07:47:29.130+0000] {standard_task_runner.py:104} INFO - Running: ['***', 'tasks', 'run', 'brewline_pipeline', 'dbt_seed', 'scheduled__2026-07-22T00:00:00+00:00', '--job-id', '19', '--raw', '--subdir', 'DAGS_FOLDER/brewline_pipeline_dag.py', '--cfg-path', '/tmp/tmpj5kdcwsn']
[2026-08-04T07:47:29.132+0000] {standard_task_runner.py:105} INFO - Job 19: Subtask dbt_seed
[2026-08-04T07:47:29.191+0000] {task_command.py:467} INFO - Running <TaskInstance: brewline_pipeline.dbt_seed scheduled__2026-07-22T00:00:00+00:00 [running]> on host 3c6904f5cf40
[2026-08-04T07:47:29.289+0000] {taskinstance.py:3134} INFO - Exporting env vars: AIRFLOW_CTX_DAG_OWNER='***' AIRFLOW_CTX_DAG_ID='brewline_pipeline' AIRFLOW_CTX_TASK_ID='dbt_seed' AIRFLOW_CTX_EXECUTION_DATE='2026-07-22T00:00:00+00:00' AIRFLOW_CTX_TRY_NUMBER='1' AIRFLOW_CTX_DAG_RUN_ID='scheduled__2026-07-22T00:00:00+00:00'
[2026-08-04T07:47:29.291+0000] {logging_mixin.py:190} INFO - Task instance is in running state
[2026-08-04T07:47:29.293+0000] {logging_mixin.py:190} INFO -  Previous state of the Task instance: queued
[2026-08-04T07:47:29.294+0000] {logging_mixin.py:190} INFO - Current task name:dbt_seed state:running start_date:2026-08-04 07:47:29.088722+00:00
[2026-08-04T07:47:29.295+0000] {logging_mixin.py:190} INFO - Dag name:brewline_pipeline and current dag run status:running
[2026-08-04T07:47:29.296+0000] {taskinstance.py:732} INFO - ::endgroup::
[2026-08-04T07:47:29.382+0000] {docker.py:345} INFO - Starting docker container from image brewline-dbt:latest
[2026-08-04T07:47:32.997+0000] {docker.py:69} INFO - [0m07:47:32  Running with dbt=1.12.0
[2026-08-04T07:47:33.736+0000] {docker.py:69} INFO - [0m07:47:33  Registered adapter: duckdb=1.10.1
[2026-08-04T07:47:34.082+0000] {docker.py:69} INFO - [0m07:47:34  Unable to do partial parsing because config vars, config profile, or config target have changed
[2026-08-04T07:47:34.084+0000] {docker.py:69} INFO - [0m07:47:34  Unable to do partial parsing because profile has changed
[2026-08-04T07:47:34.085+0000] {docker.py:69} INFO - [0m07:47:34  Unable to do partial parsing because a project dependency has been added
[2026-08-04T07:47:37.217+0000] {docker.py:69} INFO - [0m07:47:37  [[33mWARNING[0m][MissingArgumentsPropertyInGenericTestDeprecation]: Deprecated
[2026-08-04T07:47:37.218+0000] {docker.py:69} INFO - functionality
[2026-08-04T07:47:37.219+0000] {docker.py:69} INFO - Found top-level arguments to test `accepted_values` defined on
[2026-08-04T07:47:37.220+0000] {docker.py:69} INFO - 'fact_customer_health' in package 'brewline_dbt'
[2026-08-04T07:47:37.221+0000] {docker.py:69} INFO - (models/marts/fact_customer_health.yml). Arguments to generic tests should be
[2026-08-04T07:47:37.222+0000] {docker.py:69} INFO - nested under the `arguments` property.
[2026-08-04T07:47:38.182+0000] {docker.py:69} INFO - [0m07:47:38  Found 9 models, 52 data tests, 2 seeds, 5 sources, 624 macros
[2026-08-04T07:47:38.188+0000] {docker.py:69} INFO - [0m07:47:38
[2026-08-04T07:47:38.189+0000] {docker.py:69} INFO - [0m07:47:38  Concurrency: 1 threads (target='dev')
[2026-08-04T07:47:38.191+0000] {docker.py:69} INFO - [0m07:47:38
[2026-08-04T07:47:38.438+0000] {docker.py:69} INFO - [0m07:47:38  1 of 2 START seed file silver.exchange_rates ................................... [RUN]
[2026-08-04T07:47:38.640+0000] {docker.py:69} INFO - [0m07:47:38  1 of 2 OK loaded seed file silver.exchange_rates ............................... [[32mINSERT 70[0m in 0.20s]
[2026-08-04T07:47:38.646+0000] {docker.py:69} INFO - [0m07:47:38  2 of 2 START seed file silver.store_timezones .................................. [RUN]
[2026-08-04T07:47:38.712+0000] {docker.py:69} INFO - [0m07:47:38  2 of 2 OK loaded seed file silver.store_timezones .............................. [[32mINSERT 3[0m in 0.06s]
[2026-08-04T07:47:38.731+0000] {docker.py:69} INFO - [0m07:47:38
[2026-08-04T07:47:38.733+0000] {docker.py:69} INFO - [0m07:47:38  Finished running 2 seeds in 0 hours 0 minutes and 0.54 seconds (0.54s).
[2026-08-04T07:47:38.975+0000] {docker.py:69} INFO - [0m07:47:38
[2026-08-04T07:47:38.977+0000] {docker.py:69} INFO - [0m07:47:38  [32mCompleted successfully[0m
[2026-08-04T07:47:38.978+0000] {docker.py:69} INFO - [0m07:47:38
[2026-08-04T07:47:38.980+0000] {docker.py:69} INFO - [0m07:47:38  Done. PASS=2 WARN=0 ERROR=0 SKIP=0 NO-OP=0 REUSED=0 TOTAL=2
[2026-08-04T07:47:38.982+0000] {docker.py:69} INFO - [0m07:47:38  [[33mWARNING[0m][DeprecationsSummary]: Deprecated functionality
[2026-08-04T07:47:38.983+0000] {docker.py:69} INFO - Summary of encountered deprecations:
[2026-08-04T07:47:38.984+0000] {docker.py:69} INFO - - MissingArgumentsPropertyInGenericTestDeprecation: 13 occurrences
[2026-08-04T07:47:38.985+0000] {docker.py:69} INFO - To see all deprecation instances instead of just the first occurrence of each,
[2026-08-04T07:47:38.986+0000] {docker.py:69} INFO - run command again with the `--show-all-deprecations` flag. You may also need to
[2026-08-04T07:47:38.987+0000] {docker.py:69} INFO - run with `--no-partial-parse` as some deprecations are only encountered during
[2026-08-04T07:47:38.988+0000] {docker.py:69} INFO - parsing.
