[2026-08-11T06:04:38.908+0000] {local_task_job_runner.py:123} INFO - ::group::Pre task execution logs
[2026-08-11T06:04:38.930+0000] {taskinstance.py:2614} INFO - Dependencies all met for dep_context=non-requeueable deps ti=<TaskInstance: brewline_pipeline_bigquery.dbt_run_bigquery backfill__2026-07-24T00:00:00+00:00 [queued]>
[2026-08-11T06:04:38.942+0000] {taskinstance.py:2614} INFO - Dependencies all met for dep_context=requeueable deps ti=<TaskInstance: brewline_pipeline_bigquery.dbt_run_bigquery backfill__2026-07-24T00:00:00+00:00 [queued]>
[2026-08-11T06:04:38.943+0000] {taskinstance.py:2867} INFO - Starting attempt 2 of 2
[2026-08-11T06:04:38.958+0000] {taskinstance.py:2890} INFO - Executing <Task(DockerOperator): dbt_run_bigquery> on 2026-07-24 00:00:00+00:00
[2026-08-11T06:04:38.968+0000] {warnings.py:112} WARNING - /home/***/.local/lib/python3.12/site-packages/***/task/task_runner/standard_task_runner.py:70: DeprecationWarning: This process (pid=1435) is multi-threaded, use of fork() may lead to deadlocks in the child.
  pid = os.fork()

[2026-08-11T06:04:38.971+0000] {standard_task_runner.py:72} INFO - Started process 1437 to run task
[2026-08-11T06:04:38.971+0000] {standard_task_runner.py:104} INFO - Running: ['***', 'tasks', 'run', 'brewline_pipeline_bigquery', 'dbt_run_bigquery', 'backfill__2026-07-24T00:00:00+00:00', '--job-id', '121', '--pool', 'default_pool', '--raw', '--subdir', 'DAGS_FOLDER/brewline_pipeline_bigquery_dag.py', '--cfg-path', '/tmp/tmpv58vyqp9']
[2026-08-11T06:04:38.973+0000] {standard_task_runner.py:105} INFO - Job 121: Subtask dbt_run_bigquery
[2026-08-11T06:04:39.045+0000] {task_command.py:467} INFO - Running <TaskInstance: brewline_pipeline_bigquery.dbt_run_bigquery backfill__2026-07-24T00:00:00+00:00 [running]> on host 5224a343584d
[2026-08-11T06:04:39.146+0000] {taskinstance.py:3134} INFO - Exporting env vars: AIRFLOW_CTX_DAG_OWNER='***' AIRFLOW_CTX_DAG_ID='brewline_pipeline_bigquery' AIRFLOW_CTX_TASK_ID='dbt_run_bigquery' AIRFLOW_CTX_EXECUTION_DATE='2026-07-24T00:00:00+00:00' AIRFLOW_CTX_TRY_NUMBER='2' AIRFLOW_CTX_DAG_RUN_ID='backfill__2026-07-24T00:00:00+00:00'
[2026-08-11T06:04:39.148+0000] {logging_mixin.py:190} INFO - Task instance is in running state
[2026-08-11T06:04:39.148+0000] {logging_mixin.py:190} INFO -  Previous state of the Task instance: queued
[2026-08-11T06:04:39.149+0000] {logging_mixin.py:190} INFO - Current task name:dbt_run_bigquery state:running start_date:2026-08-11 06:04:38.931629+00:00
[2026-08-11T06:04:39.150+0000] {logging_mixin.py:190} INFO - Dag name:brewline_pipeline_bigquery and current dag run status:running
[2026-08-11T06:04:39.151+0000] {taskinstance.py:732} INFO - ::endgroup::
[2026-08-11T06:04:39.214+0000] {docker.py:345} INFO - Starting docker container from image brewline-dbt:latest
[2026-08-11T06:04:41.528+0000] {docker.py:69} INFO - [0m06:04:41  Running with dbt=1.12.0
[2026-08-11T06:04:42.027+0000] {docker.py:69} INFO - [0m06:04:42  Installing dbt-labs/dbt_utils
[2026-08-11T06:04:46.959+0000] {docker.py:69} INFO - [0m06:04:46  Installed from version 1.4.1
[2026-08-11T06:04:46.960+0000] {docker.py:69} INFO - [0m06:04:46  Up to date!
[2026-08-11T06:04:50.262+0000] {docker.py:69} INFO - [0m06:04:50  Running with dbt=1.12.0
[2026-08-11T06:04:51.603+0000] {docker.py:69} INFO - [0m06:04:51  Registered adapter: bigquery=1.12.0
[2026-08-11T06:04:52.860+0000] {docker.py:69} INFO - [0m06:04:52  Found 9 models, 52 data tests, 2 seeds, 5 sources, 699 macros
[2026-08-11T06:04:52.866+0000] {docker.py:69} INFO - [0m06:04:52
[2026-08-11T06:04:52.867+0000] {docker.py:69} INFO - [0m06:04:52  Concurrency: 4 threads (target='bigquery')
[2026-08-11T06:04:52.868+0000] {docker.py:69} INFO - [0m06:04:52
[2026-08-11T06:04:52.886+0000] {docker.py:69} INFO - WARNING:google.auth._default:No project ID could be determined. Consider running `gcloud config set project` or setting the GOOGLE_CLOUD_PROJECT environment variable
[2026-08-11T06:04:52.887+0000] {docker.py:69} INFO - WARNING:google.auth._default:No project ID could be determined. Consider running `gcloud config set project` or setting the GOOGLE_CLOUD_PROJECT environment variable
[2026-08-11T06:04:54.079+0000] {docker.py:69} INFO - [0m06:04:54  1 of 9 START sql incremental model silver.stg_customers ........................ [RUN]
[2026-08-11T06:04:54.080+0000] {docker.py:69} INFO - [0m06:04:54  2 of 9 START sql incremental model silver.stg_orders ........................... [RUN]
[2026-08-11T06:04:54.082+0000] {docker.py:69} INFO - [0m06:04:54  3 of 9 START sql incremental model silver.stg_refunds .......................... [RUN]
[2026-08-11T06:04:54.083+0000] {docker.py:69} INFO - [0m06:04:54  4 of 9 START sql table model silver.stg_subscriptions .......................... [RUN]
[2026-08-11T06:04:55.966+0000] {docker.py:69} INFO - [0m06:04:55  1 of 9 OK created sql incremental model silver.stg_customers ................... [[32mMERGE (42.0 rows, 58.0 KiB processed)[0m in 1.87s]
[2026-08-11T06:04:56.006+0000] {docker.py:69} INFO - [0m06:04:56  4 of 9 OK created sql table model silver.stg_subscriptions ..................... [[32mCREATE TABLE (38.0 rows, 3.1 KiB processed)[0m in 1.91s]
[2026-08-11T06:04:56.012+0000] {docker.py:69} INFO - [0m06:04:56  5 of 9 START sql table model gold.fact_subscription_churn ...................... [RUN]
[2026-08-11T06:04:56.168+0000] {docker.py:69} INFO - [0m06:04:56  3 of 9 OK created sql incremental model silver.stg_refunds ..................... [[32mMERGE (1.0 rows, 87.0 KiB processed)[0m in 2.08s]
[2026-08-11T06:04:56.173+0000] {docker.py:69} INFO - [0m06:04:56  2 of 9 OK created sql incremental model silver.stg_orders ...................... [[32mMERGE (61.0 rows, 129.0 KiB processed)[0m in 2.08s]
[2026-08-11T06:04:56.181+0000] {docker.py:69} INFO - [0m06:04:56  6 of 9 START sql table model gold.fact_customer_health ......................... [RUN]
[2026-08-11T06:04:56.183+0000] {docker.py:69} INFO - [0m06:04:56  7 of 9 START sql table model gold.fact_customer_rfm ............................ [RUN]
[2026-08-11T06:04:56.186+0000] {docker.py:69} INFO - [0m06:04:56  8 of 9 START sql table model gold.fact_refund_alerts ........................... [RUN]
[2026-08-11T06:04:57.349+0000] {docker.py:69} INFO - [0m06:04:57  5 of 9 OK created sql table model gold.fact_subscription_churn ................. [[32mCREATE TABLE (35.0 rows, 2.0 KiB processed)[0m in 1.33s]
[2026-08-11T06:04:57.353+0000] {docker.py:69} INFO - [0m06:04:57  9 of 9 START sql table model gold.fact_weekly_revenue .......................... [RUN]
[2026-08-11T06:04:58.330+0000] {docker.py:69} INFO - [0m06:04:58  6 of 9 OK created sql table model gold.fact_customer_health .................... [[32mCREATE TABLE (156.0 rows, 35.8 KiB processed)[0m in 2.14s]
[2026-08-11T06:04:58.624+0000] {docker.py:69} INFO - [0m06:04:58  7 of 9 OK created sql table model gold.fact_customer_rfm ....................... [[32mCREATE TABLE (156.0 rows, 53.6 KiB processed)[0m in 2.43s]
[2026-08-11T06:04:58.638+0000] {docker.py:69} INFO - [0m06:04:58  8 of 9 OK created sql table model gold.fact_refund_alerts ...................... [[32mCREATE TABLE (21.0 rows, 8.2 KiB processed)[0m in 2.44s]
[2026-08-11T06:04:58.857+0000] {docker.py:69} INFO - [0m06:04:58  9 of 9 OK created sql table model gold.fact_weekly_revenue ..................... [[32mCREATE TABLE (9.0 rows, 36.7 KiB processed)[0m in 1.50s]
[2026-08-11T06:04:58.869+0000] {docker.py:69} INFO - [0m06:04:58
[2026-08-11T06:04:58.870+0000] {docker.py:69} INFO - [0m06:04:58  Finished running 3 incremental models, 6 table models in 0 hours 0 minutes and 6.00 seconds (6.00s).
[2026-08-11T06:04:59.069+0000] {docker.py:69} INFO - [0m06:04:59
[2026-08-11T06:04:59.071+0000] {docker.py:69} INFO - [0m06:04:59  [32mCompleted successfully[0m
[2026-08-11T06:04:59.074+0000] {docker.py:69} INFO - [0m06:04:59
[2026-08-11T06:04:59.075+0000] {docker.py:69} INFO - [0m06:04:59  Done. PASS=9 WARN=0 ERROR=0 SKIP=0 NO-OP=0 REUSED=0 TOTAL=9
[2026-08-11T06:05:01.162+0000] {taskinstance.py:341} INFO - ::group::Post task execution logs
[2026-08-11T06:05:01.163+0000] {taskinstance.py:353} INFO - Marking task as SUCCESS. dag_id=brewline_pipeline_bigquery, task_id=dbt_run_bigquery, run_id=backfill__2026-07-24T00:00:00+00:00, execution_date=20260724T000000, start_date=20260811T060438, end_date=20260811T060501
[2026-08-11T06:05:01.202+0000] {logging_mixin.py:190} INFO - Task instance in success state
[2026-08-11T06:05:01.203+0000] {logging_mixin.py:190} INFO -  Previous state of the Task instance: running
[2026-08-11T06:05:01.205+0000] {logging_mixin.py:190} INFO - Dag name:brewline_pipeline_bigquery queued_at:2026-08-11 05:31:04.356088+00:00
[2026-08-11T06:05:01.206+0000] {logging_mixin.py:190} INFO - Task hostname:5224a343584d operator:DockerOperator
[2026-08-11T06:05:01.236+0000] {local_task_job_runner.py:266} INFO - Task exited with return code 0
[2026-08-11T06:05:01.259+0000] {taskinstance.py:3901} INFO - 1 downstream tasks scheduled from follow-on schedule check
[2026-08-11T06:05:01.262+0000] {local_task_job_runner.py:245} INFO - ::endgroup::
