[2026-08-09T14:09:04.558+0000] {local_task_job_runner.py:123} INFO - ::group::Pre task execution logs
[2026-08-09T14:09:04.581+0000] {taskinstance.py:2614} INFO - Dependencies all met for dep_context=non-requeueable deps ti=<TaskInstance: brewline_pipeline_bigquery.dbt_run_bigquery backfill__2026-07-24T00:00:00+00:00 [queued]>
[2026-08-09T14:09:04.596+0000] {taskinstance.py:2614} INFO - Dependencies all met for dep_context=requeueable deps ti=<TaskInstance: brewline_pipeline_bigquery.dbt_run_bigquery backfill__2026-07-24T00:00:00+00:00 [queued]>
[2026-08-09T14:09:04.598+0000] {taskinstance.py:2867} INFO - Starting attempt 1 of 1
[2026-08-09T14:09:04.615+0000] {taskinstance.py:2890} INFO - Executing <Task(DockerOperator): dbt_run_bigquery> on 2026-07-24 00:00:00+00:00
[2026-08-09T14:09:04.626+0000] {warnings.py:112} WARNING - /home/***/.local/lib/python3.12/site-packages/***/task/task_runner/standard_task_runner.py:70: DeprecationWarning: This process (pid=512) is multi-threaded, use of fork() may lead to deadlocks in the child.
  pid = os.fork()

[2026-08-09T14:09:04.629+0000] {standard_task_runner.py:72} INFO - Started process 514 to run task
[2026-08-09T14:09:04.628+0000] {standard_task_runner.py:104} INFO - Running: ['***', 'tasks', 'run', 'brewline_pipeline_bigquery', 'dbt_run_bigquery', 'backfill__2026-07-24T00:00:00+00:00', '--job-id', '48', '--pool', 'default_pool', '--raw', '--subdir', 'DAGS_FOLDER/brewline_pipeline_bigquery_dag.py', '--cfg-path', '/tmp/tmpecx0e9m9']
[2026-08-09T14:09:04.630+0000] {standard_task_runner.py:105} INFO - Job 48: Subtask dbt_run_bigquery
[2026-08-09T14:09:04.686+0000] {task_command.py:467} INFO - Running <TaskInstance: brewline_pipeline_bigquery.dbt_run_bigquery backfill__2026-07-24T00:00:00+00:00 [running]> on host 5224a343584d
[2026-08-09T14:09:04.800+0000] {taskinstance.py:3134} INFO - Exporting env vars: AIRFLOW_CTX_DAG_OWNER='***' AIRFLOW_CTX_DAG_ID='brewline_pipeline_bigquery' AIRFLOW_CTX_TASK_ID='dbt_run_bigquery' AIRFLOW_CTX_EXECUTION_DATE='2026-07-24T00:00:00+00:00' AIRFLOW_CTX_TRY_NUMBER='1' AIRFLOW_CTX_DAG_RUN_ID='backfill__2026-07-24T00:00:00+00:00'
[2026-08-09T14:09:04.802+0000] {logging_mixin.py:190} INFO - Task instance is in running state
[2026-08-09T14:09:04.803+0000] {logging_mixin.py:190} INFO -  Previous state of the Task instance: queued
[2026-08-09T14:09:04.803+0000] {logging_mixin.py:190} INFO - Current task name:dbt_run_bigquery state:running start_date:2026-08-09 14:09:04.582813+00:00
[2026-08-09T14:09:04.804+0000] {logging_mixin.py:190} INFO - Dag name:brewline_pipeline_bigquery and current dag run status:running
[2026-08-09T14:09:04.805+0000] {taskinstance.py:732} INFO - ::endgroup::
[2026-08-09T14:09:04.864+0000] {docker.py:345} INFO - Starting docker container from image brewline-dbt:latest
[2026-08-09T14:09:06.935+0000] {docker.py:69} INFO - [0m14:09:06  Running with dbt=1.12.0
[2026-08-09T14:09:07.448+0000] {docker.py:69} INFO - [0m14:09:07  Installing dbt-labs/dbt_utils
[2026-08-09T14:09:12.342+0000] {docker.py:69} INFO - [0m14:09:12  Installed from version 1.4.1
[2026-08-09T14:09:12.343+0000] {docker.py:69} INFO - [0m14:09:12  Up to date!
[2026-08-09T14:09:15.386+0000] {docker.py:69} INFO - [0m14:09:15  Running with dbt=1.12.0
[2026-08-09T14:09:16.573+0000] {docker.py:69} INFO - [0m14:09:16  Registered adapter: bigquery=1.12.0
[2026-08-09T14:09:17.738+0000] {docker.py:69} INFO - [0m14:09:17  Found 9 models, 52 data tests, 2 seeds, 5 sources, 699 macros
[2026-08-09T14:09:17.744+0000] {docker.py:69} INFO - [0m14:09:17
[2026-08-09T14:09:17.745+0000] {docker.py:69} INFO - [0m14:09:17  Concurrency: 4 threads (target='bigquery')
[2026-08-09T14:09:17.747+0000] {docker.py:69} INFO - [0m14:09:17
[2026-08-09T14:09:17.760+0000] {docker.py:69} INFO - WARNING:google.auth._default:No project ID could be determined. Consider running `gcloud config set project` or setting the GOOGLE_CLOUD_PROJECT environment variable
[2026-08-09T14:09:17.761+0000] {docker.py:69} INFO - WARNING:google.auth._default:No project ID could be determined. Consider running `gcloud config set project` or setting the GOOGLE_CLOUD_PROJECT environment variable
[2026-08-09T14:09:18.767+0000] {docker.py:69} INFO - [0m14:09:18  1 of 9 START sql incremental model silver.stg_customers ........................ [RUN]
[2026-08-09T14:09:18.768+0000] {docker.py:69} INFO - [0m14:09:18  2 of 9 START sql incremental model silver.stg_orders ........................... [RUN]
[2026-08-09T14:09:18.770+0000] {docker.py:69} INFO - [0m14:09:18  3 of 9 START sql incremental model silver.stg_refunds .......................... [RUN]
[2026-08-09T14:09:18.771+0000] {docker.py:69} INFO - [0m14:09:18  4 of 9 START sql table model silver.stg_subscriptions .......................... [RUN]
[2026-08-09T14:09:20.549+0000] {docker.py:69} INFO - [0m14:09:20  1 of 9 OK created sql incremental model silver.stg_customers ................... [[32mMERGE (42.0 rows, 58.0 KiB processed)[0m in 1.77s]
[2026-08-09T14:09:20.749+0000] {docker.py:69} INFO - [0m14:09:20  2 of 9 OK created sql incremental model silver.stg_orders ...................... [[32mMERGE (61.0 rows, 111.0 KiB processed)[0m in 1.97s]
[2026-08-09T14:09:20.753+0000] {docker.py:69} INFO - [0m14:09:20  5 of 9 START sql table model gold.fact_customer_health ......................... [RUN]
[2026-08-09T14:09:20.754+0000] {docker.py:69} INFO - [0m14:09:20  6 of 9 START sql table model gold.fact_weekly_revenue .......................... [RUN]
[2026-08-09T14:09:20.780+0000] {docker.py:69} INFO - [0m14:09:20  3 of 9 OK created sql incremental model silver.stg_refunds ..................... [[32mMERGE (1.0 rows, 79.0 KiB processed)[0m in 2.00s]
[2026-08-09T14:09:20.791+0000] {docker.py:69} INFO - [0m14:09:20  7 of 9 START sql table model gold.fact_refund_alerts ........................... [RUN]
[2026-08-09T14:09:20.812+0000] {docker.py:69} INFO - [0m14:09:20  4 of 9 OK created sql table model silver.stg_subscriptions ..................... [[32mCREATE TABLE (38.0 rows, 3.1 KiB processed)[0m in 2.03s]
[2026-08-09T14:09:20.817+0000] {docker.py:69} INFO - [0m14:09:20  8 of 9 START sql table model gold.fact_customer_rfm ............................ [RUN]
[2026-08-09T14:09:22.256+0000] {docker.py:69} INFO - [0m14:09:22  6 of 9 OK created sql table model gold.fact_weekly_revenue ..................... [[32mCREATE TABLE (9.0 rows, 28.7 KiB processed)[0m in 1.50s]
[2026-08-09T14:09:22.261+0000] {docker.py:69} INFO - [0m14:09:22  9 of 9 START sql table model gold.fact_subscription_churn ...................... [RUN]
[2026-08-09T14:09:22.333+0000] {docker.py:69} INFO - [0m14:09:22  5 of 9 OK created sql table model gold.fact_customer_health .................... [[32mCREATE TABLE (156.0 rows, 35.8 KiB processed)[0m in 1.58s]
[2026-08-09T14:09:22.863+0000] {docker.py:69} INFO - [0m14:09:22  7 of 9 OK created sql table model gold.fact_refund_alerts ...................... [[32mCREATE TABLE (21.0 rows, 8.2 KiB processed)[0m in 2.07s]
[2026-08-09T14:09:22.878+0000] {docker.py:69} INFO - [0m14:09:22  8 of 9 OK created sql table model gold.fact_customer_rfm ....................... [[32mCREATE TABLE (156.0 rows, 45.5 KiB processed)[0m in 2.06s]
[2026-08-09T14:09:23.749+0000] {docker.py:69} INFO - [0m14:09:23  9 of 9 OK created sql table model gold.fact_subscription_churn ................. [[32mCREATE TABLE (35.0 rows, 2.0 KiB processed)[0m in 1.48s]
[2026-08-09T14:09:23.757+0000] {docker.py:69} INFO - [0m14:09:23
[2026-08-09T14:09:23.758+0000] {docker.py:69} INFO - [0m14:09:23  Finished running 3 incremental models, 6 table models in 0 hours 0 minutes and 6.01 seconds (6.01s).
[2026-08-09T14:09:23.893+0000] {docker.py:69} INFO - [0m14:09:23
[2026-08-09T14:09:23.894+0000] {docker.py:69} INFO - [0m14:09:23  [32mCompleted successfully[0m
[2026-08-09T14:09:23.896+0000] {docker.py:69} INFO - [0m14:09:23
[2026-08-09T14:09:23.897+0000] {docker.py:69} INFO - [0m14:09:23  Done. PASS=9 WARN=0 ERROR=0 SKIP=0 NO-OP=0 REUSED=0 TOTAL=9
[2026-08-09T14:09:25.840+0000] {taskinstance.py:341} INFO - ::group::Post task execution logs
[2026-08-09T14:09:25.841+0000] {taskinstance.py:353} INFO - Marking task as SUCCESS. dag_id=brewline_pipeline_bigquery, task_id=dbt_run_bigquery, run_id=backfill__2026-07-24T00:00:00+00:00, execution_date=20260724T000000, start_date=20260809T140904, end_date=20260809T140925
[2026-08-09T14:09:25.875+0000] {logging_mixin.py:190} INFO - Task instance in success state
[2026-08-09T14:09:25.877+0000] {logging_mixin.py:190} INFO -  Previous state of the Task instance: running
[2026-08-09T14:09:25.878+0000] {logging_mixin.py:190} INFO - Dag name:brewline_pipeline_bigquery queued_at:None
[2026-08-09T14:09:25.879+0000] {logging_mixin.py:190} INFO - Task hostname:5224a343584d operator:DockerOperator
[2026-08-09T14:09:25.918+0000] {local_task_job_runner.py:266} INFO - Task exited with return code 0
[2026-08-09T14:09:25.936+0000] {taskinstance.py:3901} INFO - 1 downstream tasks scheduled from follow-on schedule check
[2026-08-09T14:09:25.939+0000] {local_task_job_runner.py:245} INFO - ::endgroup::
