[2026-08-11T05:55:02.892+0000] {local_task_job_runner.py:123} INFO - ::group::Pre task execution logs
[2026-08-11T05:55:02.917+0000] {taskinstance.py:2614} INFO - Dependencies all met for dep_context=non-requeueable deps ti=<TaskInstance: brewline_pipeline_bigquery.dbt_run_bigquery backfill__2026-07-17T00:00:00+00:00 [queued]>
[2026-08-11T05:55:02.930+0000] {taskinstance.py:2614} INFO - Dependencies all met for dep_context=requeueable deps ti=<TaskInstance: brewline_pipeline_bigquery.dbt_run_bigquery backfill__2026-07-17T00:00:00+00:00 [queued]>
[2026-08-11T05:55:02.931+0000] {taskinstance.py:2867} INFO - Starting attempt 2 of 2
[2026-08-11T05:55:02.949+0000] {taskinstance.py:2890} INFO - Executing <Task(DockerOperator): dbt_run_bigquery> on 2026-07-17 00:00:00+00:00
[2026-08-11T05:55:02.960+0000] {warnings.py:112} WARNING - /home/***/.local/lib/python3.12/site-packages/***/task/task_runner/standard_task_runner.py:70: DeprecationWarning: This process (pid=1232) is multi-threaded, use of fork() may lead to deadlocks in the child.
  pid = os.fork()

[2026-08-11T05:55:02.963+0000] {standard_task_runner.py:72} INFO - Started process 1234 to run task
[2026-08-11T05:55:02.962+0000] {standard_task_runner.py:104} INFO - Running: ['***', 'tasks', 'run', 'brewline_pipeline_bigquery', 'dbt_run_bigquery', 'backfill__2026-07-17T00:00:00+00:00', '--job-id', '100', '--pool', 'default_pool', '--raw', '--subdir', 'DAGS_FOLDER/brewline_pipeline_bigquery_dag.py', '--cfg-path', '/tmp/tmp39wwmjll']
[2026-08-11T05:55:02.964+0000] {standard_task_runner.py:105} INFO - Job 100: Subtask dbt_run_bigquery
[2026-08-11T05:55:03.029+0000] {task_command.py:467} INFO - Running <TaskInstance: brewline_pipeline_bigquery.dbt_run_bigquery backfill__2026-07-17T00:00:00+00:00 [running]> on host 5224a343584d
[2026-08-11T05:55:03.136+0000] {taskinstance.py:3134} INFO - Exporting env vars: AIRFLOW_CTX_DAG_OWNER='***' AIRFLOW_CTX_DAG_ID='brewline_pipeline_bigquery' AIRFLOW_CTX_TASK_ID='dbt_run_bigquery' AIRFLOW_CTX_EXECUTION_DATE='2026-07-17T00:00:00+00:00' AIRFLOW_CTX_TRY_NUMBER='2' AIRFLOW_CTX_DAG_RUN_ID='backfill__2026-07-17T00:00:00+00:00'
[2026-08-11T05:55:03.138+0000] {logging_mixin.py:190} INFO - Task instance is in running state
[2026-08-11T05:55:03.139+0000] {logging_mixin.py:190} INFO -  Previous state of the Task instance: queued
[2026-08-11T05:55:03.140+0000] {logging_mixin.py:190} INFO - Current task name:dbt_run_bigquery state:running start_date:2026-08-11 05:55:02.919063+00:00
[2026-08-11T05:55:03.141+0000] {logging_mixin.py:190} INFO - Dag name:brewline_pipeline_bigquery and current dag run status:running
[2026-08-11T05:55:03.141+0000] {taskinstance.py:732} INFO - ::endgroup::
[2026-08-11T05:55:03.208+0000] {docker.py:345} INFO - Starting docker container from image brewline-dbt:latest
[2026-08-11T05:55:05.836+0000] {docker.py:69} INFO - [0m05:55:05  Running with dbt=1.12.0
[2026-08-11T05:55:06.546+0000] {docker.py:69} INFO - [0m05:55:06  Installing dbt-labs/dbt_utils
[2026-08-11T05:55:11.651+0000] {docker.py:69} INFO - [0m05:55:11  Installed from version 1.4.1
[2026-08-11T05:55:11.652+0000] {docker.py:69} INFO - [0m05:55:11  Up to date!
[2026-08-11T05:55:14.845+0000] {docker.py:69} INFO - [0m05:55:14  Running with dbt=1.12.0
[2026-08-11T05:55:16.120+0000] {docker.py:69} INFO - [0m05:55:16  Registered adapter: bigquery=1.12.0
[2026-08-11T05:55:17.506+0000] {docker.py:69} INFO - [0m05:55:17  Found 9 models, 52 data tests, 2 seeds, 5 sources, 699 macros
[2026-08-11T05:55:17.511+0000] {docker.py:69} INFO - [0m05:55:17
[2026-08-11T05:55:17.513+0000] {docker.py:69} INFO - [0m05:55:17  Concurrency: 4 threads (target='bigquery')
[2026-08-11T05:55:17.514+0000] {docker.py:69} INFO - [0m05:55:17
[2026-08-11T05:55:17.581+0000] {docker.py:69} INFO - WARNING:google.auth._default:No project ID could be determined. Consider running `gcloud config set project` or setting the GOOGLE_CLOUD_PROJECT environment variable
[2026-08-11T05:55:17.582+0000] {docker.py:69} INFO - WARNING:google.auth._default:No project ID could be determined. Consider running `gcloud config set project` or setting the GOOGLE_CLOUD_PROJECT environment variable
[2026-08-11T05:55:18.602+0000] {docker.py:69} INFO - [0m05:55:18  1 of 9 START sql incremental model silver.stg_customers ........................ [RUN]
[2026-08-11T05:55:18.606+0000] {docker.py:69} INFO - [0m05:55:18  2 of 9 START sql incremental model silver.stg_orders ........................... [RUN]
[2026-08-11T05:55:18.607+0000] {docker.py:69} INFO - [0m05:55:18  3 of 9 START sql incremental model silver.stg_refunds .......................... [RUN]
[2026-08-11T05:55:18.609+0000] {docker.py:69} INFO - [0m05:55:18  4 of 9 START sql table model silver.stg_subscriptions .......................... [RUN]
[2026-08-11T05:55:20.462+0000] {docker.py:69} INFO - [0m05:55:20  1 of 9 OK created sql incremental model silver.stg_customers ................... [[32mMERGE (40.0 rows, 35.3 KiB processed)[0m in 1.85s]
[2026-08-11T05:55:20.521+0000] {docker.py:69} INFO - [0m05:55:20  4 of 9 OK created sql table model silver.stg_subscriptions ..................... [[32mCREATE TABLE (38.0 rows, 2.9 KiB processed)[0m in 1.90s]
[2026-08-11T05:55:20.525+0000] {docker.py:69} INFO - [0m05:55:20  5 of 9 START sql table model gold.fact_subscription_churn ...................... [RUN]
[2026-08-11T05:55:20.686+0000] {docker.py:69} INFO - [0m05:55:20  2 of 9 OK created sql incremental model silver.stg_orders ...................... [[32mMERGE (60.0 rows, 76.0 KiB processed)[0m in 2.07s]
[2026-08-11T05:55:20.699+0000] {docker.py:69} INFO - [0m05:55:20  3 of 9 OK created sql incremental model silver.stg_refunds ..................... [[32mMERGE (0.0 rows, 63.9 KiB processed)[0m in 2.08s]
[2026-08-11T05:55:20.701+0000] {docker.py:69} INFO - [0m05:55:20  6 of 9 START sql table model gold.fact_customer_health ......................... [RUN]
[2026-08-11T05:55:20.703+0000] {docker.py:69} INFO - [0m05:55:20  7 of 9 START sql table model gold.fact_customer_rfm ............................ [RUN]
[2026-08-11T05:55:20.712+0000] {docker.py:69} INFO - [0m05:55:20  8 of 9 START sql table model gold.fact_weekly_revenue .......................... [RUN]
[2026-08-11T05:55:22.259+0000] {docker.py:69} INFO - [0m05:55:22  6 of 9 OK created sql table model gold.fact_customer_health .................... [[32mCREATE TABLE (145.0 rows, 22.6 KiB processed)[0m in 1.55s]
[2026-08-11T05:55:22.264+0000] {docker.py:69} INFO - [0m05:55:22  8 of 9 OK created sql table model gold.fact_weekly_revenue ..................... [[32mCREATE TABLE (6.0 rows, 21.5 KiB processed)[0m in 1.53s]
[2026-08-11T05:55:22.268+0000] {docker.py:69} INFO - [0m05:55:22  9 of 9 START sql table model gold.fact_refund_alerts ........................... [RUN]
[2026-08-11T05:55:22.400+0000] {docker.py:69} INFO - [0m05:55:22  5 of 9 OK created sql table model gold.fact_subscription_churn ................. [[32mCREATE TABLE (35.0 rows, 1.9 KiB processed)[0m in 1.87s]
[2026-08-11T05:55:23.099+0000] {docker.py:69} INFO - [0m05:55:23  7 of 9 OK created sql table model gold.fact_customer_rfm ....................... [[32mCREATE TABLE (145.0 rows, 33.6 KiB processed)[0m in 2.39s]
[2026-08-11T05:55:24.441+0000] {docker.py:69} INFO - [0m05:55:24  9 of 9 OK created sql table model gold.fact_refund_alerts ...................... [[32mCREATE TABLE (13.0 rows, 4.8 KiB processed)[0m in 2.17s]
[2026-08-11T05:55:24.452+0000] {docker.py:69} INFO - [0m05:55:24
[2026-08-11T05:55:24.453+0000] {docker.py:69} INFO - [0m05:55:24  Finished running 3 incremental models, 6 table models in 0 hours 0 minutes and 6.94 seconds (6.94s).
[2026-08-11T05:55:24.637+0000] {docker.py:69} INFO - [0m05:55:24
[2026-08-11T05:55:24.638+0000] {docker.py:69} INFO - [0m05:55:24  [32mCompleted successfully[0m
[2026-08-11T05:55:24.640+0000] {docker.py:69} INFO - [0m05:55:24
[2026-08-11T05:55:24.642+0000] {docker.py:69} INFO - [0m05:55:24  Done. PASS=9 WARN=0 ERROR=0 SKIP=0 NO-OP=0 REUSED=0 TOTAL=9
[2026-08-11T05:55:26.844+0000] {taskinstance.py:341} INFO - ::group::Post task execution logs
[2026-08-11T05:55:26.846+0000] {taskinstance.py:353} INFO - Marking task as SUCCESS. dag_id=brewline_pipeline_bigquery, task_id=dbt_run_bigquery, run_id=backfill__2026-07-17T00:00:00+00:00, execution_date=20260717T000000, start_date=20260811T055502, end_date=20260811T055526
[2026-08-11T05:55:26.905+0000] {logging_mixin.py:190} INFO - Task instance in success state
[2026-08-11T05:55:26.906+0000] {logging_mixin.py:190} INFO -  Previous state of the Task instance: running
[2026-08-11T05:55:26.908+0000] {logging_mixin.py:190} INFO - Dag name:brewline_pipeline_bigquery queued_at:2026-08-11 05:31:04.356097+00:00
[2026-08-11T05:55:26.909+0000] {logging_mixin.py:190} INFO - Task hostname:5224a343584d operator:DockerOperator
[2026-08-11T05:55:26.938+0000] {local_task_job_runner.py:266} INFO - Task exited with return code 0
[2026-08-11T05:55:27.959+0000] {taskinstance.py:3901} INFO - 1 downstream tasks scheduled from follow-on schedule check
[2026-08-11T05:55:27.962+0000] {local_task_job_runner.py:245} INFO - ::endgroup::
[2026-08-11T05:55:27.968+0000] {standard_task_runner.py:217} INFO - Process not found (most likely exited), stop collecting metrics
