[2026-08-09T14:00:13.409+0000] {local_task_job_runner.py:123} INFO - ::group::Pre task execution logs
[2026-08-09T14:00:13.430+0000] {taskinstance.py:2614} INFO - Dependencies all met for dep_context=non-requeueable deps ti=<TaskInstance: brewline_pipeline_bigquery.dbt_run_bigquery backfill__2026-07-17T00:00:00+00:00 [queued]>
[2026-08-09T14:00:13.441+0000] {taskinstance.py:2614} INFO - Dependencies all met for dep_context=requeueable deps ti=<TaskInstance: brewline_pipeline_bigquery.dbt_run_bigquery backfill__2026-07-17T00:00:00+00:00 [queued]>
[2026-08-09T14:00:13.442+0000] {taskinstance.py:2867} INFO - Starting attempt 1 of 1
[2026-08-09T14:00:13.457+0000] {taskinstance.py:2890} INFO - Executing <Task(DockerOperator): dbt_run_bigquery> on 2026-07-17 00:00:00+00:00
[2026-08-09T14:00:13.467+0000] {warnings.py:112} WARNING - /home/***/.local/lib/python3.12/site-packages/***/task/task_runner/standard_task_runner.py:70: DeprecationWarning: This process (pid=314) is multi-threaded, use of fork() may lead to deadlocks in the child.
  pid = os.fork()

[2026-08-09T14:00:13.470+0000] {standard_task_runner.py:72} INFO - Started process 316 to run task
[2026-08-09T14:00:13.470+0000] {standard_task_runner.py:104} INFO - Running: ['***', 'tasks', 'run', 'brewline_pipeline_bigquery', 'dbt_run_bigquery', 'backfill__2026-07-17T00:00:00+00:00', '--job-id', '27', '--pool', 'default_pool', '--raw', '--subdir', 'DAGS_FOLDER/brewline_pipeline_bigquery_dag.py', '--cfg-path', '/tmp/tmpyt7i2ktb']
[2026-08-09T14:00:13.472+0000] {standard_task_runner.py:105} INFO - Job 27: Subtask dbt_run_bigquery
[2026-08-09T14:00:13.530+0000] {task_command.py:467} INFO - Running <TaskInstance: brewline_pipeline_bigquery.dbt_run_bigquery backfill__2026-07-17T00:00:00+00:00 [running]> on host 5224a343584d
[2026-08-09T14:00:13.625+0000] {taskinstance.py:3134} INFO - Exporting env vars: AIRFLOW_CTX_DAG_OWNER='***' AIRFLOW_CTX_DAG_ID='brewline_pipeline_bigquery' AIRFLOW_CTX_TASK_ID='dbt_run_bigquery' AIRFLOW_CTX_EXECUTION_DATE='2026-07-17T00:00:00+00:00' AIRFLOW_CTX_TRY_NUMBER='1' AIRFLOW_CTX_DAG_RUN_ID='backfill__2026-07-17T00:00:00+00:00'
[2026-08-09T14:00:13.627+0000] {logging_mixin.py:190} INFO - Task instance is in running state
[2026-08-09T14:00:13.628+0000] {logging_mixin.py:190} INFO -  Previous state of the Task instance: queued
[2026-08-09T14:00:13.629+0000] {logging_mixin.py:190} INFO - Current task name:dbt_run_bigquery state:running start_date:2026-08-09 14:00:13.431983+00:00
[2026-08-09T14:00:13.630+0000] {logging_mixin.py:190} INFO - Dag name:brewline_pipeline_bigquery and current dag run status:running
[2026-08-09T14:00:13.631+0000] {taskinstance.py:732} INFO - ::endgroup::
[2026-08-09T14:00:13.692+0000] {docker.py:345} INFO - Starting docker container from image brewline-dbt:latest
[2026-08-09T14:00:16.219+0000] {docker.py:69} INFO - [0m14:00:16  Running with dbt=1.12.0
[2026-08-09T14:00:16.742+0000] {docker.py:69} INFO - [0m14:00:16  Installing dbt-labs/dbt_utils
[2026-08-09T14:00:21.729+0000] {docker.py:69} INFO - [0m14:00:21  Installed from version 1.4.1
[2026-08-09T14:00:21.730+0000] {docker.py:69} INFO - [0m14:00:21  Up to date!
[2026-08-09T14:00:24.837+0000] {docker.py:69} INFO - [0m14:00:24  Running with dbt=1.12.0
[2026-08-09T14:00:26.064+0000] {docker.py:69} INFO - [0m14:00:26  Registered adapter: bigquery=1.12.0
[2026-08-09T14:00:27.181+0000] {docker.py:69} INFO - [0m14:00:27  Found 9 models, 52 data tests, 2 seeds, 5 sources, 699 macros
[2026-08-09T14:00:27.188+0000] {docker.py:69} INFO - [0m14:00:27
[2026-08-09T14:00:27.189+0000] {docker.py:69} INFO - [0m14:00:27  Concurrency: 4 threads (target='bigquery')
[2026-08-09T14:00:27.191+0000] {docker.py:69} INFO - [0m14:00:27
[2026-08-09T14:00:27.212+0000] {docker.py:69} INFO - WARNING:google.auth._default:No project ID could be determined. Consider running `gcloud config set project` or setting the GOOGLE_CLOUD_PROJECT environment variable
[2026-08-09T14:00:27.214+0000] {docker.py:69} INFO - WARNING:google.auth._default:No project ID could be determined. Consider running `gcloud config set project` or setting the GOOGLE_CLOUD_PROJECT environment variable
[2026-08-09T14:00:28.285+0000] {docker.py:69} INFO - [0m14:00:28  1 of 9 START sql incremental model silver.stg_customers ........................ [RUN]
[2026-08-09T14:00:28.286+0000] {docker.py:69} INFO - [0m14:00:28  2 of 9 START sql incremental model silver.stg_orders ........................... [RUN]
[2026-08-09T14:00:28.287+0000] {docker.py:69} INFO - [0m14:00:28  3 of 9 START sql incremental model silver.stg_refunds .......................... [RUN]
[2026-08-09T14:00:28.289+0000] {docker.py:69} INFO - [0m14:00:28  4 of 9 START sql table model silver.stg_subscriptions .......................... [RUN]
[2026-08-09T14:00:29.875+0000] {docker.py:69} INFO - [0m14:00:29  4 of 9 OK created sql table model silver.stg_subscriptions ..................... [[32mCREATE TABLE (38.0 rows, 2.9 KiB processed)[0m in 1.58s]
[2026-08-09T14:00:29.879+0000] {docker.py:69} INFO - [0m14:00:29  5 of 9 START sql table model gold.fact_subscription_churn ...................... [RUN]
[2026-08-09T14:00:30.059+0000] {docker.py:69} INFO - [0m14:00:30  3 of 9 OK created sql incremental model silver.stg_refunds ..................... [[32mMERGE (0.0 rows, 46.2 KiB processed)[0m in 1.77s]
[2026-08-09T14:00:30.324+0000] {docker.py:69} INFO - [0m14:00:30  1 of 9 OK created sql incremental model silver.stg_customers ................... [[32mMERGE (40.0 rows, 35.3 KiB processed)[0m in 2.03s]
[2026-08-09T14:00:30.579+0000] {docker.py:69} INFO - [0m14:00:30  2 of 9 OK created sql incremental model silver.stg_orders ...................... [[32mMERGE (60.0 rows, 64.9 KiB processed)[0m in 2.29s]
[2026-08-09T14:00:30.583+0000] {docker.py:69} INFO - [0m14:00:30  6 of 9 START sql table model gold.fact_customer_health ......................... [RUN]
[2026-08-09T14:00:30.584+0000] {docker.py:69} INFO - [0m14:00:30  7 of 9 START sql table model gold.fact_customer_rfm ............................ [RUN]
[2026-08-09T14:00:30.585+0000] {docker.py:69} INFO - [0m14:00:30  8 of 9 START sql table model gold.fact_refund_alerts ........................... [RUN]
[2026-08-09T14:00:31.364+0000] {docker.py:69} INFO - [0m14:00:31  5 of 9 OK created sql table model gold.fact_subscription_churn ................. [[32mCREATE TABLE (35.0 rows, 1.9 KiB processed)[0m in 1.48s]
[2026-08-09T14:00:31.368+0000] {docker.py:69} INFO - [0m14:00:31  9 of 9 START sql table model gold.fact_weekly_revenue .......................... [RUN]
[2026-08-09T14:00:32.104+0000] {docker.py:69} INFO - [0m14:00:32  6 of 9 OK created sql table model gold.fact_customer_health .................... [[32mCREATE TABLE (145.0 rows, 22.6 KiB processed)[0m in 1.52s]
[2026-08-09T14:00:32.580+0000] {docker.py:69} INFO - [0m14:00:32  9 of 9 OK created sql table model gold.fact_weekly_revenue ..................... [[32mCREATE TABLE (6.0 rows, 16.8 KiB processed)[0m in 1.21s]
[2026-08-09T14:00:32.653+0000] {docker.py:69} INFO - [0m14:00:32  7 of 9 OK created sql table model gold.fact_customer_rfm ....................... [[32mCREATE TABLE (145.0 rows, 28.9 KiB processed)[0m in 2.06s]
[2026-08-09T14:00:32.661+0000] {docker.py:69} INFO - [0m14:00:32  8 of 9 OK created sql table model gold.fact_refund_alerts ...................... [[32mCREATE TABLE (13.0 rows, 4.8 KiB processed)[0m in 2.07s]
[2026-08-09T14:00:32.670+0000] {docker.py:69} INFO - [0m14:00:32
[2026-08-09T14:00:32.671+0000] {docker.py:69} INFO - [0m14:00:32  Finished running 3 incremental models, 6 table models in 0 hours 0 minutes and 5.48 seconds (5.48s).
[2026-08-09T14:00:32.798+0000] {docker.py:69} INFO - [0m14:00:32
[2026-08-09T14:00:32.799+0000] {docker.py:69} INFO - [0m14:00:32  [32mCompleted successfully[0m
[2026-08-09T14:00:32.800+0000] {docker.py:69} INFO - [0m14:00:32
[2026-08-09T14:00:32.801+0000] {docker.py:69} INFO - [0m14:00:32  Done. PASS=9 WARN=0 ERROR=0 SKIP=0 NO-OP=0 REUSED=0 TOTAL=9
[2026-08-09T14:00:34.829+0000] {taskinstance.py:341} INFO - ::group::Post task execution logs
[2026-08-09T14:00:34.830+0000] {taskinstance.py:353} INFO - Marking task as SUCCESS. dag_id=brewline_pipeline_bigquery, task_id=dbt_run_bigquery, run_id=backfill__2026-07-17T00:00:00+00:00, execution_date=20260717T000000, start_date=20260809T140013, end_date=20260809T140034
[2026-08-09T14:00:34.865+0000] {logging_mixin.py:190} INFO - Task instance in success state
[2026-08-09T14:00:34.867+0000] {logging_mixin.py:190} INFO -  Previous state of the Task instance: running
[2026-08-09T14:00:34.868+0000] {logging_mixin.py:190} INFO - Dag name:brewline_pipeline_bigquery queued_at:None
[2026-08-09T14:00:34.869+0000] {logging_mixin.py:190} INFO - Task hostname:5224a343584d operator:DockerOperator
[2026-08-09T14:00:34.921+0000] {local_task_job_runner.py:266} INFO - Task exited with return code 0
[2026-08-09T14:00:34.939+0000] {taskinstance.py:3901} INFO - 1 downstream tasks scheduled from follow-on schedule check
[2026-08-09T14:00:34.941+0000] {local_task_job_runner.py:245} INFO - ::endgroup::
