[2026-08-11T05:47:08.019+0000] {local_task_job_runner.py:123} INFO - ::group::Pre task execution logs
[2026-08-11T05:47:08.041+0000] {taskinstance.py:2614} INFO - Dependencies all met for dep_context=non-requeueable deps ti=<TaskInstance: brewline_pipeline_bigquery.dbt_run_bigquery backfill__2026-07-11T00:00:00+00:00 [queued]>
[2026-08-11T05:47:08.053+0000] {taskinstance.py:2614} INFO - Dependencies all met for dep_context=requeueable deps ti=<TaskInstance: brewline_pipeline_bigquery.dbt_run_bigquery backfill__2026-07-11T00:00:00+00:00 [queued]>
[2026-08-11T05:47:08.054+0000] {taskinstance.py:2867} INFO - Starting attempt 2 of 2
[2026-08-11T05:47:08.069+0000] {taskinstance.py:2890} INFO - Executing <Task(DockerOperator): dbt_run_bigquery> on 2026-07-11 00:00:00+00:00
[2026-08-11T05:47:08.079+0000] {warnings.py:112} WARNING - /home/***/.local/lib/python3.12/site-packages/***/task/task_runner/standard_task_runner.py:70: DeprecationWarning: This process (pid=1054) is multi-threaded, use of fork() may lead to deadlocks in the child.
  pid = os.fork()

[2026-08-11T05:47:08.082+0000] {standard_task_runner.py:72} INFO - Started process 1056 to run task
[2026-08-11T05:47:08.082+0000] {standard_task_runner.py:104} INFO - Running: ['***', 'tasks', 'run', 'brewline_pipeline_bigquery', 'dbt_run_bigquery', 'backfill__2026-07-11T00:00:00+00:00', '--job-id', '82', '--pool', 'default_pool', '--raw', '--subdir', 'DAGS_FOLDER/brewline_pipeline_bigquery_dag.py', '--cfg-path', '/tmp/tmp0cl0q6t5']
[2026-08-11T05:47:08.084+0000] {standard_task_runner.py:105} INFO - Job 82: Subtask dbt_run_bigquery
[2026-08-11T05:47:08.139+0000] {task_command.py:467} INFO - Running <TaskInstance: brewline_pipeline_bigquery.dbt_run_bigquery backfill__2026-07-11T00:00:00+00:00 [running]> on host 5224a343584d
[2026-08-11T05:47:08.237+0000] {taskinstance.py:3134} INFO - Exporting env vars: AIRFLOW_CTX_DAG_OWNER='***' AIRFLOW_CTX_DAG_ID='brewline_pipeline_bigquery' AIRFLOW_CTX_TASK_ID='dbt_run_bigquery' AIRFLOW_CTX_EXECUTION_DATE='2026-07-11T00:00:00+00:00' AIRFLOW_CTX_TRY_NUMBER='2' AIRFLOW_CTX_DAG_RUN_ID='backfill__2026-07-11T00:00:00+00:00'
[2026-08-11T05:47:08.239+0000] {logging_mixin.py:190} INFO - Task instance is in running state
[2026-08-11T05:47:08.240+0000] {logging_mixin.py:190} INFO -  Previous state of the Task instance: queued
[2026-08-11T05:47:08.241+0000] {logging_mixin.py:190} INFO - Current task name:dbt_run_bigquery state:running start_date:2026-08-11 05:47:08.042230+00:00
[2026-08-11T05:47:08.242+0000] {logging_mixin.py:190} INFO - Dag name:brewline_pipeline_bigquery and current dag run status:running
[2026-08-11T05:47:08.243+0000] {taskinstance.py:732} INFO - ::endgroup::
[2026-08-11T05:47:08.304+0000] {docker.py:345} INFO - Starting docker container from image brewline-dbt:latest
[2026-08-11T05:47:11.059+0000] {docker.py:69} INFO - [0m05:47:11  Running with dbt=1.12.0
[2026-08-11T05:47:11.745+0000] {docker.py:69} INFO - [0m05:47:11  Installing dbt-labs/dbt_utils
[2026-08-11T05:47:16.522+0000] {docker.py:69} INFO - [0m05:47:16  Installed from version 1.4.1
[2026-08-11T05:47:16.523+0000] {docker.py:69} INFO - [0m05:47:16  Up to date!
[2026-08-11T05:47:19.667+0000] {docker.py:69} INFO - [0m05:47:19  Running with dbt=1.12.0
[2026-08-11T05:47:20.792+0000] {docker.py:69} INFO - [0m05:47:20  Registered adapter: bigquery=1.12.0
[2026-08-11T05:47:21.845+0000] {docker.py:69} INFO - [0m05:47:21  Found 9 models, 52 data tests, 2 seeds, 5 sources, 699 macros
[2026-08-11T05:47:21.850+0000] {docker.py:69} INFO - [0m05:47:21
[2026-08-11T05:47:21.851+0000] {docker.py:69} INFO - [0m05:47:21  Concurrency: 4 threads (target='bigquery')
[2026-08-11T05:47:21.852+0000] {docker.py:69} INFO - [0m05:47:21
[2026-08-11T05:47:21.868+0000] {docker.py:69} INFO - WARNING:google.auth._default:No project ID could be determined. Consider running `gcloud config set project` or setting the GOOGLE_CLOUD_PROJECT environment variable
[2026-08-11T05:47:21.869+0000] {docker.py:69} INFO - WARNING:google.auth._default:No project ID could be determined. Consider running `gcloud config set project` or setting the GOOGLE_CLOUD_PROJECT environment variable
[2026-08-11T05:47:22.869+0000] {docker.py:69} INFO - [0m05:47:22  1 of 9 START sql incremental model silver.stg_customers ........................ [RUN]
[2026-08-11T05:47:22.871+0000] {docker.py:69} INFO - [0m05:47:22  2 of 9 START sql incremental model silver.stg_orders ........................... [RUN]
[2026-08-11T05:47:22.872+0000] {docker.py:69} INFO - [0m05:47:22  3 of 9 START sql incremental model silver.stg_refunds .......................... [RUN]
[2026-08-11T05:47:22.874+0000] {docker.py:69} INFO - [0m05:47:22  4 of 9 START sql table model silver.stg_subscriptions .......................... [RUN]
[2026-08-11T05:47:24.682+0000] {docker.py:69} INFO - [0m05:47:24  1 of 9 OK created sql incremental model silver.stg_customers ................... [[32mMERGE (42.0 rows, 14.0 KiB processed)[0m in 1.80s]
[2026-08-11T05:47:24.712+0000] {docker.py:69} INFO - [0m05:47:24  3 of 9 OK created sql incremental model silver.stg_refunds ..................... [[32mMERGE (1.0 rows, 45.4 KiB processed)[0m in 1.83s]
[2026-08-11T05:47:24.736+0000] {docker.py:69} INFO - [0m05:47:24  4 of 9 OK created sql table model silver.stg_subscriptions ..................... [[32mCREATE TABLE (35.0 rows, 2.6 KiB processed)[0m in 1.86s]
[2026-08-11T05:47:24.740+0000] {docker.py:69} INFO - [0m05:47:24  5 of 9 START sql table model gold.fact_subscription_churn ...................... [RUN]
[2026-08-11T05:47:24.972+0000] {docker.py:69} INFO - [0m05:47:24  2 of 9 OK created sql incremental model silver.stg_orders ...................... [[32mMERGE (51.0 rows, 30.4 KiB processed)[0m in 2.09s]
[2026-08-11T05:47:24.976+0000] {docker.py:69} INFO - [0m05:47:24  6 of 9 START sql table model gold.fact_customer_health ......................... [RUN]
[2026-08-11T05:47:24.978+0000] {docker.py:69} INFO - [0m05:47:24  7 of 9 START sql table model gold.fact_customer_rfm ............................ [RUN]
[2026-08-11T05:47:24.979+0000] {docker.py:69} INFO - [0m05:47:24  8 of 9 START sql table model gold.fact_refund_alerts ........................... [RUN]
[2026-08-11T05:47:26.125+0000] {docker.py:69} INFO - [0m05:47:26  5 of 9 OK created sql table model gold.fact_subscription_churn ................. [[32mCREATE TABLE (35.0 rows, 1.7 KiB processed)[0m in 1.38s]
[2026-08-11T05:47:26.128+0000] {docker.py:69} INFO - [0m05:47:26  9 of 9 START sql table model gold.fact_weekly_revenue .......................... [RUN]
[2026-08-11T05:47:26.551+0000] {docker.py:69} INFO - [0m05:47:26  6 of 9 OK created sql table model gold.fact_customer_health .................... [[32mCREATE TABLE (101.0 rows, 10.1 KiB processed)[0m in 1.57s]
[2026-08-11T05:47:27.087+0000] {docker.py:69} INFO - [0m05:47:27  8 of 9 OK created sql table model gold.fact_refund_alerts ...................... [[32mCREATE TABLE (7.0 rows, 1.8 KiB processed)[0m in 2.10s]
[2026-08-11T05:47:27.123+0000] {docker.py:69} INFO - [0m05:47:27  7 of 9 OK created sql table model gold.fact_customer_rfm ....................... [[32mCREATE TABLE (101.0 rows, 15.2 KiB processed)[0m in 2.14s]
[2026-08-11T05:47:27.389+0000] {docker.py:69} INFO - [0m05:47:27  9 of 9 OK created sql table model gold.fact_weekly_revenue ..................... [[32mCREATE TABLE (3.0 rows, 8.3 KiB processed)[0m in 1.26s]
[2026-08-11T05:47:27.398+0000] {docker.py:69} INFO - [0m05:47:27
[2026-08-11T05:47:27.399+0000] {docker.py:69} INFO - [0m05:47:27  Finished running 3 incremental models, 6 table models in 0 hours 0 minutes and 5.54 seconds (5.54s).
[2026-08-11T05:47:27.522+0000] {docker.py:69} INFO - [0m05:47:27
[2026-08-11T05:47:27.523+0000] {docker.py:69} INFO - [0m05:47:27  [32mCompleted successfully[0m
[2026-08-11T05:47:27.525+0000] {docker.py:69} INFO - [0m05:47:27
[2026-08-11T05:47:27.526+0000] {docker.py:69} INFO - [0m05:47:27  Done. PASS=9 WARN=0 ERROR=0 SKIP=0 NO-OP=0 REUSED=0 TOTAL=9
[2026-08-11T05:47:29.542+0000] {taskinstance.py:341} INFO - ::group::Post task execution logs
[2026-08-11T05:47:29.543+0000] {taskinstance.py:353} INFO - Marking task as SUCCESS. dag_id=brewline_pipeline_bigquery, task_id=dbt_run_bigquery, run_id=backfill__2026-07-11T00:00:00+00:00, execution_date=20260711T000000, start_date=20260811T054708, end_date=20260811T054729
[2026-08-11T05:47:29.582+0000] {logging_mixin.py:190} INFO - Task instance in success state
[2026-08-11T05:47:29.583+0000] {logging_mixin.py:190} INFO -  Previous state of the Task instance: running
[2026-08-11T05:47:29.584+0000] {logging_mixin.py:190} INFO - Dag name:brewline_pipeline_bigquery queued_at:2026-08-11 05:31:04.356048+00:00
[2026-08-11T05:47:29.585+0000] {logging_mixin.py:190} INFO - Task hostname:5224a343584d operator:DockerOperator
[2026-08-11T05:47:29.615+0000] {local_task_job_runner.py:266} INFO - Task exited with return code 0
[2026-08-11T05:47:29.637+0000] {taskinstance.py:3901} INFO - 1 downstream tasks scheduled from follow-on schedule check
[2026-08-11T05:47:29.640+0000] {local_task_job_runner.py:245} INFO - ::endgroup::
