[2026-08-09T13:49:53.863+0000] {local_task_job_runner.py:123} INFO - ::group::Pre task execution logs
[2026-08-09T13:49:53.889+0000] {taskinstance.py:2614} INFO - Dependencies all met for dep_context=non-requeueable deps ti=<TaskInstance: brewline_pipeline_bigquery.dbt_run_bigquery backfill__2026-07-11T00:00:00+00:00 [queued]>
[2026-08-09T13:49:53.903+0000] {taskinstance.py:2614} INFO - Dependencies all met for dep_context=requeueable deps ti=<TaskInstance: brewline_pipeline_bigquery.dbt_run_bigquery backfill__2026-07-11T00:00:00+00:00 [queued]>
[2026-08-09T13:49:53.904+0000] {taskinstance.py:2867} INFO - Starting attempt 1 of 1
[2026-08-09T13:49:53.919+0000] {taskinstance.py:2890} INFO - Executing <Task(DockerOperator): dbt_run_bigquery> on 2026-07-11 00:00:00+00:00
[2026-08-09T13:49:53.928+0000] {warnings.py:112} WARNING - /home/***/.local/lib/python3.12/site-packages/***/task/task_runner/standard_task_runner.py:70: DeprecationWarning: This process (pid=114) is multi-threaded, use of fork() may lead to deadlocks in the child.
  pid = os.fork()

[2026-08-09T13:49:53.930+0000] {standard_task_runner.py:72} INFO - Started process 116 to run task
[2026-08-09T13:49:53.930+0000] {standard_task_runner.py:104} INFO - Running: ['***', 'tasks', 'run', 'brewline_pipeline_bigquery', 'dbt_run_bigquery', 'backfill__2026-07-11T00:00:00+00:00', '--job-id', '8', '--pool', 'default_pool', '--raw', '--subdir', 'DAGS_FOLDER/brewline_pipeline_bigquery_dag.py', '--cfg-path', '/tmp/tmp40p0c2_w']
[2026-08-09T13:49:53.931+0000] {standard_task_runner.py:105} INFO - Job 8: Subtask dbt_run_bigquery
[2026-08-09T13:49:53.982+0000] {task_command.py:467} INFO - Running <TaskInstance: brewline_pipeline_bigquery.dbt_run_bigquery backfill__2026-07-11T00:00:00+00:00 [running]> on host 5224a343584d
[2026-08-09T13:49:54.074+0000] {taskinstance.py:3134} INFO - Exporting env vars: AIRFLOW_CTX_DAG_OWNER='***' AIRFLOW_CTX_DAG_ID='brewline_pipeline_bigquery' AIRFLOW_CTX_TASK_ID='dbt_run_bigquery' AIRFLOW_CTX_EXECUTION_DATE='2026-07-11T00:00:00+00:00' AIRFLOW_CTX_TRY_NUMBER='1' AIRFLOW_CTX_DAG_RUN_ID='backfill__2026-07-11T00:00:00+00:00'
[2026-08-09T13:49:54.077+0000] {logging_mixin.py:190} INFO - Task instance is in running state
[2026-08-09T13:49:54.078+0000] {logging_mixin.py:190} INFO -  Previous state of the Task instance: queued
[2026-08-09T13:49:54.079+0000] {logging_mixin.py:190} INFO - Current task name:dbt_run_bigquery state:running start_date:2026-08-09 13:49:53.890260+00:00
[2026-08-09T13:49:54.079+0000] {logging_mixin.py:190} INFO - Dag name:brewline_pipeline_bigquery and current dag run status:running
[2026-08-09T13:49:54.080+0000] {taskinstance.py:732} INFO - ::endgroup::
[2026-08-09T13:49:54.133+0000] {docker.py:345} INFO - Starting docker container from image brewline-dbt:latest
[2026-08-09T13:49:56.227+0000] {docker.py:69} INFO - [0m13:49:56  Running with dbt=1.12.0
[2026-08-09T13:49:56.702+0000] {docker.py:69} INFO - [0m13:49:56  Installing dbt-labs/dbt_utils
[2026-08-09T13:50:01.481+0000] {docker.py:69} INFO - [0m13:50:01  Installed from version 1.4.1
[2026-08-09T13:50:01.482+0000] {docker.py:69} INFO - [0m13:50:01  Up to date!
[2026-08-09T13:50:04.585+0000] {docker.py:69} INFO - [0m13:50:04  Running with dbt=1.12.0
[2026-08-09T13:50:05.873+0000] {docker.py:69} INFO - [0m13:50:05  Registered adapter: bigquery=1.12.0
[2026-08-09T13:50:06.906+0000] {docker.py:69} INFO - [0m13:50:06  Found 9 models, 52 data tests, 2 seeds, 5 sources, 699 macros
[2026-08-09T13:50:06.913+0000] {docker.py:69} INFO - [0m13:50:06
[2026-08-09T13:50:06.914+0000] {docker.py:69} INFO - [0m13:50:06  Concurrency: 4 threads (target='bigquery')
[2026-08-09T13:50:06.915+0000] {docker.py:69} INFO - [0m13:50:06
[2026-08-09T13:50:06.929+0000] {docker.py:69} INFO - WARNING:google.auth._default:No project ID could be determined. Consider running `gcloud config set project` or setting the GOOGLE_CLOUD_PROJECT environment variable
[2026-08-09T13:50:06.930+0000] {docker.py:69} INFO - WARNING:google.auth._default:No project ID could be determined. Consider running `gcloud config set project` or setting the GOOGLE_CLOUD_PROJECT environment variable
[2026-08-09T13:50:07.874+0000] {docker.py:69} INFO - [0m13:50:07  1 of 9 START sql incremental model silver.stg_customers ........................ [RUN]
[2026-08-09T13:50:07.876+0000] {docker.py:69} INFO - [0m13:50:07  2 of 9 START sql incremental model silver.stg_orders ........................... [RUN]
[2026-08-09T13:50:07.877+0000] {docker.py:69} INFO - [0m13:50:07  3 of 9 START sql incremental model silver.stg_refunds .......................... [RUN]
[2026-08-09T13:50:07.879+0000] {docker.py:69} INFO - [0m13:50:07  4 of 9 START sql table model silver.stg_subscriptions .......................... [RUN]
[2026-08-09T13:50:09.700+0000] {docker.py:69} INFO - [0m13:50:09  1 of 9 OK created sql incremental model silver.stg_customers ................... [[32mMERGE (42.0 rows, 14.0 KiB processed)[0m in 1.82s]
[2026-08-09T13:50:09.736+0000] {docker.py:69} INFO - [0m13:50:09  3 of 9 OK created sql incremental model silver.stg_refunds ..................... [[32mMERGE (1.0 rows, 18.6 KiB processed)[0m in 1.85s]
[2026-08-09T13:50:09.778+0000] {docker.py:69} INFO - [0m13:50:09  4 of 9 OK created sql table model silver.stg_subscriptions ..................... [[32mCREATE TABLE (35.0 rows, 2.6 KiB processed)[0m in 1.89s]
[2026-08-09T13:50:09.783+0000] {docker.py:69} INFO - [0m13:50:09  5 of 9 START sql table model gold.fact_subscription_churn ...................... [RUN]
[2026-08-09T13:50:09.904+0000] {docker.py:69} INFO - [0m13:50:09  2 of 9 OK created sql incremental model silver.stg_orders ...................... [[32mMERGE (51.0 rows, 25.3 KiB processed)[0m in 2.02s]
[2026-08-09T13:50:09.910+0000] {docker.py:69} INFO - [0m13:50:09  6 of 9 START sql table model gold.fact_customer_health ......................... [RUN]
[2026-08-09T13:50:09.912+0000] {docker.py:69} INFO - [0m13:50:09  7 of 9 START sql table model gold.fact_customer_rfm ............................ [RUN]
[2026-08-09T13:50:09.914+0000] {docker.py:69} INFO - [0m13:50:09  8 of 9 START sql table model gold.fact_refund_alerts ........................... [RUN]
[2026-08-09T13:50:11.318+0000] {docker.py:69} INFO - [0m13:50:11  5 of 9 OK created sql table model gold.fact_subscription_churn ................. [[32mCREATE TABLE (35.0 rows, 1.7 KiB processed)[0m in 1.53s]
[2026-08-09T13:50:11.321+0000] {docker.py:69} INFO - [0m13:50:11  9 of 9 START sql table model gold.fact_weekly_revenue .......................... [RUN]
[2026-08-09T13:50:11.470+0000] {docker.py:69} INFO - [0m13:50:11  6 of 9 OK created sql table model gold.fact_customer_health .................... [[32mCREATE TABLE (101.0 rows, 10.1 KiB processed)[0m in 1.55s]
[2026-08-09T13:50:12.004+0000] {docker.py:69} INFO - [0m13:50:12  7 of 9 OK created sql table model gold.fact_customer_rfm ....................... [[32mCREATE TABLE (101.0 rows, 13.4 KiB processed)[0m in 2.09s]
[2026-08-09T13:50:12.018+0000] {docker.py:69} INFO - [0m13:50:12  8 of 9 OK created sql table model gold.fact_refund_alerts ...................... [[32mCREATE TABLE (7.0 rows, 1.8 KiB processed)[0m in 2.10s]
[2026-08-09T13:50:12.547+0000] {docker.py:69} INFO - [0m13:50:12  9 of 9 OK created sql table model gold.fact_weekly_revenue ..................... [[32mCREATE TABLE (3.0 rows, 6.5 KiB processed)[0m in 1.22s]
[2026-08-09T13:50:12.557+0000] {docker.py:69} INFO - [0m13:50:12
[2026-08-09T13:50:12.558+0000] {docker.py:69} INFO - [0m13:50:12  Finished running 3 incremental models, 6 table models in 0 hours 0 minutes and 5.64 seconds (5.64s).
[2026-08-09T13:50:12.693+0000] {docker.py:69} INFO - [0m13:50:12
[2026-08-09T13:50:12.695+0000] {docker.py:69} INFO - [0m13:50:12  [32mCompleted successfully[0m
[2026-08-09T13:50:12.696+0000] {docker.py:69} INFO - [0m13:50:12
[2026-08-09T13:50:12.698+0000] {docker.py:69} INFO - [0m13:50:12  Done. PASS=9 WARN=0 ERROR=0 SKIP=0 NO-OP=0 REUSED=0 TOTAL=9
[2026-08-09T13:50:14.904+0000] {taskinstance.py:341} INFO - ::group::Post task execution logs
[2026-08-09T13:50:14.905+0000] {taskinstance.py:353} INFO - Marking task as SUCCESS. dag_id=brewline_pipeline_bigquery, task_id=dbt_run_bigquery, run_id=backfill__2026-07-11T00:00:00+00:00, execution_date=20260711T000000, start_date=20260809T134953, end_date=20260809T135014
[2026-08-09T13:50:14.958+0000] {logging_mixin.py:190} INFO - Task instance in success state
[2026-08-09T13:50:14.962+0000] {logging_mixin.py:190} INFO -  Previous state of the Task instance: running
[2026-08-09T13:50:14.967+0000] {logging_mixin.py:190} INFO - Dag name:brewline_pipeline_bigquery queued_at:None
[2026-08-09T13:50:14.968+0000] {logging_mixin.py:190} INFO - Task hostname:5224a343584d operator:DockerOperator
[2026-08-09T13:50:14.995+0000] {local_task_job_runner.py:266} INFO - Task exited with return code 0
[2026-08-09T13:50:15.037+0000] {taskinstance.py:3901} INFO - 1 downstream tasks scheduled from follow-on schedule check
[2026-08-09T13:50:15.040+0000] {local_task_job_runner.py:245} INFO - ::endgroup::
