[2026-08-11T06:27:08.748+0000] {local_task_job_runner.py:123} INFO - ::group::Pre task execution logs
[2026-08-11T06:27:08.765+0000] {taskinstance.py:2614} INFO - Dependencies all met for dep_context=non-requeueable deps ti=<TaskInstance: brewline_pipeline_bigquery.bronze_ingest_bigquery backfill__2026-08-09T00:00:00+00:00 [queued]>
[2026-08-11T06:27:08.773+0000] {taskinstance.py:2614} INFO - Dependencies all met for dep_context=requeueable deps ti=<TaskInstance: brewline_pipeline_bigquery.bronze_ingest_bigquery backfill__2026-08-09T00:00:00+00:00 [queued]>
[2026-08-11T06:27:08.774+0000] {taskinstance.py:2867} INFO - Starting attempt 1 of 1
[2026-08-11T06:27:08.789+0000] {taskinstance.py:2890} INFO - Executing <Task(DockerOperator): bronze_ingest_bigquery> on 2026-08-09 00:00:00+00:00
[2026-08-11T06:27:08.799+0000] {warnings.py:112} WARNING - /home/***/.local/lib/python3.12/site-packages/***/task/task_runner/standard_task_runner.py:70: DeprecationWarning: This process (pid=1903) is multi-threaded, use of fork() may lead to deadlocks in the child.
  pid = os.fork()

[2026-08-11T06:27:08.801+0000] {standard_task_runner.py:104} INFO - Running: ['***', 'tasks', 'run', 'brewline_pipeline_bigquery', 'bronze_ingest_bigquery', 'backfill__2026-08-09T00:00:00+00:00', '--job-id', '168', '--pool', 'default_pool', '--raw', '--subdir', 'DAGS_FOLDER/brewline_pipeline_bigquery_dag.py', '--cfg-path', '/tmp/tmpqgockh_8']
[2026-08-11T06:27:08.802+0000] {standard_task_runner.py:72} INFO - Started process 1905 to run task
[2026-08-11T06:27:08.803+0000] {standard_task_runner.py:105} INFO - Job 168: Subtask bronze_ingest_bigquery
[2026-08-11T06:27:08.871+0000] {task_command.py:467} INFO - Running <TaskInstance: brewline_pipeline_bigquery.bronze_ingest_bigquery backfill__2026-08-09T00:00:00+00:00 [running]> on host 5224a343584d
[2026-08-11T06:27:08.978+0000] {taskinstance.py:3134} INFO - Exporting env vars: AIRFLOW_CTX_DAG_OWNER='***' AIRFLOW_CTX_DAG_ID='brewline_pipeline_bigquery' AIRFLOW_CTX_TASK_ID='bronze_ingest_bigquery' AIRFLOW_CTX_EXECUTION_DATE='2026-08-09T00:00:00+00:00' AIRFLOW_CTX_TRY_NUMBER='1' AIRFLOW_CTX_DAG_RUN_ID='backfill__2026-08-09T00:00:00+00:00'
[2026-08-11T06:27:08.980+0000] {logging_mixin.py:190} INFO - Task instance is in running state
[2026-08-11T06:27:08.981+0000] {logging_mixin.py:190} INFO -  Previous state of the Task instance: queued
[2026-08-11T06:27:08.982+0000] {logging_mixin.py:190} INFO - Current task name:bronze_ingest_bigquery state:running start_date:2026-08-11 06:27:08.765940+00:00
[2026-08-11T06:27:08.983+0000] {logging_mixin.py:190} INFO - Dag name:brewline_pipeline_bigquery and current dag run status:running
[2026-08-11T06:27:08.984+0000] {taskinstance.py:732} INFO - ::endgroup::
[2026-08-11T06:27:09.042+0000] {docker.py:345} INFO - Starting docker container from image brewline-bronze:latest
[2026-08-11T06:27:16.770+0000] {docker.py:69} INFO - 2026-08-11 06:27:16,768 [INFO] bronze_bigquery: bronze.shopify_orders: 46 rows this run (partition 2026-08-09) -> gs://brewline-data-lake/bronze/source_name=shopify_orders/year=2026/month=08/day=09/part-0000.parquet, 1352 total in BigQuery
[2026-08-11T06:27:20.774+0000] {docker.py:69} INFO - 2026-08-11 06:27:20,773 [INFO] bronze_bigquery: bronze.square_transactions: 46 rows this run (partition 2026-08-09) -> gs://brewline-data-lake/bronze/source_name=square_transactions/year=2026/month=08/day=09/part-0000.parquet, 1310 total in BigQuery
[2026-08-11T06:27:22.896+0000] {docker.py:69} INFO - 2026-08-11 06:27:22,895 [INFO] bronze_bigquery: bronze.recharge_subscriptions: 38 rows this run (full snapshot replace) -> gs://brewline-data-lake/bronze/source_name=recharge_subscriptions/year=2026/month=08/day=09/part-0000.parquet, 38 total in BigQuery
[2026-08-11T06:27:22.919+0000] {docker.py:69} INFO - 2026-08-11 06:27:22,918 [INFO] bronze_bigquery: no raw file for 'zendesk_tickets' on 2026-08-09 -- treating as zero rows (not required daily)
[2026-08-11T06:27:22.920+0000] {docker.py:69} INFO - 2026-08-11 06:27:22,918 [INFO] bronze_bigquery: bronze.zendesk_tickets: skipped, no data for 2026-08-09
[2026-08-11T06:27:27.811+0000] {docker.py:69} INFO - 2026-08-11 06:27:27,810 [INFO] bronze_bigquery: bronze.shipstation_shipments: 30 rows this run (partition 2026-08-09) -> gs://brewline-data-lake/bronze/source_name=shipstation_shipments/year=2026/month=08/day=09/part-0000.parquet, 1093 total in BigQuery
[2026-08-11T06:27:28.226+0000] {taskinstance.py:341} INFO - ::group::Post task execution logs
[2026-08-11T06:27:28.228+0000] {taskinstance.py:353} INFO - Marking task as SUCCESS. dag_id=brewline_pipeline_bigquery, task_id=bronze_ingest_bigquery, run_id=backfill__2026-08-09T00:00:00+00:00, execution_date=20260809T000000, start_date=20260811T062708, end_date=20260811T062728
[2026-08-11T06:27:28.272+0000] {logging_mixin.py:190} INFO - Task instance in success state
[2026-08-11T06:27:28.274+0000] {logging_mixin.py:190} INFO -  Previous state of the Task instance: running
[2026-08-11T06:27:28.275+0000] {logging_mixin.py:190} INFO - Dag name:brewline_pipeline_bigquery queued_at:None
[2026-08-11T06:27:28.277+0000] {logging_mixin.py:190} INFO - Task hostname:5224a343584d operator:DockerOperator
[2026-08-11T06:27:28.302+0000] {local_task_job_runner.py:266} INFO - Task exited with return code 0
[2026-08-11T06:27:28.337+0000] {taskinstance.py:3901} INFO - 1 downstream tasks scheduled from follow-on schedule check
[2026-08-11T06:27:28.339+0000] {local_task_job_runner.py:245} INFO - ::endgroup::
