[2026-08-11T07:23:15.464+0000] {local_task_job_runner.py:123} INFO - ::group::Pre task execution logs
[2026-08-11T07:23:15.494+0000] {taskinstance.py:2614} INFO - Dependencies all met for dep_context=non-requeueable deps ti=<TaskInstance: brewline_pipeline.dbt_seed scheduled__2026-08-10T00:00:00+00:00 [queued]>
[2026-08-11T07:23:15.508+0000] {taskinstance.py:2614} INFO - Dependencies all met for dep_context=requeueable deps ti=<TaskInstance: brewline_pipeline.dbt_seed scheduled__2026-08-10T00:00:00+00:00 [queued]>
[2026-08-11T07:23:15.509+0000] {taskinstance.py:2867} INFO - Starting attempt 1 of 1
[2026-08-11T07:23:15.529+0000] {taskinstance.py:2890} INFO - Executing <Task(DockerOperator): dbt_seed> on 2026-08-10 00:00:00+00:00
[2026-08-11T07:23:15.542+0000] {warnings.py:112} WARNING - /home/***/.local/lib/python3.12/site-packages/***/task/task_runner/standard_task_runner.py:70: DeprecationWarning: This process (pid=2664) is multi-threaded, use of fork() may lead to deadlocks in the child.
  pid = os.fork()

[2026-08-11T07:23:15.546+0000] {standard_task_runner.py:72} INFO - Started process 2666 to run task
[2026-08-11T07:23:15.546+0000] {standard_task_runner.py:104} INFO - Running: ['***', 'tasks', 'run', 'brewline_pipeline', 'dbt_seed', 'scheduled__2026-08-10T00:00:00+00:00', '--job-id', '179', '--raw', '--subdir', 'DAGS_FOLDER/brewline_pipeline_dag.py', '--cfg-path', '/tmp/tmp_fw9nx57']
[2026-08-11T07:23:15.548+0000] {standard_task_runner.py:105} INFO - Job 179: Subtask dbt_seed
[2026-08-11T07:23:15.635+0000] {task_command.py:467} INFO - Running <TaskInstance: brewline_pipeline.dbt_seed scheduled__2026-08-10T00:00:00+00:00 [running]> on host 5224a343584d
[2026-08-11T07:23:15.769+0000] {taskinstance.py:3134} INFO - Exporting env vars: AIRFLOW_CTX_DAG_OWNER='***' AIRFLOW_CTX_DAG_ID='brewline_pipeline' AIRFLOW_CTX_TASK_ID='dbt_seed' AIRFLOW_CTX_EXECUTION_DATE='2026-08-10T00:00:00+00:00' AIRFLOW_CTX_TRY_NUMBER='1' AIRFLOW_CTX_DAG_RUN_ID='scheduled__2026-08-10T00:00:00+00:00'
[2026-08-11T07:23:15.772+0000] {logging_mixin.py:190} INFO - Task instance is in running state
[2026-08-11T07:23:15.774+0000] {logging_mixin.py:190} INFO -  Previous state of the Task instance: queued
[2026-08-11T07:23:15.775+0000] {logging_mixin.py:190} INFO - Current task name:dbt_seed state:running start_date:2026-08-11 07:23:15.495622+00:00
[2026-08-11T07:23:15.776+0000] {logging_mixin.py:190} INFO - Dag name:brewline_pipeline and current dag run status:running
[2026-08-11T07:23:15.777+0000] {taskinstance.py:732} INFO - ::endgroup::
[2026-08-11T07:23:15.867+0000] {docker.py:345} INFO - Starting docker container from image brewline-dbt:latest
[2026-08-11T07:23:19.936+0000] {docker.py:69} INFO - [0m07:23:19  Running with dbt=1.12.0
[2026-08-11T07:23:20.617+0000] {docker.py:69} INFO - [0m07:23:20  Registered adapter: duckdb=1.10.1
[2026-08-11T07:23:20.929+0000] {docker.py:69} INFO - [0m07:23:20  Unable to do partial parsing because profile has changed
[2026-08-11T07:23:24.490+0000] {docker.py:69} INFO - [0m07:23:24  [[33mWARNING[0m][MissingArgumentsPropertyInGenericTestDeprecation]: Deprecated
[2026-08-11T07:23:24.491+0000] {docker.py:69} INFO - functionality
[2026-08-11T07:23:24.492+0000] {docker.py:69} INFO - Found top-level arguments to test `accepted_values` defined on
[2026-08-11T07:23:24.493+0000] {docker.py:69} INFO - 'fact_customer_health' in package 'brewline_dbt'
[2026-08-11T07:23:24.493+0000] {docker.py:69} INFO - (models/marts/fact_customer_health.yml). Arguments to generic tests should be
[2026-08-11T07:23:24.494+0000] {docker.py:69} INFO - nested under the `arguments` property.
[2026-08-11T07:23:25.611+0000] {docker.py:69} INFO - [0m07:23:25  Found 9 models, 52 data tests, 2 seeds, 5 sources, 624 macros
[2026-08-11T07:23:25.619+0000] {docker.py:69} INFO - [0m07:23:25
[2026-08-11T07:23:25.621+0000] {docker.py:69} INFO - [0m07:23:25  Concurrency: 1 threads (target='dev')
[2026-08-11T07:23:25.623+0000] {docker.py:69} INFO - [0m07:23:25
[2026-08-11T07:23:25.852+0000] {docker.py:69} INFO - [0m07:23:25  1 of 2 START seed file silver.exchange_rates ................................... [RUN]
[2026-08-11T07:23:25.988+0000] {docker.py:69} INFO - [0m07:23:25  1 of 2 OK loaded seed file silver.exchange_rates ............................... [[32mINSERT 140[0m in 0.13s]
[2026-08-11T07:23:25.993+0000] {docker.py:69} INFO - [0m07:23:25  2 of 2 START seed file silver.store_timezones .................................. [RUN]
[2026-08-11T07:23:26.055+0000] {docker.py:69} INFO - [0m07:23:26  2 of 2 OK loaded seed file silver.store_timezones .............................. [[32mINSERT 3[0m in 0.06s]
[2026-08-11T07:23:26.073+0000] {docker.py:69} INFO - [0m07:23:26
[2026-08-11T07:23:26.074+0000] {docker.py:69} INFO - [0m07:23:26  Finished running 2 seeds in 0 hours 0 minutes and 0.45 seconds (0.45s).
[2026-08-11T07:23:26.226+0000] {docker.py:69} INFO - [0m07:23:26
[2026-08-11T07:23:26.227+0000] {docker.py:69} INFO - [0m07:23:26  [32mCompleted successfully[0m
[2026-08-11T07:23:26.228+0000] {docker.py:69} INFO - [0m07:23:26
[2026-08-11T07:23:26.229+0000] {docker.py:69} INFO - [0m07:23:26  Done. PASS=2 WARN=0 ERROR=0 SKIP=0 NO-OP=0 REUSED=0 TOTAL=2
[2026-08-11T07:23:26.231+0000] {docker.py:69} INFO - [0m07:23:26  [[33mWARNING[0m][DeprecationsSummary]: Deprecated functionality
[2026-08-11T07:23:26.232+0000] {docker.py:69} INFO - Summary of encountered deprecations:
[2026-08-11T07:23:26.233+0000] {docker.py:69} INFO - - MissingArgumentsPropertyInGenericTestDeprecation: 13 occurrences
[2026-08-11T07:23:26.234+0000] {docker.py:69} INFO - To see all deprecation instances instead of just the first occurrence of each,
[2026-08-11T07:23:26.235+0000] {docker.py:69} INFO - run command again with the `--show-all-deprecations` flag. You may also need to
[2026-08-11T07:23:26.237+0000] {docker.py:69} INFO - run with `--no-partial-parse` as some deprecations are only encountered during
[2026-08-11T07:23:26.238+0000] {docker.py:69} INFO - parsing.
[2026-08-11T07:23:28.107+0000] {taskinstance.py:341} INFO - ::group::Post task execution logs
[2026-08-11T07:23:28.108+0000] {taskinstance.py:353} INFO - Marking task as SUCCESS. dag_id=brewline_pipeline, task_id=dbt_seed, run_id=scheduled__2026-08-10T00:00:00+00:00, execution_date=20260810T000000, start_date=20260811T072315, end_date=20260811T072328
[2026-08-11T07:23:28.161+0000] {logging_mixin.py:190} INFO - Task instance in success state
[2026-08-11T07:23:28.167+0000] {logging_mixin.py:190} INFO -  Previous state of the Task instance: running
[2026-08-11T07:23:28.170+0000] {logging_mixin.py:190} INFO - Dag name:brewline_pipeline queued_at:2026-08-11 07:23:04.047712+00:00
[2026-08-11T07:23:28.171+0000] {logging_mixin.py:190} INFO - Task hostname:5224a343584d operator:DockerOperator
[2026-08-11T07:23:28.205+0000] {local_task_job_runner.py:266} INFO - Task exited with return code 0
[2026-08-11T07:23:28.246+0000] {taskinstance.py:3901} INFO - 1 downstream tasks scheduled from follow-on schedule check
[2026-08-11T07:23:28.249+0000] {local_task_job_runner.py:245} INFO - ::endgroup::
