[2026-08-09T14:02:41.017+0000] {local_task_job_runner.py:123} INFO - ::group::Pre task execution logs
[2026-08-09T14:02:41.037+0000] {taskinstance.py:2614} INFO - Dependencies all met for dep_context=non-requeueable deps ti=<TaskInstance: brewline_pipeline_bigquery.dbt_run_bigquery backfill__2026-07-19T00:00:00+00:00 [queued]>
[2026-08-09T14:02:41.047+0000] {taskinstance.py:2614} INFO - Dependencies all met for dep_context=requeueable deps ti=<TaskInstance: brewline_pipeline_bigquery.dbt_run_bigquery backfill__2026-07-19T00:00:00+00:00 [queued]>
[2026-08-09T14:02:41.048+0000] {taskinstance.py:2867} INFO - Starting attempt 1 of 1
[2026-08-09T14:02:41.062+0000] {taskinstance.py:2890} INFO - Executing <Task(DockerOperator): dbt_run_bigquery> on 2026-07-19 00:00:00+00:00
[2026-08-09T14:02:41.072+0000] {warnings.py:112} WARNING - /home/***/.local/lib/python3.12/site-packages/***/task/task_runner/standard_task_runner.py:70: DeprecationWarning: This process (pid=373) is multi-threaded, use of fork() may lead to deadlocks in the child.
  pid = os.fork()

[2026-08-09T14:02:41.075+0000] {standard_task_runner.py:72} INFO - Started process 375 to run task
[2026-08-09T14:02:41.075+0000] {standard_task_runner.py:104} INFO - Running: ['***', 'tasks', 'run', 'brewline_pipeline_bigquery', 'dbt_run_bigquery', 'backfill__2026-07-19T00:00:00+00:00', '--job-id', '33', '--pool', 'default_pool', '--raw', '--subdir', 'DAGS_FOLDER/brewline_pipeline_bigquery_dag.py', '--cfg-path', '/tmp/tmpq8mrj1zi']
[2026-08-09T14:02:41.077+0000] {standard_task_runner.py:105} INFO - Job 33: Subtask dbt_run_bigquery
[2026-08-09T14:02:41.132+0000] {task_command.py:467} INFO - Running <TaskInstance: brewline_pipeline_bigquery.dbt_run_bigquery backfill__2026-07-19T00:00:00+00:00 [running]> on host 5224a343584d
[2026-08-09T14:02:41.216+0000] {taskinstance.py:3134} INFO - Exporting env vars: AIRFLOW_CTX_DAG_OWNER='***' AIRFLOW_CTX_DAG_ID='brewline_pipeline_bigquery' AIRFLOW_CTX_TASK_ID='dbt_run_bigquery' AIRFLOW_CTX_EXECUTION_DATE='2026-07-19T00:00:00+00:00' AIRFLOW_CTX_TRY_NUMBER='1' AIRFLOW_CTX_DAG_RUN_ID='backfill__2026-07-19T00:00:00+00:00'
[2026-08-09T14:02:41.218+0000] {logging_mixin.py:190} INFO - Task instance is in running state
[2026-08-09T14:02:41.219+0000] {logging_mixin.py:190} INFO -  Previous state of the Task instance: queued
[2026-08-09T14:02:41.219+0000] {logging_mixin.py:190} INFO - Current task name:dbt_run_bigquery state:running start_date:2026-08-09 14:02:41.038364+00:00
[2026-08-09T14:02:41.220+0000] {logging_mixin.py:190} INFO - Dag name:brewline_pipeline_bigquery and current dag run status:running
[2026-08-09T14:02:41.221+0000] {taskinstance.py:732} INFO - ::endgroup::
[2026-08-09T14:02:41.273+0000] {docker.py:345} INFO - Starting docker container from image brewline-dbt:latest
[2026-08-09T14:02:43.295+0000] {docker.py:69} INFO - [0m14:02:43  Running with dbt=1.12.0
[2026-08-09T14:02:43.746+0000] {docker.py:69} INFO - [0m14:02:43  Installing dbt-labs/dbt_utils
[2026-08-09T14:02:53.851+0000] {docker.py:69} INFO - [0m14:02:53  Installed from version 1.4.1
[2026-08-09T14:02:53.852+0000] {docker.py:69} INFO - [0m14:02:53  Up to date!
[2026-08-09T14:02:56.933+0000] {docker.py:69} INFO - [0m14:02:56  Running with dbt=1.12.0
[2026-08-09T14:02:58.117+0000] {docker.py:69} INFO - [0m14:02:58  Registered adapter: bigquery=1.12.0
[2026-08-09T14:02:59.253+0000] {docker.py:69} INFO - [0m14:02:59  Found 9 models, 52 data tests, 2 seeds, 5 sources, 699 macros
[2026-08-09T14:02:59.259+0000] {docker.py:69} INFO - [0m14:02:59
[2026-08-09T14:02:59.260+0000] {docker.py:69} INFO - [0m14:02:59  Concurrency: 4 threads (target='bigquery')
[2026-08-09T14:02:59.262+0000] {docker.py:69} INFO - [0m14:02:59
[2026-08-09T14:02:59.278+0000] {docker.py:69} INFO - WARNING:google.auth._default:No project ID could be determined. Consider running `gcloud config set project` or setting the GOOGLE_CLOUD_PROJECT environment variable
[2026-08-09T14:02:59.279+0000] {docker.py:69} INFO - WARNING:google.auth._default:No project ID could be determined. Consider running `gcloud config set project` or setting the GOOGLE_CLOUD_PROJECT environment variable
[2026-08-09T14:03:00.219+0000] {docker.py:69} INFO - [0m14:03:00  1 of 9 START sql incremental model silver.stg_customers ........................ [RUN]
[2026-08-09T14:03:00.221+0000] {docker.py:69} INFO - [0m14:03:00  2 of 9 START sql incremental model silver.stg_orders ........................... [RUN]
[2026-08-09T14:03:00.223+0000] {docker.py:69} INFO - [0m14:03:00  3 of 9 START sql incremental model silver.stg_refunds .......................... [RUN]
[2026-08-09T14:03:00.225+0000] {docker.py:69} INFO - [0m14:03:00  4 of 9 START sql table model silver.stg_subscriptions .......................... [RUN]
[2026-08-09T14:03:02.352+0000] {docker.py:69} INFO - [0m14:03:02  3 of 9 OK created sql incremental model silver.stg_refunds ..................... [[32mMERGE (3.0 rows, 54.7 KiB processed)[0m in 2.12s]
[2026-08-09T14:03:02.398+0000] {docker.py:69} INFO - [0m14:03:02  4 of 9 OK created sql table model silver.stg_subscriptions ..................... [[32mCREATE TABLE (38.0 rows, 2.9 KiB processed)[0m in 2.16s]
[2026-08-09T14:03:02.404+0000] {docker.py:69} INFO - [0m14:03:02  5 of 9 START sql table model gold.fact_subscription_churn ...................... [RUN]
[2026-08-09T14:03:03.675+0000] {docker.py:69} INFO - [0m14:03:03  5 of 9 OK created sql table model gold.fact_subscription_churn ................. [[32mCREATE TABLE (35.0 rows, 1.9 KiB processed)[0m in 1.27s]
[2026-08-09T14:03:03.750+0000] {docker.py:69} INFO - [0m14:03:03  1 of 9 OK created sql incremental model silver.stg_customers ................... [[32mMERGE (45.0 rows, 42.0 KiB processed)[0m in 3.52s]
[2026-08-09T14:03:04.686+0000] {docker.py:69} INFO - [0m14:03:04  2 of 9 OK created sql incremental model silver.stg_orders ...................... [[32mMERGE (58.0 rows, 78.2 KiB processed)[0m in 4.46s]
[2026-08-09T14:03:04.691+0000] {docker.py:69} INFO - [0m14:03:04  6 of 9 START sql table model gold.fact_customer_health ......................... [RUN]
[2026-08-09T14:03:04.692+0000] {docker.py:69} INFO - [0m14:03:04  7 of 9 START sql table model gold.fact_customer_rfm ............................ [RUN]
[2026-08-09T14:03:04.693+0000] {docker.py:69} INFO - [0m14:03:04  8 of 9 START sql table model gold.fact_refund_alerts ........................... [RUN]
[2026-08-09T14:03:04.695+0000] {docker.py:69} INFO - [0m14:03:04  9 of 9 START sql table model gold.fact_weekly_revenue .......................... [RUN]
[2026-08-09T14:03:06.222+0000] {docker.py:69} INFO - [0m14:03:06  6 of 9 OK created sql table model gold.fact_customer_health .................... [[32mCREATE TABLE (151.0 rows, 26.3 KiB processed)[0m in 1.52s]
[2026-08-09T14:03:06.241+0000] {docker.py:69} INFO - [0m14:03:06  9 of 9 OK created sql table model gold.fact_weekly_revenue ..................... [[32mCREATE TABLE (7.0 rows, 20.1 KiB processed)[0m in 1.54s]
[2026-08-09T14:03:06.781+0000] {docker.py:69} INFO - [0m14:03:06  7 of 9 OK created sql table model gold.fact_customer_rfm ....................... [[32mCREATE TABLE (151.0 rows, 33.5 KiB processed)[0m in 2.08s]
[2026-08-09T14:03:06.800+0000] {docker.py:69} INFO - [0m14:03:06  8 of 9 OK created sql table model gold.fact_refund_alerts ...................... [[32mCREATE TABLE (18.0 rows, 5.7 KiB processed)[0m in 2.10s]
[2026-08-09T14:03:06.809+0000] {docker.py:69} INFO - [0m14:03:06
[2026-08-09T14:03:06.810+0000] {docker.py:69} INFO - [0m14:03:06  Finished running 3 incremental models, 6 table models in 0 hours 0 minutes and 7.55 seconds (7.55s).
[2026-08-09T14:03:06.938+0000] {docker.py:69} INFO - [0m14:03:06
[2026-08-09T14:03:06.939+0000] {docker.py:69} INFO - [0m14:03:06  [32mCompleted successfully[0m
[2026-08-09T14:03:06.940+0000] {docker.py:69} INFO - [0m14:03:06
[2026-08-09T14:03:06.942+0000] {docker.py:69} INFO - [0m14:03:06  Done. PASS=9 WARN=0 ERROR=0 SKIP=0 NO-OP=0 REUSED=0 TOTAL=9
[2026-08-09T14:03:08.899+0000] {taskinstance.py:341} INFO - ::group::Post task execution logs
[2026-08-09T14:03:08.900+0000] {taskinstance.py:353} INFO - Marking task as SUCCESS. dag_id=brewline_pipeline_bigquery, task_id=dbt_run_bigquery, run_id=backfill__2026-07-19T00:00:00+00:00, execution_date=20260719T000000, start_date=20260809T140241, end_date=20260809T140308
[2026-08-09T14:03:08.931+0000] {logging_mixin.py:190} INFO - Task instance in success state
[2026-08-09T14:03:08.933+0000] {logging_mixin.py:190} INFO -  Previous state of the Task instance: running
[2026-08-09T14:03:08.934+0000] {logging_mixin.py:190} INFO - Dag name:brewline_pipeline_bigquery queued_at:None
[2026-08-09T14:03:08.935+0000] {logging_mixin.py:190} INFO - Task hostname:5224a343584d operator:DockerOperator
[2026-08-09T14:03:08.952+0000] {local_task_job_runner.py:266} INFO - Task exited with return code 0
[2026-08-09T14:03:08.971+0000] {taskinstance.py:3901} INFO - 1 downstream tasks scheduled from follow-on schedule check
[2026-08-09T14:03:08.973+0000] {local_task_job_runner.py:245} INFO - ::endgroup::
