[2026-08-04T07:47:06.437+0000] {processor.py:186} INFO - Started process (PID=73) to work on /opt/airflow/dags/brewline_pipeline_dag.py
[2026-08-04T07:47:06.443+0000] {processor.py:914} INFO - Processing file /opt/airflow/dags/brewline_pipeline_dag.py for tasks to queue
[2026-08-04T07:47:06.460+0000] {logging_mixin.py:190} INFO - [2026-08-04T07:47:06.459+0000] {dagbag.py:588} INFO - Filling up the DagBag from /opt/airflow/dags/brewline_pipeline_dag.py
[2026-08-04T07:47:06.530+0000] {processor.py:925} INFO - DAG(s) 'brewline_pipeline' retrieved from /opt/airflow/dags/brewline_pipeline_dag.py
[2026-08-04T07:47:06.653+0000] {logging_mixin.py:190} INFO - [2026-08-04T07:47:06.652+0000] {dag.py:3239} INFO - Sync 1 DAGs
[2026-08-04T07:47:06.730+0000] {logging_mixin.py:190} INFO - [2026-08-04T07:47:06.729+0000] {dag.py:4180} INFO - Setting next_dagrun for brewline_pipeline to 2026-08-04 00:00:00+00:00, run_after=2026-08-05 00:00:00+00:00
[2026-08-04T07:47:06.776+0000] {processor.py:208} INFO - Processing /opt/airflow/dags/brewline_pipeline_dag.py took 0.403 seconds
[2026-08-04T08:21:14.554+0000] {processor.py:186} INFO - Started process (PID=73) to work on /opt/airflow/dags/brewline_pipeline_dag.py
[2026-08-04T08:21:14.556+0000] {processor.py:914} INFO - Processing file /opt/airflow/dags/brewline_pipeline_dag.py for tasks to queue
[2026-08-04T08:21:14.562+0000] {logging_mixin.py:190} INFO - [2026-08-04T08:21:14.561+0000] {dagbag.py:588} INFO - Filling up the DagBag from /opt/airflow/dags/brewline_pipeline_dag.py
[2026-08-04T08:21:14.609+0000] {processor.py:925} INFO - DAG(s) 'brewline_pipeline' retrieved from /opt/airflow/dags/brewline_pipeline_dag.py
[2026-08-04T08:21:14.682+0000] {logging_mixin.py:190} INFO - [2026-08-04T08:21:14.682+0000] {dag.py:3239} INFO - Sync 1 DAGs
[2026-08-04T08:21:14.728+0000] {logging_mixin.py:190} INFO - [2026-08-04T08:21:14.727+0000] {dag.py:4180} INFO - Setting next_dagrun for brewline_pipeline to 2026-08-04 00:00:00+00:00, run_after=2026-08-05 00:00:00+00:00
[2026-08-04T08:21:14.758+0000] {processor.py:208} INFO - Processing /opt/airflow/dags/brewline_pipeline_dag.py took 0.217 seconds
[2026-08-04T08:21:23.980+0000] {processor.py:186} INFO - Started process (PID=131) to work on /opt/airflow/dags/brewline_pipeline_dag.py
[2026-08-04T08:21:23.982+0000] {processor.py:914} INFO - Processing file /opt/airflow/dags/brewline_pipeline_dag.py for tasks to queue
[2026-08-04T08:21:23.986+0000] {logging_mixin.py:190} INFO - [2026-08-04T08:21:23.985+0000] {dagbag.py:588} INFO - Filling up the DagBag from /opt/airflow/dags/brewline_pipeline_dag.py
[2026-08-04T08:21:24.007+0000] {processor.py:925} INFO - DAG(s) 'brewline_pipeline' retrieved from /opt/airflow/dags/brewline_pipeline_dag.py
[2026-08-04T08:21:24.029+0000] {logging_mixin.py:190} INFO - [2026-08-04T08:21:24.029+0000] {taskinstance.py:3315} ERROR - {'DAG Id': 'brewline_pipeline', 'Task Id': 'dbt_seed', 'Run Id': 'scheduled__2026-07-22T00:00:00+00:00', 'Hostname': '3c6904f5cf40', 'External Executor Id': '12b70ad5-5965-43ef-880f-bc214d66b45a'}
[2026-08-04T08:21:24.065+0000] {logging_mixin.py:190} INFO - Task instance in failure state
[2026-08-04T08:21:24.066+0000] {logging_mixin.py:190} INFO - Task start:2026-08-04 07:47:29.088722+00:00 end:2026-08-04 08:21:24.036829+00:00 duration:2034.948107
[2026-08-04T08:21:24.067+0000] {logging_mixin.py:190} INFO - Task:<Task(DockerOperator): dbt_seed> dag:<DAG: brewline_pipeline> dagrun:<DagRun brewline_pipeline @ 2026-07-22 00:00:00+00:00: scheduled__2026-07-22T00:00:00+00:00, state:running, queued_at: 2026-08-04 07:47:05.607498+00:00. externally triggered: False>
[2026-08-04T08:21:24.068+0000] {logging_mixin.py:190} INFO - Failure caused by {'DAG Id': 'brewline_pipeline', 'Task Id': 'dbt_seed', 'Run Id': 'scheduled__2026-07-22T00:00:00+00:00', 'Hostname': '3c6904f5cf40', 'External Executor Id': '12b70ad5-5965-43ef-880f-bc214d66b45a'}
[2026-08-04T08:21:24.069+0000] {logging_mixin.py:190} INFO - [2026-08-04T08:21:24.069+0000] {taskinstance.py:1226} INFO - Marking task as FAILED. dag_id=brewline_pipeline, task_id=dbt_seed, run_id=scheduled__2026-07-22T00:00:00+00:00, execution_date=20260722T000000, start_date=20260804T074729, end_date=20260804T082124
[2026-08-04T08:21:24.100+0000] {logging_mixin.py:190} INFO - [2026-08-04T08:21:24.099+0000] {processor.py:876} INFO - Executed callback for <TaskInstance: brewline_pipeline.dbt_seed scheduled__2026-07-22T00:00:00+00:00 [failed]> in state failed
[2026-08-04T08:21:24.117+0000] {logging_mixin.py:190} INFO - [2026-08-04T08:21:24.117+0000] {dag.py:3239} INFO - Sync 1 DAGs
[2026-08-04T08:21:24.140+0000] {logging_mixin.py:190} INFO - [2026-08-04T08:21:24.139+0000] {dag.py:4180} INFO - Setting next_dagrun for brewline_pipeline to 2026-08-04 00:00:00+00:00, run_after=2026-08-05 00:00:00+00:00
[2026-08-04T08:21:24.159+0000] {processor.py:208} INFO - Processing /opt/airflow/dags/brewline_pipeline_dag.py took 0.186 seconds
[2026-08-04T08:21:54.355+0000] {processor.py:186} INFO - Started process (PID=190) to work on /opt/airflow/dags/brewline_pipeline_dag.py
[2026-08-04T08:21:54.356+0000] {processor.py:914} INFO - Processing file /opt/airflow/dags/brewline_pipeline_dag.py for tasks to queue
[2026-08-04T08:21:54.359+0000] {logging_mixin.py:190} INFO - [2026-08-04T08:21:54.359+0000] {dagbag.py:588} INFO - Filling up the DagBag from /opt/airflow/dags/brewline_pipeline_dag.py
[2026-08-04T08:21:54.378+0000] {processor.py:925} INFO - DAG(s) 'brewline_pipeline' retrieved from /opt/airflow/dags/brewline_pipeline_dag.py
[2026-08-04T08:21:54.400+0000] {logging_mixin.py:190} INFO - [2026-08-04T08:21:54.400+0000] {dag.py:3239} INFO - Sync 1 DAGs
[2026-08-04T08:21:54.429+0000] {logging_mixin.py:190} INFO - [2026-08-04T08:21:54.428+0000] {dag.py:4180} INFO - Setting next_dagrun for brewline_pipeline to 2026-08-04 00:00:00+00:00, run_after=2026-08-05 00:00:00+00:00
[2026-08-04T08:21:54.459+0000] {processor.py:208} INFO - Processing /opt/airflow/dags/brewline_pipeline_dag.py took 0.110 seconds
[2026-08-04T08:22:24.701+0000] {processor.py:186} INFO - Started process (PID=254) to work on /opt/airflow/dags/brewline_pipeline_dag.py
[2026-08-04T08:22:24.703+0000] {processor.py:914} INFO - Processing file /opt/airflow/dags/brewline_pipeline_dag.py for tasks to queue
[2026-08-04T08:22:24.707+0000] {logging_mixin.py:190} INFO - [2026-08-04T08:22:24.707+0000] {dagbag.py:588} INFO - Filling up the DagBag from /opt/airflow/dags/brewline_pipeline_dag.py
[2026-08-04T08:22:24.735+0000] {processor.py:925} INFO - DAG(s) 'brewline_pipeline' retrieved from /opt/airflow/dags/brewline_pipeline_dag.py
[2026-08-04T08:22:24.765+0000] {logging_mixin.py:190} INFO - [2026-08-04T08:22:24.765+0000] {dag.py:3239} INFO - Sync 1 DAGs
[2026-08-04T08:22:24.799+0000] {logging_mixin.py:190} INFO - [2026-08-04T08:22:24.799+0000] {dag.py:4180} INFO - Setting next_dagrun for brewline_pipeline to 2026-08-04 00:00:00+00:00, run_after=2026-08-05 00:00:00+00:00
[2026-08-04T08:22:24.822+0000] {processor.py:208} INFO - Processing /opt/airflow/dags/brewline_pipeline_dag.py took 0.139 seconds
[2026-08-04T08:22:55.431+0000] {processor.py:186} INFO - Started process (PID=317) to work on /opt/airflow/dags/brewline_pipeline_dag.py
[2026-08-04T08:22:55.432+0000] {processor.py:914} INFO - Processing file /opt/airflow/dags/brewline_pipeline_dag.py for tasks to queue
[2026-08-04T08:22:55.435+0000] {logging_mixin.py:190} INFO - [2026-08-04T08:22:55.435+0000] {dagbag.py:588} INFO - Filling up the DagBag from /opt/airflow/dags/brewline_pipeline_dag.py
[2026-08-04T08:22:55.453+0000] {processor.py:925} INFO - DAG(s) 'brewline_pipeline' retrieved from /opt/airflow/dags/brewline_pipeline_dag.py
[2026-08-04T08:22:55.476+0000] {logging_mixin.py:190} INFO - [2026-08-04T08:22:55.475+0000] {dag.py:3239} INFO - Sync 1 DAGs
[2026-08-04T08:22:55.505+0000] {logging_mixin.py:190} INFO - [2026-08-04T08:22:55.504+0000] {dag.py:4180} INFO - Setting next_dagrun for brewline_pipeline to 2026-08-04 00:00:00+00:00, run_after=2026-08-05 00:00:00+00:00
[2026-08-04T08:22:55.526+0000] {processor.py:208} INFO - Processing /opt/airflow/dags/brewline_pipeline_dag.py took 0.100 seconds
[2026-08-04T08:23:26.485+0000] {processor.py:186} INFO - Started process (PID=379) to work on /opt/airflow/dags/brewline_pipeline_dag.py
[2026-08-04T08:23:26.486+0000] {processor.py:914} INFO - Processing file /opt/airflow/dags/brewline_pipeline_dag.py for tasks to queue
[2026-08-04T08:23:26.490+0000] {logging_mixin.py:190} INFO - [2026-08-04T08:23:26.489+0000] {dagbag.py:588} INFO - Filling up the DagBag from /opt/airflow/dags/brewline_pipeline_dag.py
[2026-08-04T08:23:26.512+0000] {processor.py:925} INFO - DAG(s) 'brewline_pipeline' retrieved from /opt/airflow/dags/brewline_pipeline_dag.py
[2026-08-04T08:23:26.534+0000] {logging_mixin.py:190} INFO - [2026-08-04T08:23:26.534+0000] {dag.py:3239} INFO - Sync 1 DAGs
[2026-08-04T08:23:26.567+0000] {logging_mixin.py:190} INFO - [2026-08-04T08:23:26.567+0000] {dag.py:4180} INFO - Setting next_dagrun for brewline_pipeline to 2026-08-04 00:00:00+00:00, run_after=2026-08-05 00:00:00+00:00
[2026-08-04T08:23:26.590+0000] {processor.py:208} INFO - Processing /opt/airflow/dags/brewline_pipeline_dag.py took 0.113 seconds
[2026-08-04T08:23:58.002+0000] {processor.py:186} INFO - Started process (PID=443) to work on /opt/airflow/dags/brewline_pipeline_dag.py
[2026-08-04T08:23:58.004+0000] {processor.py:914} INFO - Processing file /opt/airflow/dags/brewline_pipeline_dag.py for tasks to queue
[2026-08-04T08:23:58.011+0000] {logging_mixin.py:190} INFO - [2026-08-04T08:23:58.010+0000] {dagbag.py:588} INFO - Filling up the DagBag from /opt/airflow/dags/brewline_pipeline_dag.py
[2026-08-04T08:23:58.045+0000] {processor.py:925} INFO - DAG(s) 'brewline_pipeline' retrieved from /opt/airflow/dags/brewline_pipeline_dag.py
[2026-08-04T08:23:58.075+0000] {logging_mixin.py:190} INFO - [2026-08-04T08:23:58.075+0000] {dag.py:3239} INFO - Sync 1 DAGs
[2026-08-04T08:23:58.108+0000] {logging_mixin.py:190} INFO - [2026-08-04T08:23:58.108+0000] {dag.py:4180} INFO - Setting next_dagrun for brewline_pipeline to 2026-08-04 00:00:00+00:00, run_after=2026-08-05 00:00:00+00:00
[2026-08-04T08:23:58.130+0000] {processor.py:208} INFO - Processing /opt/airflow/dags/brewline_pipeline_dag.py took 0.143 seconds
[2026-08-04T08:24:28.966+0000] {processor.py:186} INFO - Started process (PID=505) to work on /opt/airflow/dags/brewline_pipeline_dag.py
[2026-08-04T08:24:28.968+0000] {processor.py:914} INFO - Processing file /opt/airflow/dags/brewline_pipeline_dag.py for tasks to queue
[2026-08-04T08:24:28.972+0000] {logging_mixin.py:190} INFO - [2026-08-04T08:24:28.971+0000] {dagbag.py:588} INFO - Filling up the DagBag from /opt/airflow/dags/brewline_pipeline_dag.py
[2026-08-04T08:24:28.995+0000] {processor.py:925} INFO - DAG(s) 'brewline_pipeline' retrieved from /opt/airflow/dags/brewline_pipeline_dag.py
[2026-08-04T08:24:29.025+0000] {logging_mixin.py:190} INFO - [2026-08-04T08:24:29.025+0000] {dag.py:3239} INFO - Sync 1 DAGs
[2026-08-04T08:24:29.055+0000] {logging_mixin.py:190} INFO - [2026-08-04T08:24:29.055+0000] {dag.py:4180} INFO - Setting next_dagrun for brewline_pipeline to 2026-08-04 00:00:00+00:00, run_after=2026-08-05 00:00:00+00:00
[2026-08-04T08:24:29.078+0000] {processor.py:208} INFO - Processing /opt/airflow/dags/brewline_pipeline_dag.py took 0.124 seconds
[2026-08-04T08:24:59.507+0000] {processor.py:186} INFO - Started process (PID=557) to work on /opt/airflow/dags/brewline_pipeline_dag.py
[2026-08-04T08:24:59.508+0000] {processor.py:914} INFO - Processing file /opt/airflow/dags/brewline_pipeline_dag.py for tasks to queue
[2026-08-04T08:24:59.511+0000] {logging_mixin.py:190} INFO - [2026-08-04T08:24:59.511+0000] {dagbag.py:588} INFO - Filling up the DagBag from /opt/airflow/dags/brewline_pipeline_dag.py
[2026-08-04T08:24:59.532+0000] {processor.py:925} INFO - DAG(s) 'brewline_pipeline' retrieved from /opt/airflow/dags/brewline_pipeline_dag.py
[2026-08-04T08:24:59.555+0000] {logging_mixin.py:190} INFO - [2026-08-04T08:24:59.554+0000] {dag.py:3239} INFO - Sync 1 DAGs
[2026-08-04T08:24:59.585+0000] {logging_mixin.py:190} INFO - [2026-08-04T08:24:59.585+0000] {dag.py:4180} INFO - Setting next_dagrun for brewline_pipeline to 2026-08-04 00:00:00+00:00, run_after=2026-08-05 00:00:00+00:00
[2026-08-04T08:24:59.607+0000] {processor.py:208} INFO - Processing /opt/airflow/dags/brewline_pipeline_dag.py took 0.106 seconds
[2026-08-04T08:25:30.325+0000] {processor.py:186} INFO - Started process (PID=618) to work on /opt/airflow/dags/brewline_pipeline_dag.py
[2026-08-04T08:25:30.326+0000] {processor.py:914} INFO - Processing file /opt/airflow/dags/brewline_pipeline_dag.py for tasks to queue
[2026-08-04T08:25:30.329+0000] {logging_mixin.py:190} INFO - [2026-08-04T08:25:30.328+0000] {dagbag.py:588} INFO - Filling up the DagBag from /opt/airflow/dags/brewline_pipeline_dag.py
[2026-08-04T08:25:30.344+0000] {processor.py:925} INFO - DAG(s) 'brewline_pipeline' retrieved from /opt/airflow/dags/brewline_pipeline_dag.py
[2026-08-04T08:25:30.362+0000] {logging_mixin.py:190} INFO - [2026-08-04T08:25:30.362+0000] {dag.py:3239} INFO - Sync 1 DAGs
[2026-08-04T08:25:30.387+0000] {logging_mixin.py:190} INFO - [2026-08-04T08:25:30.387+0000] {dag.py:4180} INFO - Setting next_dagrun for brewline_pipeline to 2026-08-04 00:00:00+00:00, run_after=2026-08-05 00:00:00+00:00
[2026-08-04T08:25:30.406+0000] {processor.py:208} INFO - Processing /opt/airflow/dags/brewline_pipeline_dag.py took 0.087 seconds
[2026-08-04T08:26:00.462+0000] {processor.py:186} INFO - Started process (PID=676) to work on /opt/airflow/dags/brewline_pipeline_dag.py
[2026-08-04T08:26:00.463+0000] {processor.py:914} INFO - Processing file /opt/airflow/dags/brewline_pipeline_dag.py for tasks to queue
[2026-08-04T08:26:00.467+0000] {logging_mixin.py:190} INFO - [2026-08-04T08:26:00.467+0000] {dagbag.py:588} INFO - Filling up the DagBag from /opt/airflow/dags/brewline_pipeline_dag.py
[2026-08-04T08:26:00.487+0000] {processor.py:925} INFO - DAG(s) 'brewline_pipeline' retrieved from /opt/airflow/dags/brewline_pipeline_dag.py
[2026-08-04T08:26:00.516+0000] {logging_mixin.py:190} INFO - [2026-08-04T08:26:00.516+0000] {dag.py:3239} INFO - Sync 1 DAGs
[2026-08-04T08:26:00.547+0000] {logging_mixin.py:190} INFO - [2026-08-04T08:26:00.547+0000] {dag.py:4180} INFO - Setting next_dagrun for brewline_pipeline to 2026-08-04 00:00:00+00:00, run_after=2026-08-05 00:00:00+00:00
[2026-08-04T08:26:00.571+0000] {processor.py:208} INFO - Processing /opt/airflow/dags/brewline_pipeline_dag.py took 0.118 seconds
[2026-08-04T08:26:30.704+0000] {processor.py:186} INFO - Started process (PID=742) to work on /opt/airflow/dags/brewline_pipeline_dag.py
[2026-08-04T08:26:30.705+0000] {processor.py:914} INFO - Processing file /opt/airflow/dags/brewline_pipeline_dag.py for tasks to queue
[2026-08-04T08:26:30.708+0000] {logging_mixin.py:190} INFO - [2026-08-04T08:26:30.708+0000] {dagbag.py:588} INFO - Filling up the DagBag from /opt/airflow/dags/brewline_pipeline_dag.py
[2026-08-04T08:26:30.725+0000] {processor.py:925} INFO - DAG(s) 'brewline_pipeline' retrieved from /opt/airflow/dags/brewline_pipeline_dag.py
[2026-08-04T08:26:30.742+0000] {logging_mixin.py:190} INFO - [2026-08-04T08:26:30.742+0000] {dag.py:3239} INFO - Sync 1 DAGs
[2026-08-04T08:26:30.767+0000] {logging_mixin.py:190} INFO - [2026-08-04T08:26:30.767+0000] {dag.py:4180} INFO - Setting next_dagrun for brewline_pipeline to 2026-08-04 00:00:00+00:00, run_after=2026-08-05 00:00:00+00:00
[2026-08-04T08:26:30.788+0000] {processor.py:208} INFO - Processing /opt/airflow/dags/brewline_pipeline_dag.py took 0.089 seconds
[2026-08-04T08:27:01.053+0000] {processor.py:186} INFO - Started process (PID=807) to work on /opt/airflow/dags/brewline_pipeline_dag.py
[2026-08-04T08:27:01.055+0000] {processor.py:914} INFO - Processing file /opt/airflow/dags/brewline_pipeline_dag.py for tasks to queue
[2026-08-04T08:27:01.058+0000] {logging_mixin.py:190} INFO - [2026-08-04T08:27:01.057+0000] {dagbag.py:588} INFO - Filling up the DagBag from /opt/airflow/dags/brewline_pipeline_dag.py
[2026-08-04T08:27:01.074+0000] {processor.py:925} INFO - DAG(s) 'brewline_pipeline' retrieved from /opt/airflow/dags/brewline_pipeline_dag.py
[2026-08-04T08:27:01.091+0000] {logging_mixin.py:190} INFO - [2026-08-04T08:27:01.091+0000] {dag.py:3239} INFO - Sync 1 DAGs
[2026-08-04T08:27:01.115+0000] {logging_mixin.py:190} INFO - [2026-08-04T08:27:01.114+0000] {dag.py:4180} INFO - Setting next_dagrun for brewline_pipeline to 2026-08-04 00:00:00+00:00, run_after=2026-08-05 00:00:00+00:00
[2026-08-04T08:27:01.136+0000] {processor.py:208} INFO - Processing /opt/airflow/dags/brewline_pipeline_dag.py took 0.088 seconds
[2026-08-04T08:27:31.242+0000] {processor.py:186} INFO - Started process (PID=872) to work on /opt/airflow/dags/brewline_pipeline_dag.py
[2026-08-04T08:27:31.243+0000] {processor.py:914} INFO - Processing file /opt/airflow/dags/brewline_pipeline_dag.py for tasks to queue
[2026-08-04T08:27:31.246+0000] {logging_mixin.py:190} INFO - [2026-08-04T08:27:31.245+0000] {dagbag.py:588} INFO - Filling up the DagBag from /opt/airflow/dags/brewline_pipeline_dag.py
[2026-08-04T08:27:31.261+0000] {processor.py:925} INFO - DAG(s) 'brewline_pipeline' retrieved from /opt/airflow/dags/brewline_pipeline_dag.py
[2026-08-04T08:27:31.281+0000] {logging_mixin.py:190} INFO - [2026-08-04T08:27:31.280+0000] {dag.py:3239} INFO - Sync 1 DAGs
[2026-08-04T08:27:31.312+0000] {logging_mixin.py:190} INFO - [2026-08-04T08:27:31.312+0000] {dag.py:4180} INFO - Setting next_dagrun for brewline_pipeline to 2026-08-04 00:00:00+00:00, run_after=2026-08-05 00:00:00+00:00
[2026-08-04T08:27:31.332+0000] {processor.py:208} INFO - Processing /opt/airflow/dags/brewline_pipeline_dag.py took 0.096 seconds
[2026-08-04T08:28:01.407+0000] {processor.py:186} INFO - Started process (PID=937) to work on /opt/airflow/dags/brewline_pipeline_dag.py
[2026-08-04T08:28:01.408+0000] {processor.py:914} INFO - Processing file /opt/airflow/dags/brewline_pipeline_dag.py for tasks to queue
[2026-08-04T08:28:01.411+0000] {logging_mixin.py:190} INFO - [2026-08-04T08:28:01.411+0000] {dagbag.py:588} INFO - Filling up the DagBag from /opt/airflow/dags/brewline_pipeline_dag.py
[2026-08-04T08:28:01.427+0000] {processor.py:925} INFO - DAG(s) 'brewline_pipeline' retrieved from /opt/airflow/dags/brewline_pipeline_dag.py
[2026-08-04T08:28:01.447+0000] {logging_mixin.py:190} INFO - [2026-08-04T08:28:01.447+0000] {dag.py:3239} INFO - Sync 1 DAGs
[2026-08-04T08:28:01.474+0000] {logging_mixin.py:190} INFO - [2026-08-04T08:28:01.474+0000] {dag.py:4180} INFO - Setting next_dagrun for brewline_pipeline to 2026-08-04 00:00:00+00:00, run_after=2026-08-05 00:00:00+00:00
[2026-08-04T08:28:01.496+0000] {processor.py:208} INFO - Processing /opt/airflow/dags/brewline_pipeline_dag.py took 0.095 seconds
[2026-08-04T08:28:31.979+0000] {processor.py:186} INFO - Started process (PID=1002) to work on /opt/airflow/dags/brewline_pipeline_dag.py
[2026-08-04T08:28:31.980+0000] {processor.py:914} INFO - Processing file /opt/airflow/dags/brewline_pipeline_dag.py for tasks to queue
[2026-08-04T08:28:31.983+0000] {logging_mixin.py:190} INFO - [2026-08-04T08:28:31.983+0000] {dagbag.py:588} INFO - Filling up the DagBag from /opt/airflow/dags/brewline_pipeline_dag.py
[2026-08-04T08:28:31.999+0000] {processor.py:925} INFO - DAG(s) 'brewline_pipeline' retrieved from /opt/airflow/dags/brewline_pipeline_dag.py
[2026-08-04T08:28:32.017+0000] {logging_mixin.py:190} INFO - [2026-08-04T08:28:32.017+0000] {dag.py:3239} INFO - Sync 1 DAGs
[2026-08-04T08:28:32.042+0000] {logging_mixin.py:190} INFO - [2026-08-04T08:28:32.041+0000] {dag.py:4180} INFO - Setting next_dagrun for brewline_pipeline to 2026-08-04 00:00:00+00:00, run_after=2026-08-05 00:00:00+00:00
[2026-08-04T08:28:32.061+0000] {processor.py:208} INFO - Processing /opt/airflow/dags/brewline_pipeline_dag.py took 0.088 seconds
[2026-08-04T08:29:02.453+0000] {processor.py:186} INFO - Started process (PID=1067) to work on /opt/airflow/dags/brewline_pipeline_dag.py
[2026-08-04T08:29:02.454+0000] {processor.py:914} INFO - Processing file /opt/airflow/dags/brewline_pipeline_dag.py for tasks to queue
[2026-08-04T08:29:02.457+0000] {logging_mixin.py:190} INFO - [2026-08-04T08:29:02.456+0000] {dagbag.py:588} INFO - Filling up the DagBag from /opt/airflow/dags/brewline_pipeline_dag.py
[2026-08-04T08:29:02.473+0000] {processor.py:925} INFO - DAG(s) 'brewline_pipeline' retrieved from /opt/airflow/dags/brewline_pipeline_dag.py
[2026-08-04T08:29:02.491+0000] {logging_mixin.py:190} INFO - [2026-08-04T08:29:02.491+0000] {dag.py:3239} INFO - Sync 1 DAGs
[2026-08-04T08:29:02.517+0000] {logging_mixin.py:190} INFO - [2026-08-04T08:29:02.517+0000] {dag.py:4180} INFO - Setting next_dagrun for brewline_pipeline to 2026-08-04 00:00:00+00:00, run_after=2026-08-05 00:00:00+00:00
[2026-08-04T08:29:02.537+0000] {processor.py:208} INFO - Processing /opt/airflow/dags/brewline_pipeline_dag.py took 0.090 seconds
[2026-08-04T08:29:32.717+0000] {processor.py:186} INFO - Started process (PID=1132) to work on /opt/airflow/dags/brewline_pipeline_dag.py
[2026-08-04T08:29:32.718+0000] {processor.py:914} INFO - Processing file /opt/airflow/dags/brewline_pipeline_dag.py for tasks to queue
[2026-08-04T08:29:32.721+0000] {logging_mixin.py:190} INFO - [2026-08-04T08:29:32.721+0000] {dagbag.py:588} INFO - Filling up the DagBag from /opt/airflow/dags/brewline_pipeline_dag.py
[2026-08-04T08:29:32.738+0000] {processor.py:925} INFO - DAG(s) 'brewline_pipeline' retrieved from /opt/airflow/dags/brewline_pipeline_dag.py
[2026-08-04T08:29:32.755+0000] {logging_mixin.py:190} INFO - [2026-08-04T08:29:32.755+0000] {dag.py:3239} INFO - Sync 1 DAGs
[2026-08-04T08:29:32.780+0000] {logging_mixin.py:190} INFO - [2026-08-04T08:29:32.780+0000] {dag.py:4180} INFO - Setting next_dagrun for brewline_pipeline to 2026-08-04 00:00:00+00:00, run_after=2026-08-05 00:00:00+00:00
[2026-08-04T08:29:32.800+0000] {processor.py:208} INFO - Processing /opt/airflow/dags/brewline_pipeline_dag.py took 0.089 seconds
[2026-08-04T08:30:03.044+0000] {processor.py:186} INFO - Started process (PID=1198) to work on /opt/airflow/dags/brewline_pipeline_dag.py
[2026-08-04T08:30:03.045+0000] {processor.py:914} INFO - Processing file /opt/airflow/dags/brewline_pipeline_dag.py for tasks to queue
[2026-08-04T08:30:03.049+0000] {logging_mixin.py:190} INFO - [2026-08-04T08:30:03.048+0000] {dagbag.py:588} INFO - Filling up the DagBag from /opt/airflow/dags/brewline_pipeline_dag.py
[2026-08-04T08:30:03.065+0000] {processor.py:925} INFO - DAG(s) 'brewline_pipeline' retrieved from /opt/airflow/dags/brewline_pipeline_dag.py
[2026-08-04T08:30:03.082+0000] {logging_mixin.py:190} INFO - [2026-08-04T08:30:03.082+0000] {dag.py:3239} INFO - Sync 1 DAGs
[2026-08-04T08:30:03.107+0000] {logging_mixin.py:190} INFO - [2026-08-04T08:30:03.106+0000] {dag.py:4180} INFO - Setting next_dagrun for brewline_pipeline to 2026-08-04 00:00:00+00:00, run_after=2026-08-05 00:00:00+00:00
[2026-08-04T08:30:03.129+0000] {processor.py:208} INFO - Processing /opt/airflow/dags/brewline_pipeline_dag.py took 0.091 seconds
[2026-08-04T08:30:33.747+0000] {processor.py:186} INFO - Started process (PID=1263) to work on /opt/airflow/dags/brewline_pipeline_dag.py
[2026-08-04T08:30:33.748+0000] {processor.py:914} INFO - Processing file /opt/airflow/dags/brewline_pipeline_dag.py for tasks to queue
[2026-08-04T08:30:33.751+0000] {logging_mixin.py:190} INFO - [2026-08-04T08:30:33.751+0000] {dagbag.py:588} INFO - Filling up the DagBag from /opt/airflow/dags/brewline_pipeline_dag.py
[2026-08-04T08:30:33.767+0000] {processor.py:925} INFO - DAG(s) 'brewline_pipeline' retrieved from /opt/airflow/dags/brewline_pipeline_dag.py
[2026-08-04T08:30:33.786+0000] {logging_mixin.py:190} INFO - [2026-08-04T08:30:33.785+0000] {dag.py:3239} INFO - Sync 1 DAGs
[2026-08-04T08:30:33.811+0000] {logging_mixin.py:190} INFO - [2026-08-04T08:30:33.811+0000] {dag.py:4180} INFO - Setting next_dagrun for brewline_pipeline to 2026-08-04 00:00:00+00:00, run_after=2026-08-05 00:00:00+00:00
[2026-08-04T08:30:33.832+0000] {processor.py:208} INFO - Processing /opt/airflow/dags/brewline_pipeline_dag.py took 0.091 seconds
[2026-08-04T08:31:03.949+0000] {processor.py:186} INFO - Started process (PID=1328) to work on /opt/airflow/dags/brewline_pipeline_dag.py
[2026-08-04T08:31:03.950+0000] {processor.py:914} INFO - Processing file /opt/airflow/dags/brewline_pipeline_dag.py for tasks to queue
[2026-08-04T08:31:03.953+0000] {logging_mixin.py:190} INFO - [2026-08-04T08:31:03.953+0000] {dagbag.py:588} INFO - Filling up the DagBag from /opt/airflow/dags/brewline_pipeline_dag.py
[2026-08-04T08:31:03.968+0000] {processor.py:925} INFO - DAG(s) 'brewline_pipeline' retrieved from /opt/airflow/dags/brewline_pipeline_dag.py
[2026-08-04T08:31:03.988+0000] {logging_mixin.py:190} INFO - [2026-08-04T08:31:03.988+0000] {dag.py:3239} INFO - Sync 1 DAGs
[2026-08-04T08:31:04.014+0000] {logging_mixin.py:190} INFO - [2026-08-04T08:31:04.014+0000] {dag.py:4180} INFO - Setting next_dagrun for brewline_pipeline to 2026-08-04 00:00:00+00:00, run_after=2026-08-05 00:00:00+00:00
[2026-08-04T08:31:04.035+0000] {processor.py:208} INFO - Processing /opt/airflow/dags/brewline_pipeline_dag.py took 0.092 seconds
[2026-08-04T08:31:34.337+0000] {processor.py:186} INFO - Started process (PID=1393) to work on /opt/airflow/dags/brewline_pipeline_dag.py
[2026-08-04T08:31:34.338+0000] {processor.py:914} INFO - Processing file /opt/airflow/dags/brewline_pipeline_dag.py for tasks to queue
[2026-08-04T08:31:34.341+0000] {logging_mixin.py:190} INFO - [2026-08-04T08:31:34.341+0000] {dagbag.py:588} INFO - Filling up the DagBag from /opt/airflow/dags/brewline_pipeline_dag.py
[2026-08-04T08:31:34.358+0000] {processor.py:925} INFO - DAG(s) 'brewline_pipeline' retrieved from /opt/airflow/dags/brewline_pipeline_dag.py
[2026-08-04T08:31:34.377+0000] {logging_mixin.py:190} INFO - [2026-08-04T08:31:34.377+0000] {dag.py:3239} INFO - Sync 1 DAGs
[2026-08-04T08:31:34.403+0000] {logging_mixin.py:190} INFO - [2026-08-04T08:31:34.403+0000] {dag.py:4180} INFO - Setting next_dagrun for brewline_pipeline to 2026-08-04 00:00:00+00:00, run_after=2026-08-05 00:00:00+00:00
[2026-08-04T08:31:34.425+0000] {processor.py:208} INFO - Processing /opt/airflow/dags/brewline_pipeline_dag.py took 0.094 seconds
[2026-08-04T08:32:04.632+0000] {processor.py:186} INFO - Started process (PID=1458) to work on /opt/airflow/dags/brewline_pipeline_dag.py
[2026-08-04T08:32:04.633+0000] {processor.py:914} INFO - Processing file /opt/airflow/dags/brewline_pipeline_dag.py for tasks to queue
[2026-08-04T08:32:04.636+0000] {logging_mixin.py:190} INFO - [2026-08-04T08:32:04.636+0000] {dagbag.py:588} INFO - Filling up the DagBag from /opt/airflow/dags/brewline_pipeline_dag.py
[2026-08-04T08:32:04.653+0000] {processor.py:925} INFO - DAG(s) 'brewline_pipeline' retrieved from /opt/airflow/dags/brewline_pipeline_dag.py
[2026-08-04T08:32:04.674+0000] {logging_mixin.py:190} INFO - [2026-08-04T08:32:04.674+0000] {dag.py:3239} INFO - Sync 1 DAGs
[2026-08-04T08:32:04.700+0000] {logging_mixin.py:190} INFO - [2026-08-04T08:32:04.700+0000] {dag.py:4180} INFO - Setting next_dagrun for brewline_pipeline to 2026-08-04 00:00:00+00:00, run_after=2026-08-05 00:00:00+00:00
[2026-08-04T08:32:04.721+0000] {processor.py:208} INFO - Processing /opt/airflow/dags/brewline_pipeline_dag.py took 0.095 seconds
[2026-08-04T08:32:34.921+0000] {processor.py:186} INFO - Started process (PID=1523) to work on /opt/airflow/dags/brewline_pipeline_dag.py
[2026-08-04T08:32:34.922+0000] {processor.py:914} INFO - Processing file /opt/airflow/dags/brewline_pipeline_dag.py for tasks to queue
[2026-08-04T08:32:34.925+0000] {logging_mixin.py:190} INFO - [2026-08-04T08:32:34.925+0000] {dagbag.py:588} INFO - Filling up the DagBag from /opt/airflow/dags/brewline_pipeline_dag.py
[2026-08-04T08:32:34.942+0000] {processor.py:925} INFO - DAG(s) 'brewline_pipeline' retrieved from /opt/airflow/dags/brewline_pipeline_dag.py
[2026-08-04T08:32:34.961+0000] {logging_mixin.py:190} INFO - [2026-08-04T08:32:34.961+0000] {dag.py:3239} INFO - Sync 1 DAGs
[2026-08-04T08:32:34.987+0000] {logging_mixin.py:190} INFO - [2026-08-04T08:32:34.987+0000] {dag.py:4180} INFO - Setting next_dagrun for brewline_pipeline to 2026-08-04 00:00:00+00:00, run_after=2026-08-05 00:00:00+00:00
[2026-08-04T08:32:35.007+0000] {processor.py:208} INFO - Processing /opt/airflow/dags/brewline_pipeline_dag.py took 0.092 seconds
[2026-08-04T08:33:05.320+0000] {processor.py:186} INFO - Started process (PID=1588) to work on /opt/airflow/dags/brewline_pipeline_dag.py
[2026-08-04T08:33:05.322+0000] {processor.py:914} INFO - Processing file /opt/airflow/dags/brewline_pipeline_dag.py for tasks to queue
[2026-08-04T08:33:05.325+0000] {logging_mixin.py:190} INFO - [2026-08-04T08:33:05.325+0000] {dagbag.py:588} INFO - Filling up the DagBag from /opt/airflow/dags/brewline_pipeline_dag.py
[2026-08-04T08:33:05.341+0000] {processor.py:925} INFO - DAG(s) 'brewline_pipeline' retrieved from /opt/airflow/dags/brewline_pipeline_dag.py
[2026-08-04T08:33:05.359+0000] {logging_mixin.py:190} INFO - [2026-08-04T08:33:05.358+0000] {dag.py:3239} INFO - Sync 1 DAGs
[2026-08-04T08:33:05.382+0000] {logging_mixin.py:190} INFO - [2026-08-04T08:33:05.382+0000] {dag.py:4180} INFO - Setting next_dagrun for brewline_pipeline to 2026-08-04 00:00:00+00:00, run_after=2026-08-05 00:00:00+00:00
[2026-08-04T08:33:05.402+0000] {processor.py:208} INFO - Processing /opt/airflow/dags/brewline_pipeline_dag.py took 0.088 seconds
[2026-08-04T08:33:35.557+0000] {processor.py:186} INFO - Started process (PID=1653) to work on /opt/airflow/dags/brewline_pipeline_dag.py
[2026-08-04T08:33:35.558+0000] {processor.py:914} INFO - Processing file /opt/airflow/dags/brewline_pipeline_dag.py for tasks to queue
[2026-08-04T08:33:35.561+0000] {logging_mixin.py:190} INFO - [2026-08-04T08:33:35.560+0000] {dagbag.py:588} INFO - Filling up the DagBag from /opt/airflow/dags/brewline_pipeline_dag.py
[2026-08-04T08:33:35.577+0000] {processor.py:925} INFO - DAG(s) 'brewline_pipeline' retrieved from /opt/airflow/dags/brewline_pipeline_dag.py
[2026-08-04T08:33:35.596+0000] {logging_mixin.py:190} INFO - [2026-08-04T08:33:35.596+0000] {dag.py:3239} INFO - Sync 1 DAGs
[2026-08-04T08:33:35.622+0000] {logging_mixin.py:190} INFO - [2026-08-04T08:33:35.622+0000] {dag.py:4180} INFO - Setting next_dagrun for brewline_pipeline to 2026-08-04 00:00:00+00:00, run_after=2026-08-05 00:00:00+00:00
[2026-08-04T08:33:35.642+0000] {processor.py:208} INFO - Processing /opt/airflow/dags/brewline_pipeline_dag.py took 0.092 seconds
[2026-08-04T08:34:06.001+0000] {processor.py:186} INFO - Started process (PID=1718) to work on /opt/airflow/dags/brewline_pipeline_dag.py
[2026-08-04T08:34:06.002+0000] {processor.py:914} INFO - Processing file /opt/airflow/dags/brewline_pipeline_dag.py for tasks to queue
[2026-08-04T08:34:06.006+0000] {logging_mixin.py:190} INFO - [2026-08-04T08:34:06.005+0000] {dagbag.py:588} INFO - Filling up the DagBag from /opt/airflow/dags/brewline_pipeline_dag.py
[2026-08-04T08:34:06.023+0000] {processor.py:925} INFO - DAG(s) 'brewline_pipeline' retrieved from /opt/airflow/dags/brewline_pipeline_dag.py
[2026-08-04T08:34:06.041+0000] {logging_mixin.py:190} INFO - [2026-08-04T08:34:06.041+0000] {dag.py:3239} INFO - Sync 1 DAGs
[2026-08-04T08:34:06.067+0000] {logging_mixin.py:190} INFO - [2026-08-04T08:34:06.067+0000] {dag.py:4180} INFO - Setting next_dagrun for brewline_pipeline to 2026-08-04 00:00:00+00:00, run_after=2026-08-05 00:00:00+00:00
[2026-08-04T08:34:06.089+0000] {processor.py:208} INFO - Processing /opt/airflow/dags/brewline_pipeline_dag.py took 0.094 seconds
[2026-08-04T08:34:36.507+0000] {processor.py:186} INFO - Started process (PID=1783) to work on /opt/airflow/dags/brewline_pipeline_dag.py
[2026-08-04T08:34:36.508+0000] {processor.py:914} INFO - Processing file /opt/airflow/dags/brewline_pipeline_dag.py for tasks to queue
[2026-08-04T08:34:36.511+0000] {logging_mixin.py:190} INFO - [2026-08-04T08:34:36.511+0000] {dagbag.py:588} INFO - Filling up the DagBag from /opt/airflow/dags/brewline_pipeline_dag.py
[2026-08-04T08:34:36.526+0000] {processor.py:925} INFO - DAG(s) 'brewline_pipeline' retrieved from /opt/airflow/dags/brewline_pipeline_dag.py
[2026-08-04T08:34:36.545+0000] {logging_mixin.py:190} INFO - [2026-08-04T08:34:36.545+0000] {dag.py:3239} INFO - Sync 1 DAGs
[2026-08-04T08:34:36.571+0000] {logging_mixin.py:190} INFO - [2026-08-04T08:34:36.571+0000] {dag.py:4180} INFO - Setting next_dagrun for brewline_pipeline to 2026-08-04 00:00:00+00:00, run_after=2026-08-05 00:00:00+00:00
[2026-08-04T08:34:36.593+0000] {processor.py:208} INFO - Processing /opt/airflow/dags/brewline_pipeline_dag.py took 0.093 seconds
[2026-08-04T08:35:07.461+0000] {processor.py:186} INFO - Started process (PID=1848) to work on /opt/airflow/dags/brewline_pipeline_dag.py
[2026-08-04T08:35:07.462+0000] {processor.py:914} INFO - Processing file /opt/airflow/dags/brewline_pipeline_dag.py for tasks to queue
[2026-08-04T08:35:07.465+0000] {logging_mixin.py:190} INFO - [2026-08-04T08:35:07.465+0000] {dagbag.py:588} INFO - Filling up the DagBag from /opt/airflow/dags/brewline_pipeline_dag.py
[2026-08-04T08:35:07.484+0000] {processor.py:925} INFO - DAG(s) 'brewline_pipeline' retrieved from /opt/airflow/dags/brewline_pipeline_dag.py
[2026-08-04T08:35:07.502+0000] {logging_mixin.py:190} INFO - [2026-08-04T08:35:07.502+0000] {dag.py:3239} INFO - Sync 1 DAGs
[2026-08-04T08:35:07.528+0000] {logging_mixin.py:190} INFO - [2026-08-04T08:35:07.528+0000] {dag.py:4180} INFO - Setting next_dagrun for brewline_pipeline to 2026-08-04 00:00:00+00:00, run_after=2026-08-05 00:00:00+00:00
[2026-08-04T08:35:07.549+0000] {processor.py:208} INFO - Processing /opt/airflow/dags/brewline_pipeline_dag.py took 0.094 seconds
[2026-08-04T08:35:37.928+0000] {processor.py:186} INFO - Started process (PID=1913) to work on /opt/airflow/dags/brewline_pipeline_dag.py
[2026-08-04T08:35:37.930+0000] {processor.py:914} INFO - Processing file /opt/airflow/dags/brewline_pipeline_dag.py for tasks to queue
[2026-08-04T08:35:37.936+0000] {logging_mixin.py:190} INFO - [2026-08-04T08:35:37.935+0000] {dagbag.py:588} INFO - Filling up the DagBag from /opt/airflow/dags/brewline_pipeline_dag.py
[2026-08-04T08:35:37.963+0000] {processor.py:925} INFO - DAG(s) 'brewline_pipeline' retrieved from /opt/airflow/dags/brewline_pipeline_dag.py
[2026-08-04T08:35:37.992+0000] {logging_mixin.py:190} INFO - [2026-08-04T08:35:37.991+0000] {dag.py:3239} INFO - Sync 1 DAGs
[2026-08-04T08:35:38.019+0000] {logging_mixin.py:190} INFO - [2026-08-04T08:35:38.019+0000] {dag.py:4180} INFO - Setting next_dagrun for brewline_pipeline to 2026-08-04 00:00:00+00:00, run_after=2026-08-05 00:00:00+00:00
[2026-08-04T08:35:38.040+0000] {processor.py:208} INFO - Processing /opt/airflow/dags/brewline_pipeline_dag.py took 0.122 seconds
[2026-08-04T08:36:08.766+0000] {processor.py:186} INFO - Started process (PID=1978) to work on /opt/airflow/dags/brewline_pipeline_dag.py
[2026-08-04T08:36:08.767+0000] {processor.py:914} INFO - Processing file /opt/airflow/dags/brewline_pipeline_dag.py for tasks to queue
[2026-08-04T08:36:08.770+0000] {logging_mixin.py:190} INFO - [2026-08-04T08:36:08.770+0000] {dagbag.py:588} INFO - Filling up the DagBag from /opt/airflow/dags/brewline_pipeline_dag.py
[2026-08-04T08:36:08.786+0000] {processor.py:925} INFO - DAG(s) 'brewline_pipeline' retrieved from /opt/airflow/dags/brewline_pipeline_dag.py
[2026-08-04T08:36:08.804+0000] {logging_mixin.py:190} INFO - [2026-08-04T08:36:08.804+0000] {dag.py:3239} INFO - Sync 1 DAGs
[2026-08-04T08:36:08.828+0000] {logging_mixin.py:190} INFO - [2026-08-04T08:36:08.828+0000] {dag.py:4180} INFO - Setting next_dagrun for brewline_pipeline to 2026-08-04 00:00:00+00:00, run_after=2026-08-05 00:00:00+00:00
[2026-08-04T08:36:08.848+0000] {processor.py:208} INFO - Processing /opt/airflow/dags/brewline_pipeline_dag.py took 0.088 seconds
[2026-08-04T08:36:38.956+0000] {processor.py:186} INFO - Started process (PID=2043) to work on /opt/airflow/dags/brewline_pipeline_dag.py
[2026-08-04T08:36:38.957+0000] {processor.py:914} INFO - Processing file /opt/airflow/dags/brewline_pipeline_dag.py for tasks to queue
[2026-08-04T08:36:38.959+0000] {logging_mixin.py:190} INFO - [2026-08-04T08:36:38.959+0000] {dagbag.py:588} INFO - Filling up the DagBag from /opt/airflow/dags/brewline_pipeline_dag.py
[2026-08-04T08:36:38.977+0000] {processor.py:925} INFO - DAG(s) 'brewline_pipeline' retrieved from /opt/airflow/dags/brewline_pipeline_dag.py
[2026-08-04T08:36:39.001+0000] {logging_mixin.py:190} INFO - [2026-08-04T08:36:39.000+0000] {dag.py:3239} INFO - Sync 1 DAGs
[2026-08-04T08:36:39.026+0000] {logging_mixin.py:190} INFO - [2026-08-04T08:36:39.026+0000] {dag.py:4180} INFO - Setting next_dagrun for brewline_pipeline to 2026-08-04 00:00:00+00:00, run_after=2026-08-05 00:00:00+00:00
[2026-08-04T08:36:39.047+0000] {processor.py:208} INFO - Processing /opt/airflow/dags/brewline_pipeline_dag.py took 0.097 seconds
[2026-08-04T08:37:09.744+0000] {processor.py:186} INFO - Started process (PID=2108) to work on /opt/airflow/dags/brewline_pipeline_dag.py
[2026-08-04T08:37:09.745+0000] {processor.py:914} INFO - Processing file /opt/airflow/dags/brewline_pipeline_dag.py for tasks to queue
[2026-08-04T08:37:09.748+0000] {logging_mixin.py:190} INFO - [2026-08-04T08:37:09.747+0000] {dagbag.py:588} INFO - Filling up the DagBag from /opt/airflow/dags/brewline_pipeline_dag.py
[2026-08-04T08:37:09.763+0000] {processor.py:925} INFO - DAG(s) 'brewline_pipeline' retrieved from /opt/airflow/dags/brewline_pipeline_dag.py
[2026-08-04T08:37:09.783+0000] {logging_mixin.py:190} INFO - [2026-08-04T08:37:09.783+0000] {dag.py:3239} INFO - Sync 1 DAGs
[2026-08-04T08:37:09.809+0000] {logging_mixin.py:190} INFO - [2026-08-04T08:37:09.809+0000] {dag.py:4180} INFO - Setting next_dagrun for brewline_pipeline to 2026-08-04 00:00:00+00:00, run_after=2026-08-05 00:00:00+00:00
[2026-08-04T08:37:09.830+0000] {processor.py:208} INFO - Processing /opt/airflow/dags/brewline_pipeline_dag.py took 0.092 seconds
[2026-08-04T08:37:40.357+0000] {processor.py:186} INFO - Started process (PID=2173) to work on /opt/airflow/dags/brewline_pipeline_dag.py
[2026-08-04T08:37:40.358+0000] {processor.py:914} INFO - Processing file /opt/airflow/dags/brewline_pipeline_dag.py for tasks to queue
[2026-08-04T08:37:40.361+0000] {logging_mixin.py:190} INFO - [2026-08-04T08:37:40.360+0000] {dagbag.py:588} INFO - Filling up the DagBag from /opt/airflow/dags/brewline_pipeline_dag.py
[2026-08-04T08:37:40.378+0000] {processor.py:925} INFO - DAG(s) 'brewline_pipeline' retrieved from /opt/airflow/dags/brewline_pipeline_dag.py
[2026-08-04T08:37:40.400+0000] {logging_mixin.py:190} INFO - [2026-08-04T08:37:40.400+0000] {dag.py:3239} INFO - Sync 1 DAGs
[2026-08-04T08:37:40.427+0000] {logging_mixin.py:190} INFO - [2026-08-04T08:37:40.426+0000] {dag.py:4180} INFO - Setting next_dagrun for brewline_pipeline to 2026-08-04 00:00:00+00:00, run_after=2026-08-05 00:00:00+00:00
[2026-08-04T08:37:40.452+0000] {processor.py:208} INFO - Processing /opt/airflow/dags/brewline_pipeline_dag.py took 0.101 seconds
[2026-08-04T08:38:10.683+0000] {processor.py:186} INFO - Started process (PID=2238) to work on /opt/airflow/dags/brewline_pipeline_dag.py
[2026-08-04T08:38:10.684+0000] {processor.py:914} INFO - Processing file /opt/airflow/dags/brewline_pipeline_dag.py for tasks to queue
[2026-08-04T08:38:10.687+0000] {logging_mixin.py:190} INFO - [2026-08-04T08:38:10.687+0000] {dagbag.py:588} INFO - Filling up the DagBag from /opt/airflow/dags/brewline_pipeline_dag.py
[2026-08-04T08:38:10.703+0000] {processor.py:925} INFO - DAG(s) 'brewline_pipeline' retrieved from /opt/airflow/dags/brewline_pipeline_dag.py
[2026-08-04T08:38:10.721+0000] {logging_mixin.py:190} INFO - [2026-08-04T08:38:10.721+0000] {dag.py:3239} INFO - Sync 1 DAGs
[2026-08-04T08:38:10.746+0000] {logging_mixin.py:190} INFO - [2026-08-04T08:38:10.745+0000] {dag.py:4180} INFO - Setting next_dagrun for brewline_pipeline to 2026-08-04 00:00:00+00:00, run_after=2026-08-05 00:00:00+00:00
[2026-08-04T08:38:10.765+0000] {processor.py:208} INFO - Processing /opt/airflow/dags/brewline_pipeline_dag.py took 0.088 seconds
[2026-08-04T08:38:41.283+0000] {processor.py:186} INFO - Started process (PID=2303) to work on /opt/airflow/dags/brewline_pipeline_dag.py
[2026-08-04T08:38:41.284+0000] {processor.py:914} INFO - Processing file /opt/airflow/dags/brewline_pipeline_dag.py for tasks to queue
[2026-08-04T08:38:41.287+0000] {logging_mixin.py:190} INFO - [2026-08-04T08:38:41.286+0000] {dagbag.py:588} INFO - Filling up the DagBag from /opt/airflow/dags/brewline_pipeline_dag.py
[2026-08-04T08:38:41.304+0000] {processor.py:925} INFO - DAG(s) 'brewline_pipeline' retrieved from /opt/airflow/dags/brewline_pipeline_dag.py
[2026-08-04T08:38:41.325+0000] {logging_mixin.py:190} INFO - [2026-08-04T08:38:41.325+0000] {dag.py:3239} INFO - Sync 1 DAGs
[2026-08-04T08:38:41.351+0000] {logging_mixin.py:190} INFO - [2026-08-04T08:38:41.351+0000] {dag.py:4180} INFO - Setting next_dagrun for brewline_pipeline to 2026-08-04 00:00:00+00:00, run_after=2026-08-05 00:00:00+00:00
[2026-08-04T08:38:41.373+0000] {processor.py:208} INFO - Processing /opt/airflow/dags/brewline_pipeline_dag.py took 0.097 seconds
[2026-08-04T08:39:11.409+0000] {processor.py:186} INFO - Started process (PID=2368) to work on /opt/airflow/dags/brewline_pipeline_dag.py
[2026-08-04T08:39:11.410+0000] {processor.py:914} INFO - Processing file /opt/airflow/dags/brewline_pipeline_dag.py for tasks to queue
[2026-08-04T08:39:11.413+0000] {logging_mixin.py:190} INFO - [2026-08-04T08:39:11.413+0000] {dagbag.py:588} INFO - Filling up the DagBag from /opt/airflow/dags/brewline_pipeline_dag.py
[2026-08-04T08:39:11.431+0000] {processor.py:925} INFO - DAG(s) 'brewline_pipeline' retrieved from /opt/airflow/dags/brewline_pipeline_dag.py
[2026-08-04T08:39:11.453+0000] {logging_mixin.py:190} INFO - [2026-08-04T08:39:11.453+0000] {dag.py:3239} INFO - Sync 1 DAGs
[2026-08-04T08:39:11.481+0000] {logging_mixin.py:190} INFO - [2026-08-04T08:39:11.481+0000] {dag.py:4180} INFO - Setting next_dagrun for brewline_pipeline to 2026-08-04 00:00:00+00:00, run_after=2026-08-05 00:00:00+00:00
[2026-08-04T08:39:11.506+0000] {processor.py:208} INFO - Processing /opt/airflow/dags/brewline_pipeline_dag.py took 0.104 seconds
[2026-08-04T08:39:41.767+0000] {processor.py:186} INFO - Started process (PID=2433) to work on /opt/airflow/dags/brewline_pipeline_dag.py
[2026-08-04T08:39:41.768+0000] {processor.py:914} INFO - Processing file /opt/airflow/dags/brewline_pipeline_dag.py for tasks to queue
[2026-08-04T08:39:41.771+0000] {logging_mixin.py:190} INFO - [2026-08-04T08:39:41.770+0000] {dagbag.py:588} INFO - Filling up the DagBag from /opt/airflow/dags/brewline_pipeline_dag.py
[2026-08-04T08:39:41.788+0000] {processor.py:925} INFO - DAG(s) 'brewline_pipeline' retrieved from /opt/airflow/dags/brewline_pipeline_dag.py
[2026-08-04T08:39:41.809+0000] {logging_mixin.py:190} INFO - [2026-08-04T08:39:41.809+0000] {dag.py:3239} INFO - Sync 1 DAGs
[2026-08-04T08:39:41.835+0000] {logging_mixin.py:190} INFO - [2026-08-04T08:39:41.835+0000] {dag.py:4180} INFO - Setting next_dagrun for brewline_pipeline to 2026-08-04 00:00:00+00:00, run_after=2026-08-05 00:00:00+00:00
[2026-08-04T08:39:41.856+0000] {processor.py:208} INFO - Processing /opt/airflow/dags/brewline_pipeline_dag.py took 0.095 seconds
[2026-08-04T08:40:12.014+0000] {processor.py:186} INFO - Started process (PID=2498) to work on /opt/airflow/dags/brewline_pipeline_dag.py
[2026-08-04T08:40:12.015+0000] {processor.py:914} INFO - Processing file /opt/airflow/dags/brewline_pipeline_dag.py for tasks to queue
[2026-08-04T08:40:12.018+0000] {logging_mixin.py:190} INFO - [2026-08-04T08:40:12.018+0000] {dagbag.py:588} INFO - Filling up the DagBag from /opt/airflow/dags/brewline_pipeline_dag.py
[2026-08-04T08:40:12.035+0000] {processor.py:925} INFO - DAG(s) 'brewline_pipeline' retrieved from /opt/airflow/dags/brewline_pipeline_dag.py
[2026-08-04T08:40:12.054+0000] {logging_mixin.py:190} INFO - [2026-08-04T08:40:12.054+0000] {dag.py:3239} INFO - Sync 1 DAGs
[2026-08-04T08:40:12.080+0000] {logging_mixin.py:190} INFO - [2026-08-04T08:40:12.079+0000] {dag.py:4180} INFO - Setting next_dagrun for brewline_pipeline to 2026-08-04 00:00:00+00:00, run_after=2026-08-05 00:00:00+00:00
[2026-08-04T08:40:12.100+0000] {processor.py:208} INFO - Processing /opt/airflow/dags/brewline_pipeline_dag.py took 0.092 seconds
[2026-08-04T08:40:42.739+0000] {processor.py:186} INFO - Started process (PID=2563) to work on /opt/airflow/dags/brewline_pipeline_dag.py
[2026-08-04T08:40:42.741+0000] {processor.py:914} INFO - Processing file /opt/airflow/dags/brewline_pipeline_dag.py for tasks to queue
[2026-08-04T08:40:42.744+0000] {logging_mixin.py:190} INFO - [2026-08-04T08:40:42.744+0000] {dagbag.py:588} INFO - Filling up the DagBag from /opt/airflow/dags/brewline_pipeline_dag.py
[2026-08-04T08:40:42.764+0000] {processor.py:925} INFO - DAG(s) 'brewline_pipeline' retrieved from /opt/airflow/dags/brewline_pipeline_dag.py
[2026-08-04T08:40:42.787+0000] {logging_mixin.py:190} INFO - [2026-08-04T08:40:42.787+0000] {dag.py:3239} INFO - Sync 1 DAGs
[2026-08-04T08:40:42.814+0000] {logging_mixin.py:190} INFO - [2026-08-04T08:40:42.814+0000] {dag.py:4180} INFO - Setting next_dagrun for brewline_pipeline to 2026-08-04 00:00:00+00:00, run_after=2026-08-05 00:00:00+00:00
[2026-08-04T08:40:42.836+0000] {processor.py:208} INFO - Processing /opt/airflow/dags/brewline_pipeline_dag.py took 0.104 seconds
[2026-08-04T08:41:13.221+0000] {processor.py:186} INFO - Started process (PID=2628) to work on /opt/airflow/dags/brewline_pipeline_dag.py
[2026-08-04T08:41:13.222+0000] {processor.py:914} INFO - Processing file /opt/airflow/dags/brewline_pipeline_dag.py for tasks to queue
[2026-08-04T08:41:13.225+0000] {logging_mixin.py:190} INFO - [2026-08-04T08:41:13.225+0000] {dagbag.py:588} INFO - Filling up the DagBag from /opt/airflow/dags/brewline_pipeline_dag.py
[2026-08-04T08:41:13.242+0000] {processor.py:925} INFO - DAG(s) 'brewline_pipeline' retrieved from /opt/airflow/dags/brewline_pipeline_dag.py
[2026-08-04T08:41:13.261+0000] {logging_mixin.py:190} INFO - [2026-08-04T08:41:13.261+0000] {dag.py:3239} INFO - Sync 1 DAGs
[2026-08-04T08:41:13.287+0000] {logging_mixin.py:190} INFO - [2026-08-04T08:41:13.287+0000] {dag.py:4180} INFO - Setting next_dagrun for brewline_pipeline to 2026-08-04 00:00:00+00:00, run_after=2026-08-05 00:00:00+00:00
[2026-08-04T08:41:13.310+0000] {processor.py:208} INFO - Processing /opt/airflow/dags/brewline_pipeline_dag.py took 0.095 seconds
[2026-08-04T08:41:43.449+0000] {processor.py:186} INFO - Started process (PID=2693) to work on /opt/airflow/dags/brewline_pipeline_dag.py
[2026-08-04T08:41:43.450+0000] {processor.py:914} INFO - Processing file /opt/airflow/dags/brewline_pipeline_dag.py for tasks to queue
[2026-08-04T08:41:43.453+0000] {logging_mixin.py:190} INFO - [2026-08-04T08:41:43.452+0000] {dagbag.py:588} INFO - Filling up the DagBag from /opt/airflow/dags/brewline_pipeline_dag.py
[2026-08-04T08:41:43.468+0000] {processor.py:925} INFO - DAG(s) 'brewline_pipeline' retrieved from /opt/airflow/dags/brewline_pipeline_dag.py
[2026-08-04T08:41:43.487+0000] {logging_mixin.py:190} INFO - [2026-08-04T08:41:43.487+0000] {dag.py:3239} INFO - Sync 1 DAGs
[2026-08-04T08:41:43.511+0000] {logging_mixin.py:190} INFO - [2026-08-04T08:41:43.510+0000] {dag.py:4180} INFO - Setting next_dagrun for brewline_pipeline to 2026-08-04 00:00:00+00:00, run_after=2026-08-05 00:00:00+00:00
[2026-08-04T08:41:43.531+0000] {processor.py:208} INFO - Processing /opt/airflow/dags/brewline_pipeline_dag.py took 0.088 seconds
