[2026-08-11T05:48:26.546+0000] {local_task_job_runner.py:123} INFO - ::group::Pre task execution logs
[2026-08-11T05:48:26.576+0000] {taskinstance.py:2614} INFO - Dependencies all met for dep_context=non-requeueable deps ti=<TaskInstance: brewline_pipeline_bigquery.dbt_run_bigquery backfill__2026-07-12T00:00:00+00:00 [queued]>
[2026-08-11T05:48:26.594+0000] {taskinstance.py:2614} INFO - Dependencies all met for dep_context=requeueable deps ti=<TaskInstance: brewline_pipeline_bigquery.dbt_run_bigquery backfill__2026-07-12T00:00:00+00:00 [queued]>
[2026-08-11T05:48:26.596+0000] {taskinstance.py:2867} INFO - Starting attempt 2 of 2
[2026-08-11T05:48:26.619+0000] {taskinstance.py:2890} INFO - Executing <Task(DockerOperator): dbt_run_bigquery> on 2026-07-12 00:00:00+00:00
[2026-08-11T05:48:26.634+0000] {warnings.py:112} WARNING - /home/***/.local/lib/python3.12/site-packages/***/task/task_runner/standard_task_runner.py:70: DeprecationWarning: This process (pid=1087) is multi-threaded, use of fork() may lead to deadlocks in the child.
  pid = os.fork()

[2026-08-11T05:48:26.637+0000] {standard_task_runner.py:72} INFO - Started process 1089 to run task
[2026-08-11T05:48:26.637+0000] {standard_task_runner.py:104} INFO - Running: ['***', 'tasks', 'run', 'brewline_pipeline_bigquery', 'dbt_run_bigquery', 'backfill__2026-07-12T00:00:00+00:00', '--job-id', '85', '--pool', 'default_pool', '--raw', '--subdir', 'DAGS_FOLDER/brewline_pipeline_bigquery_dag.py', '--cfg-path', '/tmp/tmpcr77t6pm']
[2026-08-11T05:48:26.639+0000] {standard_task_runner.py:105} INFO - Job 85: Subtask dbt_run_bigquery
[2026-08-11T05:48:26.728+0000] {task_command.py:467} INFO - Running <TaskInstance: brewline_pipeline_bigquery.dbt_run_bigquery backfill__2026-07-12T00:00:00+00:00 [running]> on host 5224a343584d
[2026-08-11T05:48:26.824+0000] {taskinstance.py:3134} INFO - Exporting env vars: AIRFLOW_CTX_DAG_OWNER='***' AIRFLOW_CTX_DAG_ID='brewline_pipeline_bigquery' AIRFLOW_CTX_TASK_ID='dbt_run_bigquery' AIRFLOW_CTX_EXECUTION_DATE='2026-07-12T00:00:00+00:00' AIRFLOW_CTX_TRY_NUMBER='2' AIRFLOW_CTX_DAG_RUN_ID='backfill__2026-07-12T00:00:00+00:00'
[2026-08-11T05:48:26.826+0000] {logging_mixin.py:190} INFO - Task instance is in running state
[2026-08-11T05:48:26.827+0000] {logging_mixin.py:190} INFO -  Previous state of the Task instance: queued
[2026-08-11T05:48:26.827+0000] {logging_mixin.py:190} INFO - Current task name:dbt_run_bigquery state:running start_date:2026-08-11 05:48:26.577813+00:00
[2026-08-11T05:48:26.828+0000] {logging_mixin.py:190} INFO - Dag name:brewline_pipeline_bigquery and current dag run status:running
[2026-08-11T05:48:26.829+0000] {taskinstance.py:732} INFO - ::endgroup::
[2026-08-11T05:48:26.885+0000] {docker.py:345} INFO - Starting docker container from image brewline-dbt:latest
[2026-08-11T05:48:29.258+0000] {docker.py:69} INFO - [0m05:48:29  Running with dbt=1.12.0
[2026-08-11T05:48:29.796+0000] {docker.py:69} INFO - [0m05:48:29  Installing dbt-labs/dbt_utils
[2026-08-11T05:48:34.330+0000] {docker.py:69} INFO - [0m05:48:34  Installed from version 1.4.1
[2026-08-11T05:48:34.331+0000] {docker.py:69} INFO - [0m05:48:34  Up to date!
[2026-08-11T05:48:37.895+0000] {docker.py:69} INFO - [0m05:48:37  Running with dbt=1.12.0
[2026-08-11T05:48:39.265+0000] {docker.py:69} INFO - [0m05:48:39  Registered adapter: bigquery=1.12.0
[2026-08-11T05:48:40.427+0000] {docker.py:69} INFO - [0m05:48:40  Found 9 models, 52 data tests, 2 seeds, 5 sources, 699 macros
[2026-08-11T05:48:40.435+0000] {docker.py:69} INFO - [0m05:48:40
[2026-08-11T05:48:40.436+0000] {docker.py:69} INFO - [0m05:48:40  Concurrency: 4 threads (target='bigquery')
[2026-08-11T05:48:40.438+0000] {docker.py:69} INFO - [0m05:48:40
[2026-08-11T05:48:40.457+0000] {docker.py:69} INFO - WARNING:google.auth._default:No project ID could be determined. Consider running `gcloud config set project` or setting the GOOGLE_CLOUD_PROJECT environment variable
[2026-08-11T05:48:40.458+0000] {docker.py:69} INFO - WARNING:google.auth._default:No project ID could be determined. Consider running `gcloud config set project` or setting the GOOGLE_CLOUD_PROJECT environment variable
[2026-08-11T05:48:41.410+0000] {docker.py:69} INFO - [0m05:48:41  1 of 9 START sql incremental model silver.stg_customers ........................ [RUN]
[2026-08-11T05:48:41.411+0000] {docker.py:69} INFO - [0m05:48:41  2 of 9 START sql incremental model silver.stg_orders ........................... [RUN]
[2026-08-11T05:48:41.412+0000] {docker.py:69} INFO - [0m05:48:41  3 of 9 START sql incremental model silver.stg_refunds .......................... [RUN]
[2026-08-11T05:48:41.414+0000] {docker.py:69} INFO - [0m05:48:41  4 of 9 START sql table model silver.stg_subscriptions .......................... [RUN]
[2026-08-11T05:48:43.207+0000] {docker.py:69} INFO - [0m05:48:43  1 of 9 OK created sql incremental model silver.stg_customers ................... [[32mMERGE (50.0 rows, 17.8 KiB processed)[0m in 1.79s]
[2026-08-11T05:48:43.270+0000] {docker.py:69} INFO - [0m05:48:43  4 of 9 OK created sql table model silver.stg_subscriptions ..................... [[32mCREATE TABLE (35.0 rows, 2.6 KiB processed)[0m in 1.85s]
[2026-08-11T05:48:43.275+0000] {docker.py:69} INFO - [0m05:48:43  5 of 9 START sql table model gold.fact_subscription_churn ...................... [RUN]
[2026-08-11T05:48:43.442+0000] {docker.py:69} INFO - [0m05:48:43  3 of 9 OK created sql incremental model silver.stg_refunds ..................... [[32mMERGE (1.0 rows, 48.7 KiB processed)[0m in 2.02s]
[2026-08-11T05:48:43.450+0000] {docker.py:69} INFO - [0m05:48:43  2 of 9 OK created sql incremental model silver.stg_orders ...................... [[32mMERGE (64.0 rows, 37.6 KiB processed)[0m in 2.03s]
[2026-08-11T05:48:43.454+0000] {docker.py:69} INFO - [0m05:48:43  6 of 9 START sql table model gold.fact_customer_health ......................... [RUN]
[2026-08-11T05:48:43.455+0000] {docker.py:69} INFO - [0m05:48:43  7 of 9 START sql table model gold.fact_customer_rfm ............................ [RUN]
[2026-08-11T05:48:43.456+0000] {docker.py:69} INFO - [0m05:48:43  8 of 9 START sql table model gold.fact_refund_alerts ........................... [RUN]
[2026-08-11T05:48:44.795+0000] {docker.py:69} INFO - [0m05:48:44  5 of 9 OK created sql table model gold.fact_subscription_churn ................. [[32mCREATE TABLE (35.0 rows, 1.7 KiB processed)[0m in 1.52s]
[2026-08-11T05:48:44.800+0000] {docker.py:69} INFO - [0m05:48:44  9 of 9 START sql table model gold.fact_weekly_revenue .......................... [RUN]
[2026-08-11T05:48:44.992+0000] {docker.py:69} INFO - [0m05:48:44  6 of 9 OK created sql table model gold.fact_customer_health .................... [[32mCREATE TABLE (116.0 rows, 12.5 KiB processed)[0m in 1.53s]
[2026-08-11T05:48:45.557+0000] {docker.py:69} INFO - [0m05:48:45  7 of 9 OK created sql table model gold.fact_customer_rfm ....................... [[32mCREATE TABLE (116.0 rows, 18.5 KiB processed)[0m in 2.10s]
[2026-08-11T05:48:45.579+0000] {docker.py:69} INFO - [0m05:48:45  8 of 9 OK created sql table model gold.fact_refund_alerts ...................... [[32mCREATE TABLE (8.0 rows, 2.3 KiB processed)[0m in 2.12s]
[2026-08-11T05:48:46.302+0000] {docker.py:69} INFO - [0m05:48:46  9 of 9 OK created sql table model gold.fact_weekly_revenue ..................... [[32mCREATE TABLE (4.0 rows, 10.6 KiB processed)[0m in 1.50s]
[2026-08-11T05:48:46.316+0000] {docker.py:69} INFO - [0m05:48:46
[2026-08-11T05:48:46.317+0000] {docker.py:69} INFO - [0m05:48:46  Finished running 3 incremental models, 6 table models in 0 hours 0 minutes and 5.88 seconds (5.88s).
[2026-08-11T05:48:46.485+0000] {docker.py:69} INFO - [0m05:48:46
[2026-08-11T05:48:46.487+0000] {docker.py:69} INFO - [0m05:48:46  [32mCompleted successfully[0m
[2026-08-11T05:48:46.488+0000] {docker.py:69} INFO - [0m05:48:46
[2026-08-11T05:48:46.491+0000] {docker.py:69} INFO - [0m05:48:46  Done. PASS=9 WARN=0 ERROR=0 SKIP=0 NO-OP=0 REUSED=0 TOTAL=9
[2026-08-11T05:48:48.561+0000] {taskinstance.py:341} INFO - ::group::Post task execution logs
[2026-08-11T05:48:48.563+0000] {taskinstance.py:353} INFO - Marking task as SUCCESS. dag_id=brewline_pipeline_bigquery, task_id=dbt_run_bigquery, run_id=backfill__2026-07-12T00:00:00+00:00, execution_date=20260712T000000, start_date=20260811T054826, end_date=20260811T054848
[2026-08-11T05:48:48.599+0000] {logging_mixin.py:190} INFO - Task instance in success state
[2026-08-11T05:48:48.600+0000] {logging_mixin.py:190} INFO -  Previous state of the Task instance: running
[2026-08-11T05:48:48.602+0000] {logging_mixin.py:190} INFO - Dag name:brewline_pipeline_bigquery queued_at:2026-08-11 05:31:04.355955+00:00
[2026-08-11T05:48:48.603+0000] {logging_mixin.py:190} INFO - Task hostname:5224a343584d operator:DockerOperator
[2026-08-11T05:48:48.652+0000] {local_task_job_runner.py:266} INFO - Task exited with return code 0
[2026-08-11T05:48:48.675+0000] {taskinstance.py:3901} INFO - 1 downstream tasks scheduled from follow-on schedule check
[2026-08-11T05:48:48.678+0000] {local_task_job_runner.py:245} INFO - ::endgroup::
