[2026-08-09T13:54:01.374+0000] {local_task_job_runner.py:123} INFO - ::group::Pre task execution logs
[2026-08-09T13:54:01.395+0000] {taskinstance.py:2614} INFO - Dependencies all met for dep_context=non-requeueable deps ti=<TaskInstance: brewline_pipeline_bigquery.dbt_run_bigquery backfill__2026-07-12T00:00:00+00:00 [queued]>
[2026-08-09T13:54:01.405+0000] {taskinstance.py:2614} INFO - Dependencies all met for dep_context=requeueable deps ti=<TaskInstance: brewline_pipeline_bigquery.dbt_run_bigquery backfill__2026-07-12T00:00:00+00:00 [queued]>
[2026-08-09T13:54:01.406+0000] {taskinstance.py:2867} INFO - Starting attempt 1 of 1
[2026-08-09T13:54:01.420+0000] {taskinstance.py:2890} INFO - Executing <Task(DockerOperator): dbt_run_bigquery> on 2026-07-12 00:00:00+00:00
[2026-08-09T13:54:01.429+0000] {warnings.py:112} WARNING - /home/***/.local/lib/python3.12/site-packages/***/task/task_runner/standard_task_runner.py:70: DeprecationWarning: This process (pid=175) is multi-threaded, use of fork() may lead to deadlocks in the child.
  pid = os.fork()

[2026-08-09T13:54:01.431+0000] {standard_task_runner.py:72} INFO - Started process 177 to run task
[2026-08-09T13:54:01.431+0000] {standard_task_runner.py:104} INFO - Running: ['***', 'tasks', 'run', 'brewline_pipeline_bigquery', 'dbt_run_bigquery', 'backfill__2026-07-12T00:00:00+00:00', '--job-id', '12', '--pool', 'default_pool', '--raw', '--subdir', 'DAGS_FOLDER/brewline_pipeline_bigquery_dag.py', '--cfg-path', '/tmp/tmpq5op0gyw']
[2026-08-09T13:54:01.432+0000] {standard_task_runner.py:105} INFO - Job 12: Subtask dbt_run_bigquery
[2026-08-09T13:54:01.489+0000] {task_command.py:467} INFO - Running <TaskInstance: brewline_pipeline_bigquery.dbt_run_bigquery backfill__2026-07-12T00:00:00+00:00 [running]> on host 5224a343584d
[2026-08-09T13:54:01.578+0000] {taskinstance.py:3134} INFO - Exporting env vars: AIRFLOW_CTX_DAG_OWNER='***' AIRFLOW_CTX_DAG_ID='brewline_pipeline_bigquery' AIRFLOW_CTX_TASK_ID='dbt_run_bigquery' AIRFLOW_CTX_EXECUTION_DATE='2026-07-12T00:00:00+00:00' AIRFLOW_CTX_TRY_NUMBER='1' AIRFLOW_CTX_DAG_RUN_ID='backfill__2026-07-12T00:00:00+00:00'
[2026-08-09T13:54:01.581+0000] {logging_mixin.py:190} INFO - Task instance is in running state
[2026-08-09T13:54:01.581+0000] {logging_mixin.py:190} INFO -  Previous state of the Task instance: queued
[2026-08-09T13:54:01.582+0000] {logging_mixin.py:190} INFO - Current task name:dbt_run_bigquery state:running start_date:2026-08-09 13:54:01.396315+00:00
[2026-08-09T13:54:01.582+0000] {logging_mixin.py:190} INFO - Dag name:brewline_pipeline_bigquery and current dag run status:running
[2026-08-09T13:54:01.583+0000] {taskinstance.py:732} INFO - ::endgroup::
[2026-08-09T13:54:01.648+0000] {docker.py:345} INFO - Starting docker container from image brewline-dbt:latest
[2026-08-09T13:54:03.834+0000] {docker.py:69} INFO - [0m13:54:03  Running with dbt=1.12.0
[2026-08-09T13:54:04.318+0000] {docker.py:69} INFO - [0m13:54:04  Installing dbt-labs/dbt_utils
[2026-08-09T13:54:09.582+0000] {docker.py:69} INFO - [0m13:54:09  Installed from version 1.4.1
[2026-08-09T13:54:09.583+0000] {docker.py:69} INFO - [0m13:54:09  Up to date!
[2026-08-09T13:54:12.823+0000] {docker.py:69} INFO - [0m13:54:12  Running with dbt=1.12.0
[2026-08-09T13:54:13.984+0000] {docker.py:69} INFO - [0m13:54:13  Registered adapter: bigquery=1.12.0
[2026-08-09T13:54:15.038+0000] {docker.py:69} INFO - [0m13:54:15  Found 9 models, 52 data tests, 2 seeds, 5 sources, 699 macros
[2026-08-09T13:54:15.043+0000] {docker.py:69} INFO - [0m13:54:15
[2026-08-09T13:54:15.044+0000] {docker.py:69} INFO - [0m13:54:15  Concurrency: 4 threads (target='bigquery')
[2026-08-09T13:54:15.045+0000] {docker.py:69} INFO - [0m13:54:15
[2026-08-09T13:54:15.060+0000] {docker.py:69} INFO - WARNING:google.auth._default:No project ID could be determined. Consider running `gcloud config set project` or setting the GOOGLE_CLOUD_PROJECT environment variable
[2026-08-09T13:54:15.061+0000] {docker.py:69} INFO - WARNING:google.auth._default:No project ID could be determined. Consider running `gcloud config set project` or setting the GOOGLE_CLOUD_PROJECT environment variable
[2026-08-09T13:54:16.003+0000] {docker.py:69} INFO - [0m13:54:16  1 of 9 START sql incremental model silver.stg_customers ........................ [RUN]
[2026-08-09T13:54:16.005+0000] {docker.py:69} INFO - [0m13:54:16  2 of 9 START sql incremental model silver.stg_orders ........................... [RUN]
[2026-08-09T13:54:16.006+0000] {docker.py:69} INFO - [0m13:54:16  3 of 9 START sql incremental model silver.stg_refunds .......................... [RUN]
[2026-08-09T13:54:16.007+0000] {docker.py:69} INFO - [0m13:54:16  4 of 9 START sql table model silver.stg_subscriptions .......................... [RUN]
[2026-08-09T13:54:17.790+0000] {docker.py:69} INFO - [0m13:54:17  1 of 9 OK created sql incremental model silver.stg_customers ................... [[32mMERGE (50.0 rows, 17.8 KiB processed)[0m in 1.78s]
[2026-08-09T13:54:17.847+0000] {docker.py:69} INFO - [0m13:54:17  4 of 9 OK created sql table model silver.stg_subscriptions ..................... [[32mCREATE TABLE (35.0 rows, 2.6 KiB processed)[0m in 1.83s]
[2026-08-09T13:54:17.851+0000] {docker.py:69} INFO - [0m13:54:17  5 of 9 START sql table model gold.fact_subscription_churn ...................... [RUN]
[2026-08-09T13:54:18.025+0000] {docker.py:69} INFO - [0m13:54:18  3 of 9 OK created sql incremental model silver.stg_refunds ..................... [[32mMERGE (1.0 rows, 23.4 KiB processed)[0m in 2.01s]
[2026-08-09T13:54:18.284+0000] {docker.py:69} INFO - [0m13:54:18  2 of 9 OK created sql incremental model silver.stg_orders ...................... [[32mMERGE (64.0 rows, 31.5 KiB processed)[0m in 2.27s]
[2026-08-09T13:54:18.289+0000] {docker.py:69} INFO - [0m13:54:18  6 of 9 START sql table model gold.fact_customer_health ......................... [RUN]
[2026-08-09T13:54:18.291+0000] {docker.py:69} INFO - [0m13:54:18  7 of 9 START sql table model gold.fact_customer_rfm ............................ [RUN]
[2026-08-09T13:54:18.292+0000] {docker.py:69} INFO - [0m13:54:18  8 of 9 START sql table model gold.fact_refund_alerts ........................... [RUN]
[2026-08-09T13:54:19.351+0000] {docker.py:69} INFO - [0m13:54:19  5 of 9 OK created sql table model gold.fact_subscription_churn ................. [[32mCREATE TABLE (35.0 rows, 1.7 KiB processed)[0m in 1.50s]
[2026-08-09T13:54:19.355+0000] {docker.py:69} INFO - [0m13:54:19  9 of 9 START sql table model gold.fact_weekly_revenue .......................... [RUN]
[2026-08-09T13:54:19.907+0000] {docker.py:69} INFO - [0m13:54:19  6 of 9 OK created sql table model gold.fact_customer_health .................... [[32mCREATE TABLE (116.0 rows, 12.5 KiB processed)[0m in 1.61s]
[2026-08-09T13:54:20.150+0000] {docker.py:69} INFO - [0m13:54:20  8 of 9 OK created sql table model gold.fact_refund_alerts ...................... [[32mCREATE TABLE (8.0 rows, 2.3 KiB processed)[0m in 1.85s]
[2026-08-09T13:54:20.419+0000] {docker.py:69} INFO - [0m13:54:20  7 of 9 OK created sql table model gold.fact_customer_rfm ....................... [[32mCREATE TABLE (116.0 rows, 16.2 KiB processed)[0m in 2.12s]
[2026-08-09T13:54:20.591+0000] {docker.py:69} INFO - [0m13:54:20  9 of 9 OK created sql table model gold.fact_weekly_revenue ..................... [[32mCREATE TABLE (4.0 rows, 8.3 KiB processed)[0m in 1.23s]
[2026-08-09T13:54:20.615+0000] {docker.py:69} INFO - [0m13:54:20
[2026-08-09T13:54:20.618+0000] {docker.py:69} INFO - [0m13:54:20  Finished running 3 incremental models, 6 table models in 0 hours 0 minutes and 5.57 seconds (5.57s).
[2026-08-09T13:54:20.770+0000] {docker.py:69} INFO - [0m13:54:20
[2026-08-09T13:54:20.771+0000] {docker.py:69} INFO - [0m13:54:20  [32mCompleted successfully[0m
[2026-08-09T13:54:20.772+0000] {docker.py:69} INFO - [0m13:54:20
[2026-08-09T13:54:20.774+0000] {docker.py:69} INFO - [0m13:54:20  Done. PASS=9 WARN=0 ERROR=0 SKIP=0 NO-OP=0 REUSED=0 TOTAL=9
[2026-08-09T13:54:22.852+0000] {taskinstance.py:341} INFO - ::group::Post task execution logs
[2026-08-09T13:54:22.853+0000] {taskinstance.py:353} INFO - Marking task as SUCCESS. dag_id=brewline_pipeline_bigquery, task_id=dbt_run_bigquery, run_id=backfill__2026-07-12T00:00:00+00:00, execution_date=20260712T000000, start_date=20260809T135401, end_date=20260809T135422
[2026-08-09T13:54:22.887+0000] {logging_mixin.py:190} INFO - Task instance in success state
[2026-08-09T13:54:22.889+0000] {logging_mixin.py:190} INFO -  Previous state of the Task instance: running
[2026-08-09T13:54:22.890+0000] {logging_mixin.py:190} INFO - Dag name:brewline_pipeline_bigquery queued_at:None
[2026-08-09T13:54:22.891+0000] {logging_mixin.py:190} INFO - Task hostname:5224a343584d operator:DockerOperator
[2026-08-09T13:54:22.921+0000] {local_task_job_runner.py:266} INFO - Task exited with return code 0
[2026-08-09T13:54:22.941+0000] {taskinstance.py:3901} INFO - 1 downstream tasks scheduled from follow-on schedule check
[2026-08-09T13:54:22.944+0000] {local_task_job_runner.py:245} INFO - ::endgroup::
