[2026-08-11T06:28:33.295+0000] {local_task_job_runner.py:123} INFO - ::group::Pre task execution logs
[2026-08-11T06:28:33.314+0000] {taskinstance.py:2614} INFO - Dependencies all met for dep_context=non-requeueable deps ti=<TaskInstance: brewline_pipeline_bigquery.bronze_ingest_bigquery backfill__2026-08-10T00:00:00+00:00 [queued]>
[2026-08-11T06:28:33.324+0000] {taskinstance.py:2614} INFO - Dependencies all met for dep_context=requeueable deps ti=<TaskInstance: brewline_pipeline_bigquery.bronze_ingest_bigquery backfill__2026-08-10T00:00:00+00:00 [queued]>
[2026-08-11T06:28:33.324+0000] {taskinstance.py:2867} INFO - Starting attempt 1 of 1
[2026-08-11T06:28:33.339+0000] {taskinstance.py:2890} INFO - Executing <Task(DockerOperator): bronze_ingest_bigquery> on 2026-08-10 00:00:00+00:00
[2026-08-11T06:28:33.349+0000] {warnings.py:112} WARNING - /home/***/.local/lib/python3.12/site-packages/***/task/task_runner/standard_task_runner.py:70: DeprecationWarning: This process (pid=1936) is multi-threaded, use of fork() may lead to deadlocks in the child.
  pid = os.fork()

[2026-08-11T06:28:33.352+0000] {standard_task_runner.py:72} INFO - Started process 1938 to run task
[2026-08-11T06:28:33.352+0000] {standard_task_runner.py:104} INFO - Running: ['***', 'tasks', 'run', 'brewline_pipeline_bigquery', 'bronze_ingest_bigquery', 'backfill__2026-08-10T00:00:00+00:00', '--job-id', '171', '--pool', 'default_pool', '--raw', '--subdir', 'DAGS_FOLDER/brewline_pipeline_bigquery_dag.py', '--cfg-path', '/tmp/tmp68nild74']
[2026-08-11T06:28:33.354+0000] {standard_task_runner.py:105} INFO - Job 171: Subtask bronze_ingest_bigquery
[2026-08-11T06:28:33.415+0000] {task_command.py:467} INFO - Running <TaskInstance: brewline_pipeline_bigquery.bronze_ingest_bigquery backfill__2026-08-10T00:00:00+00:00 [running]> on host 5224a343584d
[2026-08-11T06:28:33.533+0000] {taskinstance.py:3134} INFO - Exporting env vars: AIRFLOW_CTX_DAG_OWNER='***' AIRFLOW_CTX_DAG_ID='brewline_pipeline_bigquery' AIRFLOW_CTX_TASK_ID='bronze_ingest_bigquery' AIRFLOW_CTX_EXECUTION_DATE='2026-08-10T00:00:00+00:00' AIRFLOW_CTX_TRY_NUMBER='1' AIRFLOW_CTX_DAG_RUN_ID='backfill__2026-08-10T00:00:00+00:00'
[2026-08-11T06:28:33.536+0000] {logging_mixin.py:190} INFO - Task instance is in running state
[2026-08-11T06:28:33.537+0000] {logging_mixin.py:190} INFO -  Previous state of the Task instance: queued
[2026-08-11T06:28:33.538+0000] {logging_mixin.py:190} INFO - Current task name:bronze_ingest_bigquery state:running start_date:2026-08-11 06:28:33.315405+00:00
[2026-08-11T06:28:33.539+0000] {logging_mixin.py:190} INFO - Dag name:brewline_pipeline_bigquery and current dag run status:running
[2026-08-11T06:28:33.540+0000] {taskinstance.py:732} INFO - ::endgroup::
[2026-08-11T06:28:33.614+0000] {docker.py:345} INFO - Starting docker container from image brewline-bronze:latest
[2026-08-11T06:28:39.048+0000] {docker.py:69} INFO - 2026-08-11 06:28:39,047 [INFO] bronze_bigquery: bronze.shopify_orders: 36 rows this run (partition 2026-08-10) -> gs://brewline-data-lake/bronze/source_name=shopify_orders/year=2026/month=08/day=10/part-0000.parquet, 1388 total in BigQuery
[2026-08-11T06:28:42.474+0000] {docker.py:69} INFO - 2026-08-11 06:28:42,473 [INFO] bronze_bigquery: bronze.square_transactions: 49 rows this run (partition 2026-08-10) -> gs://brewline-data-lake/bronze/source_name=square_transactions/year=2026/month=08/day=10/part-0000.parquet, 1359 total in BigQuery
[2026-08-11T06:28:43.973+0000] {docker.py:69} INFO - 2026-08-11 06:28:43,972 [INFO] bronze_bigquery: bronze.recharge_subscriptions: 38 rows this run (full snapshot replace) -> gs://brewline-data-lake/bronze/source_name=recharge_subscriptions/year=2026/month=08/day=10/part-0000.parquet, 38 total in BigQuery
[2026-08-11T06:28:44.002+0000] {docker.py:69} INFO - 2026-08-11 06:28:44,001 [INFO] bronze_bigquery: no raw file for 'zendesk_tickets' on 2026-08-10 -- treating as zero rows (not required daily)
[2026-08-11T06:28:44.003+0000] {docker.py:69} INFO - 2026-08-11 06:28:44,002 [INFO] bronze_bigquery: bronze.zendesk_tickets: skipped, no data for 2026-08-10
[2026-08-11T06:28:48.089+0000] {docker.py:69} INFO - 2026-08-11 06:28:48,088 [INFO] bronze_bigquery: bronze.shipstation_shipments: 38 rows this run (partition 2026-08-10) -> gs://brewline-data-lake/bronze/source_name=shipstation_shipments/year=2026/month=08/day=10/part-0000.parquet, 1131 total in BigQuery
[2026-08-11T06:28:48.497+0000] {taskinstance.py:341} INFO - ::group::Post task execution logs
[2026-08-11T06:28:48.498+0000] {taskinstance.py:353} INFO - Marking task as SUCCESS. dag_id=brewline_pipeline_bigquery, task_id=bronze_ingest_bigquery, run_id=backfill__2026-08-10T00:00:00+00:00, execution_date=20260810T000000, start_date=20260811T062833, end_date=20260811T062848
[2026-08-11T06:28:48.537+0000] {logging_mixin.py:190} INFO - Task instance in success state
[2026-08-11T06:28:48.540+0000] {logging_mixin.py:190} INFO -  Previous state of the Task instance: running
[2026-08-11T06:28:48.542+0000] {logging_mixin.py:190} INFO - Dag name:brewline_pipeline_bigquery queued_at:None
[2026-08-11T06:28:48.544+0000] {logging_mixin.py:190} INFO - Task hostname:5224a343584d operator:DockerOperator
[2026-08-11T06:28:48.588+0000] {local_task_job_runner.py:266} INFO - Task exited with return code 0
[2026-08-11T06:28:48.624+0000] {taskinstance.py:3901} INFO - 0 downstream tasks scheduled from follow-on schedule check
[2026-08-11T06:28:48.628+0000] {local_task_job_runner.py:245} INFO - ::endgroup::
