[2026-08-11T06:00:38.252+0000] {local_task_job_runner.py:123} INFO - ::group::Pre task execution logs
[2026-08-11T06:00:38.279+0000] {taskinstance.py:2614} INFO - Dependencies all met for dep_context=non-requeueable deps ti=<TaskInstance: brewline_pipeline_bigquery.dbt_run_bigquery backfill__2026-07-21T00:00:00+00:00 [queued]>
[2026-08-11T06:00:38.292+0000] {taskinstance.py:2614} INFO - Dependencies all met for dep_context=requeueable deps ti=<TaskInstance: brewline_pipeline_bigquery.dbt_run_bigquery backfill__2026-07-21T00:00:00+00:00 [queued]>
[2026-08-11T06:00:38.293+0000] {taskinstance.py:2867} INFO - Starting attempt 2 of 2
[2026-08-11T06:00:38.310+0000] {taskinstance.py:2890} INFO - Executing <Task(DockerOperator): dbt_run_bigquery> on 2026-07-21 00:00:00+00:00
[2026-08-11T06:00:38.321+0000] {warnings.py:112} WARNING - /home/***/.local/lib/python3.12/site-packages/***/task/task_runner/standard_task_runner.py:70: DeprecationWarning: This process (pid=1350) is multi-threaded, use of fork() may lead to deadlocks in the child.
  pid = os.fork()

[2026-08-11T06:00:38.324+0000] {standard_task_runner.py:72} INFO - Started process 1352 to run task
[2026-08-11T06:00:38.323+0000] {standard_task_runner.py:104} INFO - Running: ['***', 'tasks', 'run', 'brewline_pipeline_bigquery', 'dbt_run_bigquery', 'backfill__2026-07-21T00:00:00+00:00', '--job-id', '112', '--pool', 'default_pool', '--raw', '--subdir', 'DAGS_FOLDER/brewline_pipeline_bigquery_dag.py', '--cfg-path', '/tmp/tmp3g3p4qz3']
[2026-08-11T06:00:38.325+0000] {standard_task_runner.py:105} INFO - Job 112: Subtask dbt_run_bigquery
[2026-08-11T06:00:38.404+0000] {task_command.py:467} INFO - Running <TaskInstance: brewline_pipeline_bigquery.dbt_run_bigquery backfill__2026-07-21T00:00:00+00:00 [running]> on host 5224a343584d
[2026-08-11T06:00:38.514+0000] {taskinstance.py:3134} INFO - Exporting env vars: AIRFLOW_CTX_DAG_OWNER='***' AIRFLOW_CTX_DAG_ID='brewline_pipeline_bigquery' AIRFLOW_CTX_TASK_ID='dbt_run_bigquery' AIRFLOW_CTX_EXECUTION_DATE='2026-07-21T00:00:00+00:00' AIRFLOW_CTX_TRY_NUMBER='2' AIRFLOW_CTX_DAG_RUN_ID='backfill__2026-07-21T00:00:00+00:00'
[2026-08-11T06:00:38.518+0000] {logging_mixin.py:190} INFO - Task instance is in running state
[2026-08-11T06:00:38.519+0000] {logging_mixin.py:190} INFO -  Previous state of the Task instance: queued
[2026-08-11T06:00:38.520+0000] {logging_mixin.py:190} INFO - Current task name:dbt_run_bigquery state:running start_date:2026-08-11 06:00:38.280886+00:00
[2026-08-11T06:00:38.521+0000] {logging_mixin.py:190} INFO - Dag name:brewline_pipeline_bigquery and current dag run status:running
[2026-08-11T06:00:38.522+0000] {taskinstance.py:732} INFO - ::endgroup::
[2026-08-11T06:00:38.600+0000] {docker.py:345} INFO - Starting docker container from image brewline-dbt:latest
[2026-08-11T06:00:41.020+0000] {docker.py:69} INFO - [0m06:00:41  Running with dbt=1.12.0
[2026-08-11T06:00:41.571+0000] {docker.py:69} INFO - [0m06:00:41  Installing dbt-labs/dbt_utils
[2026-08-11T06:00:46.736+0000] {docker.py:69} INFO - [0m06:00:46  Installed from version 1.4.1
[2026-08-11T06:00:46.737+0000] {docker.py:69} INFO - [0m06:00:46  Up to date!
[2026-08-11T06:00:49.929+0000] {docker.py:69} INFO - [0m06:00:49  Running with dbt=1.12.0
[2026-08-11T06:00:51.508+0000] {docker.py:69} INFO - [0m06:00:51  Registered adapter: bigquery=1.12.0
[2026-08-11T06:00:52.803+0000] {docker.py:69} INFO - [0m06:00:52  Found 9 models, 52 data tests, 2 seeds, 5 sources, 699 macros
[2026-08-11T06:00:52.809+0000] {docker.py:69} INFO - [0m06:00:52
[2026-08-11T06:00:52.810+0000] {docker.py:69} INFO - [0m06:00:52  Concurrency: 4 threads (target='bigquery')
[2026-08-11T06:00:52.812+0000] {docker.py:69} INFO - [0m06:00:52
[2026-08-11T06:00:52.828+0000] {docker.py:69} INFO - WARNING:google.auth._default:No project ID could be determined. Consider running `gcloud config set project` or setting the GOOGLE_CLOUD_PROJECT environment variable
[2026-08-11T06:00:52.829+0000] {docker.py:69} INFO - WARNING:google.auth._default:No project ID could be determined. Consider running `gcloud config set project` or setting the GOOGLE_CLOUD_PROJECT environment variable
[2026-08-11T06:00:53.984+0000] {docker.py:69} INFO - [0m06:00:53  1 of 9 START sql incremental model silver.stg_customers ........................ [RUN]
[2026-08-11T06:00:53.987+0000] {docker.py:69} INFO - [0m06:00:53  2 of 9 START sql incremental model silver.stg_orders ........................... [RUN]
[2026-08-11T06:00:53.988+0000] {docker.py:69} INFO - [0m06:00:53  3 of 9 START sql incremental model silver.stg_refunds .......................... [RUN]
[2026-08-11T06:00:53.990+0000] {docker.py:69} INFO - [0m06:00:53  4 of 9 START sql table model silver.stg_subscriptions .......................... [RUN]
[2026-08-11T06:00:55.943+0000] {docker.py:69} INFO - [0m06:00:55  4 of 9 OK created sql table model silver.stg_subscriptions ..................... [[32mCREATE TABLE (38.0 rows, 3.1 KiB processed)[0m in 1.94s]
[2026-08-11T06:00:55.947+0000] {docker.py:69} INFO - [0m06:00:55  5 of 9 START sql table model gold.fact_subscription_churn ...................... [RUN]
[2026-08-11T06:00:56.098+0000] {docker.py:69} INFO - [0m06:00:56  3 of 9 OK created sql incremental model silver.stg_refunds ..................... [[32mMERGE (3.0 rows, 77.0 KiB processed)[0m in 2.10s]
[2026-08-11T06:00:56.118+0000] {docker.py:69} INFO - [0m06:00:56  1 of 9 OK created sql incremental model silver.stg_customers ................... [[32mMERGE (44.0 rows, 48.2 KiB processed)[0m in 2.12s]
[2026-08-11T06:00:56.122+0000] {docker.py:69} INFO - [0m06:00:56  2 of 9 OK created sql incremental model silver.stg_orders ...................... [[32mMERGE (61.0 rows, 105.7 KiB processed)[0m in 2.13s]
[2026-08-11T06:00:56.130+0000] {docker.py:69} INFO - [0m06:00:56  6 of 9 START sql table model gold.fact_customer_health ......................... [RUN]
[2026-08-11T06:00:56.133+0000] {docker.py:69} INFO - [0m06:00:56  7 of 9 START sql table model gold.fact_customer_rfm ............................ [RUN]
[2026-08-11T06:00:56.135+0000] {docker.py:69} INFO - [0m06:00:56  8 of 9 START sql table model gold.fact_refund_alerts ........................... [RUN]
[2026-08-11T06:00:57.495+0000] {docker.py:69} INFO - [0m06:00:57  5 of 9 OK created sql table model gold.fact_subscription_churn ................. [[32mCREATE TABLE (35.0 rows, 2.0 KiB processed)[0m in 1.54s]
[2026-08-11T06:00:57.501+0000] {docker.py:69} INFO - [0m06:00:57  9 of 9 START sql table model gold.fact_weekly_revenue .......................... [RUN]
[2026-08-11T06:00:57.725+0000] {docker.py:69} INFO - [0m06:00:57  6 of 9 OK created sql table model gold.fact_customer_health .................... [[32mCREATE TABLE (153.0 rows, 29.9 KiB processed)[0m in 1.59s]
[2026-08-11T06:00:58.281+0000] {docker.py:69} INFO - [0m06:00:58  7 of 9 OK created sql table model gold.fact_customer_rfm ....................... [[32mCREATE TABLE (153.0 rows, 44.8 KiB processed)[0m in 2.14s]
[2026-08-11T06:00:58.290+0000] {docker.py:69} INFO - [0m06:00:58  8 of 9 OK created sql table model gold.fact_refund_alerts ...................... [[32mCREATE TABLE (20.0 rows, 6.7 KiB processed)[0m in 2.15s]
[2026-08-11T06:00:58.769+0000] {docker.py:69} INFO - [0m06:00:58  9 of 9 OK created sql table model gold.fact_weekly_revenue ..................... [[32mCREATE TABLE (9.0 rows, 29.9 KiB processed)[0m in 1.26s]
[2026-08-11T06:00:58.781+0000] {docker.py:69} INFO - [0m06:00:58
[2026-08-11T06:00:58.783+0000] {docker.py:69} INFO - [0m06:00:58  Finished running 3 incremental models, 6 table models in 0 hours 0 minutes and 5.97 seconds (5.97s).
[2026-08-11T06:00:58.948+0000] {docker.py:69} INFO - [0m06:00:58
[2026-08-11T06:00:58.949+0000] {docker.py:69} INFO - [0m06:00:58  [32mCompleted successfully[0m
[2026-08-11T06:00:58.950+0000] {docker.py:69} INFO - [0m06:00:58
[2026-08-11T06:00:58.952+0000] {docker.py:69} INFO - [0m06:00:58  Done. PASS=9 WARN=0 ERROR=0 SKIP=0 NO-OP=0 REUSED=0 TOTAL=9
[2026-08-11T06:01:00.964+0000] {taskinstance.py:341} INFO - ::group::Post task execution logs
[2026-08-11T06:01:00.965+0000] {taskinstance.py:353} INFO - Marking task as SUCCESS. dag_id=brewline_pipeline_bigquery, task_id=dbt_run_bigquery, run_id=backfill__2026-07-21T00:00:00+00:00, execution_date=20260721T000000, start_date=20260811T060038, end_date=20260811T060100
[2026-08-11T06:01:01.010+0000] {logging_mixin.py:190} INFO - Task instance in success state
[2026-08-11T06:01:01.012+0000] {logging_mixin.py:190} INFO -  Previous state of the Task instance: running
[2026-08-11T06:01:01.013+0000] {logging_mixin.py:190} INFO - Dag name:brewline_pipeline_bigquery queued_at:2026-08-11 05:31:04.356069+00:00
[2026-08-11T06:01:01.015+0000] {logging_mixin.py:190} INFO - Task hostname:5224a343584d operator:DockerOperator
[2026-08-11T06:01:01.065+0000] {local_task_job_runner.py:266} INFO - Task exited with return code 0
[2026-08-11T06:01:01.095+0000] {taskinstance.py:3901} INFO - 1 downstream tasks scheduled from follow-on schedule check
[2026-08-11T06:01:01.098+0000] {local_task_job_runner.py:245} INFO - ::endgroup::
