[2026-08-09T14:05:18.039+0000] {local_task_job_runner.py:123} INFO - ::group::Pre task execution logs
[2026-08-09T14:05:18.059+0000] {taskinstance.py:2614} INFO - Dependencies all met for dep_context=non-requeueable deps ti=<TaskInstance: brewline_pipeline_bigquery.dbt_run_bigquery backfill__2026-07-21T00:00:00+00:00 [queued]>
[2026-08-09T14:05:18.069+0000] {taskinstance.py:2614} INFO - Dependencies all met for dep_context=requeueable deps ti=<TaskInstance: brewline_pipeline_bigquery.dbt_run_bigquery backfill__2026-07-21T00:00:00+00:00 [queued]>
[2026-08-09T14:05:18.070+0000] {taskinstance.py:2867} INFO - Starting attempt 1 of 1
[2026-08-09T14:05:18.084+0000] {taskinstance.py:2890} INFO - Executing <Task(DockerOperator): dbt_run_bigquery> on 2026-07-21 00:00:00+00:00
[2026-08-09T14:05:18.093+0000] {warnings.py:112} WARNING - /home/***/.local/lib/python3.12/site-packages/***/task/task_runner/standard_task_runner.py:70: DeprecationWarning: This process (pid=432) is multi-threaded, use of fork() may lead to deadlocks in the child.
  pid = os.fork()

[2026-08-09T14:05:18.095+0000] {standard_task_runner.py:72} INFO - Started process 434 to run task
[2026-08-09T14:05:18.095+0000] {standard_task_runner.py:104} INFO - Running: ['***', 'tasks', 'run', 'brewline_pipeline_bigquery', 'dbt_run_bigquery', 'backfill__2026-07-21T00:00:00+00:00', '--job-id', '39', '--pool', 'default_pool', '--raw', '--subdir', 'DAGS_FOLDER/brewline_pipeline_bigquery_dag.py', '--cfg-path', '/tmp/tmpa_gxonql']
[2026-08-09T14:05:18.096+0000] {standard_task_runner.py:105} INFO - Job 39: Subtask dbt_run_bigquery
[2026-08-09T14:05:18.149+0000] {task_command.py:467} INFO - Running <TaskInstance: brewline_pipeline_bigquery.dbt_run_bigquery backfill__2026-07-21T00:00:00+00:00 [running]> on host 5224a343584d
[2026-08-09T14:05:18.240+0000] {taskinstance.py:3134} INFO - Exporting env vars: AIRFLOW_CTX_DAG_OWNER='***' AIRFLOW_CTX_DAG_ID='brewline_pipeline_bigquery' AIRFLOW_CTX_TASK_ID='dbt_run_bigquery' AIRFLOW_CTX_EXECUTION_DATE='2026-07-21T00:00:00+00:00' AIRFLOW_CTX_TRY_NUMBER='1' AIRFLOW_CTX_DAG_RUN_ID='backfill__2026-07-21T00:00:00+00:00'
[2026-08-09T14:05:18.242+0000] {logging_mixin.py:190} INFO - Task instance is in running state
[2026-08-09T14:05:18.242+0000] {logging_mixin.py:190} INFO -  Previous state of the Task instance: queued
[2026-08-09T14:05:18.243+0000] {logging_mixin.py:190} INFO - Current task name:dbt_run_bigquery state:running start_date:2026-08-09 14:05:18.060570+00:00
[2026-08-09T14:05:18.244+0000] {logging_mixin.py:190} INFO - Dag name:brewline_pipeline_bigquery and current dag run status:running
[2026-08-09T14:05:18.245+0000] {taskinstance.py:732} INFO - ::endgroup::
[2026-08-09T14:05:18.298+0000] {docker.py:345} INFO - Starting docker container from image brewline-dbt:latest
[2026-08-09T14:05:20.375+0000] {docker.py:69} INFO - [0m14:05:20  Running with dbt=1.12.0
[2026-08-09T14:05:20.899+0000] {docker.py:69} INFO - [0m14:05:20  Installing dbt-labs/dbt_utils
[2026-08-09T14:05:26.493+0000] {docker.py:69} INFO - [0m14:05:26  Installed from version 1.4.1
[2026-08-09T14:05:26.494+0000] {docker.py:69} INFO - [0m14:05:26  Up to date!
[2026-08-09T14:05:29.716+0000] {docker.py:69} INFO - [0m14:05:29  Running with dbt=1.12.0
[2026-08-09T14:05:30.958+0000] {docker.py:69} INFO - [0m14:05:30  Registered adapter: bigquery=1.12.0
[2026-08-09T14:05:31.995+0000] {docker.py:69} INFO - [0m14:05:31  Found 9 models, 52 data tests, 2 seeds, 5 sources, 699 macros
[2026-08-09T14:05:32.002+0000] {docker.py:69} INFO - [0m14:05:32
[2026-08-09T14:05:32.004+0000] {docker.py:69} INFO - [0m14:05:32  Concurrency: 4 threads (target='bigquery')
[2026-08-09T14:05:32.005+0000] {docker.py:69} INFO - [0m14:05:32
[2026-08-09T14:05:32.022+0000] {docker.py:69} INFO - WARNING:google.auth._default:No project ID could be determined. Consider running `gcloud config set project` or setting the GOOGLE_CLOUD_PROJECT environment variable
[2026-08-09T14:05:32.023+0000] {docker.py:69} INFO - WARNING:google.auth._default:No project ID could be determined. Consider running `gcloud config set project` or setting the GOOGLE_CLOUD_PROJECT environment variable
[2026-08-09T14:05:32.984+0000] {docker.py:69} INFO - [0m14:05:32  1 of 9 START sql incremental model silver.stg_customers ........................ [RUN]
[2026-08-09T14:05:32.985+0000] {docker.py:69} INFO - [0m14:05:32  2 of 9 START sql incremental model silver.stg_orders ........................... [RUN]
[2026-08-09T14:05:32.986+0000] {docker.py:69} INFO - [0m14:05:32  3 of 9 START sql incremental model silver.stg_refunds .......................... [RUN]
[2026-08-09T14:05:32.987+0000] {docker.py:69} INFO - [0m14:05:32  4 of 9 START sql table model silver.stg_subscriptions .......................... [RUN]
[2026-08-09T14:05:34.709+0000] {docker.py:69} INFO - [0m14:05:34  1 of 9 OK created sql incremental model silver.stg_customers ................... [[32mMERGE (44.0 rows, 48.2 KiB processed)[0m in 1.72s]
[2026-08-09T14:05:34.938+0000] {docker.py:69} INFO - [0m14:05:34  3 of 9 OK created sql incremental model silver.stg_refunds ..................... [[32mMERGE (3.0 rows, 64.5 KiB processed)[0m in 1.94s]
[2026-08-09T14:05:34.973+0000] {docker.py:69} INFO - [0m14:05:34  2 of 9 OK created sql incremental model silver.stg_orders ...................... [[32mMERGE (61.0 rows, 90.8 KiB processed)[0m in 1.98s]
[2026-08-09T14:05:34.977+0000] {docker.py:69} INFO - [0m14:05:34  5 of 9 START sql table model gold.fact_customer_health ......................... [RUN]
[2026-08-09T14:05:34.978+0000] {docker.py:69} INFO - [0m14:05:34  6 of 9 START sql table model gold.fact_refund_alerts ........................... [RUN]
[2026-08-09T14:05:34.980+0000] {docker.py:69} INFO - [0m14:05:34  7 of 9 START sql table model gold.fact_weekly_revenue .......................... [RUN]
[2026-08-09T14:05:35.279+0000] {docker.py:69} INFO - [0m14:05:35  4 of 9 OK created sql table model silver.stg_subscriptions ..................... [[32mCREATE TABLE (38.0 rows, 3.1 KiB processed)[0m in 2.29s]
[2026-08-09T14:05:35.283+0000] {docker.py:69} INFO - [0m14:05:35  8 of 9 START sql table model gold.fact_customer_rfm ............................ [RUN]
[2026-08-09T14:05:36.505+0000] {docker.py:69} INFO - [0m14:05:36  5 of 9 OK created sql table model gold.fact_customer_health .................... [[32mCREATE TABLE (153.0 rows, 29.9 KiB processed)[0m in 1.52s]
[2026-08-09T14:05:36.508+0000] {docker.py:69} INFO - [0m14:05:36  9 of 9 START sql table model gold.fact_subscription_churn ...................... [RUN]
[2026-08-09T14:05:36.521+0000] {docker.py:69} INFO - [0m14:05:36  7 of 9 OK created sql table model gold.fact_weekly_revenue ..................... [[32mCREATE TABLE (9.0 rows, 23.3 KiB processed)[0m in 1.54s]
[2026-08-09T14:05:37.035+0000] {docker.py:69} INFO - [0m14:05:37  6 of 9 OK created sql table model gold.fact_refund_alerts ...................... [[32mCREATE TABLE (20.0 rows, 6.7 KiB processed)[0m in 2.05s]
[2026-08-09T14:05:37.320+0000] {docker.py:69} INFO - [0m14:05:37  8 of 9 OK created sql table model gold.fact_customer_rfm ....................... [[32mCREATE TABLE (153.0 rows, 38.2 KiB processed)[0m in 2.03s]
[2026-08-09T14:05:37.747+0000] {docker.py:69} INFO - [0m14:05:37  9 of 9 OK created sql table model gold.fact_subscription_churn ................. [[32mCREATE TABLE (35.0 rows, 2.0 KiB processed)[0m in 1.24s]
[2026-08-09T14:05:37.756+0000] {docker.py:69} INFO - [0m14:05:37
[2026-08-09T14:05:37.756+0000] {docker.py:69} INFO - [0m14:05:37  Finished running 3 incremental models, 6 table models in 0 hours 0 minutes and 5.75 seconds (5.75s).
[2026-08-09T14:05:37.878+0000] {docker.py:69} INFO - [0m14:05:37
[2026-08-09T14:05:37.879+0000] {docker.py:69} INFO - [0m14:05:37  [32mCompleted successfully[0m
[2026-08-09T14:05:37.880+0000] {docker.py:69} INFO - [0m14:05:37
[2026-08-09T14:05:37.882+0000] {docker.py:69} INFO - [0m14:05:37  Done. PASS=9 WARN=0 ERROR=0 SKIP=0 NO-OP=0 REUSED=0 TOTAL=9
[2026-08-09T14:05:39.894+0000] {taskinstance.py:341} INFO - ::group::Post task execution logs
[2026-08-09T14:05:39.895+0000] {taskinstance.py:353} INFO - Marking task as SUCCESS. dag_id=brewline_pipeline_bigquery, task_id=dbt_run_bigquery, run_id=backfill__2026-07-21T00:00:00+00:00, execution_date=20260721T000000, start_date=20260809T140518, end_date=20260809T140539
[2026-08-09T14:05:39.925+0000] {logging_mixin.py:190} INFO - Task instance in success state
[2026-08-09T14:05:39.926+0000] {logging_mixin.py:190} INFO -  Previous state of the Task instance: running
[2026-08-09T14:05:39.927+0000] {logging_mixin.py:190} INFO - Dag name:brewline_pipeline_bigquery queued_at:None
[2026-08-09T14:05:39.928+0000] {logging_mixin.py:190} INFO - Task hostname:5224a343584d operator:DockerOperator
[2026-08-09T14:05:39.978+0000] {local_task_job_runner.py:266} INFO - Task exited with return code 0
[2026-08-09T14:05:39.999+0000] {taskinstance.py:3901} INFO - 1 downstream tasks scheduled from follow-on schedule check
[2026-08-09T14:05:40.002+0000] {local_task_job_runner.py:245} INFO - ::endgroup::
