[2026-08-04T07:47:16.779+0000] {processor.py:186} INFO - Started process (PID=117) to work on /home/airflow/.local/lib/python3.12/site-packages/airflow/example_dags/example_branch_day_of_week_operator.py
[2026-08-04T07:47:16.780+0000] {processor.py:914} INFO - Processing file /home/airflow/.local/lib/python3.12/site-packages/airflow/example_dags/example_branch_day_of_week_operator.py for tasks to queue
[2026-08-04T07:47:16.784+0000] {logging_mixin.py:190} INFO - [2026-08-04T07:47:16.783+0000] {dagbag.py:588} INFO - Filling up the DagBag from /home/airflow/.local/lib/python3.12/site-packages/airflow/example_dags/example_branch_day_of_week_operator.py
[2026-08-04T07:47:16.800+0000] {processor.py:925} INFO - DAG(s) 'example_weekday_branch_operator' retrieved from /home/airflow/.local/lib/python3.12/site-packages/airflow/example_dags/example_branch_day_of_week_operator.py
[2026-08-04T07:47:16.831+0000] {logging_mixin.py:190} INFO - [2026-08-04T07:47:16.831+0000] {dag.py:3239} INFO - Sync 1 DAGs
[2026-08-04T07:47:16.868+0000] {logging_mixin.py:190} INFO - [2026-08-04T07:47:16.867+0000] {dag.py:4180} INFO - Setting next_dagrun for example_weekday_branch_operator to 2026-08-03 00:00:00+00:00, run_after=2026-08-04 00:00:00+00:00
[2026-08-04T07:47:16.894+0000] {processor.py:208} INFO - Processing /home/airflow/.local/lib/python3.12/site-packages/airflow/example_dags/example_branch_day_of_week_operator.py took 0.124 seconds
[2026-08-04T08:21:22.014+0000] {processor.py:186} INFO - Started process (PID=117) to work on /home/airflow/.local/lib/python3.12/site-packages/airflow/example_dags/example_branch_day_of_week_operator.py
[2026-08-04T08:21:22.016+0000] {processor.py:914} INFO - Processing file /home/airflow/.local/lib/python3.12/site-packages/airflow/example_dags/example_branch_day_of_week_operator.py for tasks to queue
[2026-08-04T08:21:22.019+0000] {logging_mixin.py:190} INFO - [2026-08-04T08:21:22.019+0000] {dagbag.py:588} INFO - Filling up the DagBag from /home/airflow/.local/lib/python3.12/site-packages/airflow/example_dags/example_branch_day_of_week_operator.py
[2026-08-04T08:21:22.032+0000] {processor.py:925} INFO - DAG(s) 'example_weekday_branch_operator' retrieved from /home/airflow/.local/lib/python3.12/site-packages/airflow/example_dags/example_branch_day_of_week_operator.py
[2026-08-04T08:21:22.058+0000] {logging_mixin.py:190} INFO - [2026-08-04T08:21:22.057+0000] {dag.py:3239} INFO - Sync 1 DAGs
[2026-08-04T08:21:22.091+0000] {logging_mixin.py:190} INFO - [2026-08-04T08:21:22.090+0000] {dag.py:4180} INFO - Setting next_dagrun for example_weekday_branch_operator to 2026-08-03 00:00:00+00:00, run_after=2026-08-04 00:00:00+00:00
[2026-08-04T08:21:22.119+0000] {processor.py:208} INFO - Processing /home/airflow/.local/lib/python3.12/site-packages/airflow/example_dags/example_branch_day_of_week_operator.py took 0.113 seconds
[2026-08-04T08:21:53.254+0000] {processor.py:186} INFO - Started process (PID=182) to work on /home/airflow/.local/lib/python3.12/site-packages/airflow/example_dags/example_branch_day_of_week_operator.py
[2026-08-04T08:21:53.255+0000] {processor.py:914} INFO - Processing file /home/airflow/.local/lib/python3.12/site-packages/airflow/example_dags/example_branch_day_of_week_operator.py for tasks to queue
[2026-08-04T08:21:53.259+0000] {logging_mixin.py:190} INFO - [2026-08-04T08:21:53.259+0000] {dagbag.py:588} INFO - Filling up the DagBag from /home/airflow/.local/lib/python3.12/site-packages/airflow/example_dags/example_branch_day_of_week_operator.py
[2026-08-04T08:21:53.273+0000] {processor.py:925} INFO - DAG(s) 'example_weekday_branch_operator' retrieved from /home/airflow/.local/lib/python3.12/site-packages/airflow/example_dags/example_branch_day_of_week_operator.py
[2026-08-04T08:21:53.298+0000] {logging_mixin.py:190} INFO - [2026-08-04T08:21:53.298+0000] {dag.py:3239} INFO - Sync 1 DAGs
[2026-08-04T08:21:53.331+0000] {logging_mixin.py:190} INFO - [2026-08-04T08:21:53.331+0000] {dag.py:4180} INFO - Setting next_dagrun for example_weekday_branch_operator to 2026-08-03 00:00:00+00:00, run_after=2026-08-04 00:00:00+00:00
[2026-08-04T08:21:53.362+0000] {processor.py:208} INFO - Processing /home/airflow/.local/lib/python3.12/site-packages/airflow/example_dags/example_branch_day_of_week_operator.py took 0.116 seconds
[2026-08-04T08:22:23.973+0000] {processor.py:186} INFO - Started process (PID=246) to work on /home/airflow/.local/lib/python3.12/site-packages/airflow/example_dags/example_branch_day_of_week_operator.py
[2026-08-04T08:22:23.975+0000] {processor.py:914} INFO - Processing file /home/airflow/.local/lib/python3.12/site-packages/airflow/example_dags/example_branch_day_of_week_operator.py for tasks to queue
[2026-08-04T08:22:23.978+0000] {logging_mixin.py:190} INFO - [2026-08-04T08:22:23.978+0000] {dagbag.py:588} INFO - Filling up the DagBag from /home/airflow/.local/lib/python3.12/site-packages/airflow/example_dags/example_branch_day_of_week_operator.py
[2026-08-04T08:22:23.994+0000] {processor.py:925} INFO - DAG(s) 'example_weekday_branch_operator' retrieved from /home/airflow/.local/lib/python3.12/site-packages/airflow/example_dags/example_branch_day_of_week_operator.py
[2026-08-04T08:22:24.018+0000] {logging_mixin.py:190} INFO - [2026-08-04T08:22:24.018+0000] {dag.py:3239} INFO - Sync 1 DAGs
[2026-08-04T08:22:24.051+0000] {logging_mixin.py:190} INFO - [2026-08-04T08:22:24.050+0000] {dag.py:4180} INFO - Setting next_dagrun for example_weekday_branch_operator to 2026-08-03 00:00:00+00:00, run_after=2026-08-04 00:00:00+00:00
[2026-08-04T08:22:24.074+0000] {processor.py:208} INFO - Processing /home/airflow/.local/lib/python3.12/site-packages/airflow/example_dags/example_branch_day_of_week_operator.py took 0.108 seconds
[2026-08-04T08:22:54.833+0000] {processor.py:186} INFO - Started process (PID=311) to work on /home/airflow/.local/lib/python3.12/site-packages/airflow/example_dags/example_branch_day_of_week_operator.py
[2026-08-04T08:22:54.834+0000] {processor.py:914} INFO - Processing file /home/airflow/.local/lib/python3.12/site-packages/airflow/example_dags/example_branch_day_of_week_operator.py for tasks to queue
[2026-08-04T08:22:54.837+0000] {logging_mixin.py:190} INFO - [2026-08-04T08:22:54.837+0000] {dagbag.py:588} INFO - Filling up the DagBag from /home/airflow/.local/lib/python3.12/site-packages/airflow/example_dags/example_branch_day_of_week_operator.py
[2026-08-04T08:22:54.847+0000] {processor.py:925} INFO - DAG(s) 'example_weekday_branch_operator' retrieved from /home/airflow/.local/lib/python3.12/site-packages/airflow/example_dags/example_branch_day_of_week_operator.py
[2026-08-04T08:22:54.868+0000] {logging_mixin.py:190} INFO - [2026-08-04T08:22:54.868+0000] {dag.py:3239} INFO - Sync 1 DAGs
[2026-08-04T08:22:54.892+0000] {logging_mixin.py:190} INFO - [2026-08-04T08:22:54.892+0000] {dag.py:4180} INFO - Setting next_dagrun for example_weekday_branch_operator to 2026-08-03 00:00:00+00:00, run_after=2026-08-04 00:00:00+00:00
[2026-08-04T08:22:54.910+0000] {processor.py:208} INFO - Processing /home/airflow/.local/lib/python3.12/site-packages/airflow/example_dags/example_branch_day_of_week_operator.py took 0.084 seconds
[2026-08-04T08:23:26.136+0000] {processor.py:186} INFO - Started process (PID=375) to work on /home/airflow/.local/lib/python3.12/site-packages/airflow/example_dags/example_branch_day_of_week_operator.py
[2026-08-04T08:23:26.138+0000] {processor.py:914} INFO - Processing file /home/airflow/.local/lib/python3.12/site-packages/airflow/example_dags/example_branch_day_of_week_operator.py for tasks to queue
[2026-08-04T08:23:26.142+0000] {logging_mixin.py:190} INFO - [2026-08-04T08:23:26.141+0000] {dagbag.py:588} INFO - Filling up the DagBag from /home/airflow/.local/lib/python3.12/site-packages/airflow/example_dags/example_branch_day_of_week_operator.py
[2026-08-04T08:23:26.153+0000] {processor.py:925} INFO - DAG(s) 'example_weekday_branch_operator' retrieved from /home/airflow/.local/lib/python3.12/site-packages/airflow/example_dags/example_branch_day_of_week_operator.py
[2026-08-04T08:23:26.176+0000] {logging_mixin.py:190} INFO - [2026-08-04T08:23:26.176+0000] {dag.py:3239} INFO - Sync 1 DAGs
[2026-08-04T08:23:26.203+0000] {logging_mixin.py:190} INFO - [2026-08-04T08:23:26.203+0000] {dag.py:4180} INFO - Setting next_dagrun for example_weekday_branch_operator to 2026-08-03 00:00:00+00:00, run_after=2026-08-04 00:00:00+00:00
[2026-08-04T08:23:26.226+0000] {processor.py:208} INFO - Processing /home/airflow/.local/lib/python3.12/site-packages/airflow/example_dags/example_branch_day_of_week_operator.py took 0.096 seconds
[2026-08-04T08:23:57.748+0000] {processor.py:186} INFO - Started process (PID=440) to work on /home/airflow/.local/lib/python3.12/site-packages/airflow/example_dags/example_branch_day_of_week_operator.py
[2026-08-04T08:23:57.749+0000] {processor.py:914} INFO - Processing file /home/airflow/.local/lib/python3.12/site-packages/airflow/example_dags/example_branch_day_of_week_operator.py for tasks to queue
[2026-08-04T08:23:57.752+0000] {logging_mixin.py:190} INFO - [2026-08-04T08:23:57.752+0000] {dagbag.py:588} INFO - Filling up the DagBag from /home/airflow/.local/lib/python3.12/site-packages/airflow/example_dags/example_branch_day_of_week_operator.py
[2026-08-04T08:23:57.765+0000] {processor.py:925} INFO - DAG(s) 'example_weekday_branch_operator' retrieved from /home/airflow/.local/lib/python3.12/site-packages/airflow/example_dags/example_branch_day_of_week_operator.py
[2026-08-04T08:23:57.789+0000] {logging_mixin.py:190} INFO - [2026-08-04T08:23:57.789+0000] {dag.py:3239} INFO - Sync 1 DAGs
[2026-08-04T08:23:57.819+0000] {logging_mixin.py:190} INFO - [2026-08-04T08:23:57.818+0000] {dag.py:4180} INFO - Setting next_dagrun for example_weekday_branch_operator to 2026-08-03 00:00:00+00:00, run_after=2026-08-04 00:00:00+00:00
[2026-08-04T08:23:57.841+0000] {processor.py:208} INFO - Processing /home/airflow/.local/lib/python3.12/site-packages/airflow/example_dags/example_branch_day_of_week_operator.py took 0.099 seconds
[2026-08-04T08:24:29.114+0000] {processor.py:186} INFO - Started process (PID=507) to work on /home/airflow/.local/lib/python3.12/site-packages/airflow/example_dags/example_branch_day_of_week_operator.py
[2026-08-04T08:24:29.115+0000] {processor.py:914} INFO - Processing file /home/airflow/.local/lib/python3.12/site-packages/airflow/example_dags/example_branch_day_of_week_operator.py for tasks to queue
[2026-08-04T08:24:29.118+0000] {logging_mixin.py:190} INFO - [2026-08-04T08:24:29.118+0000] {dagbag.py:588} INFO - Filling up the DagBag from /home/airflow/.local/lib/python3.12/site-packages/airflow/example_dags/example_branch_day_of_week_operator.py
[2026-08-04T08:24:29.131+0000] {processor.py:925} INFO - DAG(s) 'example_weekday_branch_operator' retrieved from /home/airflow/.local/lib/python3.12/site-packages/airflow/example_dags/example_branch_day_of_week_operator.py
[2026-08-04T08:24:29.153+0000] {logging_mixin.py:190} INFO - [2026-08-04T08:24:29.152+0000] {dag.py:3239} INFO - Sync 1 DAGs
[2026-08-04T08:24:29.179+0000] {logging_mixin.py:190} INFO - [2026-08-04T08:24:29.178+0000] {dag.py:4180} INFO - Setting next_dagrun for example_weekday_branch_operator to 2026-08-03 00:00:00+00:00, run_after=2026-08-04 00:00:00+00:00
[2026-08-04T08:24:29.199+0000] {processor.py:208} INFO - Processing /home/airflow/.local/lib/python3.12/site-packages/airflow/example_dags/example_branch_day_of_week_operator.py took 0.091 seconds
[2026-08-04T08:25:00.546+0000] {processor.py:186} INFO - Started process (PID=571) to work on /home/airflow/.local/lib/python3.12/site-packages/airflow/example_dags/example_branch_day_of_week_operator.py
[2026-08-04T08:25:00.547+0000] {processor.py:914} INFO - Processing file /home/airflow/.local/lib/python3.12/site-packages/airflow/example_dags/example_branch_day_of_week_operator.py for tasks to queue
[2026-08-04T08:25:00.549+0000] {logging_mixin.py:190} INFO - [2026-08-04T08:25:00.549+0000] {dagbag.py:588} INFO - Filling up the DagBag from /home/airflow/.local/lib/python3.12/site-packages/airflow/example_dags/example_branch_day_of_week_operator.py
[2026-08-04T08:25:00.560+0000] {processor.py:925} INFO - DAG(s) 'example_weekday_branch_operator' retrieved from /home/airflow/.local/lib/python3.12/site-packages/airflow/example_dags/example_branch_day_of_week_operator.py
[2026-08-04T08:25:00.582+0000] {logging_mixin.py:190} INFO - [2026-08-04T08:25:00.582+0000] {dag.py:3239} INFO - Sync 1 DAGs
[2026-08-04T08:25:00.609+0000] {logging_mixin.py:190} INFO - [2026-08-04T08:25:00.609+0000] {dag.py:4180} INFO - Setting next_dagrun for example_weekday_branch_operator to 2026-08-03 00:00:00+00:00, run_after=2026-08-04 00:00:00+00:00
[2026-08-04T08:25:00.630+0000] {processor.py:208} INFO - Processing /home/airflow/.local/lib/python3.12/site-packages/airflow/example_dags/example_branch_day_of_week_operator.py took 0.091 seconds
[2026-08-04T08:25:31.775+0000] {processor.py:186} INFO - Started process (PID=636) to work on /home/airflow/.local/lib/python3.12/site-packages/airflow/example_dags/example_branch_day_of_week_operator.py
[2026-08-04T08:25:31.776+0000] {processor.py:914} INFO - Processing file /home/airflow/.local/lib/python3.12/site-packages/airflow/example_dags/example_branch_day_of_week_operator.py for tasks to queue
[2026-08-04T08:25:31.780+0000] {logging_mixin.py:190} INFO - [2026-08-04T08:25:31.780+0000] {dagbag.py:588} INFO - Filling up the DagBag from /home/airflow/.local/lib/python3.12/site-packages/airflow/example_dags/example_branch_day_of_week_operator.py
[2026-08-04T08:25:31.794+0000] {processor.py:925} INFO - DAG(s) 'example_weekday_branch_operator' retrieved from /home/airflow/.local/lib/python3.12/site-packages/airflow/example_dags/example_branch_day_of_week_operator.py
[2026-08-04T08:25:31.817+0000] {logging_mixin.py:190} INFO - [2026-08-04T08:25:31.816+0000] {dag.py:3239} INFO - Sync 1 DAGs
[2026-08-04T08:25:31.844+0000] {logging_mixin.py:190} INFO - [2026-08-04T08:25:31.844+0000] {dag.py:4180} INFO - Setting next_dagrun for example_weekday_branch_operator to 2026-08-03 00:00:00+00:00, run_after=2026-08-04 00:00:00+00:00
[2026-08-04T08:25:31.865+0000] {processor.py:208} INFO - Processing /home/airflow/.local/lib/python3.12/site-packages/airflow/example_dags/example_branch_day_of_week_operator.py took 0.098 seconds
[2026-08-04T08:26:03.903+0000] {processor.py:186} INFO - Started process (PID=703) to work on /home/airflow/.local/lib/python3.12/site-packages/airflow/example_dags/example_branch_day_of_week_operator.py
[2026-08-04T08:26:03.904+0000] {processor.py:914} INFO - Processing file /home/airflow/.local/lib/python3.12/site-packages/airflow/example_dags/example_branch_day_of_week_operator.py for tasks to queue
[2026-08-04T08:26:03.907+0000] {logging_mixin.py:190} INFO - [2026-08-04T08:26:03.907+0000] {dagbag.py:588} INFO - Filling up the DagBag from /home/airflow/.local/lib/python3.12/site-packages/airflow/example_dags/example_branch_day_of_week_operator.py
[2026-08-04T08:26:03.918+0000] {processor.py:925} INFO - DAG(s) 'example_weekday_branch_operator' retrieved from /home/airflow/.local/lib/python3.12/site-packages/airflow/example_dags/example_branch_day_of_week_operator.py
[2026-08-04T08:26:03.941+0000] {logging_mixin.py:190} INFO - [2026-08-04T08:26:03.941+0000] {dag.py:3239} INFO - Sync 1 DAGs
[2026-08-04T08:26:03.967+0000] {logging_mixin.py:190} INFO - [2026-08-04T08:26:03.967+0000] {dag.py:4180} INFO - Setting next_dagrun for example_weekday_branch_operator to 2026-08-03 00:00:00+00:00, run_after=2026-08-04 00:00:00+00:00
[2026-08-04T08:26:03.990+0000] {processor.py:208} INFO - Processing /home/airflow/.local/lib/python3.12/site-packages/airflow/example_dags/example_branch_day_of_week_operator.py took 0.095 seconds
[2026-08-04T08:26:34.703+0000] {processor.py:186} INFO - Started process (PID=769) to work on /home/airflow/.local/lib/python3.12/site-packages/airflow/example_dags/example_branch_day_of_week_operator.py
[2026-08-04T08:26:34.704+0000] {processor.py:914} INFO - Processing file /home/airflow/.local/lib/python3.12/site-packages/airflow/example_dags/example_branch_day_of_week_operator.py for tasks to queue
[2026-08-04T08:26:34.707+0000] {logging_mixin.py:190} INFO - [2026-08-04T08:26:34.707+0000] {dagbag.py:588} INFO - Filling up the DagBag from /home/airflow/.local/lib/python3.12/site-packages/airflow/example_dags/example_branch_day_of_week_operator.py
[2026-08-04T08:26:34.718+0000] {processor.py:925} INFO - DAG(s) 'example_weekday_branch_operator' retrieved from /home/airflow/.local/lib/python3.12/site-packages/airflow/example_dags/example_branch_day_of_week_operator.py
[2026-08-04T08:26:34.743+0000] {logging_mixin.py:190} INFO - [2026-08-04T08:26:34.742+0000] {dag.py:3239} INFO - Sync 1 DAGs
[2026-08-04T08:26:34.774+0000] {logging_mixin.py:190} INFO - [2026-08-04T08:26:34.774+0000] {dag.py:4180} INFO - Setting next_dagrun for example_weekday_branch_operator to 2026-08-03 00:00:00+00:00, run_after=2026-08-04 00:00:00+00:00
[2026-08-04T08:26:34.799+0000] {processor.py:208} INFO - Processing /home/airflow/.local/lib/python3.12/site-packages/airflow/example_dags/example_branch_day_of_week_operator.py took 0.102 seconds
[2026-08-04T08:27:05.996+0000] {processor.py:186} INFO - Started process (PID=834) to work on /home/airflow/.local/lib/python3.12/site-packages/airflow/example_dags/example_branch_day_of_week_operator.py
[2026-08-04T08:27:05.998+0000] {processor.py:914} INFO - Processing file /home/airflow/.local/lib/python3.12/site-packages/airflow/example_dags/example_branch_day_of_week_operator.py for tasks to queue
[2026-08-04T08:27:06.000+0000] {logging_mixin.py:190} INFO - [2026-08-04T08:27:06.000+0000] {dagbag.py:588} INFO - Filling up the DagBag from /home/airflow/.local/lib/python3.12/site-packages/airflow/example_dags/example_branch_day_of_week_operator.py
[2026-08-04T08:27:06.012+0000] {processor.py:925} INFO - DAG(s) 'example_weekday_branch_operator' retrieved from /home/airflow/.local/lib/python3.12/site-packages/airflow/example_dags/example_branch_day_of_week_operator.py
[2026-08-04T08:27:06.036+0000] {logging_mixin.py:190} INFO - [2026-08-04T08:27:06.036+0000] {dag.py:3239} INFO - Sync 1 DAGs
[2026-08-04T08:27:06.064+0000] {logging_mixin.py:190} INFO - [2026-08-04T08:27:06.064+0000] {dag.py:4180} INFO - Setting next_dagrun for example_weekday_branch_operator to 2026-08-03 00:00:00+00:00, run_after=2026-08-04 00:00:00+00:00
[2026-08-04T08:27:06.085+0000] {processor.py:208} INFO - Processing /home/airflow/.local/lib/python3.12/site-packages/airflow/example_dags/example_branch_day_of_week_operator.py took 0.094 seconds
[2026-08-04T08:27:37.213+0000] {processor.py:186} INFO - Started process (PID=899) to work on /home/airflow/.local/lib/python3.12/site-packages/airflow/example_dags/example_branch_day_of_week_operator.py
[2026-08-04T08:27:37.215+0000] {processor.py:914} INFO - Processing file /home/airflow/.local/lib/python3.12/site-packages/airflow/example_dags/example_branch_day_of_week_operator.py for tasks to queue
[2026-08-04T08:27:37.219+0000] {logging_mixin.py:190} INFO - [2026-08-04T08:27:37.218+0000] {dagbag.py:588} INFO - Filling up the DagBag from /home/airflow/.local/lib/python3.12/site-packages/airflow/example_dags/example_branch_day_of_week_operator.py
[2026-08-04T08:27:37.233+0000] {processor.py:925} INFO - DAG(s) 'example_weekday_branch_operator' retrieved from /home/airflow/.local/lib/python3.12/site-packages/airflow/example_dags/example_branch_day_of_week_operator.py
[2026-08-04T08:27:37.255+0000] {logging_mixin.py:190} INFO - [2026-08-04T08:27:37.255+0000] {dag.py:3239} INFO - Sync 1 DAGs
[2026-08-04T08:27:37.282+0000] {logging_mixin.py:190} INFO - [2026-08-04T08:27:37.282+0000] {dag.py:4180} INFO - Setting next_dagrun for example_weekday_branch_operator to 2026-08-03 00:00:00+00:00, run_after=2026-08-04 00:00:00+00:00
[2026-08-04T08:27:37.302+0000] {processor.py:208} INFO - Processing /home/airflow/.local/lib/python3.12/site-packages/airflow/example_dags/example_branch_day_of_week_operator.py took 0.097 seconds
[2026-08-04T08:28:08.403+0000] {processor.py:186} INFO - Started process (PID=964) to work on /home/airflow/.local/lib/python3.12/site-packages/airflow/example_dags/example_branch_day_of_week_operator.py
[2026-08-04T08:28:08.404+0000] {processor.py:914} INFO - Processing file /home/airflow/.local/lib/python3.12/site-packages/airflow/example_dags/example_branch_day_of_week_operator.py for tasks to queue
[2026-08-04T08:28:08.408+0000] {logging_mixin.py:190} INFO - [2026-08-04T08:28:08.408+0000] {dagbag.py:588} INFO - Filling up the DagBag from /home/airflow/.local/lib/python3.12/site-packages/airflow/example_dags/example_branch_day_of_week_operator.py
[2026-08-04T08:28:08.421+0000] {processor.py:925} INFO - DAG(s) 'example_weekday_branch_operator' retrieved from /home/airflow/.local/lib/python3.12/site-packages/airflow/example_dags/example_branch_day_of_week_operator.py
[2026-08-04T08:28:08.443+0000] {logging_mixin.py:190} INFO - [2026-08-04T08:28:08.442+0000] {dag.py:3239} INFO - Sync 1 DAGs
[2026-08-04T08:28:08.470+0000] {logging_mixin.py:190} INFO - [2026-08-04T08:28:08.470+0000] {dag.py:4180} INFO - Setting next_dagrun for example_weekday_branch_operator to 2026-08-03 00:00:00+00:00, run_after=2026-08-04 00:00:00+00:00
[2026-08-04T08:28:08.490+0000] {processor.py:208} INFO - Processing /home/airflow/.local/lib/python3.12/site-packages/airflow/example_dags/example_branch_day_of_week_operator.py took 0.094 seconds
[2026-08-04T08:28:39.902+0000] {processor.py:186} INFO - Started process (PID=1029) to work on /home/airflow/.local/lib/python3.12/site-packages/airflow/example_dags/example_branch_day_of_week_operator.py
[2026-08-04T08:28:39.903+0000] {processor.py:914} INFO - Processing file /home/airflow/.local/lib/python3.12/site-packages/airflow/example_dags/example_branch_day_of_week_operator.py for tasks to queue
[2026-08-04T08:28:39.906+0000] {logging_mixin.py:190} INFO - [2026-08-04T08:28:39.905+0000] {dagbag.py:588} INFO - Filling up the DagBag from /home/airflow/.local/lib/python3.12/site-packages/airflow/example_dags/example_branch_day_of_week_operator.py
[2026-08-04T08:28:39.918+0000] {processor.py:925} INFO - DAG(s) 'example_weekday_branch_operator' retrieved from /home/airflow/.local/lib/python3.12/site-packages/airflow/example_dags/example_branch_day_of_week_operator.py
[2026-08-04T08:28:39.939+0000] {logging_mixin.py:190} INFO - [2026-08-04T08:28:39.939+0000] {dag.py:3239} INFO - Sync 1 DAGs
[2026-08-04T08:28:39.964+0000] {logging_mixin.py:190} INFO - [2026-08-04T08:28:39.964+0000] {dag.py:4180} INFO - Setting next_dagrun for example_weekday_branch_operator to 2026-08-03 00:00:00+00:00, run_after=2026-08-04 00:00:00+00:00
[2026-08-04T08:28:39.984+0000] {processor.py:208} INFO - Processing /home/airflow/.local/lib/python3.12/site-packages/airflow/example_dags/example_branch_day_of_week_operator.py took 0.088 seconds
[2026-08-04T08:29:11.249+0000] {processor.py:186} INFO - Started process (PID=1094) to work on /home/airflow/.local/lib/python3.12/site-packages/airflow/example_dags/example_branch_day_of_week_operator.py
[2026-08-04T08:29:11.250+0000] {processor.py:914} INFO - Processing file /home/airflow/.local/lib/python3.12/site-packages/airflow/example_dags/example_branch_day_of_week_operator.py for tasks to queue
[2026-08-04T08:29:11.253+0000] {logging_mixin.py:190} INFO - [2026-08-04T08:29:11.252+0000] {dagbag.py:588} INFO - Filling up the DagBag from /home/airflow/.local/lib/python3.12/site-packages/airflow/example_dags/example_branch_day_of_week_operator.py
[2026-08-04T08:29:11.263+0000] {processor.py:925} INFO - DAG(s) 'example_weekday_branch_operator' retrieved from /home/airflow/.local/lib/python3.12/site-packages/airflow/example_dags/example_branch_day_of_week_operator.py
[2026-08-04T08:29:11.285+0000] {logging_mixin.py:190} INFO - [2026-08-04T08:29:11.285+0000] {dag.py:3239} INFO - Sync 1 DAGs
[2026-08-04T08:29:11.312+0000] {logging_mixin.py:190} INFO - [2026-08-04T08:29:11.312+0000] {dag.py:4180} INFO - Setting next_dagrun for example_weekday_branch_operator to 2026-08-03 00:00:00+00:00, run_after=2026-08-04 00:00:00+00:00
[2026-08-04T08:29:11.335+0000] {processor.py:208} INFO - Processing /home/airflow/.local/lib/python3.12/site-packages/airflow/example_dags/example_branch_day_of_week_operator.py took 0.092 seconds
[2026-08-04T08:29:42.807+0000] {processor.py:186} INFO - Started process (PID=1159) to work on /home/airflow/.local/lib/python3.12/site-packages/airflow/example_dags/example_branch_day_of_week_operator.py
[2026-08-04T08:29:42.809+0000] {processor.py:914} INFO - Processing file /home/airflow/.local/lib/python3.12/site-packages/airflow/example_dags/example_branch_day_of_week_operator.py for tasks to queue
[2026-08-04T08:29:42.812+0000] {logging_mixin.py:190} INFO - [2026-08-04T08:29:42.812+0000] {dagbag.py:588} INFO - Filling up the DagBag from /home/airflow/.local/lib/python3.12/site-packages/airflow/example_dags/example_branch_day_of_week_operator.py
[2026-08-04T08:29:42.825+0000] {processor.py:925} INFO - DAG(s) 'example_weekday_branch_operator' retrieved from /home/airflow/.local/lib/python3.12/site-packages/airflow/example_dags/example_branch_day_of_week_operator.py
[2026-08-04T08:29:42.850+0000] {logging_mixin.py:190} INFO - [2026-08-04T08:29:42.849+0000] {dag.py:3239} INFO - Sync 1 DAGs
[2026-08-04T08:29:42.876+0000] {logging_mixin.py:190} INFO - [2026-08-04T08:29:42.876+0000] {dag.py:4180} INFO - Setting next_dagrun for example_weekday_branch_operator to 2026-08-03 00:00:00+00:00, run_after=2026-08-04 00:00:00+00:00
[2026-08-04T08:29:42.897+0000] {processor.py:208} INFO - Processing /home/airflow/.local/lib/python3.12/site-packages/airflow/example_dags/example_branch_day_of_week_operator.py took 0.097 seconds
[2026-08-04T08:30:14.246+0000] {processor.py:186} INFO - Started process (PID=1231) to work on /home/airflow/.local/lib/python3.12/site-packages/airflow/example_dags/example_branch_day_of_week_operator.py
[2026-08-04T08:30:14.247+0000] {processor.py:914} INFO - Processing file /home/airflow/.local/lib/python3.12/site-packages/airflow/example_dags/example_branch_day_of_week_operator.py for tasks to queue
[2026-08-04T08:30:14.250+0000] {logging_mixin.py:190} INFO - [2026-08-04T08:30:14.250+0000] {dagbag.py:588} INFO - Filling up the DagBag from /home/airflow/.local/lib/python3.12/site-packages/airflow/example_dags/example_branch_day_of_week_operator.py
[2026-08-04T08:30:14.261+0000] {processor.py:925} INFO - DAG(s) 'example_weekday_branch_operator' retrieved from /home/airflow/.local/lib/python3.12/site-packages/airflow/example_dags/example_branch_day_of_week_operator.py
[2026-08-04T08:30:14.283+0000] {logging_mixin.py:190} INFO - [2026-08-04T08:30:14.282+0000] {dag.py:3239} INFO - Sync 1 DAGs
[2026-08-04T08:30:14.311+0000] {logging_mixin.py:190} INFO - [2026-08-04T08:30:14.311+0000] {dag.py:4180} INFO - Setting next_dagrun for example_weekday_branch_operator to 2026-08-03 00:00:00+00:00, run_after=2026-08-04 00:00:00+00:00
[2026-08-04T08:30:14.336+0000] {processor.py:208} INFO - Processing /home/airflow/.local/lib/python3.12/site-packages/airflow/example_dags/example_branch_day_of_week_operator.py took 0.097 seconds
[2026-08-04T08:30:45.733+0000] {processor.py:186} INFO - Started process (PID=1296) to work on /home/airflow/.local/lib/python3.12/site-packages/airflow/example_dags/example_branch_day_of_week_operator.py
[2026-08-04T08:30:45.734+0000] {processor.py:914} INFO - Processing file /home/airflow/.local/lib/python3.12/site-packages/airflow/example_dags/example_branch_day_of_week_operator.py for tasks to queue
[2026-08-04T08:30:45.737+0000] {logging_mixin.py:190} INFO - [2026-08-04T08:30:45.737+0000] {dagbag.py:588} INFO - Filling up the DagBag from /home/airflow/.local/lib/python3.12/site-packages/airflow/example_dags/example_branch_day_of_week_operator.py
[2026-08-04T08:30:45.750+0000] {processor.py:925} INFO - DAG(s) 'example_weekday_branch_operator' retrieved from /home/airflow/.local/lib/python3.12/site-packages/airflow/example_dags/example_branch_day_of_week_operator.py
[2026-08-04T08:30:45.773+0000] {logging_mixin.py:190} INFO - [2026-08-04T08:30:45.773+0000] {dag.py:3239} INFO - Sync 1 DAGs
[2026-08-04T08:30:45.803+0000] {logging_mixin.py:190} INFO - [2026-08-04T08:30:45.802+0000] {dag.py:4180} INFO - Setting next_dagrun for example_weekday_branch_operator to 2026-08-03 00:00:00+00:00, run_after=2026-08-04 00:00:00+00:00
[2026-08-04T08:30:45.822+0000] {processor.py:208} INFO - Processing /home/airflow/.local/lib/python3.12/site-packages/airflow/example_dags/example_branch_day_of_week_operator.py took 0.095 seconds
[2026-08-04T08:31:17.125+0000] {processor.py:186} INFO - Started process (PID=1361) to work on /home/airflow/.local/lib/python3.12/site-packages/airflow/example_dags/example_branch_day_of_week_operator.py
[2026-08-04T08:31:17.126+0000] {processor.py:914} INFO - Processing file /home/airflow/.local/lib/python3.12/site-packages/airflow/example_dags/example_branch_day_of_week_operator.py for tasks to queue
[2026-08-04T08:31:17.130+0000] {logging_mixin.py:190} INFO - [2026-08-04T08:31:17.129+0000] {dagbag.py:588} INFO - Filling up the DagBag from /home/airflow/.local/lib/python3.12/site-packages/airflow/example_dags/example_branch_day_of_week_operator.py
[2026-08-04T08:31:17.142+0000] {processor.py:925} INFO - DAG(s) 'example_weekday_branch_operator' retrieved from /home/airflow/.local/lib/python3.12/site-packages/airflow/example_dags/example_branch_day_of_week_operator.py
[2026-08-04T08:31:17.166+0000] {logging_mixin.py:190} INFO - [2026-08-04T08:31:17.165+0000] {dag.py:3239} INFO - Sync 1 DAGs
[2026-08-04T08:31:17.195+0000] {logging_mixin.py:190} INFO - [2026-08-04T08:31:17.195+0000] {dag.py:4180} INFO - Setting next_dagrun for example_weekday_branch_operator to 2026-08-03 00:00:00+00:00, run_after=2026-08-04 00:00:00+00:00
[2026-08-04T08:31:17.216+0000] {processor.py:208} INFO - Processing /home/airflow/.local/lib/python3.12/site-packages/airflow/example_dags/example_branch_day_of_week_operator.py took 0.099 seconds
[2026-08-04T08:31:48.366+0000] {processor.py:186} INFO - Started process (PID=1426) to work on /home/airflow/.local/lib/python3.12/site-packages/airflow/example_dags/example_branch_day_of_week_operator.py
[2026-08-04T08:31:48.368+0000] {processor.py:914} INFO - Processing file /home/airflow/.local/lib/python3.12/site-packages/airflow/example_dags/example_branch_day_of_week_operator.py for tasks to queue
[2026-08-04T08:31:48.371+0000] {logging_mixin.py:190} INFO - [2026-08-04T08:31:48.371+0000] {dagbag.py:588} INFO - Filling up the DagBag from /home/airflow/.local/lib/python3.12/site-packages/airflow/example_dags/example_branch_day_of_week_operator.py
[2026-08-04T08:31:48.385+0000] {processor.py:925} INFO - DAG(s) 'example_weekday_branch_operator' retrieved from /home/airflow/.local/lib/python3.12/site-packages/airflow/example_dags/example_branch_day_of_week_operator.py
[2026-08-04T08:31:48.406+0000] {logging_mixin.py:190} INFO - [2026-08-04T08:31:48.406+0000] {dag.py:3239} INFO - Sync 1 DAGs
[2026-08-04T08:31:48.434+0000] {logging_mixin.py:190} INFO - [2026-08-04T08:31:48.434+0000] {dag.py:4180} INFO - Setting next_dagrun for example_weekday_branch_operator to 2026-08-03 00:00:00+00:00, run_after=2026-08-04 00:00:00+00:00
[2026-08-04T08:31:48.455+0000] {processor.py:208} INFO - Processing /home/airflow/.local/lib/python3.12/site-packages/airflow/example_dags/example_branch_day_of_week_operator.py took 0.096 seconds
[2026-08-04T08:32:19.850+0000] {processor.py:186} INFO - Started process (PID=1491) to work on /home/airflow/.local/lib/python3.12/site-packages/airflow/example_dags/example_branch_day_of_week_operator.py
[2026-08-04T08:32:19.851+0000] {processor.py:914} INFO - Processing file /home/airflow/.local/lib/python3.12/site-packages/airflow/example_dags/example_branch_day_of_week_operator.py for tasks to queue
[2026-08-04T08:32:19.854+0000] {logging_mixin.py:190} INFO - [2026-08-04T08:32:19.853+0000] {dagbag.py:588} INFO - Filling up the DagBag from /home/airflow/.local/lib/python3.12/site-packages/airflow/example_dags/example_branch_day_of_week_operator.py
[2026-08-04T08:32:19.864+0000] {processor.py:925} INFO - DAG(s) 'example_weekday_branch_operator' retrieved from /home/airflow/.local/lib/python3.12/site-packages/airflow/example_dags/example_branch_day_of_week_operator.py
[2026-08-04T08:32:19.885+0000] {logging_mixin.py:190} INFO - [2026-08-04T08:32:19.885+0000] {dag.py:3239} INFO - Sync 1 DAGs
[2026-08-04T08:32:19.910+0000] {logging_mixin.py:190} INFO - [2026-08-04T08:32:19.910+0000] {dag.py:4180} INFO - Setting next_dagrun for example_weekday_branch_operator to 2026-08-03 00:00:00+00:00, run_after=2026-08-04 00:00:00+00:00
[2026-08-04T08:32:19.930+0000] {processor.py:208} INFO - Processing /home/airflow/.local/lib/python3.12/site-packages/airflow/example_dags/example_branch_day_of_week_operator.py took 0.086 seconds
[2026-08-04T08:32:51.114+0000] {processor.py:186} INFO - Started process (PID=1556) to work on /home/airflow/.local/lib/python3.12/site-packages/airflow/example_dags/example_branch_day_of_week_operator.py
[2026-08-04T08:32:51.115+0000] {processor.py:914} INFO - Processing file /home/airflow/.local/lib/python3.12/site-packages/airflow/example_dags/example_branch_day_of_week_operator.py for tasks to queue
[2026-08-04T08:32:51.118+0000] {logging_mixin.py:190} INFO - [2026-08-04T08:32:51.117+0000] {dagbag.py:588} INFO - Filling up the DagBag from /home/airflow/.local/lib/python3.12/site-packages/airflow/example_dags/example_branch_day_of_week_operator.py
[2026-08-04T08:32:51.129+0000] {processor.py:925} INFO - DAG(s) 'example_weekday_branch_operator' retrieved from /home/airflow/.local/lib/python3.12/site-packages/airflow/example_dags/example_branch_day_of_week_operator.py
[2026-08-04T08:32:51.152+0000] {logging_mixin.py:190} INFO - [2026-08-04T08:32:51.152+0000] {dag.py:3239} INFO - Sync 1 DAGs
[2026-08-04T08:32:51.179+0000] {logging_mixin.py:190} INFO - [2026-08-04T08:32:51.179+0000] {dag.py:4180} INFO - Setting next_dagrun for example_weekday_branch_operator to 2026-08-03 00:00:00+00:00, run_after=2026-08-04 00:00:00+00:00
[2026-08-04T08:32:51.205+0000] {processor.py:208} INFO - Processing /home/airflow/.local/lib/python3.12/site-packages/airflow/example_dags/example_branch_day_of_week_operator.py took 0.098 seconds
[2026-08-04T08:33:22.656+0000] {processor.py:186} INFO - Started process (PID=1621) to work on /home/airflow/.local/lib/python3.12/site-packages/airflow/example_dags/example_branch_day_of_week_operator.py
[2026-08-04T08:33:22.658+0000] {processor.py:914} INFO - Processing file /home/airflow/.local/lib/python3.12/site-packages/airflow/example_dags/example_branch_day_of_week_operator.py for tasks to queue
[2026-08-04T08:33:22.661+0000] {logging_mixin.py:190} INFO - [2026-08-04T08:33:22.661+0000] {dagbag.py:588} INFO - Filling up the DagBag from /home/airflow/.local/lib/python3.12/site-packages/airflow/example_dags/example_branch_day_of_week_operator.py
[2026-08-04T08:33:22.676+0000] {processor.py:925} INFO - DAG(s) 'example_weekday_branch_operator' retrieved from /home/airflow/.local/lib/python3.12/site-packages/airflow/example_dags/example_branch_day_of_week_operator.py
[2026-08-04T08:33:22.703+0000] {logging_mixin.py:190} INFO - [2026-08-04T08:33:22.702+0000] {dag.py:3239} INFO - Sync 1 DAGs
[2026-08-04T08:33:22.737+0000] {logging_mixin.py:190} INFO - [2026-08-04T08:33:22.736+0000] {dag.py:4180} INFO - Setting next_dagrun for example_weekday_branch_operator to 2026-08-03 00:00:00+00:00, run_after=2026-08-04 00:00:00+00:00
[2026-08-04T08:33:22.757+0000] {processor.py:208} INFO - Processing /home/airflow/.local/lib/python3.12/site-packages/airflow/example_dags/example_branch_day_of_week_operator.py took 0.109 seconds
[2026-08-04T08:33:53.578+0000] {processor.py:186} INFO - Started process (PID=1686) to work on /home/airflow/.local/lib/python3.12/site-packages/airflow/example_dags/example_branch_day_of_week_operator.py
[2026-08-04T08:33:53.580+0000] {processor.py:914} INFO - Processing file /home/airflow/.local/lib/python3.12/site-packages/airflow/example_dags/example_branch_day_of_week_operator.py for tasks to queue
[2026-08-04T08:33:53.583+0000] {logging_mixin.py:190} INFO - [2026-08-04T08:33:53.583+0000] {dagbag.py:588} INFO - Filling up the DagBag from /home/airflow/.local/lib/python3.12/site-packages/airflow/example_dags/example_branch_day_of_week_operator.py
[2026-08-04T08:33:53.597+0000] {processor.py:925} INFO - DAG(s) 'example_weekday_branch_operator' retrieved from /home/airflow/.local/lib/python3.12/site-packages/airflow/example_dags/example_branch_day_of_week_operator.py
[2026-08-04T08:33:53.626+0000] {logging_mixin.py:190} INFO - [2026-08-04T08:33:53.625+0000] {dag.py:3239} INFO - Sync 1 DAGs
[2026-08-04T08:33:53.654+0000] {logging_mixin.py:190} INFO - [2026-08-04T08:33:53.654+0000] {dag.py:4180} INFO - Setting next_dagrun for example_weekday_branch_operator to 2026-08-03 00:00:00+00:00, run_after=2026-08-04 00:00:00+00:00
[2026-08-04T08:33:53.674+0000] {processor.py:208} INFO - Processing /home/airflow/.local/lib/python3.12/site-packages/airflow/example_dags/example_branch_day_of_week_operator.py took 0.104 seconds
[2026-08-04T08:34:25.046+0000] {processor.py:186} INFO - Started process (PID=1751) to work on /home/airflow/.local/lib/python3.12/site-packages/airflow/example_dags/example_branch_day_of_week_operator.py
[2026-08-04T08:34:25.047+0000] {processor.py:914} INFO - Processing file /home/airflow/.local/lib/python3.12/site-packages/airflow/example_dags/example_branch_day_of_week_operator.py for tasks to queue
[2026-08-04T08:34:25.051+0000] {logging_mixin.py:190} INFO - [2026-08-04T08:34:25.050+0000] {dagbag.py:588} INFO - Filling up the DagBag from /home/airflow/.local/lib/python3.12/site-packages/airflow/example_dags/example_branch_day_of_week_operator.py
[2026-08-04T08:34:25.063+0000] {processor.py:925} INFO - DAG(s) 'example_weekday_branch_operator' retrieved from /home/airflow/.local/lib/python3.12/site-packages/airflow/example_dags/example_branch_day_of_week_operator.py
[2026-08-04T08:34:25.089+0000] {logging_mixin.py:190} INFO - [2026-08-04T08:34:25.088+0000] {dag.py:3239} INFO - Sync 1 DAGs
[2026-08-04T08:34:25.124+0000] {logging_mixin.py:190} INFO - [2026-08-04T08:34:25.124+0000] {dag.py:4180} INFO - Setting next_dagrun for example_weekday_branch_operator to 2026-08-03 00:00:00+00:00, run_after=2026-08-04 00:00:00+00:00
[2026-08-04T08:34:25.144+0000] {processor.py:208} INFO - Processing /home/airflow/.local/lib/python3.12/site-packages/airflow/example_dags/example_branch_day_of_week_operator.py took 0.107 seconds
[2026-08-04T08:34:56.337+0000] {processor.py:186} INFO - Started process (PID=1816) to work on /home/airflow/.local/lib/python3.12/site-packages/airflow/example_dags/example_branch_day_of_week_operator.py
[2026-08-04T08:34:56.339+0000] {processor.py:914} INFO - Processing file /home/airflow/.local/lib/python3.12/site-packages/airflow/example_dags/example_branch_day_of_week_operator.py for tasks to queue
[2026-08-04T08:34:56.342+0000] {logging_mixin.py:190} INFO - [2026-08-04T08:34:56.341+0000] {dagbag.py:588} INFO - Filling up the DagBag from /home/airflow/.local/lib/python3.12/site-packages/airflow/example_dags/example_branch_day_of_week_operator.py
[2026-08-04T08:34:56.352+0000] {processor.py:925} INFO - DAG(s) 'example_weekday_branch_operator' retrieved from /home/airflow/.local/lib/python3.12/site-packages/airflow/example_dags/example_branch_day_of_week_operator.py
[2026-08-04T08:34:56.374+0000] {logging_mixin.py:190} INFO - [2026-08-04T08:34:56.374+0000] {dag.py:3239} INFO - Sync 1 DAGs
[2026-08-04T08:34:56.402+0000] {logging_mixin.py:190} INFO - [2026-08-04T08:34:56.402+0000] {dag.py:4180} INFO - Setting next_dagrun for example_weekday_branch_operator to 2026-08-03 00:00:00+00:00, run_after=2026-08-04 00:00:00+00:00
[2026-08-04T08:34:56.424+0000] {processor.py:208} INFO - Processing /home/airflow/.local/lib/python3.12/site-packages/airflow/example_dags/example_branch_day_of_week_operator.py took 0.092 seconds
[2026-08-04T08:35:27.549+0000] {processor.py:186} INFO - Started process (PID=1881) to work on /home/airflow/.local/lib/python3.12/site-packages/airflow/example_dags/example_branch_day_of_week_operator.py
[2026-08-04T08:35:27.550+0000] {processor.py:914} INFO - Processing file /home/airflow/.local/lib/python3.12/site-packages/airflow/example_dags/example_branch_day_of_week_operator.py for tasks to queue
[2026-08-04T08:35:27.553+0000] {logging_mixin.py:190} INFO - [2026-08-04T08:35:27.553+0000] {dagbag.py:588} INFO - Filling up the DagBag from /home/airflow/.local/lib/python3.12/site-packages/airflow/example_dags/example_branch_day_of_week_operator.py
[2026-08-04T08:35:27.563+0000] {processor.py:925} INFO - DAG(s) 'example_weekday_branch_operator' retrieved from /home/airflow/.local/lib/python3.12/site-packages/airflow/example_dags/example_branch_day_of_week_operator.py
[2026-08-04T08:35:27.585+0000] {logging_mixin.py:190} INFO - [2026-08-04T08:35:27.585+0000] {dag.py:3239} INFO - Sync 1 DAGs
[2026-08-04T08:35:27.616+0000] {logging_mixin.py:190} INFO - [2026-08-04T08:35:27.616+0000] {dag.py:4180} INFO - Setting next_dagrun for example_weekday_branch_operator to 2026-08-03 00:00:00+00:00, run_after=2026-08-04 00:00:00+00:00
[2026-08-04T08:35:27.636+0000] {processor.py:208} INFO - Processing /home/airflow/.local/lib/python3.12/site-packages/airflow/example_dags/example_branch_day_of_week_operator.py took 0.094 seconds
[2026-08-04T08:35:58.661+0000] {processor.py:186} INFO - Started process (PID=1949) to work on /home/airflow/.local/lib/python3.12/site-packages/airflow/example_dags/example_branch_day_of_week_operator.py
[2026-08-04T08:35:58.663+0000] {processor.py:914} INFO - Processing file /home/airflow/.local/lib/python3.12/site-packages/airflow/example_dags/example_branch_day_of_week_operator.py for tasks to queue
[2026-08-04T08:35:58.669+0000] {logging_mixin.py:190} INFO - [2026-08-04T08:35:58.669+0000] {dagbag.py:588} INFO - Filling up the DagBag from /home/airflow/.local/lib/python3.12/site-packages/airflow/example_dags/example_branch_day_of_week_operator.py
[2026-08-04T08:35:58.690+0000] {processor.py:925} INFO - DAG(s) 'example_weekday_branch_operator' retrieved from /home/airflow/.local/lib/python3.12/site-packages/airflow/example_dags/example_branch_day_of_week_operator.py
[2026-08-04T08:35:58.728+0000] {logging_mixin.py:190} INFO - [2026-08-04T08:35:58.727+0000] {dag.py:3239} INFO - Sync 1 DAGs
[2026-08-04T08:35:58.770+0000] {logging_mixin.py:190} INFO - [2026-08-04T08:35:58.769+0000] {dag.py:4180} INFO - Setting next_dagrun for example_weekday_branch_operator to 2026-08-03 00:00:00+00:00, run_after=2026-08-04 00:00:00+00:00
[2026-08-04T08:35:58.793+0000] {processor.py:208} INFO - Processing /home/airflow/.local/lib/python3.12/site-packages/airflow/example_dags/example_branch_day_of_week_operator.py took 0.145 seconds
[2026-08-04T08:36:30.235+0000] {processor.py:186} INFO - Started process (PID=2014) to work on /home/airflow/.local/lib/python3.12/site-packages/airflow/example_dags/example_branch_day_of_week_operator.py
[2026-08-04T08:36:30.237+0000] {processor.py:914} INFO - Processing file /home/airflow/.local/lib/python3.12/site-packages/airflow/example_dags/example_branch_day_of_week_operator.py for tasks to queue
[2026-08-04T08:36:30.244+0000] {logging_mixin.py:190} INFO - [2026-08-04T08:36:30.243+0000] {dagbag.py:588} INFO - Filling up the DagBag from /home/airflow/.local/lib/python3.12/site-packages/airflow/example_dags/example_branch_day_of_week_operator.py
[2026-08-04T08:36:30.256+0000] {processor.py:925} INFO - DAG(s) 'example_weekday_branch_operator' retrieved from /home/airflow/.local/lib/python3.12/site-packages/airflow/example_dags/example_branch_day_of_week_operator.py
[2026-08-04T08:36:30.283+0000] {logging_mixin.py:190} INFO - [2026-08-04T08:36:30.282+0000] {dag.py:3239} INFO - Sync 1 DAGs
[2026-08-04T08:36:30.310+0000] {logging_mixin.py:190} INFO - [2026-08-04T08:36:30.310+0000] {dag.py:4180} INFO - Setting next_dagrun for example_weekday_branch_operator to 2026-08-03 00:00:00+00:00, run_after=2026-08-04 00:00:00+00:00
[2026-08-04T08:36:30.334+0000] {processor.py:208} INFO - Processing /home/airflow/.local/lib/python3.12/site-packages/airflow/example_dags/example_branch_day_of_week_operator.py took 0.105 seconds
[2026-08-04T08:37:01.509+0000] {processor.py:186} INFO - Started process (PID=2082) to work on /home/airflow/.local/lib/python3.12/site-packages/airflow/example_dags/example_branch_day_of_week_operator.py
[2026-08-04T08:37:01.510+0000] {processor.py:914} INFO - Processing file /home/airflow/.local/lib/python3.12/site-packages/airflow/example_dags/example_branch_day_of_week_operator.py for tasks to queue
[2026-08-04T08:37:01.516+0000] {logging_mixin.py:190} INFO - [2026-08-04T08:37:01.514+0000] {dagbag.py:588} INFO - Filling up the DagBag from /home/airflow/.local/lib/python3.12/site-packages/airflow/example_dags/example_branch_day_of_week_operator.py
[2026-08-04T08:37:01.530+0000] {processor.py:925} INFO - DAG(s) 'example_weekday_branch_operator' retrieved from /home/airflow/.local/lib/python3.12/site-packages/airflow/example_dags/example_branch_day_of_week_operator.py
[2026-08-04T08:37:01.556+0000] {logging_mixin.py:190} INFO - [2026-08-04T08:37:01.555+0000] {dag.py:3239} INFO - Sync 1 DAGs
[2026-08-04T08:37:01.586+0000] {logging_mixin.py:190} INFO - [2026-08-04T08:37:01.586+0000] {dag.py:4180} INFO - Setting next_dagrun for example_weekday_branch_operator to 2026-08-03 00:00:00+00:00, run_after=2026-08-04 00:00:00+00:00
[2026-08-04T08:37:01.609+0000] {processor.py:208} INFO - Processing /home/airflow/.local/lib/python3.12/site-packages/airflow/example_dags/example_branch_day_of_week_operator.py took 0.108 seconds
[2026-08-04T08:37:32.401+0000] {processor.py:186} INFO - Started process (PID=2147) to work on /home/airflow/.local/lib/python3.12/site-packages/airflow/example_dags/example_branch_day_of_week_operator.py
[2026-08-04T08:37:32.403+0000] {processor.py:914} INFO - Processing file /home/airflow/.local/lib/python3.12/site-packages/airflow/example_dags/example_branch_day_of_week_operator.py for tasks to queue
[2026-08-04T08:37:32.405+0000] {logging_mixin.py:190} INFO - [2026-08-04T08:37:32.405+0000] {dagbag.py:588} INFO - Filling up the DagBag from /home/airflow/.local/lib/python3.12/site-packages/airflow/example_dags/example_branch_day_of_week_operator.py
[2026-08-04T08:37:32.416+0000] {processor.py:925} INFO - DAG(s) 'example_weekday_branch_operator' retrieved from /home/airflow/.local/lib/python3.12/site-packages/airflow/example_dags/example_branch_day_of_week_operator.py
[2026-08-04T08:37:32.437+0000] {logging_mixin.py:190} INFO - [2026-08-04T08:37:32.437+0000] {dag.py:3239} INFO - Sync 1 DAGs
[2026-08-04T08:37:32.465+0000] {logging_mixin.py:190} INFO - [2026-08-04T08:37:32.465+0000] {dag.py:4180} INFO - Setting next_dagrun for example_weekday_branch_operator to 2026-08-03 00:00:00+00:00, run_after=2026-08-04 00:00:00+00:00
[2026-08-04T08:37:32.485+0000] {processor.py:208} INFO - Processing /home/airflow/.local/lib/python3.12/site-packages/airflow/example_dags/example_branch_day_of_week_operator.py took 0.090 seconds
[2026-08-04T08:38:03.054+0000] {processor.py:186} INFO - Started process (PID=2212) to work on /home/airflow/.local/lib/python3.12/site-packages/airflow/example_dags/example_branch_day_of_week_operator.py
[2026-08-04T08:38:03.055+0000] {processor.py:914} INFO - Processing file /home/airflow/.local/lib/python3.12/site-packages/airflow/example_dags/example_branch_day_of_week_operator.py for tasks to queue
[2026-08-04T08:38:03.058+0000] {logging_mixin.py:190} INFO - [2026-08-04T08:38:03.058+0000] {dagbag.py:588} INFO - Filling up the DagBag from /home/airflow/.local/lib/python3.12/site-packages/airflow/example_dags/example_branch_day_of_week_operator.py
[2026-08-04T08:38:03.070+0000] {processor.py:925} INFO - DAG(s) 'example_weekday_branch_operator' retrieved from /home/airflow/.local/lib/python3.12/site-packages/airflow/example_dags/example_branch_day_of_week_operator.py
[2026-08-04T08:38:03.094+0000] {logging_mixin.py:190} INFO - [2026-08-04T08:38:03.093+0000] {dag.py:3239} INFO - Sync 1 DAGs
[2026-08-04T08:38:03.120+0000] {logging_mixin.py:190} INFO - [2026-08-04T08:38:03.120+0000] {dag.py:4180} INFO - Setting next_dagrun for example_weekday_branch_operator to 2026-08-03 00:00:00+00:00, run_after=2026-08-04 00:00:00+00:00
[2026-08-04T08:38:03.143+0000] {processor.py:208} INFO - Processing /home/airflow/.local/lib/python3.12/site-packages/airflow/example_dags/example_branch_day_of_week_operator.py took 0.096 seconds
[2026-08-04T08:38:34.000+0000] {processor.py:186} INFO - Started process (PID=2279) to work on /home/airflow/.local/lib/python3.12/site-packages/airflow/example_dags/example_branch_day_of_week_operator.py
[2026-08-04T08:38:34.002+0000] {processor.py:914} INFO - Processing file /home/airflow/.local/lib/python3.12/site-packages/airflow/example_dags/example_branch_day_of_week_operator.py for tasks to queue
[2026-08-04T08:38:34.004+0000] {logging_mixin.py:190} INFO - [2026-08-04T08:38:34.004+0000] {dagbag.py:588} INFO - Filling up the DagBag from /home/airflow/.local/lib/python3.12/site-packages/airflow/example_dags/example_branch_day_of_week_operator.py
[2026-08-04T08:38:34.015+0000] {processor.py:925} INFO - DAG(s) 'example_weekday_branch_operator' retrieved from /home/airflow/.local/lib/python3.12/site-packages/airflow/example_dags/example_branch_day_of_week_operator.py
[2026-08-04T08:38:34.035+0000] {logging_mixin.py:190} INFO - [2026-08-04T08:38:34.035+0000] {dag.py:3239} INFO - Sync 1 DAGs
[2026-08-04T08:38:34.061+0000] {logging_mixin.py:190} INFO - [2026-08-04T08:38:34.060+0000] {dag.py:4180} INFO - Setting next_dagrun for example_weekday_branch_operator to 2026-08-03 00:00:00+00:00, run_after=2026-08-04 00:00:00+00:00
[2026-08-04T08:38:34.082+0000] {processor.py:208} INFO - Processing /home/airflow/.local/lib/python3.12/site-packages/airflow/example_dags/example_branch_day_of_week_operator.py took 0.088 seconds
[2026-08-04T08:39:04.818+0000] {processor.py:186} INFO - Started process (PID=2343) to work on /home/airflow/.local/lib/python3.12/site-packages/airflow/example_dags/example_branch_day_of_week_operator.py
[2026-08-04T08:39:04.820+0000] {processor.py:914} INFO - Processing file /home/airflow/.local/lib/python3.12/site-packages/airflow/example_dags/example_branch_day_of_week_operator.py for tasks to queue
[2026-08-04T08:39:04.823+0000] {logging_mixin.py:190} INFO - [2026-08-04T08:39:04.822+0000] {dagbag.py:588} INFO - Filling up the DagBag from /home/airflow/.local/lib/python3.12/site-packages/airflow/example_dags/example_branch_day_of_week_operator.py
[2026-08-04T08:39:04.833+0000] {processor.py:925} INFO - DAG(s) 'example_weekday_branch_operator' retrieved from /home/airflow/.local/lib/python3.12/site-packages/airflow/example_dags/example_branch_day_of_week_operator.py
[2026-08-04T08:39:04.855+0000] {logging_mixin.py:190} INFO - [2026-08-04T08:39:04.855+0000] {dag.py:3239} INFO - Sync 1 DAGs
[2026-08-04T08:39:04.880+0000] {logging_mixin.py:190} INFO - [2026-08-04T08:39:04.880+0000] {dag.py:4180} INFO - Setting next_dagrun for example_weekday_branch_operator to 2026-08-03 00:00:00+00:00, run_after=2026-08-04 00:00:00+00:00
[2026-08-04T08:39:04.901+0000] {processor.py:208} INFO - Processing /home/airflow/.local/lib/python3.12/site-packages/airflow/example_dags/example_branch_day_of_week_operator.py took 0.088 seconds
[2026-08-04T08:39:36.129+0000] {processor.py:186} INFO - Started process (PID=2410) to work on /home/airflow/.local/lib/python3.12/site-packages/airflow/example_dags/example_branch_day_of_week_operator.py
[2026-08-04T08:39:36.130+0000] {processor.py:914} INFO - Processing file /home/airflow/.local/lib/python3.12/site-packages/airflow/example_dags/example_branch_day_of_week_operator.py for tasks to queue
[2026-08-04T08:39:36.134+0000] {logging_mixin.py:190} INFO - [2026-08-04T08:39:36.133+0000] {dagbag.py:588} INFO - Filling up the DagBag from /home/airflow/.local/lib/python3.12/site-packages/airflow/example_dags/example_branch_day_of_week_operator.py
[2026-08-04T08:39:36.146+0000] {processor.py:925} INFO - DAG(s) 'example_weekday_branch_operator' retrieved from /home/airflow/.local/lib/python3.12/site-packages/airflow/example_dags/example_branch_day_of_week_operator.py
[2026-08-04T08:39:36.169+0000] {logging_mixin.py:190} INFO - [2026-08-04T08:39:36.168+0000] {dag.py:3239} INFO - Sync 1 DAGs
[2026-08-04T08:39:36.195+0000] {logging_mixin.py:190} INFO - [2026-08-04T08:39:36.195+0000] {dag.py:4180} INFO - Setting next_dagrun for example_weekday_branch_operator to 2026-08-03 00:00:00+00:00, run_after=2026-08-04 00:00:00+00:00
[2026-08-04T08:39:36.217+0000] {processor.py:208} INFO - Processing /home/airflow/.local/lib/python3.12/site-packages/airflow/example_dags/example_branch_day_of_week_operator.py took 0.095 seconds
[2026-08-04T08:40:07.388+0000] {processor.py:186} INFO - Started process (PID=2481) to work on /home/airflow/.local/lib/python3.12/site-packages/airflow/example_dags/example_branch_day_of_week_operator.py
[2026-08-04T08:40:07.390+0000] {processor.py:914} INFO - Processing file /home/airflow/.local/lib/python3.12/site-packages/airflow/example_dags/example_branch_day_of_week_operator.py for tasks to queue
[2026-08-04T08:40:07.393+0000] {logging_mixin.py:190} INFO - [2026-08-04T08:40:07.393+0000] {dagbag.py:588} INFO - Filling up the DagBag from /home/airflow/.local/lib/python3.12/site-packages/airflow/example_dags/example_branch_day_of_week_operator.py
[2026-08-04T08:40:07.406+0000] {processor.py:925} INFO - DAG(s) 'example_weekday_branch_operator' retrieved from /home/airflow/.local/lib/python3.12/site-packages/airflow/example_dags/example_branch_day_of_week_operator.py
[2026-08-04T08:40:07.429+0000] {logging_mixin.py:190} INFO - [2026-08-04T08:40:07.429+0000] {dag.py:3239} INFO - Sync 1 DAGs
[2026-08-04T08:40:07.458+0000] {logging_mixin.py:190} INFO - [2026-08-04T08:40:07.458+0000] {dag.py:4180} INFO - Setting next_dagrun for example_weekday_branch_operator to 2026-08-03 00:00:00+00:00, run_after=2026-08-04 00:00:00+00:00
[2026-08-04T08:40:07.478+0000] {processor.py:208} INFO - Processing /home/airflow/.local/lib/python3.12/site-packages/airflow/example_dags/example_branch_day_of_week_operator.py took 0.097 seconds
[2026-08-04T08:40:38.420+0000] {processor.py:186} INFO - Started process (PID=2546) to work on /home/airflow/.local/lib/python3.12/site-packages/airflow/example_dags/example_branch_day_of_week_operator.py
[2026-08-04T08:40:38.421+0000] {processor.py:914} INFO - Processing file /home/airflow/.local/lib/python3.12/site-packages/airflow/example_dags/example_branch_day_of_week_operator.py for tasks to queue
[2026-08-04T08:40:38.424+0000] {logging_mixin.py:190} INFO - [2026-08-04T08:40:38.424+0000] {dagbag.py:588} INFO - Filling up the DagBag from /home/airflow/.local/lib/python3.12/site-packages/airflow/example_dags/example_branch_day_of_week_operator.py
[2026-08-04T08:40:38.434+0000] {processor.py:925} INFO - DAG(s) 'example_weekday_branch_operator' retrieved from /home/airflow/.local/lib/python3.12/site-packages/airflow/example_dags/example_branch_day_of_week_operator.py
[2026-08-04T08:40:38.458+0000] {logging_mixin.py:190} INFO - [2026-08-04T08:40:38.458+0000] {dag.py:3239} INFO - Sync 1 DAGs
[2026-08-04T08:40:38.486+0000] {logging_mixin.py:190} INFO - [2026-08-04T08:40:38.486+0000] {dag.py:4180} INFO - Setting next_dagrun for example_weekday_branch_operator to 2026-08-03 00:00:00+00:00, run_after=2026-08-04 00:00:00+00:00
[2026-08-04T08:40:38.507+0000] {processor.py:208} INFO - Processing /home/airflow/.local/lib/python3.12/site-packages/airflow/example_dags/example_branch_day_of_week_operator.py took 0.093 seconds
[2026-08-04T08:41:09.582+0000] {processor.py:186} INFO - Started process (PID=2612) to work on /home/airflow/.local/lib/python3.12/site-packages/airflow/example_dags/example_branch_day_of_week_operator.py
[2026-08-04T08:41:09.584+0000] {processor.py:914} INFO - Processing file /home/airflow/.local/lib/python3.12/site-packages/airflow/example_dags/example_branch_day_of_week_operator.py for tasks to queue
[2026-08-04T08:41:09.587+0000] {logging_mixin.py:190} INFO - [2026-08-04T08:41:09.586+0000] {dagbag.py:588} INFO - Filling up the DagBag from /home/airflow/.local/lib/python3.12/site-packages/airflow/example_dags/example_branch_day_of_week_operator.py
[2026-08-04T08:41:09.599+0000] {processor.py:925} INFO - DAG(s) 'example_weekday_branch_operator' retrieved from /home/airflow/.local/lib/python3.12/site-packages/airflow/example_dags/example_branch_day_of_week_operator.py
[2026-08-04T08:41:09.629+0000] {logging_mixin.py:190} INFO - [2026-08-04T08:41:09.629+0000] {dag.py:3239} INFO - Sync 1 DAGs
[2026-08-04T08:41:09.657+0000] {logging_mixin.py:190} INFO - [2026-08-04T08:41:09.657+0000] {dag.py:4180} INFO - Setting next_dagrun for example_weekday_branch_operator to 2026-08-03 00:00:00+00:00, run_after=2026-08-04 00:00:00+00:00
[2026-08-04T08:41:09.678+0000] {processor.py:208} INFO - Processing /home/airflow/.local/lib/python3.12/site-packages/airflow/example_dags/example_branch_day_of_week_operator.py took 0.102 seconds
[2026-08-04T08:41:42.126+0000] {processor.py:186} INFO - Started process (PID=2679) to work on /home/airflow/.local/lib/python3.12/site-packages/airflow/example_dags/example_branch_day_of_week_operator.py
[2026-08-04T08:41:42.127+0000] {processor.py:914} INFO - Processing file /home/airflow/.local/lib/python3.12/site-packages/airflow/example_dags/example_branch_day_of_week_operator.py for tasks to queue
[2026-08-04T08:41:42.130+0000] {logging_mixin.py:190} INFO - [2026-08-04T08:41:42.130+0000] {dagbag.py:588} INFO - Filling up the DagBag from /home/airflow/.local/lib/python3.12/site-packages/airflow/example_dags/example_branch_day_of_week_operator.py
[2026-08-04T08:41:42.141+0000] {processor.py:925} INFO - DAG(s) 'example_weekday_branch_operator' retrieved from /home/airflow/.local/lib/python3.12/site-packages/airflow/example_dags/example_branch_day_of_week_operator.py
[2026-08-04T08:41:42.161+0000] {logging_mixin.py:190} INFO - [2026-08-04T08:41:42.161+0000] {dag.py:3239} INFO - Sync 1 DAGs
[2026-08-04T08:41:42.187+0000] {logging_mixin.py:190} INFO - [2026-08-04T08:41:42.187+0000] {dag.py:4180} INFO - Setting next_dagrun for example_weekday_branch_operator to 2026-08-03 00:00:00+00:00, run_after=2026-08-04 00:00:00+00:00
[2026-08-04T08:41:42.205+0000] {processor.py:208} INFO - Processing /home/airflow/.local/lib/python3.12/site-packages/airflow/example_dags/example_branch_day_of_week_operator.py took 0.085 seconds
