[2026-08-04T07:47:13.716+0000] {processor.py:186} INFO - Started process (PID=101) to work on /home/airflow/.local/lib/python3.12/site-packages/airflow/example_dags/example_complex.py
[2026-08-04T07:47:13.718+0000] {processor.py:914} INFO - Processing file /home/airflow/.local/lib/python3.12/site-packages/airflow/example_dags/example_complex.py for tasks to queue
[2026-08-04T07:47:13.722+0000] {logging_mixin.py:190} INFO - [2026-08-04T07:47:13.721+0000] {dagbag.py:588} INFO - Filling up the DagBag from /home/airflow/.local/lib/python3.12/site-packages/airflow/example_dags/example_complex.py
[2026-08-04T07:47:13.742+0000] {processor.py:925} INFO - DAG(s) 'example_complex' retrieved from /home/airflow/.local/lib/python3.12/site-packages/airflow/example_dags/example_complex.py
[2026-08-04T07:47:13.801+0000] {logging_mixin.py:190} INFO - [2026-08-04T07:47:13.801+0000] {dag.py:3239} INFO - Sync 1 DAGs
[2026-08-04T07:47:13.832+0000] {logging_mixin.py:190} INFO - [2026-08-04T07:47:13.832+0000] {dag.py:4180} INFO - Setting next_dagrun for example_complex to None, run_after=None
[2026-08-04T07:47:13.861+0000] {processor.py:208} INFO - Processing /home/airflow/.local/lib/python3.12/site-packages/airflow/example_dags/example_complex.py took 0.152 seconds
[2026-08-04T08:21:19.811+0000] {processor.py:186} INFO - Started process (PID=101) to work on /home/airflow/.local/lib/python3.12/site-packages/airflow/example_dags/example_complex.py
[2026-08-04T08:21:19.813+0000] {processor.py:914} INFO - Processing file /home/airflow/.local/lib/python3.12/site-packages/airflow/example_dags/example_complex.py for tasks to queue
[2026-08-04T08:21:19.816+0000] {logging_mixin.py:190} INFO - [2026-08-04T08:21:19.816+0000] {dagbag.py:588} INFO - Filling up the DagBag from /home/airflow/.local/lib/python3.12/site-packages/airflow/example_dags/example_complex.py
[2026-08-04T08:21:19.836+0000] {processor.py:925} INFO - DAG(s) 'example_complex' retrieved from /home/airflow/.local/lib/python3.12/site-packages/airflow/example_dags/example_complex.py
[2026-08-04T08:21:19.879+0000] {logging_mixin.py:190} INFO - [2026-08-04T08:21:19.879+0000] {dag.py:3239} INFO - Sync 1 DAGs
[2026-08-04T08:21:19.898+0000] {logging_mixin.py:190} INFO - [2026-08-04T08:21:19.898+0000] {dag.py:4180} INFO - Setting next_dagrun for example_complex to None, run_after=None
[2026-08-04T08:21:19.921+0000] {processor.py:208} INFO - Processing /home/airflow/.local/lib/python3.12/site-packages/airflow/example_dags/example_complex.py took 0.118 seconds
[2026-08-04T08:21:51.217+0000] {processor.py:186} INFO - Started process (PID=166) to work on /home/airflow/.local/lib/python3.12/site-packages/airflow/example_dags/example_complex.py
[2026-08-04T08:21:51.219+0000] {processor.py:914} INFO - Processing file /home/airflow/.local/lib/python3.12/site-packages/airflow/example_dags/example_complex.py for tasks to queue
[2026-08-04T08:21:51.223+0000] {logging_mixin.py:190} INFO - [2026-08-04T08:21:51.222+0000] {dagbag.py:588} INFO - Filling up the DagBag from /home/airflow/.local/lib/python3.12/site-packages/airflow/example_dags/example_complex.py
[2026-08-04T08:21:51.242+0000] {processor.py:925} INFO - DAG(s) 'example_complex' retrieved from /home/airflow/.local/lib/python3.12/site-packages/airflow/example_dags/example_complex.py
[2026-08-04T08:21:51.278+0000] {logging_mixin.py:190} INFO - [2026-08-04T08:21:51.278+0000] {dag.py:3239} INFO - Sync 1 DAGs
[2026-08-04T08:21:51.296+0000] {logging_mixin.py:190} INFO - [2026-08-04T08:21:51.296+0000] {dag.py:4180} INFO - Setting next_dagrun for example_complex to None, run_after=None
[2026-08-04T08:21:51.330+0000] {processor.py:208} INFO - Processing /home/airflow/.local/lib/python3.12/site-packages/airflow/example_dags/example_complex.py took 0.121 seconds
[2026-08-04T08:22:22.353+0000] {processor.py:186} INFO - Started process (PID=231) to work on /home/airflow/.local/lib/python3.12/site-packages/airflow/example_dags/example_complex.py
[2026-08-04T08:22:22.355+0000] {processor.py:914} INFO - Processing file /home/airflow/.local/lib/python3.12/site-packages/airflow/example_dags/example_complex.py for tasks to queue
[2026-08-04T08:22:22.358+0000] {logging_mixin.py:190} INFO - [2026-08-04T08:22:22.358+0000] {dagbag.py:588} INFO - Filling up the DagBag from /home/airflow/.local/lib/python3.12/site-packages/airflow/example_dags/example_complex.py
[2026-08-04T08:22:22.374+0000] {processor.py:925} INFO - DAG(s) 'example_complex' retrieved from /home/airflow/.local/lib/python3.12/site-packages/airflow/example_dags/example_complex.py
[2026-08-04T08:22:22.419+0000] {logging_mixin.py:190} INFO - [2026-08-04T08:22:22.419+0000] {dag.py:3239} INFO - Sync 1 DAGs
[2026-08-04T08:22:22.441+0000] {logging_mixin.py:190} INFO - [2026-08-04T08:22:22.441+0000] {dag.py:4180} INFO - Setting next_dagrun for example_complex to None, run_after=None
[2026-08-04T08:22:22.467+0000] {processor.py:208} INFO - Processing /home/airflow/.local/lib/python3.12/site-packages/airflow/example_dags/example_complex.py took 0.124 seconds
[2026-08-04T08:22:53.305+0000] {processor.py:186} INFO - Started process (PID=296) to work on /home/airflow/.local/lib/python3.12/site-packages/airflow/example_dags/example_complex.py
[2026-08-04T08:22:53.306+0000] {processor.py:914} INFO - Processing file /home/airflow/.local/lib/python3.12/site-packages/airflow/example_dags/example_complex.py for tasks to queue
[2026-08-04T08:22:53.309+0000] {logging_mixin.py:190} INFO - [2026-08-04T08:22:53.309+0000] {dagbag.py:588} INFO - Filling up the DagBag from /home/airflow/.local/lib/python3.12/site-packages/airflow/example_dags/example_complex.py
[2026-08-04T08:22:53.322+0000] {processor.py:925} INFO - DAG(s) 'example_complex' retrieved from /home/airflow/.local/lib/python3.12/site-packages/airflow/example_dags/example_complex.py
[2026-08-04T08:22:53.352+0000] {logging_mixin.py:190} INFO - [2026-08-04T08:22:53.352+0000] {dag.py:3239} INFO - Sync 1 DAGs
[2026-08-04T08:22:53.367+0000] {logging_mixin.py:190} INFO - [2026-08-04T08:22:53.367+0000] {dag.py:4180} INFO - Setting next_dagrun for example_complex to None, run_after=None
[2026-08-04T08:22:53.388+0000] {processor.py:208} INFO - Processing /home/airflow/.local/lib/python3.12/site-packages/airflow/example_dags/example_complex.py took 0.090 seconds
[2026-08-04T08:23:25.194+0000] {processor.py:186} INFO - Started process (PID=361) to work on /home/airflow/.local/lib/python3.12/site-packages/airflow/example_dags/example_complex.py
[2026-08-04T08:23:25.196+0000] {processor.py:914} INFO - Processing file /home/airflow/.local/lib/python3.12/site-packages/airflow/example_dags/example_complex.py for tasks to queue
[2026-08-04T08:23:25.198+0000] {logging_mixin.py:190} INFO - [2026-08-04T08:23:25.198+0000] {dagbag.py:588} INFO - Filling up the DagBag from /home/airflow/.local/lib/python3.12/site-packages/airflow/example_dags/example_complex.py
[2026-08-04T08:23:25.210+0000] {processor.py:925} INFO - DAG(s) 'example_complex' retrieved from /home/airflow/.local/lib/python3.12/site-packages/airflow/example_dags/example_complex.py
[2026-08-04T08:23:25.240+0000] {logging_mixin.py:190} INFO - [2026-08-04T08:23:25.240+0000] {dag.py:3239} INFO - Sync 1 DAGs
[2026-08-04T08:23:25.255+0000] {logging_mixin.py:190} INFO - [2026-08-04T08:23:25.255+0000] {dag.py:4180} INFO - Setting next_dagrun for example_complex to None, run_after=None
[2026-08-04T08:23:25.275+0000] {processor.py:208} INFO - Processing /home/airflow/.local/lib/python3.12/site-packages/airflow/example_dags/example_complex.py took 0.087 seconds
[2026-08-04T08:23:56.603+0000] {processor.py:186} INFO - Started process (PID=426) to work on /home/airflow/.local/lib/python3.12/site-packages/airflow/example_dags/example_complex.py
[2026-08-04T08:23:56.605+0000] {processor.py:914} INFO - Processing file /home/airflow/.local/lib/python3.12/site-packages/airflow/example_dags/example_complex.py for tasks to queue
[2026-08-04T08:23:56.608+0000] {logging_mixin.py:190} INFO - [2026-08-04T08:23:56.608+0000] {dagbag.py:588} INFO - Filling up the DagBag from /home/airflow/.local/lib/python3.12/site-packages/airflow/example_dags/example_complex.py
[2026-08-04T08:23:56.625+0000] {processor.py:925} INFO - DAG(s) 'example_complex' retrieved from /home/airflow/.local/lib/python3.12/site-packages/airflow/example_dags/example_complex.py
[2026-08-04T08:23:56.662+0000] {logging_mixin.py:190} INFO - [2026-08-04T08:23:56.662+0000] {dag.py:3239} INFO - Sync 1 DAGs
[2026-08-04T08:23:56.680+0000] {logging_mixin.py:190} INFO - [2026-08-04T08:23:56.680+0000] {dag.py:4180} INFO - Setting next_dagrun for example_complex to None, run_after=None
[2026-08-04T08:23:56.703+0000] {processor.py:208} INFO - Processing /home/airflow/.local/lib/python3.12/site-packages/airflow/example_dags/example_complex.py took 0.106 seconds
[2026-08-04T08:24:27.829+0000] {processor.py:186} INFO - Started process (PID=491) to work on /home/airflow/.local/lib/python3.12/site-packages/airflow/example_dags/example_complex.py
[2026-08-04T08:24:27.830+0000] {processor.py:914} INFO - Processing file /home/airflow/.local/lib/python3.12/site-packages/airflow/example_dags/example_complex.py for tasks to queue
[2026-08-04T08:24:27.833+0000] {logging_mixin.py:190} INFO - [2026-08-04T08:24:27.833+0000] {dagbag.py:588} INFO - Filling up the DagBag from /home/airflow/.local/lib/python3.12/site-packages/airflow/example_dags/example_complex.py
[2026-08-04T08:24:27.846+0000] {processor.py:925} INFO - DAG(s) 'example_complex' retrieved from /home/airflow/.local/lib/python3.12/site-packages/airflow/example_dags/example_complex.py
[2026-08-04T08:24:27.888+0000] {logging_mixin.py:190} INFO - [2026-08-04T08:24:27.887+0000] {dag.py:3239} INFO - Sync 1 DAGs
[2026-08-04T08:24:27.911+0000] {logging_mixin.py:190} INFO - [2026-08-04T08:24:27.911+0000] {dag.py:4180} INFO - Setting next_dagrun for example_complex to None, run_after=None
[2026-08-04T08:24:27.941+0000] {processor.py:208} INFO - Processing /home/airflow/.local/lib/python3.12/site-packages/airflow/example_dags/example_complex.py took 0.118 seconds
[2026-08-04T08:24:59.477+0000] {processor.py:186} INFO - Started process (PID=556) to work on /home/airflow/.local/lib/python3.12/site-packages/airflow/example_dags/example_complex.py
[2026-08-04T08:24:59.479+0000] {processor.py:914} INFO - Processing file /home/airflow/.local/lib/python3.12/site-packages/airflow/example_dags/example_complex.py for tasks to queue
[2026-08-04T08:24:59.482+0000] {logging_mixin.py:190} INFO - [2026-08-04T08:24:59.482+0000] {dagbag.py:588} INFO - Filling up the DagBag from /home/airflow/.local/lib/python3.12/site-packages/airflow/example_dags/example_complex.py
[2026-08-04T08:24:59.496+0000] {processor.py:925} INFO - DAG(s) 'example_complex' retrieved from /home/airflow/.local/lib/python3.12/site-packages/airflow/example_dags/example_complex.py
[2026-08-04T08:24:59.527+0000] {logging_mixin.py:190} INFO - [2026-08-04T08:24:59.527+0000] {dag.py:3239} INFO - Sync 1 DAGs
[2026-08-04T08:24:59.542+0000] {logging_mixin.py:190} INFO - [2026-08-04T08:24:59.542+0000] {dag.py:4180} INFO - Setting next_dagrun for example_complex to None, run_after=None
[2026-08-04T08:24:59.562+0000] {processor.py:208} INFO - Processing /home/airflow/.local/lib/python3.12/site-packages/airflow/example_dags/example_complex.py took 0.091 seconds
[2026-08-04T08:25:30.581+0000] {processor.py:186} INFO - Started process (PID=622) to work on /home/airflow/.local/lib/python3.12/site-packages/airflow/example_dags/example_complex.py
[2026-08-04T08:25:30.582+0000] {processor.py:914} INFO - Processing file /home/airflow/.local/lib/python3.12/site-packages/airflow/example_dags/example_complex.py for tasks to queue
[2026-08-04T08:25:30.587+0000] {logging_mixin.py:190} INFO - [2026-08-04T08:25:30.587+0000] {dagbag.py:588} INFO - Filling up the DagBag from /home/airflow/.local/lib/python3.12/site-packages/airflow/example_dags/example_complex.py
[2026-08-04T08:25:30.602+0000] {processor.py:925} INFO - DAG(s) 'example_complex' retrieved from /home/airflow/.local/lib/python3.12/site-packages/airflow/example_dags/example_complex.py
[2026-08-04T08:25:30.644+0000] {logging_mixin.py:190} INFO - [2026-08-04T08:25:30.644+0000] {dag.py:3239} INFO - Sync 1 DAGs
[2026-08-04T08:25:30.662+0000] {logging_mixin.py:190} INFO - [2026-08-04T08:25:30.662+0000] {dag.py:4180} INFO - Setting next_dagrun for example_complex to None, run_after=None
[2026-08-04T08:25:30.683+0000] {processor.py:208} INFO - Processing /home/airflow/.local/lib/python3.12/site-packages/airflow/example_dags/example_complex.py took 0.111 seconds
[2026-08-04T08:26:01.895+0000] {processor.py:186} INFO - Started process (PID=687) to work on /home/airflow/.local/lib/python3.12/site-packages/airflow/example_dags/example_complex.py
[2026-08-04T08:26:01.897+0000] {processor.py:914} INFO - Processing file /home/airflow/.local/lib/python3.12/site-packages/airflow/example_dags/example_complex.py for tasks to queue
[2026-08-04T08:26:01.900+0000] {logging_mixin.py:190} INFO - [2026-08-04T08:26:01.899+0000] {dagbag.py:588} INFO - Filling up the DagBag from /home/airflow/.local/lib/python3.12/site-packages/airflow/example_dags/example_complex.py
[2026-08-04T08:26:01.915+0000] {processor.py:925} INFO - DAG(s) 'example_complex' retrieved from /home/airflow/.local/lib/python3.12/site-packages/airflow/example_dags/example_complex.py
[2026-08-04T08:26:01.951+0000] {logging_mixin.py:190} INFO - [2026-08-04T08:26:01.951+0000] {dag.py:3239} INFO - Sync 1 DAGs
[2026-08-04T08:26:01.970+0000] {logging_mixin.py:190} INFO - [2026-08-04T08:26:01.969+0000] {dag.py:4180} INFO - Setting next_dagrun for example_complex to None, run_after=None
[2026-08-04T08:26:01.991+0000] {processor.py:208} INFO - Processing /home/airflow/.local/lib/python3.12/site-packages/airflow/example_dags/example_complex.py took 0.102 seconds
[2026-08-04T08:26:32.915+0000] {processor.py:186} INFO - Started process (PID=753) to work on /home/airflow/.local/lib/python3.12/site-packages/airflow/example_dags/example_complex.py
[2026-08-04T08:26:32.917+0000] {processor.py:914} INFO - Processing file /home/airflow/.local/lib/python3.12/site-packages/airflow/example_dags/example_complex.py for tasks to queue
[2026-08-04T08:26:32.920+0000] {logging_mixin.py:190} INFO - [2026-08-04T08:26:32.920+0000] {dagbag.py:588} INFO - Filling up the DagBag from /home/airflow/.local/lib/python3.12/site-packages/airflow/example_dags/example_complex.py
[2026-08-04T08:26:32.936+0000] {processor.py:925} INFO - DAG(s) 'example_complex' retrieved from /home/airflow/.local/lib/python3.12/site-packages/airflow/example_dags/example_complex.py
[2026-08-04T08:26:32.974+0000] {logging_mixin.py:190} INFO - [2026-08-04T08:26:32.974+0000] {dag.py:3239} INFO - Sync 1 DAGs
[2026-08-04T08:26:32.994+0000] {logging_mixin.py:190} INFO - [2026-08-04T08:26:32.993+0000] {dag.py:4180} INFO - Setting next_dagrun for example_complex to None, run_after=None
[2026-08-04T08:26:33.016+0000] {processor.py:208} INFO - Processing /home/airflow/.local/lib/python3.12/site-packages/airflow/example_dags/example_complex.py took 0.108 seconds
[2026-08-04T08:27:04.415+0000] {processor.py:186} INFO - Started process (PID=818) to work on /home/airflow/.local/lib/python3.12/site-packages/airflow/example_dags/example_complex.py
[2026-08-04T08:27:04.416+0000] {processor.py:914} INFO - Processing file /home/airflow/.local/lib/python3.12/site-packages/airflow/example_dags/example_complex.py for tasks to queue
[2026-08-04T08:27:04.420+0000] {logging_mixin.py:190} INFO - [2026-08-04T08:27:04.420+0000] {dagbag.py:588} INFO - Filling up the DagBag from /home/airflow/.local/lib/python3.12/site-packages/airflow/example_dags/example_complex.py
[2026-08-04T08:27:04.435+0000] {processor.py:925} INFO - DAG(s) 'example_complex' retrieved from /home/airflow/.local/lib/python3.12/site-packages/airflow/example_dags/example_complex.py
[2026-08-04T08:27:04.467+0000] {logging_mixin.py:190} INFO - [2026-08-04T08:27:04.467+0000] {dag.py:3239} INFO - Sync 1 DAGs
[2026-08-04T08:27:04.483+0000] {logging_mixin.py:190} INFO - [2026-08-04T08:27:04.483+0000] {dag.py:4180} INFO - Setting next_dagrun for example_complex to None, run_after=None
[2026-08-04T08:27:04.503+0000] {processor.py:208} INFO - Processing /home/airflow/.local/lib/python3.12/site-packages/airflow/example_dags/example_complex.py took 0.094 seconds
[2026-08-04T08:27:35.536+0000] {processor.py:186} INFO - Started process (PID=883) to work on /home/airflow/.local/lib/python3.12/site-packages/airflow/example_dags/example_complex.py
[2026-08-04T08:27:35.538+0000] {processor.py:914} INFO - Processing file /home/airflow/.local/lib/python3.12/site-packages/airflow/example_dags/example_complex.py for tasks to queue
[2026-08-04T08:27:35.541+0000] {logging_mixin.py:190} INFO - [2026-08-04T08:27:35.540+0000] {dagbag.py:588} INFO - Filling up the DagBag from /home/airflow/.local/lib/python3.12/site-packages/airflow/example_dags/example_complex.py
[2026-08-04T08:27:35.554+0000] {processor.py:925} INFO - DAG(s) 'example_complex' retrieved from /home/airflow/.local/lib/python3.12/site-packages/airflow/example_dags/example_complex.py
[2026-08-04T08:27:35.585+0000] {logging_mixin.py:190} INFO - [2026-08-04T08:27:35.584+0000] {dag.py:3239} INFO - Sync 1 DAGs
[2026-08-04T08:27:35.601+0000] {logging_mixin.py:190} INFO - [2026-08-04T08:27:35.601+0000] {dag.py:4180} INFO - Setting next_dagrun for example_complex to None, run_after=None
[2026-08-04T08:27:35.622+0000] {processor.py:208} INFO - Processing /home/airflow/.local/lib/python3.12/site-packages/airflow/example_dags/example_complex.py took 0.092 seconds
[2026-08-04T08:28:06.694+0000] {processor.py:186} INFO - Started process (PID=948) to work on /home/airflow/.local/lib/python3.12/site-packages/airflow/example_dags/example_complex.py
[2026-08-04T08:28:06.695+0000] {processor.py:914} INFO - Processing file /home/airflow/.local/lib/python3.12/site-packages/airflow/example_dags/example_complex.py for tasks to queue
[2026-08-04T08:28:06.698+0000] {logging_mixin.py:190} INFO - [2026-08-04T08:28:06.698+0000] {dagbag.py:588} INFO - Filling up the DagBag from /home/airflow/.local/lib/python3.12/site-packages/airflow/example_dags/example_complex.py
[2026-08-04T08:28:06.712+0000] {processor.py:925} INFO - DAG(s) 'example_complex' retrieved from /home/airflow/.local/lib/python3.12/site-packages/airflow/example_dags/example_complex.py
[2026-08-04T08:28:06.748+0000] {logging_mixin.py:190} INFO - [2026-08-04T08:28:06.748+0000] {dag.py:3239} INFO - Sync 1 DAGs
[2026-08-04T08:28:06.765+0000] {logging_mixin.py:190} INFO - [2026-08-04T08:28:06.765+0000] {dag.py:4180} INFO - Setting next_dagrun for example_complex to None, run_after=None
[2026-08-04T08:28:06.788+0000] {processor.py:208} INFO - Processing /home/airflow/.local/lib/python3.12/site-packages/airflow/example_dags/example_complex.py took 0.100 seconds
[2026-08-04T08:28:38.270+0000] {processor.py:186} INFO - Started process (PID=1013) to work on /home/airflow/.local/lib/python3.12/site-packages/airflow/example_dags/example_complex.py
[2026-08-04T08:28:38.272+0000] {processor.py:914} INFO - Processing file /home/airflow/.local/lib/python3.12/site-packages/airflow/example_dags/example_complex.py for tasks to queue
[2026-08-04T08:28:38.275+0000] {logging_mixin.py:190} INFO - [2026-08-04T08:28:38.274+0000] {dagbag.py:588} INFO - Filling up the DagBag from /home/airflow/.local/lib/python3.12/site-packages/airflow/example_dags/example_complex.py
[2026-08-04T08:28:38.288+0000] {processor.py:925} INFO - DAG(s) 'example_complex' retrieved from /home/airflow/.local/lib/python3.12/site-packages/airflow/example_dags/example_complex.py
[2026-08-04T08:28:38.324+0000] {logging_mixin.py:190} INFO - [2026-08-04T08:28:38.323+0000] {dag.py:3239} INFO - Sync 1 DAGs
[2026-08-04T08:28:38.340+0000] {logging_mixin.py:190} INFO - [2026-08-04T08:28:38.340+0000] {dag.py:4180} INFO - Setting next_dagrun for example_complex to None, run_after=None
[2026-08-04T08:28:38.362+0000] {processor.py:208} INFO - Processing /home/airflow/.local/lib/python3.12/site-packages/airflow/example_dags/example_complex.py took 0.097 seconds
[2026-08-04T08:29:09.866+0000] {processor.py:186} INFO - Started process (PID=1078) to work on /home/airflow/.local/lib/python3.12/site-packages/airflow/example_dags/example_complex.py
[2026-08-04T08:29:09.867+0000] {processor.py:914} INFO - Processing file /home/airflow/.local/lib/python3.12/site-packages/airflow/example_dags/example_complex.py for tasks to queue
[2026-08-04T08:29:09.870+0000] {logging_mixin.py:190} INFO - [2026-08-04T08:29:09.870+0000] {dagbag.py:588} INFO - Filling up the DagBag from /home/airflow/.local/lib/python3.12/site-packages/airflow/example_dags/example_complex.py
[2026-08-04T08:29:09.882+0000] {processor.py:925} INFO - DAG(s) 'example_complex' retrieved from /home/airflow/.local/lib/python3.12/site-packages/airflow/example_dags/example_complex.py
[2026-08-04T08:29:09.912+0000] {logging_mixin.py:190} INFO - [2026-08-04T08:29:09.912+0000] {dag.py:3239} INFO - Sync 1 DAGs
[2026-08-04T08:29:09.928+0000] {logging_mixin.py:190} INFO - [2026-08-04T08:29:09.927+0000] {dag.py:4180} INFO - Setting next_dagrun for example_complex to None, run_after=None
[2026-08-04T08:29:09.948+0000] {processor.py:208} INFO - Processing /home/airflow/.local/lib/python3.12/site-packages/airflow/example_dags/example_complex.py took 0.088 seconds
[2026-08-04T08:29:41.120+0000] {processor.py:186} INFO - Started process (PID=1143) to work on /home/airflow/.local/lib/python3.12/site-packages/airflow/example_dags/example_complex.py
[2026-08-04T08:29:41.121+0000] {processor.py:914} INFO - Processing file /home/airflow/.local/lib/python3.12/site-packages/airflow/example_dags/example_complex.py for tasks to queue
[2026-08-04T08:29:41.124+0000] {logging_mixin.py:190} INFO - [2026-08-04T08:29:41.124+0000] {dagbag.py:588} INFO - Filling up the DagBag from /home/airflow/.local/lib/python3.12/site-packages/airflow/example_dags/example_complex.py
[2026-08-04T08:29:41.136+0000] {processor.py:925} INFO - DAG(s) 'example_complex' retrieved from /home/airflow/.local/lib/python3.12/site-packages/airflow/example_dags/example_complex.py
[2026-08-04T08:29:41.165+0000] {logging_mixin.py:190} INFO - [2026-08-04T08:29:41.165+0000] {dag.py:3239} INFO - Sync 1 DAGs
[2026-08-04T08:29:41.180+0000] {logging_mixin.py:190} INFO - [2026-08-04T08:29:41.180+0000] {dag.py:4180} INFO - Setting next_dagrun for example_complex to None, run_after=None
[2026-08-04T08:29:41.200+0000] {processor.py:208} INFO - Processing /home/airflow/.local/lib/python3.12/site-packages/airflow/example_dags/example_complex.py took 0.085 seconds
[2026-08-04T08:30:12.429+0000] {processor.py:186} INFO - Started process (PID=1209) to work on /home/airflow/.local/lib/python3.12/site-packages/airflow/example_dags/example_complex.py
[2026-08-04T08:30:12.430+0000] {processor.py:914} INFO - Processing file /home/airflow/.local/lib/python3.12/site-packages/airflow/example_dags/example_complex.py for tasks to queue
[2026-08-04T08:30:12.433+0000] {logging_mixin.py:190} INFO - [2026-08-04T08:30:12.432+0000] {dagbag.py:588} INFO - Filling up the DagBag from /home/airflow/.local/lib/python3.12/site-packages/airflow/example_dags/example_complex.py
[2026-08-04T08:30:12.445+0000] {processor.py:925} INFO - DAG(s) 'example_complex' retrieved from /home/airflow/.local/lib/python3.12/site-packages/airflow/example_dags/example_complex.py
[2026-08-04T08:30:12.477+0000] {logging_mixin.py:190} INFO - [2026-08-04T08:30:12.477+0000] {dag.py:3239} INFO - Sync 1 DAGs
[2026-08-04T08:30:12.494+0000] {logging_mixin.py:190} INFO - [2026-08-04T08:30:12.493+0000] {dag.py:4180} INFO - Setting next_dagrun for example_complex to None, run_after=None
[2026-08-04T08:30:12.515+0000] {processor.py:208} INFO - Processing /home/airflow/.local/lib/python3.12/site-packages/airflow/example_dags/example_complex.py took 0.092 seconds
[2026-08-04T08:30:43.019+0000] {processor.py:186} INFO - Started process (PID=1274) to work on /home/airflow/.local/lib/python3.12/site-packages/airflow/example_dags/example_complex.py
[2026-08-04T08:30:43.020+0000] {processor.py:914} INFO - Processing file /home/airflow/.local/lib/python3.12/site-packages/airflow/example_dags/example_complex.py for tasks to queue
[2026-08-04T08:30:43.023+0000] {logging_mixin.py:190} INFO - [2026-08-04T08:30:43.023+0000] {dagbag.py:588} INFO - Filling up the DagBag from /home/airflow/.local/lib/python3.12/site-packages/airflow/example_dags/example_complex.py
[2026-08-04T08:30:43.037+0000] {processor.py:925} INFO - DAG(s) 'example_complex' retrieved from /home/airflow/.local/lib/python3.12/site-packages/airflow/example_dags/example_complex.py
[2026-08-04T08:30:43.070+0000] {logging_mixin.py:190} INFO - [2026-08-04T08:30:43.070+0000] {dag.py:3239} INFO - Sync 1 DAGs
[2026-08-04T08:30:43.088+0000] {logging_mixin.py:190} INFO - [2026-08-04T08:30:43.087+0000] {dag.py:4180} INFO - Setting next_dagrun for example_complex to None, run_after=None
[2026-08-04T08:30:43.108+0000] {processor.py:208} INFO - Processing /home/airflow/.local/lib/python3.12/site-packages/airflow/example_dags/example_complex.py took 0.097 seconds
[2026-08-04T08:31:14.403+0000] {processor.py:186} INFO - Started process (PID=1345) to work on /home/airflow/.local/lib/python3.12/site-packages/airflow/example_dags/example_complex.py
[2026-08-04T08:31:14.404+0000] {processor.py:914} INFO - Processing file /home/airflow/.local/lib/python3.12/site-packages/airflow/example_dags/example_complex.py for tasks to queue
[2026-08-04T08:31:14.407+0000] {logging_mixin.py:190} INFO - [2026-08-04T08:31:14.407+0000] {dagbag.py:588} INFO - Filling up the DagBag from /home/airflow/.local/lib/python3.12/site-packages/airflow/example_dags/example_complex.py
[2026-08-04T08:31:14.420+0000] {processor.py:925} INFO - DAG(s) 'example_complex' retrieved from /home/airflow/.local/lib/python3.12/site-packages/airflow/example_dags/example_complex.py
[2026-08-04T08:31:14.448+0000] {logging_mixin.py:190} INFO - [2026-08-04T08:31:14.448+0000] {dag.py:3239} INFO - Sync 1 DAGs
[2026-08-04T08:31:14.463+0000] {logging_mixin.py:190} INFO - [2026-08-04T08:31:14.463+0000] {dag.py:4180} INFO - Setting next_dagrun for example_complex to None, run_after=None
[2026-08-04T08:31:14.482+0000] {processor.py:208} INFO - Processing /home/airflow/.local/lib/python3.12/site-packages/airflow/example_dags/example_complex.py took 0.086 seconds
[2026-08-04T08:31:45.632+0000] {processor.py:186} INFO - Started process (PID=1410) to work on /home/airflow/.local/lib/python3.12/site-packages/airflow/example_dags/example_complex.py
[2026-08-04T08:31:45.633+0000] {processor.py:914} INFO - Processing file /home/airflow/.local/lib/python3.12/site-packages/airflow/example_dags/example_complex.py for tasks to queue
[2026-08-04T08:31:45.636+0000] {logging_mixin.py:190} INFO - [2026-08-04T08:31:45.635+0000] {dagbag.py:588} INFO - Filling up the DagBag from /home/airflow/.local/lib/python3.12/site-packages/airflow/example_dags/example_complex.py
[2026-08-04T08:31:45.650+0000] {processor.py:925} INFO - DAG(s) 'example_complex' retrieved from /home/airflow/.local/lib/python3.12/site-packages/airflow/example_dags/example_complex.py
[2026-08-04T08:31:45.680+0000] {logging_mixin.py:190} INFO - [2026-08-04T08:31:45.679+0000] {dag.py:3239} INFO - Sync 1 DAGs
[2026-08-04T08:31:45.698+0000] {logging_mixin.py:190} INFO - [2026-08-04T08:31:45.697+0000] {dag.py:4180} INFO - Setting next_dagrun for example_complex to None, run_after=None
[2026-08-04T08:31:45.718+0000] {processor.py:208} INFO - Processing /home/airflow/.local/lib/python3.12/site-packages/airflow/example_dags/example_complex.py took 0.092 seconds
[2026-08-04T08:32:17.062+0000] {processor.py:186} INFO - Started process (PID=1475) to work on /home/airflow/.local/lib/python3.12/site-packages/airflow/example_dags/example_complex.py
[2026-08-04T08:32:17.063+0000] {processor.py:914} INFO - Processing file /home/airflow/.local/lib/python3.12/site-packages/airflow/example_dags/example_complex.py for tasks to queue
[2026-08-04T08:32:17.066+0000] {logging_mixin.py:190} INFO - [2026-08-04T08:32:17.066+0000] {dagbag.py:588} INFO - Filling up the DagBag from /home/airflow/.local/lib/python3.12/site-packages/airflow/example_dags/example_complex.py
[2026-08-04T08:32:17.081+0000] {processor.py:925} INFO - DAG(s) 'example_complex' retrieved from /home/airflow/.local/lib/python3.12/site-packages/airflow/example_dags/example_complex.py
[2026-08-04T08:32:17.115+0000] {logging_mixin.py:190} INFO - [2026-08-04T08:32:17.114+0000] {dag.py:3239} INFO - Sync 1 DAGs
[2026-08-04T08:32:17.132+0000] {logging_mixin.py:190} INFO - [2026-08-04T08:32:17.131+0000] {dag.py:4180} INFO - Setting next_dagrun for example_complex to None, run_after=None
[2026-08-04T08:32:17.154+0000] {processor.py:208} INFO - Processing /home/airflow/.local/lib/python3.12/site-packages/airflow/example_dags/example_complex.py took 0.100 seconds
[2026-08-04T08:32:48.425+0000] {processor.py:186} INFO - Started process (PID=1540) to work on /home/airflow/.local/lib/python3.12/site-packages/airflow/example_dags/example_complex.py
[2026-08-04T08:32:48.426+0000] {processor.py:914} INFO - Processing file /home/airflow/.local/lib/python3.12/site-packages/airflow/example_dags/example_complex.py for tasks to queue
[2026-08-04T08:32:48.429+0000] {logging_mixin.py:190} INFO - [2026-08-04T08:32:48.429+0000] {dagbag.py:588} INFO - Filling up the DagBag from /home/airflow/.local/lib/python3.12/site-packages/airflow/example_dags/example_complex.py
[2026-08-04T08:32:48.443+0000] {processor.py:925} INFO - DAG(s) 'example_complex' retrieved from /home/airflow/.local/lib/python3.12/site-packages/airflow/example_dags/example_complex.py
[2026-08-04T08:32:48.474+0000] {logging_mixin.py:190} INFO - [2026-08-04T08:32:48.474+0000] {dag.py:3239} INFO - Sync 1 DAGs
[2026-08-04T08:32:48.491+0000] {logging_mixin.py:190} INFO - [2026-08-04T08:32:48.491+0000] {dag.py:4180} INFO - Setting next_dagrun for example_complex to None, run_after=None
[2026-08-04T08:32:48.512+0000] {processor.py:208} INFO - Processing /home/airflow/.local/lib/python3.12/site-packages/airflow/example_dags/example_complex.py took 0.093 seconds
[2026-08-04T08:33:19.837+0000] {processor.py:186} INFO - Started process (PID=1605) to work on /home/airflow/.local/lib/python3.12/site-packages/airflow/example_dags/example_complex.py
[2026-08-04T08:33:19.838+0000] {processor.py:914} INFO - Processing file /home/airflow/.local/lib/python3.12/site-packages/airflow/example_dags/example_complex.py for tasks to queue
[2026-08-04T08:33:19.841+0000] {logging_mixin.py:190} INFO - [2026-08-04T08:33:19.841+0000] {dagbag.py:588} INFO - Filling up the DagBag from /home/airflow/.local/lib/python3.12/site-packages/airflow/example_dags/example_complex.py
[2026-08-04T08:33:19.854+0000] {processor.py:925} INFO - DAG(s) 'example_complex' retrieved from /home/airflow/.local/lib/python3.12/site-packages/airflow/example_dags/example_complex.py
[2026-08-04T08:33:19.891+0000] {logging_mixin.py:190} INFO - [2026-08-04T08:33:19.891+0000] {dag.py:3239} INFO - Sync 1 DAGs
[2026-08-04T08:33:19.908+0000] {logging_mixin.py:190} INFO - [2026-08-04T08:33:19.907+0000] {dag.py:4180} INFO - Setting next_dagrun for example_complex to None, run_after=None
[2026-08-04T08:33:19.930+0000] {processor.py:208} INFO - Processing /home/airflow/.local/lib/python3.12/site-packages/airflow/example_dags/example_complex.py took 0.099 seconds
[2026-08-04T08:33:50.912+0000] {processor.py:186} INFO - Started process (PID=1670) to work on /home/airflow/.local/lib/python3.12/site-packages/airflow/example_dags/example_complex.py
[2026-08-04T08:33:50.914+0000] {processor.py:914} INFO - Processing file /home/airflow/.local/lib/python3.12/site-packages/airflow/example_dags/example_complex.py for tasks to queue
[2026-08-04T08:33:50.917+0000] {logging_mixin.py:190} INFO - [2026-08-04T08:33:50.917+0000] {dagbag.py:588} INFO - Filling up the DagBag from /home/airflow/.local/lib/python3.12/site-packages/airflow/example_dags/example_complex.py
[2026-08-04T08:33:50.932+0000] {processor.py:925} INFO - DAG(s) 'example_complex' retrieved from /home/airflow/.local/lib/python3.12/site-packages/airflow/example_dags/example_complex.py
[2026-08-04T08:33:50.964+0000] {logging_mixin.py:190} INFO - [2026-08-04T08:33:50.964+0000] {dag.py:3239} INFO - Sync 1 DAGs
[2026-08-04T08:33:50.982+0000] {logging_mixin.py:190} INFO - [2026-08-04T08:33:50.981+0000] {dag.py:4180} INFO - Setting next_dagrun for example_complex to None, run_after=None
[2026-08-04T08:33:51.002+0000] {processor.py:208} INFO - Processing /home/airflow/.local/lib/python3.12/site-packages/airflow/example_dags/example_complex.py took 0.097 seconds
[2026-08-04T08:34:22.402+0000] {processor.py:186} INFO - Started process (PID=1735) to work on /home/airflow/.local/lib/python3.12/site-packages/airflow/example_dags/example_complex.py
[2026-08-04T08:34:22.403+0000] {processor.py:914} INFO - Processing file /home/airflow/.local/lib/python3.12/site-packages/airflow/example_dags/example_complex.py for tasks to queue
[2026-08-04T08:34:22.407+0000] {logging_mixin.py:190} INFO - [2026-08-04T08:34:22.407+0000] {dagbag.py:588} INFO - Filling up the DagBag from /home/airflow/.local/lib/python3.12/site-packages/airflow/example_dags/example_complex.py
[2026-08-04T08:34:22.426+0000] {processor.py:925} INFO - DAG(s) 'example_complex' retrieved from /home/airflow/.local/lib/python3.12/site-packages/airflow/example_dags/example_complex.py
[2026-08-04T08:34:22.459+0000] {logging_mixin.py:190} INFO - [2026-08-04T08:34:22.458+0000] {dag.py:3239} INFO - Sync 1 DAGs
[2026-08-04T08:34:22.478+0000] {logging_mixin.py:190} INFO - [2026-08-04T08:34:22.478+0000] {dag.py:4180} INFO - Setting next_dagrun for example_complex to None, run_after=None
[2026-08-04T08:34:22.500+0000] {processor.py:208} INFO - Processing /home/airflow/.local/lib/python3.12/site-packages/airflow/example_dags/example_complex.py took 0.106 seconds
[2026-08-04T08:34:53.763+0000] {processor.py:186} INFO - Started process (PID=1800) to work on /home/airflow/.local/lib/python3.12/site-packages/airflow/example_dags/example_complex.py
[2026-08-04T08:34:53.764+0000] {processor.py:914} INFO - Processing file /home/airflow/.local/lib/python3.12/site-packages/airflow/example_dags/example_complex.py for tasks to queue
[2026-08-04T08:34:53.767+0000] {logging_mixin.py:190} INFO - [2026-08-04T08:34:53.767+0000] {dagbag.py:588} INFO - Filling up the DagBag from /home/airflow/.local/lib/python3.12/site-packages/airflow/example_dags/example_complex.py
[2026-08-04T08:34:53.780+0000] {processor.py:925} INFO - DAG(s) 'example_complex' retrieved from /home/airflow/.local/lib/python3.12/site-packages/airflow/example_dags/example_complex.py
[2026-08-04T08:34:53.812+0000] {logging_mixin.py:190} INFO - [2026-08-04T08:34:53.811+0000] {dag.py:3239} INFO - Sync 1 DAGs
[2026-08-04T08:34:53.827+0000] {logging_mixin.py:190} INFO - [2026-08-04T08:34:53.826+0000] {dag.py:4180} INFO - Setting next_dagrun for example_complex to None, run_after=None
[2026-08-04T08:34:53.846+0000] {processor.py:208} INFO - Processing /home/airflow/.local/lib/python3.12/site-packages/airflow/example_dags/example_complex.py took 0.089 seconds
[2026-08-04T08:35:25.085+0000] {processor.py:186} INFO - Started process (PID=1865) to work on /home/airflow/.local/lib/python3.12/site-packages/airflow/example_dags/example_complex.py
[2026-08-04T08:35:25.087+0000] {processor.py:914} INFO - Processing file /home/airflow/.local/lib/python3.12/site-packages/airflow/example_dags/example_complex.py for tasks to queue
[2026-08-04T08:35:25.090+0000] {logging_mixin.py:190} INFO - [2026-08-04T08:35:25.089+0000] {dagbag.py:588} INFO - Filling up the DagBag from /home/airflow/.local/lib/python3.12/site-packages/airflow/example_dags/example_complex.py
[2026-08-04T08:35:25.102+0000] {processor.py:925} INFO - DAG(s) 'example_complex' retrieved from /home/airflow/.local/lib/python3.12/site-packages/airflow/example_dags/example_complex.py
[2026-08-04T08:35:25.130+0000] {logging_mixin.py:190} INFO - [2026-08-04T08:35:25.130+0000] {dag.py:3239} INFO - Sync 1 DAGs
[2026-08-04T08:35:25.146+0000] {logging_mixin.py:190} INFO - [2026-08-04T08:35:25.145+0000] {dag.py:4180} INFO - Setting next_dagrun for example_complex to None, run_after=None
[2026-08-04T08:35:25.165+0000] {processor.py:208} INFO - Processing /home/airflow/.local/lib/python3.12/site-packages/airflow/example_dags/example_complex.py took 0.087 seconds
[2026-08-04T08:35:56.523+0000] {processor.py:186} INFO - Started process (PID=1930) to work on /home/airflow/.local/lib/python3.12/site-packages/airflow/example_dags/example_complex.py
[2026-08-04T08:35:56.525+0000] {processor.py:914} INFO - Processing file /home/airflow/.local/lib/python3.12/site-packages/airflow/example_dags/example_complex.py for tasks to queue
[2026-08-04T08:35:56.529+0000] {logging_mixin.py:190} INFO - [2026-08-04T08:35:56.528+0000] {dagbag.py:588} INFO - Filling up the DagBag from /home/airflow/.local/lib/python3.12/site-packages/airflow/example_dags/example_complex.py
[2026-08-04T08:35:56.543+0000] {processor.py:925} INFO - DAG(s) 'example_complex' retrieved from /home/airflow/.local/lib/python3.12/site-packages/airflow/example_dags/example_complex.py
[2026-08-04T08:35:56.577+0000] {logging_mixin.py:190} INFO - [2026-08-04T08:35:56.576+0000] {dag.py:3239} INFO - Sync 1 DAGs
[2026-08-04T08:35:56.595+0000] {logging_mixin.py:190} INFO - [2026-08-04T08:35:56.594+0000] {dag.py:4180} INFO - Setting next_dagrun for example_complex to None, run_after=None
[2026-08-04T08:35:56.621+0000] {processor.py:208} INFO - Processing /home/airflow/.local/lib/python3.12/site-packages/airflow/example_dags/example_complex.py took 0.105 seconds
[2026-08-04T08:36:27.227+0000] {processor.py:186} INFO - Started process (PID=1995) to work on /home/airflow/.local/lib/python3.12/site-packages/airflow/example_dags/example_complex.py
[2026-08-04T08:36:27.229+0000] {processor.py:914} INFO - Processing file /home/airflow/.local/lib/python3.12/site-packages/airflow/example_dags/example_complex.py for tasks to queue
[2026-08-04T08:36:27.232+0000] {logging_mixin.py:190} INFO - [2026-08-04T08:36:27.231+0000] {dagbag.py:588} INFO - Filling up the DagBag from /home/airflow/.local/lib/python3.12/site-packages/airflow/example_dags/example_complex.py
[2026-08-04T08:36:27.244+0000] {processor.py:925} INFO - DAG(s) 'example_complex' retrieved from /home/airflow/.local/lib/python3.12/site-packages/airflow/example_dags/example_complex.py
[2026-08-04T08:36:27.278+0000] {logging_mixin.py:190} INFO - [2026-08-04T08:36:27.278+0000] {dag.py:3239} INFO - Sync 1 DAGs
[2026-08-04T08:36:27.304+0000] {logging_mixin.py:190} INFO - [2026-08-04T08:36:27.304+0000] {dag.py:4180} INFO - Setting next_dagrun for example_complex to None, run_after=None
[2026-08-04T08:36:27.325+0000] {processor.py:208} INFO - Processing /home/airflow/.local/lib/python3.12/site-packages/airflow/example_dags/example_complex.py took 0.104 seconds
[2026-08-04T08:36:58.244+0000] {processor.py:186} INFO - Started process (PID=2060) to work on /home/airflow/.local/lib/python3.12/site-packages/airflow/example_dags/example_complex.py
[2026-08-04T08:36:58.245+0000] {processor.py:914} INFO - Processing file /home/airflow/.local/lib/python3.12/site-packages/airflow/example_dags/example_complex.py for tasks to queue
[2026-08-04T08:36:58.249+0000] {logging_mixin.py:190} INFO - [2026-08-04T08:36:58.248+0000] {dagbag.py:588} INFO - Filling up the DagBag from /home/airflow/.local/lib/python3.12/site-packages/airflow/example_dags/example_complex.py
[2026-08-04T08:36:58.262+0000] {processor.py:925} INFO - DAG(s) 'example_complex' retrieved from /home/airflow/.local/lib/python3.12/site-packages/airflow/example_dags/example_complex.py
[2026-08-04T08:36:58.298+0000] {logging_mixin.py:190} INFO - [2026-08-04T08:36:58.298+0000] {dag.py:3239} INFO - Sync 1 DAGs
[2026-08-04T08:36:58.321+0000] {logging_mixin.py:190} INFO - [2026-08-04T08:36:58.320+0000] {dag.py:4180} INFO - Setting next_dagrun for example_complex to None, run_after=None
[2026-08-04T08:36:58.343+0000] {processor.py:208} INFO - Processing /home/airflow/.local/lib/python3.12/site-packages/airflow/example_dags/example_complex.py took 0.105 seconds
[2026-08-04T08:37:29.157+0000] {processor.py:186} INFO - Started process (PID=2125) to work on /home/airflow/.local/lib/python3.12/site-packages/airflow/example_dags/example_complex.py
[2026-08-04T08:37:29.158+0000] {processor.py:914} INFO - Processing file /home/airflow/.local/lib/python3.12/site-packages/airflow/example_dags/example_complex.py for tasks to queue
[2026-08-04T08:37:29.160+0000] {logging_mixin.py:190} INFO - [2026-08-04T08:37:29.160+0000] {dagbag.py:588} INFO - Filling up the DagBag from /home/airflow/.local/lib/python3.12/site-packages/airflow/example_dags/example_complex.py
[2026-08-04T08:37:29.173+0000] {processor.py:925} INFO - DAG(s) 'example_complex' retrieved from /home/airflow/.local/lib/python3.12/site-packages/airflow/example_dags/example_complex.py
[2026-08-04T08:37:29.202+0000] {logging_mixin.py:190} INFO - [2026-08-04T08:37:29.202+0000] {dag.py:3239} INFO - Sync 1 DAGs
[2026-08-04T08:37:29.219+0000] {logging_mixin.py:190} INFO - [2026-08-04T08:37:29.218+0000] {dag.py:4180} INFO - Setting next_dagrun for example_complex to None, run_after=None
[2026-08-04T08:37:29.239+0000] {processor.py:208} INFO - Processing /home/airflow/.local/lib/python3.12/site-packages/airflow/example_dags/example_complex.py took 0.088 seconds
[2026-08-04T08:38:00.798+0000] {processor.py:186} INFO - Started process (PID=2190) to work on /home/airflow/.local/lib/python3.12/site-packages/airflow/example_dags/example_complex.py
[2026-08-04T08:38:00.799+0000] {processor.py:914} INFO - Processing file /home/airflow/.local/lib/python3.12/site-packages/airflow/example_dags/example_complex.py for tasks to queue
[2026-08-04T08:38:00.802+0000] {logging_mixin.py:190} INFO - [2026-08-04T08:38:00.801+0000] {dagbag.py:588} INFO - Filling up the DagBag from /home/airflow/.local/lib/python3.12/site-packages/airflow/example_dags/example_complex.py
[2026-08-04T08:38:00.819+0000] {processor.py:925} INFO - DAG(s) 'example_complex' retrieved from /home/airflow/.local/lib/python3.12/site-packages/airflow/example_dags/example_complex.py
[2026-08-04T08:38:00.850+0000] {logging_mixin.py:190} INFO - [2026-08-04T08:38:00.849+0000] {dag.py:3239} INFO - Sync 1 DAGs
[2026-08-04T08:38:00.867+0000] {logging_mixin.py:190} INFO - [2026-08-04T08:38:00.867+0000] {dag.py:4180} INFO - Setting next_dagrun for example_complex to None, run_after=None
[2026-08-04T08:38:00.888+0000] {processor.py:208} INFO - Processing /home/airflow/.local/lib/python3.12/site-packages/airflow/example_dags/example_complex.py took 0.097 seconds
[2026-08-04T08:38:32.197+0000] {processor.py:186} INFO - Started process (PID=2257) to work on /home/airflow/.local/lib/python3.12/site-packages/airflow/example_dags/example_complex.py
[2026-08-04T08:38:32.199+0000] {processor.py:914} INFO - Processing file /home/airflow/.local/lib/python3.12/site-packages/airflow/example_dags/example_complex.py for tasks to queue
[2026-08-04T08:38:32.202+0000] {logging_mixin.py:190} INFO - [2026-08-04T08:38:32.202+0000] {dagbag.py:588} INFO - Filling up the DagBag from /home/airflow/.local/lib/python3.12/site-packages/airflow/example_dags/example_complex.py
[2026-08-04T08:38:32.216+0000] {processor.py:925} INFO - DAG(s) 'example_complex' retrieved from /home/airflow/.local/lib/python3.12/site-packages/airflow/example_dags/example_complex.py
[2026-08-04T08:38:32.247+0000] {logging_mixin.py:190} INFO - [2026-08-04T08:38:32.247+0000] {dag.py:3239} INFO - Sync 1 DAGs
[2026-08-04T08:38:32.265+0000] {logging_mixin.py:190} INFO - [2026-08-04T08:38:32.265+0000] {dag.py:4180} INFO - Setting next_dagrun for example_complex to None, run_after=None
[2026-08-04T08:38:32.287+0000] {processor.py:208} INFO - Processing /home/airflow/.local/lib/python3.12/site-packages/airflow/example_dags/example_complex.py took 0.097 seconds
[2026-08-04T08:39:03.192+0000] {processor.py:186} INFO - Started process (PID=2322) to work on /home/airflow/.local/lib/python3.12/site-packages/airflow/example_dags/example_complex.py
[2026-08-04T08:39:03.194+0000] {processor.py:914} INFO - Processing file /home/airflow/.local/lib/python3.12/site-packages/airflow/example_dags/example_complex.py for tasks to queue
[2026-08-04T08:39:03.197+0000] {logging_mixin.py:190} INFO - [2026-08-04T08:39:03.196+0000] {dagbag.py:588} INFO - Filling up the DagBag from /home/airflow/.local/lib/python3.12/site-packages/airflow/example_dags/example_complex.py
[2026-08-04T08:39:03.209+0000] {processor.py:925} INFO - DAG(s) 'example_complex' retrieved from /home/airflow/.local/lib/python3.12/site-packages/airflow/example_dags/example_complex.py
[2026-08-04T08:39:03.240+0000] {logging_mixin.py:190} INFO - [2026-08-04T08:39:03.239+0000] {dag.py:3239} INFO - Sync 1 DAGs
[2026-08-04T08:39:03.257+0000] {logging_mixin.py:190} INFO - [2026-08-04T08:39:03.256+0000] {dag.py:4180} INFO - Setting next_dagrun for example_complex to None, run_after=None
[2026-08-04T08:39:03.277+0000] {processor.py:208} INFO - Processing /home/airflow/.local/lib/python3.12/site-packages/airflow/example_dags/example_complex.py took 0.092 seconds
[2026-08-04T08:39:34.159+0000] {processor.py:186} INFO - Started process (PID=2387) to work on /home/airflow/.local/lib/python3.12/site-packages/airflow/example_dags/example_complex.py
[2026-08-04T08:39:34.160+0000] {processor.py:914} INFO - Processing file /home/airflow/.local/lib/python3.12/site-packages/airflow/example_dags/example_complex.py for tasks to queue
[2026-08-04T08:39:34.163+0000] {logging_mixin.py:190} INFO - [2026-08-04T08:39:34.163+0000] {dagbag.py:588} INFO - Filling up the DagBag from /home/airflow/.local/lib/python3.12/site-packages/airflow/example_dags/example_complex.py
[2026-08-04T08:39:34.178+0000] {processor.py:925} INFO - DAG(s) 'example_complex' retrieved from /home/airflow/.local/lib/python3.12/site-packages/airflow/example_dags/example_complex.py
[2026-08-04T08:39:34.214+0000] {logging_mixin.py:190} INFO - [2026-08-04T08:39:34.213+0000] {dag.py:3239} INFO - Sync 1 DAGs
[2026-08-04T08:39:34.230+0000] {logging_mixin.py:190} INFO - [2026-08-04T08:39:34.230+0000] {dag.py:4180} INFO - Setting next_dagrun for example_complex to None, run_after=None
[2026-08-04T08:39:34.261+0000] {processor.py:208} INFO - Processing /home/airflow/.local/lib/python3.12/site-packages/airflow/example_dags/example_complex.py took 0.109 seconds
[2026-08-04T08:40:05.184+0000] {processor.py:186} INFO - Started process (PID=2452) to work on /home/airflow/.local/lib/python3.12/site-packages/airflow/example_dags/example_complex.py
[2026-08-04T08:40:05.186+0000] {processor.py:914} INFO - Processing file /home/airflow/.local/lib/python3.12/site-packages/airflow/example_dags/example_complex.py for tasks to queue
[2026-08-04T08:40:05.189+0000] {logging_mixin.py:190} INFO - [2026-08-04T08:40:05.189+0000] {dagbag.py:588} INFO - Filling up the DagBag from /home/airflow/.local/lib/python3.12/site-packages/airflow/example_dags/example_complex.py
[2026-08-04T08:40:05.203+0000] {processor.py:925} INFO - DAG(s) 'example_complex' retrieved from /home/airflow/.local/lib/python3.12/site-packages/airflow/example_dags/example_complex.py
[2026-08-04T08:40:05.233+0000] {logging_mixin.py:190} INFO - [2026-08-04T08:40:05.233+0000] {dag.py:3239} INFO - Sync 1 DAGs
[2026-08-04T08:40:05.251+0000] {logging_mixin.py:190} INFO - [2026-08-04T08:40:05.250+0000] {dag.py:4180} INFO - Setting next_dagrun for example_complex to None, run_after=None
[2026-08-04T08:40:05.273+0000] {processor.py:208} INFO - Processing /home/airflow/.local/lib/python3.12/site-packages/airflow/example_dags/example_complex.py took 0.095 seconds
[2026-08-04T08:40:36.393+0000] {processor.py:186} INFO - Started process (PID=2517) to work on /home/airflow/.local/lib/python3.12/site-packages/airflow/example_dags/example_complex.py
[2026-08-04T08:40:36.394+0000] {processor.py:914} INFO - Processing file /home/airflow/.local/lib/python3.12/site-packages/airflow/example_dags/example_complex.py for tasks to queue
[2026-08-04T08:40:36.397+0000] {logging_mixin.py:190} INFO - [2026-08-04T08:40:36.397+0000] {dagbag.py:588} INFO - Filling up the DagBag from /home/airflow/.local/lib/python3.12/site-packages/airflow/example_dags/example_complex.py
[2026-08-04T08:40:36.412+0000] {processor.py:925} INFO - DAG(s) 'example_complex' retrieved from /home/airflow/.local/lib/python3.12/site-packages/airflow/example_dags/example_complex.py
[2026-08-04T08:40:36.446+0000] {logging_mixin.py:190} INFO - [2026-08-04T08:40:36.445+0000] {dag.py:3239} INFO - Sync 1 DAGs
[2026-08-04T08:40:36.465+0000] {logging_mixin.py:190} INFO - [2026-08-04T08:40:36.465+0000] {dag.py:4180} INFO - Setting next_dagrun for example_complex to None, run_after=None
[2026-08-04T08:40:36.489+0000] {processor.py:208} INFO - Processing /home/airflow/.local/lib/python3.12/site-packages/airflow/example_dags/example_complex.py took 0.103 seconds
[2026-08-04T08:41:07.685+0000] {processor.py:186} INFO - Started process (PID=2587) to work on /home/airflow/.local/lib/python3.12/site-packages/airflow/example_dags/example_complex.py
[2026-08-04T08:41:07.686+0000] {processor.py:914} INFO - Processing file /home/airflow/.local/lib/python3.12/site-packages/airflow/example_dags/example_complex.py for tasks to queue
[2026-08-04T08:41:07.689+0000] {logging_mixin.py:190} INFO - [2026-08-04T08:41:07.689+0000] {dagbag.py:588} INFO - Filling up the DagBag from /home/airflow/.local/lib/python3.12/site-packages/airflow/example_dags/example_complex.py
[2026-08-04T08:41:07.702+0000] {processor.py:925} INFO - DAG(s) 'example_complex' retrieved from /home/airflow/.local/lib/python3.12/site-packages/airflow/example_dags/example_complex.py
[2026-08-04T08:41:07.733+0000] {logging_mixin.py:190} INFO - [2026-08-04T08:41:07.733+0000] {dag.py:3239} INFO - Sync 1 DAGs
[2026-08-04T08:41:07.748+0000] {logging_mixin.py:190} INFO - [2026-08-04T08:41:07.748+0000] {dag.py:4180} INFO - Setting next_dagrun for example_complex to None, run_after=None
[2026-08-04T08:41:07.768+0000] {processor.py:208} INFO - Processing /home/airflow/.local/lib/python3.12/site-packages/airflow/example_dags/example_complex.py took 0.089 seconds
[2026-08-04T08:41:40.312+0000] {processor.py:186} INFO - Started process (PID=2663) to work on /home/airflow/.local/lib/python3.12/site-packages/airflow/example_dags/example_complex.py
[2026-08-04T08:41:40.313+0000] {processor.py:914} INFO - Processing file /home/airflow/.local/lib/python3.12/site-packages/airflow/example_dags/example_complex.py for tasks to queue
[2026-08-04T08:41:40.316+0000] {logging_mixin.py:190} INFO - [2026-08-04T08:41:40.316+0000] {dagbag.py:588} INFO - Filling up the DagBag from /home/airflow/.local/lib/python3.12/site-packages/airflow/example_dags/example_complex.py
[2026-08-04T08:41:40.330+0000] {processor.py:925} INFO - DAG(s) 'example_complex' retrieved from /home/airflow/.local/lib/python3.12/site-packages/airflow/example_dags/example_complex.py
[2026-08-04T08:41:40.361+0000] {logging_mixin.py:190} INFO - [2026-08-04T08:41:40.361+0000] {dag.py:3239} INFO - Sync 1 DAGs
[2026-08-04T08:41:40.379+0000] {logging_mixin.py:190} INFO - [2026-08-04T08:41:40.379+0000] {dag.py:4180} INFO - Setting next_dagrun for example_complex to None, run_after=None
[2026-08-04T08:41:40.401+0000] {processor.py:208} INFO - Processing /home/airflow/.local/lib/python3.12/site-packages/airflow/example_dags/example_complex.py took 0.096 seconds
