[2026-08-04T07:47:06.908+0000] {processor.py:186} INFO - Started process (PID=74) to work on /home/airflow/.local/lib/python3.12/site-packages/airflow/example_dags/example_display_name.py
[2026-08-04T07:47:06.916+0000] {processor.py:914} INFO - Processing file /home/airflow/.local/lib/python3.12/site-packages/airflow/example_dags/example_display_name.py for tasks to queue
[2026-08-04T07:47:06.932+0000] {logging_mixin.py:190} INFO - [2026-08-04T07:47:06.931+0000] {dagbag.py:588} INFO - Filling up the DagBag from /home/airflow/.local/lib/python3.12/site-packages/airflow/example_dags/example_display_name.py
[2026-08-04T07:47:06.959+0000] {processor.py:925} INFO - DAG(s) 'example_display_name' retrieved from /home/airflow/.local/lib/python3.12/site-packages/airflow/example_dags/example_display_name.py
[2026-08-04T07:47:07.068+0000] {logging_mixin.py:190} INFO - [2026-08-04T07:47:07.068+0000] {dag.py:3239} INFO - Sync 1 DAGs
[2026-08-04T07:47:07.137+0000] {logging_mixin.py:190} INFO - [2026-08-04T07:47:07.137+0000] {dag.py:4180} INFO - Setting next_dagrun for example_display_name to None, run_after=None
[2026-08-04T07:47:07.191+0000] {processor.py:208} INFO - Processing /home/airflow/.local/lib/python3.12/site-packages/airflow/example_dags/example_display_name.py took 0.299 seconds
[2026-08-04T08:21:14.875+0000] {processor.py:186} INFO - Started process (PID=74) to work on /home/airflow/.local/lib/python3.12/site-packages/airflow/example_dags/example_display_name.py
[2026-08-04T08:21:14.877+0000] {processor.py:914} INFO - Processing file /home/airflow/.local/lib/python3.12/site-packages/airflow/example_dags/example_display_name.py for tasks to queue
[2026-08-04T08:21:14.881+0000] {logging_mixin.py:190} INFO - [2026-08-04T08:21:14.881+0000] {dagbag.py:588} INFO - Filling up the DagBag from /home/airflow/.local/lib/python3.12/site-packages/airflow/example_dags/example_display_name.py
[2026-08-04T08:21:14.894+0000] {processor.py:925} INFO - DAG(s) 'example_display_name' retrieved from /home/airflow/.local/lib/python3.12/site-packages/airflow/example_dags/example_display_name.py
[2026-08-04T08:21:14.937+0000] {logging_mixin.py:190} INFO - [2026-08-04T08:21:14.937+0000] {dag.py:3239} INFO - Sync 1 DAGs
[2026-08-04T08:21:14.959+0000] {logging_mixin.py:190} INFO - [2026-08-04T08:21:14.958+0000] {dag.py:4180} INFO - Setting next_dagrun for example_display_name to None, run_after=None
[2026-08-04T08:21:14.984+0000] {processor.py:208} INFO - Processing /home/airflow/.local/lib/python3.12/site-packages/airflow/example_dags/example_display_name.py took 0.118 seconds
[2026-08-04T08:21:45.152+0000] {processor.py:186} INFO - Started process (PID=139) to work on /home/airflow/.local/lib/python3.12/site-packages/airflow/example_dags/example_display_name.py
[2026-08-04T08:21:45.153+0000] {processor.py:914} INFO - Processing file /home/airflow/.local/lib/python3.12/site-packages/airflow/example_dags/example_display_name.py for tasks to queue
[2026-08-04T08:21:45.157+0000] {logging_mixin.py:190} INFO - [2026-08-04T08:21:45.156+0000] {dagbag.py:588} INFO - Filling up the DagBag from /home/airflow/.local/lib/python3.12/site-packages/airflow/example_dags/example_display_name.py
[2026-08-04T08:21:45.174+0000] {processor.py:925} INFO - DAG(s) 'example_display_name' retrieved from /home/airflow/.local/lib/python3.12/site-packages/airflow/example_dags/example_display_name.py
[2026-08-04T08:21:45.211+0000] {logging_mixin.py:190} INFO - [2026-08-04T08:21:45.211+0000] {dag.py:3239} INFO - Sync 1 DAGs
[2026-08-04T08:21:45.235+0000] {logging_mixin.py:190} INFO - [2026-08-04T08:21:45.235+0000] {dag.py:4180} INFO - Setting next_dagrun for example_display_name to None, run_after=None
[2026-08-04T08:21:45.263+0000] {processor.py:208} INFO - Processing /home/airflow/.local/lib/python3.12/site-packages/airflow/example_dags/example_display_name.py took 0.119 seconds
[2026-08-04T08:22:15.331+0000] {processor.py:186} INFO - Started process (PID=203) to work on /home/airflow/.local/lib/python3.12/site-packages/airflow/example_dags/example_display_name.py
[2026-08-04T08:22:15.334+0000] {processor.py:914} INFO - Processing file /home/airflow/.local/lib/python3.12/site-packages/airflow/example_dags/example_display_name.py for tasks to queue
[2026-08-04T08:22:15.340+0000] {logging_mixin.py:190} INFO - [2026-08-04T08:22:15.339+0000] {dagbag.py:588} INFO - Filling up the DagBag from /home/airflow/.local/lib/python3.12/site-packages/airflow/example_dags/example_display_name.py
[2026-08-04T08:22:15.358+0000] {processor.py:925} INFO - DAG(s) 'example_display_name' retrieved from /home/airflow/.local/lib/python3.12/site-packages/airflow/example_dags/example_display_name.py
[2026-08-04T08:22:15.395+0000] {logging_mixin.py:190} INFO - [2026-08-04T08:22:15.394+0000] {dag.py:3239} INFO - Sync 1 DAGs
[2026-08-04T08:22:15.424+0000] {logging_mixin.py:190} INFO - [2026-08-04T08:22:15.424+0000] {dag.py:4180} INFO - Setting next_dagrun for example_display_name to None, run_after=None
[2026-08-04T08:22:15.460+0000] {processor.py:208} INFO - Processing /home/airflow/.local/lib/python3.12/site-packages/airflow/example_dags/example_display_name.py took 0.143 seconds
[2026-08-04T08:22:46.278+0000] {processor.py:186} INFO - Started process (PID=269) to work on /home/airflow/.local/lib/python3.12/site-packages/airflow/example_dags/example_display_name.py
[2026-08-04T08:22:46.279+0000] {processor.py:914} INFO - Processing file /home/airflow/.local/lib/python3.12/site-packages/airflow/example_dags/example_display_name.py for tasks to queue
[2026-08-04T08:22:46.283+0000] {logging_mixin.py:190} INFO - [2026-08-04T08:22:46.283+0000] {dagbag.py:588} INFO - Filling up the DagBag from /home/airflow/.local/lib/python3.12/site-packages/airflow/example_dags/example_display_name.py
[2026-08-04T08:22:46.293+0000] {processor.py:925} INFO - DAG(s) 'example_display_name' retrieved from /home/airflow/.local/lib/python3.12/site-packages/airflow/example_dags/example_display_name.py
[2026-08-04T08:22:46.318+0000] {logging_mixin.py:190} INFO - [2026-08-04T08:22:46.317+0000] {dag.py:3239} INFO - Sync 1 DAGs
[2026-08-04T08:22:46.335+0000] {logging_mixin.py:190} INFO - [2026-08-04T08:22:46.334+0000] {dag.py:4180} INFO - Setting next_dagrun for example_display_name to None, run_after=None
[2026-08-04T08:22:46.362+0000] {processor.py:208} INFO - Processing /home/airflow/.local/lib/python3.12/site-packages/airflow/example_dags/example_display_name.py took 0.091 seconds
[2026-08-04T08:23:17.102+0000] {processor.py:186} INFO - Started process (PID=334) to work on /home/airflow/.local/lib/python3.12/site-packages/airflow/example_dags/example_display_name.py
[2026-08-04T08:23:17.104+0000] {processor.py:914} INFO - Processing file /home/airflow/.local/lib/python3.12/site-packages/airflow/example_dags/example_display_name.py for tasks to queue
[2026-08-04T08:23:17.107+0000] {logging_mixin.py:190} INFO - [2026-08-04T08:23:17.107+0000] {dagbag.py:588} INFO - Filling up the DagBag from /home/airflow/.local/lib/python3.12/site-packages/airflow/example_dags/example_display_name.py
[2026-08-04T08:23:17.115+0000] {processor.py:925} INFO - DAG(s) 'example_display_name' retrieved from /home/airflow/.local/lib/python3.12/site-packages/airflow/example_dags/example_display_name.py
[2026-08-04T08:23:17.138+0000] {logging_mixin.py:190} INFO - [2026-08-04T08:23:17.137+0000] {dag.py:3239} INFO - Sync 1 DAGs
[2026-08-04T08:23:17.158+0000] {logging_mixin.py:190} INFO - [2026-08-04T08:23:17.158+0000] {dag.py:4180} INFO - Setting next_dagrun for example_display_name to None, run_after=None
[2026-08-04T08:23:17.181+0000] {processor.py:208} INFO - Processing /home/airflow/.local/lib/python3.12/site-packages/airflow/example_dags/example_display_name.py took 0.085 seconds
[2026-08-04T08:23:47.591+0000] {processor.py:186} INFO - Started process (PID=399) to work on /home/airflow/.local/lib/python3.12/site-packages/airflow/example_dags/example_display_name.py
[2026-08-04T08:23:47.592+0000] {processor.py:914} INFO - Processing file /home/airflow/.local/lib/python3.12/site-packages/airflow/example_dags/example_display_name.py for tasks to queue
[2026-08-04T08:23:47.596+0000] {logging_mixin.py:190} INFO - [2026-08-04T08:23:47.596+0000] {dagbag.py:588} INFO - Filling up the DagBag from /home/airflow/.local/lib/python3.12/site-packages/airflow/example_dags/example_display_name.py
[2026-08-04T08:23:47.606+0000] {processor.py:925} INFO - DAG(s) 'example_display_name' retrieved from /home/airflow/.local/lib/python3.12/site-packages/airflow/example_dags/example_display_name.py
[2026-08-04T08:23:47.629+0000] {logging_mixin.py:190} INFO - [2026-08-04T08:23:47.628+0000] {dag.py:3239} INFO - Sync 1 DAGs
[2026-08-04T08:23:47.645+0000] {logging_mixin.py:190} INFO - [2026-08-04T08:23:47.644+0000] {dag.py:4180} INFO - Setting next_dagrun for example_display_name to None, run_after=None
[2026-08-04T08:23:47.666+0000] {processor.py:208} INFO - Processing /home/airflow/.local/lib/python3.12/site-packages/airflow/example_dags/example_display_name.py took 0.082 seconds
[2026-08-04T08:24:18.343+0000] {processor.py:186} INFO - Started process (PID=464) to work on /home/airflow/.local/lib/python3.12/site-packages/airflow/example_dags/example_display_name.py
[2026-08-04T08:24:18.344+0000] {processor.py:914} INFO - Processing file /home/airflow/.local/lib/python3.12/site-packages/airflow/example_dags/example_display_name.py for tasks to queue
[2026-08-04T08:24:18.347+0000] {logging_mixin.py:190} INFO - [2026-08-04T08:24:18.347+0000] {dagbag.py:588} INFO - Filling up the DagBag from /home/airflow/.local/lib/python3.12/site-packages/airflow/example_dags/example_display_name.py
[2026-08-04T08:24:18.355+0000] {processor.py:925} INFO - DAG(s) 'example_display_name' retrieved from /home/airflow/.local/lib/python3.12/site-packages/airflow/example_dags/example_display_name.py
[2026-08-04T08:24:18.376+0000] {logging_mixin.py:190} INFO - [2026-08-04T08:24:18.375+0000] {dag.py:3239} INFO - Sync 1 DAGs
[2026-08-04T08:24:18.393+0000] {logging_mixin.py:190} INFO - [2026-08-04T08:24:18.392+0000] {dag.py:4180} INFO - Setting next_dagrun for example_display_name to None, run_after=None
[2026-08-04T08:24:18.414+0000] {processor.py:208} INFO - Processing /home/airflow/.local/lib/python3.12/site-packages/airflow/example_dags/example_display_name.py took 0.077 seconds
[2026-08-04T08:24:48.717+0000] {processor.py:186} INFO - Started process (PID=529) to work on /home/airflow/.local/lib/python3.12/site-packages/airflow/example_dags/example_display_name.py
[2026-08-04T08:24:48.719+0000] {processor.py:914} INFO - Processing file /home/airflow/.local/lib/python3.12/site-packages/airflow/example_dags/example_display_name.py for tasks to queue
[2026-08-04T08:24:48.723+0000] {logging_mixin.py:190} INFO - [2026-08-04T08:24:48.722+0000] {dagbag.py:588} INFO - Filling up the DagBag from /home/airflow/.local/lib/python3.12/site-packages/airflow/example_dags/example_display_name.py
[2026-08-04T08:24:48.733+0000] {processor.py:925} INFO - DAG(s) 'example_display_name' retrieved from /home/airflow/.local/lib/python3.12/site-packages/airflow/example_dags/example_display_name.py
[2026-08-04T08:24:48.756+0000] {logging_mixin.py:190} INFO - [2026-08-04T08:24:48.756+0000] {dag.py:3239} INFO - Sync 1 DAGs
[2026-08-04T08:24:48.773+0000] {logging_mixin.py:190} INFO - [2026-08-04T08:24:48.773+0000] {dag.py:4180} INFO - Setting next_dagrun for example_display_name to None, run_after=None
[2026-08-04T08:24:48.795+0000] {processor.py:208} INFO - Processing /home/airflow/.local/lib/python3.12/site-packages/airflow/example_dags/example_display_name.py took 0.088 seconds
[2026-08-04T08:25:18.888+0000] {processor.py:186} INFO - Started process (PID=594) to work on /home/airflow/.local/lib/python3.12/site-packages/airflow/example_dags/example_display_name.py
[2026-08-04T08:25:18.889+0000] {processor.py:914} INFO - Processing file /home/airflow/.local/lib/python3.12/site-packages/airflow/example_dags/example_display_name.py for tasks to queue
[2026-08-04T08:25:18.892+0000] {logging_mixin.py:190} INFO - [2026-08-04T08:25:18.892+0000] {dagbag.py:588} INFO - Filling up the DagBag from /home/airflow/.local/lib/python3.12/site-packages/airflow/example_dags/example_display_name.py
[2026-08-04T08:25:18.902+0000] {processor.py:925} INFO - DAG(s) 'example_display_name' retrieved from /home/airflow/.local/lib/python3.12/site-packages/airflow/example_dags/example_display_name.py
[2026-08-04T08:25:18.929+0000] {logging_mixin.py:190} INFO - [2026-08-04T08:25:18.929+0000] {dag.py:3239} INFO - Sync 1 DAGs
[2026-08-04T08:25:18.947+0000] {logging_mixin.py:190} INFO - [2026-08-04T08:25:18.946+0000] {dag.py:4180} INFO - Setting next_dagrun for example_display_name to None, run_after=None
[2026-08-04T08:25:18.971+0000] {processor.py:208} INFO - Processing /home/airflow/.local/lib/python3.12/site-packages/airflow/example_dags/example_display_name.py took 0.090 seconds
[2026-08-04T08:25:50.032+0000] {processor.py:186} INFO - Started process (PID=659) to work on /home/airflow/.local/lib/python3.12/site-packages/airflow/example_dags/example_display_name.py
[2026-08-04T08:25:50.034+0000] {processor.py:914} INFO - Processing file /home/airflow/.local/lib/python3.12/site-packages/airflow/example_dags/example_display_name.py for tasks to queue
[2026-08-04T08:25:50.038+0000] {logging_mixin.py:190} INFO - [2026-08-04T08:25:50.037+0000] {dagbag.py:588} INFO - Filling up the DagBag from /home/airflow/.local/lib/python3.12/site-packages/airflow/example_dags/example_display_name.py
[2026-08-04T08:25:50.048+0000] {processor.py:925} INFO - DAG(s) 'example_display_name' retrieved from /home/airflow/.local/lib/python3.12/site-packages/airflow/example_dags/example_display_name.py
[2026-08-04T08:25:50.072+0000] {logging_mixin.py:190} INFO - [2026-08-04T08:25:50.071+0000] {dag.py:3239} INFO - Sync 1 DAGs
[2026-08-04T08:25:50.090+0000] {logging_mixin.py:190} INFO - [2026-08-04T08:25:50.089+0000] {dag.py:4180} INFO - Setting next_dagrun for example_display_name to None, run_after=None
[2026-08-04T08:25:50.112+0000] {processor.py:208} INFO - Processing /home/airflow/.local/lib/python3.12/site-packages/airflow/example_dags/example_display_name.py took 0.088 seconds
[2026-08-04T08:26:20.201+0000] {processor.py:186} INFO - Started process (PID=725) to work on /home/airflow/.local/lib/python3.12/site-packages/airflow/example_dags/example_display_name.py
[2026-08-04T08:26:20.203+0000] {processor.py:914} INFO - Processing file /home/airflow/.local/lib/python3.12/site-packages/airflow/example_dags/example_display_name.py for tasks to queue
[2026-08-04T08:26:20.206+0000] {logging_mixin.py:190} INFO - [2026-08-04T08:26:20.205+0000] {dagbag.py:588} INFO - Filling up the DagBag from /home/airflow/.local/lib/python3.12/site-packages/airflow/example_dags/example_display_name.py
[2026-08-04T08:26:20.216+0000] {processor.py:925} INFO - DAG(s) 'example_display_name' retrieved from /home/airflow/.local/lib/python3.12/site-packages/airflow/example_dags/example_display_name.py
[2026-08-04T08:26:20.237+0000] {logging_mixin.py:190} INFO - [2026-08-04T08:26:20.237+0000] {dag.py:3239} INFO - Sync 1 DAGs
[2026-08-04T08:26:20.253+0000] {logging_mixin.py:190} INFO - [2026-08-04T08:26:20.253+0000] {dag.py:4180} INFO - Setting next_dagrun for example_display_name to None, run_after=None
[2026-08-04T08:26:20.274+0000] {processor.py:208} INFO - Processing /home/airflow/.local/lib/python3.12/site-packages/airflow/example_dags/example_display_name.py took 0.082 seconds
[2026-08-04T08:26:50.789+0000] {processor.py:186} INFO - Started process (PID=790) to work on /home/airflow/.local/lib/python3.12/site-packages/airflow/example_dags/example_display_name.py
[2026-08-04T08:26:50.791+0000] {processor.py:914} INFO - Processing file /home/airflow/.local/lib/python3.12/site-packages/airflow/example_dags/example_display_name.py for tasks to queue
[2026-08-04T08:26:50.793+0000] {logging_mixin.py:190} INFO - [2026-08-04T08:26:50.793+0000] {dagbag.py:588} INFO - Filling up the DagBag from /home/airflow/.local/lib/python3.12/site-packages/airflow/example_dags/example_display_name.py
[2026-08-04T08:26:50.802+0000] {processor.py:925} INFO - DAG(s) 'example_display_name' retrieved from /home/airflow/.local/lib/python3.12/site-packages/airflow/example_dags/example_display_name.py
[2026-08-04T08:26:50.821+0000] {logging_mixin.py:190} INFO - [2026-08-04T08:26:50.820+0000] {dag.py:3239} INFO - Sync 1 DAGs
[2026-08-04T08:26:50.836+0000] {logging_mixin.py:190} INFO - [2026-08-04T08:26:50.836+0000] {dag.py:4180} INFO - Setting next_dagrun for example_display_name to None, run_after=None
[2026-08-04T08:26:50.858+0000] {processor.py:208} INFO - Processing /home/airflow/.local/lib/python3.12/site-packages/airflow/example_dags/example_display_name.py took 0.074 seconds
[2026-08-04T08:27:21.076+0000] {processor.py:186} INFO - Started process (PID=855) to work on /home/airflow/.local/lib/python3.12/site-packages/airflow/example_dags/example_display_name.py
[2026-08-04T08:27:21.077+0000] {processor.py:914} INFO - Processing file /home/airflow/.local/lib/python3.12/site-packages/airflow/example_dags/example_display_name.py for tasks to queue
[2026-08-04T08:27:21.080+0000] {logging_mixin.py:190} INFO - [2026-08-04T08:27:21.079+0000] {dagbag.py:588} INFO - Filling up the DagBag from /home/airflow/.local/lib/python3.12/site-packages/airflow/example_dags/example_display_name.py
[2026-08-04T08:27:21.087+0000] {processor.py:925} INFO - DAG(s) 'example_display_name' retrieved from /home/airflow/.local/lib/python3.12/site-packages/airflow/example_dags/example_display_name.py
[2026-08-04T08:27:21.106+0000] {logging_mixin.py:190} INFO - [2026-08-04T08:27:21.106+0000] {dag.py:3239} INFO - Sync 1 DAGs
[2026-08-04T08:27:21.121+0000] {logging_mixin.py:190} INFO - [2026-08-04T08:27:21.120+0000] {dag.py:4180} INFO - Setting next_dagrun for example_display_name to None, run_after=None
[2026-08-04T08:27:21.140+0000] {processor.py:208} INFO - Processing /home/airflow/.local/lib/python3.12/site-packages/airflow/example_dags/example_display_name.py took 0.070 seconds
[2026-08-04T08:27:51.265+0000] {processor.py:186} INFO - Started process (PID=920) to work on /home/airflow/.local/lib/python3.12/site-packages/airflow/example_dags/example_display_name.py
[2026-08-04T08:27:51.266+0000] {processor.py:914} INFO - Processing file /home/airflow/.local/lib/python3.12/site-packages/airflow/example_dags/example_display_name.py for tasks to queue
[2026-08-04T08:27:51.269+0000] {logging_mixin.py:190} INFO - [2026-08-04T08:27:51.268+0000] {dagbag.py:588} INFO - Filling up the DagBag from /home/airflow/.local/lib/python3.12/site-packages/airflow/example_dags/example_display_name.py
[2026-08-04T08:27:51.277+0000] {processor.py:925} INFO - DAG(s) 'example_display_name' retrieved from /home/airflow/.local/lib/python3.12/site-packages/airflow/example_dags/example_display_name.py
[2026-08-04T08:27:51.297+0000] {logging_mixin.py:190} INFO - [2026-08-04T08:27:51.296+0000] {dag.py:3239} INFO - Sync 1 DAGs
[2026-08-04T08:27:51.314+0000] {logging_mixin.py:190} INFO - [2026-08-04T08:27:51.314+0000] {dag.py:4180} INFO - Setting next_dagrun for example_display_name to None, run_after=None
[2026-08-04T08:27:51.337+0000] {processor.py:208} INFO - Processing /home/airflow/.local/lib/python3.12/site-packages/airflow/example_dags/example_display_name.py took 0.078 seconds
[2026-08-04T08:28:21.617+0000] {processor.py:186} INFO - Started process (PID=985) to work on /home/airflow/.local/lib/python3.12/site-packages/airflow/example_dags/example_display_name.py
[2026-08-04T08:28:21.619+0000] {processor.py:914} INFO - Processing file /home/airflow/.local/lib/python3.12/site-packages/airflow/example_dags/example_display_name.py for tasks to queue
[2026-08-04T08:28:21.624+0000] {logging_mixin.py:190} INFO - [2026-08-04T08:28:21.624+0000] {dagbag.py:588} INFO - Filling up the DagBag from /home/airflow/.local/lib/python3.12/site-packages/airflow/example_dags/example_display_name.py
[2026-08-04T08:28:21.637+0000] {processor.py:925} INFO - DAG(s) 'example_display_name' retrieved from /home/airflow/.local/lib/python3.12/site-packages/airflow/example_dags/example_display_name.py
[2026-08-04T08:28:21.664+0000] {logging_mixin.py:190} INFO - [2026-08-04T08:28:21.663+0000] {dag.py:3239} INFO - Sync 1 DAGs
[2026-08-04T08:28:21.683+0000] {logging_mixin.py:190} INFO - [2026-08-04T08:28:21.682+0000] {dag.py:4180} INFO - Setting next_dagrun for example_display_name to None, run_after=None
[2026-08-04T08:28:21.704+0000] {processor.py:208} INFO - Processing /home/airflow/.local/lib/python3.12/site-packages/airflow/example_dags/example_display_name.py took 0.097 seconds
[2026-08-04T08:28:52.125+0000] {processor.py:186} INFO - Started process (PID=1050) to work on /home/airflow/.local/lib/python3.12/site-packages/airflow/example_dags/example_display_name.py
[2026-08-04T08:28:52.127+0000] {processor.py:914} INFO - Processing file /home/airflow/.local/lib/python3.12/site-packages/airflow/example_dags/example_display_name.py for tasks to queue
[2026-08-04T08:28:52.131+0000] {logging_mixin.py:190} INFO - [2026-08-04T08:28:52.130+0000] {dagbag.py:588} INFO - Filling up the DagBag from /home/airflow/.local/lib/python3.12/site-packages/airflow/example_dags/example_display_name.py
[2026-08-04T08:28:52.140+0000] {processor.py:925} INFO - DAG(s) 'example_display_name' retrieved from /home/airflow/.local/lib/python3.12/site-packages/airflow/example_dags/example_display_name.py
[2026-08-04T08:28:52.163+0000] {logging_mixin.py:190} INFO - [2026-08-04T08:28:52.162+0000] {dag.py:3239} INFO - Sync 1 DAGs
[2026-08-04T08:28:52.185+0000] {logging_mixin.py:190} INFO - [2026-08-04T08:28:52.185+0000] {dag.py:4180} INFO - Setting next_dagrun for example_display_name to None, run_after=None
[2026-08-04T08:28:52.209+0000] {processor.py:208} INFO - Processing /home/airflow/.local/lib/python3.12/site-packages/airflow/example_dags/example_display_name.py took 0.092 seconds
[2026-08-04T08:29:22.555+0000] {processor.py:186} INFO - Started process (PID=1115) to work on /home/airflow/.local/lib/python3.12/site-packages/airflow/example_dags/example_display_name.py
[2026-08-04T08:29:22.557+0000] {processor.py:914} INFO - Processing file /home/airflow/.local/lib/python3.12/site-packages/airflow/example_dags/example_display_name.py for tasks to queue
[2026-08-04T08:29:22.562+0000] {logging_mixin.py:190} INFO - [2026-08-04T08:29:22.561+0000] {dagbag.py:588} INFO - Filling up the DagBag from /home/airflow/.local/lib/python3.12/site-packages/airflow/example_dags/example_display_name.py
[2026-08-04T08:29:22.572+0000] {processor.py:925} INFO - DAG(s) 'example_display_name' retrieved from /home/airflow/.local/lib/python3.12/site-packages/airflow/example_dags/example_display_name.py
[2026-08-04T08:29:22.596+0000] {logging_mixin.py:190} INFO - [2026-08-04T08:29:22.596+0000] {dag.py:3239} INFO - Sync 1 DAGs
[2026-08-04T08:29:22.615+0000] {logging_mixin.py:190} INFO - [2026-08-04T08:29:22.615+0000] {dag.py:4180} INFO - Setting next_dagrun for example_display_name to None, run_after=None
[2026-08-04T08:29:22.638+0000] {processor.py:208} INFO - Processing /home/airflow/.local/lib/python3.12/site-packages/airflow/example_dags/example_display_name.py took 0.089 seconds
[2026-08-04T08:29:52.833+0000] {processor.py:186} INFO - Started process (PID=1181) to work on /home/airflow/.local/lib/python3.12/site-packages/airflow/example_dags/example_display_name.py
[2026-08-04T08:29:52.834+0000] {processor.py:914} INFO - Processing file /home/airflow/.local/lib/python3.12/site-packages/airflow/example_dags/example_display_name.py for tasks to queue
[2026-08-04T08:29:52.840+0000] {logging_mixin.py:190} INFO - [2026-08-04T08:29:52.839+0000] {dagbag.py:588} INFO - Filling up the DagBag from /home/airflow/.local/lib/python3.12/site-packages/airflow/example_dags/example_display_name.py
[2026-08-04T08:29:52.853+0000] {processor.py:925} INFO - DAG(s) 'example_display_name' retrieved from /home/airflow/.local/lib/python3.12/site-packages/airflow/example_dags/example_display_name.py
[2026-08-04T08:29:52.879+0000] {logging_mixin.py:190} INFO - [2026-08-04T08:29:52.878+0000] {dag.py:3239} INFO - Sync 1 DAGs
[2026-08-04T08:29:52.899+0000] {logging_mixin.py:190} INFO - [2026-08-04T08:29:52.899+0000] {dag.py:4180} INFO - Setting next_dagrun for example_display_name to None, run_after=None
[2026-08-04T08:29:52.924+0000] {processor.py:208} INFO - Processing /home/airflow/.local/lib/python3.12/site-packages/airflow/example_dags/example_display_name.py took 0.099 seconds
[2026-08-04T08:30:23.415+0000] {processor.py:186} INFO - Started process (PID=1246) to work on /home/airflow/.local/lib/python3.12/site-packages/airflow/example_dags/example_display_name.py
[2026-08-04T08:30:23.416+0000] {processor.py:914} INFO - Processing file /home/airflow/.local/lib/python3.12/site-packages/airflow/example_dags/example_display_name.py for tasks to queue
[2026-08-04T08:30:23.419+0000] {logging_mixin.py:190} INFO - [2026-08-04T08:30:23.419+0000] {dagbag.py:588} INFO - Filling up the DagBag from /home/airflow/.local/lib/python3.12/site-packages/airflow/example_dags/example_display_name.py
[2026-08-04T08:30:23.427+0000] {processor.py:925} INFO - DAG(s) 'example_display_name' retrieved from /home/airflow/.local/lib/python3.12/site-packages/airflow/example_dags/example_display_name.py
[2026-08-04T08:30:23.445+0000] {logging_mixin.py:190} INFO - [2026-08-04T08:30:23.445+0000] {dag.py:3239} INFO - Sync 1 DAGs
[2026-08-04T08:30:23.462+0000] {logging_mixin.py:190} INFO - [2026-08-04T08:30:23.462+0000] {dag.py:4180} INFO - Setting next_dagrun for example_display_name to None, run_after=None
[2026-08-04T08:30:23.482+0000] {processor.py:208} INFO - Processing /home/airflow/.local/lib/python3.12/site-packages/airflow/example_dags/example_display_name.py took 0.073 seconds
[2026-08-04T08:30:53.706+0000] {processor.py:186} INFO - Started process (PID=1311) to work on /home/airflow/.local/lib/python3.12/site-packages/airflow/example_dags/example_display_name.py
[2026-08-04T08:30:53.707+0000] {processor.py:914} INFO - Processing file /home/airflow/.local/lib/python3.12/site-packages/airflow/example_dags/example_display_name.py for tasks to queue
[2026-08-04T08:30:53.710+0000] {logging_mixin.py:190} INFO - [2026-08-04T08:30:53.710+0000] {dagbag.py:588} INFO - Filling up the DagBag from /home/airflow/.local/lib/python3.12/site-packages/airflow/example_dags/example_display_name.py
[2026-08-04T08:30:53.719+0000] {processor.py:925} INFO - DAG(s) 'example_display_name' retrieved from /home/airflow/.local/lib/python3.12/site-packages/airflow/example_dags/example_display_name.py
[2026-08-04T08:30:53.739+0000] {logging_mixin.py:190} INFO - [2026-08-04T08:30:53.739+0000] {dag.py:3239} INFO - Sync 1 DAGs
[2026-08-04T08:30:53.755+0000] {logging_mixin.py:190} INFO - [2026-08-04T08:30:53.755+0000] {dag.py:4180} INFO - Setting next_dagrun for example_display_name to None, run_after=None
[2026-08-04T08:30:53.776+0000] {processor.py:208} INFO - Processing /home/airflow/.local/lib/python3.12/site-packages/airflow/example_dags/example_display_name.py took 0.078 seconds
[2026-08-04T08:31:24.037+0000] {processor.py:186} INFO - Started process (PID=1376) to work on /home/airflow/.local/lib/python3.12/site-packages/airflow/example_dags/example_display_name.py
[2026-08-04T08:31:24.038+0000] {processor.py:914} INFO - Processing file /home/airflow/.local/lib/python3.12/site-packages/airflow/example_dags/example_display_name.py for tasks to queue
[2026-08-04T08:31:24.042+0000] {logging_mixin.py:190} INFO - [2026-08-04T08:31:24.041+0000] {dagbag.py:588} INFO - Filling up the DagBag from /home/airflow/.local/lib/python3.12/site-packages/airflow/example_dags/example_display_name.py
[2026-08-04T08:31:24.051+0000] {processor.py:925} INFO - DAG(s) 'example_display_name' retrieved from /home/airflow/.local/lib/python3.12/site-packages/airflow/example_dags/example_display_name.py
[2026-08-04T08:31:24.071+0000] {logging_mixin.py:190} INFO - [2026-08-04T08:31:24.071+0000] {dag.py:3239} INFO - Sync 1 DAGs
[2026-08-04T08:31:24.088+0000] {logging_mixin.py:190} INFO - [2026-08-04T08:31:24.088+0000] {dag.py:4180} INFO - Setting next_dagrun for example_display_name to None, run_after=None
[2026-08-04T08:31:24.110+0000] {processor.py:208} INFO - Processing /home/airflow/.local/lib/python3.12/site-packages/airflow/example_dags/example_display_name.py took 0.081 seconds
[2026-08-04T08:31:54.533+0000] {processor.py:186} INFO - Started process (PID=1441) to work on /home/airflow/.local/lib/python3.12/site-packages/airflow/example_dags/example_display_name.py
[2026-08-04T08:31:54.534+0000] {processor.py:914} INFO - Processing file /home/airflow/.local/lib/python3.12/site-packages/airflow/example_dags/example_display_name.py for tasks to queue
[2026-08-04T08:31:54.537+0000] {logging_mixin.py:190} INFO - [2026-08-04T08:31:54.536+0000] {dagbag.py:588} INFO - Filling up the DagBag from /home/airflow/.local/lib/python3.12/site-packages/airflow/example_dags/example_display_name.py
[2026-08-04T08:31:54.550+0000] {processor.py:925} INFO - DAG(s) 'example_display_name' retrieved from /home/airflow/.local/lib/python3.12/site-packages/airflow/example_dags/example_display_name.py
[2026-08-04T08:31:54.569+0000] {logging_mixin.py:190} INFO - [2026-08-04T08:31:54.569+0000] {dag.py:3239} INFO - Sync 1 DAGs
[2026-08-04T08:31:54.588+0000] {logging_mixin.py:190} INFO - [2026-08-04T08:31:54.588+0000] {dag.py:4180} INFO - Setting next_dagrun for example_display_name to None, run_after=None
[2026-08-04T08:31:54.614+0000] {processor.py:208} INFO - Processing /home/airflow/.local/lib/python3.12/site-packages/airflow/example_dags/example_display_name.py took 0.087 seconds
[2026-08-04T08:32:24.780+0000] {processor.py:186} INFO - Started process (PID=1506) to work on /home/airflow/.local/lib/python3.12/site-packages/airflow/example_dags/example_display_name.py
[2026-08-04T08:32:24.781+0000] {processor.py:914} INFO - Processing file /home/airflow/.local/lib/python3.12/site-packages/airflow/example_dags/example_display_name.py for tasks to queue
[2026-08-04T08:32:24.783+0000] {logging_mixin.py:190} INFO - [2026-08-04T08:32:24.783+0000] {dagbag.py:588} INFO - Filling up the DagBag from /home/airflow/.local/lib/python3.12/site-packages/airflow/example_dags/example_display_name.py
[2026-08-04T08:32:24.791+0000] {processor.py:925} INFO - DAG(s) 'example_display_name' retrieved from /home/airflow/.local/lib/python3.12/site-packages/airflow/example_dags/example_display_name.py
[2026-08-04T08:32:24.812+0000] {logging_mixin.py:190} INFO - [2026-08-04T08:32:24.812+0000] {dag.py:3239} INFO - Sync 1 DAGs
[2026-08-04T08:32:24.829+0000] {logging_mixin.py:190} INFO - [2026-08-04T08:32:24.828+0000] {dag.py:4180} INFO - Setting next_dagrun for example_display_name to None, run_after=None
[2026-08-04T08:32:24.853+0000] {processor.py:208} INFO - Processing /home/airflow/.local/lib/python3.12/site-packages/airflow/example_dags/example_display_name.py took 0.079 seconds
[2026-08-04T08:32:55.026+0000] {processor.py:186} INFO - Started process (PID=1571) to work on /home/airflow/.local/lib/python3.12/site-packages/airflow/example_dags/example_display_name.py
[2026-08-04T08:32:55.027+0000] {processor.py:914} INFO - Processing file /home/airflow/.local/lib/python3.12/site-packages/airflow/example_dags/example_display_name.py for tasks to queue
[2026-08-04T08:32:55.030+0000] {logging_mixin.py:190} INFO - [2026-08-04T08:32:55.029+0000] {dagbag.py:588} INFO - Filling up the DagBag from /home/airflow/.local/lib/python3.12/site-packages/airflow/example_dags/example_display_name.py
[2026-08-04T08:32:55.041+0000] {processor.py:925} INFO - DAG(s) 'example_display_name' retrieved from /home/airflow/.local/lib/python3.12/site-packages/airflow/example_dags/example_display_name.py
[2026-08-04T08:32:55.063+0000] {logging_mixin.py:190} INFO - [2026-08-04T08:32:55.062+0000] {dag.py:3239} INFO - Sync 1 DAGs
[2026-08-04T08:32:55.080+0000] {logging_mixin.py:190} INFO - [2026-08-04T08:32:55.079+0000] {dag.py:4180} INFO - Setting next_dagrun for example_display_name to None, run_after=None
[2026-08-04T08:32:55.103+0000] {processor.py:208} INFO - Processing /home/airflow/.local/lib/python3.12/site-packages/airflow/example_dags/example_display_name.py took 0.083 seconds
[2026-08-04T08:33:25.429+0000] {processor.py:186} INFO - Started process (PID=1636) to work on /home/airflow/.local/lib/python3.12/site-packages/airflow/example_dags/example_display_name.py
[2026-08-04T08:33:25.430+0000] {processor.py:914} INFO - Processing file /home/airflow/.local/lib/python3.12/site-packages/airflow/example_dags/example_display_name.py for tasks to queue
[2026-08-04T08:33:25.433+0000] {logging_mixin.py:190} INFO - [2026-08-04T08:33:25.433+0000] {dagbag.py:588} INFO - Filling up the DagBag from /home/airflow/.local/lib/python3.12/site-packages/airflow/example_dags/example_display_name.py
[2026-08-04T08:33:25.442+0000] {processor.py:925} INFO - DAG(s) 'example_display_name' retrieved from /home/airflow/.local/lib/python3.12/site-packages/airflow/example_dags/example_display_name.py
[2026-08-04T08:33:25.463+0000] {logging_mixin.py:190} INFO - [2026-08-04T08:33:25.462+0000] {dag.py:3239} INFO - Sync 1 DAGs
[2026-08-04T08:33:25.479+0000] {logging_mixin.py:190} INFO - [2026-08-04T08:33:25.479+0000] {dag.py:4180} INFO - Setting next_dagrun for example_display_name to None, run_after=None
[2026-08-04T08:33:25.505+0000] {processor.py:208} INFO - Processing /home/airflow/.local/lib/python3.12/site-packages/airflow/example_dags/example_display_name.py took 0.082 seconds
[2026-08-04T08:33:55.900+0000] {processor.py:186} INFO - Started process (PID=1701) to work on /home/airflow/.local/lib/python3.12/site-packages/airflow/example_dags/example_display_name.py
[2026-08-04T08:33:55.901+0000] {processor.py:914} INFO - Processing file /home/airflow/.local/lib/python3.12/site-packages/airflow/example_dags/example_display_name.py for tasks to queue
[2026-08-04T08:33:55.903+0000] {logging_mixin.py:190} INFO - [2026-08-04T08:33:55.903+0000] {dagbag.py:588} INFO - Filling up the DagBag from /home/airflow/.local/lib/python3.12/site-packages/airflow/example_dags/example_display_name.py
[2026-08-04T08:33:55.912+0000] {processor.py:925} INFO - DAG(s) 'example_display_name' retrieved from /home/airflow/.local/lib/python3.12/site-packages/airflow/example_dags/example_display_name.py
[2026-08-04T08:33:55.931+0000] {logging_mixin.py:190} INFO - [2026-08-04T08:33:55.931+0000] {dag.py:3239} INFO - Sync 1 DAGs
[2026-08-04T08:33:55.948+0000] {logging_mixin.py:190} INFO - [2026-08-04T08:33:55.948+0000] {dag.py:4180} INFO - Setting next_dagrun for example_display_name to None, run_after=None
[2026-08-04T08:33:55.971+0000] {processor.py:208} INFO - Processing /home/airflow/.local/lib/python3.12/site-packages/airflow/example_dags/example_display_name.py took 0.078 seconds
[2026-08-04T08:34:26.405+0000] {processor.py:186} INFO - Started process (PID=1766) to work on /home/airflow/.local/lib/python3.12/site-packages/airflow/example_dags/example_display_name.py
[2026-08-04T08:34:26.406+0000] {processor.py:914} INFO - Processing file /home/airflow/.local/lib/python3.12/site-packages/airflow/example_dags/example_display_name.py for tasks to queue
[2026-08-04T08:34:26.409+0000] {logging_mixin.py:190} INFO - [2026-08-04T08:34:26.408+0000] {dagbag.py:588} INFO - Filling up the DagBag from /home/airflow/.local/lib/python3.12/site-packages/airflow/example_dags/example_display_name.py
[2026-08-04T08:34:26.418+0000] {processor.py:925} INFO - DAG(s) 'example_display_name' retrieved from /home/airflow/.local/lib/python3.12/site-packages/airflow/example_dags/example_display_name.py
[2026-08-04T08:34:26.438+0000] {logging_mixin.py:190} INFO - [2026-08-04T08:34:26.438+0000] {dag.py:3239} INFO - Sync 1 DAGs
[2026-08-04T08:34:26.454+0000] {logging_mixin.py:190} INFO - [2026-08-04T08:34:26.454+0000] {dag.py:4180} INFO - Setting next_dagrun for example_display_name to None, run_after=None
[2026-08-04T08:34:26.476+0000] {processor.py:208} INFO - Processing /home/airflow/.local/lib/python3.12/site-packages/airflow/example_dags/example_display_name.py took 0.078 seconds
[2026-08-04T08:34:56.788+0000] {processor.py:186} INFO - Started process (PID=1824) to work on /home/airflow/.local/lib/python3.12/site-packages/airflow/example_dags/example_display_name.py
[2026-08-04T08:34:56.789+0000] {processor.py:914} INFO - Processing file /home/airflow/.local/lib/python3.12/site-packages/airflow/example_dags/example_display_name.py for tasks to queue
[2026-08-04T08:34:56.793+0000] {logging_mixin.py:190} INFO - [2026-08-04T08:34:56.792+0000] {dagbag.py:588} INFO - Filling up the DagBag from /home/airflow/.local/lib/python3.12/site-packages/airflow/example_dags/example_display_name.py
[2026-08-04T08:34:56.803+0000] {processor.py:925} INFO - DAG(s) 'example_display_name' retrieved from /home/airflow/.local/lib/python3.12/site-packages/airflow/example_dags/example_display_name.py
[2026-08-04T08:34:56.824+0000] {logging_mixin.py:190} INFO - [2026-08-04T08:34:56.824+0000] {dag.py:3239} INFO - Sync 1 DAGs
[2026-08-04T08:34:56.840+0000] {logging_mixin.py:190} INFO - [2026-08-04T08:34:56.840+0000] {dag.py:4180} INFO - Setting next_dagrun for example_display_name to None, run_after=None
[2026-08-04T08:34:56.862+0000] {processor.py:208} INFO - Processing /home/airflow/.local/lib/python3.12/site-packages/airflow/example_dags/example_display_name.py took 0.082 seconds
[2026-08-04T08:35:28.047+0000] {processor.py:186} INFO - Started process (PID=1889) to work on /home/airflow/.local/lib/python3.12/site-packages/airflow/example_dags/example_display_name.py
[2026-08-04T08:35:28.049+0000] {processor.py:914} INFO - Processing file /home/airflow/.local/lib/python3.12/site-packages/airflow/example_dags/example_display_name.py for tasks to queue
[2026-08-04T08:35:28.052+0000] {logging_mixin.py:190} INFO - [2026-08-04T08:35:28.052+0000] {dagbag.py:588} INFO - Filling up the DagBag from /home/airflow/.local/lib/python3.12/site-packages/airflow/example_dags/example_display_name.py
[2026-08-04T08:35:28.062+0000] {processor.py:925} INFO - DAG(s) 'example_display_name' retrieved from /home/airflow/.local/lib/python3.12/site-packages/airflow/example_dags/example_display_name.py
[2026-08-04T08:35:28.083+0000] {logging_mixin.py:190} INFO - [2026-08-04T08:35:28.083+0000] {dag.py:3239} INFO - Sync 1 DAGs
[2026-08-04T08:35:28.100+0000] {logging_mixin.py:190} INFO - [2026-08-04T08:35:28.100+0000] {dag.py:4180} INFO - Setting next_dagrun for example_display_name to None, run_after=None
[2026-08-04T08:35:28.120+0000] {processor.py:208} INFO - Processing /home/airflow/.local/lib/python3.12/site-packages/airflow/example_dags/example_display_name.py took 0.081 seconds
[2026-08-04T08:35:58.404+0000] {processor.py:186} INFO - Started process (PID=1945) to work on /home/airflow/.local/lib/python3.12/site-packages/airflow/example_dags/example_display_name.py
[2026-08-04T08:35:58.405+0000] {processor.py:914} INFO - Processing file /home/airflow/.local/lib/python3.12/site-packages/airflow/example_dags/example_display_name.py for tasks to queue
[2026-08-04T08:35:58.408+0000] {logging_mixin.py:190} INFO - [2026-08-04T08:35:58.407+0000] {dagbag.py:588} INFO - Filling up the DagBag from /home/airflow/.local/lib/python3.12/site-packages/airflow/example_dags/example_display_name.py
[2026-08-04T08:35:58.416+0000] {processor.py:925} INFO - DAG(s) 'example_display_name' retrieved from /home/airflow/.local/lib/python3.12/site-packages/airflow/example_dags/example_display_name.py
[2026-08-04T08:35:58.436+0000] {logging_mixin.py:190} INFO - [2026-08-04T08:35:58.436+0000] {dag.py:3239} INFO - Sync 1 DAGs
[2026-08-04T08:35:58.457+0000] {logging_mixin.py:190} INFO - [2026-08-04T08:35:58.457+0000] {dag.py:4180} INFO - Setting next_dagrun for example_display_name to None, run_after=None
[2026-08-04T08:35:58.479+0000] {processor.py:208} INFO - Processing /home/airflow/.local/lib/python3.12/site-packages/airflow/example_dags/example_display_name.py took 0.082 seconds
[2026-08-04T08:36:29.179+0000] {processor.py:186} INFO - Started process (PID=2008) to work on /home/airflow/.local/lib/python3.12/site-packages/airflow/example_dags/example_display_name.py
[2026-08-04T08:36:29.181+0000] {processor.py:914} INFO - Processing file /home/airflow/.local/lib/python3.12/site-packages/airflow/example_dags/example_display_name.py for tasks to queue
[2026-08-04T08:36:29.185+0000] {logging_mixin.py:190} INFO - [2026-08-04T08:36:29.185+0000] {dagbag.py:588} INFO - Filling up the DagBag from /home/airflow/.local/lib/python3.12/site-packages/airflow/example_dags/example_display_name.py
[2026-08-04T08:36:29.194+0000] {processor.py:925} INFO - DAG(s) 'example_display_name' retrieved from /home/airflow/.local/lib/python3.12/site-packages/airflow/example_dags/example_display_name.py
[2026-08-04T08:36:29.214+0000] {logging_mixin.py:190} INFO - [2026-08-04T08:36:29.214+0000] {dag.py:3239} INFO - Sync 1 DAGs
[2026-08-04T08:36:29.230+0000] {logging_mixin.py:190} INFO - [2026-08-04T08:36:29.230+0000] {dag.py:4180} INFO - Setting next_dagrun for example_display_name to None, run_after=None
[2026-08-04T08:36:29.253+0000] {processor.py:208} INFO - Processing /home/airflow/.local/lib/python3.12/site-packages/airflow/example_dags/example_display_name.py took 0.083 seconds
[2026-08-04T08:37:00.251+0000] {processor.py:186} INFO - Started process (PID=2073) to work on /home/airflow/.local/lib/python3.12/site-packages/airflow/example_dags/example_display_name.py
[2026-08-04T08:37:00.252+0000] {processor.py:914} INFO - Processing file /home/airflow/.local/lib/python3.12/site-packages/airflow/example_dags/example_display_name.py for tasks to queue
[2026-08-04T08:37:00.255+0000] {logging_mixin.py:190} INFO - [2026-08-04T08:37:00.255+0000] {dagbag.py:588} INFO - Filling up the DagBag from /home/airflow/.local/lib/python3.12/site-packages/airflow/example_dags/example_display_name.py
[2026-08-04T08:37:00.267+0000] {processor.py:925} INFO - DAG(s) 'example_display_name' retrieved from /home/airflow/.local/lib/python3.12/site-packages/airflow/example_dags/example_display_name.py
[2026-08-04T08:37:00.288+0000] {logging_mixin.py:190} INFO - [2026-08-04T08:37:00.288+0000] {dag.py:3239} INFO - Sync 1 DAGs
[2026-08-04T08:37:00.306+0000] {logging_mixin.py:190} INFO - [2026-08-04T08:37:00.306+0000] {dag.py:4180} INFO - Setting next_dagrun for example_display_name to None, run_after=None
[2026-08-04T08:37:00.330+0000] {processor.py:208} INFO - Processing /home/airflow/.local/lib/python3.12/site-packages/airflow/example_dags/example_display_name.py took 0.088 seconds
[2026-08-04T08:37:31.081+0000] {processor.py:186} INFO - Started process (PID=2138) to work on /home/airflow/.local/lib/python3.12/site-packages/airflow/example_dags/example_display_name.py
[2026-08-04T08:37:31.082+0000] {processor.py:914} INFO - Processing file /home/airflow/.local/lib/python3.12/site-packages/airflow/example_dags/example_display_name.py for tasks to queue
[2026-08-04T08:37:31.086+0000] {logging_mixin.py:190} INFO - [2026-08-04T08:37:31.086+0000] {dagbag.py:588} INFO - Filling up the DagBag from /home/airflow/.local/lib/python3.12/site-packages/airflow/example_dags/example_display_name.py
[2026-08-04T08:37:31.095+0000] {processor.py:925} INFO - DAG(s) 'example_display_name' retrieved from /home/airflow/.local/lib/python3.12/site-packages/airflow/example_dags/example_display_name.py
[2026-08-04T08:37:31.115+0000] {logging_mixin.py:190} INFO - [2026-08-04T08:37:31.115+0000] {dag.py:3239} INFO - Sync 1 DAGs
[2026-08-04T08:37:31.132+0000] {logging_mixin.py:190} INFO - [2026-08-04T08:37:31.132+0000] {dag.py:4180} INFO - Setting next_dagrun for example_display_name to None, run_after=None
[2026-08-04T08:37:31.154+0000] {processor.py:208} INFO - Processing /home/airflow/.local/lib/python3.12/site-packages/airflow/example_dags/example_display_name.py took 0.078 seconds
[2026-08-04T08:38:01.781+0000] {processor.py:186} INFO - Started process (PID=2203) to work on /home/airflow/.local/lib/python3.12/site-packages/airflow/example_dags/example_display_name.py
[2026-08-04T08:38:01.783+0000] {processor.py:914} INFO - Processing file /home/airflow/.local/lib/python3.12/site-packages/airflow/example_dags/example_display_name.py for tasks to queue
[2026-08-04T08:38:01.785+0000] {logging_mixin.py:190} INFO - [2026-08-04T08:38:01.785+0000] {dagbag.py:588} INFO - Filling up the DagBag from /home/airflow/.local/lib/python3.12/site-packages/airflow/example_dags/example_display_name.py
[2026-08-04T08:38:01.794+0000] {processor.py:925} INFO - DAG(s) 'example_display_name' retrieved from /home/airflow/.local/lib/python3.12/site-packages/airflow/example_dags/example_display_name.py
[2026-08-04T08:38:01.812+0000] {logging_mixin.py:190} INFO - [2026-08-04T08:38:01.812+0000] {dag.py:3239} INFO - Sync 1 DAGs
[2026-08-04T08:38:01.828+0000] {logging_mixin.py:190} INFO - [2026-08-04T08:38:01.828+0000] {dag.py:4180} INFO - Setting next_dagrun for example_display_name to None, run_after=None
[2026-08-04T08:38:01.850+0000] {processor.py:208} INFO - Processing /home/airflow/.local/lib/python3.12/site-packages/airflow/example_dags/example_display_name.py took 0.074 seconds
[2026-08-04T08:38:32.085+0000] {processor.py:186} INFO - Started process (PID=2255) to work on /home/airflow/.local/lib/python3.12/site-packages/airflow/example_dags/example_display_name.py
[2026-08-04T08:38:32.086+0000] {processor.py:914} INFO - Processing file /home/airflow/.local/lib/python3.12/site-packages/airflow/example_dags/example_display_name.py for tasks to queue
[2026-08-04T08:38:32.090+0000] {logging_mixin.py:190} INFO - [2026-08-04T08:38:32.089+0000] {dagbag.py:588} INFO - Filling up the DagBag from /home/airflow/.local/lib/python3.12/site-packages/airflow/example_dags/example_display_name.py
[2026-08-04T08:38:32.099+0000] {processor.py:925} INFO - DAG(s) 'example_display_name' retrieved from /home/airflow/.local/lib/python3.12/site-packages/airflow/example_dags/example_display_name.py
[2026-08-04T08:38:32.122+0000] {logging_mixin.py:190} INFO - [2026-08-04T08:38:32.121+0000] {dag.py:3239} INFO - Sync 1 DAGs
[2026-08-04T08:38:32.138+0000] {logging_mixin.py:190} INFO - [2026-08-04T08:38:32.138+0000] {dag.py:4180} INFO - Setting next_dagrun for example_display_name to None, run_after=None
[2026-08-04T08:38:32.161+0000] {processor.py:208} INFO - Processing /home/airflow/.local/lib/python3.12/site-packages/airflow/example_dags/example_display_name.py took 0.082 seconds
[2026-08-04T08:39:03.081+0000] {processor.py:186} INFO - Started process (PID=2320) to work on /home/airflow/.local/lib/python3.12/site-packages/airflow/example_dags/example_display_name.py
[2026-08-04T08:39:03.082+0000] {processor.py:914} INFO - Processing file /home/airflow/.local/lib/python3.12/site-packages/airflow/example_dags/example_display_name.py for tasks to queue
[2026-08-04T08:39:03.086+0000] {logging_mixin.py:190} INFO - [2026-08-04T08:39:03.085+0000] {dagbag.py:588} INFO - Filling up the DagBag from /home/airflow/.local/lib/python3.12/site-packages/airflow/example_dags/example_display_name.py
[2026-08-04T08:39:03.096+0000] {processor.py:925} INFO - DAG(s) 'example_display_name' retrieved from /home/airflow/.local/lib/python3.12/site-packages/airflow/example_dags/example_display_name.py
[2026-08-04T08:39:03.118+0000] {logging_mixin.py:190} INFO - [2026-08-04T08:39:03.117+0000] {dag.py:3239} INFO - Sync 1 DAGs
[2026-08-04T08:39:03.135+0000] {logging_mixin.py:190} INFO - [2026-08-04T08:39:03.135+0000] {dag.py:4180} INFO - Setting next_dagrun for example_display_name to None, run_after=None
[2026-08-04T08:39:03.158+0000] {processor.py:208} INFO - Processing /home/airflow/.local/lib/python3.12/site-packages/airflow/example_dags/example_display_name.py took 0.085 seconds
[2026-08-04T08:39:33.207+0000] {processor.py:186} INFO - Started process (PID=2381) to work on /home/airflow/.local/lib/python3.12/site-packages/airflow/example_dags/example_display_name.py
[2026-08-04T08:39:33.208+0000] {processor.py:914} INFO - Processing file /home/airflow/.local/lib/python3.12/site-packages/airflow/example_dags/example_display_name.py for tasks to queue
[2026-08-04T08:39:33.211+0000] {logging_mixin.py:190} INFO - [2026-08-04T08:39:33.210+0000] {dagbag.py:588} INFO - Filling up the DagBag from /home/airflow/.local/lib/python3.12/site-packages/airflow/example_dags/example_display_name.py
[2026-08-04T08:39:33.219+0000] {processor.py:925} INFO - DAG(s) 'example_display_name' retrieved from /home/airflow/.local/lib/python3.12/site-packages/airflow/example_dags/example_display_name.py
[2026-08-04T08:39:33.238+0000] {logging_mixin.py:190} INFO - [2026-08-04T08:39:33.238+0000] {dag.py:3239} INFO - Sync 1 DAGs
[2026-08-04T08:39:33.253+0000] {logging_mixin.py:190} INFO - [2026-08-04T08:39:33.252+0000] {dag.py:4180} INFO - Setting next_dagrun for example_display_name to None, run_after=None
[2026-08-04T08:39:33.273+0000] {processor.py:208} INFO - Processing /home/airflow/.local/lib/python3.12/site-packages/airflow/example_dags/example_display_name.py took 0.072 seconds
[2026-08-04T08:40:04.172+0000] {processor.py:186} INFO - Started process (PID=2444) to work on /home/airflow/.local/lib/python3.12/site-packages/airflow/example_dags/example_display_name.py
[2026-08-04T08:40:04.173+0000] {processor.py:914} INFO - Processing file /home/airflow/.local/lib/python3.12/site-packages/airflow/example_dags/example_display_name.py for tasks to queue
[2026-08-04T08:40:04.176+0000] {logging_mixin.py:190} INFO - [2026-08-04T08:40:04.176+0000] {dagbag.py:588} INFO - Filling up the DagBag from /home/airflow/.local/lib/python3.12/site-packages/airflow/example_dags/example_display_name.py
[2026-08-04T08:40:04.184+0000] {processor.py:925} INFO - DAG(s) 'example_display_name' retrieved from /home/airflow/.local/lib/python3.12/site-packages/airflow/example_dags/example_display_name.py
[2026-08-04T08:40:04.203+0000] {logging_mixin.py:190} INFO - [2026-08-04T08:40:04.203+0000] {dag.py:3239} INFO - Sync 1 DAGs
[2026-08-04T08:40:04.222+0000] {logging_mixin.py:190} INFO - [2026-08-04T08:40:04.222+0000] {dag.py:4180} INFO - Setting next_dagrun for example_display_name to None, run_after=None
[2026-08-04T08:40:04.242+0000] {processor.py:208} INFO - Processing /home/airflow/.local/lib/python3.12/site-packages/airflow/example_dags/example_display_name.py took 0.077 seconds
[2026-08-04T08:40:34.423+0000] {processor.py:186} INFO - Started process (PID=2509) to work on /home/airflow/.local/lib/python3.12/site-packages/airflow/example_dags/example_display_name.py
[2026-08-04T08:40:34.424+0000] {processor.py:914} INFO - Processing file /home/airflow/.local/lib/python3.12/site-packages/airflow/example_dags/example_display_name.py for tasks to queue
[2026-08-04T08:40:34.427+0000] {logging_mixin.py:190} INFO - [2026-08-04T08:40:34.427+0000] {dagbag.py:588} INFO - Filling up the DagBag from /home/airflow/.local/lib/python3.12/site-packages/airflow/example_dags/example_display_name.py
[2026-08-04T08:40:34.435+0000] {processor.py:925} INFO - DAG(s) 'example_display_name' retrieved from /home/airflow/.local/lib/python3.12/site-packages/airflow/example_dags/example_display_name.py
[2026-08-04T08:40:34.454+0000] {logging_mixin.py:190} INFO - [2026-08-04T08:40:34.454+0000] {dag.py:3239} INFO - Sync 1 DAGs
[2026-08-04T08:40:34.468+0000] {logging_mixin.py:190} INFO - [2026-08-04T08:40:34.468+0000] {dag.py:4180} INFO - Setting next_dagrun for example_display_name to None, run_after=None
[2026-08-04T08:40:34.487+0000] {processor.py:208} INFO - Processing /home/airflow/.local/lib/python3.12/site-packages/airflow/example_dags/example_display_name.py took 0.069 seconds
[2026-08-04T08:41:05.142+0000] {processor.py:186} INFO - Started process (PID=2574) to work on /home/airflow/.local/lib/python3.12/site-packages/airflow/example_dags/example_display_name.py
[2026-08-04T08:41:05.144+0000] {processor.py:914} INFO - Processing file /home/airflow/.local/lib/python3.12/site-packages/airflow/example_dags/example_display_name.py for tasks to queue
[2026-08-04T08:41:05.146+0000] {logging_mixin.py:190} INFO - [2026-08-04T08:41:05.146+0000] {dagbag.py:588} INFO - Filling up the DagBag from /home/airflow/.local/lib/python3.12/site-packages/airflow/example_dags/example_display_name.py
[2026-08-04T08:41:05.156+0000] {processor.py:925} INFO - DAG(s) 'example_display_name' retrieved from /home/airflow/.local/lib/python3.12/site-packages/airflow/example_dags/example_display_name.py
[2026-08-04T08:41:05.177+0000] {logging_mixin.py:190} INFO - [2026-08-04T08:41:05.177+0000] {dag.py:3239} INFO - Sync 1 DAGs
[2026-08-04T08:41:05.195+0000] {logging_mixin.py:190} INFO - [2026-08-04T08:41:05.195+0000] {dag.py:4180} INFO - Setting next_dagrun for example_display_name to None, run_after=None
[2026-08-04T08:41:05.221+0000] {processor.py:208} INFO - Processing /home/airflow/.local/lib/python3.12/site-packages/airflow/example_dags/example_display_name.py took 0.085 seconds
[2026-08-04T08:41:35.717+0000] {processor.py:186} INFO - Started process (PID=2639) to work on /home/airflow/.local/lib/python3.12/site-packages/airflow/example_dags/example_display_name.py
[2026-08-04T08:41:35.718+0000] {processor.py:914} INFO - Processing file /home/airflow/.local/lib/python3.12/site-packages/airflow/example_dags/example_display_name.py for tasks to queue
[2026-08-04T08:41:35.721+0000] {logging_mixin.py:190} INFO - [2026-08-04T08:41:35.721+0000] {dagbag.py:588} INFO - Filling up the DagBag from /home/airflow/.local/lib/python3.12/site-packages/airflow/example_dags/example_display_name.py
[2026-08-04T08:41:35.729+0000] {processor.py:925} INFO - DAG(s) 'example_display_name' retrieved from /home/airflow/.local/lib/python3.12/site-packages/airflow/example_dags/example_display_name.py
[2026-08-04T08:41:35.747+0000] {logging_mixin.py:190} INFO - [2026-08-04T08:41:35.747+0000] {dag.py:3239} INFO - Sync 1 DAGs
[2026-08-04T08:41:35.762+0000] {logging_mixin.py:190} INFO - [2026-08-04T08:41:35.762+0000] {dag.py:4180} INFO - Setting next_dagrun for example_display_name to None, run_after=None
[2026-08-04T08:41:35.781+0000] {processor.py:208} INFO - Processing /home/airflow/.local/lib/python3.12/site-packages/airflow/example_dags/example_display_name.py took 0.070 seconds
