[2026-08-04T07:47:16.597+0000] {processor.py:186} INFO - Started process (PID=116) to work on /home/airflow/.local/lib/python3.12/site-packages/airflow/example_dags/example_sla_dag.py
[2026-08-04T07:47:16.600+0000] {processor.py:914} INFO - Processing file /home/airflow/.local/lib/python3.12/site-packages/airflow/example_dags/example_sla_dag.py for tasks to queue
[2026-08-04T07:47:16.604+0000] {logging_mixin.py:190} INFO - [2026-08-04T07:47:16.603+0000] {dagbag.py:588} INFO - Filling up the DagBag from /home/airflow/.local/lib/python3.12/site-packages/airflow/example_dags/example_sla_dag.py
[2026-08-04T07:47:16.624+0000] {processor.py:925} INFO - DAG(s) 'example_sla_dag' retrieved from /home/airflow/.local/lib/python3.12/site-packages/airflow/example_dags/example_sla_dag.py
[2026-08-04T07:47:16.655+0000] {logging_mixin.py:190} INFO - [2026-08-04T07:47:16.654+0000] {dag.py:3239} INFO - Sync 1 DAGs
[2026-08-04T07:47:16.701+0000] {logging_mixin.py:190} INFO - [2026-08-04T07:47:16.701+0000] {dag.py:4180} INFO - Setting next_dagrun for example_sla_dag to 2026-08-04 07:44:00+00:00, run_after=2026-08-04 07:46:00+00:00
[2026-08-04T07:47:16.730+0000] {processor.py:208} INFO - Processing /home/airflow/.local/lib/python3.12/site-packages/airflow/example_dags/example_sla_dag.py took 0.142 seconds
[2026-08-04T08:21:21.867+0000] {processor.py:186} INFO - Started process (PID=116) to work on /home/airflow/.local/lib/python3.12/site-packages/airflow/example_dags/example_sla_dag.py
[2026-08-04T08:21:21.868+0000] {processor.py:914} INFO - Processing file /home/airflow/.local/lib/python3.12/site-packages/airflow/example_dags/example_sla_dag.py for tasks to queue
[2026-08-04T08:21:21.871+0000] {logging_mixin.py:190} INFO - [2026-08-04T08:21:21.871+0000] {dagbag.py:588} INFO - Filling up the DagBag from /home/airflow/.local/lib/python3.12/site-packages/airflow/example_dags/example_sla_dag.py
[2026-08-04T08:21:21.886+0000] {processor.py:925} INFO - DAG(s) 'example_sla_dag' retrieved from /home/airflow/.local/lib/python3.12/site-packages/airflow/example_dags/example_sla_dag.py
[2026-08-04T08:21:21.915+0000] {logging_mixin.py:190} INFO - [2026-08-04T08:21:21.915+0000] {dag.py:3239} INFO - Sync 1 DAGs
[2026-08-04T08:21:21.949+0000] {logging_mixin.py:190} INFO - [2026-08-04T08:21:21.949+0000] {dag.py:4180} INFO - Setting next_dagrun for example_sla_dag to 2026-08-04 08:18:00+00:00, run_after=2026-08-04 08:20:00+00:00
[2026-08-04T08:21:21.973+0000] {processor.py:208} INFO - Processing /home/airflow/.local/lib/python3.12/site-packages/airflow/example_dags/example_sla_dag.py took 0.113 seconds
[2026-08-04T08:21:53.117+0000] {processor.py:186} INFO - Started process (PID=180) to work on /home/airflow/.local/lib/python3.12/site-packages/airflow/example_dags/example_sla_dag.py
[2026-08-04T08:21:53.119+0000] {processor.py:914} INFO - Processing file /home/airflow/.local/lib/python3.12/site-packages/airflow/example_dags/example_sla_dag.py for tasks to queue
[2026-08-04T08:21:53.122+0000] {logging_mixin.py:190} INFO - [2026-08-04T08:21:53.121+0000] {dagbag.py:588} INFO - Filling up the DagBag from /home/airflow/.local/lib/python3.12/site-packages/airflow/example_dags/example_sla_dag.py
[2026-08-04T08:21:53.134+0000] {processor.py:925} INFO - DAG(s) 'example_sla_dag' retrieved from /home/airflow/.local/lib/python3.12/site-packages/airflow/example_dags/example_sla_dag.py
[2026-08-04T08:21:53.155+0000] {logging_mixin.py:190} INFO - [2026-08-04T08:21:53.154+0000] {dag.py:3239} INFO - Sync 1 DAGs
[2026-08-04T08:21:53.182+0000] {logging_mixin.py:190} INFO - [2026-08-04T08:21:53.182+0000] {dag.py:4180} INFO - Setting next_dagrun for example_sla_dag to 2026-08-04 08:18:00+00:00, run_after=2026-08-04 08:20:00+00:00
[2026-08-04T08:21:53.208+0000] {processor.py:208} INFO - Processing /home/airflow/.local/lib/python3.12/site-packages/airflow/example_dags/example_sla_dag.py took 0.097 seconds
[2026-08-04T08:22:23.773+0000] {processor.py:186} INFO - Started process (PID=245) to work on /home/airflow/.local/lib/python3.12/site-packages/airflow/example_dags/example_sla_dag.py
[2026-08-04T08:22:23.801+0000] {processor.py:914} INFO - Processing file /home/airflow/.local/lib/python3.12/site-packages/airflow/example_dags/example_sla_dag.py for tasks to queue
[2026-08-04T08:22:23.827+0000] {logging_mixin.py:190} INFO - [2026-08-04T08:22:23.826+0000] {dagbag.py:588} INFO - Filling up the DagBag from /home/airflow/.local/lib/python3.12/site-packages/airflow/example_dags/example_sla_dag.py
[2026-08-04T08:22:23.877+0000] {processor.py:925} INFO - DAG(s) 'example_sla_dag' retrieved from /home/airflow/.local/lib/python3.12/site-packages/airflow/example_dags/example_sla_dag.py
[2026-08-04T08:22:23.908+0000] {logging_mixin.py:190} INFO - [2026-08-04T08:22:23.908+0000] {dag.py:3239} INFO - Sync 1 DAGs
[2026-08-04T08:22:23.944+0000] {logging_mixin.py:190} INFO - [2026-08-04T08:22:23.943+0000] {dag.py:4180} INFO - Setting next_dagrun for example_sla_dag to 2026-08-04 08:20:00+00:00, run_after=2026-08-04 08:22:00+00:00
[2026-08-04T08:22:23.969+0000] {processor.py:208} INFO - Processing /home/airflow/.local/lib/python3.12/site-packages/airflow/example_dags/example_sla_dag.py took 0.205 seconds
[2026-08-04T08:22:54.718+0000] {processor.py:186} INFO - Started process (PID=310) to work on /home/airflow/.local/lib/python3.12/site-packages/airflow/example_dags/example_sla_dag.py
[2026-08-04T08:22:54.719+0000] {processor.py:914} INFO - Processing file /home/airflow/.local/lib/python3.12/site-packages/airflow/example_dags/example_sla_dag.py for tasks to queue
[2026-08-04T08:22:54.722+0000] {logging_mixin.py:190} INFO - [2026-08-04T08:22:54.721+0000] {dagbag.py:588} INFO - Filling up the DagBag from /home/airflow/.local/lib/python3.12/site-packages/airflow/example_dags/example_sla_dag.py
[2026-08-04T08:22:54.733+0000] {processor.py:925} INFO - DAG(s) 'example_sla_dag' retrieved from /home/airflow/.local/lib/python3.12/site-packages/airflow/example_dags/example_sla_dag.py
[2026-08-04T08:22:54.753+0000] {logging_mixin.py:190} INFO - [2026-08-04T08:22:54.753+0000] {dag.py:3239} INFO - Sync 1 DAGs
[2026-08-04T08:22:54.781+0000] {logging_mixin.py:190} INFO - [2026-08-04T08:22:54.781+0000] {dag.py:4180} INFO - Setting next_dagrun for example_sla_dag to 2026-08-04 08:20:00+00:00, run_after=2026-08-04 08:22:00+00:00
[2026-08-04T08:22:54.801+0000] {processor.py:208} INFO - Processing /home/airflow/.local/lib/python3.12/site-packages/airflow/example_dags/example_sla_dag.py took 0.090 seconds
[2026-08-04T08:23:26.112+0000] {processor.py:186} INFO - Started process (PID=374) to work on /home/airflow/.local/lib/python3.12/site-packages/airflow/example_dags/example_sla_dag.py
[2026-08-04T08:23:26.114+0000] {processor.py:914} INFO - Processing file /home/airflow/.local/lib/python3.12/site-packages/airflow/example_dags/example_sla_dag.py for tasks to queue
[2026-08-04T08:23:26.117+0000] {logging_mixin.py:190} INFO - [2026-08-04T08:23:26.117+0000] {dagbag.py:588} INFO - Filling up the DagBag from /home/airflow/.local/lib/python3.12/site-packages/airflow/example_dags/example_sla_dag.py
[2026-08-04T08:23:26.130+0000] {processor.py:925} INFO - DAG(s) 'example_sla_dag' retrieved from /home/airflow/.local/lib/python3.12/site-packages/airflow/example_dags/example_sla_dag.py
[2026-08-04T08:23:26.152+0000] {logging_mixin.py:190} INFO - [2026-08-04T08:23:26.152+0000] {dag.py:3239} INFO - Sync 1 DAGs
[2026-08-04T08:23:26.186+0000] {logging_mixin.py:190} INFO - [2026-08-04T08:23:26.186+0000] {dag.py:4180} INFO - Setting next_dagrun for example_sla_dag to 2026-08-04 08:20:00+00:00, run_after=2026-08-04 08:22:00+00:00
[2026-08-04T08:23:26.208+0000] {processor.py:208} INFO - Processing /home/airflow/.local/lib/python3.12/site-packages/airflow/example_dags/example_sla_dag.py took 0.107 seconds
[2026-08-04T08:23:57.662+0000] {processor.py:186} INFO - Started process (PID=439) to work on /home/airflow/.local/lib/python3.12/site-packages/airflow/example_dags/example_sla_dag.py
[2026-08-04T08:23:57.663+0000] {processor.py:914} INFO - Processing file /home/airflow/.local/lib/python3.12/site-packages/airflow/example_dags/example_sla_dag.py for tasks to queue
[2026-08-04T08:23:57.666+0000] {logging_mixin.py:190} INFO - [2026-08-04T08:23:57.666+0000] {dagbag.py:588} INFO - Filling up the DagBag from /home/airflow/.local/lib/python3.12/site-packages/airflow/example_dags/example_sla_dag.py
[2026-08-04T08:23:57.680+0000] {processor.py:925} INFO - DAG(s) 'example_sla_dag' retrieved from /home/airflow/.local/lib/python3.12/site-packages/airflow/example_dags/example_sla_dag.py
[2026-08-04T08:23:57.700+0000] {logging_mixin.py:190} INFO - [2026-08-04T08:23:57.700+0000] {dag.py:3239} INFO - Sync 1 DAGs
[2026-08-04T08:23:57.733+0000] {logging_mixin.py:190} INFO - [2026-08-04T08:23:57.733+0000] {dag.py:4180} INFO - Setting next_dagrun for example_sla_dag to 2026-08-04 08:20:00+00:00, run_after=2026-08-04 08:22:00+00:00
[2026-08-04T08:23:57.754+0000] {processor.py:208} INFO - Processing /home/airflow/.local/lib/python3.12/site-packages/airflow/example_dags/example_sla_dag.py took 0.099 seconds
[2026-08-04T08:24:28.871+0000] {processor.py:186} INFO - Started process (PID=504) to work on /home/airflow/.local/lib/python3.12/site-packages/airflow/example_dags/example_sla_dag.py
[2026-08-04T08:24:28.873+0000] {processor.py:914} INFO - Processing file /home/airflow/.local/lib/python3.12/site-packages/airflow/example_dags/example_sla_dag.py for tasks to queue
[2026-08-04T08:24:28.876+0000] {logging_mixin.py:190} INFO - [2026-08-04T08:24:28.875+0000] {dagbag.py:588} INFO - Filling up the DagBag from /home/airflow/.local/lib/python3.12/site-packages/airflow/example_dags/example_sla_dag.py
[2026-08-04T08:24:28.887+0000] {processor.py:925} INFO - DAG(s) 'example_sla_dag' retrieved from /home/airflow/.local/lib/python3.12/site-packages/airflow/example_dags/example_sla_dag.py
[2026-08-04T08:24:28.908+0000] {logging_mixin.py:190} INFO - [2026-08-04T08:24:28.907+0000] {dag.py:3239} INFO - Sync 1 DAGs
[2026-08-04T08:24:28.940+0000] {logging_mixin.py:190} INFO - [2026-08-04T08:24:28.939+0000] {dag.py:4180} INFO - Setting next_dagrun for example_sla_dag to 2026-08-04 08:22:00+00:00, run_after=2026-08-04 08:24:00+00:00
[2026-08-04T08:24:28.968+0000] {processor.py:208} INFO - Processing /home/airflow/.local/lib/python3.12/site-packages/airflow/example_dags/example_sla_dag.py took 0.103 seconds
[2026-08-04T08:25:00.476+0000] {processor.py:186} INFO - Started process (PID=570) to work on /home/airflow/.local/lib/python3.12/site-packages/airflow/example_dags/example_sla_dag.py
[2026-08-04T08:25:00.477+0000] {processor.py:914} INFO - Processing file /home/airflow/.local/lib/python3.12/site-packages/airflow/example_dags/example_sla_dag.py for tasks to queue
[2026-08-04T08:25:00.481+0000] {logging_mixin.py:190} INFO - [2026-08-04T08:25:00.480+0000] {dagbag.py:588} INFO - Filling up the DagBag from /home/airflow/.local/lib/python3.12/site-packages/airflow/example_dags/example_sla_dag.py
[2026-08-04T08:25:00.493+0000] {processor.py:925} INFO - DAG(s) 'example_sla_dag' retrieved from /home/airflow/.local/lib/python3.12/site-packages/airflow/example_dags/example_sla_dag.py
[2026-08-04T08:25:00.516+0000] {logging_mixin.py:190} INFO - [2026-08-04T08:25:00.516+0000] {dag.py:3239} INFO - Sync 1 DAGs
[2026-08-04T08:25:00.547+0000] {logging_mixin.py:190} INFO - [2026-08-04T08:25:00.547+0000] {dag.py:4180} INFO - Setting next_dagrun for example_sla_dag to 2026-08-04 08:22:00+00:00, run_after=2026-08-04 08:24:00+00:00
[2026-08-04T08:25:00.566+0000] {processor.py:208} INFO - Processing /home/airflow/.local/lib/python3.12/site-packages/airflow/example_dags/example_sla_dag.py took 0.097 seconds
[2026-08-04T08:25:31.694+0000] {processor.py:186} INFO - Started process (PID=635) to work on /home/airflow/.local/lib/python3.12/site-packages/airflow/example_dags/example_sla_dag.py
[2026-08-04T08:25:31.696+0000] {processor.py:914} INFO - Processing file /home/airflow/.local/lib/python3.12/site-packages/airflow/example_dags/example_sla_dag.py for tasks to queue
[2026-08-04T08:25:31.698+0000] {logging_mixin.py:190} INFO - [2026-08-04T08:25:31.698+0000] {dagbag.py:588} INFO - Filling up the DagBag from /home/airflow/.local/lib/python3.12/site-packages/airflow/example_dags/example_sla_dag.py
[2026-08-04T08:25:31.709+0000] {processor.py:925} INFO - DAG(s) 'example_sla_dag' retrieved from /home/airflow/.local/lib/python3.12/site-packages/airflow/example_dags/example_sla_dag.py
[2026-08-04T08:25:31.730+0000] {logging_mixin.py:190} INFO - [2026-08-04T08:25:31.729+0000] {dag.py:3239} INFO - Sync 1 DAGs
[2026-08-04T08:25:31.763+0000] {logging_mixin.py:190} INFO - [2026-08-04T08:25:31.762+0000] {dag.py:4180} INFO - Setting next_dagrun for example_sla_dag to 2026-08-04 08:22:00+00:00, run_after=2026-08-04 08:24:00+00:00
[2026-08-04T08:25:31.783+0000] {processor.py:208} INFO - Processing /home/airflow/.local/lib/python3.12/site-packages/airflow/example_dags/example_sla_dag.py took 0.096 seconds
[2026-08-04T08:26:03.774+0000] {processor.py:186} INFO - Started process (PID=702) to work on /home/airflow/.local/lib/python3.12/site-packages/airflow/example_dags/example_sla_dag.py
[2026-08-04T08:26:03.776+0000] {processor.py:914} INFO - Processing file /home/airflow/.local/lib/python3.12/site-packages/airflow/example_dags/example_sla_dag.py for tasks to queue
[2026-08-04T08:26:03.779+0000] {logging_mixin.py:190} INFO - [2026-08-04T08:26:03.779+0000] {dagbag.py:588} INFO - Filling up the DagBag from /home/airflow/.local/lib/python3.12/site-packages/airflow/example_dags/example_sla_dag.py
[2026-08-04T08:26:03.793+0000] {processor.py:925} INFO - DAG(s) 'example_sla_dag' retrieved from /home/airflow/.local/lib/python3.12/site-packages/airflow/example_dags/example_sla_dag.py
[2026-08-04T08:26:03.815+0000] {logging_mixin.py:190} INFO - [2026-08-04T08:26:03.815+0000] {dag.py:3239} INFO - Sync 1 DAGs
[2026-08-04T08:26:03.846+0000] {logging_mixin.py:190} INFO - [2026-08-04T08:26:03.845+0000] {dag.py:4180} INFO - Setting next_dagrun for example_sla_dag to 2026-08-04 08:24:00+00:00, run_after=2026-08-04 08:26:00+00:00
[2026-08-04T08:26:03.867+0000] {processor.py:208} INFO - Processing /home/airflow/.local/lib/python3.12/site-packages/airflow/example_dags/example_sla_dag.py took 0.100 seconds
[2026-08-04T08:26:34.631+0000] {processor.py:186} INFO - Started process (PID=768) to work on /home/airflow/.local/lib/python3.12/site-packages/airflow/example_dags/example_sla_dag.py
[2026-08-04T08:26:34.632+0000] {processor.py:914} INFO - Processing file /home/airflow/.local/lib/python3.12/site-packages/airflow/example_dags/example_sla_dag.py for tasks to queue
[2026-08-04T08:26:34.635+0000] {logging_mixin.py:190} INFO - [2026-08-04T08:26:34.635+0000] {dagbag.py:588} INFO - Filling up the DagBag from /home/airflow/.local/lib/python3.12/site-packages/airflow/example_dags/example_sla_dag.py
[2026-08-04T08:26:34.647+0000] {processor.py:925} INFO - DAG(s) 'example_sla_dag' retrieved from /home/airflow/.local/lib/python3.12/site-packages/airflow/example_dags/example_sla_dag.py
[2026-08-04T08:26:34.670+0000] {logging_mixin.py:190} INFO - [2026-08-04T08:26:34.669+0000] {dag.py:3239} INFO - Sync 1 DAGs
[2026-08-04T08:26:34.704+0000] {logging_mixin.py:190} INFO - [2026-08-04T08:26:34.704+0000] {dag.py:4180} INFO - Setting next_dagrun for example_sla_dag to 2026-08-04 08:24:00+00:00, run_after=2026-08-04 08:26:00+00:00
[2026-08-04T08:26:34.727+0000] {processor.py:208} INFO - Processing /home/airflow/.local/lib/python3.12/site-packages/airflow/example_dags/example_sla_dag.py took 0.105 seconds
[2026-08-04T08:27:05.921+0000] {processor.py:186} INFO - Started process (PID=833) to work on /home/airflow/.local/lib/python3.12/site-packages/airflow/example_dags/example_sla_dag.py
[2026-08-04T08:27:05.922+0000] {processor.py:914} INFO - Processing file /home/airflow/.local/lib/python3.12/site-packages/airflow/example_dags/example_sla_dag.py for tasks to queue
[2026-08-04T08:27:05.925+0000] {logging_mixin.py:190} INFO - [2026-08-04T08:27:05.925+0000] {dagbag.py:588} INFO - Filling up the DagBag from /home/airflow/.local/lib/python3.12/site-packages/airflow/example_dags/example_sla_dag.py
[2026-08-04T08:27:05.938+0000] {processor.py:925} INFO - DAG(s) 'example_sla_dag' retrieved from /home/airflow/.local/lib/python3.12/site-packages/airflow/example_dags/example_sla_dag.py
[2026-08-04T08:27:05.959+0000] {logging_mixin.py:190} INFO - [2026-08-04T08:27:05.959+0000] {dag.py:3239} INFO - Sync 1 DAGs
[2026-08-04T08:27:05.990+0000] {logging_mixin.py:190} INFO - [2026-08-04T08:27:05.990+0000] {dag.py:4180} INFO - Setting next_dagrun for example_sla_dag to 2026-08-04 08:24:00+00:00, run_after=2026-08-04 08:26:00+00:00
[2026-08-04T08:27:06.010+0000] {processor.py:208} INFO - Processing /home/airflow/.local/lib/python3.12/site-packages/airflow/example_dags/example_sla_dag.py took 0.096 seconds
[2026-08-04T08:27:37.123+0000] {processor.py:186} INFO - Started process (PID=898) to work on /home/airflow/.local/lib/python3.12/site-packages/airflow/example_dags/example_sla_dag.py
[2026-08-04T08:27:37.125+0000] {processor.py:914} INFO - Processing file /home/airflow/.local/lib/python3.12/site-packages/airflow/example_dags/example_sla_dag.py for tasks to queue
[2026-08-04T08:27:37.128+0000] {logging_mixin.py:190} INFO - [2026-08-04T08:27:37.128+0000] {dagbag.py:588} INFO - Filling up the DagBag from /home/airflow/.local/lib/python3.12/site-packages/airflow/example_dags/example_sla_dag.py
[2026-08-04T08:27:37.141+0000] {processor.py:925} INFO - DAG(s) 'example_sla_dag' retrieved from /home/airflow/.local/lib/python3.12/site-packages/airflow/example_dags/example_sla_dag.py
[2026-08-04T08:27:37.163+0000] {logging_mixin.py:190} INFO - [2026-08-04T08:27:37.163+0000] {dag.py:3239} INFO - Sync 1 DAGs
[2026-08-04T08:27:37.193+0000] {logging_mixin.py:190} INFO - [2026-08-04T08:27:37.193+0000] {dag.py:4180} INFO - Setting next_dagrun for example_sla_dag to 2026-08-04 08:24:00+00:00, run_after=2026-08-04 08:26:00+00:00
[2026-08-04T08:27:37.215+0000] {processor.py:208} INFO - Processing /home/airflow/.local/lib/python3.12/site-packages/airflow/example_dags/example_sla_dag.py took 0.100 seconds
[2026-08-04T08:28:08.309+0000] {processor.py:186} INFO - Started process (PID=963) to work on /home/airflow/.local/lib/python3.12/site-packages/airflow/example_dags/example_sla_dag.py
[2026-08-04T08:28:08.311+0000] {processor.py:914} INFO - Processing file /home/airflow/.local/lib/python3.12/site-packages/airflow/example_dags/example_sla_dag.py for tasks to queue
[2026-08-04T08:28:08.314+0000] {logging_mixin.py:190} INFO - [2026-08-04T08:28:08.313+0000] {dagbag.py:588} INFO - Filling up the DagBag from /home/airflow/.local/lib/python3.12/site-packages/airflow/example_dags/example_sla_dag.py
[2026-08-04T08:28:08.325+0000] {processor.py:925} INFO - DAG(s) 'example_sla_dag' retrieved from /home/airflow/.local/lib/python3.12/site-packages/airflow/example_dags/example_sla_dag.py
[2026-08-04T08:28:08.345+0000] {logging_mixin.py:190} INFO - [2026-08-04T08:28:08.344+0000] {dag.py:3239} INFO - Sync 1 DAGs
[2026-08-04T08:28:08.373+0000] {logging_mixin.py:190} INFO - [2026-08-04T08:28:08.373+0000] {dag.py:4180} INFO - Setting next_dagrun for example_sla_dag to 2026-08-04 08:26:00+00:00, run_after=2026-08-04 08:28:00+00:00
[2026-08-04T08:28:08.396+0000] {processor.py:208} INFO - Processing /home/airflow/.local/lib/python3.12/site-packages/airflow/example_dags/example_sla_dag.py took 0.093 seconds
[2026-08-04T08:28:39.786+0000] {processor.py:186} INFO - Started process (PID=1028) to work on /home/airflow/.local/lib/python3.12/site-packages/airflow/example_dags/example_sla_dag.py
[2026-08-04T08:28:39.788+0000] {processor.py:914} INFO - Processing file /home/airflow/.local/lib/python3.12/site-packages/airflow/example_dags/example_sla_dag.py for tasks to queue
[2026-08-04T08:28:39.790+0000] {logging_mixin.py:190} INFO - [2026-08-04T08:28:39.790+0000] {dagbag.py:588} INFO - Filling up the DagBag from /home/airflow/.local/lib/python3.12/site-packages/airflow/example_dags/example_sla_dag.py
[2026-08-04T08:28:39.801+0000] {processor.py:925} INFO - DAG(s) 'example_sla_dag' retrieved from /home/airflow/.local/lib/python3.12/site-packages/airflow/example_dags/example_sla_dag.py
[2026-08-04T08:28:39.820+0000] {logging_mixin.py:190} INFO - [2026-08-04T08:28:39.820+0000] {dag.py:3239} INFO - Sync 1 DAGs
[2026-08-04T08:28:39.847+0000] {logging_mixin.py:190} INFO - [2026-08-04T08:28:39.847+0000] {dag.py:4180} INFO - Setting next_dagrun for example_sla_dag to 2026-08-04 08:26:00+00:00, run_after=2026-08-04 08:28:00+00:00
[2026-08-04T08:28:39.870+0000] {processor.py:208} INFO - Processing /home/airflow/.local/lib/python3.12/site-packages/airflow/example_dags/example_sla_dag.py took 0.090 seconds
[2026-08-04T08:29:11.133+0000] {processor.py:186} INFO - Started process (PID=1092) to work on /home/airflow/.local/lib/python3.12/site-packages/airflow/example_dags/example_sla_dag.py
[2026-08-04T08:29:11.134+0000] {processor.py:914} INFO - Processing file /home/airflow/.local/lib/python3.12/site-packages/airflow/example_dags/example_sla_dag.py for tasks to queue
[2026-08-04T08:29:11.137+0000] {logging_mixin.py:190} INFO - [2026-08-04T08:29:11.137+0000] {dagbag.py:588} INFO - Filling up the DagBag from /home/airflow/.local/lib/python3.12/site-packages/airflow/example_dags/example_sla_dag.py
[2026-08-04T08:29:11.148+0000] {processor.py:925} INFO - DAG(s) 'example_sla_dag' retrieved from /home/airflow/.local/lib/python3.12/site-packages/airflow/example_dags/example_sla_dag.py
[2026-08-04T08:29:11.168+0000] {logging_mixin.py:190} INFO - [2026-08-04T08:29:11.168+0000] {dag.py:3239} INFO - Sync 1 DAGs
[2026-08-04T08:29:11.196+0000] {logging_mixin.py:190} INFO - [2026-08-04T08:29:11.196+0000] {dag.py:4180} INFO - Setting next_dagrun for example_sla_dag to 2026-08-04 08:26:00+00:00, run_after=2026-08-04 08:28:00+00:00
[2026-08-04T08:29:11.215+0000] {processor.py:208} INFO - Processing /home/airflow/.local/lib/python3.12/site-packages/airflow/example_dags/example_sla_dag.py took 0.088 seconds
[2026-08-04T08:29:42.726+0000] {processor.py:186} INFO - Started process (PID=1158) to work on /home/airflow/.local/lib/python3.12/site-packages/airflow/example_dags/example_sla_dag.py
[2026-08-04T08:29:42.728+0000] {processor.py:914} INFO - Processing file /home/airflow/.local/lib/python3.12/site-packages/airflow/example_dags/example_sla_dag.py for tasks to queue
[2026-08-04T08:29:42.731+0000] {logging_mixin.py:190} INFO - [2026-08-04T08:29:42.731+0000] {dagbag.py:588} INFO - Filling up the DagBag from /home/airflow/.local/lib/python3.12/site-packages/airflow/example_dags/example_sla_dag.py
[2026-08-04T08:29:42.750+0000] {processor.py:925} INFO - DAG(s) 'example_sla_dag' retrieved from /home/airflow/.local/lib/python3.12/site-packages/airflow/example_dags/example_sla_dag.py
[2026-08-04T08:29:42.773+0000] {logging_mixin.py:190} INFO - [2026-08-04T08:29:42.772+0000] {dag.py:3239} INFO - Sync 1 DAGs
[2026-08-04T08:29:42.804+0000] {logging_mixin.py:190} INFO - [2026-08-04T08:29:42.804+0000] {dag.py:4180} INFO - Setting next_dagrun for example_sla_dag to 2026-08-04 08:26:00+00:00, run_after=2026-08-04 08:28:00+00:00
[2026-08-04T08:29:42.824+0000] {processor.py:208} INFO - Processing /home/airflow/.local/lib/python3.12/site-packages/airflow/example_dags/example_sla_dag.py took 0.106 seconds
[2026-08-04T08:30:14.112+0000] {processor.py:186} INFO - Started process (PID=1230) to work on /home/airflow/.local/lib/python3.12/site-packages/airflow/example_dags/example_sla_dag.py
[2026-08-04T08:30:14.113+0000] {processor.py:914} INFO - Processing file /home/airflow/.local/lib/python3.12/site-packages/airflow/example_dags/example_sla_dag.py for tasks to queue
[2026-08-04T08:30:14.117+0000] {logging_mixin.py:190} INFO - [2026-08-04T08:30:14.116+0000] {dagbag.py:588} INFO - Filling up the DagBag from /home/airflow/.local/lib/python3.12/site-packages/airflow/example_dags/example_sla_dag.py
[2026-08-04T08:30:14.134+0000] {processor.py:925} INFO - DAG(s) 'example_sla_dag' retrieved from /home/airflow/.local/lib/python3.12/site-packages/airflow/example_dags/example_sla_dag.py
[2026-08-04T08:30:14.159+0000] {logging_mixin.py:190} INFO - [2026-08-04T08:30:14.158+0000] {dag.py:3239} INFO - Sync 1 DAGs
[2026-08-04T08:30:14.192+0000] {logging_mixin.py:190} INFO - [2026-08-04T08:30:14.192+0000] {dag.py:4180} INFO - Setting next_dagrun for example_sla_dag to 2026-08-04 08:28:00+00:00, run_after=2026-08-04 08:30:00+00:00
[2026-08-04T08:30:14.213+0000] {processor.py:208} INFO - Processing /home/airflow/.local/lib/python3.12/site-packages/airflow/example_dags/example_sla_dag.py took 0.107 seconds
[2026-08-04T08:30:45.653+0000] {processor.py:186} INFO - Started process (PID=1295) to work on /home/airflow/.local/lib/python3.12/site-packages/airflow/example_dags/example_sla_dag.py
[2026-08-04T08:30:45.655+0000] {processor.py:914} INFO - Processing file /home/airflow/.local/lib/python3.12/site-packages/airflow/example_dags/example_sla_dag.py for tasks to queue
[2026-08-04T08:30:45.658+0000] {logging_mixin.py:190} INFO - [2026-08-04T08:30:45.658+0000] {dagbag.py:588} INFO - Filling up the DagBag from /home/airflow/.local/lib/python3.12/site-packages/airflow/example_dags/example_sla_dag.py
[2026-08-04T08:30:45.669+0000] {processor.py:925} INFO - DAG(s) 'example_sla_dag' retrieved from /home/airflow/.local/lib/python3.12/site-packages/airflow/example_dags/example_sla_dag.py
[2026-08-04T08:30:45.688+0000] {logging_mixin.py:190} INFO - [2026-08-04T08:30:45.688+0000] {dag.py:3239} INFO - Sync 1 DAGs
[2026-08-04T08:30:45.715+0000] {logging_mixin.py:190} INFO - [2026-08-04T08:30:45.714+0000] {dag.py:4180} INFO - Setting next_dagrun for example_sla_dag to 2026-08-04 08:28:00+00:00, run_after=2026-08-04 08:30:00+00:00
[2026-08-04T08:30:45.734+0000] {processor.py:208} INFO - Processing /home/airflow/.local/lib/python3.12/site-packages/airflow/example_dags/example_sla_dag.py took 0.087 seconds
[2026-08-04T08:31:17.073+0000] {processor.py:186} INFO - Started process (PID=1360) to work on /home/airflow/.local/lib/python3.12/site-packages/airflow/example_dags/example_sla_dag.py
[2026-08-04T08:31:17.074+0000] {processor.py:914} INFO - Processing file /home/airflow/.local/lib/python3.12/site-packages/airflow/example_dags/example_sla_dag.py for tasks to queue
[2026-08-04T08:31:17.077+0000] {logging_mixin.py:190} INFO - [2026-08-04T08:31:17.077+0000] {dagbag.py:588} INFO - Filling up the DagBag from /home/airflow/.local/lib/python3.12/site-packages/airflow/example_dags/example_sla_dag.py
[2026-08-04T08:31:17.089+0000] {processor.py:925} INFO - DAG(s) 'example_sla_dag' retrieved from /home/airflow/.local/lib/python3.12/site-packages/airflow/example_dags/example_sla_dag.py
[2026-08-04T08:31:17.115+0000] {logging_mixin.py:190} INFO - [2026-08-04T08:31:17.115+0000] {dag.py:3239} INFO - Sync 1 DAGs
[2026-08-04T08:31:17.144+0000] {logging_mixin.py:190} INFO - [2026-08-04T08:31:17.144+0000] {dag.py:4180} INFO - Setting next_dagrun for example_sla_dag to 2026-08-04 08:28:00+00:00, run_after=2026-08-04 08:30:00+00:00
[2026-08-04T08:31:17.164+0000] {processor.py:208} INFO - Processing /home/airflow/.local/lib/python3.12/site-packages/airflow/example_dags/example_sla_dag.py took 0.097 seconds
[2026-08-04T08:31:48.284+0000] {processor.py:186} INFO - Started process (PID=1425) to work on /home/airflow/.local/lib/python3.12/site-packages/airflow/example_dags/example_sla_dag.py
[2026-08-04T08:31:48.285+0000] {processor.py:914} INFO - Processing file /home/airflow/.local/lib/python3.12/site-packages/airflow/example_dags/example_sla_dag.py for tasks to queue
[2026-08-04T08:31:48.288+0000] {logging_mixin.py:190} INFO - [2026-08-04T08:31:48.287+0000] {dagbag.py:588} INFO - Filling up the DagBag from /home/airflow/.local/lib/python3.12/site-packages/airflow/example_dags/example_sla_dag.py
[2026-08-04T08:31:48.299+0000] {processor.py:925} INFO - DAG(s) 'example_sla_dag' retrieved from /home/airflow/.local/lib/python3.12/site-packages/airflow/example_dags/example_sla_dag.py
[2026-08-04T08:31:48.321+0000] {logging_mixin.py:190} INFO - [2026-08-04T08:31:48.321+0000] {dag.py:3239} INFO - Sync 1 DAGs
[2026-08-04T08:31:48.350+0000] {logging_mixin.py:190} INFO - [2026-08-04T08:31:48.350+0000] {dag.py:4180} INFO - Setting next_dagrun for example_sla_dag to 2026-08-04 08:28:00+00:00, run_after=2026-08-04 08:30:00+00:00
[2026-08-04T08:31:48.370+0000] {processor.py:208} INFO - Processing /home/airflow/.local/lib/python3.12/site-packages/airflow/example_dags/example_sla_dag.py took 0.093 seconds
[2026-08-04T08:32:19.783+0000] {processor.py:186} INFO - Started process (PID=1490) to work on /home/airflow/.local/lib/python3.12/site-packages/airflow/example_dags/example_sla_dag.py
[2026-08-04T08:32:19.784+0000] {processor.py:914} INFO - Processing file /home/airflow/.local/lib/python3.12/site-packages/airflow/example_dags/example_sla_dag.py for tasks to queue
[2026-08-04T08:32:19.787+0000] {logging_mixin.py:190} INFO - [2026-08-04T08:32:19.787+0000] {dagbag.py:588} INFO - Filling up the DagBag from /home/airflow/.local/lib/python3.12/site-packages/airflow/example_dags/example_sla_dag.py
[2026-08-04T08:32:19.798+0000] {processor.py:925} INFO - DAG(s) 'example_sla_dag' retrieved from /home/airflow/.local/lib/python3.12/site-packages/airflow/example_dags/example_sla_dag.py
[2026-08-04T08:32:19.819+0000] {logging_mixin.py:190} INFO - [2026-08-04T08:32:19.818+0000] {dag.py:3239} INFO - Sync 1 DAGs
[2026-08-04T08:32:19.849+0000] {logging_mixin.py:190} INFO - [2026-08-04T08:32:19.848+0000] {dag.py:4180} INFO - Setting next_dagrun for example_sla_dag to 2026-08-04 08:30:00+00:00, run_after=2026-08-04 08:32:00+00:00
[2026-08-04T08:32:19.869+0000] {processor.py:208} INFO - Processing /home/airflow/.local/lib/python3.12/site-packages/airflow/example_dags/example_sla_dag.py took 0.092 seconds
[2026-08-04T08:32:51.035+0000] {processor.py:186} INFO - Started process (PID=1555) to work on /home/airflow/.local/lib/python3.12/site-packages/airflow/example_dags/example_sla_dag.py
[2026-08-04T08:32:51.036+0000] {processor.py:914} INFO - Processing file /home/airflow/.local/lib/python3.12/site-packages/airflow/example_dags/example_sla_dag.py for tasks to queue
[2026-08-04T08:32:51.039+0000] {logging_mixin.py:190} INFO - [2026-08-04T08:32:51.039+0000] {dagbag.py:588} INFO - Filling up the DagBag from /home/airflow/.local/lib/python3.12/site-packages/airflow/example_dags/example_sla_dag.py
[2026-08-04T08:32:51.054+0000] {processor.py:925} INFO - DAG(s) 'example_sla_dag' retrieved from /home/airflow/.local/lib/python3.12/site-packages/airflow/example_dags/example_sla_dag.py
[2026-08-04T08:32:51.075+0000] {logging_mixin.py:190} INFO - [2026-08-04T08:32:51.075+0000] {dag.py:3239} INFO - Sync 1 DAGs
[2026-08-04T08:32:51.105+0000] {logging_mixin.py:190} INFO - [2026-08-04T08:32:51.105+0000] {dag.py:4180} INFO - Setting next_dagrun for example_sla_dag to 2026-08-04 08:30:00+00:00, run_after=2026-08-04 08:32:00+00:00
[2026-08-04T08:32:51.124+0000] {processor.py:208} INFO - Processing /home/airflow/.local/lib/python3.12/site-packages/airflow/example_dags/example_sla_dag.py took 0.095 seconds
[2026-08-04T08:33:22.574+0000] {processor.py:186} INFO - Started process (PID=1620) to work on /home/airflow/.local/lib/python3.12/site-packages/airflow/example_dags/example_sla_dag.py
[2026-08-04T08:33:22.576+0000] {processor.py:914} INFO - Processing file /home/airflow/.local/lib/python3.12/site-packages/airflow/example_dags/example_sla_dag.py for tasks to queue
[2026-08-04T08:33:22.579+0000] {logging_mixin.py:190} INFO - [2026-08-04T08:33:22.578+0000] {dagbag.py:588} INFO - Filling up the DagBag from /home/airflow/.local/lib/python3.12/site-packages/airflow/example_dags/example_sla_dag.py
[2026-08-04T08:33:22.590+0000] {processor.py:925} INFO - DAG(s) 'example_sla_dag' retrieved from /home/airflow/.local/lib/python3.12/site-packages/airflow/example_dags/example_sla_dag.py
[2026-08-04T08:33:22.610+0000] {logging_mixin.py:190} INFO - [2026-08-04T08:33:22.610+0000] {dag.py:3239} INFO - Sync 1 DAGs
[2026-08-04T08:33:22.643+0000] {logging_mixin.py:190} INFO - [2026-08-04T08:33:22.643+0000] {dag.py:4180} INFO - Setting next_dagrun for example_sla_dag to 2026-08-04 08:30:00+00:00, run_after=2026-08-04 08:32:00+00:00
[2026-08-04T08:33:22.663+0000] {processor.py:208} INFO - Processing /home/airflow/.local/lib/python3.12/site-packages/airflow/example_dags/example_sla_dag.py took 0.096 seconds
[2026-08-04T08:33:53.494+0000] {processor.py:186} INFO - Started process (PID=1685) to work on /home/airflow/.local/lib/python3.12/site-packages/airflow/example_dags/example_sla_dag.py
[2026-08-04T08:33:53.495+0000] {processor.py:914} INFO - Processing file /home/airflow/.local/lib/python3.12/site-packages/airflow/example_dags/example_sla_dag.py for tasks to queue
[2026-08-04T08:33:53.499+0000] {logging_mixin.py:190} INFO - [2026-08-04T08:33:53.498+0000] {dagbag.py:588} INFO - Filling up the DagBag from /home/airflow/.local/lib/python3.12/site-packages/airflow/example_dags/example_sla_dag.py
[2026-08-04T08:33:53.512+0000] {processor.py:925} INFO - DAG(s) 'example_sla_dag' retrieved from /home/airflow/.local/lib/python3.12/site-packages/airflow/example_dags/example_sla_dag.py
[2026-08-04T08:33:53.534+0000] {logging_mixin.py:190} INFO - [2026-08-04T08:33:53.534+0000] {dag.py:3239} INFO - Sync 1 DAGs
[2026-08-04T08:33:53.568+0000] {logging_mixin.py:190} INFO - [2026-08-04T08:33:53.568+0000] {dag.py:4180} INFO - Setting next_dagrun for example_sla_dag to 2026-08-04 08:30:00+00:00, run_after=2026-08-04 08:32:00+00:00
[2026-08-04T08:33:53.590+0000] {processor.py:208} INFO - Processing /home/airflow/.local/lib/python3.12/site-packages/airflow/example_dags/example_sla_dag.py took 0.104 seconds
[2026-08-04T08:34:24.996+0000] {processor.py:186} INFO - Started process (PID=1750) to work on /home/airflow/.local/lib/python3.12/site-packages/airflow/example_dags/example_sla_dag.py
[2026-08-04T08:34:24.997+0000] {processor.py:914} INFO - Processing file /home/airflow/.local/lib/python3.12/site-packages/airflow/example_dags/example_sla_dag.py for tasks to queue
[2026-08-04T08:34:25.000+0000] {logging_mixin.py:190} INFO - [2026-08-04T08:34:24.999+0000] {dagbag.py:588} INFO - Filling up the DagBag from /home/airflow/.local/lib/python3.12/site-packages/airflow/example_dags/example_sla_dag.py
[2026-08-04T08:34:25.011+0000] {processor.py:925} INFO - DAG(s) 'example_sla_dag' retrieved from /home/airflow/.local/lib/python3.12/site-packages/airflow/example_dags/example_sla_dag.py
[2026-08-04T08:34:25.033+0000] {logging_mixin.py:190} INFO - [2026-08-04T08:34:25.032+0000] {dag.py:3239} INFO - Sync 1 DAGs
[2026-08-04T08:34:25.060+0000] {logging_mixin.py:190} INFO - [2026-08-04T08:34:25.060+0000] {dag.py:4180} INFO - Setting next_dagrun for example_sla_dag to 2026-08-04 08:32:00+00:00, run_after=2026-08-04 08:34:00+00:00
[2026-08-04T08:34:25.080+0000] {processor.py:208} INFO - Processing /home/airflow/.local/lib/python3.12/site-packages/airflow/example_dags/example_sla_dag.py took 0.091 seconds
[2026-08-04T08:34:56.289+0000] {processor.py:186} INFO - Started process (PID=1815) to work on /home/airflow/.local/lib/python3.12/site-packages/airflow/example_dags/example_sla_dag.py
[2026-08-04T08:34:56.290+0000] {processor.py:914} INFO - Processing file /home/airflow/.local/lib/python3.12/site-packages/airflow/example_dags/example_sla_dag.py for tasks to queue
[2026-08-04T08:34:56.293+0000] {logging_mixin.py:190} INFO - [2026-08-04T08:34:56.293+0000] {dagbag.py:588} INFO - Filling up the DagBag from /home/airflow/.local/lib/python3.12/site-packages/airflow/example_dags/example_sla_dag.py
[2026-08-04T08:34:56.304+0000] {processor.py:925} INFO - DAG(s) 'example_sla_dag' retrieved from /home/airflow/.local/lib/python3.12/site-packages/airflow/example_dags/example_sla_dag.py
[2026-08-04T08:34:56.325+0000] {logging_mixin.py:190} INFO - [2026-08-04T08:34:56.325+0000] {dag.py:3239} INFO - Sync 1 DAGs
[2026-08-04T08:34:56.352+0000] {logging_mixin.py:190} INFO - [2026-08-04T08:34:56.352+0000] {dag.py:4180} INFO - Setting next_dagrun for example_sla_dag to 2026-08-04 08:32:00+00:00, run_after=2026-08-04 08:34:00+00:00
[2026-08-04T08:34:56.371+0000] {processor.py:208} INFO - Processing /home/airflow/.local/lib/python3.12/site-packages/airflow/example_dags/example_sla_dag.py took 0.088 seconds
[2026-08-04T08:35:27.504+0000] {processor.py:186} INFO - Started process (PID=1880) to work on /home/airflow/.local/lib/python3.12/site-packages/airflow/example_dags/example_sla_dag.py
[2026-08-04T08:35:27.505+0000] {processor.py:914} INFO - Processing file /home/airflow/.local/lib/python3.12/site-packages/airflow/example_dags/example_sla_dag.py for tasks to queue
[2026-08-04T08:35:27.509+0000] {logging_mixin.py:190} INFO - [2026-08-04T08:35:27.508+0000] {dagbag.py:588} INFO - Filling up the DagBag from /home/airflow/.local/lib/python3.12/site-packages/airflow/example_dags/example_sla_dag.py
[2026-08-04T08:35:27.522+0000] {processor.py:925} INFO - DAG(s) 'example_sla_dag' retrieved from /home/airflow/.local/lib/python3.12/site-packages/airflow/example_dags/example_sla_dag.py
[2026-08-04T08:35:27.546+0000] {logging_mixin.py:190} INFO - [2026-08-04T08:35:27.546+0000] {dag.py:3239} INFO - Sync 1 DAGs
[2026-08-04T08:35:27.575+0000] {logging_mixin.py:190} INFO - [2026-08-04T08:35:27.575+0000] {dag.py:4180} INFO - Setting next_dagrun for example_sla_dag to 2026-08-04 08:32:00+00:00, run_after=2026-08-04 08:34:00+00:00
[2026-08-04T08:35:27.594+0000] {processor.py:208} INFO - Processing /home/airflow/.local/lib/python3.12/site-packages/airflow/example_dags/example_sla_dag.py took 0.098 seconds
[2026-08-04T08:35:58.528+0000] {processor.py:186} INFO - Started process (PID=1948) to work on /home/airflow/.local/lib/python3.12/site-packages/airflow/example_dags/example_sla_dag.py
[2026-08-04T08:35:58.529+0000] {processor.py:914} INFO - Processing file /home/airflow/.local/lib/python3.12/site-packages/airflow/example_dags/example_sla_dag.py for tasks to queue
[2026-08-04T08:35:58.533+0000] {logging_mixin.py:190} INFO - [2026-08-04T08:35:58.533+0000] {dagbag.py:588} INFO - Filling up the DagBag from /home/airflow/.local/lib/python3.12/site-packages/airflow/example_dags/example_sla_dag.py
[2026-08-04T08:35:58.546+0000] {processor.py:925} INFO - DAG(s) 'example_sla_dag' retrieved from /home/airflow/.local/lib/python3.12/site-packages/airflow/example_dags/example_sla_dag.py
[2026-08-04T08:35:58.569+0000] {logging_mixin.py:190} INFO - [2026-08-04T08:35:58.568+0000] {dag.py:3239} INFO - Sync 1 DAGs
[2026-08-04T08:35:58.614+0000] {logging_mixin.py:190} INFO - [2026-08-04T08:35:58.614+0000] {dag.py:4180} INFO - Setting next_dagrun for example_sla_dag to 2026-08-04 08:32:00+00:00, run_after=2026-08-04 08:34:00+00:00
[2026-08-04T08:35:58.652+0000] {processor.py:208} INFO - Processing /home/airflow/.local/lib/python3.12/site-packages/airflow/example_dags/example_sla_dag.py took 0.129 seconds
[2026-08-04T08:36:30.230+0000] {processor.py:186} INFO - Started process (PID=2013) to work on /home/airflow/.local/lib/python3.12/site-packages/airflow/example_dags/example_sla_dag.py
[2026-08-04T08:36:30.231+0000] {processor.py:914} INFO - Processing file /home/airflow/.local/lib/python3.12/site-packages/airflow/example_dags/example_sla_dag.py for tasks to queue
[2026-08-04T08:36:30.234+0000] {logging_mixin.py:190} INFO - [2026-08-04T08:36:30.234+0000] {dagbag.py:588} INFO - Filling up the DagBag from /home/airflow/.local/lib/python3.12/site-packages/airflow/example_dags/example_sla_dag.py
[2026-08-04T08:36:30.254+0000] {processor.py:925} INFO - DAG(s) 'example_sla_dag' retrieved from /home/airflow/.local/lib/python3.12/site-packages/airflow/example_dags/example_sla_dag.py
[2026-08-04T08:36:30.276+0000] {logging_mixin.py:190} INFO - [2026-08-04T08:36:30.276+0000] {dag.py:3239} INFO - Sync 1 DAGs
[2026-08-04T08:36:30.306+0000] {logging_mixin.py:190} INFO - [2026-08-04T08:36:30.306+0000] {dag.py:4180} INFO - Setting next_dagrun for example_sla_dag to 2026-08-04 08:34:00+00:00, run_after=2026-08-04 08:36:00+00:00
[2026-08-04T08:36:30.328+0000] {processor.py:208} INFO - Processing /home/airflow/.local/lib/python3.12/site-packages/airflow/example_dags/example_sla_dag.py took 0.104 seconds
[2026-08-04T08:37:01.462+0000] {processor.py:186} INFO - Started process (PID=2081) to work on /home/airflow/.local/lib/python3.12/site-packages/airflow/example_dags/example_sla_dag.py
[2026-08-04T08:37:01.463+0000] {processor.py:914} INFO - Processing file /home/airflow/.local/lib/python3.12/site-packages/airflow/example_dags/example_sla_dag.py for tasks to queue
[2026-08-04T08:37:01.466+0000] {logging_mixin.py:190} INFO - [2026-08-04T08:37:01.466+0000] {dagbag.py:588} INFO - Filling up the DagBag from /home/airflow/.local/lib/python3.12/site-packages/airflow/example_dags/example_sla_dag.py
[2026-08-04T08:37:01.480+0000] {processor.py:925} INFO - DAG(s) 'example_sla_dag' retrieved from /home/airflow/.local/lib/python3.12/site-packages/airflow/example_dags/example_sla_dag.py
[2026-08-04T08:37:01.502+0000] {logging_mixin.py:190} INFO - [2026-08-04T08:37:01.502+0000] {dag.py:3239} INFO - Sync 1 DAGs
[2026-08-04T08:37:01.532+0000] {logging_mixin.py:190} INFO - [2026-08-04T08:37:01.531+0000] {dag.py:4180} INFO - Setting next_dagrun for example_sla_dag to 2026-08-04 08:34:00+00:00, run_after=2026-08-04 08:36:00+00:00
[2026-08-04T08:37:01.554+0000] {processor.py:208} INFO - Processing /home/airflow/.local/lib/python3.12/site-packages/airflow/example_dags/example_sla_dag.py took 0.098 seconds
[2026-08-04T08:37:32.273+0000] {processor.py:186} INFO - Started process (PID=2146) to work on /home/airflow/.local/lib/python3.12/site-packages/airflow/example_dags/example_sla_dag.py
[2026-08-04T08:37:32.275+0000] {processor.py:914} INFO - Processing file /home/airflow/.local/lib/python3.12/site-packages/airflow/example_dags/example_sla_dag.py for tasks to queue
[2026-08-04T08:37:32.278+0000] {logging_mixin.py:190} INFO - [2026-08-04T08:37:32.277+0000] {dagbag.py:588} INFO - Filling up the DagBag from /home/airflow/.local/lib/python3.12/site-packages/airflow/example_dags/example_sla_dag.py
[2026-08-04T08:37:32.290+0000] {processor.py:925} INFO - DAG(s) 'example_sla_dag' retrieved from /home/airflow/.local/lib/python3.12/site-packages/airflow/example_dags/example_sla_dag.py
[2026-08-04T08:37:32.313+0000] {logging_mixin.py:190} INFO - [2026-08-04T08:37:32.312+0000] {dag.py:3239} INFO - Sync 1 DAGs
[2026-08-04T08:37:32.343+0000] {logging_mixin.py:190} INFO - [2026-08-04T08:37:32.343+0000] {dag.py:4180} INFO - Setting next_dagrun for example_sla_dag to 2026-08-04 08:34:00+00:00, run_after=2026-08-04 08:36:00+00:00
[2026-08-04T08:37:32.363+0000] {processor.py:208} INFO - Processing /home/airflow/.local/lib/python3.12/site-packages/airflow/example_dags/example_sla_dag.py took 0.097 seconds
[2026-08-04T08:38:02.934+0000] {processor.py:186} INFO - Started process (PID=2211) to work on /home/airflow/.local/lib/python3.12/site-packages/airflow/example_dags/example_sla_dag.py
[2026-08-04T08:38:02.936+0000] {processor.py:914} INFO - Processing file /home/airflow/.local/lib/python3.12/site-packages/airflow/example_dags/example_sla_dag.py for tasks to queue
[2026-08-04T08:38:02.938+0000] {logging_mixin.py:190} INFO - [2026-08-04T08:38:02.938+0000] {dagbag.py:588} INFO - Filling up the DagBag from /home/airflow/.local/lib/python3.12/site-packages/airflow/example_dags/example_sla_dag.py
[2026-08-04T08:38:02.949+0000] {processor.py:925} INFO - DAG(s) 'example_sla_dag' retrieved from /home/airflow/.local/lib/python3.12/site-packages/airflow/example_dags/example_sla_dag.py
[2026-08-04T08:38:02.971+0000] {logging_mixin.py:190} INFO - [2026-08-04T08:38:02.971+0000] {dag.py:3239} INFO - Sync 1 DAGs
[2026-08-04T08:38:03.001+0000] {logging_mixin.py:190} INFO - [2026-08-04T08:38:03.001+0000] {dag.py:4180} INFO - Setting next_dagrun for example_sla_dag to 2026-08-04 08:36:00+00:00, run_after=2026-08-04 08:38:00+00:00
[2026-08-04T08:38:03.021+0000] {processor.py:208} INFO - Processing /home/airflow/.local/lib/python3.12/site-packages/airflow/example_dags/example_sla_dag.py took 0.093 seconds
[2026-08-04T08:38:33.453+0000] {processor.py:186} INFO - Started process (PID=2275) to work on /home/airflow/.local/lib/python3.12/site-packages/airflow/example_dags/example_sla_dag.py
[2026-08-04T08:38:33.454+0000] {processor.py:914} INFO - Processing file /home/airflow/.local/lib/python3.12/site-packages/airflow/example_dags/example_sla_dag.py for tasks to queue
[2026-08-04T08:38:33.457+0000] {logging_mixin.py:190} INFO - [2026-08-04T08:38:33.457+0000] {dagbag.py:588} INFO - Filling up the DagBag from /home/airflow/.local/lib/python3.12/site-packages/airflow/example_dags/example_sla_dag.py
[2026-08-04T08:38:33.468+0000] {processor.py:925} INFO - DAG(s) 'example_sla_dag' retrieved from /home/airflow/.local/lib/python3.12/site-packages/airflow/example_dags/example_sla_dag.py
[2026-08-04T08:38:33.488+0000] {logging_mixin.py:190} INFO - [2026-08-04T08:38:33.488+0000] {dag.py:3239} INFO - Sync 1 DAGs
[2026-08-04T08:38:33.517+0000] {logging_mixin.py:190} INFO - [2026-08-04T08:38:33.517+0000] {dag.py:4180} INFO - Setting next_dagrun for example_sla_dag to 2026-08-04 08:36:00+00:00, run_after=2026-08-04 08:38:00+00:00
[2026-08-04T08:38:33.538+0000] {processor.py:208} INFO - Processing /home/airflow/.local/lib/python3.12/site-packages/airflow/example_dags/example_sla_dag.py took 0.092 seconds
[2026-08-04T08:39:04.708+0000] {processor.py:186} INFO - Started process (PID=2342) to work on /home/airflow/.local/lib/python3.12/site-packages/airflow/example_dags/example_sla_dag.py
[2026-08-04T08:39:04.710+0000] {processor.py:914} INFO - Processing file /home/airflow/.local/lib/python3.12/site-packages/airflow/example_dags/example_sla_dag.py for tasks to queue
[2026-08-04T08:39:04.712+0000] {logging_mixin.py:190} INFO - [2026-08-04T08:39:04.712+0000] {dagbag.py:588} INFO - Filling up the DagBag from /home/airflow/.local/lib/python3.12/site-packages/airflow/example_dags/example_sla_dag.py
[2026-08-04T08:39:04.723+0000] {processor.py:925} INFO - DAG(s) 'example_sla_dag' retrieved from /home/airflow/.local/lib/python3.12/site-packages/airflow/example_dags/example_sla_dag.py
[2026-08-04T08:39:04.742+0000] {logging_mixin.py:190} INFO - [2026-08-04T08:39:04.742+0000] {dag.py:3239} INFO - Sync 1 DAGs
[2026-08-04T08:39:04.768+0000] {logging_mixin.py:190} INFO - [2026-08-04T08:39:04.768+0000] {dag.py:4180} INFO - Setting next_dagrun for example_sla_dag to 2026-08-04 08:36:00+00:00, run_after=2026-08-04 08:38:00+00:00
[2026-08-04T08:39:04.787+0000] {processor.py:208} INFO - Processing /home/airflow/.local/lib/python3.12/site-packages/airflow/example_dags/example_sla_dag.py took 0.085 seconds
[2026-08-04T08:39:36.124+0000] {processor.py:186} INFO - Started process (PID=2409) to work on /home/airflow/.local/lib/python3.12/site-packages/airflow/example_dags/example_sla_dag.py
[2026-08-04T08:39:36.125+0000] {processor.py:914} INFO - Processing file /home/airflow/.local/lib/python3.12/site-packages/airflow/example_dags/example_sla_dag.py for tasks to queue
[2026-08-04T08:39:36.128+0000] {logging_mixin.py:190} INFO - [2026-08-04T08:39:36.128+0000] {dagbag.py:588} INFO - Filling up the DagBag from /home/airflow/.local/lib/python3.12/site-packages/airflow/example_dags/example_sla_dag.py
[2026-08-04T08:39:36.139+0000] {processor.py:925} INFO - DAG(s) 'example_sla_dag' retrieved from /home/airflow/.local/lib/python3.12/site-packages/airflow/example_dags/example_sla_dag.py
[2026-08-04T08:39:36.159+0000] {logging_mixin.py:190} INFO - [2026-08-04T08:39:36.159+0000] {dag.py:3239} INFO - Sync 1 DAGs
[2026-08-04T08:39:36.187+0000] {logging_mixin.py:190} INFO - [2026-08-04T08:39:36.187+0000] {dag.py:4180} INFO - Setting next_dagrun for example_sla_dag to 2026-08-04 08:36:00+00:00, run_after=2026-08-04 08:38:00+00:00
[2026-08-04T08:39:36.208+0000] {processor.py:208} INFO - Processing /home/airflow/.local/lib/python3.12/site-packages/airflow/example_dags/example_sla_dag.py took 0.089 seconds
[2026-08-04T08:40:06.951+0000] {processor.py:186} INFO - Started process (PID=2474) to work on /home/airflow/.local/lib/python3.12/site-packages/airflow/example_dags/example_sla_dag.py
[2026-08-04T08:40:06.952+0000] {processor.py:914} INFO - Processing file /home/airflow/.local/lib/python3.12/site-packages/airflow/example_dags/example_sla_dag.py for tasks to queue
[2026-08-04T08:40:06.955+0000] {logging_mixin.py:190} INFO - [2026-08-04T08:40:06.955+0000] {dagbag.py:588} INFO - Filling up the DagBag from /home/airflow/.local/lib/python3.12/site-packages/airflow/example_dags/example_sla_dag.py
[2026-08-04T08:40:06.966+0000] {processor.py:925} INFO - DAG(s) 'example_sla_dag' retrieved from /home/airflow/.local/lib/python3.12/site-packages/airflow/example_dags/example_sla_dag.py
[2026-08-04T08:40:06.984+0000] {logging_mixin.py:190} INFO - [2026-08-04T08:40:06.984+0000] {dag.py:3239} INFO - Sync 1 DAGs
[2026-08-04T08:40:07.012+0000] {logging_mixin.py:190} INFO - [2026-08-04T08:40:07.012+0000] {dag.py:4180} INFO - Setting next_dagrun for example_sla_dag to 2026-08-04 08:38:00+00:00, run_after=2026-08-04 08:40:00+00:00
[2026-08-04T08:40:07.033+0000] {processor.py:208} INFO - Processing /home/airflow/.local/lib/python3.12/site-packages/airflow/example_dags/example_sla_dag.py took 0.088 seconds
[2026-08-04T08:40:38.355+0000] {processor.py:186} INFO - Started process (PID=2545) to work on /home/airflow/.local/lib/python3.12/site-packages/airflow/example_dags/example_sla_dag.py
[2026-08-04T08:40:38.356+0000] {processor.py:914} INFO - Processing file /home/airflow/.local/lib/python3.12/site-packages/airflow/example_dags/example_sla_dag.py for tasks to queue
[2026-08-04T08:40:38.359+0000] {logging_mixin.py:190} INFO - [2026-08-04T08:40:38.359+0000] {dagbag.py:588} INFO - Filling up the DagBag from /home/airflow/.local/lib/python3.12/site-packages/airflow/example_dags/example_sla_dag.py
[2026-08-04T08:40:38.370+0000] {processor.py:925} INFO - DAG(s) 'example_sla_dag' retrieved from /home/airflow/.local/lib/python3.12/site-packages/airflow/example_dags/example_sla_dag.py
[2026-08-04T08:40:38.391+0000] {logging_mixin.py:190} INFO - [2026-08-04T08:40:38.391+0000] {dag.py:3239} INFO - Sync 1 DAGs
[2026-08-04T08:40:38.422+0000] {logging_mixin.py:190} INFO - [2026-08-04T08:40:38.421+0000] {dag.py:4180} INFO - Setting next_dagrun for example_sla_dag to 2026-08-04 08:38:00+00:00, run_after=2026-08-04 08:40:00+00:00
[2026-08-04T08:40:38.441+0000] {processor.py:208} INFO - Processing /home/airflow/.local/lib/python3.12/site-packages/airflow/example_dags/example_sla_dag.py took 0.093 seconds
[2026-08-04T08:41:09.506+0000] {processor.py:186} INFO - Started process (PID=2611) to work on /home/airflow/.local/lib/python3.12/site-packages/airflow/example_dags/example_sla_dag.py
[2026-08-04T08:41:09.507+0000] {processor.py:914} INFO - Processing file /home/airflow/.local/lib/python3.12/site-packages/airflow/example_dags/example_sla_dag.py for tasks to queue
[2026-08-04T08:41:09.511+0000] {logging_mixin.py:190} INFO - [2026-08-04T08:41:09.510+0000] {dagbag.py:588} INFO - Filling up the DagBag from /home/airflow/.local/lib/python3.12/site-packages/airflow/example_dags/example_sla_dag.py
[2026-08-04T08:41:09.523+0000] {processor.py:925} INFO - DAG(s) 'example_sla_dag' retrieved from /home/airflow/.local/lib/python3.12/site-packages/airflow/example_dags/example_sla_dag.py
[2026-08-04T08:41:09.545+0000] {logging_mixin.py:190} INFO - [2026-08-04T08:41:09.545+0000] {dag.py:3239} INFO - Sync 1 DAGs
[2026-08-04T08:41:09.577+0000] {logging_mixin.py:190} INFO - [2026-08-04T08:41:09.577+0000] {dag.py:4180} INFO - Setting next_dagrun for example_sla_dag to 2026-08-04 08:38:00+00:00, run_after=2026-08-04 08:40:00+00:00
[2026-08-04T08:41:09.598+0000] {processor.py:208} INFO - Processing /home/airflow/.local/lib/python3.12/site-packages/airflow/example_dags/example_sla_dag.py took 0.098 seconds
[2026-08-04T08:41:42.057+0000] {processor.py:186} INFO - Started process (PID=2678) to work on /home/airflow/.local/lib/python3.12/site-packages/airflow/example_dags/example_sla_dag.py
[2026-08-04T08:41:42.059+0000] {processor.py:914} INFO - Processing file /home/airflow/.local/lib/python3.12/site-packages/airflow/example_dags/example_sla_dag.py for tasks to queue
[2026-08-04T08:41:42.063+0000] {logging_mixin.py:190} INFO - [2026-08-04T08:41:42.062+0000] {dagbag.py:588} INFO - Filling up the DagBag from /home/airflow/.local/lib/python3.12/site-packages/airflow/example_dags/example_sla_dag.py
[2026-08-04T08:41:42.079+0000] {processor.py:925} INFO - DAG(s) 'example_sla_dag' retrieved from /home/airflow/.local/lib/python3.12/site-packages/airflow/example_dags/example_sla_dag.py
[2026-08-04T08:41:42.099+0000] {logging_mixin.py:190} INFO - [2026-08-04T08:41:42.099+0000] {dag.py:3239} INFO - Sync 1 DAGs
[2026-08-04T08:41:42.131+0000] {logging_mixin.py:190} INFO - [2026-08-04T08:41:42.131+0000] {dag.py:4180} INFO - Setting next_dagrun for example_sla_dag to 2026-08-04 08:38:00+00:00, run_after=2026-08-04 08:40:00+00:00
[2026-08-04T08:41:42.150+0000] {processor.py:208} INFO - Processing /home/airflow/.local/lib/python3.12/site-packages/airflow/example_dags/example_sla_dag.py took 0.100 seconds
