[2026-08-04T07:47:07.325+0000] {processor.py:186} INFO - Started process (PID=76) to work on /home/airflow/.local/lib/python3.12/site-packages/airflow/example_dags/example_task_group.py
[2026-08-04T07:47:07.326+0000] {processor.py:914} INFO - Processing file /home/airflow/.local/lib/python3.12/site-packages/airflow/example_dags/example_task_group.py for tasks to queue
[2026-08-04T07:47:07.330+0000] {logging_mixin.py:190} INFO - [2026-08-04T07:47:07.330+0000] {dagbag.py:588} INFO - Filling up the DagBag from /home/airflow/.local/lib/python3.12/site-packages/airflow/example_dags/example_task_group.py
[2026-08-04T07:47:07.352+0000] {processor.py:925} INFO - DAG(s) 'example_task_group' retrieved from /home/airflow/.local/lib/python3.12/site-packages/airflow/example_dags/example_task_group.py
[2026-08-04T07:47:07.462+0000] {logging_mixin.py:190} INFO - [2026-08-04T07:47:07.461+0000] {dag.py:3239} INFO - Sync 1 DAGs
[2026-08-04T07:47:07.537+0000] {logging_mixin.py:190} INFO - [2026-08-04T07:47:07.536+0000] {dag.py:4180} INFO - Setting next_dagrun for example_task_group to None, run_after=None
[2026-08-04T07:47:07.597+0000] {processor.py:208} INFO - Processing /home/airflow/.local/lib/python3.12/site-packages/airflow/example_dags/example_task_group.py took 0.304 seconds
[2026-08-04T08:21:15.058+0000] {processor.py:186} INFO - Started process (PID=76) to work on /home/airflow/.local/lib/python3.12/site-packages/airflow/example_dags/example_task_group.py
[2026-08-04T08:21:15.060+0000] {processor.py:914} INFO - Processing file /home/airflow/.local/lib/python3.12/site-packages/airflow/example_dags/example_task_group.py for tasks to queue
[2026-08-04T08:21:15.065+0000] {logging_mixin.py:190} INFO - [2026-08-04T08:21:15.064+0000] {dagbag.py:588} INFO - Filling up the DagBag from /home/airflow/.local/lib/python3.12/site-packages/airflow/example_dags/example_task_group.py
[2026-08-04T08:21:15.086+0000] {processor.py:925} INFO - DAG(s) 'example_task_group' retrieved from /home/airflow/.local/lib/python3.12/site-packages/airflow/example_dags/example_task_group.py
[2026-08-04T08:21:15.144+0000] {logging_mixin.py:190} INFO - [2026-08-04T08:21:15.144+0000] {dag.py:3239} INFO - Sync 1 DAGs
[2026-08-04T08:21:15.176+0000] {logging_mixin.py:190} INFO - [2026-08-04T08:21:15.176+0000] {dag.py:4180} INFO - Setting next_dagrun for example_task_group to None, run_after=None
[2026-08-04T08:21:15.206+0000] {processor.py:208} INFO - Processing /home/airflow/.local/lib/python3.12/site-packages/airflow/example_dags/example_task_group.py took 0.160 seconds
[2026-08-04T08:21:45.495+0000] {processor.py:186} INFO - Started process (PID=141) to work on /home/airflow/.local/lib/python3.12/site-packages/airflow/example_dags/example_task_group.py
[2026-08-04T08:21:45.497+0000] {processor.py:914} INFO - Processing file /home/airflow/.local/lib/python3.12/site-packages/airflow/example_dags/example_task_group.py for tasks to queue
[2026-08-04T08:21:45.500+0000] {logging_mixin.py:190} INFO - [2026-08-04T08:21:45.499+0000] {dagbag.py:588} INFO - Filling up the DagBag from /home/airflow/.local/lib/python3.12/site-packages/airflow/example_dags/example_task_group.py
[2026-08-04T08:21:45.510+0000] {processor.py:925} INFO - DAG(s) 'example_task_group' retrieved from /home/airflow/.local/lib/python3.12/site-packages/airflow/example_dags/example_task_group.py
[2026-08-04T08:21:45.530+0000] {logging_mixin.py:190} INFO - [2026-08-04T08:21:45.530+0000] {dag.py:3239} INFO - Sync 1 DAGs
[2026-08-04T08:21:45.545+0000] {logging_mixin.py:190} INFO - [2026-08-04T08:21:45.545+0000] {dag.py:4180} INFO - Setting next_dagrun for example_task_group to None, run_after=None
[2026-08-04T08:21:45.565+0000] {processor.py:208} INFO - Processing /home/airflow/.local/lib/python3.12/site-packages/airflow/example_dags/example_task_group.py took 0.077 seconds
[2026-08-04T08:22:15.700+0000] {processor.py:186} INFO - Started process (PID=206) to work on /home/airflow/.local/lib/python3.12/site-packages/airflow/example_dags/example_task_group.py
[2026-08-04T08:22:15.702+0000] {processor.py:914} INFO - Processing file /home/airflow/.local/lib/python3.12/site-packages/airflow/example_dags/example_task_group.py for tasks to queue
[2026-08-04T08:22:15.705+0000] {logging_mixin.py:190} INFO - [2026-08-04T08:22:15.705+0000] {dagbag.py:588} INFO - Filling up the DagBag from /home/airflow/.local/lib/python3.12/site-packages/airflow/example_dags/example_task_group.py
[2026-08-04T08:22:15.717+0000] {processor.py:925} INFO - DAG(s) 'example_task_group' retrieved from /home/airflow/.local/lib/python3.12/site-packages/airflow/example_dags/example_task_group.py
[2026-08-04T08:22:15.743+0000] {logging_mixin.py:190} INFO - [2026-08-04T08:22:15.743+0000] {dag.py:3239} INFO - Sync 1 DAGs
[2026-08-04T08:22:15.761+0000] {logging_mixin.py:190} INFO - [2026-08-04T08:22:15.761+0000] {dag.py:4180} INFO - Setting next_dagrun for example_task_group to None, run_after=None
[2026-08-04T08:22:15.790+0000] {processor.py:208} INFO - Processing /home/airflow/.local/lib/python3.12/site-packages/airflow/example_dags/example_task_group.py took 0.097 seconds
[2026-08-04T08:22:46.420+0000] {processor.py:186} INFO - Started process (PID=271) to work on /home/airflow/.local/lib/python3.12/site-packages/airflow/example_dags/example_task_group.py
[2026-08-04T08:22:46.421+0000] {processor.py:914} INFO - Processing file /home/airflow/.local/lib/python3.12/site-packages/airflow/example_dags/example_task_group.py for tasks to queue
[2026-08-04T08:22:46.425+0000] {logging_mixin.py:190} INFO - [2026-08-04T08:22:46.424+0000] {dagbag.py:588} INFO - Filling up the DagBag from /home/airflow/.local/lib/python3.12/site-packages/airflow/example_dags/example_task_group.py
[2026-08-04T08:22:46.436+0000] {processor.py:925} INFO - DAG(s) 'example_task_group' retrieved from /home/airflow/.local/lib/python3.12/site-packages/airflow/example_dags/example_task_group.py
[2026-08-04T08:22:46.459+0000] {logging_mixin.py:190} INFO - [2026-08-04T08:22:46.459+0000] {dag.py:3239} INFO - Sync 1 DAGs
[2026-08-04T08:22:46.475+0000] {logging_mixin.py:190} INFO - [2026-08-04T08:22:46.475+0000] {dag.py:4180} INFO - Setting next_dagrun for example_task_group to None, run_after=None
[2026-08-04T08:22:46.497+0000] {processor.py:208} INFO - Processing /home/airflow/.local/lib/python3.12/site-packages/airflow/example_dags/example_task_group.py took 0.084 seconds
[2026-08-04T08:23:17.240+0000] {processor.py:186} INFO - Started process (PID=336) to work on /home/airflow/.local/lib/python3.12/site-packages/airflow/example_dags/example_task_group.py
[2026-08-04T08:23:17.241+0000] {processor.py:914} INFO - Processing file /home/airflow/.local/lib/python3.12/site-packages/airflow/example_dags/example_task_group.py for tasks to queue
[2026-08-04T08:23:17.245+0000] {logging_mixin.py:190} INFO - [2026-08-04T08:23:17.245+0000] {dagbag.py:588} INFO - Filling up the DagBag from /home/airflow/.local/lib/python3.12/site-packages/airflow/example_dags/example_task_group.py
[2026-08-04T08:23:17.258+0000] {processor.py:925} INFO - DAG(s) 'example_task_group' retrieved from /home/airflow/.local/lib/python3.12/site-packages/airflow/example_dags/example_task_group.py
[2026-08-04T08:23:17.291+0000] {logging_mixin.py:190} INFO - [2026-08-04T08:23:17.291+0000] {dag.py:3239} INFO - Sync 1 DAGs
[2026-08-04T08:23:17.319+0000] {logging_mixin.py:190} INFO - [2026-08-04T08:23:17.318+0000] {dag.py:4180} INFO - Setting next_dagrun for example_task_group to None, run_after=None
[2026-08-04T08:23:17.352+0000] {processor.py:208} INFO - Processing /home/airflow/.local/lib/python3.12/site-packages/airflow/example_dags/example_task_group.py took 0.120 seconds
[2026-08-04T08:23:47.822+0000] {processor.py:186} INFO - Started process (PID=401) to work on /home/airflow/.local/lib/python3.12/site-packages/airflow/example_dags/example_task_group.py
[2026-08-04T08:23:47.824+0000] {processor.py:914} INFO - Processing file /home/airflow/.local/lib/python3.12/site-packages/airflow/example_dags/example_task_group.py for tasks to queue
[2026-08-04T08:23:47.828+0000] {logging_mixin.py:190} INFO - [2026-08-04T08:23:47.827+0000] {dagbag.py:588} INFO - Filling up the DagBag from /home/airflow/.local/lib/python3.12/site-packages/airflow/example_dags/example_task_group.py
[2026-08-04T08:23:47.840+0000] {processor.py:925} INFO - DAG(s) 'example_task_group' retrieved from /home/airflow/.local/lib/python3.12/site-packages/airflow/example_dags/example_task_group.py
[2026-08-04T08:23:47.874+0000] {logging_mixin.py:190} INFO - [2026-08-04T08:23:47.874+0000] {dag.py:3239} INFO - Sync 1 DAGs
[2026-08-04T08:23:47.896+0000] {logging_mixin.py:190} INFO - [2026-08-04T08:23:47.896+0000] {dag.py:4180} INFO - Setting next_dagrun for example_task_group to None, run_after=None
[2026-08-04T08:23:47.926+0000] {processor.py:208} INFO - Processing /home/airflow/.local/lib/python3.12/site-packages/airflow/example_dags/example_task_group.py took 0.111 seconds
[2026-08-04T08:24:18.465+0000] {processor.py:186} INFO - Started process (PID=466) to work on /home/airflow/.local/lib/python3.12/site-packages/airflow/example_dags/example_task_group.py
[2026-08-04T08:24:18.466+0000] {processor.py:914} INFO - Processing file /home/airflow/.local/lib/python3.12/site-packages/airflow/example_dags/example_task_group.py for tasks to queue
[2026-08-04T08:24:18.469+0000] {logging_mixin.py:190} INFO - [2026-08-04T08:24:18.468+0000] {dagbag.py:588} INFO - Filling up the DagBag from /home/airflow/.local/lib/python3.12/site-packages/airflow/example_dags/example_task_group.py
[2026-08-04T08:24:18.478+0000] {processor.py:925} INFO - DAG(s) 'example_task_group' retrieved from /home/airflow/.local/lib/python3.12/site-packages/airflow/example_dags/example_task_group.py
[2026-08-04T08:24:18.501+0000] {logging_mixin.py:190} INFO - [2026-08-04T08:24:18.500+0000] {dag.py:3239} INFO - Sync 1 DAGs
[2026-08-04T08:24:18.516+0000] {logging_mixin.py:190} INFO - [2026-08-04T08:24:18.516+0000] {dag.py:4180} INFO - Setting next_dagrun for example_task_group to None, run_after=None
[2026-08-04T08:24:18.537+0000] {processor.py:208} INFO - Processing /home/airflow/.local/lib/python3.12/site-packages/airflow/example_dags/example_task_group.py took 0.078 seconds
[2026-08-04T08:24:48.855+0000] {processor.py:186} INFO - Started process (PID=531) to work on /home/airflow/.local/lib/python3.12/site-packages/airflow/example_dags/example_task_group.py
[2026-08-04T08:24:48.856+0000] {processor.py:914} INFO - Processing file /home/airflow/.local/lib/python3.12/site-packages/airflow/example_dags/example_task_group.py for tasks to queue
[2026-08-04T08:24:48.859+0000] {logging_mixin.py:190} INFO - [2026-08-04T08:24:48.859+0000] {dagbag.py:588} INFO - Filling up the DagBag from /home/airflow/.local/lib/python3.12/site-packages/airflow/example_dags/example_task_group.py
[2026-08-04T08:24:48.869+0000] {processor.py:925} INFO - DAG(s) 'example_task_group' retrieved from /home/airflow/.local/lib/python3.12/site-packages/airflow/example_dags/example_task_group.py
[2026-08-04T08:24:48.890+0000] {logging_mixin.py:190} INFO - [2026-08-04T08:24:48.890+0000] {dag.py:3239} INFO - Sync 1 DAGs
[2026-08-04T08:24:48.906+0000] {logging_mixin.py:190} INFO - [2026-08-04T08:24:48.906+0000] {dag.py:4180} INFO - Setting next_dagrun for example_task_group to None, run_after=None
[2026-08-04T08:24:48.928+0000] {processor.py:208} INFO - Processing /home/airflow/.local/lib/python3.12/site-packages/airflow/example_dags/example_task_group.py took 0.080 seconds
[2026-08-04T08:25:19.035+0000] {processor.py:186} INFO - Started process (PID=596) to work on /home/airflow/.local/lib/python3.12/site-packages/airflow/example_dags/example_task_group.py
[2026-08-04T08:25:19.037+0000] {processor.py:914} INFO - Processing file /home/airflow/.local/lib/python3.12/site-packages/airflow/example_dags/example_task_group.py for tasks to queue
[2026-08-04T08:25:19.040+0000] {logging_mixin.py:190} INFO - [2026-08-04T08:25:19.039+0000] {dagbag.py:588} INFO - Filling up the DagBag from /home/airflow/.local/lib/python3.12/site-packages/airflow/example_dags/example_task_group.py
[2026-08-04T08:25:19.049+0000] {processor.py:925} INFO - DAG(s) 'example_task_group' retrieved from /home/airflow/.local/lib/python3.12/site-packages/airflow/example_dags/example_task_group.py
[2026-08-04T08:25:19.069+0000] {logging_mixin.py:190} INFO - [2026-08-04T08:25:19.069+0000] {dag.py:3239} INFO - Sync 1 DAGs
[2026-08-04T08:25:19.084+0000] {logging_mixin.py:190} INFO - [2026-08-04T08:25:19.084+0000] {dag.py:4180} INFO - Setting next_dagrun for example_task_group to None, run_after=None
[2026-08-04T08:25:19.107+0000] {processor.py:208} INFO - Processing /home/airflow/.local/lib/python3.12/site-packages/airflow/example_dags/example_task_group.py took 0.078 seconds
[2026-08-04T08:25:50.167+0000] {processor.py:186} INFO - Started process (PID=661) to work on /home/airflow/.local/lib/python3.12/site-packages/airflow/example_dags/example_task_group.py
[2026-08-04T08:25:50.169+0000] {processor.py:914} INFO - Processing file /home/airflow/.local/lib/python3.12/site-packages/airflow/example_dags/example_task_group.py for tasks to queue
[2026-08-04T08:25:50.172+0000] {logging_mixin.py:190} INFO - [2026-08-04T08:25:50.172+0000] {dagbag.py:588} INFO - Filling up the DagBag from /home/airflow/.local/lib/python3.12/site-packages/airflow/example_dags/example_task_group.py
[2026-08-04T08:25:50.190+0000] {processor.py:925} INFO - DAG(s) 'example_task_group' retrieved from /home/airflow/.local/lib/python3.12/site-packages/airflow/example_dags/example_task_group.py
[2026-08-04T08:25:50.217+0000] {logging_mixin.py:190} INFO - [2026-08-04T08:25:50.217+0000] {dag.py:3239} INFO - Sync 1 DAGs
[2026-08-04T08:25:50.235+0000] {logging_mixin.py:190} INFO - [2026-08-04T08:25:50.235+0000] {dag.py:4180} INFO - Setting next_dagrun for example_task_group to None, run_after=None
[2026-08-04T08:25:50.257+0000] {processor.py:208} INFO - Processing /home/airflow/.local/lib/python3.12/site-packages/airflow/example_dags/example_task_group.py took 0.096 seconds
[2026-08-04T08:26:20.330+0000] {processor.py:186} INFO - Started process (PID=727) to work on /home/airflow/.local/lib/python3.12/site-packages/airflow/example_dags/example_task_group.py
[2026-08-04T08:26:20.331+0000] {processor.py:914} INFO - Processing file /home/airflow/.local/lib/python3.12/site-packages/airflow/example_dags/example_task_group.py for tasks to queue
[2026-08-04T08:26:20.334+0000] {logging_mixin.py:190} INFO - [2026-08-04T08:26:20.333+0000] {dagbag.py:588} INFO - Filling up the DagBag from /home/airflow/.local/lib/python3.12/site-packages/airflow/example_dags/example_task_group.py
[2026-08-04T08:26:20.343+0000] {processor.py:925} INFO - DAG(s) 'example_task_group' retrieved from /home/airflow/.local/lib/python3.12/site-packages/airflow/example_dags/example_task_group.py
[2026-08-04T08:26:20.365+0000] {logging_mixin.py:190} INFO - [2026-08-04T08:26:20.365+0000] {dag.py:3239} INFO - Sync 1 DAGs
[2026-08-04T08:26:20.381+0000] {logging_mixin.py:190} INFO - [2026-08-04T08:26:20.380+0000] {dag.py:4180} INFO - Setting next_dagrun for example_task_group to None, run_after=None
[2026-08-04T08:26:20.401+0000] {processor.py:208} INFO - Processing /home/airflow/.local/lib/python3.12/site-packages/airflow/example_dags/example_task_group.py took 0.078 seconds
[2026-08-04T08:26:50.917+0000] {processor.py:186} INFO - Started process (PID=792) to work on /home/airflow/.local/lib/python3.12/site-packages/airflow/example_dags/example_task_group.py
[2026-08-04T08:26:50.918+0000] {processor.py:914} INFO - Processing file /home/airflow/.local/lib/python3.12/site-packages/airflow/example_dags/example_task_group.py for tasks to queue
[2026-08-04T08:26:50.921+0000] {logging_mixin.py:190} INFO - [2026-08-04T08:26:50.921+0000] {dagbag.py:588} INFO - Filling up the DagBag from /home/airflow/.local/lib/python3.12/site-packages/airflow/example_dags/example_task_group.py
[2026-08-04T08:26:50.930+0000] {processor.py:925} INFO - DAG(s) 'example_task_group' retrieved from /home/airflow/.local/lib/python3.12/site-packages/airflow/example_dags/example_task_group.py
[2026-08-04T08:26:50.951+0000] {logging_mixin.py:190} INFO - [2026-08-04T08:26:50.951+0000] {dag.py:3239} INFO - Sync 1 DAGs
[2026-08-04T08:26:50.966+0000] {logging_mixin.py:190} INFO - [2026-08-04T08:26:50.966+0000] {dag.py:4180} INFO - Setting next_dagrun for example_task_group to None, run_after=None
[2026-08-04T08:26:50.986+0000] {processor.py:208} INFO - Processing /home/airflow/.local/lib/python3.12/site-packages/airflow/example_dags/example_task_group.py took 0.074 seconds
[2026-08-04T08:27:21.191+0000] {processor.py:186} INFO - Started process (PID=857) to work on /home/airflow/.local/lib/python3.12/site-packages/airflow/example_dags/example_task_group.py
[2026-08-04T08:27:21.192+0000] {processor.py:914} INFO - Processing file /home/airflow/.local/lib/python3.12/site-packages/airflow/example_dags/example_task_group.py for tasks to queue
[2026-08-04T08:27:21.195+0000] {logging_mixin.py:190} INFO - [2026-08-04T08:27:21.195+0000] {dagbag.py:588} INFO - Filling up the DagBag from /home/airflow/.local/lib/python3.12/site-packages/airflow/example_dags/example_task_group.py
[2026-08-04T08:27:21.207+0000] {processor.py:925} INFO - DAG(s) 'example_task_group' retrieved from /home/airflow/.local/lib/python3.12/site-packages/airflow/example_dags/example_task_group.py
[2026-08-04T08:27:21.230+0000] {logging_mixin.py:190} INFO - [2026-08-04T08:27:21.230+0000] {dag.py:3239} INFO - Sync 1 DAGs
[2026-08-04T08:27:21.249+0000] {logging_mixin.py:190} INFO - [2026-08-04T08:27:21.249+0000] {dag.py:4180} INFO - Setting next_dagrun for example_task_group to None, run_after=None
[2026-08-04T08:27:21.272+0000] {processor.py:208} INFO - Processing /home/airflow/.local/lib/python3.12/site-packages/airflow/example_dags/example_task_group.py took 0.086 seconds
[2026-08-04T08:27:51.398+0000] {processor.py:186} INFO - Started process (PID=922) to work on /home/airflow/.local/lib/python3.12/site-packages/airflow/example_dags/example_task_group.py
[2026-08-04T08:27:51.400+0000] {processor.py:914} INFO - Processing file /home/airflow/.local/lib/python3.12/site-packages/airflow/example_dags/example_task_group.py for tasks to queue
[2026-08-04T08:27:51.403+0000] {logging_mixin.py:190} INFO - [2026-08-04T08:27:51.402+0000] {dagbag.py:588} INFO - Filling up the DagBag from /home/airflow/.local/lib/python3.12/site-packages/airflow/example_dags/example_task_group.py
[2026-08-04T08:27:51.412+0000] {processor.py:925} INFO - DAG(s) 'example_task_group' retrieved from /home/airflow/.local/lib/python3.12/site-packages/airflow/example_dags/example_task_group.py
[2026-08-04T08:27:51.441+0000] {logging_mixin.py:190} INFO - [2026-08-04T08:27:51.440+0000] {dag.py:3239} INFO - Sync 1 DAGs
[2026-08-04T08:27:51.458+0000] {logging_mixin.py:190} INFO - [2026-08-04T08:27:51.457+0000] {dag.py:4180} INFO - Setting next_dagrun for example_task_group to None, run_after=None
[2026-08-04T08:27:51.483+0000] {processor.py:208} INFO - Processing /home/airflow/.local/lib/python3.12/site-packages/airflow/example_dags/example_task_group.py took 0.090 seconds
[2026-08-04T08:28:21.758+0000] {processor.py:186} INFO - Started process (PID=987) to work on /home/airflow/.local/lib/python3.12/site-packages/airflow/example_dags/example_task_group.py
[2026-08-04T08:28:21.759+0000] {processor.py:914} INFO - Processing file /home/airflow/.local/lib/python3.12/site-packages/airflow/example_dags/example_task_group.py for tasks to queue
[2026-08-04T08:28:21.762+0000] {logging_mixin.py:190} INFO - [2026-08-04T08:28:21.761+0000] {dagbag.py:588} INFO - Filling up the DagBag from /home/airflow/.local/lib/python3.12/site-packages/airflow/example_dags/example_task_group.py
[2026-08-04T08:28:21.771+0000] {processor.py:925} INFO - DAG(s) 'example_task_group' retrieved from /home/airflow/.local/lib/python3.12/site-packages/airflow/example_dags/example_task_group.py
[2026-08-04T08:28:21.792+0000] {logging_mixin.py:190} INFO - [2026-08-04T08:28:21.791+0000] {dag.py:3239} INFO - Sync 1 DAGs
[2026-08-04T08:28:21.807+0000] {logging_mixin.py:190} INFO - [2026-08-04T08:28:21.807+0000] {dag.py:4180} INFO - Setting next_dagrun for example_task_group to None, run_after=None
[2026-08-04T08:28:21.827+0000] {processor.py:208} INFO - Processing /home/airflow/.local/lib/python3.12/site-packages/airflow/example_dags/example_task_group.py took 0.077 seconds
[2026-08-04T08:28:52.272+0000] {processor.py:186} INFO - Started process (PID=1052) to work on /home/airflow/.local/lib/python3.12/site-packages/airflow/example_dags/example_task_group.py
[2026-08-04T08:28:52.273+0000] {processor.py:914} INFO - Processing file /home/airflow/.local/lib/python3.12/site-packages/airflow/example_dags/example_task_group.py for tasks to queue
[2026-08-04T08:28:52.277+0000] {logging_mixin.py:190} INFO - [2026-08-04T08:28:52.276+0000] {dagbag.py:588} INFO - Filling up the DagBag from /home/airflow/.local/lib/python3.12/site-packages/airflow/example_dags/example_task_group.py
[2026-08-04T08:28:52.287+0000] {processor.py:925} INFO - DAG(s) 'example_task_group' retrieved from /home/airflow/.local/lib/python3.12/site-packages/airflow/example_dags/example_task_group.py
[2026-08-04T08:28:52.317+0000] {logging_mixin.py:190} INFO - [2026-08-04T08:28:52.317+0000] {dag.py:3239} INFO - Sync 1 DAGs
[2026-08-04T08:28:52.340+0000] {logging_mixin.py:190} INFO - [2026-08-04T08:28:52.340+0000] {dag.py:4180} INFO - Setting next_dagrun for example_task_group to None, run_after=None
[2026-08-04T08:28:52.363+0000] {processor.py:208} INFO - Processing /home/airflow/.local/lib/python3.12/site-packages/airflow/example_dags/example_task_group.py took 0.097 seconds
[2026-08-04T08:29:22.702+0000] {processor.py:186} INFO - Started process (PID=1117) to work on /home/airflow/.local/lib/python3.12/site-packages/airflow/example_dags/example_task_group.py
[2026-08-04T08:29:22.703+0000] {processor.py:914} INFO - Processing file /home/airflow/.local/lib/python3.12/site-packages/airflow/example_dags/example_task_group.py for tasks to queue
[2026-08-04T08:29:22.706+0000] {logging_mixin.py:190} INFO - [2026-08-04T08:29:22.705+0000] {dagbag.py:588} INFO - Filling up the DagBag from /home/airflow/.local/lib/python3.12/site-packages/airflow/example_dags/example_task_group.py
[2026-08-04T08:29:22.715+0000] {processor.py:925} INFO - DAG(s) 'example_task_group' retrieved from /home/airflow/.local/lib/python3.12/site-packages/airflow/example_dags/example_task_group.py
[2026-08-04T08:29:22.735+0000] {logging_mixin.py:190} INFO - [2026-08-04T08:29:22.735+0000] {dag.py:3239} INFO - Sync 1 DAGs
[2026-08-04T08:29:22.751+0000] {logging_mixin.py:190} INFO - [2026-08-04T08:29:22.750+0000] {dag.py:4180} INFO - Setting next_dagrun for example_task_group to None, run_after=None
[2026-08-04T08:29:22.771+0000] {processor.py:208} INFO - Processing /home/airflow/.local/lib/python3.12/site-packages/airflow/example_dags/example_task_group.py took 0.076 seconds
[2026-08-04T08:29:52.989+0000] {processor.py:186} INFO - Started process (PID=1183) to work on /home/airflow/.local/lib/python3.12/site-packages/airflow/example_dags/example_task_group.py
[2026-08-04T08:29:52.990+0000] {processor.py:914} INFO - Processing file /home/airflow/.local/lib/python3.12/site-packages/airflow/example_dags/example_task_group.py for tasks to queue
[2026-08-04T08:29:52.993+0000] {logging_mixin.py:190} INFO - [2026-08-04T08:29:52.993+0000] {dagbag.py:588} INFO - Filling up the DagBag from /home/airflow/.local/lib/python3.12/site-packages/airflow/example_dags/example_task_group.py
[2026-08-04T08:29:53.003+0000] {processor.py:925} INFO - DAG(s) 'example_task_group' retrieved from /home/airflow/.local/lib/python3.12/site-packages/airflow/example_dags/example_task_group.py
[2026-08-04T08:29:53.025+0000] {logging_mixin.py:190} INFO - [2026-08-04T08:29:53.024+0000] {dag.py:3239} INFO - Sync 1 DAGs
[2026-08-04T08:29:53.041+0000] {logging_mixin.py:190} INFO - [2026-08-04T08:29:53.041+0000] {dag.py:4180} INFO - Setting next_dagrun for example_task_group to None, run_after=None
[2026-08-04T08:29:53.063+0000] {processor.py:208} INFO - Processing /home/airflow/.local/lib/python3.12/site-packages/airflow/example_dags/example_task_group.py took 0.080 seconds
[2026-08-04T08:30:23.536+0000] {processor.py:186} INFO - Started process (PID=1248) to work on /home/airflow/.local/lib/python3.12/site-packages/airflow/example_dags/example_task_group.py
[2026-08-04T08:30:23.538+0000] {processor.py:914} INFO - Processing file /home/airflow/.local/lib/python3.12/site-packages/airflow/example_dags/example_task_group.py for tasks to queue
[2026-08-04T08:30:23.540+0000] {logging_mixin.py:190} INFO - [2026-08-04T08:30:23.540+0000] {dagbag.py:588} INFO - Filling up the DagBag from /home/airflow/.local/lib/python3.12/site-packages/airflow/example_dags/example_task_group.py
[2026-08-04T08:30:23.550+0000] {processor.py:925} INFO - DAG(s) 'example_task_group' retrieved from /home/airflow/.local/lib/python3.12/site-packages/airflow/example_dags/example_task_group.py
[2026-08-04T08:30:23.573+0000] {logging_mixin.py:190} INFO - [2026-08-04T08:30:23.573+0000] {dag.py:3239} INFO - Sync 1 DAGs
[2026-08-04T08:30:23.589+0000] {logging_mixin.py:190} INFO - [2026-08-04T08:30:23.589+0000] {dag.py:4180} INFO - Setting next_dagrun for example_task_group to None, run_after=None
[2026-08-04T08:30:23.612+0000] {processor.py:208} INFO - Processing /home/airflow/.local/lib/python3.12/site-packages/airflow/example_dags/example_task_group.py took 0.081 seconds
[2026-08-04T08:30:53.831+0000] {processor.py:186} INFO - Started process (PID=1313) to work on /home/airflow/.local/lib/python3.12/site-packages/airflow/example_dags/example_task_group.py
[2026-08-04T08:30:53.832+0000] {processor.py:914} INFO - Processing file /home/airflow/.local/lib/python3.12/site-packages/airflow/example_dags/example_task_group.py for tasks to queue
[2026-08-04T08:30:53.835+0000] {logging_mixin.py:190} INFO - [2026-08-04T08:30:53.834+0000] {dagbag.py:588} INFO - Filling up the DagBag from /home/airflow/.local/lib/python3.12/site-packages/airflow/example_dags/example_task_group.py
[2026-08-04T08:30:53.844+0000] {processor.py:925} INFO - DAG(s) 'example_task_group' retrieved from /home/airflow/.local/lib/python3.12/site-packages/airflow/example_dags/example_task_group.py
[2026-08-04T08:30:53.863+0000] {logging_mixin.py:190} INFO - [2026-08-04T08:30:53.863+0000] {dag.py:3239} INFO - Sync 1 DAGs
[2026-08-04T08:30:53.878+0000] {logging_mixin.py:190} INFO - [2026-08-04T08:30:53.878+0000] {dag.py:4180} INFO - Setting next_dagrun for example_task_group to None, run_after=None
[2026-08-04T08:30:53.899+0000] {processor.py:208} INFO - Processing /home/airflow/.local/lib/python3.12/site-packages/airflow/example_dags/example_task_group.py took 0.074 seconds
[2026-08-04T08:31:24.255+0000] {processor.py:186} INFO - Started process (PID=1378) to work on /home/airflow/.local/lib/python3.12/site-packages/airflow/example_dags/example_task_group.py
[2026-08-04T08:31:24.256+0000] {processor.py:914} INFO - Processing file /home/airflow/.local/lib/python3.12/site-packages/airflow/example_dags/example_task_group.py for tasks to queue
[2026-08-04T08:31:24.259+0000] {logging_mixin.py:190} INFO - [2026-08-04T08:31:24.258+0000] {dagbag.py:588} INFO - Filling up the DagBag from /home/airflow/.local/lib/python3.12/site-packages/airflow/example_dags/example_task_group.py
[2026-08-04T08:31:24.268+0000] {processor.py:925} INFO - DAG(s) 'example_task_group' retrieved from /home/airflow/.local/lib/python3.12/site-packages/airflow/example_dags/example_task_group.py
[2026-08-04T08:31:24.287+0000] {logging_mixin.py:190} INFO - [2026-08-04T08:31:24.287+0000] {dag.py:3239} INFO - Sync 1 DAGs
[2026-08-04T08:31:24.302+0000] {logging_mixin.py:190} INFO - [2026-08-04T08:31:24.302+0000] {dag.py:4180} INFO - Setting next_dagrun for example_task_group to None, run_after=None
[2026-08-04T08:31:24.320+0000] {processor.py:208} INFO - Processing /home/airflow/.local/lib/python3.12/site-packages/airflow/example_dags/example_task_group.py took 0.071 seconds
[2026-08-04T08:31:54.664+0000] {processor.py:186} INFO - Started process (PID=1443) to work on /home/airflow/.local/lib/python3.12/site-packages/airflow/example_dags/example_task_group.py
[2026-08-04T08:31:54.665+0000] {processor.py:914} INFO - Processing file /home/airflow/.local/lib/python3.12/site-packages/airflow/example_dags/example_task_group.py for tasks to queue
[2026-08-04T08:31:54.669+0000] {logging_mixin.py:190} INFO - [2026-08-04T08:31:54.669+0000] {dagbag.py:588} INFO - Filling up the DagBag from /home/airflow/.local/lib/python3.12/site-packages/airflow/example_dags/example_task_group.py
[2026-08-04T08:31:54.681+0000] {processor.py:925} INFO - DAG(s) 'example_task_group' retrieved from /home/airflow/.local/lib/python3.12/site-packages/airflow/example_dags/example_task_group.py
[2026-08-04T08:31:54.703+0000] {logging_mixin.py:190} INFO - [2026-08-04T08:31:54.703+0000] {dag.py:3239} INFO - Sync 1 DAGs
[2026-08-04T08:31:54.720+0000] {logging_mixin.py:190} INFO - [2026-08-04T08:31:54.719+0000] {dag.py:4180} INFO - Setting next_dagrun for example_task_group to None, run_after=None
[2026-08-04T08:31:54.742+0000] {processor.py:208} INFO - Processing /home/airflow/.local/lib/python3.12/site-packages/airflow/example_dags/example_task_group.py took 0.085 seconds
[2026-08-04T08:32:24.961+0000] {processor.py:186} INFO - Started process (PID=1508) to work on /home/airflow/.local/lib/python3.12/site-packages/airflow/example_dags/example_task_group.py
[2026-08-04T08:32:24.962+0000] {processor.py:914} INFO - Processing file /home/airflow/.local/lib/python3.12/site-packages/airflow/example_dags/example_task_group.py for tasks to queue
[2026-08-04T08:32:24.965+0000] {logging_mixin.py:190} INFO - [2026-08-04T08:32:24.964+0000] {dagbag.py:588} INFO - Filling up the DagBag from /home/airflow/.local/lib/python3.12/site-packages/airflow/example_dags/example_task_group.py
[2026-08-04T08:32:24.974+0000] {processor.py:925} INFO - DAG(s) 'example_task_group' retrieved from /home/airflow/.local/lib/python3.12/site-packages/airflow/example_dags/example_task_group.py
[2026-08-04T08:32:24.994+0000] {logging_mixin.py:190} INFO - [2026-08-04T08:32:24.994+0000] {dag.py:3239} INFO - Sync 1 DAGs
[2026-08-04T08:32:25.011+0000] {logging_mixin.py:190} INFO - [2026-08-04T08:32:25.011+0000] {dag.py:4180} INFO - Setting next_dagrun for example_task_group to None, run_after=None
[2026-08-04T08:32:25.032+0000] {processor.py:208} INFO - Processing /home/airflow/.local/lib/python3.12/site-packages/airflow/example_dags/example_task_group.py took 0.078 seconds
[2026-08-04T08:32:55.164+0000] {processor.py:186} INFO - Started process (PID=1573) to work on /home/airflow/.local/lib/python3.12/site-packages/airflow/example_dags/example_task_group.py
[2026-08-04T08:32:55.165+0000] {processor.py:914} INFO - Processing file /home/airflow/.local/lib/python3.12/site-packages/airflow/example_dags/example_task_group.py for tasks to queue
[2026-08-04T08:32:55.168+0000] {logging_mixin.py:190} INFO - [2026-08-04T08:32:55.168+0000] {dagbag.py:588} INFO - Filling up the DagBag from /home/airflow/.local/lib/python3.12/site-packages/airflow/example_dags/example_task_group.py
[2026-08-04T08:32:55.178+0000] {processor.py:925} INFO - DAG(s) 'example_task_group' retrieved from /home/airflow/.local/lib/python3.12/site-packages/airflow/example_dags/example_task_group.py
[2026-08-04T08:32:55.198+0000] {logging_mixin.py:190} INFO - [2026-08-04T08:32:55.198+0000] {dag.py:3239} INFO - Sync 1 DAGs
[2026-08-04T08:32:55.213+0000] {logging_mixin.py:190} INFO - [2026-08-04T08:32:55.213+0000] {dag.py:4180} INFO - Setting next_dagrun for example_task_group to None, run_after=None
[2026-08-04T08:32:55.233+0000] {processor.py:208} INFO - Processing /home/airflow/.local/lib/python3.12/site-packages/airflow/example_dags/example_task_group.py took 0.075 seconds
[2026-08-04T08:33:25.563+0000] {processor.py:186} INFO - Started process (PID=1638) to work on /home/airflow/.local/lib/python3.12/site-packages/airflow/example_dags/example_task_group.py
[2026-08-04T08:33:25.564+0000] {processor.py:914} INFO - Processing file /home/airflow/.local/lib/python3.12/site-packages/airflow/example_dags/example_task_group.py for tasks to queue
[2026-08-04T08:33:25.568+0000] {logging_mixin.py:190} INFO - [2026-08-04T08:33:25.567+0000] {dagbag.py:588} INFO - Filling up the DagBag from /home/airflow/.local/lib/python3.12/site-packages/airflow/example_dags/example_task_group.py
[2026-08-04T08:33:25.580+0000] {processor.py:925} INFO - DAG(s) 'example_task_group' retrieved from /home/airflow/.local/lib/python3.12/site-packages/airflow/example_dags/example_task_group.py
[2026-08-04T08:33:25.605+0000] {logging_mixin.py:190} INFO - [2026-08-04T08:33:25.604+0000] {dag.py:3239} INFO - Sync 1 DAGs
[2026-08-04T08:33:25.623+0000] {logging_mixin.py:190} INFO - [2026-08-04T08:33:25.623+0000] {dag.py:4180} INFO - Setting next_dagrun for example_task_group to None, run_after=None
[2026-08-04T08:33:25.647+0000] {processor.py:208} INFO - Processing /home/airflow/.local/lib/python3.12/site-packages/airflow/example_dags/example_task_group.py took 0.090 seconds
[2026-08-04T08:33:56.026+0000] {processor.py:186} INFO - Started process (PID=1703) to work on /home/airflow/.local/lib/python3.12/site-packages/airflow/example_dags/example_task_group.py
[2026-08-04T08:33:56.028+0000] {processor.py:914} INFO - Processing file /home/airflow/.local/lib/python3.12/site-packages/airflow/example_dags/example_task_group.py for tasks to queue
[2026-08-04T08:33:56.031+0000] {logging_mixin.py:190} INFO - [2026-08-04T08:33:56.030+0000] {dagbag.py:588} INFO - Filling up the DagBag from /home/airflow/.local/lib/python3.12/site-packages/airflow/example_dags/example_task_group.py
[2026-08-04T08:33:56.040+0000] {processor.py:925} INFO - DAG(s) 'example_task_group' retrieved from /home/airflow/.local/lib/python3.12/site-packages/airflow/example_dags/example_task_group.py
[2026-08-04T08:33:56.061+0000] {logging_mixin.py:190} INFO - [2026-08-04T08:33:56.060+0000] {dag.py:3239} INFO - Sync 1 DAGs
[2026-08-04T08:33:56.076+0000] {logging_mixin.py:190} INFO - [2026-08-04T08:33:56.075+0000] {dag.py:4180} INFO - Setting next_dagrun for example_task_group to None, run_after=None
[2026-08-04T08:33:56.097+0000] {processor.py:208} INFO - Processing /home/airflow/.local/lib/python3.12/site-packages/airflow/example_dags/example_task_group.py took 0.077 seconds
[2026-08-04T08:34:26.537+0000] {processor.py:186} INFO - Started process (PID=1768) to work on /home/airflow/.local/lib/python3.12/site-packages/airflow/example_dags/example_task_group.py
[2026-08-04T08:34:26.538+0000] {processor.py:914} INFO - Processing file /home/airflow/.local/lib/python3.12/site-packages/airflow/example_dags/example_task_group.py for tasks to queue
[2026-08-04T08:34:26.541+0000] {logging_mixin.py:190} INFO - [2026-08-04T08:34:26.540+0000] {dagbag.py:588} INFO - Filling up the DagBag from /home/airflow/.local/lib/python3.12/site-packages/airflow/example_dags/example_task_group.py
[2026-08-04T08:34:26.550+0000] {processor.py:925} INFO - DAG(s) 'example_task_group' retrieved from /home/airflow/.local/lib/python3.12/site-packages/airflow/example_dags/example_task_group.py
[2026-08-04T08:34:26.573+0000] {logging_mixin.py:190} INFO - [2026-08-04T08:34:26.573+0000] {dag.py:3239} INFO - Sync 1 DAGs
[2026-08-04T08:34:26.589+0000] {logging_mixin.py:190} INFO - [2026-08-04T08:34:26.589+0000] {dag.py:4180} INFO - Setting next_dagrun for example_task_group to None, run_after=None
[2026-08-04T08:34:26.613+0000] {processor.py:208} INFO - Processing /home/airflow/.local/lib/python3.12/site-packages/airflow/example_dags/example_task_group.py took 0.082 seconds
[2026-08-04T08:34:56.898+0000] {processor.py:186} INFO - Started process (PID=1826) to work on /home/airflow/.local/lib/python3.12/site-packages/airflow/example_dags/example_task_group.py
[2026-08-04T08:34:56.899+0000] {processor.py:914} INFO - Processing file /home/airflow/.local/lib/python3.12/site-packages/airflow/example_dags/example_task_group.py for tasks to queue
[2026-08-04T08:34:56.902+0000] {logging_mixin.py:190} INFO - [2026-08-04T08:34:56.901+0000] {dagbag.py:588} INFO - Filling up the DagBag from /home/airflow/.local/lib/python3.12/site-packages/airflow/example_dags/example_task_group.py
[2026-08-04T08:34:56.911+0000] {processor.py:925} INFO - DAG(s) 'example_task_group' retrieved from /home/airflow/.local/lib/python3.12/site-packages/airflow/example_dags/example_task_group.py
[2026-08-04T08:34:56.931+0000] {logging_mixin.py:190} INFO - [2026-08-04T08:34:56.930+0000] {dag.py:3239} INFO - Sync 1 DAGs
[2026-08-04T08:34:56.945+0000] {logging_mixin.py:190} INFO - [2026-08-04T08:34:56.945+0000] {dag.py:4180} INFO - Setting next_dagrun for example_task_group to None, run_after=None
[2026-08-04T08:34:56.965+0000] {processor.py:208} INFO - Processing /home/airflow/.local/lib/python3.12/site-packages/airflow/example_dags/example_task_group.py took 0.074 seconds
[2026-08-04T08:35:28.258+0000] {processor.py:186} INFO - Started process (PID=1891) to work on /home/airflow/.local/lib/python3.12/site-packages/airflow/example_dags/example_task_group.py
[2026-08-04T08:35:28.260+0000] {processor.py:914} INFO - Processing file /home/airflow/.local/lib/python3.12/site-packages/airflow/example_dags/example_task_group.py for tasks to queue
[2026-08-04T08:35:28.263+0000] {logging_mixin.py:190} INFO - [2026-08-04T08:35:28.262+0000] {dagbag.py:588} INFO - Filling up the DagBag from /home/airflow/.local/lib/python3.12/site-packages/airflow/example_dags/example_task_group.py
[2026-08-04T08:35:28.272+0000] {processor.py:925} INFO - DAG(s) 'example_task_group' retrieved from /home/airflow/.local/lib/python3.12/site-packages/airflow/example_dags/example_task_group.py
[2026-08-04T08:35:28.293+0000] {logging_mixin.py:190} INFO - [2026-08-04T08:35:28.293+0000] {dag.py:3239} INFO - Sync 1 DAGs
[2026-08-04T08:35:28.313+0000] {logging_mixin.py:190} INFO - [2026-08-04T08:35:28.313+0000] {dag.py:4180} INFO - Setting next_dagrun for example_task_group to None, run_after=None
[2026-08-04T08:35:28.334+0000] {processor.py:208} INFO - Processing /home/airflow/.local/lib/python3.12/site-packages/airflow/example_dags/example_task_group.py took 0.082 seconds
[2026-08-04T08:35:59.097+0000] {processor.py:186} INFO - Started process (PID=1956) to work on /home/airflow/.local/lib/python3.12/site-packages/airflow/example_dags/example_task_group.py
[2026-08-04T08:35:59.099+0000] {processor.py:914} INFO - Processing file /home/airflow/.local/lib/python3.12/site-packages/airflow/example_dags/example_task_group.py for tasks to queue
[2026-08-04T08:35:59.102+0000] {logging_mixin.py:190} INFO - [2026-08-04T08:35:59.101+0000] {dagbag.py:588} INFO - Filling up the DagBag from /home/airflow/.local/lib/python3.12/site-packages/airflow/example_dags/example_task_group.py
[2026-08-04T08:35:59.111+0000] {processor.py:925} INFO - DAG(s) 'example_task_group' retrieved from /home/airflow/.local/lib/python3.12/site-packages/airflow/example_dags/example_task_group.py
[2026-08-04T08:35:59.134+0000] {logging_mixin.py:190} INFO - [2026-08-04T08:35:59.134+0000] {dag.py:3239} INFO - Sync 1 DAGs
[2026-08-04T08:35:59.153+0000] {logging_mixin.py:190} INFO - [2026-08-04T08:35:59.153+0000] {dag.py:4180} INFO - Setting next_dagrun for example_task_group to None, run_after=None
[2026-08-04T08:35:59.174+0000] {processor.py:208} INFO - Processing /home/airflow/.local/lib/python3.12/site-packages/airflow/example_dags/example_task_group.py took 0.083 seconds
[2026-08-04T08:36:30.885+0000] {processor.py:186} INFO - Started process (PID=2021) to work on /home/airflow/.local/lib/python3.12/site-packages/airflow/example_dags/example_task_group.py
[2026-08-04T08:36:30.886+0000] {processor.py:914} INFO - Processing file /home/airflow/.local/lib/python3.12/site-packages/airflow/example_dags/example_task_group.py for tasks to queue
[2026-08-04T08:36:30.889+0000] {logging_mixin.py:190} INFO - [2026-08-04T08:36:30.888+0000] {dagbag.py:588} INFO - Filling up the DagBag from /home/airflow/.local/lib/python3.12/site-packages/airflow/example_dags/example_task_group.py
[2026-08-04T08:36:30.898+0000] {processor.py:925} INFO - DAG(s) 'example_task_group' retrieved from /home/airflow/.local/lib/python3.12/site-packages/airflow/example_dags/example_task_group.py
[2026-08-04T08:36:30.919+0000] {logging_mixin.py:190} INFO - [2026-08-04T08:36:30.919+0000] {dag.py:3239} INFO - Sync 1 DAGs
[2026-08-04T08:36:30.934+0000] {logging_mixin.py:190} INFO - [2026-08-04T08:36:30.934+0000] {dag.py:4180} INFO - Setting next_dagrun for example_task_group to None, run_after=None
[2026-08-04T08:36:30.955+0000] {processor.py:208} INFO - Processing /home/airflow/.local/lib/python3.12/site-packages/airflow/example_dags/example_task_group.py took 0.076 seconds
[2026-08-04T08:37:01.229+0000] {processor.py:186} INFO - Started process (PID=2078) to work on /home/airflow/.local/lib/python3.12/site-packages/airflow/example_dags/example_task_group.py
[2026-08-04T08:37:01.231+0000] {processor.py:914} INFO - Processing file /home/airflow/.local/lib/python3.12/site-packages/airflow/example_dags/example_task_group.py for tasks to queue
[2026-08-04T08:37:01.234+0000] {logging_mixin.py:190} INFO - [2026-08-04T08:37:01.234+0000] {dagbag.py:588} INFO - Filling up the DagBag from /home/airflow/.local/lib/python3.12/site-packages/airflow/example_dags/example_task_group.py
[2026-08-04T08:37:01.248+0000] {processor.py:925} INFO - DAG(s) 'example_task_group' retrieved from /home/airflow/.local/lib/python3.12/site-packages/airflow/example_dags/example_task_group.py
[2026-08-04T08:37:01.279+0000] {logging_mixin.py:190} INFO - [2026-08-04T08:37:01.279+0000] {dag.py:3239} INFO - Sync 1 DAGs
[2026-08-04T08:37:01.301+0000] {logging_mixin.py:190} INFO - [2026-08-04T08:37:01.301+0000] {dag.py:4180} INFO - Setting next_dagrun for example_task_group to None, run_after=None
[2026-08-04T08:37:01.328+0000] {processor.py:208} INFO - Processing /home/airflow/.local/lib/python3.12/site-packages/airflow/example_dags/example_task_group.py took 0.107 seconds
[2026-08-04T08:37:31.910+0000] {processor.py:186} INFO - Started process (PID=2142) to work on /home/airflow/.local/lib/python3.12/site-packages/airflow/example_dags/example_task_group.py
[2026-08-04T08:37:31.912+0000] {processor.py:914} INFO - Processing file /home/airflow/.local/lib/python3.12/site-packages/airflow/example_dags/example_task_group.py for tasks to queue
[2026-08-04T08:37:31.915+0000] {logging_mixin.py:190} INFO - [2026-08-04T08:37:31.914+0000] {dagbag.py:588} INFO - Filling up the DagBag from /home/airflow/.local/lib/python3.12/site-packages/airflow/example_dags/example_task_group.py
[2026-08-04T08:37:31.925+0000] {processor.py:925} INFO - DAG(s) 'example_task_group' retrieved from /home/airflow/.local/lib/python3.12/site-packages/airflow/example_dags/example_task_group.py
[2026-08-04T08:37:31.949+0000] {logging_mixin.py:190} INFO - [2026-08-04T08:37:31.949+0000] {dag.py:3239} INFO - Sync 1 DAGs
[2026-08-04T08:37:31.969+0000] {logging_mixin.py:190} INFO - [2026-08-04T08:37:31.969+0000] {dag.py:4180} INFO - Setting next_dagrun for example_task_group to None, run_after=None
[2026-08-04T08:37:31.992+0000] {processor.py:208} INFO - Processing /home/airflow/.local/lib/python3.12/site-packages/airflow/example_dags/example_task_group.py took 0.089 seconds
[2026-08-04T08:38:02.611+0000] {processor.py:186} INFO - Started process (PID=2206) to work on /home/airflow/.local/lib/python3.12/site-packages/airflow/example_dags/example_task_group.py
[2026-08-04T08:38:02.612+0000] {processor.py:914} INFO - Processing file /home/airflow/.local/lib/python3.12/site-packages/airflow/example_dags/example_task_group.py for tasks to queue
[2026-08-04T08:38:02.615+0000] {logging_mixin.py:190} INFO - [2026-08-04T08:38:02.615+0000] {dagbag.py:588} INFO - Filling up the DagBag from /home/airflow/.local/lib/python3.12/site-packages/airflow/example_dags/example_task_group.py
[2026-08-04T08:38:02.625+0000] {processor.py:925} INFO - DAG(s) 'example_task_group' retrieved from /home/airflow/.local/lib/python3.12/site-packages/airflow/example_dags/example_task_group.py
[2026-08-04T08:38:02.647+0000] {logging_mixin.py:190} INFO - [2026-08-04T08:38:02.647+0000] {dag.py:3239} INFO - Sync 1 DAGs
[2026-08-04T08:38:02.663+0000] {logging_mixin.py:190} INFO - [2026-08-04T08:38:02.662+0000] {dag.py:4180} INFO - Setting next_dagrun for example_task_group to None, run_after=None
[2026-08-04T08:38:02.684+0000] {processor.py:208} INFO - Processing /home/airflow/.local/lib/python3.12/site-packages/airflow/example_dags/example_task_group.py took 0.079 seconds
[2026-08-04T08:38:33.111+0000] {processor.py:186} INFO - Started process (PID=2270) to work on /home/airflow/.local/lib/python3.12/site-packages/airflow/example_dags/example_task_group.py
[2026-08-04T08:38:33.113+0000] {processor.py:914} INFO - Processing file /home/airflow/.local/lib/python3.12/site-packages/airflow/example_dags/example_task_group.py for tasks to queue
[2026-08-04T08:38:33.116+0000] {logging_mixin.py:190} INFO - [2026-08-04T08:38:33.115+0000] {dagbag.py:588} INFO - Filling up the DagBag from /home/airflow/.local/lib/python3.12/site-packages/airflow/example_dags/example_task_group.py
[2026-08-04T08:38:33.126+0000] {processor.py:925} INFO - DAG(s) 'example_task_group' retrieved from /home/airflow/.local/lib/python3.12/site-packages/airflow/example_dags/example_task_group.py
[2026-08-04T08:38:33.148+0000] {logging_mixin.py:190} INFO - [2026-08-04T08:38:33.148+0000] {dag.py:3239} INFO - Sync 1 DAGs
[2026-08-04T08:38:33.164+0000] {logging_mixin.py:190} INFO - [2026-08-04T08:38:33.164+0000] {dag.py:4180} INFO - Setting next_dagrun for example_task_group to None, run_after=None
[2026-08-04T08:38:33.186+0000] {processor.py:208} INFO - Processing /home/airflow/.local/lib/python3.12/site-packages/airflow/example_dags/example_task_group.py took 0.081 seconds
[2026-08-04T08:39:04.145+0000] {processor.py:186} INFO - Started process (PID=2334) to work on /home/airflow/.local/lib/python3.12/site-packages/airflow/example_dags/example_task_group.py
[2026-08-04T08:39:04.146+0000] {processor.py:914} INFO - Processing file /home/airflow/.local/lib/python3.12/site-packages/airflow/example_dags/example_task_group.py for tasks to queue
[2026-08-04T08:39:04.149+0000] {logging_mixin.py:190} INFO - [2026-08-04T08:39:04.148+0000] {dagbag.py:588} INFO - Filling up the DagBag from /home/airflow/.local/lib/python3.12/site-packages/airflow/example_dags/example_task_group.py
[2026-08-04T08:39:04.158+0000] {processor.py:925} INFO - DAG(s) 'example_task_group' retrieved from /home/airflow/.local/lib/python3.12/site-packages/airflow/example_dags/example_task_group.py
[2026-08-04T08:39:04.179+0000] {logging_mixin.py:190} INFO - [2026-08-04T08:39:04.179+0000] {dag.py:3239} INFO - Sync 1 DAGs
[2026-08-04T08:39:04.195+0000] {logging_mixin.py:190} INFO - [2026-08-04T08:39:04.195+0000] {dag.py:4180} INFO - Setting next_dagrun for example_task_group to None, run_after=None
[2026-08-04T08:39:04.218+0000] {processor.py:208} INFO - Processing /home/airflow/.local/lib/python3.12/site-packages/airflow/example_dags/example_task_group.py took 0.080 seconds
[2026-08-04T08:39:35.269+0000] {processor.py:186} INFO - Started process (PID=2399) to work on /home/airflow/.local/lib/python3.12/site-packages/airflow/example_dags/example_task_group.py
[2026-08-04T08:39:35.270+0000] {processor.py:914} INFO - Processing file /home/airflow/.local/lib/python3.12/site-packages/airflow/example_dags/example_task_group.py for tasks to queue
[2026-08-04T08:39:35.273+0000] {logging_mixin.py:190} INFO - [2026-08-04T08:39:35.273+0000] {dagbag.py:588} INFO - Filling up the DagBag from /home/airflow/.local/lib/python3.12/site-packages/airflow/example_dags/example_task_group.py
[2026-08-04T08:39:35.282+0000] {processor.py:925} INFO - DAG(s) 'example_task_group' retrieved from /home/airflow/.local/lib/python3.12/site-packages/airflow/example_dags/example_task_group.py
[2026-08-04T08:39:35.302+0000] {logging_mixin.py:190} INFO - [2026-08-04T08:39:35.301+0000] {dag.py:3239} INFO - Sync 1 DAGs
[2026-08-04T08:39:35.316+0000] {logging_mixin.py:190} INFO - [2026-08-04T08:39:35.316+0000] {dag.py:4180} INFO - Setting next_dagrun for example_task_group to None, run_after=None
[2026-08-04T08:39:35.344+0000] {processor.py:208} INFO - Processing /home/airflow/.local/lib/python3.12/site-packages/airflow/example_dags/example_task_group.py took 0.081 seconds
[2026-08-04T08:40:06.342+0000] {processor.py:186} INFO - Started process (PID=2463) to work on /home/airflow/.local/lib/python3.12/site-packages/airflow/example_dags/example_task_group.py
[2026-08-04T08:40:06.343+0000] {processor.py:914} INFO - Processing file /home/airflow/.local/lib/python3.12/site-packages/airflow/example_dags/example_task_group.py for tasks to queue
[2026-08-04T08:40:06.347+0000] {logging_mixin.py:190} INFO - [2026-08-04T08:40:06.346+0000] {dagbag.py:588} INFO - Filling up the DagBag from /home/airflow/.local/lib/python3.12/site-packages/airflow/example_dags/example_task_group.py
[2026-08-04T08:40:06.357+0000] {processor.py:925} INFO - DAG(s) 'example_task_group' retrieved from /home/airflow/.local/lib/python3.12/site-packages/airflow/example_dags/example_task_group.py
[2026-08-04T08:40:06.379+0000] {logging_mixin.py:190} INFO - [2026-08-04T08:40:06.378+0000] {dag.py:3239} INFO - Sync 1 DAGs
[2026-08-04T08:40:06.395+0000] {logging_mixin.py:190} INFO - [2026-08-04T08:40:06.395+0000] {dag.py:4180} INFO - Setting next_dagrun for example_task_group to None, run_after=None
[2026-08-04T08:40:06.416+0000] {processor.py:208} INFO - Processing /home/airflow/.local/lib/python3.12/site-packages/airflow/example_dags/example_task_group.py took 0.081 seconds
[2026-08-04T08:40:36.651+0000] {processor.py:186} INFO - Started process (PID=2521) to work on /home/airflow/.local/lib/python3.12/site-packages/airflow/example_dags/example_task_group.py
[2026-08-04T08:40:36.652+0000] {processor.py:914} INFO - Processing file /home/airflow/.local/lib/python3.12/site-packages/airflow/example_dags/example_task_group.py for tasks to queue
[2026-08-04T08:40:36.655+0000] {logging_mixin.py:190} INFO - [2026-08-04T08:40:36.655+0000] {dagbag.py:588} INFO - Filling up the DagBag from /home/airflow/.local/lib/python3.12/site-packages/airflow/example_dags/example_task_group.py
[2026-08-04T08:40:36.665+0000] {processor.py:925} INFO - DAG(s) 'example_task_group' retrieved from /home/airflow/.local/lib/python3.12/site-packages/airflow/example_dags/example_task_group.py
[2026-08-04T08:40:36.685+0000] {logging_mixin.py:190} INFO - [2026-08-04T08:40:36.685+0000] {dag.py:3239} INFO - Sync 1 DAGs
[2026-08-04T08:40:36.700+0000] {logging_mixin.py:190} INFO - [2026-08-04T08:40:36.699+0000] {dag.py:4180} INFO - Setting next_dagrun for example_task_group to None, run_after=None
[2026-08-04T08:40:36.721+0000] {processor.py:208} INFO - Processing /home/airflow/.local/lib/python3.12/site-packages/airflow/example_dags/example_task_group.py took 0.076 seconds
[2026-08-04T08:41:07.007+0000] {processor.py:186} INFO - Started process (PID=2579) to work on /home/airflow/.local/lib/python3.12/site-packages/airflow/example_dags/example_task_group.py
[2026-08-04T08:41:07.009+0000] {processor.py:914} INFO - Processing file /home/airflow/.local/lib/python3.12/site-packages/airflow/example_dags/example_task_group.py for tasks to queue
[2026-08-04T08:41:07.012+0000] {logging_mixin.py:190} INFO - [2026-08-04T08:41:07.012+0000] {dagbag.py:588} INFO - Filling up the DagBag from /home/airflow/.local/lib/python3.12/site-packages/airflow/example_dags/example_task_group.py
[2026-08-04T08:41:07.023+0000] {processor.py:925} INFO - DAG(s) 'example_task_group' retrieved from /home/airflow/.local/lib/python3.12/site-packages/airflow/example_dags/example_task_group.py
[2026-08-04T08:41:07.048+0000] {logging_mixin.py:190} INFO - [2026-08-04T08:41:07.048+0000] {dag.py:3239} INFO - Sync 1 DAGs
[2026-08-04T08:41:07.066+0000] {logging_mixin.py:190} INFO - [2026-08-04T08:41:07.066+0000] {dag.py:4180} INFO - Setting next_dagrun for example_task_group to None, run_after=None
[2026-08-04T08:41:07.088+0000] {processor.py:208} INFO - Processing /home/airflow/.local/lib/python3.12/site-packages/airflow/example_dags/example_task_group.py took 0.088 seconds
[2026-08-04T08:41:37.754+0000] {processor.py:186} INFO - Started process (PID=2641) to work on /home/airflow/.local/lib/python3.12/site-packages/airflow/example_dags/example_task_group.py
[2026-08-04T08:41:37.755+0000] {processor.py:914} INFO - Processing file /home/airflow/.local/lib/python3.12/site-packages/airflow/example_dags/example_task_group.py for tasks to queue
[2026-08-04T08:41:37.758+0000] {logging_mixin.py:190} INFO - [2026-08-04T08:41:37.758+0000] {dagbag.py:588} INFO - Filling up the DagBag from /home/airflow/.local/lib/python3.12/site-packages/airflow/example_dags/example_task_group.py
[2026-08-04T08:41:37.767+0000] {processor.py:925} INFO - DAG(s) 'example_task_group' retrieved from /home/airflow/.local/lib/python3.12/site-packages/airflow/example_dags/example_task_group.py
[2026-08-04T08:41:37.792+0000] {logging_mixin.py:190} INFO - [2026-08-04T08:41:37.792+0000] {dag.py:3239} INFO - Sync 1 DAGs
[2026-08-04T08:41:37.810+0000] {logging_mixin.py:190} INFO - [2026-08-04T08:41:37.810+0000] {dag.py:4180} INFO - Setting next_dagrun for example_task_group to None, run_after=None
[2026-08-04T08:41:37.832+0000] {processor.py:208} INFO - Processing /home/airflow/.local/lib/python3.12/site-packages/airflow/example_dags/example_task_group.py took 0.084 seconds
