[2026-08-04T07:47:08.179+0000] {processor.py:186} INFO - Started process (PID=82) to work on /home/airflow/.local/lib/python3.12/site-packages/airflow/example_dags/example_python_operator.py
[2026-08-04T07:47:08.180+0000] {processor.py:914} INFO - Processing file /home/airflow/.local/lib/python3.12/site-packages/airflow/example_dags/example_python_operator.py for tasks to queue
[2026-08-04T07:47:08.185+0000] {logging_mixin.py:190} INFO - [2026-08-04T07:47:08.185+0000] {dagbag.py:588} INFO - Filling up the DagBag from /home/airflow/.local/lib/python3.12/site-packages/airflow/example_dags/example_python_operator.py
[2026-08-04T07:47:08.240+0000] {processor.py:925} INFO - DAG(s) 'example_python_operator' retrieved from /home/airflow/.local/lib/python3.12/site-packages/airflow/example_dags/example_python_operator.py
[2026-08-04T07:47:08.581+0000] {logging_mixin.py:190} INFO - [2026-08-04T07:47:08.581+0000] {dag.py:3239} INFO - Sync 1 DAGs
[2026-08-04T07:47:08.625+0000] {logging_mixin.py:190} INFO - [2026-08-04T07:47:08.624+0000] {dag.py:4180} INFO - Setting next_dagrun for example_python_operator to None, run_after=None
[2026-08-04T07:47:08.675+0000] {processor.py:208} INFO - Processing /home/airflow/.local/lib/python3.12/site-packages/airflow/example_dags/example_python_operator.py took 0.506 seconds
[2026-08-04T08:21:15.935+0000] {processor.py:186} INFO - Started process (PID=82) to work on /home/airflow/.local/lib/python3.12/site-packages/airflow/example_dags/example_python_operator.py
[2026-08-04T08:21:15.938+0000] {processor.py:914} INFO - Processing file /home/airflow/.local/lib/python3.12/site-packages/airflow/example_dags/example_python_operator.py for tasks to queue
[2026-08-04T08:21:15.943+0000] {logging_mixin.py:190} INFO - [2026-08-04T08:21:15.942+0000] {dagbag.py:588} INFO - Filling up the DagBag from /home/airflow/.local/lib/python3.12/site-packages/airflow/example_dags/example_python_operator.py
[2026-08-04T08:21:15.974+0000] {processor.py:925} INFO - DAG(s) 'example_python_operator' retrieved from /home/airflow/.local/lib/python3.12/site-packages/airflow/example_dags/example_python_operator.py
[2026-08-04T08:21:16.384+0000] {logging_mixin.py:190} INFO - [2026-08-04T08:21:16.383+0000] {dag.py:3239} INFO - Sync 1 DAGs
[2026-08-04T08:21:16.405+0000] {logging_mixin.py:190} INFO - [2026-08-04T08:21:16.405+0000] {dag.py:4180} INFO - Setting next_dagrun for example_python_operator to None, run_after=None
[2026-08-04T08:21:16.437+0000] {processor.py:208} INFO - Processing /home/airflow/.local/lib/python3.12/site-packages/airflow/example_dags/example_python_operator.py took 0.514 seconds
[2026-08-04T08:21:47.008+0000] {processor.py:186} INFO - Started process (PID=147) to work on /home/airflow/.local/lib/python3.12/site-packages/airflow/example_dags/example_python_operator.py
[2026-08-04T08:21:47.009+0000] {processor.py:914} INFO - Processing file /home/airflow/.local/lib/python3.12/site-packages/airflow/example_dags/example_python_operator.py for tasks to queue
[2026-08-04T08:21:47.012+0000] {logging_mixin.py:190} INFO - [2026-08-04T08:21:47.012+0000] {dagbag.py:588} INFO - Filling up the DagBag from /home/airflow/.local/lib/python3.12/site-packages/airflow/example_dags/example_python_operator.py
[2026-08-04T08:21:47.028+0000] {processor.py:925} INFO - DAG(s) 'example_python_operator' retrieved from /home/airflow/.local/lib/python3.12/site-packages/airflow/example_dags/example_python_operator.py
[2026-08-04T08:21:47.053+0000] {logging_mixin.py:190} INFO - [2026-08-04T08:21:47.053+0000] {dag.py:3239} INFO - Sync 1 DAGs
[2026-08-04T08:21:47.072+0000] {logging_mixin.py:190} INFO - [2026-08-04T08:21:47.071+0000] {dag.py:4180} INFO - Setting next_dagrun for example_python_operator to None, run_after=None
[2026-08-04T08:21:47.095+0000] {processor.py:208} INFO - Processing /home/airflow/.local/lib/python3.12/site-packages/airflow/example_dags/example_python_operator.py took 0.095 seconds
[2026-08-04T08:22:17.308+0000] {processor.py:186} INFO - Started process (PID=212) to work on /home/airflow/.local/lib/python3.12/site-packages/airflow/example_dags/example_python_operator.py
[2026-08-04T08:22:17.309+0000] {processor.py:914} INFO - Processing file /home/airflow/.local/lib/python3.12/site-packages/airflow/example_dags/example_python_operator.py for tasks to queue
[2026-08-04T08:22:17.312+0000] {logging_mixin.py:190} INFO - [2026-08-04T08:22:17.311+0000] {dagbag.py:588} INFO - Filling up the DagBag from /home/airflow/.local/lib/python3.12/site-packages/airflow/example_dags/example_python_operator.py
[2026-08-04T08:22:17.326+0000] {processor.py:925} INFO - DAG(s) 'example_python_operator' retrieved from /home/airflow/.local/lib/python3.12/site-packages/airflow/example_dags/example_python_operator.py
[2026-08-04T08:22:17.350+0000] {logging_mixin.py:190} INFO - [2026-08-04T08:22:17.350+0000] {dag.py:3239} INFO - Sync 1 DAGs
[2026-08-04T08:22:17.370+0000] {logging_mixin.py:190} INFO - [2026-08-04T08:22:17.370+0000] {dag.py:4180} INFO - Setting next_dagrun for example_python_operator to None, run_after=None
[2026-08-04T08:22:17.394+0000] {processor.py:208} INFO - Processing /home/airflow/.local/lib/python3.12/site-packages/airflow/example_dags/example_python_operator.py took 0.093 seconds
[2026-08-04T08:22:47.959+0000] {processor.py:186} INFO - Started process (PID=277) to work on /home/airflow/.local/lib/python3.12/site-packages/airflow/example_dags/example_python_operator.py
[2026-08-04T08:22:47.965+0000] {processor.py:914} INFO - Processing file /home/airflow/.local/lib/python3.12/site-packages/airflow/example_dags/example_python_operator.py for tasks to queue
[2026-08-04T08:22:47.971+0000] {logging_mixin.py:190} INFO - [2026-08-04T08:22:47.970+0000] {dagbag.py:588} INFO - Filling up the DagBag from /home/airflow/.local/lib/python3.12/site-packages/airflow/example_dags/example_python_operator.py
[2026-08-04T08:22:47.998+0000] {processor.py:925} INFO - DAG(s) 'example_python_operator' retrieved from /home/airflow/.local/lib/python3.12/site-packages/airflow/example_dags/example_python_operator.py
[2026-08-04T08:22:48.042+0000] {logging_mixin.py:190} INFO - [2026-08-04T08:22:48.041+0000] {dag.py:3239} INFO - Sync 1 DAGs
[2026-08-04T08:22:48.067+0000] {logging_mixin.py:190} INFO - [2026-08-04T08:22:48.066+0000] {dag.py:4180} INFO - Setting next_dagrun for example_python_operator to None, run_after=None
[2026-08-04T08:22:48.090+0000] {processor.py:208} INFO - Processing /home/airflow/.local/lib/python3.12/site-packages/airflow/example_dags/example_python_operator.py took 0.146 seconds
[2026-08-04T08:23:18.876+0000] {processor.py:186} INFO - Started process (PID=342) to work on /home/airflow/.local/lib/python3.12/site-packages/airflow/example_dags/example_python_operator.py
[2026-08-04T08:23:18.877+0000] {processor.py:914} INFO - Processing file /home/airflow/.local/lib/python3.12/site-packages/airflow/example_dags/example_python_operator.py for tasks to queue
[2026-08-04T08:23:18.880+0000] {logging_mixin.py:190} INFO - [2026-08-04T08:23:18.880+0000] {dagbag.py:588} INFO - Filling up the DagBag from /home/airflow/.local/lib/python3.12/site-packages/airflow/example_dags/example_python_operator.py
[2026-08-04T08:23:18.893+0000] {processor.py:925} INFO - DAG(s) 'example_python_operator' retrieved from /home/airflow/.local/lib/python3.12/site-packages/airflow/example_dags/example_python_operator.py
[2026-08-04T08:23:18.918+0000] {logging_mixin.py:190} INFO - [2026-08-04T08:23:18.918+0000] {dag.py:3239} INFO - Sync 1 DAGs
[2026-08-04T08:23:18.937+0000] {logging_mixin.py:190} INFO - [2026-08-04T08:23:18.937+0000] {dag.py:4180} INFO - Setting next_dagrun for example_python_operator to None, run_after=None
[2026-08-04T08:23:18.962+0000] {processor.py:208} INFO - Processing /home/airflow/.local/lib/python3.12/site-packages/airflow/example_dags/example_python_operator.py took 0.093 seconds
[2026-08-04T08:23:49.301+0000] {processor.py:186} INFO - Started process (PID=407) to work on /home/airflow/.local/lib/python3.12/site-packages/airflow/example_dags/example_python_operator.py
[2026-08-04T08:23:49.303+0000] {processor.py:914} INFO - Processing file /home/airflow/.local/lib/python3.12/site-packages/airflow/example_dags/example_python_operator.py for tasks to queue
[2026-08-04T08:23:49.306+0000] {logging_mixin.py:190} INFO - [2026-08-04T08:23:49.306+0000] {dagbag.py:588} INFO - Filling up the DagBag from /home/airflow/.local/lib/python3.12/site-packages/airflow/example_dags/example_python_operator.py
[2026-08-04T08:23:49.319+0000] {processor.py:925} INFO - DAG(s) 'example_python_operator' retrieved from /home/airflow/.local/lib/python3.12/site-packages/airflow/example_dags/example_python_operator.py
[2026-08-04T08:23:49.342+0000] {logging_mixin.py:190} INFO - [2026-08-04T08:23:49.342+0000] {dag.py:3239} INFO - Sync 1 DAGs
[2026-08-04T08:23:49.363+0000] {logging_mixin.py:190} INFO - [2026-08-04T08:23:49.363+0000] {dag.py:4180} INFO - Setting next_dagrun for example_python_operator to None, run_after=None
[2026-08-04T08:23:49.384+0000] {processor.py:208} INFO - Processing /home/airflow/.local/lib/python3.12/site-packages/airflow/example_dags/example_python_operator.py took 0.089 seconds
[2026-08-04T08:24:20.032+0000] {processor.py:186} INFO - Started process (PID=472) to work on /home/airflow/.local/lib/python3.12/site-packages/airflow/example_dags/example_python_operator.py
[2026-08-04T08:24:20.033+0000] {processor.py:914} INFO - Processing file /home/airflow/.local/lib/python3.12/site-packages/airflow/example_dags/example_python_operator.py for tasks to queue
[2026-08-04T08:24:20.036+0000] {logging_mixin.py:190} INFO - [2026-08-04T08:24:20.036+0000] {dagbag.py:588} INFO - Filling up the DagBag from /home/airflow/.local/lib/python3.12/site-packages/airflow/example_dags/example_python_operator.py
[2026-08-04T08:24:20.050+0000] {processor.py:925} INFO - DAG(s) 'example_python_operator' retrieved from /home/airflow/.local/lib/python3.12/site-packages/airflow/example_dags/example_python_operator.py
[2026-08-04T08:24:20.074+0000] {logging_mixin.py:190} INFO - [2026-08-04T08:24:20.074+0000] {dag.py:3239} INFO - Sync 1 DAGs
[2026-08-04T08:24:20.091+0000] {logging_mixin.py:190} INFO - [2026-08-04T08:24:20.091+0000] {dag.py:4180} INFO - Setting next_dagrun for example_python_operator to None, run_after=None
[2026-08-04T08:24:20.114+0000] {processor.py:208} INFO - Processing /home/airflow/.local/lib/python3.12/site-packages/airflow/example_dags/example_python_operator.py took 0.088 seconds
[2026-08-04T08:24:50.292+0000] {processor.py:186} INFO - Started process (PID=537) to work on /home/airflow/.local/lib/python3.12/site-packages/airflow/example_dags/example_python_operator.py
[2026-08-04T08:24:50.293+0000] {processor.py:914} INFO - Processing file /home/airflow/.local/lib/python3.12/site-packages/airflow/example_dags/example_python_operator.py for tasks to queue
[2026-08-04T08:24:50.296+0000] {logging_mixin.py:190} INFO - [2026-08-04T08:24:50.295+0000] {dagbag.py:588} INFO - Filling up the DagBag from /home/airflow/.local/lib/python3.12/site-packages/airflow/example_dags/example_python_operator.py
[2026-08-04T08:24:50.309+0000] {processor.py:925} INFO - DAG(s) 'example_python_operator' retrieved from /home/airflow/.local/lib/python3.12/site-packages/airflow/example_dags/example_python_operator.py
[2026-08-04T08:24:50.333+0000] {logging_mixin.py:190} INFO - [2026-08-04T08:24:50.333+0000] {dag.py:3239} INFO - Sync 1 DAGs
[2026-08-04T08:24:50.350+0000] {logging_mixin.py:190} INFO - [2026-08-04T08:24:50.350+0000] {dag.py:4180} INFO - Setting next_dagrun for example_python_operator to None, run_after=None
[2026-08-04T08:24:50.423+0000] {processor.py:208} INFO - Processing /home/airflow/.local/lib/python3.12/site-packages/airflow/example_dags/example_python_operator.py took 0.137 seconds
[2026-08-04T08:25:20.479+0000] {processor.py:186} INFO - Started process (PID=602) to work on /home/airflow/.local/lib/python3.12/site-packages/airflow/example_dags/example_python_operator.py
[2026-08-04T08:25:20.481+0000] {processor.py:914} INFO - Processing file /home/airflow/.local/lib/python3.12/site-packages/airflow/example_dags/example_python_operator.py for tasks to queue
[2026-08-04T08:25:20.485+0000] {logging_mixin.py:190} INFO - [2026-08-04T08:25:20.484+0000] {dagbag.py:588} INFO - Filling up the DagBag from /home/airflow/.local/lib/python3.12/site-packages/airflow/example_dags/example_python_operator.py
[2026-08-04T08:25:20.503+0000] {processor.py:925} INFO - DAG(s) 'example_python_operator' retrieved from /home/airflow/.local/lib/python3.12/site-packages/airflow/example_dags/example_python_operator.py
[2026-08-04T08:25:20.524+0000] {logging_mixin.py:190} INFO - [2026-08-04T08:25:20.524+0000] {dag.py:3239} INFO - Sync 1 DAGs
[2026-08-04T08:25:20.541+0000] {logging_mixin.py:190} INFO - [2026-08-04T08:25:20.540+0000] {dag.py:4180} INFO - Setting next_dagrun for example_python_operator to None, run_after=None
[2026-08-04T08:25:20.561+0000] {processor.py:208} INFO - Processing /home/airflow/.local/lib/python3.12/site-packages/airflow/example_dags/example_python_operator.py took 0.089 seconds
[2026-08-04T08:25:50.610+0000] {processor.py:186} INFO - Started process (PID=667) to work on /home/airflow/.local/lib/python3.12/site-packages/airflow/example_dags/example_python_operator.py
[2026-08-04T08:25:50.611+0000] {processor.py:914} INFO - Processing file /home/airflow/.local/lib/python3.12/site-packages/airflow/example_dags/example_python_operator.py for tasks to queue
[2026-08-04T08:25:50.614+0000] {logging_mixin.py:190} INFO - [2026-08-04T08:25:50.614+0000] {dagbag.py:588} INFO - Filling up the DagBag from /home/airflow/.local/lib/python3.12/site-packages/airflow/example_dags/example_python_operator.py
[2026-08-04T08:25:50.627+0000] {processor.py:925} INFO - DAG(s) 'example_python_operator' retrieved from /home/airflow/.local/lib/python3.12/site-packages/airflow/example_dags/example_python_operator.py
[2026-08-04T08:25:50.650+0000] {logging_mixin.py:190} INFO - [2026-08-04T08:25:50.650+0000] {dag.py:3239} INFO - Sync 1 DAGs
[2026-08-04T08:25:50.672+0000] {logging_mixin.py:190} INFO - [2026-08-04T08:25:50.671+0000] {dag.py:4180} INFO - Setting next_dagrun for example_python_operator to None, run_after=None
[2026-08-04T08:25:50.695+0000] {processor.py:208} INFO - Processing /home/airflow/.local/lib/python3.12/site-packages/airflow/example_dags/example_python_operator.py took 0.092 seconds
[2026-08-04T08:26:20.793+0000] {processor.py:186} INFO - Started process (PID=733) to work on /home/airflow/.local/lib/python3.12/site-packages/airflow/example_dags/example_python_operator.py
[2026-08-04T08:26:20.795+0000] {processor.py:914} INFO - Processing file /home/airflow/.local/lib/python3.12/site-packages/airflow/example_dags/example_python_operator.py for tasks to queue
[2026-08-04T08:26:20.797+0000] {logging_mixin.py:190} INFO - [2026-08-04T08:26:20.797+0000] {dagbag.py:588} INFO - Filling up the DagBag from /home/airflow/.local/lib/python3.12/site-packages/airflow/example_dags/example_python_operator.py
[2026-08-04T08:26:20.811+0000] {processor.py:925} INFO - DAG(s) 'example_python_operator' retrieved from /home/airflow/.local/lib/python3.12/site-packages/airflow/example_dags/example_python_operator.py
[2026-08-04T08:26:20.832+0000] {logging_mixin.py:190} INFO - [2026-08-04T08:26:20.832+0000] {dag.py:3239} INFO - Sync 1 DAGs
[2026-08-04T08:26:20.848+0000] {logging_mixin.py:190} INFO - [2026-08-04T08:26:20.848+0000] {dag.py:4180} INFO - Setting next_dagrun for example_python_operator to None, run_after=None
[2026-08-04T08:26:20.874+0000] {processor.py:208} INFO - Processing /home/airflow/.local/lib/python3.12/site-packages/airflow/example_dags/example_python_operator.py took 0.087 seconds
[2026-08-04T08:26:51.402+0000] {processor.py:186} INFO - Started process (PID=798) to work on /home/airflow/.local/lib/python3.12/site-packages/airflow/example_dags/example_python_operator.py
[2026-08-04T08:26:51.404+0000] {processor.py:914} INFO - Processing file /home/airflow/.local/lib/python3.12/site-packages/airflow/example_dags/example_python_operator.py for tasks to queue
[2026-08-04T08:26:51.406+0000] {logging_mixin.py:190} INFO - [2026-08-04T08:26:51.406+0000] {dagbag.py:588} INFO - Filling up the DagBag from /home/airflow/.local/lib/python3.12/site-packages/airflow/example_dags/example_python_operator.py
[2026-08-04T08:26:51.418+0000] {processor.py:925} INFO - DAG(s) 'example_python_operator' retrieved from /home/airflow/.local/lib/python3.12/site-packages/airflow/example_dags/example_python_operator.py
[2026-08-04T08:26:51.440+0000] {logging_mixin.py:190} INFO - [2026-08-04T08:26:51.440+0000] {dag.py:3239} INFO - Sync 1 DAGs
[2026-08-04T08:26:51.456+0000] {logging_mixin.py:190} INFO - [2026-08-04T08:26:51.455+0000] {dag.py:4180} INFO - Setting next_dagrun for example_python_operator to None, run_after=None
[2026-08-04T08:26:51.475+0000] {processor.py:208} INFO - Processing /home/airflow/.local/lib/python3.12/site-packages/airflow/example_dags/example_python_operator.py took 0.078 seconds
[2026-08-04T08:27:21.587+0000] {processor.py:186} INFO - Started process (PID=863) to work on /home/airflow/.local/lib/python3.12/site-packages/airflow/example_dags/example_python_operator.py
[2026-08-04T08:27:21.588+0000] {processor.py:914} INFO - Processing file /home/airflow/.local/lib/python3.12/site-packages/airflow/example_dags/example_python_operator.py for tasks to queue
[2026-08-04T08:27:21.593+0000] {logging_mixin.py:190} INFO - [2026-08-04T08:27:21.593+0000] {dagbag.py:588} INFO - Filling up the DagBag from /home/airflow/.local/lib/python3.12/site-packages/airflow/example_dags/example_python_operator.py
[2026-08-04T08:27:21.607+0000] {processor.py:925} INFO - DAG(s) 'example_python_operator' retrieved from /home/airflow/.local/lib/python3.12/site-packages/airflow/example_dags/example_python_operator.py
[2026-08-04T08:27:21.629+0000] {logging_mixin.py:190} INFO - [2026-08-04T08:27:21.629+0000] {dag.py:3239} INFO - Sync 1 DAGs
[2026-08-04T08:27:21.646+0000] {logging_mixin.py:190} INFO - [2026-08-04T08:27:21.645+0000] {dag.py:4180} INFO - Setting next_dagrun for example_python_operator to None, run_after=None
[2026-08-04T08:27:21.667+0000] {processor.py:208} INFO - Processing /home/airflow/.local/lib/python3.12/site-packages/airflow/example_dags/example_python_operator.py took 0.086 seconds
[2026-08-04T08:27:51.800+0000] {processor.py:186} INFO - Started process (PID=928) to work on /home/airflow/.local/lib/python3.12/site-packages/airflow/example_dags/example_python_operator.py
[2026-08-04T08:27:51.801+0000] {processor.py:914} INFO - Processing file /home/airflow/.local/lib/python3.12/site-packages/airflow/example_dags/example_python_operator.py for tasks to queue
[2026-08-04T08:27:51.805+0000] {logging_mixin.py:190} INFO - [2026-08-04T08:27:51.804+0000] {dagbag.py:588} INFO - Filling up the DagBag from /home/airflow/.local/lib/python3.12/site-packages/airflow/example_dags/example_python_operator.py
[2026-08-04T08:27:51.820+0000] {processor.py:925} INFO - DAG(s) 'example_python_operator' retrieved from /home/airflow/.local/lib/python3.12/site-packages/airflow/example_dags/example_python_operator.py
[2026-08-04T08:27:51.842+0000] {logging_mixin.py:190} INFO - [2026-08-04T08:27:51.842+0000] {dag.py:3239} INFO - Sync 1 DAGs
[2026-08-04T08:27:51.859+0000] {logging_mixin.py:190} INFO - [2026-08-04T08:27:51.859+0000] {dag.py:4180} INFO - Setting next_dagrun for example_python_operator to None, run_after=None
[2026-08-04T08:27:51.881+0000] {processor.py:208} INFO - Processing /home/airflow/.local/lib/python3.12/site-packages/airflow/example_dags/example_python_operator.py took 0.088 seconds
[2026-08-04T08:28:22.228+0000] {processor.py:186} INFO - Started process (PID=993) to work on /home/airflow/.local/lib/python3.12/site-packages/airflow/example_dags/example_python_operator.py
[2026-08-04T08:28:22.229+0000] {processor.py:914} INFO - Processing file /home/airflow/.local/lib/python3.12/site-packages/airflow/example_dags/example_python_operator.py for tasks to queue
[2026-08-04T08:28:22.232+0000] {logging_mixin.py:190} INFO - [2026-08-04T08:28:22.232+0000] {dagbag.py:588} INFO - Filling up the DagBag from /home/airflow/.local/lib/python3.12/site-packages/airflow/example_dags/example_python_operator.py
[2026-08-04T08:28:22.248+0000] {processor.py:925} INFO - DAG(s) 'example_python_operator' retrieved from /home/airflow/.local/lib/python3.12/site-packages/airflow/example_dags/example_python_operator.py
[2026-08-04T08:28:22.271+0000] {logging_mixin.py:190} INFO - [2026-08-04T08:28:22.271+0000] {dag.py:3239} INFO - Sync 1 DAGs
[2026-08-04T08:28:22.290+0000] {logging_mixin.py:190} INFO - [2026-08-04T08:28:22.290+0000] {dag.py:4180} INFO - Setting next_dagrun for example_python_operator to None, run_after=None
[2026-08-04T08:28:22.312+0000] {processor.py:208} INFO - Processing /home/airflow/.local/lib/python3.12/site-packages/airflow/example_dags/example_python_operator.py took 0.092 seconds
[2026-08-04T08:28:52.779+0000] {processor.py:186} INFO - Started process (PID=1058) to work on /home/airflow/.local/lib/python3.12/site-packages/airflow/example_dags/example_python_operator.py
[2026-08-04T08:28:52.781+0000] {processor.py:914} INFO - Processing file /home/airflow/.local/lib/python3.12/site-packages/airflow/example_dags/example_python_operator.py for tasks to queue
[2026-08-04T08:28:52.783+0000] {logging_mixin.py:190} INFO - [2026-08-04T08:28:52.783+0000] {dagbag.py:588} INFO - Filling up the DagBag from /home/airflow/.local/lib/python3.12/site-packages/airflow/example_dags/example_python_operator.py
[2026-08-04T08:28:52.796+0000] {processor.py:925} INFO - DAG(s) 'example_python_operator' retrieved from /home/airflow/.local/lib/python3.12/site-packages/airflow/example_dags/example_python_operator.py
[2026-08-04T08:28:52.818+0000] {logging_mixin.py:190} INFO - [2026-08-04T08:28:52.817+0000] {dag.py:3239} INFO - Sync 1 DAGs
[2026-08-04T08:28:52.833+0000] {logging_mixin.py:190} INFO - [2026-08-04T08:28:52.833+0000] {dag.py:4180} INFO - Setting next_dagrun for example_python_operator to None, run_after=None
[2026-08-04T08:28:52.853+0000] {processor.py:208} INFO - Processing /home/airflow/.local/lib/python3.12/site-packages/airflow/example_dags/example_python_operator.py took 0.080 seconds
[2026-08-04T08:29:23.057+0000] {processor.py:186} INFO - Started process (PID=1123) to work on /home/airflow/.local/lib/python3.12/site-packages/airflow/example_dags/example_python_operator.py
[2026-08-04T08:29:23.058+0000] {processor.py:914} INFO - Processing file /home/airflow/.local/lib/python3.12/site-packages/airflow/example_dags/example_python_operator.py for tasks to queue
[2026-08-04T08:29:23.061+0000] {logging_mixin.py:190} INFO - [2026-08-04T08:29:23.060+0000] {dagbag.py:588} INFO - Filling up the DagBag from /home/airflow/.local/lib/python3.12/site-packages/airflow/example_dags/example_python_operator.py
[2026-08-04T08:29:23.075+0000] {processor.py:925} INFO - DAG(s) 'example_python_operator' retrieved from /home/airflow/.local/lib/python3.12/site-packages/airflow/example_dags/example_python_operator.py
[2026-08-04T08:29:23.100+0000] {logging_mixin.py:190} INFO - [2026-08-04T08:29:23.100+0000] {dag.py:3239} INFO - Sync 1 DAGs
[2026-08-04T08:29:23.128+0000] {logging_mixin.py:190} INFO - [2026-08-04T08:29:23.127+0000] {dag.py:4180} INFO - Setting next_dagrun for example_python_operator to None, run_after=None
[2026-08-04T08:29:23.148+0000] {processor.py:208} INFO - Processing /home/airflow/.local/lib/python3.12/site-packages/airflow/example_dags/example_python_operator.py took 0.097 seconds
[2026-08-04T08:29:53.397+0000] {processor.py:186} INFO - Started process (PID=1189) to work on /home/airflow/.local/lib/python3.12/site-packages/airflow/example_dags/example_python_operator.py
[2026-08-04T08:29:53.398+0000] {processor.py:914} INFO - Processing file /home/airflow/.local/lib/python3.12/site-packages/airflow/example_dags/example_python_operator.py for tasks to queue
[2026-08-04T08:29:53.403+0000] {logging_mixin.py:190} INFO - [2026-08-04T08:29:53.402+0000] {dagbag.py:588} INFO - Filling up the DagBag from /home/airflow/.local/lib/python3.12/site-packages/airflow/example_dags/example_python_operator.py
[2026-08-04T08:29:53.420+0000] {processor.py:925} INFO - DAG(s) 'example_python_operator' retrieved from /home/airflow/.local/lib/python3.12/site-packages/airflow/example_dags/example_python_operator.py
[2026-08-04T08:29:53.447+0000] {logging_mixin.py:190} INFO - [2026-08-04T08:29:53.447+0000] {dag.py:3239} INFO - Sync 1 DAGs
[2026-08-04T08:29:53.466+0000] {logging_mixin.py:190} INFO - [2026-08-04T08:29:53.466+0000] {dag.py:4180} INFO - Setting next_dagrun for example_python_operator to None, run_after=None
[2026-08-04T08:29:53.488+0000] {processor.py:208} INFO - Processing /home/airflow/.local/lib/python3.12/site-packages/airflow/example_dags/example_python_operator.py took 0.099 seconds
[2026-08-04T08:30:24.015+0000] {processor.py:186} INFO - Started process (PID=1254) to work on /home/airflow/.local/lib/python3.12/site-packages/airflow/example_dags/example_python_operator.py
[2026-08-04T08:30:24.016+0000] {processor.py:914} INFO - Processing file /home/airflow/.local/lib/python3.12/site-packages/airflow/example_dags/example_python_operator.py for tasks to queue
[2026-08-04T08:30:24.019+0000] {logging_mixin.py:190} INFO - [2026-08-04T08:30:24.019+0000] {dagbag.py:588} INFO - Filling up the DagBag from /home/airflow/.local/lib/python3.12/site-packages/airflow/example_dags/example_python_operator.py
[2026-08-04T08:30:24.036+0000] {processor.py:925} INFO - DAG(s) 'example_python_operator' retrieved from /home/airflow/.local/lib/python3.12/site-packages/airflow/example_dags/example_python_operator.py
[2026-08-04T08:30:24.062+0000] {logging_mixin.py:190} INFO - [2026-08-04T08:30:24.061+0000] {dag.py:3239} INFO - Sync 1 DAGs
[2026-08-04T08:30:24.078+0000] {logging_mixin.py:190} INFO - [2026-08-04T08:30:24.078+0000] {dag.py:4180} INFO - Setting next_dagrun for example_python_operator to None, run_after=None
[2026-08-04T08:30:24.100+0000] {processor.py:208} INFO - Processing /home/airflow/.local/lib/python3.12/site-packages/airflow/example_dags/example_python_operator.py took 0.091 seconds
[2026-08-04T08:30:54.277+0000] {processor.py:186} INFO - Started process (PID=1318) to work on /home/airflow/.local/lib/python3.12/site-packages/airflow/example_dags/example_python_operator.py
[2026-08-04T08:30:54.278+0000] {processor.py:914} INFO - Processing file /home/airflow/.local/lib/python3.12/site-packages/airflow/example_dags/example_python_operator.py for tasks to queue
[2026-08-04T08:30:54.280+0000] {logging_mixin.py:190} INFO - [2026-08-04T08:30:54.280+0000] {dagbag.py:588} INFO - Filling up the DagBag from /home/airflow/.local/lib/python3.12/site-packages/airflow/example_dags/example_python_operator.py
[2026-08-04T08:30:54.292+0000] {processor.py:925} INFO - DAG(s) 'example_python_operator' retrieved from /home/airflow/.local/lib/python3.12/site-packages/airflow/example_dags/example_python_operator.py
[2026-08-04T08:30:54.313+0000] {logging_mixin.py:190} INFO - [2026-08-04T08:30:54.313+0000] {dag.py:3239} INFO - Sync 1 DAGs
[2026-08-04T08:30:54.327+0000] {logging_mixin.py:190} INFO - [2026-08-04T08:30:54.327+0000] {dag.py:4180} INFO - Setting next_dagrun for example_python_operator to None, run_after=None
[2026-08-04T08:30:54.346+0000] {processor.py:208} INFO - Processing /home/airflow/.local/lib/python3.12/site-packages/airflow/example_dags/example_python_operator.py took 0.075 seconds
[2026-08-04T08:31:24.705+0000] {processor.py:186} INFO - Started process (PID=1384) to work on /home/airflow/.local/lib/python3.12/site-packages/airflow/example_dags/example_python_operator.py
[2026-08-04T08:31:24.706+0000] {processor.py:914} INFO - Processing file /home/airflow/.local/lib/python3.12/site-packages/airflow/example_dags/example_python_operator.py for tasks to queue
[2026-08-04T08:31:24.709+0000] {logging_mixin.py:190} INFO - [2026-08-04T08:31:24.708+0000] {dagbag.py:588} INFO - Filling up the DagBag from /home/airflow/.local/lib/python3.12/site-packages/airflow/example_dags/example_python_operator.py
[2026-08-04T08:31:24.721+0000] {processor.py:925} INFO - DAG(s) 'example_python_operator' retrieved from /home/airflow/.local/lib/python3.12/site-packages/airflow/example_dags/example_python_operator.py
[2026-08-04T08:31:24.744+0000] {logging_mixin.py:190} INFO - [2026-08-04T08:31:24.744+0000] {dag.py:3239} INFO - Sync 1 DAGs
[2026-08-04T08:31:24.762+0000] {logging_mixin.py:190} INFO - [2026-08-04T08:31:24.762+0000] {dag.py:4180} INFO - Setting next_dagrun for example_python_operator to None, run_after=None
[2026-08-04T08:31:24.783+0000] {processor.py:208} INFO - Processing /home/airflow/.local/lib/python3.12/site-packages/airflow/example_dags/example_python_operator.py took 0.084 seconds
[2026-08-04T08:31:55.033+0000] {processor.py:186} INFO - Started process (PID=1449) to work on /home/airflow/.local/lib/python3.12/site-packages/airflow/example_dags/example_python_operator.py
[2026-08-04T08:31:55.034+0000] {processor.py:914} INFO - Processing file /home/airflow/.local/lib/python3.12/site-packages/airflow/example_dags/example_python_operator.py for tasks to queue
[2026-08-04T08:31:55.037+0000] {logging_mixin.py:190} INFO - [2026-08-04T08:31:55.037+0000] {dagbag.py:588} INFO - Filling up the DagBag from /home/airflow/.local/lib/python3.12/site-packages/airflow/example_dags/example_python_operator.py
[2026-08-04T08:31:55.050+0000] {processor.py:925} INFO - DAG(s) 'example_python_operator' retrieved from /home/airflow/.local/lib/python3.12/site-packages/airflow/example_dags/example_python_operator.py
[2026-08-04T08:31:55.073+0000] {logging_mixin.py:190} INFO - [2026-08-04T08:31:55.073+0000] {dag.py:3239} INFO - Sync 1 DAGs
[2026-08-04T08:31:55.090+0000] {logging_mixin.py:190} INFO - [2026-08-04T08:31:55.090+0000] {dag.py:4180} INFO - Setting next_dagrun for example_python_operator to None, run_after=None
[2026-08-04T08:31:55.111+0000] {processor.py:208} INFO - Processing /home/airflow/.local/lib/python3.12/site-packages/airflow/example_dags/example_python_operator.py took 0.084 seconds
[2026-08-04T08:32:25.330+0000] {processor.py:186} INFO - Started process (PID=1514) to work on /home/airflow/.local/lib/python3.12/site-packages/airflow/example_dags/example_python_operator.py
[2026-08-04T08:32:25.332+0000] {processor.py:914} INFO - Processing file /home/airflow/.local/lib/python3.12/site-packages/airflow/example_dags/example_python_operator.py for tasks to queue
[2026-08-04T08:32:25.335+0000] {logging_mixin.py:190} INFO - [2026-08-04T08:32:25.334+0000] {dagbag.py:588} INFO - Filling up the DagBag from /home/airflow/.local/lib/python3.12/site-packages/airflow/example_dags/example_python_operator.py
[2026-08-04T08:32:25.348+0000] {processor.py:925} INFO - DAG(s) 'example_python_operator' retrieved from /home/airflow/.local/lib/python3.12/site-packages/airflow/example_dags/example_python_operator.py
[2026-08-04T08:32:25.373+0000] {logging_mixin.py:190} INFO - [2026-08-04T08:32:25.372+0000] {dag.py:3239} INFO - Sync 1 DAGs
[2026-08-04T08:32:25.389+0000] {logging_mixin.py:190} INFO - [2026-08-04T08:32:25.389+0000] {dag.py:4180} INFO - Setting next_dagrun for example_python_operator to None, run_after=None
[2026-08-04T08:32:25.409+0000] {processor.py:208} INFO - Processing /home/airflow/.local/lib/python3.12/site-packages/airflow/example_dags/example_python_operator.py took 0.085 seconds
[2026-08-04T08:32:55.652+0000] {processor.py:186} INFO - Started process (PID=1579) to work on /home/airflow/.local/lib/python3.12/site-packages/airflow/example_dags/example_python_operator.py
[2026-08-04T08:32:55.654+0000] {processor.py:914} INFO - Processing file /home/airflow/.local/lib/python3.12/site-packages/airflow/example_dags/example_python_operator.py for tasks to queue
[2026-08-04T08:32:55.657+0000] {logging_mixin.py:190} INFO - [2026-08-04T08:32:55.656+0000] {dagbag.py:588} INFO - Filling up the DagBag from /home/airflow/.local/lib/python3.12/site-packages/airflow/example_dags/example_python_operator.py
[2026-08-04T08:32:55.670+0000] {processor.py:925} INFO - DAG(s) 'example_python_operator' retrieved from /home/airflow/.local/lib/python3.12/site-packages/airflow/example_dags/example_python_operator.py
[2026-08-04T08:32:55.697+0000] {logging_mixin.py:190} INFO - [2026-08-04T08:32:55.696+0000] {dag.py:3239} INFO - Sync 1 DAGs
[2026-08-04T08:32:55.717+0000] {logging_mixin.py:190} INFO - [2026-08-04T08:32:55.717+0000] {dag.py:4180} INFO - Setting next_dagrun for example_python_operator to None, run_after=None
[2026-08-04T08:32:55.745+0000] {processor.py:208} INFO - Processing /home/airflow/.local/lib/python3.12/site-packages/airflow/example_dags/example_python_operator.py took 0.099 seconds
[2026-08-04T08:33:25.941+0000] {processor.py:186} INFO - Started process (PID=1644) to work on /home/airflow/.local/lib/python3.12/site-packages/airflow/example_dags/example_python_operator.py
[2026-08-04T08:33:25.942+0000] {processor.py:914} INFO - Processing file /home/airflow/.local/lib/python3.12/site-packages/airflow/example_dags/example_python_operator.py for tasks to queue
[2026-08-04T08:33:25.945+0000] {logging_mixin.py:190} INFO - [2026-08-04T08:33:25.945+0000] {dagbag.py:588} INFO - Filling up the DagBag from /home/airflow/.local/lib/python3.12/site-packages/airflow/example_dags/example_python_operator.py
[2026-08-04T08:33:25.959+0000] {processor.py:925} INFO - DAG(s) 'example_python_operator' retrieved from /home/airflow/.local/lib/python3.12/site-packages/airflow/example_dags/example_python_operator.py
[2026-08-04T08:33:25.983+0000] {logging_mixin.py:190} INFO - [2026-08-04T08:33:25.983+0000] {dag.py:3239} INFO - Sync 1 DAGs
[2026-08-04T08:33:26.002+0000] {logging_mixin.py:190} INFO - [2026-08-04T08:33:26.002+0000] {dag.py:4180} INFO - Setting next_dagrun for example_python_operator to None, run_after=None
[2026-08-04T08:33:26.024+0000] {processor.py:208} INFO - Processing /home/airflow/.local/lib/python3.12/site-packages/airflow/example_dags/example_python_operator.py took 0.089 seconds
[2026-08-04T08:33:56.386+0000] {processor.py:186} INFO - Started process (PID=1709) to work on /home/airflow/.local/lib/python3.12/site-packages/airflow/example_dags/example_python_operator.py
[2026-08-04T08:33:56.387+0000] {processor.py:914} INFO - Processing file /home/airflow/.local/lib/python3.12/site-packages/airflow/example_dags/example_python_operator.py for tasks to queue
[2026-08-04T08:33:56.390+0000] {logging_mixin.py:190} INFO - [2026-08-04T08:33:56.390+0000] {dagbag.py:588} INFO - Filling up the DagBag from /home/airflow/.local/lib/python3.12/site-packages/airflow/example_dags/example_python_operator.py
[2026-08-04T08:33:56.404+0000] {processor.py:925} INFO - DAG(s) 'example_python_operator' retrieved from /home/airflow/.local/lib/python3.12/site-packages/airflow/example_dags/example_python_operator.py
[2026-08-04T08:33:56.426+0000] {logging_mixin.py:190} INFO - [2026-08-04T08:33:56.426+0000] {dag.py:3239} INFO - Sync 1 DAGs
[2026-08-04T08:33:56.444+0000] {logging_mixin.py:190} INFO - [2026-08-04T08:33:56.443+0000] {dag.py:4180} INFO - Setting next_dagrun for example_python_operator to None, run_after=None
[2026-08-04T08:33:56.464+0000] {processor.py:208} INFO - Processing /home/airflow/.local/lib/python3.12/site-packages/airflow/example_dags/example_python_operator.py took 0.084 seconds
[2026-08-04T08:34:26.902+0000] {processor.py:186} INFO - Started process (PID=1774) to work on /home/airflow/.local/lib/python3.12/site-packages/airflow/example_dags/example_python_operator.py
[2026-08-04T08:34:26.903+0000] {processor.py:914} INFO - Processing file /home/airflow/.local/lib/python3.12/site-packages/airflow/example_dags/example_python_operator.py for tasks to queue
[2026-08-04T08:34:26.906+0000] {logging_mixin.py:190} INFO - [2026-08-04T08:34:26.906+0000] {dagbag.py:588} INFO - Filling up the DagBag from /home/airflow/.local/lib/python3.12/site-packages/airflow/example_dags/example_python_operator.py
[2026-08-04T08:34:26.920+0000] {processor.py:925} INFO - DAG(s) 'example_python_operator' retrieved from /home/airflow/.local/lib/python3.12/site-packages/airflow/example_dags/example_python_operator.py
[2026-08-04T08:34:26.943+0000] {logging_mixin.py:190} INFO - [2026-08-04T08:34:26.943+0000] {dag.py:3239} INFO - Sync 1 DAGs
[2026-08-04T08:34:26.959+0000] {logging_mixin.py:190} INFO - [2026-08-04T08:34:26.958+0000] {dag.py:4180} INFO - Setting next_dagrun for example_python_operator to None, run_after=None
[2026-08-04T08:34:26.979+0000] {processor.py:208} INFO - Processing /home/airflow/.local/lib/python3.12/site-packages/airflow/example_dags/example_python_operator.py took 0.084 seconds
[2026-08-04T08:34:57.884+0000] {processor.py:186} INFO - Started process (PID=1839) to work on /home/airflow/.local/lib/python3.12/site-packages/airflow/example_dags/example_python_operator.py
[2026-08-04T08:34:57.885+0000] {processor.py:914} INFO - Processing file /home/airflow/.local/lib/python3.12/site-packages/airflow/example_dags/example_python_operator.py for tasks to queue
[2026-08-04T08:34:57.889+0000] {logging_mixin.py:190} INFO - [2026-08-04T08:34:57.889+0000] {dagbag.py:588} INFO - Filling up the DagBag from /home/airflow/.local/lib/python3.12/site-packages/airflow/example_dags/example_python_operator.py
[2026-08-04T08:34:57.904+0000] {processor.py:925} INFO - DAG(s) 'example_python_operator' retrieved from /home/airflow/.local/lib/python3.12/site-packages/airflow/example_dags/example_python_operator.py
[2026-08-04T08:34:57.935+0000] {logging_mixin.py:190} INFO - [2026-08-04T08:34:57.935+0000] {dag.py:3239} INFO - Sync 1 DAGs
[2026-08-04T08:34:57.960+0000] {logging_mixin.py:190} INFO - [2026-08-04T08:34:57.960+0000] {dag.py:4180} INFO - Setting next_dagrun for example_python_operator to None, run_after=None
[2026-08-04T08:34:57.989+0000] {processor.py:208} INFO - Processing /home/airflow/.local/lib/python3.12/site-packages/airflow/example_dags/example_python_operator.py took 0.112 seconds
[2026-08-04T08:35:29.154+0000] {processor.py:186} INFO - Started process (PID=1904) to work on /home/airflow/.local/lib/python3.12/site-packages/airflow/example_dags/example_python_operator.py
[2026-08-04T08:35:29.155+0000] {processor.py:914} INFO - Processing file /home/airflow/.local/lib/python3.12/site-packages/airflow/example_dags/example_python_operator.py for tasks to queue
[2026-08-04T08:35:29.159+0000] {logging_mixin.py:190} INFO - [2026-08-04T08:35:29.158+0000] {dagbag.py:588} INFO - Filling up the DagBag from /home/airflow/.local/lib/python3.12/site-packages/airflow/example_dags/example_python_operator.py
[2026-08-04T08:35:29.174+0000] {processor.py:925} INFO - DAG(s) 'example_python_operator' retrieved from /home/airflow/.local/lib/python3.12/site-packages/airflow/example_dags/example_python_operator.py
[2026-08-04T08:35:29.198+0000] {logging_mixin.py:190} INFO - [2026-08-04T08:35:29.198+0000] {dag.py:3239} INFO - Sync 1 DAGs
[2026-08-04T08:35:29.215+0000] {logging_mixin.py:190} INFO - [2026-08-04T08:35:29.215+0000] {dag.py:4180} INFO - Setting next_dagrun for example_python_operator to None, run_after=None
[2026-08-04T08:35:29.236+0000] {processor.py:208} INFO - Processing /home/airflow/.local/lib/python3.12/site-packages/airflow/example_dags/example_python_operator.py took 0.088 seconds
[2026-08-04T08:35:59.751+0000] {processor.py:186} INFO - Started process (PID=1967) to work on /home/airflow/.local/lib/python3.12/site-packages/airflow/example_dags/example_python_operator.py
[2026-08-04T08:35:59.753+0000] {processor.py:914} INFO - Processing file /home/airflow/.local/lib/python3.12/site-packages/airflow/example_dags/example_python_operator.py for tasks to queue
[2026-08-04T08:35:59.755+0000] {logging_mixin.py:190} INFO - [2026-08-04T08:35:59.755+0000] {dagbag.py:588} INFO - Filling up the DagBag from /home/airflow/.local/lib/python3.12/site-packages/airflow/example_dags/example_python_operator.py
[2026-08-04T08:35:59.768+0000] {processor.py:925} INFO - DAG(s) 'example_python_operator' retrieved from /home/airflow/.local/lib/python3.12/site-packages/airflow/example_dags/example_python_operator.py
[2026-08-04T08:35:59.791+0000] {logging_mixin.py:190} INFO - [2026-08-04T08:35:59.790+0000] {dag.py:3239} INFO - Sync 1 DAGs
[2026-08-04T08:35:59.807+0000] {logging_mixin.py:190} INFO - [2026-08-04T08:35:59.807+0000] {dag.py:4180} INFO - Setting next_dagrun for example_python_operator to None, run_after=None
[2026-08-04T08:35:59.830+0000] {processor.py:208} INFO - Processing /home/airflow/.local/lib/python3.12/site-packages/airflow/example_dags/example_python_operator.py took 0.084 seconds
[2026-08-04T08:36:31.357+0000] {processor.py:186} INFO - Started process (PID=2027) to work on /home/airflow/.local/lib/python3.12/site-packages/airflow/example_dags/example_python_operator.py
[2026-08-04T08:36:31.359+0000] {processor.py:914} INFO - Processing file /home/airflow/.local/lib/python3.12/site-packages/airflow/example_dags/example_python_operator.py for tasks to queue
[2026-08-04T08:36:31.362+0000] {logging_mixin.py:190} INFO - [2026-08-04T08:36:31.361+0000] {dagbag.py:588} INFO - Filling up the DagBag from /home/airflow/.local/lib/python3.12/site-packages/airflow/example_dags/example_python_operator.py
[2026-08-04T08:36:31.376+0000] {processor.py:925} INFO - DAG(s) 'example_python_operator' retrieved from /home/airflow/.local/lib/python3.12/site-packages/airflow/example_dags/example_python_operator.py
[2026-08-04T08:36:31.398+0000] {logging_mixin.py:190} INFO - [2026-08-04T08:36:31.398+0000] {dag.py:3239} INFO - Sync 1 DAGs
[2026-08-04T08:36:31.415+0000] {logging_mixin.py:190} INFO - [2026-08-04T08:36:31.414+0000] {dag.py:4180} INFO - Setting next_dagrun for example_python_operator to None, run_after=None
[2026-08-04T08:36:31.434+0000] {processor.py:208} INFO - Processing /home/airflow/.local/lib/python3.12/site-packages/airflow/example_dags/example_python_operator.py took 0.084 seconds
[2026-08-04T08:37:02.144+0000] {processor.py:186} INFO - Started process (PID=2092) to work on /home/airflow/.local/lib/python3.12/site-packages/airflow/example_dags/example_python_operator.py
[2026-08-04T08:37:02.145+0000] {processor.py:914} INFO - Processing file /home/airflow/.local/lib/python3.12/site-packages/airflow/example_dags/example_python_operator.py for tasks to queue
[2026-08-04T08:37:02.148+0000] {logging_mixin.py:190} INFO - [2026-08-04T08:37:02.147+0000] {dagbag.py:588} INFO - Filling up the DagBag from /home/airflow/.local/lib/python3.12/site-packages/airflow/example_dags/example_python_operator.py
[2026-08-04T08:37:02.161+0000] {processor.py:925} INFO - DAG(s) 'example_python_operator' retrieved from /home/airflow/.local/lib/python3.12/site-packages/airflow/example_dags/example_python_operator.py
[2026-08-04T08:37:02.188+0000] {logging_mixin.py:190} INFO - [2026-08-04T08:37:02.188+0000] {dag.py:3239} INFO - Sync 1 DAGs
[2026-08-04T08:37:02.208+0000] {logging_mixin.py:190} INFO - [2026-08-04T08:37:02.208+0000] {dag.py:4180} INFO - Setting next_dagrun for example_python_operator to None, run_after=None
[2026-08-04T08:37:02.233+0000] {processor.py:208} INFO - Processing /home/airflow/.local/lib/python3.12/site-packages/airflow/example_dags/example_python_operator.py took 0.096 seconds
[2026-08-04T08:37:33.027+0000] {processor.py:186} INFO - Started process (PID=2155) to work on /home/airflow/.local/lib/python3.12/site-packages/airflow/example_dags/example_python_operator.py
[2026-08-04T08:37:33.030+0000] {processor.py:914} INFO - Processing file /home/airflow/.local/lib/python3.12/site-packages/airflow/example_dags/example_python_operator.py for tasks to queue
[2026-08-04T08:37:33.033+0000] {logging_mixin.py:190} INFO - [2026-08-04T08:37:33.033+0000] {dagbag.py:588} INFO - Filling up the DagBag from /home/airflow/.local/lib/python3.12/site-packages/airflow/example_dags/example_python_operator.py
[2026-08-04T08:37:33.046+0000] {processor.py:925} INFO - DAG(s) 'example_python_operator' retrieved from /home/airflow/.local/lib/python3.12/site-packages/airflow/example_dags/example_python_operator.py
[2026-08-04T08:37:33.067+0000] {logging_mixin.py:190} INFO - [2026-08-04T08:37:33.067+0000] {dag.py:3239} INFO - Sync 1 DAGs
[2026-08-04T08:37:33.084+0000] {logging_mixin.py:190} INFO - [2026-08-04T08:37:33.084+0000] {dag.py:4180} INFO - Setting next_dagrun for example_python_operator to None, run_after=None
[2026-08-04T08:37:33.105+0000] {processor.py:208} INFO - Processing /home/airflow/.local/lib/python3.12/site-packages/airflow/example_dags/example_python_operator.py took 0.084 seconds
[2026-08-04T08:38:03.536+0000] {processor.py:186} INFO - Started process (PID=2217) to work on /home/airflow/.local/lib/python3.12/site-packages/airflow/example_dags/example_python_operator.py
[2026-08-04T08:38:03.537+0000] {processor.py:914} INFO - Processing file /home/airflow/.local/lib/python3.12/site-packages/airflow/example_dags/example_python_operator.py for tasks to queue
[2026-08-04T08:38:03.542+0000] {logging_mixin.py:190} INFO - [2026-08-04T08:38:03.541+0000] {dagbag.py:588} INFO - Filling up the DagBag from /home/airflow/.local/lib/python3.12/site-packages/airflow/example_dags/example_python_operator.py
[2026-08-04T08:38:03.560+0000] {processor.py:925} INFO - DAG(s) 'example_python_operator' retrieved from /home/airflow/.local/lib/python3.12/site-packages/airflow/example_dags/example_python_operator.py
[2026-08-04T08:38:03.586+0000] {logging_mixin.py:190} INFO - [2026-08-04T08:38:03.586+0000] {dag.py:3239} INFO - Sync 1 DAGs
[2026-08-04T08:38:03.605+0000] {logging_mixin.py:190} INFO - [2026-08-04T08:38:03.604+0000] {dag.py:4180} INFO - Setting next_dagrun for example_python_operator to None, run_after=None
[2026-08-04T08:38:03.628+0000] {processor.py:208} INFO - Processing /home/airflow/.local/lib/python3.12/site-packages/airflow/example_dags/example_python_operator.py took 0.098 seconds
[2026-08-04T08:38:34.363+0000] {processor.py:186} INFO - Started process (PID=2282) to work on /home/airflow/.local/lib/python3.12/site-packages/airflow/example_dags/example_python_operator.py
[2026-08-04T08:38:34.364+0000] {processor.py:914} INFO - Processing file /home/airflow/.local/lib/python3.12/site-packages/airflow/example_dags/example_python_operator.py for tasks to queue
[2026-08-04T08:38:34.367+0000] {logging_mixin.py:190} INFO - [2026-08-04T08:38:34.366+0000] {dagbag.py:588} INFO - Filling up the DagBag from /home/airflow/.local/lib/python3.12/site-packages/airflow/example_dags/example_python_operator.py
[2026-08-04T08:38:34.380+0000] {processor.py:925} INFO - DAG(s) 'example_python_operator' retrieved from /home/airflow/.local/lib/python3.12/site-packages/airflow/example_dags/example_python_operator.py
[2026-08-04T08:38:34.403+0000] {logging_mixin.py:190} INFO - [2026-08-04T08:38:34.402+0000] {dag.py:3239} INFO - Sync 1 DAGs
[2026-08-04T08:38:34.422+0000] {logging_mixin.py:190} INFO - [2026-08-04T08:38:34.421+0000] {dag.py:4180} INFO - Setting next_dagrun for example_python_operator to None, run_after=None
[2026-08-04T08:38:34.443+0000] {processor.py:208} INFO - Processing /home/airflow/.local/lib/python3.12/site-packages/airflow/example_dags/example_python_operator.py took 0.086 seconds
[2026-08-04T08:39:05.044+0000] {processor.py:186} INFO - Started process (PID=2345) to work on /home/airflow/.local/lib/python3.12/site-packages/airflow/example_dags/example_python_operator.py
[2026-08-04T08:39:05.045+0000] {processor.py:914} INFO - Processing file /home/airflow/.local/lib/python3.12/site-packages/airflow/example_dags/example_python_operator.py for tasks to queue
[2026-08-04T08:39:05.049+0000] {logging_mixin.py:190} INFO - [2026-08-04T08:39:05.048+0000] {dagbag.py:588} INFO - Filling up the DagBag from /home/airflow/.local/lib/python3.12/site-packages/airflow/example_dags/example_python_operator.py
[2026-08-04T08:39:05.064+0000] {processor.py:925} INFO - DAG(s) 'example_python_operator' retrieved from /home/airflow/.local/lib/python3.12/site-packages/airflow/example_dags/example_python_operator.py
[2026-08-04T08:39:05.086+0000] {logging_mixin.py:190} INFO - [2026-08-04T08:39:05.086+0000] {dag.py:3239} INFO - Sync 1 DAGs
[2026-08-04T08:39:05.104+0000] {logging_mixin.py:190} INFO - [2026-08-04T08:39:05.104+0000] {dag.py:4180} INFO - Setting next_dagrun for example_python_operator to None, run_after=None
[2026-08-04T08:39:05.124+0000] {processor.py:208} INFO - Processing /home/airflow/.local/lib/python3.12/site-packages/airflow/example_dags/example_python_operator.py took 0.087 seconds
[2026-08-04T08:39:35.766+0000] {processor.py:186} INFO - Started process (PID=2405) to work on /home/airflow/.local/lib/python3.12/site-packages/airflow/example_dags/example_python_operator.py
[2026-08-04T08:39:35.768+0000] {processor.py:914} INFO - Processing file /home/airflow/.local/lib/python3.12/site-packages/airflow/example_dags/example_python_operator.py for tasks to queue
[2026-08-04T08:39:35.771+0000] {logging_mixin.py:190} INFO - [2026-08-04T08:39:35.770+0000] {dagbag.py:588} INFO - Filling up the DagBag from /home/airflow/.local/lib/python3.12/site-packages/airflow/example_dags/example_python_operator.py
[2026-08-04T08:39:35.788+0000] {processor.py:925} INFO - DAG(s) 'example_python_operator' retrieved from /home/airflow/.local/lib/python3.12/site-packages/airflow/example_dags/example_python_operator.py
[2026-08-04T08:39:35.810+0000] {logging_mixin.py:190} INFO - [2026-08-04T08:39:35.810+0000] {dag.py:3239} INFO - Sync 1 DAGs
[2026-08-04T08:39:35.826+0000] {logging_mixin.py:190} INFO - [2026-08-04T08:39:35.826+0000] {dag.py:4180} INFO - Setting next_dagrun for example_python_operator to None, run_after=None
[2026-08-04T08:39:35.860+0000] {processor.py:208} INFO - Processing /home/airflow/.local/lib/python3.12/site-packages/airflow/example_dags/example_python_operator.py took 0.100 seconds
[2026-08-04T08:40:06.701+0000] {processor.py:186} INFO - Started process (PID=2469) to work on /home/airflow/.local/lib/python3.12/site-packages/airflow/example_dags/example_python_operator.py
[2026-08-04T08:40:06.702+0000] {processor.py:914} INFO - Processing file /home/airflow/.local/lib/python3.12/site-packages/airflow/example_dags/example_python_operator.py for tasks to queue
[2026-08-04T08:40:06.705+0000] {logging_mixin.py:190} INFO - [2026-08-04T08:40:06.705+0000] {dagbag.py:588} INFO - Filling up the DagBag from /home/airflow/.local/lib/python3.12/site-packages/airflow/example_dags/example_python_operator.py
[2026-08-04T08:40:06.720+0000] {processor.py:925} INFO - DAG(s) 'example_python_operator' retrieved from /home/airflow/.local/lib/python3.12/site-packages/airflow/example_dags/example_python_operator.py
[2026-08-04T08:40:06.741+0000] {logging_mixin.py:190} INFO - [2026-08-04T08:40:06.741+0000] {dag.py:3239} INFO - Sync 1 DAGs
[2026-08-04T08:40:06.757+0000] {logging_mixin.py:190} INFO - [2026-08-04T08:40:06.756+0000] {dag.py:4180} INFO - Setting next_dagrun for example_python_operator to None, run_after=None
[2026-08-04T08:40:06.776+0000] {processor.py:208} INFO - Processing /home/airflow/.local/lib/python3.12/site-packages/airflow/example_dags/example_python_operator.py took 0.081 seconds
[2026-08-04T08:40:37.658+0000] {processor.py:186} INFO - Started process (PID=2534) to work on /home/airflow/.local/lib/python3.12/site-packages/airflow/example_dags/example_python_operator.py
[2026-08-04T08:40:37.659+0000] {processor.py:914} INFO - Processing file /home/airflow/.local/lib/python3.12/site-packages/airflow/example_dags/example_python_operator.py for tasks to queue
[2026-08-04T08:40:37.662+0000] {logging_mixin.py:190} INFO - [2026-08-04T08:40:37.662+0000] {dagbag.py:588} INFO - Filling up the DagBag from /home/airflow/.local/lib/python3.12/site-packages/airflow/example_dags/example_python_operator.py
[2026-08-04T08:40:37.676+0000] {processor.py:925} INFO - DAG(s) 'example_python_operator' retrieved from /home/airflow/.local/lib/python3.12/site-packages/airflow/example_dags/example_python_operator.py
[2026-08-04T08:40:37.700+0000] {logging_mixin.py:190} INFO - [2026-08-04T08:40:37.700+0000] {dag.py:3239} INFO - Sync 1 DAGs
[2026-08-04T08:40:37.718+0000] {logging_mixin.py:190} INFO - [2026-08-04T08:40:37.718+0000] {dag.py:4180} INFO - Setting next_dagrun for example_python_operator to None, run_after=None
[2026-08-04T08:40:37.737+0000] {processor.py:208} INFO - Processing /home/airflow/.local/lib/python3.12/site-packages/airflow/example_dags/example_python_operator.py took 0.085 seconds
[2026-08-04T08:41:08.039+0000] {processor.py:186} INFO - Started process (PID=2592) to work on /home/airflow/.local/lib/python3.12/site-packages/airflow/example_dags/example_python_operator.py
[2026-08-04T08:41:08.040+0000] {processor.py:914} INFO - Processing file /home/airflow/.local/lib/python3.12/site-packages/airflow/example_dags/example_python_operator.py for tasks to queue
[2026-08-04T08:41:08.044+0000] {logging_mixin.py:190} INFO - [2026-08-04T08:41:08.044+0000] {dagbag.py:588} INFO - Filling up the DagBag from /home/airflow/.local/lib/python3.12/site-packages/airflow/example_dags/example_python_operator.py
[2026-08-04T08:41:08.063+0000] {processor.py:925} INFO - DAG(s) 'example_python_operator' retrieved from /home/airflow/.local/lib/python3.12/site-packages/airflow/example_dags/example_python_operator.py
[2026-08-04T08:41:08.091+0000] {logging_mixin.py:190} INFO - [2026-08-04T08:41:08.091+0000] {dag.py:3239} INFO - Sync 1 DAGs
[2026-08-04T08:41:08.109+0000] {logging_mixin.py:190} INFO - [2026-08-04T08:41:08.109+0000] {dag.py:4180} INFO - Setting next_dagrun for example_python_operator to None, run_after=None
[2026-08-04T08:41:08.129+0000] {processor.py:208} INFO - Processing /home/airflow/.local/lib/python3.12/site-packages/airflow/example_dags/example_python_operator.py took 0.099 seconds
[2026-08-04T08:41:39.655+0000] {processor.py:186} INFO - Started process (PID=2654) to work on /home/airflow/.local/lib/python3.12/site-packages/airflow/example_dags/example_python_operator.py
[2026-08-04T08:41:39.656+0000] {processor.py:914} INFO - Processing file /home/airflow/.local/lib/python3.12/site-packages/airflow/example_dags/example_python_operator.py for tasks to queue
[2026-08-04T08:41:39.659+0000] {logging_mixin.py:190} INFO - [2026-08-04T08:41:39.659+0000] {dagbag.py:588} INFO - Filling up the DagBag from /home/airflow/.local/lib/python3.12/site-packages/airflow/example_dags/example_python_operator.py
[2026-08-04T08:41:39.672+0000] {processor.py:925} INFO - DAG(s) 'example_python_operator' retrieved from /home/airflow/.local/lib/python3.12/site-packages/airflow/example_dags/example_python_operator.py
[2026-08-04T08:41:39.693+0000] {logging_mixin.py:190} INFO - [2026-08-04T08:41:39.692+0000] {dag.py:3239} INFO - Sync 1 DAGs
[2026-08-04T08:41:39.707+0000] {logging_mixin.py:190} INFO - [2026-08-04T08:41:39.707+0000] {dag.py:4180} INFO - Setting next_dagrun for example_python_operator to None, run_after=None
[2026-08-04T08:41:39.726+0000] {processor.py:208} INFO - Processing /home/airflow/.local/lib/python3.12/site-packages/airflow/example_dags/example_python_operator.py took 0.078 seconds
