[2026-08-04T07:47:14.838+0000] {processor.py:186} INFO - Started process (PID=108) to work on /home/airflow/.local/lib/python3.12/site-packages/airflow/example_dags/example_branch_python_dop_operator_3.py
[2026-08-04T07:47:14.841+0000] {processor.py:914} INFO - Processing file /home/airflow/.local/lib/python3.12/site-packages/airflow/example_dags/example_branch_python_dop_operator_3.py for tasks to queue
[2026-08-04T07:47:14.845+0000] {logging_mixin.py:190} INFO - [2026-08-04T07:47:14.845+0000] {dagbag.py:588} INFO - Filling up the DagBag from /home/airflow/.local/lib/python3.12/site-packages/airflow/example_dags/example_branch_python_dop_operator_3.py
[2026-08-04T07:47:14.875+0000] {processor.py:925} INFO - DAG(s) 'example_branch_dop_operator_v3' retrieved from /home/airflow/.local/lib/python3.12/site-packages/airflow/example_dags/example_branch_python_dop_operator_3.py
[2026-08-04T07:47:14.926+0000] {logging_mixin.py:190} INFO - [2026-08-04T07:47:14.925+0000] {dag.py:3239} INFO - Sync 1 DAGs
[2026-08-04T07:47:14.972+0000] {logging_mixin.py:190} INFO - [2026-08-04T07:47:14.971+0000] {dag.py:4180} INFO - Setting next_dagrun for example_branch_dop_operator_v3 to 2026-08-04 07:46:00+00:00, run_after=2026-08-04 07:47:00+00:00
[2026-08-04T07:47:15.000+0000] {processor.py:208} INFO - Processing /home/airflow/.local/lib/python3.12/site-packages/airflow/example_dags/example_branch_python_dop_operator_3.py took 0.172 seconds
[2026-08-04T08:21:20.647+0000] {processor.py:186} INFO - Started process (PID=108) to work on /home/airflow/.local/lib/python3.12/site-packages/airflow/example_dags/example_branch_python_dop_operator_3.py
[2026-08-04T08:21:20.649+0000] {processor.py:914} INFO - Processing file /home/airflow/.local/lib/python3.12/site-packages/airflow/example_dags/example_branch_python_dop_operator_3.py for tasks to queue
[2026-08-04T08:21:20.652+0000] {logging_mixin.py:190} INFO - [2026-08-04T08:21:20.651+0000] {dagbag.py:588} INFO - Filling up the DagBag from /home/airflow/.local/lib/python3.12/site-packages/airflow/example_dags/example_branch_python_dop_operator_3.py
[2026-08-04T08:21:20.671+0000] {processor.py:925} INFO - DAG(s) 'example_branch_dop_operator_v3' retrieved from /home/airflow/.local/lib/python3.12/site-packages/airflow/example_dags/example_branch_python_dop_operator_3.py
[2026-08-04T08:21:20.697+0000] {logging_mixin.py:190} INFO - [2026-08-04T08:21:20.696+0000] {dag.py:3239} INFO - Sync 1 DAGs
[2026-08-04T08:21:20.736+0000] {logging_mixin.py:190} INFO - [2026-08-04T08:21:20.736+0000] {dag.py:4180} INFO - Setting next_dagrun for example_branch_dop_operator_v3 to 2026-08-04 08:20:00+00:00, run_after=2026-08-04 08:21:00+00:00
[2026-08-04T08:21:20.761+0000] {processor.py:208} INFO - Processing /home/airflow/.local/lib/python3.12/site-packages/airflow/example_dags/example_branch_python_dop_operator_3.py took 0.122 seconds
[2026-08-04T08:21:51.926+0000] {processor.py:186} INFO - Started process (PID=173) to work on /home/airflow/.local/lib/python3.12/site-packages/airflow/example_dags/example_branch_python_dop_operator_3.py
[2026-08-04T08:21:51.927+0000] {processor.py:914} INFO - Processing file /home/airflow/.local/lib/python3.12/site-packages/airflow/example_dags/example_branch_python_dop_operator_3.py for tasks to queue
[2026-08-04T08:21:51.930+0000] {logging_mixin.py:190} INFO - [2026-08-04T08:21:51.930+0000] {dagbag.py:588} INFO - Filling up the DagBag from /home/airflow/.local/lib/python3.12/site-packages/airflow/example_dags/example_branch_python_dop_operator_3.py
[2026-08-04T08:21:51.943+0000] {processor.py:925} INFO - DAG(s) 'example_branch_dop_operator_v3' retrieved from /home/airflow/.local/lib/python3.12/site-packages/airflow/example_dags/example_branch_python_dop_operator_3.py
[2026-08-04T08:21:51.970+0000] {logging_mixin.py:190} INFO - [2026-08-04T08:21:51.969+0000] {dag.py:3239} INFO - Sync 1 DAGs
[2026-08-04T08:21:52.002+0000] {logging_mixin.py:190} INFO - [2026-08-04T08:21:52.002+0000] {dag.py:4180} INFO - Setting next_dagrun for example_branch_dop_operator_v3 to 2026-08-04 08:20:00+00:00, run_after=2026-08-04 08:21:00+00:00
[2026-08-04T08:21:52.025+0000] {processor.py:208} INFO - Processing /home/airflow/.local/lib/python3.12/site-packages/airflow/example_dags/example_branch_python_dop_operator_3.py took 0.107 seconds
[2026-08-04T08:22:22.950+0000] {processor.py:186} INFO - Started process (PID=238) to work on /home/airflow/.local/lib/python3.12/site-packages/airflow/example_dags/example_branch_python_dop_operator_3.py
[2026-08-04T08:22:22.951+0000] {processor.py:914} INFO - Processing file /home/airflow/.local/lib/python3.12/site-packages/airflow/example_dags/example_branch_python_dop_operator_3.py for tasks to queue
[2026-08-04T08:22:22.954+0000] {logging_mixin.py:190} INFO - [2026-08-04T08:22:22.954+0000] {dagbag.py:588} INFO - Filling up the DagBag from /home/airflow/.local/lib/python3.12/site-packages/airflow/example_dags/example_branch_python_dop_operator_3.py
[2026-08-04T08:22:22.967+0000] {processor.py:925} INFO - DAG(s) 'example_branch_dop_operator_v3' retrieved from /home/airflow/.local/lib/python3.12/site-packages/airflow/example_dags/example_branch_python_dop_operator_3.py
[2026-08-04T08:22:23.006+0000] {logging_mixin.py:190} INFO - [2026-08-04T08:22:23.006+0000] {dag.py:3239} INFO - Sync 1 DAGs
[2026-08-04T08:22:23.052+0000] {logging_mixin.py:190} INFO - [2026-08-04T08:22:23.052+0000] {dag.py:4180} INFO - Setting next_dagrun for example_branch_dop_operator_v3 to 2026-08-04 08:21:00+00:00, run_after=2026-08-04 08:22:00+00:00
[2026-08-04T08:22:23.076+0000] {processor.py:208} INFO - Processing /home/airflow/.local/lib/python3.12/site-packages/airflow/example_dags/example_branch_python_dop_operator_3.py took 0.132 seconds
[2026-08-04T08:22:54.104+0000] {processor.py:186} INFO - Started process (PID=303) to work on /home/airflow/.local/lib/python3.12/site-packages/airflow/example_dags/example_branch_python_dop_operator_3.py
[2026-08-04T08:22:54.105+0000] {processor.py:914} INFO - Processing file /home/airflow/.local/lib/python3.12/site-packages/airflow/example_dags/example_branch_python_dop_operator_3.py for tasks to queue
[2026-08-04T08:22:54.109+0000] {logging_mixin.py:190} INFO - [2026-08-04T08:22:54.108+0000] {dagbag.py:588} INFO - Filling up the DagBag from /home/airflow/.local/lib/python3.12/site-packages/airflow/example_dags/example_branch_python_dop_operator_3.py
[2026-08-04T08:22:54.122+0000] {processor.py:925} INFO - DAG(s) 'example_branch_dop_operator_v3' retrieved from /home/airflow/.local/lib/python3.12/site-packages/airflow/example_dags/example_branch_python_dop_operator_3.py
[2026-08-04T08:22:54.144+0000] {logging_mixin.py:190} INFO - [2026-08-04T08:22:54.143+0000] {dag.py:3239} INFO - Sync 1 DAGs
[2026-08-04T08:22:54.171+0000] {logging_mixin.py:190} INFO - [2026-08-04T08:22:54.171+0000] {dag.py:4180} INFO - Setting next_dagrun for example_branch_dop_operator_v3 to 2026-08-04 08:21:00+00:00, run_after=2026-08-04 08:22:00+00:00
[2026-08-04T08:22:54.191+0000] {processor.py:208} INFO - Processing /home/airflow/.local/lib/python3.12/site-packages/airflow/example_dags/example_branch_python_dop_operator_3.py took 0.094 seconds
[2026-08-04T08:23:25.655+0000] {processor.py:186} INFO - Started process (PID=368) to work on /home/airflow/.local/lib/python3.12/site-packages/airflow/example_dags/example_branch_python_dop_operator_3.py
[2026-08-04T08:23:25.657+0000] {processor.py:914} INFO - Processing file /home/airflow/.local/lib/python3.12/site-packages/airflow/example_dags/example_branch_python_dop_operator_3.py for tasks to queue
[2026-08-04T08:23:25.660+0000] {logging_mixin.py:190} INFO - [2026-08-04T08:23:25.659+0000] {dagbag.py:588} INFO - Filling up the DagBag from /home/airflow/.local/lib/python3.12/site-packages/airflow/example_dags/example_branch_python_dop_operator_3.py
[2026-08-04T08:23:25.673+0000] {processor.py:925} INFO - DAG(s) 'example_branch_dop_operator_v3' retrieved from /home/airflow/.local/lib/python3.12/site-packages/airflow/example_dags/example_branch_python_dop_operator_3.py
[2026-08-04T08:23:25.694+0000] {logging_mixin.py:190} INFO - [2026-08-04T08:23:25.694+0000] {dag.py:3239} INFO - Sync 1 DAGs
[2026-08-04T08:23:25.722+0000] {logging_mixin.py:190} INFO - [2026-08-04T08:23:25.722+0000] {dag.py:4180} INFO - Setting next_dagrun for example_branch_dop_operator_v3 to 2026-08-04 08:22:00+00:00, run_after=2026-08-04 08:23:00+00:00
[2026-08-04T08:23:25.744+0000] {processor.py:208} INFO - Processing /home/airflow/.local/lib/python3.12/site-packages/airflow/example_dags/example_branch_python_dop_operator_3.py took 0.096 seconds
[2026-08-04T08:23:57.247+0000] {processor.py:186} INFO - Started process (PID=433) to work on /home/airflow/.local/lib/python3.12/site-packages/airflow/example_dags/example_branch_python_dop_operator_3.py
[2026-08-04T08:23:57.249+0000] {processor.py:914} INFO - Processing file /home/airflow/.local/lib/python3.12/site-packages/airflow/example_dags/example_branch_python_dop_operator_3.py for tasks to queue
[2026-08-04T08:23:57.251+0000] {logging_mixin.py:190} INFO - [2026-08-04T08:23:57.251+0000] {dagbag.py:588} INFO - Filling up the DagBag from /home/airflow/.local/lib/python3.12/site-packages/airflow/example_dags/example_branch_python_dop_operator_3.py
[2026-08-04T08:23:57.264+0000] {processor.py:925} INFO - DAG(s) 'example_branch_dop_operator_v3' retrieved from /home/airflow/.local/lib/python3.12/site-packages/airflow/example_dags/example_branch_python_dop_operator_3.py
[2026-08-04T08:23:57.288+0000] {logging_mixin.py:190} INFO - [2026-08-04T08:23:57.288+0000] {dag.py:3239} INFO - Sync 1 DAGs
[2026-08-04T08:23:57.319+0000] {logging_mixin.py:190} INFO - [2026-08-04T08:23:57.319+0000] {dag.py:4180} INFO - Setting next_dagrun for example_branch_dop_operator_v3 to 2026-08-04 08:22:00+00:00, run_after=2026-08-04 08:23:00+00:00
[2026-08-04T08:23:57.341+0000] {processor.py:208} INFO - Processing /home/airflow/.local/lib/python3.12/site-packages/airflow/example_dags/example_branch_python_dop_operator_3.py took 0.100 seconds
[2026-08-04T08:24:28.397+0000] {processor.py:186} INFO - Started process (PID=498) to work on /home/airflow/.local/lib/python3.12/site-packages/airflow/example_dags/example_branch_python_dop_operator_3.py
[2026-08-04T08:24:28.399+0000] {processor.py:914} INFO - Processing file /home/airflow/.local/lib/python3.12/site-packages/airflow/example_dags/example_branch_python_dop_operator_3.py for tasks to queue
[2026-08-04T08:24:28.402+0000] {logging_mixin.py:190} INFO - [2026-08-04T08:24:28.401+0000] {dagbag.py:588} INFO - Filling up the DagBag from /home/airflow/.local/lib/python3.12/site-packages/airflow/example_dags/example_branch_python_dop_operator_3.py
[2026-08-04T08:24:28.414+0000] {processor.py:925} INFO - DAG(s) 'example_branch_dop_operator_v3' retrieved from /home/airflow/.local/lib/python3.12/site-packages/airflow/example_dags/example_branch_python_dop_operator_3.py
[2026-08-04T08:24:28.438+0000] {logging_mixin.py:190} INFO - [2026-08-04T08:24:28.437+0000] {dag.py:3239} INFO - Sync 1 DAGs
[2026-08-04T08:24:28.469+0000] {logging_mixin.py:190} INFO - [2026-08-04T08:24:28.468+0000] {dag.py:4180} INFO - Setting next_dagrun for example_branch_dop_operator_v3 to 2026-08-04 08:23:00+00:00, run_after=2026-08-04 08:24:00+00:00
[2026-08-04T08:24:28.489+0000] {processor.py:208} INFO - Processing /home/airflow/.local/lib/python3.12/site-packages/airflow/example_dags/example_branch_python_dop_operator_3.py took 0.097 seconds
[2026-08-04T08:25:00.065+0000] {processor.py:186} INFO - Started process (PID=564) to work on /home/airflow/.local/lib/python3.12/site-packages/airflow/example_dags/example_branch_python_dop_operator_3.py
[2026-08-04T08:25:00.066+0000] {processor.py:914} INFO - Processing file /home/airflow/.local/lib/python3.12/site-packages/airflow/example_dags/example_branch_python_dop_operator_3.py for tasks to queue
[2026-08-04T08:25:00.070+0000] {logging_mixin.py:190} INFO - [2026-08-04T08:25:00.069+0000] {dagbag.py:588} INFO - Filling up the DagBag from /home/airflow/.local/lib/python3.12/site-packages/airflow/example_dags/example_branch_python_dop_operator_3.py
[2026-08-04T08:25:00.084+0000] {processor.py:925} INFO - DAG(s) 'example_branch_dop_operator_v3' retrieved from /home/airflow/.local/lib/python3.12/site-packages/airflow/example_dags/example_branch_python_dop_operator_3.py
[2026-08-04T08:25:00.107+0000] {logging_mixin.py:190} INFO - [2026-08-04T08:25:00.107+0000] {dag.py:3239} INFO - Sync 1 DAGs
[2026-08-04T08:25:00.141+0000] {logging_mixin.py:190} INFO - [2026-08-04T08:25:00.141+0000] {dag.py:4180} INFO - Setting next_dagrun for example_branch_dop_operator_v3 to 2026-08-04 08:24:00+00:00, run_after=2026-08-04 08:25:00+00:00
[2026-08-04T08:25:00.162+0000] {processor.py:208} INFO - Processing /home/airflow/.local/lib/python3.12/site-packages/airflow/example_dags/example_branch_python_dop_operator_3.py took 0.104 seconds
[2026-08-04T08:25:31.277+0000] {processor.py:186} INFO - Started process (PID=629) to work on /home/airflow/.local/lib/python3.12/site-packages/airflow/example_dags/example_branch_python_dop_operator_3.py
[2026-08-04T08:25:31.278+0000] {processor.py:914} INFO - Processing file /home/airflow/.local/lib/python3.12/site-packages/airflow/example_dags/example_branch_python_dop_operator_3.py for tasks to queue
[2026-08-04T08:25:31.281+0000] {logging_mixin.py:190} INFO - [2026-08-04T08:25:31.281+0000] {dagbag.py:588} INFO - Filling up the DagBag from /home/airflow/.local/lib/python3.12/site-packages/airflow/example_dags/example_branch_python_dop_operator_3.py
[2026-08-04T08:25:31.292+0000] {processor.py:925} INFO - DAG(s) 'example_branch_dop_operator_v3' retrieved from /home/airflow/.local/lib/python3.12/site-packages/airflow/example_dags/example_branch_python_dop_operator_3.py
[2026-08-04T08:25:31.314+0000] {logging_mixin.py:190} INFO - [2026-08-04T08:25:31.314+0000] {dag.py:3239} INFO - Sync 1 DAGs
[2026-08-04T08:25:31.340+0000] {logging_mixin.py:190} INFO - [2026-08-04T08:25:31.339+0000] {dag.py:4180} INFO - Setting next_dagrun for example_branch_dop_operator_v3 to 2026-08-04 08:24:00+00:00, run_after=2026-08-04 08:25:00+00:00
[2026-08-04T08:25:31.359+0000] {processor.py:208} INFO - Processing /home/airflow/.local/lib/python3.12/site-packages/airflow/example_dags/example_branch_python_dop_operator_3.py took 0.087 seconds
[2026-08-04T08:26:02.504+0000] {processor.py:186} INFO - Started process (PID=694) to work on /home/airflow/.local/lib/python3.12/site-packages/airflow/example_dags/example_branch_python_dop_operator_3.py
[2026-08-04T08:26:02.505+0000] {processor.py:914} INFO - Processing file /home/airflow/.local/lib/python3.12/site-packages/airflow/example_dags/example_branch_python_dop_operator_3.py for tasks to queue
[2026-08-04T08:26:02.510+0000] {logging_mixin.py:190} INFO - [2026-08-04T08:26:02.509+0000] {dagbag.py:588} INFO - Filling up the DagBag from /home/airflow/.local/lib/python3.12/site-packages/airflow/example_dags/example_branch_python_dop_operator_3.py
[2026-08-04T08:26:02.523+0000] {processor.py:925} INFO - DAG(s) 'example_branch_dop_operator_v3' retrieved from /home/airflow/.local/lib/python3.12/site-packages/airflow/example_dags/example_branch_python_dop_operator_3.py
[2026-08-04T08:26:02.545+0000] {logging_mixin.py:190} INFO - [2026-08-04T08:26:02.545+0000] {dag.py:3239} INFO - Sync 1 DAGs
[2026-08-04T08:26:02.578+0000] {logging_mixin.py:190} INFO - [2026-08-04T08:26:02.577+0000] {dag.py:4180} INFO - Setting next_dagrun for example_branch_dop_operator_v3 to 2026-08-04 08:25:00+00:00, run_after=2026-08-04 08:26:00+00:00
[2026-08-04T08:26:02.598+0000] {processor.py:208} INFO - Processing /home/airflow/.local/lib/python3.12/site-packages/airflow/example_dags/example_branch_python_dop_operator_3.py took 0.101 seconds
[2026-08-04T08:26:33.471+0000] {processor.py:186} INFO - Started process (PID=760) to work on /home/airflow/.local/lib/python3.12/site-packages/airflow/example_dags/example_branch_python_dop_operator_3.py
[2026-08-04T08:26:33.472+0000] {processor.py:914} INFO - Processing file /home/airflow/.local/lib/python3.12/site-packages/airflow/example_dags/example_branch_python_dop_operator_3.py for tasks to queue
[2026-08-04T08:26:33.475+0000] {logging_mixin.py:190} INFO - [2026-08-04T08:26:33.475+0000] {dagbag.py:588} INFO - Filling up the DagBag from /home/airflow/.local/lib/python3.12/site-packages/airflow/example_dags/example_branch_python_dop_operator_3.py
[2026-08-04T08:26:33.488+0000] {processor.py:925} INFO - DAG(s) 'example_branch_dop_operator_v3' retrieved from /home/airflow/.local/lib/python3.12/site-packages/airflow/example_dags/example_branch_python_dop_operator_3.py
[2026-08-04T08:26:33.512+0000] {logging_mixin.py:190} INFO - [2026-08-04T08:26:33.512+0000] {dag.py:3239} INFO - Sync 1 DAGs
[2026-08-04T08:26:33.546+0000] {logging_mixin.py:190} INFO - [2026-08-04T08:26:33.546+0000] {dag.py:4180} INFO - Setting next_dagrun for example_branch_dop_operator_v3 to 2026-08-04 08:25:00+00:00, run_after=2026-08-04 08:26:00+00:00
[2026-08-04T08:26:33.568+0000] {processor.py:208} INFO - Processing /home/airflow/.local/lib/python3.12/site-packages/airflow/example_dags/example_branch_python_dop_operator_3.py took 0.103 seconds
[2026-08-04T08:27:04.888+0000] {processor.py:186} INFO - Started process (PID=825) to work on /home/airflow/.local/lib/python3.12/site-packages/airflow/example_dags/example_branch_python_dop_operator_3.py
[2026-08-04T08:27:04.889+0000] {processor.py:914} INFO - Processing file /home/airflow/.local/lib/python3.12/site-packages/airflow/example_dags/example_branch_python_dop_operator_3.py for tasks to queue
[2026-08-04T08:27:04.891+0000] {logging_mixin.py:190} INFO - [2026-08-04T08:27:04.891+0000] {dagbag.py:588} INFO - Filling up the DagBag from /home/airflow/.local/lib/python3.12/site-packages/airflow/example_dags/example_branch_python_dop_operator_3.py
[2026-08-04T08:27:04.902+0000] {processor.py:925} INFO - DAG(s) 'example_branch_dop_operator_v3' retrieved from /home/airflow/.local/lib/python3.12/site-packages/airflow/example_dags/example_branch_python_dop_operator_3.py
[2026-08-04T08:27:04.921+0000] {logging_mixin.py:190} INFO - [2026-08-04T08:27:04.921+0000] {dag.py:3239} INFO - Sync 1 DAGs
[2026-08-04T08:27:04.950+0000] {logging_mixin.py:190} INFO - [2026-08-04T08:27:04.950+0000] {dag.py:4180} INFO - Setting next_dagrun for example_branch_dop_operator_v3 to 2026-08-04 08:26:00+00:00, run_after=2026-08-04 08:27:00+00:00
[2026-08-04T08:27:04.970+0000] {processor.py:208} INFO - Processing /home/airflow/.local/lib/python3.12/site-packages/airflow/example_dags/example_branch_python_dop_operator_3.py took 0.088 seconds
[2026-08-04T08:27:36.098+0000] {processor.py:186} INFO - Started process (PID=890) to work on /home/airflow/.local/lib/python3.12/site-packages/airflow/example_dags/example_branch_python_dop_operator_3.py
[2026-08-04T08:27:36.099+0000] {processor.py:914} INFO - Processing file /home/airflow/.local/lib/python3.12/site-packages/airflow/example_dags/example_branch_python_dop_operator_3.py for tasks to queue
[2026-08-04T08:27:36.102+0000] {logging_mixin.py:190} INFO - [2026-08-04T08:27:36.102+0000] {dagbag.py:588} INFO - Filling up the DagBag from /home/airflow/.local/lib/python3.12/site-packages/airflow/example_dags/example_branch_python_dop_operator_3.py
[2026-08-04T08:27:36.113+0000] {processor.py:925} INFO - DAG(s) 'example_branch_dop_operator_v3' retrieved from /home/airflow/.local/lib/python3.12/site-packages/airflow/example_dags/example_branch_python_dop_operator_3.py
[2026-08-04T08:27:36.134+0000] {logging_mixin.py:190} INFO - [2026-08-04T08:27:36.133+0000] {dag.py:3239} INFO - Sync 1 DAGs
[2026-08-04T08:27:36.162+0000] {logging_mixin.py:190} INFO - [2026-08-04T08:27:36.161+0000] {dag.py:4180} INFO - Setting next_dagrun for example_branch_dop_operator_v3 to 2026-08-04 08:26:00+00:00, run_after=2026-08-04 08:27:00+00:00
[2026-08-04T08:27:36.182+0000] {processor.py:208} INFO - Processing /home/airflow/.local/lib/python3.12/site-packages/airflow/example_dags/example_branch_python_dop_operator_3.py took 0.090 seconds
[2026-08-04T08:28:07.229+0000] {processor.py:186} INFO - Started process (PID=955) to work on /home/airflow/.local/lib/python3.12/site-packages/airflow/example_dags/example_branch_python_dop_operator_3.py
[2026-08-04T08:28:07.230+0000] {processor.py:914} INFO - Processing file /home/airflow/.local/lib/python3.12/site-packages/airflow/example_dags/example_branch_python_dop_operator_3.py for tasks to queue
[2026-08-04T08:28:07.233+0000] {logging_mixin.py:190} INFO - [2026-08-04T08:28:07.233+0000] {dagbag.py:588} INFO - Filling up the DagBag from /home/airflow/.local/lib/python3.12/site-packages/airflow/example_dags/example_branch_python_dop_operator_3.py
[2026-08-04T08:28:07.246+0000] {processor.py:925} INFO - DAG(s) 'example_branch_dop_operator_v3' retrieved from /home/airflow/.local/lib/python3.12/site-packages/airflow/example_dags/example_branch_python_dop_operator_3.py
[2026-08-04T08:28:07.268+0000] {logging_mixin.py:190} INFO - [2026-08-04T08:28:07.267+0000] {dag.py:3239} INFO - Sync 1 DAGs
[2026-08-04T08:28:07.299+0000] {logging_mixin.py:190} INFO - [2026-08-04T08:28:07.299+0000] {dag.py:4180} INFO - Setting next_dagrun for example_branch_dop_operator_v3 to 2026-08-04 08:27:00+00:00, run_after=2026-08-04 08:28:00+00:00
[2026-08-04T08:28:07.322+0000] {processor.py:208} INFO - Processing /home/airflow/.local/lib/python3.12/site-packages/airflow/example_dags/example_branch_python_dop_operator_3.py took 0.099 seconds
[2026-08-04T08:28:38.870+0000] {processor.py:186} INFO - Started process (PID=1020) to work on /home/airflow/.local/lib/python3.12/site-packages/airflow/example_dags/example_branch_python_dop_operator_3.py
[2026-08-04T08:28:38.871+0000] {processor.py:914} INFO - Processing file /home/airflow/.local/lib/python3.12/site-packages/airflow/example_dags/example_branch_python_dop_operator_3.py for tasks to queue
[2026-08-04T08:28:38.875+0000] {logging_mixin.py:190} INFO - [2026-08-04T08:28:38.875+0000] {dagbag.py:588} INFO - Filling up the DagBag from /home/airflow/.local/lib/python3.12/site-packages/airflow/example_dags/example_branch_python_dop_operator_3.py
[2026-08-04T08:28:38.889+0000] {processor.py:925} INFO - DAG(s) 'example_branch_dop_operator_v3' retrieved from /home/airflow/.local/lib/python3.12/site-packages/airflow/example_dags/example_branch_python_dop_operator_3.py
[2026-08-04T08:28:38.909+0000] {logging_mixin.py:190} INFO - [2026-08-04T08:28:38.909+0000] {dag.py:3239} INFO - Sync 1 DAGs
[2026-08-04T08:28:38.938+0000] {logging_mixin.py:190} INFO - [2026-08-04T08:28:38.938+0000] {dag.py:4180} INFO - Setting next_dagrun for example_branch_dop_operator_v3 to 2026-08-04 08:27:00+00:00, run_after=2026-08-04 08:28:00+00:00
[2026-08-04T08:28:38.962+0000] {processor.py:208} INFO - Processing /home/airflow/.local/lib/python3.12/site-packages/airflow/example_dags/example_branch_python_dop_operator_3.py took 0.099 seconds
[2026-08-04T08:29:10.450+0000] {processor.py:186} INFO - Started process (PID=1085) to work on /home/airflow/.local/lib/python3.12/site-packages/airflow/example_dags/example_branch_python_dop_operator_3.py
[2026-08-04T08:29:10.451+0000] {processor.py:914} INFO - Processing file /home/airflow/.local/lib/python3.12/site-packages/airflow/example_dags/example_branch_python_dop_operator_3.py for tasks to queue
[2026-08-04T08:29:10.454+0000] {logging_mixin.py:190} INFO - [2026-08-04T08:29:10.453+0000] {dagbag.py:588} INFO - Filling up the DagBag from /home/airflow/.local/lib/python3.12/site-packages/airflow/example_dags/example_branch_python_dop_operator_3.py
[2026-08-04T08:29:10.465+0000] {processor.py:925} INFO - DAG(s) 'example_branch_dop_operator_v3' retrieved from /home/airflow/.local/lib/python3.12/site-packages/airflow/example_dags/example_branch_python_dop_operator_3.py
[2026-08-04T08:29:10.485+0000] {logging_mixin.py:190} INFO - [2026-08-04T08:29:10.485+0000] {dag.py:3239} INFO - Sync 1 DAGs
[2026-08-04T08:29:10.516+0000] {logging_mixin.py:190} INFO - [2026-08-04T08:29:10.516+0000] {dag.py:4180} INFO - Setting next_dagrun for example_branch_dop_operator_v3 to 2026-08-04 08:28:00+00:00, run_after=2026-08-04 08:29:00+00:00
[2026-08-04T08:29:10.537+0000] {processor.py:208} INFO - Processing /home/airflow/.local/lib/python3.12/site-packages/airflow/example_dags/example_branch_python_dop_operator_3.py took 0.094 seconds
[2026-08-04T08:29:41.701+0000] {processor.py:186} INFO - Started process (PID=1150) to work on /home/airflow/.local/lib/python3.12/site-packages/airflow/example_dags/example_branch_python_dop_operator_3.py
[2026-08-04T08:29:41.703+0000] {processor.py:914} INFO - Processing file /home/airflow/.local/lib/python3.12/site-packages/airflow/example_dags/example_branch_python_dop_operator_3.py for tasks to queue
[2026-08-04T08:29:41.706+0000] {logging_mixin.py:190} INFO - [2026-08-04T08:29:41.706+0000] {dagbag.py:588} INFO - Filling up the DagBag from /home/airflow/.local/lib/python3.12/site-packages/airflow/example_dags/example_branch_python_dop_operator_3.py
[2026-08-04T08:29:41.720+0000] {processor.py:925} INFO - DAG(s) 'example_branch_dop_operator_v3' retrieved from /home/airflow/.local/lib/python3.12/site-packages/airflow/example_dags/example_branch_python_dop_operator_3.py
[2026-08-04T08:29:41.742+0000] {logging_mixin.py:190} INFO - [2026-08-04T08:29:41.741+0000] {dag.py:3239} INFO - Sync 1 DAGs
[2026-08-04T08:29:41.771+0000] {logging_mixin.py:190} INFO - [2026-08-04T08:29:41.771+0000] {dag.py:4180} INFO - Setting next_dagrun for example_branch_dop_operator_v3 to 2026-08-04 08:28:00+00:00, run_after=2026-08-04 08:29:00+00:00
[2026-08-04T08:29:41.791+0000] {processor.py:208} INFO - Processing /home/airflow/.local/lib/python3.12/site-packages/airflow/example_dags/example_branch_python_dop_operator_3.py took 0.097 seconds
[2026-08-04T08:30:13.015+0000] {processor.py:186} INFO - Started process (PID=1216) to work on /home/airflow/.local/lib/python3.12/site-packages/airflow/example_dags/example_branch_python_dop_operator_3.py
[2026-08-04T08:30:13.016+0000] {processor.py:914} INFO - Processing file /home/airflow/.local/lib/python3.12/site-packages/airflow/example_dags/example_branch_python_dop_operator_3.py for tasks to queue
[2026-08-04T08:30:13.020+0000] {logging_mixin.py:190} INFO - [2026-08-04T08:30:13.019+0000] {dagbag.py:588} INFO - Filling up the DagBag from /home/airflow/.local/lib/python3.12/site-packages/airflow/example_dags/example_branch_python_dop_operator_3.py
[2026-08-04T08:30:13.032+0000] {processor.py:925} INFO - DAG(s) 'example_branch_dop_operator_v3' retrieved from /home/airflow/.local/lib/python3.12/site-packages/airflow/example_dags/example_branch_python_dop_operator_3.py
[2026-08-04T08:30:13.057+0000] {logging_mixin.py:190} INFO - [2026-08-04T08:30:13.057+0000] {dag.py:3239} INFO - Sync 1 DAGs
[2026-08-04T08:30:13.086+0000] {logging_mixin.py:190} INFO - [2026-08-04T08:30:13.086+0000] {dag.py:4180} INFO - Setting next_dagrun for example_branch_dop_operator_v3 to 2026-08-04 08:29:00+00:00, run_after=2026-08-04 08:30:00+00:00
[2026-08-04T08:30:13.107+0000] {processor.py:208} INFO - Processing /home/airflow/.local/lib/python3.12/site-packages/airflow/example_dags/example_branch_python_dop_operator_3.py took 0.099 seconds
[2026-08-04T08:30:43.563+0000] {processor.py:186} INFO - Started process (PID=1287) to work on /home/airflow/.local/lib/python3.12/site-packages/airflow/example_dags/example_branch_python_dop_operator_3.py
[2026-08-04T08:30:43.564+0000] {processor.py:914} INFO - Processing file /home/airflow/.local/lib/python3.12/site-packages/airflow/example_dags/example_branch_python_dop_operator_3.py for tasks to queue
[2026-08-04T08:30:43.568+0000] {logging_mixin.py:190} INFO - [2026-08-04T08:30:43.568+0000] {dagbag.py:588} INFO - Filling up the DagBag from /home/airflow/.local/lib/python3.12/site-packages/airflow/example_dags/example_branch_python_dop_operator_3.py
[2026-08-04T08:30:43.581+0000] {processor.py:925} INFO - DAG(s) 'example_branch_dop_operator_v3' retrieved from /home/airflow/.local/lib/python3.12/site-packages/airflow/example_dags/example_branch_python_dop_operator_3.py
[2026-08-04T08:30:43.604+0000] {logging_mixin.py:190} INFO - [2026-08-04T08:30:43.604+0000] {dag.py:3239} INFO - Sync 1 DAGs
[2026-08-04T08:30:43.636+0000] {logging_mixin.py:190} INFO - [2026-08-04T08:30:43.635+0000] {dag.py:4180} INFO - Setting next_dagrun for example_branch_dop_operator_v3 to 2026-08-04 08:29:00+00:00, run_after=2026-08-04 08:30:00+00:00
[2026-08-04T08:30:43.656+0000] {processor.py:208} INFO - Processing /home/airflow/.local/lib/python3.12/site-packages/airflow/example_dags/example_branch_python_dop_operator_3.py took 0.100 seconds
[2026-08-04T08:31:14.971+0000] {processor.py:186} INFO - Started process (PID=1352) to work on /home/airflow/.local/lib/python3.12/site-packages/airflow/example_dags/example_branch_python_dop_operator_3.py
[2026-08-04T08:31:14.973+0000] {processor.py:914} INFO - Processing file /home/airflow/.local/lib/python3.12/site-packages/airflow/example_dags/example_branch_python_dop_operator_3.py for tasks to queue
[2026-08-04T08:31:14.976+0000] {logging_mixin.py:190} INFO - [2026-08-04T08:31:14.976+0000] {dagbag.py:588} INFO - Filling up the DagBag from /home/airflow/.local/lib/python3.12/site-packages/airflow/example_dags/example_branch_python_dop_operator_3.py
[2026-08-04T08:31:14.987+0000] {processor.py:925} INFO - DAG(s) 'example_branch_dop_operator_v3' retrieved from /home/airflow/.local/lib/python3.12/site-packages/airflow/example_dags/example_branch_python_dop_operator_3.py
[2026-08-04T08:31:15.005+0000] {logging_mixin.py:190} INFO - [2026-08-04T08:31:15.005+0000] {dag.py:3239} INFO - Sync 1 DAGs
[2026-08-04T08:31:15.032+0000] {logging_mixin.py:190} INFO - [2026-08-04T08:31:15.032+0000] {dag.py:4180} INFO - Setting next_dagrun for example_branch_dop_operator_v3 to 2026-08-04 08:30:00+00:00, run_after=2026-08-04 08:31:00+00:00
[2026-08-04T08:31:15.053+0000] {processor.py:208} INFO - Processing /home/airflow/.local/lib/python3.12/site-packages/airflow/example_dags/example_branch_python_dop_operator_3.py took 0.088 seconds
[2026-08-04T08:31:46.170+0000] {processor.py:186} INFO - Started process (PID=1417) to work on /home/airflow/.local/lib/python3.12/site-packages/airflow/example_dags/example_branch_python_dop_operator_3.py
[2026-08-04T08:31:46.172+0000] {processor.py:914} INFO - Processing file /home/airflow/.local/lib/python3.12/site-packages/airflow/example_dags/example_branch_python_dop_operator_3.py for tasks to queue
[2026-08-04T08:31:46.175+0000] {logging_mixin.py:190} INFO - [2026-08-04T08:31:46.175+0000] {dagbag.py:588} INFO - Filling up the DagBag from /home/airflow/.local/lib/python3.12/site-packages/airflow/example_dags/example_branch_python_dop_operator_3.py
[2026-08-04T08:31:46.188+0000] {processor.py:925} INFO - DAG(s) 'example_branch_dop_operator_v3' retrieved from /home/airflow/.local/lib/python3.12/site-packages/airflow/example_dags/example_branch_python_dop_operator_3.py
[2026-08-04T08:31:46.213+0000] {logging_mixin.py:190} INFO - [2026-08-04T08:31:46.212+0000] {dag.py:3239} INFO - Sync 1 DAGs
[2026-08-04T08:31:46.253+0000] {logging_mixin.py:190} INFO - [2026-08-04T08:31:46.253+0000] {dag.py:4180} INFO - Setting next_dagrun for example_branch_dop_operator_v3 to 2026-08-04 08:30:00+00:00, run_after=2026-08-04 08:31:00+00:00
[2026-08-04T08:31:46.280+0000] {processor.py:208} INFO - Processing /home/airflow/.local/lib/python3.12/site-packages/airflow/example_dags/example_branch_python_dop_operator_3.py took 0.117 seconds
[2026-08-04T08:32:17.645+0000] {processor.py:186} INFO - Started process (PID=1482) to work on /home/airflow/.local/lib/python3.12/site-packages/airflow/example_dags/example_branch_python_dop_operator_3.py
[2026-08-04T08:32:17.646+0000] {processor.py:914} INFO - Processing file /home/airflow/.local/lib/python3.12/site-packages/airflow/example_dags/example_branch_python_dop_operator_3.py for tasks to queue
[2026-08-04T08:32:17.649+0000] {logging_mixin.py:190} INFO - [2026-08-04T08:32:17.648+0000] {dagbag.py:588} INFO - Filling up the DagBag from /home/airflow/.local/lib/python3.12/site-packages/airflow/example_dags/example_branch_python_dop_operator_3.py
[2026-08-04T08:32:17.660+0000] {processor.py:925} INFO - DAG(s) 'example_branch_dop_operator_v3' retrieved from /home/airflow/.local/lib/python3.12/site-packages/airflow/example_dags/example_branch_python_dop_operator_3.py
[2026-08-04T08:32:17.681+0000] {logging_mixin.py:190} INFO - [2026-08-04T08:32:17.680+0000] {dag.py:3239} INFO - Sync 1 DAGs
[2026-08-04T08:32:17.708+0000] {logging_mixin.py:190} INFO - [2026-08-04T08:32:17.708+0000] {dag.py:4180} INFO - Setting next_dagrun for example_branch_dop_operator_v3 to 2026-08-04 08:31:00+00:00, run_after=2026-08-04 08:32:00+00:00
[2026-08-04T08:32:17.729+0000] {processor.py:208} INFO - Processing /home/airflow/.local/lib/python3.12/site-packages/airflow/example_dags/example_branch_python_dop_operator_3.py took 0.091 seconds
[2026-08-04T08:32:49.090+0000] {processor.py:186} INFO - Started process (PID=1547) to work on /home/airflow/.local/lib/python3.12/site-packages/airflow/example_dags/example_branch_python_dop_operator_3.py
[2026-08-04T08:32:49.091+0000] {processor.py:914} INFO - Processing file /home/airflow/.local/lib/python3.12/site-packages/airflow/example_dags/example_branch_python_dop_operator_3.py for tasks to queue
[2026-08-04T08:32:49.095+0000] {logging_mixin.py:190} INFO - [2026-08-04T08:32:49.094+0000] {dagbag.py:588} INFO - Filling up the DagBag from /home/airflow/.local/lib/python3.12/site-packages/airflow/example_dags/example_branch_python_dop_operator_3.py
[2026-08-04T08:32:49.105+0000] {processor.py:925} INFO - DAG(s) 'example_branch_dop_operator_v3' retrieved from /home/airflow/.local/lib/python3.12/site-packages/airflow/example_dags/example_branch_python_dop_operator_3.py
[2026-08-04T08:32:49.125+0000] {logging_mixin.py:190} INFO - [2026-08-04T08:32:49.125+0000] {dag.py:3239} INFO - Sync 1 DAGs
[2026-08-04T08:32:49.152+0000] {logging_mixin.py:190} INFO - [2026-08-04T08:32:49.152+0000] {dag.py:4180} INFO - Setting next_dagrun for example_branch_dop_operator_v3 to 2026-08-04 08:31:00+00:00, run_after=2026-08-04 08:32:00+00:00
[2026-08-04T08:32:49.174+0000] {processor.py:208} INFO - Processing /home/airflow/.local/lib/python3.12/site-packages/airflow/example_dags/example_branch_python_dop_operator_3.py took 0.090 seconds
[2026-08-04T08:33:20.487+0000] {processor.py:186} INFO - Started process (PID=1612) to work on /home/airflow/.local/lib/python3.12/site-packages/airflow/example_dags/example_branch_python_dop_operator_3.py
[2026-08-04T08:33:20.488+0000] {processor.py:914} INFO - Processing file /home/airflow/.local/lib/python3.12/site-packages/airflow/example_dags/example_branch_python_dop_operator_3.py for tasks to queue
[2026-08-04T08:33:20.491+0000] {logging_mixin.py:190} INFO - [2026-08-04T08:33:20.490+0000] {dagbag.py:588} INFO - Filling up the DagBag from /home/airflow/.local/lib/python3.12/site-packages/airflow/example_dags/example_branch_python_dop_operator_3.py
[2026-08-04T08:33:20.505+0000] {processor.py:925} INFO - DAG(s) 'example_branch_dop_operator_v3' retrieved from /home/airflow/.local/lib/python3.12/site-packages/airflow/example_dags/example_branch_python_dop_operator_3.py
[2026-08-04T08:33:20.525+0000] {logging_mixin.py:190} INFO - [2026-08-04T08:33:20.525+0000] {dag.py:3239} INFO - Sync 1 DAGs
[2026-08-04T08:33:20.555+0000] {logging_mixin.py:190} INFO - [2026-08-04T08:33:20.555+0000] {dag.py:4180} INFO - Setting next_dagrun for example_branch_dop_operator_v3 to 2026-08-04 08:32:00+00:00, run_after=2026-08-04 08:33:00+00:00
[2026-08-04T08:33:20.580+0000] {processor.py:208} INFO - Processing /home/airflow/.local/lib/python3.12/site-packages/airflow/example_dags/example_branch_python_dop_operator_3.py took 0.099 seconds
[2026-08-04T08:33:51.369+0000] {processor.py:186} INFO - Started process (PID=1677) to work on /home/airflow/.local/lib/python3.12/site-packages/airflow/example_dags/example_branch_python_dop_operator_3.py
[2026-08-04T08:33:51.370+0000] {processor.py:914} INFO - Processing file /home/airflow/.local/lib/python3.12/site-packages/airflow/example_dags/example_branch_python_dop_operator_3.py for tasks to queue
[2026-08-04T08:33:51.373+0000] {logging_mixin.py:190} INFO - [2026-08-04T08:33:51.373+0000] {dagbag.py:588} INFO - Filling up the DagBag from /home/airflow/.local/lib/python3.12/site-packages/airflow/example_dags/example_branch_python_dop_operator_3.py
[2026-08-04T08:33:51.385+0000] {processor.py:925} INFO - DAG(s) 'example_branch_dop_operator_v3' retrieved from /home/airflow/.local/lib/python3.12/site-packages/airflow/example_dags/example_branch_python_dop_operator_3.py
[2026-08-04T08:33:51.406+0000] {logging_mixin.py:190} INFO - [2026-08-04T08:33:51.406+0000] {dag.py:3239} INFO - Sync 1 DAGs
[2026-08-04T08:33:51.440+0000] {logging_mixin.py:190} INFO - [2026-08-04T08:33:51.440+0000] {dag.py:4180} INFO - Setting next_dagrun for example_branch_dop_operator_v3 to 2026-08-04 08:32:00+00:00, run_after=2026-08-04 08:33:00+00:00
[2026-08-04T08:33:51.461+0000] {processor.py:208} INFO - Processing /home/airflow/.local/lib/python3.12/site-packages/airflow/example_dags/example_branch_python_dop_operator_3.py took 0.098 seconds
[2026-08-04T08:34:22.971+0000] {processor.py:186} INFO - Started process (PID=1742) to work on /home/airflow/.local/lib/python3.12/site-packages/airflow/example_dags/example_branch_python_dop_operator_3.py
[2026-08-04T08:34:22.972+0000] {processor.py:914} INFO - Processing file /home/airflow/.local/lib/python3.12/site-packages/airflow/example_dags/example_branch_python_dop_operator_3.py for tasks to queue
[2026-08-04T08:34:22.976+0000] {logging_mixin.py:190} INFO - [2026-08-04T08:34:22.975+0000] {dagbag.py:588} INFO - Filling up the DagBag from /home/airflow/.local/lib/python3.12/site-packages/airflow/example_dags/example_branch_python_dop_operator_3.py
[2026-08-04T08:34:22.987+0000] {processor.py:925} INFO - DAG(s) 'example_branch_dop_operator_v3' retrieved from /home/airflow/.local/lib/python3.12/site-packages/airflow/example_dags/example_branch_python_dop_operator_3.py
[2026-08-04T08:34:23.010+0000] {logging_mixin.py:190} INFO - [2026-08-04T08:34:23.010+0000] {dag.py:3239} INFO - Sync 1 DAGs
[2026-08-04T08:34:23.039+0000] {logging_mixin.py:190} INFO - [2026-08-04T08:34:23.038+0000] {dag.py:4180} INFO - Setting next_dagrun for example_branch_dop_operator_v3 to 2026-08-04 08:33:00+00:00, run_after=2026-08-04 08:34:00+00:00
[2026-08-04T08:34:23.058+0000] {processor.py:208} INFO - Processing /home/airflow/.local/lib/python3.12/site-packages/airflow/example_dags/example_branch_python_dop_operator_3.py took 0.094 seconds
[2026-08-04T08:34:54.216+0000] {processor.py:186} INFO - Started process (PID=1807) to work on /home/airflow/.local/lib/python3.12/site-packages/airflow/example_dags/example_branch_python_dop_operator_3.py
[2026-08-04T08:34:54.217+0000] {processor.py:914} INFO - Processing file /home/airflow/.local/lib/python3.12/site-packages/airflow/example_dags/example_branch_python_dop_operator_3.py for tasks to queue
[2026-08-04T08:34:54.220+0000] {logging_mixin.py:190} INFO - [2026-08-04T08:34:54.220+0000] {dagbag.py:588} INFO - Filling up the DagBag from /home/airflow/.local/lib/python3.12/site-packages/airflow/example_dags/example_branch_python_dop_operator_3.py
[2026-08-04T08:34:54.231+0000] {processor.py:925} INFO - DAG(s) 'example_branch_dop_operator_v3' retrieved from /home/airflow/.local/lib/python3.12/site-packages/airflow/example_dags/example_branch_python_dop_operator_3.py
[2026-08-04T08:34:54.251+0000] {logging_mixin.py:190} INFO - [2026-08-04T08:34:54.250+0000] {dag.py:3239} INFO - Sync 1 DAGs
[2026-08-04T08:34:54.278+0000] {logging_mixin.py:190} INFO - [2026-08-04T08:34:54.278+0000] {dag.py:4180} INFO - Setting next_dagrun for example_branch_dop_operator_v3 to 2026-08-04 08:33:00+00:00, run_after=2026-08-04 08:34:00+00:00
[2026-08-04T08:34:54.298+0000] {processor.py:208} INFO - Processing /home/airflow/.local/lib/python3.12/site-packages/airflow/example_dags/example_branch_python_dop_operator_3.py took 0.088 seconds
[2026-08-04T08:35:25.555+0000] {processor.py:186} INFO - Started process (PID=1872) to work on /home/airflow/.local/lib/python3.12/site-packages/airflow/example_dags/example_branch_python_dop_operator_3.py
[2026-08-04T08:35:25.556+0000] {processor.py:914} INFO - Processing file /home/airflow/.local/lib/python3.12/site-packages/airflow/example_dags/example_branch_python_dop_operator_3.py for tasks to queue
[2026-08-04T08:35:25.561+0000] {logging_mixin.py:190} INFO - [2026-08-04T08:35:25.560+0000] {dagbag.py:588} INFO - Filling up the DagBag from /home/airflow/.local/lib/python3.12/site-packages/airflow/example_dags/example_branch_python_dop_operator_3.py
[2026-08-04T08:35:25.572+0000] {processor.py:925} INFO - DAG(s) 'example_branch_dop_operator_v3' retrieved from /home/airflow/.local/lib/python3.12/site-packages/airflow/example_dags/example_branch_python_dop_operator_3.py
[2026-08-04T08:35:25.595+0000] {logging_mixin.py:190} INFO - [2026-08-04T08:35:25.595+0000] {dag.py:3239} INFO - Sync 1 DAGs
[2026-08-04T08:35:25.627+0000] {logging_mixin.py:190} INFO - [2026-08-04T08:35:25.627+0000] {dag.py:4180} INFO - Setting next_dagrun for example_branch_dop_operator_v3 to 2026-08-04 08:34:00+00:00, run_after=2026-08-04 08:35:00+00:00
[2026-08-04T08:35:25.650+0000] {processor.py:208} INFO - Processing /home/airflow/.local/lib/python3.12/site-packages/airflow/example_dags/example_branch_python_dop_operator_3.py took 0.101 seconds
[2026-08-04T08:35:57.122+0000] {processor.py:186} INFO - Started process (PID=1937) to work on /home/airflow/.local/lib/python3.12/site-packages/airflow/example_dags/example_branch_python_dop_operator_3.py
[2026-08-04T08:35:57.123+0000] {processor.py:914} INFO - Processing file /home/airflow/.local/lib/python3.12/site-packages/airflow/example_dags/example_branch_python_dop_operator_3.py for tasks to queue
[2026-08-04T08:35:57.126+0000] {logging_mixin.py:190} INFO - [2026-08-04T08:35:57.126+0000] {dagbag.py:588} INFO - Filling up the DagBag from /home/airflow/.local/lib/python3.12/site-packages/airflow/example_dags/example_branch_python_dop_operator_3.py
[2026-08-04T08:35:57.137+0000] {processor.py:925} INFO - DAG(s) 'example_branch_dop_operator_v3' retrieved from /home/airflow/.local/lib/python3.12/site-packages/airflow/example_dags/example_branch_python_dop_operator_3.py
[2026-08-04T08:35:57.157+0000] {logging_mixin.py:190} INFO - [2026-08-04T08:35:57.157+0000] {dag.py:3239} INFO - Sync 1 DAGs
[2026-08-04T08:35:57.190+0000] {logging_mixin.py:190} INFO - [2026-08-04T08:35:57.189+0000] {dag.py:4180} INFO - Setting next_dagrun for example_branch_dop_operator_v3 to 2026-08-04 08:34:00+00:00, run_after=2026-08-04 08:35:00+00:00
[2026-08-04T08:35:57.211+0000] {processor.py:208} INFO - Processing /home/airflow/.local/lib/python3.12/site-packages/airflow/example_dags/example_branch_python_dop_operator_3.py took 0.094 seconds
[2026-08-04T08:36:27.784+0000] {processor.py:186} INFO - Started process (PID=2002) to work on /home/airflow/.local/lib/python3.12/site-packages/airflow/example_dags/example_branch_python_dop_operator_3.py
[2026-08-04T08:36:27.786+0000] {processor.py:914} INFO - Processing file /home/airflow/.local/lib/python3.12/site-packages/airflow/example_dags/example_branch_python_dop_operator_3.py for tasks to queue
[2026-08-04T08:36:27.789+0000] {logging_mixin.py:190} INFO - [2026-08-04T08:36:27.788+0000] {dagbag.py:588} INFO - Filling up the DagBag from /home/airflow/.local/lib/python3.12/site-packages/airflow/example_dags/example_branch_python_dop_operator_3.py
[2026-08-04T08:36:27.800+0000] {processor.py:925} INFO - DAG(s) 'example_branch_dop_operator_v3' retrieved from /home/airflow/.local/lib/python3.12/site-packages/airflow/example_dags/example_branch_python_dop_operator_3.py
[2026-08-04T08:36:27.823+0000] {logging_mixin.py:190} INFO - [2026-08-04T08:36:27.823+0000] {dag.py:3239} INFO - Sync 1 DAGs
[2026-08-04T08:36:27.853+0000] {logging_mixin.py:190} INFO - [2026-08-04T08:36:27.853+0000] {dag.py:4180} INFO - Setting next_dagrun for example_branch_dop_operator_v3 to 2026-08-04 08:35:00+00:00, run_after=2026-08-04 08:36:00+00:00
[2026-08-04T08:36:27.880+0000] {processor.py:208} INFO - Processing /home/airflow/.local/lib/python3.12/site-packages/airflow/example_dags/example_branch_python_dop_operator_3.py took 0.102 seconds
[2026-08-04T08:36:58.905+0000] {processor.py:186} INFO - Started process (PID=2067) to work on /home/airflow/.local/lib/python3.12/site-packages/airflow/example_dags/example_branch_python_dop_operator_3.py
[2026-08-04T08:36:58.906+0000] {processor.py:914} INFO - Processing file /home/airflow/.local/lib/python3.12/site-packages/airflow/example_dags/example_branch_python_dop_operator_3.py for tasks to queue
[2026-08-04T08:36:58.909+0000] {logging_mixin.py:190} INFO - [2026-08-04T08:36:58.909+0000] {dagbag.py:588} INFO - Filling up the DagBag from /home/airflow/.local/lib/python3.12/site-packages/airflow/example_dags/example_branch_python_dop_operator_3.py
[2026-08-04T08:36:58.921+0000] {processor.py:925} INFO - DAG(s) 'example_branch_dop_operator_v3' retrieved from /home/airflow/.local/lib/python3.12/site-packages/airflow/example_dags/example_branch_python_dop_operator_3.py
[2026-08-04T08:36:58.948+0000] {logging_mixin.py:190} INFO - [2026-08-04T08:36:58.947+0000] {dag.py:3239} INFO - Sync 1 DAGs
[2026-08-04T08:36:58.980+0000] {logging_mixin.py:190} INFO - [2026-08-04T08:36:58.979+0000] {dag.py:4180} INFO - Setting next_dagrun for example_branch_dop_operator_v3 to 2026-08-04 08:35:00+00:00, run_after=2026-08-04 08:36:00+00:00
[2026-08-04T08:36:59.000+0000] {processor.py:208} INFO - Processing /home/airflow/.local/lib/python3.12/site-packages/airflow/example_dags/example_branch_python_dop_operator_3.py took 0.102 seconds
[2026-08-04T08:37:29.695+0000] {processor.py:186} INFO - Started process (PID=2132) to work on /home/airflow/.local/lib/python3.12/site-packages/airflow/example_dags/example_branch_python_dop_operator_3.py
[2026-08-04T08:37:29.696+0000] {processor.py:914} INFO - Processing file /home/airflow/.local/lib/python3.12/site-packages/airflow/example_dags/example_branch_python_dop_operator_3.py for tasks to queue
[2026-08-04T08:37:29.699+0000] {logging_mixin.py:190} INFO - [2026-08-04T08:37:29.699+0000] {dagbag.py:588} INFO - Filling up the DagBag from /home/airflow/.local/lib/python3.12/site-packages/airflow/example_dags/example_branch_python_dop_operator_3.py
[2026-08-04T08:37:29.712+0000] {processor.py:925} INFO - DAG(s) 'example_branch_dop_operator_v3' retrieved from /home/airflow/.local/lib/python3.12/site-packages/airflow/example_dags/example_branch_python_dop_operator_3.py
[2026-08-04T08:37:29.732+0000] {logging_mixin.py:190} INFO - [2026-08-04T08:37:29.732+0000] {dag.py:3239} INFO - Sync 1 DAGs
[2026-08-04T08:37:29.759+0000] {logging_mixin.py:190} INFO - [2026-08-04T08:37:29.759+0000] {dag.py:4180} INFO - Setting next_dagrun for example_branch_dop_operator_v3 to 2026-08-04 08:36:00+00:00, run_after=2026-08-04 08:37:00+00:00
[2026-08-04T08:37:29.779+0000] {processor.py:208} INFO - Processing /home/airflow/.local/lib/python3.12/site-packages/airflow/example_dags/example_branch_python_dop_operator_3.py took 0.091 seconds
[2026-08-04T08:38:01.364+0000] {processor.py:186} INFO - Started process (PID=2197) to work on /home/airflow/.local/lib/python3.12/site-packages/airflow/example_dags/example_branch_python_dop_operator_3.py
[2026-08-04T08:38:01.365+0000] {processor.py:914} INFO - Processing file /home/airflow/.local/lib/python3.12/site-packages/airflow/example_dags/example_branch_python_dop_operator_3.py for tasks to queue
[2026-08-04T08:38:01.368+0000] {logging_mixin.py:190} INFO - [2026-08-04T08:38:01.368+0000] {dagbag.py:588} INFO - Filling up the DagBag from /home/airflow/.local/lib/python3.12/site-packages/airflow/example_dags/example_branch_python_dop_operator_3.py
[2026-08-04T08:38:01.382+0000] {processor.py:925} INFO - DAG(s) 'example_branch_dop_operator_v3' retrieved from /home/airflow/.local/lib/python3.12/site-packages/airflow/example_dags/example_branch_python_dop_operator_3.py
[2026-08-04T08:38:01.402+0000] {logging_mixin.py:190} INFO - [2026-08-04T08:38:01.401+0000] {dag.py:3239} INFO - Sync 1 DAGs
[2026-08-04T08:38:01.429+0000] {logging_mixin.py:190} INFO - [2026-08-04T08:38:01.429+0000] {dag.py:4180} INFO - Setting next_dagrun for example_branch_dop_operator_v3 to 2026-08-04 08:37:00+00:00, run_after=2026-08-04 08:38:00+00:00
[2026-08-04T08:38:01.451+0000] {processor.py:208} INFO - Processing /home/airflow/.local/lib/python3.12/site-packages/airflow/example_dags/example_branch_python_dop_operator_3.py took 0.093 seconds
[2026-08-04T08:38:32.759+0000] {processor.py:186} INFO - Started process (PID=2264) to work on /home/airflow/.local/lib/python3.12/site-packages/airflow/example_dags/example_branch_python_dop_operator_3.py
[2026-08-04T08:38:32.760+0000] {processor.py:914} INFO - Processing file /home/airflow/.local/lib/python3.12/site-packages/airflow/example_dags/example_branch_python_dop_operator_3.py for tasks to queue
[2026-08-04T08:38:32.763+0000] {logging_mixin.py:190} INFO - [2026-08-04T08:38:32.762+0000] {dagbag.py:588} INFO - Filling up the DagBag from /home/airflow/.local/lib/python3.12/site-packages/airflow/example_dags/example_branch_python_dop_operator_3.py
[2026-08-04T08:38:32.773+0000] {processor.py:925} INFO - DAG(s) 'example_branch_dop_operator_v3' retrieved from /home/airflow/.local/lib/python3.12/site-packages/airflow/example_dags/example_branch_python_dop_operator_3.py
[2026-08-04T08:38:32.795+0000] {logging_mixin.py:190} INFO - [2026-08-04T08:38:32.794+0000] {dag.py:3239} INFO - Sync 1 DAGs
[2026-08-04T08:38:32.824+0000] {logging_mixin.py:190} INFO - [2026-08-04T08:38:32.824+0000] {dag.py:4180} INFO - Setting next_dagrun for example_branch_dop_operator_v3 to 2026-08-04 08:37:00+00:00, run_after=2026-08-04 08:38:00+00:00
[2026-08-04T08:38:32.845+0000] {processor.py:208} INFO - Processing /home/airflow/.local/lib/python3.12/site-packages/airflow/example_dags/example_branch_python_dop_operator_3.py took 0.092 seconds
[2026-08-04T08:39:03.764+0000] {processor.py:186} INFO - Started process (PID=2329) to work on /home/airflow/.local/lib/python3.12/site-packages/airflow/example_dags/example_branch_python_dop_operator_3.py
[2026-08-04T08:39:03.765+0000] {processor.py:914} INFO - Processing file /home/airflow/.local/lib/python3.12/site-packages/airflow/example_dags/example_branch_python_dop_operator_3.py for tasks to queue
[2026-08-04T08:39:03.769+0000] {logging_mixin.py:190} INFO - [2026-08-04T08:39:03.769+0000] {dagbag.py:588} INFO - Filling up the DagBag from /home/airflow/.local/lib/python3.12/site-packages/airflow/example_dags/example_branch_python_dop_operator_3.py
[2026-08-04T08:39:03.786+0000] {processor.py:925} INFO - DAG(s) 'example_branch_dop_operator_v3' retrieved from /home/airflow/.local/lib/python3.12/site-packages/airflow/example_dags/example_branch_python_dop_operator_3.py
[2026-08-04T08:39:03.808+0000] {logging_mixin.py:190} INFO - [2026-08-04T08:39:03.808+0000] {dag.py:3239} INFO - Sync 1 DAGs
[2026-08-04T08:39:03.837+0000] {logging_mixin.py:190} INFO - [2026-08-04T08:39:03.837+0000] {dag.py:4180} INFO - Setting next_dagrun for example_branch_dop_operator_v3 to 2026-08-04 08:38:00+00:00, run_after=2026-08-04 08:39:00+00:00
[2026-08-04T08:39:03.862+0000] {processor.py:208} INFO - Processing /home/airflow/.local/lib/python3.12/site-packages/airflow/example_dags/example_branch_python_dop_operator_3.py took 0.106 seconds
[2026-08-04T08:39:34.904+0000] {processor.py:186} INFO - Started process (PID=2394) to work on /home/airflow/.local/lib/python3.12/site-packages/airflow/example_dags/example_branch_python_dop_operator_3.py
[2026-08-04T08:39:34.905+0000] {processor.py:914} INFO - Processing file /home/airflow/.local/lib/python3.12/site-packages/airflow/example_dags/example_branch_python_dop_operator_3.py for tasks to queue
[2026-08-04T08:39:34.908+0000] {logging_mixin.py:190} INFO - [2026-08-04T08:39:34.908+0000] {dagbag.py:588} INFO - Filling up the DagBag from /home/airflow/.local/lib/python3.12/site-packages/airflow/example_dags/example_branch_python_dop_operator_3.py
[2026-08-04T08:39:34.921+0000] {processor.py:925} INFO - DAG(s) 'example_branch_dop_operator_v3' retrieved from /home/airflow/.local/lib/python3.12/site-packages/airflow/example_dags/example_branch_python_dop_operator_3.py
[2026-08-04T08:39:34.941+0000] {logging_mixin.py:190} INFO - [2026-08-04T08:39:34.940+0000] {dag.py:3239} INFO - Sync 1 DAGs
[2026-08-04T08:39:34.971+0000] {logging_mixin.py:190} INFO - [2026-08-04T08:39:34.971+0000] {dag.py:4180} INFO - Setting next_dagrun for example_branch_dop_operator_v3 to 2026-08-04 08:38:00+00:00, run_after=2026-08-04 08:39:00+00:00
[2026-08-04T08:39:34.992+0000] {processor.py:208} INFO - Processing /home/airflow/.local/lib/python3.12/site-packages/airflow/example_dags/example_branch_python_dop_operator_3.py took 0.095 seconds
[2026-08-04T08:40:06.108+0000] {processor.py:186} INFO - Started process (PID=2459) to work on /home/airflow/.local/lib/python3.12/site-packages/airflow/example_dags/example_branch_python_dop_operator_3.py
[2026-08-04T08:40:06.109+0000] {processor.py:914} INFO - Processing file /home/airflow/.local/lib/python3.12/site-packages/airflow/example_dags/example_branch_python_dop_operator_3.py for tasks to queue
[2026-08-04T08:40:06.112+0000] {logging_mixin.py:190} INFO - [2026-08-04T08:40:06.112+0000] {dagbag.py:588} INFO - Filling up the DagBag from /home/airflow/.local/lib/python3.12/site-packages/airflow/example_dags/example_branch_python_dop_operator_3.py
[2026-08-04T08:40:06.123+0000] {processor.py:925} INFO - DAG(s) 'example_branch_dop_operator_v3' retrieved from /home/airflow/.local/lib/python3.12/site-packages/airflow/example_dags/example_branch_python_dop_operator_3.py
[2026-08-04T08:40:06.145+0000] {logging_mixin.py:190} INFO - [2026-08-04T08:40:06.145+0000] {dag.py:3239} INFO - Sync 1 DAGs
[2026-08-04T08:40:06.179+0000] {logging_mixin.py:190} INFO - [2026-08-04T08:40:06.179+0000] {dag.py:4180} INFO - Setting next_dagrun for example_branch_dop_operator_v3 to 2026-08-04 08:39:00+00:00, run_after=2026-08-04 08:40:00+00:00
[2026-08-04T08:40:06.203+0000] {processor.py:208} INFO - Processing /home/airflow/.local/lib/python3.12/site-packages/airflow/example_dags/example_branch_python_dop_operator_3.py took 0.101 seconds
[2026-08-04T08:40:37.321+0000] {processor.py:186} INFO - Started process (PID=2529) to work on /home/airflow/.local/lib/python3.12/site-packages/airflow/example_dags/example_branch_python_dop_operator_3.py
[2026-08-04T08:40:37.322+0000] {processor.py:914} INFO - Processing file /home/airflow/.local/lib/python3.12/site-packages/airflow/example_dags/example_branch_python_dop_operator_3.py for tasks to queue
[2026-08-04T08:40:37.325+0000] {logging_mixin.py:190} INFO - [2026-08-04T08:40:37.325+0000] {dagbag.py:588} INFO - Filling up the DagBag from /home/airflow/.local/lib/python3.12/site-packages/airflow/example_dags/example_branch_python_dop_operator_3.py
[2026-08-04T08:40:37.336+0000] {processor.py:925} INFO - DAG(s) 'example_branch_dop_operator_v3' retrieved from /home/airflow/.local/lib/python3.12/site-packages/airflow/example_dags/example_branch_python_dop_operator_3.py
[2026-08-04T08:40:37.357+0000] {logging_mixin.py:190} INFO - [2026-08-04T08:40:37.357+0000] {dag.py:3239} INFO - Sync 1 DAGs
[2026-08-04T08:40:37.387+0000] {logging_mixin.py:190} INFO - [2026-08-04T08:40:37.387+0000] {dag.py:4180} INFO - Setting next_dagrun for example_branch_dop_operator_v3 to 2026-08-04 08:39:00+00:00, run_after=2026-08-04 08:40:00+00:00
[2026-08-04T08:40:37.408+0000] {processor.py:208} INFO - Processing /home/airflow/.local/lib/python3.12/site-packages/airflow/example_dags/example_branch_python_dop_operator_3.py took 0.093 seconds
[2026-08-04T08:41:08.582+0000] {processor.py:186} INFO - Started process (PID=2598) to work on /home/airflow/.local/lib/python3.12/site-packages/airflow/example_dags/example_branch_python_dop_operator_3.py
[2026-08-04T08:41:08.583+0000] {processor.py:914} INFO - Processing file /home/airflow/.local/lib/python3.12/site-packages/airflow/example_dags/example_branch_python_dop_operator_3.py for tasks to queue
[2026-08-04T08:41:08.587+0000] {logging_mixin.py:190} INFO - [2026-08-04T08:41:08.587+0000] {dagbag.py:588} INFO - Filling up the DagBag from /home/airflow/.local/lib/python3.12/site-packages/airflow/example_dags/example_branch_python_dop_operator_3.py
[2026-08-04T08:41:08.606+0000] {processor.py:925} INFO - DAG(s) 'example_branch_dop_operator_v3' retrieved from /home/airflow/.local/lib/python3.12/site-packages/airflow/example_dags/example_branch_python_dop_operator_3.py
[2026-08-04T08:41:08.652+0000] {logging_mixin.py:190} INFO - [2026-08-04T08:41:08.652+0000] {dag.py:3239} INFO - Sync 1 DAGs
[2026-08-04T08:41:08.709+0000] {logging_mixin.py:190} INFO - [2026-08-04T08:41:08.709+0000] {dag.py:4180} INFO - Setting next_dagrun for example_branch_dop_operator_v3 to 2026-08-04 08:40:00+00:00, run_after=2026-08-04 08:41:00+00:00
[2026-08-04T08:41:08.745+0000] {processor.py:208} INFO - Processing /home/airflow/.local/lib/python3.12/site-packages/airflow/example_dags/example_branch_python_dop_operator_3.py took 0.174 seconds
[2026-08-04T08:41:40.888+0000] {processor.py:186} INFO - Started process (PID=2670) to work on /home/airflow/.local/lib/python3.12/site-packages/airflow/example_dags/example_branch_python_dop_operator_3.py
[2026-08-04T08:41:40.890+0000] {processor.py:914} INFO - Processing file /home/airflow/.local/lib/python3.12/site-packages/airflow/example_dags/example_branch_python_dop_operator_3.py for tasks to queue
[2026-08-04T08:41:40.893+0000] {logging_mixin.py:190} INFO - [2026-08-04T08:41:40.893+0000] {dagbag.py:588} INFO - Filling up the DagBag from /home/airflow/.local/lib/python3.12/site-packages/airflow/example_dags/example_branch_python_dop_operator_3.py
[2026-08-04T08:41:40.906+0000] {processor.py:925} INFO - DAG(s) 'example_branch_dop_operator_v3' retrieved from /home/airflow/.local/lib/python3.12/site-packages/airflow/example_dags/example_branch_python_dop_operator_3.py
[2026-08-04T08:41:40.928+0000] {logging_mixin.py:190} INFO - [2026-08-04T08:41:40.928+0000] {dag.py:3239} INFO - Sync 1 DAGs
[2026-08-04T08:41:40.959+0000] {logging_mixin.py:190} INFO - [2026-08-04T08:41:40.959+0000] {dag.py:4180} INFO - Setting next_dagrun for example_branch_dop_operator_v3 to 2026-08-04 08:40:00+00:00, run_after=2026-08-04 08:41:00+00:00
[2026-08-04T08:41:40.980+0000] {processor.py:208} INFO - Processing /home/airflow/.local/lib/python3.12/site-packages/airflow/example_dags/example_branch_python_dop_operator_3.py took 0.098 seconds
