[2026-08-04T07:47:17.209+0000] {processor.py:186} INFO - Started process (PID=119) to work on /home/airflow/.local/lib/python3.12/site-packages/airflow/example_dags/example_setup_teardown.py
[2026-08-04T07:47:17.216+0000] {processor.py:914} INFO - Processing file /home/airflow/.local/lib/python3.12/site-packages/airflow/example_dags/example_setup_teardown.py for tasks to queue
[2026-08-04T07:47:17.228+0000] {logging_mixin.py:190} INFO - [2026-08-04T07:47:17.228+0000] {dagbag.py:588} INFO - Filling up the DagBag from /home/airflow/.local/lib/python3.12/site-packages/airflow/example_dags/example_setup_teardown.py
[2026-08-04T07:47:17.245+0000] {processor.py:925} INFO - DAG(s) 'example_setup_teardown' retrieved from /home/airflow/.local/lib/python3.12/site-packages/airflow/example_dags/example_setup_teardown.py
[2026-08-04T07:47:17.280+0000] {logging_mixin.py:190} INFO - [2026-08-04T07:47:17.279+0000] {dag.py:3239} INFO - Sync 1 DAGs
[2026-08-04T07:47:17.325+0000] {logging_mixin.py:190} INFO - [2026-08-04T07:47:17.324+0000] {dag.py:4180} INFO - Setting next_dagrun for example_setup_teardown to None, run_after=None
[2026-08-04T07:47:17.362+0000] {processor.py:208} INFO - Processing /home/airflow/.local/lib/python3.12/site-packages/airflow/example_dags/example_setup_teardown.py took 0.181 seconds
[2026-08-04T08:21:22.333+0000] {processor.py:186} INFO - Started process (PID=119) to work on /home/airflow/.local/lib/python3.12/site-packages/airflow/example_dags/example_setup_teardown.py
[2026-08-04T08:21:22.334+0000] {processor.py:914} INFO - Processing file /home/airflow/.local/lib/python3.12/site-packages/airflow/example_dags/example_setup_teardown.py for tasks to queue
[2026-08-04T08:21:22.339+0000] {logging_mixin.py:190} INFO - [2026-08-04T08:21:22.338+0000] {dagbag.py:588} INFO - Filling up the DagBag from /home/airflow/.local/lib/python3.12/site-packages/airflow/example_dags/example_setup_teardown.py
[2026-08-04T08:21:22.352+0000] {processor.py:925} INFO - DAG(s) 'example_setup_teardown' retrieved from /home/airflow/.local/lib/python3.12/site-packages/airflow/example_dags/example_setup_teardown.py
[2026-08-04T08:21:22.379+0000] {logging_mixin.py:190} INFO - [2026-08-04T08:21:22.379+0000] {dag.py:3239} INFO - Sync 1 DAGs
[2026-08-04T08:21:22.398+0000] {logging_mixin.py:190} INFO - [2026-08-04T08:21:22.398+0000] {dag.py:4180} INFO - Setting next_dagrun for example_setup_teardown to None, run_after=None
[2026-08-04T08:21:22.423+0000] {processor.py:208} INFO - Processing /home/airflow/.local/lib/python3.12/site-packages/airflow/example_dags/example_setup_teardown.py took 0.099 seconds
[2026-08-04T08:21:53.564+0000] {processor.py:186} INFO - Started process (PID=184) to work on /home/airflow/.local/lib/python3.12/site-packages/airflow/example_dags/example_setup_teardown.py
[2026-08-04T08:21:53.566+0000] {processor.py:914} INFO - Processing file /home/airflow/.local/lib/python3.12/site-packages/airflow/example_dags/example_setup_teardown.py for tasks to queue
[2026-08-04T08:21:53.569+0000] {logging_mixin.py:190} INFO - [2026-08-04T08:21:53.569+0000] {dagbag.py:588} INFO - Filling up the DagBag from /home/airflow/.local/lib/python3.12/site-packages/airflow/example_dags/example_setup_teardown.py
[2026-08-04T08:21:53.581+0000] {processor.py:925} INFO - DAG(s) 'example_setup_teardown' retrieved from /home/airflow/.local/lib/python3.12/site-packages/airflow/example_dags/example_setup_teardown.py
[2026-08-04T08:21:53.609+0000] {logging_mixin.py:190} INFO - [2026-08-04T08:21:53.608+0000] {dag.py:3239} INFO - Sync 1 DAGs
[2026-08-04T08:21:53.633+0000] {logging_mixin.py:190} INFO - [2026-08-04T08:21:53.632+0000] {dag.py:4180} INFO - Setting next_dagrun for example_setup_teardown to None, run_after=None
[2026-08-04T08:21:53.661+0000] {processor.py:208} INFO - Processing /home/airflow/.local/lib/python3.12/site-packages/airflow/example_dags/example_setup_teardown.py took 0.104 seconds
[2026-08-04T08:22:24.113+0000] {processor.py:186} INFO - Started process (PID=248) to work on /home/airflow/.local/lib/python3.12/site-packages/airflow/example_dags/example_setup_teardown.py
[2026-08-04T08:22:24.114+0000] {processor.py:914} INFO - Processing file /home/airflow/.local/lib/python3.12/site-packages/airflow/example_dags/example_setup_teardown.py for tasks to queue
[2026-08-04T08:22:24.118+0000] {logging_mixin.py:190} INFO - [2026-08-04T08:22:24.118+0000] {dagbag.py:588} INFO - Filling up the DagBag from /home/airflow/.local/lib/python3.12/site-packages/airflow/example_dags/example_setup_teardown.py
[2026-08-04T08:22:24.132+0000] {processor.py:925} INFO - DAG(s) 'example_setup_teardown' retrieved from /home/airflow/.local/lib/python3.12/site-packages/airflow/example_dags/example_setup_teardown.py
[2026-08-04T08:22:24.163+0000] {logging_mixin.py:190} INFO - [2026-08-04T08:22:24.163+0000] {dag.py:3239} INFO - Sync 1 DAGs
[2026-08-04T08:22:24.183+0000] {logging_mixin.py:190} INFO - [2026-08-04T08:22:24.183+0000] {dag.py:4180} INFO - Setting next_dagrun for example_setup_teardown to None, run_after=None
[2026-08-04T08:22:24.208+0000] {processor.py:208} INFO - Processing /home/airflow/.local/lib/python3.12/site-packages/airflow/example_dags/example_setup_teardown.py took 0.103 seconds
[2026-08-04T08:22:55.091+0000] {processor.py:186} INFO - Started process (PID=313) to work on /home/airflow/.local/lib/python3.12/site-packages/airflow/example_dags/example_setup_teardown.py
[2026-08-04T08:22:55.092+0000] {processor.py:914} INFO - Processing file /home/airflow/.local/lib/python3.12/site-packages/airflow/example_dags/example_setup_teardown.py for tasks to queue
[2026-08-04T08:22:55.095+0000] {logging_mixin.py:190} INFO - [2026-08-04T08:22:55.095+0000] {dagbag.py:588} INFO - Filling up the DagBag from /home/airflow/.local/lib/python3.12/site-packages/airflow/example_dags/example_setup_teardown.py
[2026-08-04T08:22:55.106+0000] {processor.py:925} INFO - DAG(s) 'example_setup_teardown' retrieved from /home/airflow/.local/lib/python3.12/site-packages/airflow/example_dags/example_setup_teardown.py
[2026-08-04T08:22:55.126+0000] {logging_mixin.py:190} INFO - [2026-08-04T08:22:55.126+0000] {dag.py:3239} INFO - Sync 1 DAGs
[2026-08-04T08:22:55.141+0000] {logging_mixin.py:190} INFO - [2026-08-04T08:22:55.141+0000] {dag.py:4180} INFO - Setting next_dagrun for example_setup_teardown to None, run_after=None
[2026-08-04T08:22:55.162+0000] {processor.py:208} INFO - Processing /home/airflow/.local/lib/python3.12/site-packages/airflow/example_dags/example_setup_teardown.py took 0.078 seconds
[2026-08-04T08:23:26.268+0000] {processor.py:186} INFO - Started process (PID=377) to work on /home/airflow/.local/lib/python3.12/site-packages/airflow/example_dags/example_setup_teardown.py
[2026-08-04T08:23:26.270+0000] {processor.py:914} INFO - Processing file /home/airflow/.local/lib/python3.12/site-packages/airflow/example_dags/example_setup_teardown.py for tasks to queue
[2026-08-04T08:23:26.273+0000] {logging_mixin.py:190} INFO - [2026-08-04T08:23:26.273+0000] {dagbag.py:588} INFO - Filling up the DagBag from /home/airflow/.local/lib/python3.12/site-packages/airflow/example_dags/example_setup_teardown.py
[2026-08-04T08:23:26.285+0000] {processor.py:925} INFO - DAG(s) 'example_setup_teardown' retrieved from /home/airflow/.local/lib/python3.12/site-packages/airflow/example_dags/example_setup_teardown.py
[2026-08-04T08:23:26.309+0000] {logging_mixin.py:190} INFO - [2026-08-04T08:23:26.309+0000] {dag.py:3239} INFO - Sync 1 DAGs
[2026-08-04T08:23:26.326+0000] {logging_mixin.py:190} INFO - [2026-08-04T08:23:26.326+0000] {dag.py:4180} INFO - Setting next_dagrun for example_setup_teardown to None, run_after=None
[2026-08-04T08:23:26.346+0000] {processor.py:208} INFO - Processing /home/airflow/.local/lib/python3.12/site-packages/airflow/example_dags/example_setup_teardown.py took 0.086 seconds
[2026-08-04T08:23:57.893+0000] {processor.py:186} INFO - Started process (PID=442) to work on /home/airflow/.local/lib/python3.12/site-packages/airflow/example_dags/example_setup_teardown.py
[2026-08-04T08:23:57.897+0000] {processor.py:914} INFO - Processing file /home/airflow/.local/lib/python3.12/site-packages/airflow/example_dags/example_setup_teardown.py for tasks to queue
[2026-08-04T08:23:57.901+0000] {logging_mixin.py:190} INFO - [2026-08-04T08:23:57.901+0000] {dagbag.py:588} INFO - Filling up the DagBag from /home/airflow/.local/lib/python3.12/site-packages/airflow/example_dags/example_setup_teardown.py
[2026-08-04T08:23:57.919+0000] {processor.py:925} INFO - DAG(s) 'example_setup_teardown' retrieved from /home/airflow/.local/lib/python3.12/site-packages/airflow/example_dags/example_setup_teardown.py
[2026-08-04T08:23:57.961+0000] {logging_mixin.py:190} INFO - [2026-08-04T08:23:57.961+0000] {dag.py:3239} INFO - Sync 1 DAGs
[2026-08-04T08:23:57.992+0000] {logging_mixin.py:190} INFO - [2026-08-04T08:23:57.992+0000] {dag.py:4180} INFO - Setting next_dagrun for example_setup_teardown to None, run_after=None
[2026-08-04T08:23:58.028+0000] {processor.py:208} INFO - Processing /home/airflow/.local/lib/python3.12/site-packages/airflow/example_dags/example_setup_teardown.py took 0.145 seconds
[2026-08-04T08:24:29.364+0000] {processor.py:186} INFO - Started process (PID=509) to work on /home/airflow/.local/lib/python3.12/site-packages/airflow/example_dags/example_setup_teardown.py
[2026-08-04T08:24:29.366+0000] {processor.py:914} INFO - Processing file /home/airflow/.local/lib/python3.12/site-packages/airflow/example_dags/example_setup_teardown.py for tasks to queue
[2026-08-04T08:24:29.370+0000] {logging_mixin.py:190} INFO - [2026-08-04T08:24:29.369+0000] {dagbag.py:588} INFO - Filling up the DagBag from /home/airflow/.local/lib/python3.12/site-packages/airflow/example_dags/example_setup_teardown.py
[2026-08-04T08:24:29.383+0000] {processor.py:925} INFO - DAG(s) 'example_setup_teardown' retrieved from /home/airflow/.local/lib/python3.12/site-packages/airflow/example_dags/example_setup_teardown.py
[2026-08-04T08:24:29.415+0000] {logging_mixin.py:190} INFO - [2026-08-04T08:24:29.415+0000] {dag.py:3239} INFO - Sync 1 DAGs
[2026-08-04T08:24:29.436+0000] {logging_mixin.py:190} INFO - [2026-08-04T08:24:29.436+0000] {dag.py:4180} INFO - Setting next_dagrun for example_setup_teardown to None, run_after=None
[2026-08-04T08:24:29.464+0000] {processor.py:208} INFO - Processing /home/airflow/.local/lib/python3.12/site-packages/airflow/example_dags/example_setup_teardown.py took 0.110 seconds
[2026-08-04T08:25:00.665+0000] {processor.py:186} INFO - Started process (PID=573) to work on /home/airflow/.local/lib/python3.12/site-packages/airflow/example_dags/example_setup_teardown.py
[2026-08-04T08:25:00.666+0000] {processor.py:914} INFO - Processing file /home/airflow/.local/lib/python3.12/site-packages/airflow/example_dags/example_setup_teardown.py for tasks to queue
[2026-08-04T08:25:00.669+0000] {logging_mixin.py:190} INFO - [2026-08-04T08:25:00.669+0000] {dagbag.py:588} INFO - Filling up the DagBag from /home/airflow/.local/lib/python3.12/site-packages/airflow/example_dags/example_setup_teardown.py
[2026-08-04T08:25:00.678+0000] {processor.py:925} INFO - DAG(s) 'example_setup_teardown' retrieved from /home/airflow/.local/lib/python3.12/site-packages/airflow/example_dags/example_setup_teardown.py
[2026-08-04T08:25:00.701+0000] {logging_mixin.py:190} INFO - [2026-08-04T08:25:00.701+0000] {dag.py:3239} INFO - Sync 1 DAGs
[2026-08-04T08:25:00.723+0000] {logging_mixin.py:190} INFO - [2026-08-04T08:25:00.722+0000] {dag.py:4180} INFO - Setting next_dagrun for example_setup_teardown to None, run_after=None
[2026-08-04T08:25:00.743+0000] {processor.py:208} INFO - Processing /home/airflow/.local/lib/python3.12/site-packages/airflow/example_dags/example_setup_teardown.py took 0.084 seconds
[2026-08-04T08:25:31.895+0000] {processor.py:186} INFO - Started process (PID=638) to work on /home/airflow/.local/lib/python3.12/site-packages/airflow/example_dags/example_setup_teardown.py
[2026-08-04T08:25:31.897+0000] {processor.py:914} INFO - Processing file /home/airflow/.local/lib/python3.12/site-packages/airflow/example_dags/example_setup_teardown.py for tasks to queue
[2026-08-04T08:25:31.899+0000] {logging_mixin.py:190} INFO - [2026-08-04T08:25:31.899+0000] {dagbag.py:588} INFO - Filling up the DagBag from /home/airflow/.local/lib/python3.12/site-packages/airflow/example_dags/example_setup_teardown.py
[2026-08-04T08:25:31.909+0000] {processor.py:925} INFO - DAG(s) 'example_setup_teardown' retrieved from /home/airflow/.local/lib/python3.12/site-packages/airflow/example_dags/example_setup_teardown.py
[2026-08-04T08:25:31.930+0000] {logging_mixin.py:190} INFO - [2026-08-04T08:25:31.930+0000] {dag.py:3239} INFO - Sync 1 DAGs
[2026-08-04T08:25:31.945+0000] {logging_mixin.py:190} INFO - [2026-08-04T08:25:31.945+0000] {dag.py:4180} INFO - Setting next_dagrun for example_setup_teardown to None, run_after=None
[2026-08-04T08:25:31.964+0000] {processor.py:208} INFO - Processing /home/airflow/.local/lib/python3.12/site-packages/airflow/example_dags/example_setup_teardown.py took 0.075 seconds
[2026-08-04T08:26:04.030+0000] {processor.py:186} INFO - Started process (PID=705) to work on /home/airflow/.local/lib/python3.12/site-packages/airflow/example_dags/example_setup_teardown.py
[2026-08-04T08:26:04.031+0000] {processor.py:914} INFO - Processing file /home/airflow/.local/lib/python3.12/site-packages/airflow/example_dags/example_setup_teardown.py for tasks to queue
[2026-08-04T08:26:04.034+0000] {logging_mixin.py:190} INFO - [2026-08-04T08:26:04.033+0000] {dagbag.py:588} INFO - Filling up the DagBag from /home/airflow/.local/lib/python3.12/site-packages/airflow/example_dags/example_setup_teardown.py
[2026-08-04T08:26:04.042+0000] {processor.py:925} INFO - DAG(s) 'example_setup_teardown' retrieved from /home/airflow/.local/lib/python3.12/site-packages/airflow/example_dags/example_setup_teardown.py
[2026-08-04T08:26:04.061+0000] {logging_mixin.py:190} INFO - [2026-08-04T08:26:04.061+0000] {dag.py:3239} INFO - Sync 1 DAGs
[2026-08-04T08:26:04.075+0000] {logging_mixin.py:190} INFO - [2026-08-04T08:26:04.075+0000] {dag.py:4180} INFO - Setting next_dagrun for example_setup_teardown to None, run_after=None
[2026-08-04T08:26:04.095+0000] {processor.py:208} INFO - Processing /home/airflow/.local/lib/python3.12/site-packages/airflow/example_dags/example_setup_teardown.py took 0.071 seconds
[2026-08-04T08:26:34.837+0000] {processor.py:186} INFO - Started process (PID=771) to work on /home/airflow/.local/lib/python3.12/site-packages/airflow/example_dags/example_setup_teardown.py
[2026-08-04T08:26:34.838+0000] {processor.py:914} INFO - Processing file /home/airflow/.local/lib/python3.12/site-packages/airflow/example_dags/example_setup_teardown.py for tasks to queue
[2026-08-04T08:26:34.841+0000] {logging_mixin.py:190} INFO - [2026-08-04T08:26:34.841+0000] {dagbag.py:588} INFO - Filling up the DagBag from /home/airflow/.local/lib/python3.12/site-packages/airflow/example_dags/example_setup_teardown.py
[2026-08-04T08:26:34.853+0000] {processor.py:925} INFO - DAG(s) 'example_setup_teardown' retrieved from /home/airflow/.local/lib/python3.12/site-packages/airflow/example_dags/example_setup_teardown.py
[2026-08-04T08:26:34.876+0000] {logging_mixin.py:190} INFO - [2026-08-04T08:26:34.875+0000] {dag.py:3239} INFO - Sync 1 DAGs
[2026-08-04T08:26:34.894+0000] {logging_mixin.py:190} INFO - [2026-08-04T08:26:34.894+0000] {dag.py:4180} INFO - Setting next_dagrun for example_setup_teardown to None, run_after=None
[2026-08-04T08:26:34.917+0000] {processor.py:208} INFO - Processing /home/airflow/.local/lib/python3.12/site-packages/airflow/example_dags/example_setup_teardown.py took 0.088 seconds
[2026-08-04T08:27:06.116+0000] {processor.py:186} INFO - Started process (PID=836) to work on /home/airflow/.local/lib/python3.12/site-packages/airflow/example_dags/example_setup_teardown.py
[2026-08-04T08:27:06.117+0000] {processor.py:914} INFO - Processing file /home/airflow/.local/lib/python3.12/site-packages/airflow/example_dags/example_setup_teardown.py for tasks to queue
[2026-08-04T08:27:06.120+0000] {logging_mixin.py:190} INFO - [2026-08-04T08:27:06.120+0000] {dagbag.py:588} INFO - Filling up the DagBag from /home/airflow/.local/lib/python3.12/site-packages/airflow/example_dags/example_setup_teardown.py
[2026-08-04T08:27:06.130+0000] {processor.py:925} INFO - DAG(s) 'example_setup_teardown' retrieved from /home/airflow/.local/lib/python3.12/site-packages/airflow/example_dags/example_setup_teardown.py
[2026-08-04T08:27:06.152+0000] {logging_mixin.py:190} INFO - [2026-08-04T08:27:06.152+0000] {dag.py:3239} INFO - Sync 1 DAGs
[2026-08-04T08:27:06.170+0000] {logging_mixin.py:190} INFO - [2026-08-04T08:27:06.169+0000] {dag.py:4180} INFO - Setting next_dagrun for example_setup_teardown to None, run_after=None
[2026-08-04T08:27:06.191+0000] {processor.py:208} INFO - Processing /home/airflow/.local/lib/python3.12/site-packages/airflow/example_dags/example_setup_teardown.py took 0.082 seconds
[2026-08-04T08:27:37.334+0000] {processor.py:186} INFO - Started process (PID=901) to work on /home/airflow/.local/lib/python3.12/site-packages/airflow/example_dags/example_setup_teardown.py
[2026-08-04T08:27:37.335+0000] {processor.py:914} INFO - Processing file /home/airflow/.local/lib/python3.12/site-packages/airflow/example_dags/example_setup_teardown.py for tasks to queue
[2026-08-04T08:27:37.338+0000] {logging_mixin.py:190} INFO - [2026-08-04T08:27:37.338+0000] {dagbag.py:588} INFO - Filling up the DagBag from /home/airflow/.local/lib/python3.12/site-packages/airflow/example_dags/example_setup_teardown.py
[2026-08-04T08:27:37.348+0000] {processor.py:925} INFO - DAG(s) 'example_setup_teardown' retrieved from /home/airflow/.local/lib/python3.12/site-packages/airflow/example_dags/example_setup_teardown.py
[2026-08-04T08:27:37.370+0000] {logging_mixin.py:190} INFO - [2026-08-04T08:27:37.370+0000] {dag.py:3239} INFO - Sync 1 DAGs
[2026-08-04T08:27:37.386+0000] {logging_mixin.py:190} INFO - [2026-08-04T08:27:37.386+0000] {dag.py:4180} INFO - Setting next_dagrun for example_setup_teardown to None, run_after=None
[2026-08-04T08:27:37.406+0000] {processor.py:208} INFO - Processing /home/airflow/.local/lib/python3.12/site-packages/airflow/example_dags/example_setup_teardown.py took 0.078 seconds
[2026-08-04T08:28:08.522+0000] {processor.py:186} INFO - Started process (PID=966) to work on /home/airflow/.local/lib/python3.12/site-packages/airflow/example_dags/example_setup_teardown.py
[2026-08-04T08:28:08.523+0000] {processor.py:914} INFO - Processing file /home/airflow/.local/lib/python3.12/site-packages/airflow/example_dags/example_setup_teardown.py for tasks to queue
[2026-08-04T08:28:08.526+0000] {logging_mixin.py:190} INFO - [2026-08-04T08:28:08.526+0000] {dagbag.py:588} INFO - Filling up the DagBag from /home/airflow/.local/lib/python3.12/site-packages/airflow/example_dags/example_setup_teardown.py
[2026-08-04T08:28:08.536+0000] {processor.py:925} INFO - DAG(s) 'example_setup_teardown' retrieved from /home/airflow/.local/lib/python3.12/site-packages/airflow/example_dags/example_setup_teardown.py
[2026-08-04T08:28:08.566+0000] {logging_mixin.py:190} INFO - [2026-08-04T08:28:08.566+0000] {dag.py:3239} INFO - Sync 1 DAGs
[2026-08-04T08:28:08.593+0000] {logging_mixin.py:190} INFO - [2026-08-04T08:28:08.592+0000] {dag.py:4180} INFO - Setting next_dagrun for example_setup_teardown to None, run_after=None
[2026-08-04T08:28:08.631+0000] {processor.py:208} INFO - Processing /home/airflow/.local/lib/python3.12/site-packages/airflow/example_dags/example_setup_teardown.py took 0.115 seconds
[2026-08-04T08:28:40.169+0000] {processor.py:186} INFO - Started process (PID=1031) to work on /home/airflow/.local/lib/python3.12/site-packages/airflow/example_dags/example_setup_teardown.py
[2026-08-04T08:28:40.171+0000] {processor.py:914} INFO - Processing file /home/airflow/.local/lib/python3.12/site-packages/airflow/example_dags/example_setup_teardown.py for tasks to queue
[2026-08-04T08:28:40.174+0000] {logging_mixin.py:190} INFO - [2026-08-04T08:28:40.173+0000] {dagbag.py:588} INFO - Filling up the DagBag from /home/airflow/.local/lib/python3.12/site-packages/airflow/example_dags/example_setup_teardown.py
[2026-08-04T08:28:40.185+0000] {processor.py:925} INFO - DAG(s) 'example_setup_teardown' retrieved from /home/airflow/.local/lib/python3.12/site-packages/airflow/example_dags/example_setup_teardown.py
[2026-08-04T08:28:40.207+0000] {logging_mixin.py:190} INFO - [2026-08-04T08:28:40.207+0000] {dag.py:3239} INFO - Sync 1 DAGs
[2026-08-04T08:28:40.223+0000] {logging_mixin.py:190} INFO - [2026-08-04T08:28:40.222+0000] {dag.py:4180} INFO - Setting next_dagrun for example_setup_teardown to None, run_after=None
[2026-08-04T08:28:40.252+0000] {processor.py:208} INFO - Processing /home/airflow/.local/lib/python3.12/site-packages/airflow/example_dags/example_setup_teardown.py took 0.089 seconds
[2026-08-04T08:29:11.489+0000] {processor.py:186} INFO - Started process (PID=1096) to work on /home/airflow/.local/lib/python3.12/site-packages/airflow/example_dags/example_setup_teardown.py
[2026-08-04T08:29:11.491+0000] {processor.py:914} INFO - Processing file /home/airflow/.local/lib/python3.12/site-packages/airflow/example_dags/example_setup_teardown.py for tasks to queue
[2026-08-04T08:29:11.493+0000] {logging_mixin.py:190} INFO - [2026-08-04T08:29:11.493+0000] {dagbag.py:588} INFO - Filling up the DagBag from /home/airflow/.local/lib/python3.12/site-packages/airflow/example_dags/example_setup_teardown.py
[2026-08-04T08:29:11.505+0000] {processor.py:925} INFO - DAG(s) 'example_setup_teardown' retrieved from /home/airflow/.local/lib/python3.12/site-packages/airflow/example_dags/example_setup_teardown.py
[2026-08-04T08:29:11.528+0000] {logging_mixin.py:190} INFO - [2026-08-04T08:29:11.528+0000] {dag.py:3239} INFO - Sync 1 DAGs
[2026-08-04T08:29:11.546+0000] {logging_mixin.py:190} INFO - [2026-08-04T08:29:11.545+0000] {dag.py:4180} INFO - Setting next_dagrun for example_setup_teardown to None, run_after=None
[2026-08-04T08:29:11.566+0000] {processor.py:208} INFO - Processing /home/airflow/.local/lib/python3.12/site-packages/airflow/example_dags/example_setup_teardown.py took 0.083 seconds
[2026-08-04T08:29:42.927+0000] {processor.py:186} INFO - Started process (PID=1161) to work on /home/airflow/.local/lib/python3.12/site-packages/airflow/example_dags/example_setup_teardown.py
[2026-08-04T08:29:42.928+0000] {processor.py:914} INFO - Processing file /home/airflow/.local/lib/python3.12/site-packages/airflow/example_dags/example_setup_teardown.py for tasks to queue
[2026-08-04T08:29:42.932+0000] {logging_mixin.py:190} INFO - [2026-08-04T08:29:42.931+0000] {dagbag.py:588} INFO - Filling up the DagBag from /home/airflow/.local/lib/python3.12/site-packages/airflow/example_dags/example_setup_teardown.py
[2026-08-04T08:29:42.941+0000] {processor.py:925} INFO - DAG(s) 'example_setup_teardown' retrieved from /home/airflow/.local/lib/python3.12/site-packages/airflow/example_dags/example_setup_teardown.py
[2026-08-04T08:29:42.961+0000] {logging_mixin.py:190} INFO - [2026-08-04T08:29:42.960+0000] {dag.py:3239} INFO - Sync 1 DAGs
[2026-08-04T08:29:42.977+0000] {logging_mixin.py:190} INFO - [2026-08-04T08:29:42.976+0000] {dag.py:4180} INFO - Setting next_dagrun for example_setup_teardown to None, run_after=None
[2026-08-04T08:29:42.997+0000] {processor.py:208} INFO - Processing /home/airflow/.local/lib/python3.12/site-packages/airflow/example_dags/example_setup_teardown.py took 0.076 seconds
[2026-08-04T08:30:14.509+0000] {processor.py:186} INFO - Started process (PID=1233) to work on /home/airflow/.local/lib/python3.12/site-packages/airflow/example_dags/example_setup_teardown.py
[2026-08-04T08:30:14.511+0000] {processor.py:914} INFO - Processing file /home/airflow/.local/lib/python3.12/site-packages/airflow/example_dags/example_setup_teardown.py for tasks to queue
[2026-08-04T08:30:14.514+0000] {logging_mixin.py:190} INFO - [2026-08-04T08:30:14.514+0000] {dagbag.py:588} INFO - Filling up the DagBag from /home/airflow/.local/lib/python3.12/site-packages/airflow/example_dags/example_setup_teardown.py
[2026-08-04T08:30:14.526+0000] {processor.py:925} INFO - DAG(s) 'example_setup_teardown' retrieved from /home/airflow/.local/lib/python3.12/site-packages/airflow/example_dags/example_setup_teardown.py
[2026-08-04T08:30:14.546+0000] {logging_mixin.py:190} INFO - [2026-08-04T08:30:14.546+0000] {dag.py:3239} INFO - Sync 1 DAGs
[2026-08-04T08:30:14.561+0000] {logging_mixin.py:190} INFO - [2026-08-04T08:30:14.561+0000] {dag.py:4180} INFO - Setting next_dagrun for example_setup_teardown to None, run_after=None
[2026-08-04T08:30:14.583+0000] {processor.py:208} INFO - Processing /home/airflow/.local/lib/python3.12/site-packages/airflow/example_dags/example_setup_teardown.py took 0.081 seconds
[2026-08-04T08:30:45.854+0000] {processor.py:186} INFO - Started process (PID=1298) to work on /home/airflow/.local/lib/python3.12/site-packages/airflow/example_dags/example_setup_teardown.py
[2026-08-04T08:30:45.855+0000] {processor.py:914} INFO - Processing file /home/airflow/.local/lib/python3.12/site-packages/airflow/example_dags/example_setup_teardown.py for tasks to queue
[2026-08-04T08:30:45.858+0000] {logging_mixin.py:190} INFO - [2026-08-04T08:30:45.858+0000] {dagbag.py:588} INFO - Filling up the DagBag from /home/airflow/.local/lib/python3.12/site-packages/airflow/example_dags/example_setup_teardown.py
[2026-08-04T08:30:45.867+0000] {processor.py:925} INFO - DAG(s) 'example_setup_teardown' retrieved from /home/airflow/.local/lib/python3.12/site-packages/airflow/example_dags/example_setup_teardown.py
[2026-08-04T08:30:45.891+0000] {logging_mixin.py:190} INFO - [2026-08-04T08:30:45.891+0000] {dag.py:3239} INFO - Sync 1 DAGs
[2026-08-04T08:30:45.908+0000] {logging_mixin.py:190} INFO - [2026-08-04T08:30:45.908+0000] {dag.py:4180} INFO - Setting next_dagrun for example_setup_teardown to None, run_after=None
[2026-08-04T08:30:45.929+0000] {processor.py:208} INFO - Processing /home/airflow/.local/lib/python3.12/site-packages/airflow/example_dags/example_setup_teardown.py took 0.081 seconds
[2026-08-04T08:31:17.247+0000] {processor.py:186} INFO - Started process (PID=1363) to work on /home/airflow/.local/lib/python3.12/site-packages/airflow/example_dags/example_setup_teardown.py
[2026-08-04T08:31:17.249+0000] {processor.py:914} INFO - Processing file /home/airflow/.local/lib/python3.12/site-packages/airflow/example_dags/example_setup_teardown.py for tasks to queue
[2026-08-04T08:31:17.251+0000] {logging_mixin.py:190} INFO - [2026-08-04T08:31:17.251+0000] {dagbag.py:588} INFO - Filling up the DagBag from /home/airflow/.local/lib/python3.12/site-packages/airflow/example_dags/example_setup_teardown.py
[2026-08-04T08:31:17.260+0000] {processor.py:925} INFO - DAG(s) 'example_setup_teardown' retrieved from /home/airflow/.local/lib/python3.12/site-packages/airflow/example_dags/example_setup_teardown.py
[2026-08-04T08:31:17.282+0000] {logging_mixin.py:190} INFO - [2026-08-04T08:31:17.281+0000] {dag.py:3239} INFO - Sync 1 DAGs
[2026-08-04T08:31:17.299+0000] {logging_mixin.py:190} INFO - [2026-08-04T08:31:17.299+0000] {dag.py:4180} INFO - Setting next_dagrun for example_setup_teardown to None, run_after=None
[2026-08-04T08:31:17.323+0000] {processor.py:208} INFO - Processing /home/airflow/.local/lib/python3.12/site-packages/airflow/example_dags/example_setup_teardown.py took 0.081 seconds
[2026-08-04T08:31:48.488+0000] {processor.py:186} INFO - Started process (PID=1428) to work on /home/airflow/.local/lib/python3.12/site-packages/airflow/example_dags/example_setup_teardown.py
[2026-08-04T08:31:48.489+0000] {processor.py:914} INFO - Processing file /home/airflow/.local/lib/python3.12/site-packages/airflow/example_dags/example_setup_teardown.py for tasks to queue
[2026-08-04T08:31:48.492+0000] {logging_mixin.py:190} INFO - [2026-08-04T08:31:48.491+0000] {dagbag.py:588} INFO - Filling up the DagBag from /home/airflow/.local/lib/python3.12/site-packages/airflow/example_dags/example_setup_teardown.py
[2026-08-04T08:31:48.501+0000] {processor.py:925} INFO - DAG(s) 'example_setup_teardown' retrieved from /home/airflow/.local/lib/python3.12/site-packages/airflow/example_dags/example_setup_teardown.py
[2026-08-04T08:31:48.524+0000] {logging_mixin.py:190} INFO - [2026-08-04T08:31:48.524+0000] {dag.py:3239} INFO - Sync 1 DAGs
[2026-08-04T08:31:48.548+0000] {logging_mixin.py:190} INFO - [2026-08-04T08:31:48.548+0000] {dag.py:4180} INFO - Setting next_dagrun for example_setup_teardown to None, run_after=None
[2026-08-04T08:31:48.576+0000] {processor.py:208} INFO - Processing /home/airflow/.local/lib/python3.12/site-packages/airflow/example_dags/example_setup_teardown.py took 0.094 seconds
[2026-08-04T08:32:19.962+0000] {processor.py:186} INFO - Started process (PID=1493) to work on /home/airflow/.local/lib/python3.12/site-packages/airflow/example_dags/example_setup_teardown.py
[2026-08-04T08:32:19.963+0000] {processor.py:914} INFO - Processing file /home/airflow/.local/lib/python3.12/site-packages/airflow/example_dags/example_setup_teardown.py for tasks to queue
[2026-08-04T08:32:19.965+0000] {logging_mixin.py:190} INFO - [2026-08-04T08:32:19.965+0000] {dagbag.py:588} INFO - Filling up the DagBag from /home/airflow/.local/lib/python3.12/site-packages/airflow/example_dags/example_setup_teardown.py
[2026-08-04T08:32:19.975+0000] {processor.py:925} INFO - DAG(s) 'example_setup_teardown' retrieved from /home/airflow/.local/lib/python3.12/site-packages/airflow/example_dags/example_setup_teardown.py
[2026-08-04T08:32:19.996+0000] {logging_mixin.py:190} INFO - [2026-08-04T08:32:19.996+0000] {dag.py:3239} INFO - Sync 1 DAGs
[2026-08-04T08:32:20.015+0000] {logging_mixin.py:190} INFO - [2026-08-04T08:32:20.015+0000] {dag.py:4180} INFO - Setting next_dagrun for example_setup_teardown to None, run_after=None
[2026-08-04T08:32:20.042+0000] {processor.py:208} INFO - Processing /home/airflow/.local/lib/python3.12/site-packages/airflow/example_dags/example_setup_teardown.py took 0.087 seconds
[2026-08-04T08:32:51.237+0000] {processor.py:186} INFO - Started process (PID=1558) to work on /home/airflow/.local/lib/python3.12/site-packages/airflow/example_dags/example_setup_teardown.py
[2026-08-04T08:32:51.239+0000] {processor.py:914} INFO - Processing file /home/airflow/.local/lib/python3.12/site-packages/airflow/example_dags/example_setup_teardown.py for tasks to queue
[2026-08-04T08:32:51.241+0000] {logging_mixin.py:190} INFO - [2026-08-04T08:32:51.241+0000] {dagbag.py:588} INFO - Filling up the DagBag from /home/airflow/.local/lib/python3.12/site-packages/airflow/example_dags/example_setup_teardown.py
[2026-08-04T08:32:51.250+0000] {processor.py:925} INFO - DAG(s) 'example_setup_teardown' retrieved from /home/airflow/.local/lib/python3.12/site-packages/airflow/example_dags/example_setup_teardown.py
[2026-08-04T08:32:51.271+0000] {logging_mixin.py:190} INFO - [2026-08-04T08:32:51.271+0000] {dag.py:3239} INFO - Sync 1 DAGs
[2026-08-04T08:32:51.289+0000] {logging_mixin.py:190} INFO - [2026-08-04T08:32:51.288+0000] {dag.py:4180} INFO - Setting next_dagrun for example_setup_teardown to None, run_after=None
[2026-08-04T08:32:51.310+0000] {processor.py:208} INFO - Processing /home/airflow/.local/lib/python3.12/site-packages/airflow/example_dags/example_setup_teardown.py took 0.079 seconds
[2026-08-04T08:33:22.789+0000] {processor.py:186} INFO - Started process (PID=1623) to work on /home/airflow/.local/lib/python3.12/site-packages/airflow/example_dags/example_setup_teardown.py
[2026-08-04T08:33:22.790+0000] {processor.py:914} INFO - Processing file /home/airflow/.local/lib/python3.12/site-packages/airflow/example_dags/example_setup_teardown.py for tasks to queue
[2026-08-04T08:33:22.794+0000] {logging_mixin.py:190} INFO - [2026-08-04T08:33:22.793+0000] {dagbag.py:588} INFO - Filling up the DagBag from /home/airflow/.local/lib/python3.12/site-packages/airflow/example_dags/example_setup_teardown.py
[2026-08-04T08:33:22.803+0000] {processor.py:925} INFO - DAG(s) 'example_setup_teardown' retrieved from /home/airflow/.local/lib/python3.12/site-packages/airflow/example_dags/example_setup_teardown.py
[2026-08-04T08:33:22.826+0000] {logging_mixin.py:190} INFO - [2026-08-04T08:33:22.826+0000] {dag.py:3239} INFO - Sync 1 DAGs
[2026-08-04T08:33:22.843+0000] {logging_mixin.py:190} INFO - [2026-08-04T08:33:22.843+0000] {dag.py:4180} INFO - Setting next_dagrun for example_setup_teardown to None, run_after=None
[2026-08-04T08:33:22.865+0000] {processor.py:208} INFO - Processing /home/airflow/.local/lib/python3.12/site-packages/airflow/example_dags/example_setup_teardown.py took 0.082 seconds
[2026-08-04T08:33:53.707+0000] {processor.py:186} INFO - Started process (PID=1688) to work on /home/airflow/.local/lib/python3.12/site-packages/airflow/example_dags/example_setup_teardown.py
[2026-08-04T08:33:53.708+0000] {processor.py:914} INFO - Processing file /home/airflow/.local/lib/python3.12/site-packages/airflow/example_dags/example_setup_teardown.py for tasks to queue
[2026-08-04T08:33:53.711+0000] {logging_mixin.py:190} INFO - [2026-08-04T08:33:53.711+0000] {dagbag.py:588} INFO - Filling up the DagBag from /home/airflow/.local/lib/python3.12/site-packages/airflow/example_dags/example_setup_teardown.py
[2026-08-04T08:33:53.721+0000] {processor.py:925} INFO - DAG(s) 'example_setup_teardown' retrieved from /home/airflow/.local/lib/python3.12/site-packages/airflow/example_dags/example_setup_teardown.py
[2026-08-04T08:33:53.744+0000] {logging_mixin.py:190} INFO - [2026-08-04T08:33:53.743+0000] {dag.py:3239} INFO - Sync 1 DAGs
[2026-08-04T08:33:53.760+0000] {logging_mixin.py:190} INFO - [2026-08-04T08:33:53.760+0000] {dag.py:4180} INFO - Setting next_dagrun for example_setup_teardown to None, run_after=None
[2026-08-04T08:33:53.781+0000] {processor.py:208} INFO - Processing /home/airflow/.local/lib/python3.12/site-packages/airflow/example_dags/example_setup_teardown.py took 0.080 seconds
[2026-08-04T08:34:25.179+0000] {processor.py:186} INFO - Started process (PID=1753) to work on /home/airflow/.local/lib/python3.12/site-packages/airflow/example_dags/example_setup_teardown.py
[2026-08-04T08:34:25.180+0000] {processor.py:914} INFO - Processing file /home/airflow/.local/lib/python3.12/site-packages/airflow/example_dags/example_setup_teardown.py for tasks to queue
[2026-08-04T08:34:25.183+0000] {logging_mixin.py:190} INFO - [2026-08-04T08:34:25.183+0000] {dagbag.py:588} INFO - Filling up the DagBag from /home/airflow/.local/lib/python3.12/site-packages/airflow/example_dags/example_setup_teardown.py
[2026-08-04T08:34:25.194+0000] {processor.py:925} INFO - DAG(s) 'example_setup_teardown' retrieved from /home/airflow/.local/lib/python3.12/site-packages/airflow/example_dags/example_setup_teardown.py
[2026-08-04T08:34:25.216+0000] {logging_mixin.py:190} INFO - [2026-08-04T08:34:25.216+0000] {dag.py:3239} INFO - Sync 1 DAGs
[2026-08-04T08:34:25.235+0000] {logging_mixin.py:190} INFO - [2026-08-04T08:34:25.234+0000] {dag.py:4180} INFO - Setting next_dagrun for example_setup_teardown to None, run_after=None
[2026-08-04T08:34:25.257+0000] {processor.py:208} INFO - Processing /home/airflow/.local/lib/python3.12/site-packages/airflow/example_dags/example_setup_teardown.py took 0.085 seconds
[2026-08-04T08:34:56.457+0000] {processor.py:186} INFO - Started process (PID=1818) to work on /home/airflow/.local/lib/python3.12/site-packages/airflow/example_dags/example_setup_teardown.py
[2026-08-04T08:34:56.459+0000] {processor.py:914} INFO - Processing file /home/airflow/.local/lib/python3.12/site-packages/airflow/example_dags/example_setup_teardown.py for tasks to queue
[2026-08-04T08:34:56.461+0000] {logging_mixin.py:190} INFO - [2026-08-04T08:34:56.461+0000] {dagbag.py:588} INFO - Filling up the DagBag from /home/airflow/.local/lib/python3.12/site-packages/airflow/example_dags/example_setup_teardown.py
[2026-08-04T08:34:56.470+0000] {processor.py:925} INFO - DAG(s) 'example_setup_teardown' retrieved from /home/airflow/.local/lib/python3.12/site-packages/airflow/example_dags/example_setup_teardown.py
[2026-08-04T08:34:56.491+0000] {logging_mixin.py:190} INFO - [2026-08-04T08:34:56.491+0000] {dag.py:3239} INFO - Sync 1 DAGs
[2026-08-04T08:34:56.511+0000] {logging_mixin.py:190} INFO - [2026-08-04T08:34:56.511+0000] {dag.py:4180} INFO - Setting next_dagrun for example_setup_teardown to None, run_after=None
[2026-08-04T08:34:56.533+0000] {processor.py:208} INFO - Processing /home/airflow/.local/lib/python3.12/site-packages/airflow/example_dags/example_setup_teardown.py took 0.082 seconds
[2026-08-04T08:35:27.670+0000] {processor.py:186} INFO - Started process (PID=1883) to work on /home/airflow/.local/lib/python3.12/site-packages/airflow/example_dags/example_setup_teardown.py
[2026-08-04T08:35:27.671+0000] {processor.py:914} INFO - Processing file /home/airflow/.local/lib/python3.12/site-packages/airflow/example_dags/example_setup_teardown.py for tasks to queue
[2026-08-04T08:35:27.674+0000] {logging_mixin.py:190} INFO - [2026-08-04T08:35:27.674+0000] {dagbag.py:588} INFO - Filling up the DagBag from /home/airflow/.local/lib/python3.12/site-packages/airflow/example_dags/example_setup_teardown.py
[2026-08-04T08:35:27.685+0000] {processor.py:925} INFO - DAG(s) 'example_setup_teardown' retrieved from /home/airflow/.local/lib/python3.12/site-packages/airflow/example_dags/example_setup_teardown.py
[2026-08-04T08:35:27.705+0000] {logging_mixin.py:190} INFO - [2026-08-04T08:35:27.705+0000] {dag.py:3239} INFO - Sync 1 DAGs
[2026-08-04T08:35:27.720+0000] {logging_mixin.py:190} INFO - [2026-08-04T08:35:27.720+0000] {dag.py:4180} INFO - Setting next_dagrun for example_setup_teardown to None, run_after=None
[2026-08-04T08:35:27.743+0000] {processor.py:208} INFO - Processing /home/airflow/.local/lib/python3.12/site-packages/airflow/example_dags/example_setup_teardown.py took 0.079 seconds
[2026-08-04T08:35:58.825+0000] {processor.py:186} INFO - Started process (PID=1951) to work on /home/airflow/.local/lib/python3.12/site-packages/airflow/example_dags/example_setup_teardown.py
[2026-08-04T08:35:58.826+0000] {processor.py:914} INFO - Processing file /home/airflow/.local/lib/python3.12/site-packages/airflow/example_dags/example_setup_teardown.py for tasks to queue
[2026-08-04T08:35:58.829+0000] {logging_mixin.py:190} INFO - [2026-08-04T08:35:58.829+0000] {dagbag.py:588} INFO - Filling up the DagBag from /home/airflow/.local/lib/python3.12/site-packages/airflow/example_dags/example_setup_teardown.py
[2026-08-04T08:35:58.840+0000] {processor.py:925} INFO - DAG(s) 'example_setup_teardown' retrieved from /home/airflow/.local/lib/python3.12/site-packages/airflow/example_dags/example_setup_teardown.py
[2026-08-04T08:35:58.860+0000] {logging_mixin.py:190} INFO - [2026-08-04T08:35:58.860+0000] {dag.py:3239} INFO - Sync 1 DAGs
[2026-08-04T08:35:58.875+0000] {logging_mixin.py:190} INFO - [2026-08-04T08:35:58.875+0000] {dag.py:4180} INFO - Setting next_dagrun for example_setup_teardown to None, run_after=None
[2026-08-04T08:35:58.893+0000] {processor.py:208} INFO - Processing /home/airflow/.local/lib/python3.12/site-packages/airflow/example_dags/example_setup_teardown.py took 0.074 seconds
[2026-08-04T08:36:30.501+0000] {processor.py:186} INFO - Started process (PID=2016) to work on /home/airflow/.local/lib/python3.12/site-packages/airflow/example_dags/example_setup_teardown.py
[2026-08-04T08:36:30.503+0000] {processor.py:914} INFO - Processing file /home/airflow/.local/lib/python3.12/site-packages/airflow/example_dags/example_setup_teardown.py for tasks to queue
[2026-08-04T08:36:30.507+0000] {logging_mixin.py:190} INFO - [2026-08-04T08:36:30.506+0000] {dagbag.py:588} INFO - Filling up the DagBag from /home/airflow/.local/lib/python3.12/site-packages/airflow/example_dags/example_setup_teardown.py
[2026-08-04T08:36:30.521+0000] {processor.py:925} INFO - DAG(s) 'example_setup_teardown' retrieved from /home/airflow/.local/lib/python3.12/site-packages/airflow/example_dags/example_setup_teardown.py
[2026-08-04T08:36:30.552+0000] {logging_mixin.py:190} INFO - [2026-08-04T08:36:30.552+0000] {dag.py:3239} INFO - Sync 1 DAGs
[2026-08-04T08:36:30.573+0000] {logging_mixin.py:190} INFO - [2026-08-04T08:36:30.572+0000] {dag.py:4180} INFO - Setting next_dagrun for example_setup_teardown to None, run_after=None
[2026-08-04T08:36:30.596+0000] {processor.py:208} INFO - Processing /home/airflow/.local/lib/python3.12/site-packages/airflow/example_dags/example_setup_teardown.py took 0.103 seconds
[2026-08-04T08:37:01.645+0000] {processor.py:186} INFO - Started process (PID=2084) to work on /home/airflow/.local/lib/python3.12/site-packages/airflow/example_dags/example_setup_teardown.py
[2026-08-04T08:37:01.646+0000] {processor.py:914} INFO - Processing file /home/airflow/.local/lib/python3.12/site-packages/airflow/example_dags/example_setup_teardown.py for tasks to queue
[2026-08-04T08:37:01.649+0000] {logging_mixin.py:190} INFO - [2026-08-04T08:37:01.649+0000] {dagbag.py:588} INFO - Filling up the DagBag from /home/airflow/.local/lib/python3.12/site-packages/airflow/example_dags/example_setup_teardown.py
[2026-08-04T08:37:01.658+0000] {processor.py:925} INFO - DAG(s) 'example_setup_teardown' retrieved from /home/airflow/.local/lib/python3.12/site-packages/airflow/example_dags/example_setup_teardown.py
[2026-08-04T08:37:01.679+0000] {logging_mixin.py:190} INFO - [2026-08-04T08:37:01.679+0000] {dag.py:3239} INFO - Sync 1 DAGs
[2026-08-04T08:37:01.698+0000] {logging_mixin.py:190} INFO - [2026-08-04T08:37:01.698+0000] {dag.py:4180} INFO - Setting next_dagrun for example_setup_teardown to None, run_after=None
[2026-08-04T08:37:01.720+0000] {processor.py:208} INFO - Processing /home/airflow/.local/lib/python3.12/site-packages/airflow/example_dags/example_setup_teardown.py took 0.081 seconds
[2026-08-04T08:37:32.526+0000] {processor.py:186} INFO - Started process (PID=2149) to work on /home/airflow/.local/lib/python3.12/site-packages/airflow/example_dags/example_setup_teardown.py
[2026-08-04T08:37:32.527+0000] {processor.py:914} INFO - Processing file /home/airflow/.local/lib/python3.12/site-packages/airflow/example_dags/example_setup_teardown.py for tasks to queue
[2026-08-04T08:37:32.530+0000] {logging_mixin.py:190} INFO - [2026-08-04T08:37:32.529+0000] {dagbag.py:588} INFO - Filling up the DagBag from /home/airflow/.local/lib/python3.12/site-packages/airflow/example_dags/example_setup_teardown.py
[2026-08-04T08:37:32.538+0000] {processor.py:925} INFO - DAG(s) 'example_setup_teardown' retrieved from /home/airflow/.local/lib/python3.12/site-packages/airflow/example_dags/example_setup_teardown.py
[2026-08-04T08:37:32.559+0000] {logging_mixin.py:190} INFO - [2026-08-04T08:37:32.559+0000] {dag.py:3239} INFO - Sync 1 DAGs
[2026-08-04T08:37:32.578+0000] {logging_mixin.py:190} INFO - [2026-08-04T08:37:32.578+0000] {dag.py:4180} INFO - Setting next_dagrun for example_setup_teardown to None, run_after=None
[2026-08-04T08:37:32.600+0000] {processor.py:208} INFO - Processing /home/airflow/.local/lib/python3.12/site-packages/airflow/example_dags/example_setup_teardown.py took 0.081 seconds
[2026-08-04T08:38:03.745+0000] {processor.py:186} INFO - Started process (PID=2220) to work on /home/airflow/.local/lib/python3.12/site-packages/airflow/example_dags/example_setup_teardown.py
[2026-08-04T08:38:03.747+0000] {processor.py:914} INFO - Processing file /home/airflow/.local/lib/python3.12/site-packages/airflow/example_dags/example_setup_teardown.py for tasks to queue
[2026-08-04T08:38:03.750+0000] {logging_mixin.py:190} INFO - [2026-08-04T08:38:03.750+0000] {dagbag.py:588} INFO - Filling up the DagBag from /home/airflow/.local/lib/python3.12/site-packages/airflow/example_dags/example_setup_teardown.py
[2026-08-04T08:38:03.762+0000] {processor.py:925} INFO - DAG(s) 'example_setup_teardown' retrieved from /home/airflow/.local/lib/python3.12/site-packages/airflow/example_dags/example_setup_teardown.py
[2026-08-04T08:38:03.786+0000] {logging_mixin.py:190} INFO - [2026-08-04T08:38:03.786+0000] {dag.py:3239} INFO - Sync 1 DAGs
[2026-08-04T08:38:03.804+0000] {logging_mixin.py:190} INFO - [2026-08-04T08:38:03.803+0000] {dag.py:4180} INFO - Setting next_dagrun for example_setup_teardown to None, run_after=None
[2026-08-04T08:38:03.826+0000] {processor.py:208} INFO - Processing /home/airflow/.local/lib/python3.12/site-packages/airflow/example_dags/example_setup_teardown.py took 0.089 seconds
[2026-08-04T08:38:34.798+0000] {processor.py:186} INFO - Started process (PID=2289) to work on /home/airflow/.local/lib/python3.12/site-packages/airflow/example_dags/example_setup_teardown.py
[2026-08-04T08:38:34.799+0000] {processor.py:914} INFO - Processing file /home/airflow/.local/lib/python3.12/site-packages/airflow/example_dags/example_setup_teardown.py for tasks to queue
[2026-08-04T08:38:34.802+0000] {logging_mixin.py:190} INFO - [2026-08-04T08:38:34.801+0000] {dagbag.py:588} INFO - Filling up the DagBag from /home/airflow/.local/lib/python3.12/site-packages/airflow/example_dags/example_setup_teardown.py
[2026-08-04T08:38:34.811+0000] {processor.py:925} INFO - DAG(s) 'example_setup_teardown' retrieved from /home/airflow/.local/lib/python3.12/site-packages/airflow/example_dags/example_setup_teardown.py
[2026-08-04T08:38:34.833+0000] {logging_mixin.py:190} INFO - [2026-08-04T08:38:34.833+0000] {dag.py:3239} INFO - Sync 1 DAGs
[2026-08-04T08:38:34.849+0000] {logging_mixin.py:190} INFO - [2026-08-04T08:38:34.849+0000] {dag.py:4180} INFO - Setting next_dagrun for example_setup_teardown to None, run_after=None
[2026-08-04T08:38:34.869+0000] {processor.py:208} INFO - Processing /home/airflow/.local/lib/python3.12/site-packages/airflow/example_dags/example_setup_teardown.py took 0.077 seconds
[2026-08-04T08:39:05.886+0000] {processor.py:186} INFO - Started process (PID=2354) to work on /home/airflow/.local/lib/python3.12/site-packages/airflow/example_dags/example_setup_teardown.py
[2026-08-04T08:39:05.887+0000] {processor.py:914} INFO - Processing file /home/airflow/.local/lib/python3.12/site-packages/airflow/example_dags/example_setup_teardown.py for tasks to queue
[2026-08-04T08:39:05.890+0000] {logging_mixin.py:190} INFO - [2026-08-04T08:39:05.890+0000] {dagbag.py:588} INFO - Filling up the DagBag from /home/airflow/.local/lib/python3.12/site-packages/airflow/example_dags/example_setup_teardown.py
[2026-08-04T08:39:05.900+0000] {processor.py:925} INFO - DAG(s) 'example_setup_teardown' retrieved from /home/airflow/.local/lib/python3.12/site-packages/airflow/example_dags/example_setup_teardown.py
[2026-08-04T08:39:05.920+0000] {logging_mixin.py:190} INFO - [2026-08-04T08:39:05.919+0000] {dag.py:3239} INFO - Sync 1 DAGs
[2026-08-04T08:39:05.934+0000] {logging_mixin.py:190} INFO - [2026-08-04T08:39:05.934+0000] {dag.py:4180} INFO - Setting next_dagrun for example_setup_teardown to None, run_after=None
[2026-08-04T08:39:05.954+0000] {processor.py:208} INFO - Processing /home/airflow/.local/lib/python3.12/site-packages/airflow/example_dags/example_setup_teardown.py took 0.074 seconds
[2026-08-04T08:39:36.946+0000] {processor.py:186} INFO - Started process (PID=2419) to work on /home/airflow/.local/lib/python3.12/site-packages/airflow/example_dags/example_setup_teardown.py
[2026-08-04T08:39:36.947+0000] {processor.py:914} INFO - Processing file /home/airflow/.local/lib/python3.12/site-packages/airflow/example_dags/example_setup_teardown.py for tasks to queue
[2026-08-04T08:39:36.950+0000] {logging_mixin.py:190} INFO - [2026-08-04T08:39:36.950+0000] {dagbag.py:588} INFO - Filling up the DagBag from /home/airflow/.local/lib/python3.12/site-packages/airflow/example_dags/example_setup_teardown.py
[2026-08-04T08:39:36.959+0000] {processor.py:925} INFO - DAG(s) 'example_setup_teardown' retrieved from /home/airflow/.local/lib/python3.12/site-packages/airflow/example_dags/example_setup_teardown.py
[2026-08-04T08:39:36.981+0000] {logging_mixin.py:190} INFO - [2026-08-04T08:39:36.981+0000] {dag.py:3239} INFO - Sync 1 DAGs
[2026-08-04T08:39:36.997+0000] {logging_mixin.py:190} INFO - [2026-08-04T08:39:36.996+0000] {dag.py:4180} INFO - Setting next_dagrun for example_setup_teardown to None, run_after=None
[2026-08-04T08:39:37.017+0000] {processor.py:208} INFO - Processing /home/airflow/.local/lib/python3.12/site-packages/airflow/example_dags/example_setup_teardown.py took 0.077 seconds
[2026-08-04T08:40:07.638+0000] {processor.py:186} INFO - Started process (PID=2485) to work on /home/airflow/.local/lib/python3.12/site-packages/airflow/example_dags/example_setup_teardown.py
[2026-08-04T08:40:07.640+0000] {processor.py:914} INFO - Processing file /home/airflow/.local/lib/python3.12/site-packages/airflow/example_dags/example_setup_teardown.py for tasks to queue
[2026-08-04T08:40:07.643+0000] {logging_mixin.py:190} INFO - [2026-08-04T08:40:07.642+0000] {dagbag.py:588} INFO - Filling up the DagBag from /home/airflow/.local/lib/python3.12/site-packages/airflow/example_dags/example_setup_teardown.py
[2026-08-04T08:40:07.653+0000] {processor.py:925} INFO - DAG(s) 'example_setup_teardown' retrieved from /home/airflow/.local/lib/python3.12/site-packages/airflow/example_dags/example_setup_teardown.py
[2026-08-04T08:40:07.675+0000] {logging_mixin.py:190} INFO - [2026-08-04T08:40:07.674+0000] {dag.py:3239} INFO - Sync 1 DAGs
[2026-08-04T08:40:07.691+0000] {logging_mixin.py:190} INFO - [2026-08-04T08:40:07.690+0000] {dag.py:4180} INFO - Setting next_dagrun for example_setup_teardown to None, run_after=None
[2026-08-04T08:40:07.711+0000] {processor.py:208} INFO - Processing /home/airflow/.local/lib/python3.12/site-packages/airflow/example_dags/example_setup_teardown.py took 0.079 seconds
[2026-08-04T08:40:38.859+0000] {processor.py:186} INFO - Started process (PID=2550) to work on /home/airflow/.local/lib/python3.12/site-packages/airflow/example_dags/example_setup_teardown.py
[2026-08-04T08:40:38.860+0000] {processor.py:914} INFO - Processing file /home/airflow/.local/lib/python3.12/site-packages/airflow/example_dags/example_setup_teardown.py for tasks to queue
[2026-08-04T08:40:38.863+0000] {logging_mixin.py:190} INFO - [2026-08-04T08:40:38.863+0000] {dagbag.py:588} INFO - Filling up the DagBag from /home/airflow/.local/lib/python3.12/site-packages/airflow/example_dags/example_setup_teardown.py
[2026-08-04T08:40:38.874+0000] {processor.py:925} INFO - DAG(s) 'example_setup_teardown' retrieved from /home/airflow/.local/lib/python3.12/site-packages/airflow/example_dags/example_setup_teardown.py
[2026-08-04T08:40:38.896+0000] {logging_mixin.py:190} INFO - [2026-08-04T08:40:38.896+0000] {dag.py:3239} INFO - Sync 1 DAGs
[2026-08-04T08:40:38.916+0000] {logging_mixin.py:190} INFO - [2026-08-04T08:40:38.916+0000] {dag.py:4180} INFO - Setting next_dagrun for example_setup_teardown to None, run_after=None
[2026-08-04T08:40:38.939+0000] {processor.py:208} INFO - Processing /home/airflow/.local/lib/python3.12/site-packages/airflow/example_dags/example_setup_teardown.py took 0.087 seconds
[2026-08-04T08:41:09.772+0000] {processor.py:186} INFO - Started process (PID=2615) to work on /home/airflow/.local/lib/python3.12/site-packages/airflow/example_dags/example_setup_teardown.py
[2026-08-04T08:41:09.774+0000] {processor.py:914} INFO - Processing file /home/airflow/.local/lib/python3.12/site-packages/airflow/example_dags/example_setup_teardown.py for tasks to queue
[2026-08-04T08:41:09.777+0000] {logging_mixin.py:190} INFO - [2026-08-04T08:41:09.776+0000] {dagbag.py:588} INFO - Filling up the DagBag from /home/airflow/.local/lib/python3.12/site-packages/airflow/example_dags/example_setup_teardown.py
[2026-08-04T08:41:09.787+0000] {processor.py:925} INFO - DAG(s) 'example_setup_teardown' retrieved from /home/airflow/.local/lib/python3.12/site-packages/airflow/example_dags/example_setup_teardown.py
[2026-08-04T08:41:09.809+0000] {logging_mixin.py:190} INFO - [2026-08-04T08:41:09.808+0000] {dag.py:3239} INFO - Sync 1 DAGs
[2026-08-04T08:41:09.826+0000] {logging_mixin.py:190} INFO - [2026-08-04T08:41:09.825+0000] {dag.py:4180} INFO - Setting next_dagrun for example_setup_teardown to None, run_after=None
[2026-08-04T08:41:09.847+0000] {processor.py:208} INFO - Processing /home/airflow/.local/lib/python3.12/site-packages/airflow/example_dags/example_setup_teardown.py took 0.081 seconds
[2026-08-04T08:41:42.238+0000] {processor.py:186} INFO - Started process (PID=2681) to work on /home/airflow/.local/lib/python3.12/site-packages/airflow/example_dags/example_setup_teardown.py
[2026-08-04T08:41:42.240+0000] {processor.py:914} INFO - Processing file /home/airflow/.local/lib/python3.12/site-packages/airflow/example_dags/example_setup_teardown.py for tasks to queue
[2026-08-04T08:41:42.243+0000] {logging_mixin.py:190} INFO - [2026-08-04T08:41:42.242+0000] {dagbag.py:588} INFO - Filling up the DagBag from /home/airflow/.local/lib/python3.12/site-packages/airflow/example_dags/example_setup_teardown.py
[2026-08-04T08:41:42.253+0000] {processor.py:925} INFO - DAG(s) 'example_setup_teardown' retrieved from /home/airflow/.local/lib/python3.12/site-packages/airflow/example_dags/example_setup_teardown.py
[2026-08-04T08:41:42.273+0000] {logging_mixin.py:190} INFO - [2026-08-04T08:41:42.273+0000] {dag.py:3239} INFO - Sync 1 DAGs
[2026-08-04T08:41:42.288+0000] {logging_mixin.py:190} INFO - [2026-08-04T08:41:42.288+0000] {dag.py:4180} INFO - Setting next_dagrun for example_setup_teardown to None, run_after=None
[2026-08-04T08:41:42.309+0000] {processor.py:208} INFO - Processing /home/airflow/.local/lib/python3.12/site-packages/airflow/example_dags/example_setup_teardown.py took 0.077 seconds
