[2026-08-04T07:47:14.109+0000] {processor.py:186} INFO - Started process (PID=104) to work on /home/airflow/.local/lib/python3.12/site-packages/airflow/example_dags/example_dag_decorator.py
[2026-08-04T07:47:14.110+0000] {processor.py:914} INFO - Processing file /home/airflow/.local/lib/python3.12/site-packages/airflow/example_dags/example_dag_decorator.py for tasks to queue
[2026-08-04T07:47:14.113+0000] {logging_mixin.py:190} INFO - [2026-08-04T07:47:14.113+0000] {dagbag.py:588} INFO - Filling up the DagBag from /home/airflow/.local/lib/python3.12/site-packages/airflow/example_dags/example_dag_decorator.py
[2026-08-04T07:47:14.658+0000] {processor.py:925} INFO - DAG(s) 'example_dag_decorator' retrieved from /home/airflow/.local/lib/python3.12/site-packages/airflow/example_dags/example_dag_decorator.py
[2026-08-04T07:47:14.857+0000] {logging_mixin.py:190} INFO - [2026-08-04T07:47:14.857+0000] {dag.py:3239} INFO - Sync 1 DAGs
[2026-08-04T07:47:14.878+0000] {logging_mixin.py:190} INFO - [2026-08-04T07:47:14.878+0000] {dag.py:4180} INFO - Setting next_dagrun for example_dag_decorator to None, run_after=None
[2026-08-04T07:47:14.910+0000] {processor.py:208} INFO - Processing /home/airflow/.local/lib/python3.12/site-packages/airflow/example_dags/example_dag_decorator.py took 0.808 seconds
[2026-08-04T08:21:20.158+0000] {processor.py:186} INFO - Started process (PID=104) to work on /home/airflow/.local/lib/python3.12/site-packages/airflow/example_dags/example_dag_decorator.py
[2026-08-04T08:21:20.160+0000] {processor.py:914} INFO - Processing file /home/airflow/.local/lib/python3.12/site-packages/airflow/example_dags/example_dag_decorator.py for tasks to queue
[2026-08-04T08:21:20.165+0000] {logging_mixin.py:190} INFO - [2026-08-04T08:21:20.164+0000] {dagbag.py:588} INFO - Filling up the DagBag from /home/airflow/.local/lib/python3.12/site-packages/airflow/example_dags/example_dag_decorator.py
[2026-08-04T08:21:20.626+0000] {processor.py:925} INFO - DAG(s) 'example_dag_decorator' retrieved from /home/airflow/.local/lib/python3.12/site-packages/airflow/example_dags/example_dag_decorator.py
[2026-08-04T08:21:20.784+0000] {logging_mixin.py:190} INFO - [2026-08-04T08:21:20.784+0000] {dag.py:3239} INFO - Sync 1 DAGs
[2026-08-04T08:21:20.802+0000] {logging_mixin.py:190} INFO - [2026-08-04T08:21:20.802+0000] {dag.py:4180} INFO - Setting next_dagrun for example_dag_decorator to None, run_after=None
[2026-08-04T08:21:20.830+0000] {processor.py:208} INFO - Processing /home/airflow/.local/lib/python3.12/site-packages/airflow/example_dags/example_dag_decorator.py took 0.681 seconds
[2026-08-04T08:21:51.421+0000] {processor.py:186} INFO - Started process (PID=169) to work on /home/airflow/.local/lib/python3.12/site-packages/airflow/example_dags/example_dag_decorator.py
[2026-08-04T08:21:51.422+0000] {processor.py:914} INFO - Processing file /home/airflow/.local/lib/python3.12/site-packages/airflow/example_dags/example_dag_decorator.py for tasks to queue
[2026-08-04T08:21:51.426+0000] {logging_mixin.py:190} INFO - [2026-08-04T08:21:51.425+0000] {dagbag.py:588} INFO - Filling up the DagBag from /home/airflow/.local/lib/python3.12/site-packages/airflow/example_dags/example_dag_decorator.py
[2026-08-04T08:21:51.559+0000] {processor.py:925} INFO - DAG(s) 'example_dag_decorator' retrieved from /home/airflow/.local/lib/python3.12/site-packages/airflow/example_dags/example_dag_decorator.py
[2026-08-04T08:21:51.711+0000] {logging_mixin.py:190} INFO - [2026-08-04T08:21:51.710+0000] {dag.py:3239} INFO - Sync 1 DAGs
[2026-08-04T08:21:51.729+0000] {logging_mixin.py:190} INFO - [2026-08-04T08:21:51.729+0000] {dag.py:4180} INFO - Setting next_dagrun for example_dag_decorator to None, run_after=None
[2026-08-04T08:21:51.755+0000] {processor.py:208} INFO - Processing /home/airflow/.local/lib/python3.12/site-packages/airflow/example_dags/example_dag_decorator.py took 0.341 seconds
[2026-08-04T08:22:22.606+0000] {processor.py:186} INFO - Started process (PID=234) to work on /home/airflow/.local/lib/python3.12/site-packages/airflow/example_dags/example_dag_decorator.py
[2026-08-04T08:22:22.608+0000] {processor.py:914} INFO - Processing file /home/airflow/.local/lib/python3.12/site-packages/airflow/example_dags/example_dag_decorator.py for tasks to queue
[2026-08-04T08:22:22.611+0000] {logging_mixin.py:190} INFO - [2026-08-04T08:22:22.611+0000] {dagbag.py:588} INFO - Filling up the DagBag from /home/airflow/.local/lib/python3.12/site-packages/airflow/example_dags/example_dag_decorator.py
[2026-08-04T08:22:22.740+0000] {processor.py:925} INFO - DAG(s) 'example_dag_decorator' retrieved from /home/airflow/.local/lib/python3.12/site-packages/airflow/example_dags/example_dag_decorator.py
[2026-08-04T08:22:22.872+0000] {logging_mixin.py:190} INFO - [2026-08-04T08:22:22.872+0000] {dag.py:3239} INFO - Sync 1 DAGs
[2026-08-04T08:22:22.892+0000] {logging_mixin.py:190} INFO - [2026-08-04T08:22:22.891+0000] {dag.py:4180} INFO - Setting next_dagrun for example_dag_decorator to None, run_after=None
[2026-08-04T08:22:22.914+0000] {processor.py:208} INFO - Processing /home/airflow/.local/lib/python3.12/site-packages/airflow/example_dags/example_dag_decorator.py took 0.316 seconds
[2026-08-04T08:22:53.693+0000] {processor.py:186} INFO - Started process (PID=300) to work on /home/airflow/.local/lib/python3.12/site-packages/airflow/example_dags/example_dag_decorator.py
[2026-08-04T08:22:53.694+0000] {processor.py:914} INFO - Processing file /home/airflow/.local/lib/python3.12/site-packages/airflow/example_dags/example_dag_decorator.py for tasks to queue
[2026-08-04T08:22:53.698+0000] {logging_mixin.py:190} INFO - [2026-08-04T08:22:53.697+0000] {dagbag.py:588} INFO - Filling up the DagBag from /home/airflow/.local/lib/python3.12/site-packages/airflow/example_dags/example_dag_decorator.py
[2026-08-04T08:22:53.794+0000] {processor.py:925} INFO - DAG(s) 'example_dag_decorator' retrieved from /home/airflow/.local/lib/python3.12/site-packages/airflow/example_dags/example_dag_decorator.py
[2026-08-04T08:22:53.905+0000] {logging_mixin.py:190} INFO - [2026-08-04T08:22:53.904+0000] {dag.py:3239} INFO - Sync 1 DAGs
[2026-08-04T08:22:53.918+0000] {logging_mixin.py:190} INFO - [2026-08-04T08:22:53.918+0000] {dag.py:4180} INFO - Setting next_dagrun for example_dag_decorator to None, run_after=None
[2026-08-04T08:22:53.938+0000] {processor.py:208} INFO - Processing /home/airflow/.local/lib/python3.12/site-packages/airflow/example_dags/example_dag_decorator.py took 0.252 seconds
[2026-08-04T08:23:25.347+0000] {processor.py:186} INFO - Started process (PID=364) to work on /home/airflow/.local/lib/python3.12/site-packages/airflow/example_dags/example_dag_decorator.py
[2026-08-04T08:23:25.348+0000] {processor.py:914} INFO - Processing file /home/airflow/.local/lib/python3.12/site-packages/airflow/example_dags/example_dag_decorator.py for tasks to queue
[2026-08-04T08:23:25.351+0000] {logging_mixin.py:190} INFO - [2026-08-04T08:23:25.350+0000] {dagbag.py:588} INFO - Filling up the DagBag from /home/airflow/.local/lib/python3.12/site-packages/airflow/example_dags/example_dag_decorator.py
[2026-08-04T08:23:25.452+0000] {processor.py:925} INFO - DAG(s) 'example_dag_decorator' retrieved from /home/airflow/.local/lib/python3.12/site-packages/airflow/example_dags/example_dag_decorator.py
[2026-08-04T08:23:25.475+0000] {logging_mixin.py:190} INFO - [2026-08-04T08:23:25.474+0000] {dag.py:3239} INFO - Sync 1 DAGs
[2026-08-04T08:23:25.490+0000] {logging_mixin.py:190} INFO - [2026-08-04T08:23:25.490+0000] {dag.py:4180} INFO - Setting next_dagrun for example_dag_decorator to None, run_after=None
[2026-08-04T08:23:25.511+0000] {processor.py:208} INFO - Processing /home/airflow/.local/lib/python3.12/site-packages/airflow/example_dags/example_dag_decorator.py took 0.171 seconds
[2026-08-04T08:23:56.777+0000] {processor.py:186} INFO - Started process (PID=429) to work on /home/airflow/.local/lib/python3.12/site-packages/airflow/example_dags/example_dag_decorator.py
[2026-08-04T08:23:56.779+0000] {processor.py:914} INFO - Processing file /home/airflow/.local/lib/python3.12/site-packages/airflow/example_dags/example_dag_decorator.py for tasks to queue
[2026-08-04T08:23:56.782+0000] {logging_mixin.py:190} INFO - [2026-08-04T08:23:56.782+0000] {dagbag.py:588} INFO - Filling up the DagBag from /home/airflow/.local/lib/python3.12/site-packages/airflow/example_dags/example_dag_decorator.py
[2026-08-04T08:23:56.897+0000] {processor.py:925} INFO - DAG(s) 'example_dag_decorator' retrieved from /home/airflow/.local/lib/python3.12/site-packages/airflow/example_dags/example_dag_decorator.py
[2026-08-04T08:23:57.040+0000] {logging_mixin.py:190} INFO - [2026-08-04T08:23:57.039+0000] {dag.py:3239} INFO - Sync 1 DAGs
[2026-08-04T08:23:57.056+0000] {logging_mixin.py:190} INFO - [2026-08-04T08:23:57.056+0000] {dag.py:4180} INFO - Setting next_dagrun for example_dag_decorator to None, run_after=None
[2026-08-04T08:23:57.081+0000] {processor.py:208} INFO - Processing /home/airflow/.local/lib/python3.12/site-packages/airflow/example_dags/example_dag_decorator.py took 0.310 seconds
[2026-08-04T08:24:28.071+0000] {processor.py:186} INFO - Started process (PID=494) to work on /home/airflow/.local/lib/python3.12/site-packages/airflow/example_dags/example_dag_decorator.py
[2026-08-04T08:24:28.073+0000] {processor.py:914} INFO - Processing file /home/airflow/.local/lib/python3.12/site-packages/airflow/example_dags/example_dag_decorator.py for tasks to queue
[2026-08-04T08:24:28.076+0000] {logging_mixin.py:190} INFO - [2026-08-04T08:24:28.076+0000] {dagbag.py:588} INFO - Filling up the DagBag from /home/airflow/.local/lib/python3.12/site-packages/airflow/example_dags/example_dag_decorator.py
[2026-08-04T08:24:28.189+0000] {processor.py:925} INFO - DAG(s) 'example_dag_decorator' retrieved from /home/airflow/.local/lib/python3.12/site-packages/airflow/example_dags/example_dag_decorator.py
[2026-08-04T08:24:28.324+0000] {logging_mixin.py:190} INFO - [2026-08-04T08:24:28.323+0000] {dag.py:3239} INFO - Sync 1 DAGs
[2026-08-04T08:24:28.339+0000] {logging_mixin.py:190} INFO - [2026-08-04T08:24:28.339+0000] {dag.py:4180} INFO - Setting next_dagrun for example_dag_decorator to None, run_after=None
[2026-08-04T08:24:28.361+0000] {processor.py:208} INFO - Processing /home/airflow/.local/lib/python3.12/site-packages/airflow/example_dags/example_dag_decorator.py took 0.298 seconds
[2026-08-04T08:24:59.739+0000] {processor.py:186} INFO - Started process (PID=560) to work on /home/airflow/.local/lib/python3.12/site-packages/airflow/example_dags/example_dag_decorator.py
[2026-08-04T08:24:59.741+0000] {processor.py:914} INFO - Processing file /home/airflow/.local/lib/python3.12/site-packages/airflow/example_dags/example_dag_decorator.py for tasks to queue
[2026-08-04T08:24:59.744+0000] {logging_mixin.py:190} INFO - [2026-08-04T08:24:59.744+0000] {dagbag.py:588} INFO - Filling up the DagBag from /home/airflow/.local/lib/python3.12/site-packages/airflow/example_dags/example_dag_decorator.py
[2026-08-04T08:24:59.845+0000] {processor.py:925} INFO - DAG(s) 'example_dag_decorator' retrieved from /home/airflow/.local/lib/python3.12/site-packages/airflow/example_dags/example_dag_decorator.py
[2026-08-04T08:24:59.969+0000] {logging_mixin.py:190} INFO - [2026-08-04T08:24:59.969+0000] {dag.py:3239} INFO - Sync 1 DAGs
[2026-08-04T08:24:59.987+0000] {logging_mixin.py:190} INFO - [2026-08-04T08:24:59.986+0000] {dag.py:4180} INFO - Setting next_dagrun for example_dag_decorator to None, run_after=None
[2026-08-04T08:25:00.024+0000] {processor.py:208} INFO - Processing /home/airflow/.local/lib/python3.12/site-packages/airflow/example_dags/example_dag_decorator.py took 0.292 seconds
[2026-08-04T08:25:30.853+0000] {processor.py:186} INFO - Started process (PID=625) to work on /home/airflow/.local/lib/python3.12/site-packages/airflow/example_dags/example_dag_decorator.py
[2026-08-04T08:25:30.854+0000] {processor.py:914} INFO - Processing file /home/airflow/.local/lib/python3.12/site-packages/airflow/example_dags/example_dag_decorator.py for tasks to queue
[2026-08-04T08:25:30.858+0000] {logging_mixin.py:190} INFO - [2026-08-04T08:25:30.857+0000] {dagbag.py:588} INFO - Filling up the DagBag from /home/airflow/.local/lib/python3.12/site-packages/airflow/example_dags/example_dag_decorator.py
[2026-08-04T08:25:30.967+0000] {processor.py:925} INFO - DAG(s) 'example_dag_decorator' retrieved from /home/airflow/.local/lib/python3.12/site-packages/airflow/example_dags/example_dag_decorator.py
[2026-08-04T08:25:31.092+0000] {logging_mixin.py:190} INFO - [2026-08-04T08:25:31.092+0000] {dag.py:3239} INFO - Sync 1 DAGs
[2026-08-04T08:25:31.106+0000] {logging_mixin.py:190} INFO - [2026-08-04T08:25:31.106+0000] {dag.py:4180} INFO - Setting next_dagrun for example_dag_decorator to None, run_after=None
[2026-08-04T08:25:31.126+0000] {processor.py:208} INFO - Processing /home/airflow/.local/lib/python3.12/site-packages/airflow/example_dags/example_dag_decorator.py took 0.281 seconds
[2026-08-04T08:26:02.073+0000] {processor.py:186} INFO - Started process (PID=690) to work on /home/airflow/.local/lib/python3.12/site-packages/airflow/example_dags/example_dag_decorator.py
[2026-08-04T08:26:02.074+0000] {processor.py:914} INFO - Processing file /home/airflow/.local/lib/python3.12/site-packages/airflow/example_dags/example_dag_decorator.py for tasks to queue
[2026-08-04T08:26:02.077+0000] {logging_mixin.py:190} INFO - [2026-08-04T08:26:02.077+0000] {dagbag.py:588} INFO - Filling up the DagBag from /home/airflow/.local/lib/python3.12/site-packages/airflow/example_dags/example_dag_decorator.py
[2026-08-04T08:26:02.182+0000] {processor.py:925} INFO - DAG(s) 'example_dag_decorator' retrieved from /home/airflow/.local/lib/python3.12/site-packages/airflow/example_dags/example_dag_decorator.py
[2026-08-04T08:26:02.311+0000] {logging_mixin.py:190} INFO - [2026-08-04T08:26:02.310+0000] {dag.py:3239} INFO - Sync 1 DAGs
[2026-08-04T08:26:02.326+0000] {logging_mixin.py:190} INFO - [2026-08-04T08:26:02.326+0000] {dag.py:4180} INFO - Setting next_dagrun for example_dag_decorator to None, run_after=None
[2026-08-04T08:26:02.348+0000] {processor.py:208} INFO - Processing /home/airflow/.local/lib/python3.12/site-packages/airflow/example_dags/example_dag_decorator.py took 0.281 seconds
[2026-08-04T08:26:33.156+0000] {processor.py:186} INFO - Started process (PID=756) to work on /home/airflow/.local/lib/python3.12/site-packages/airflow/example_dags/example_dag_decorator.py
[2026-08-04T08:26:33.158+0000] {processor.py:914} INFO - Processing file /home/airflow/.local/lib/python3.12/site-packages/airflow/example_dags/example_dag_decorator.py for tasks to queue
[2026-08-04T08:26:33.161+0000] {logging_mixin.py:190} INFO - [2026-08-04T08:26:33.161+0000] {dagbag.py:588} INFO - Filling up the DagBag from /home/airflow/.local/lib/python3.12/site-packages/airflow/example_dags/example_dag_decorator.py
[2026-08-04T08:26:33.268+0000] {processor.py:925} INFO - DAG(s) 'example_dag_decorator' retrieved from /home/airflow/.local/lib/python3.12/site-packages/airflow/example_dags/example_dag_decorator.py
[2026-08-04T08:26:33.400+0000] {logging_mixin.py:190} INFO - [2026-08-04T08:26:33.400+0000] {dag.py:3239} INFO - Sync 1 DAGs
[2026-08-04T08:26:33.415+0000] {logging_mixin.py:190} INFO - [2026-08-04T08:26:33.415+0000] {dag.py:4180} INFO - Setting next_dagrun for example_dag_decorator to None, run_after=None
[2026-08-04T08:26:33.435+0000] {processor.py:208} INFO - Processing /home/airflow/.local/lib/python3.12/site-packages/airflow/example_dags/example_dag_decorator.py took 0.287 seconds
[2026-08-04T08:27:04.593+0000] {processor.py:186} INFO - Started process (PID=821) to work on /home/airflow/.local/lib/python3.12/site-packages/airflow/example_dags/example_dag_decorator.py
[2026-08-04T08:27:04.594+0000] {processor.py:914} INFO - Processing file /home/airflow/.local/lib/python3.12/site-packages/airflow/example_dags/example_dag_decorator.py for tasks to queue
[2026-08-04T08:27:04.597+0000] {logging_mixin.py:190} INFO - [2026-08-04T08:27:04.596+0000] {dagbag.py:588} INFO - Filling up the DagBag from /home/airflow/.local/lib/python3.12/site-packages/airflow/example_dags/example_dag_decorator.py
[2026-08-04T08:27:04.698+0000] {processor.py:925} INFO - DAG(s) 'example_dag_decorator' retrieved from /home/airflow/.local/lib/python3.12/site-packages/airflow/example_dags/example_dag_decorator.py
[2026-08-04T08:27:04.816+0000] {logging_mixin.py:190} INFO - [2026-08-04T08:27:04.816+0000] {dag.py:3239} INFO - Sync 1 DAGs
[2026-08-04T08:27:04.829+0000] {logging_mixin.py:190} INFO - [2026-08-04T08:27:04.829+0000] {dag.py:4180} INFO - Setting next_dagrun for example_dag_decorator to None, run_after=None
[2026-08-04T08:27:04.852+0000] {processor.py:208} INFO - Processing /home/airflow/.local/lib/python3.12/site-packages/airflow/example_dags/example_dag_decorator.py took 0.265 seconds
[2026-08-04T08:27:35.778+0000] {processor.py:186} INFO - Started process (PID=886) to work on /home/airflow/.local/lib/python3.12/site-packages/airflow/example_dags/example_dag_decorator.py
[2026-08-04T08:27:35.779+0000] {processor.py:914} INFO - Processing file /home/airflow/.local/lib/python3.12/site-packages/airflow/example_dags/example_dag_decorator.py for tasks to queue
[2026-08-04T08:27:35.782+0000] {logging_mixin.py:190} INFO - [2026-08-04T08:27:35.782+0000] {dagbag.py:588} INFO - Filling up the DagBag from /home/airflow/.local/lib/python3.12/site-packages/airflow/example_dags/example_dag_decorator.py
[2026-08-04T08:27:35.881+0000] {processor.py:925} INFO - DAG(s) 'example_dag_decorator' retrieved from /home/airflow/.local/lib/python3.12/site-packages/airflow/example_dags/example_dag_decorator.py
[2026-08-04T08:27:35.995+0000] {logging_mixin.py:190} INFO - [2026-08-04T08:27:35.995+0000] {dag.py:3239} INFO - Sync 1 DAGs
[2026-08-04T08:27:36.008+0000] {logging_mixin.py:190} INFO - [2026-08-04T08:27:36.008+0000] {dag.py:4180} INFO - Setting next_dagrun for example_dag_decorator to None, run_after=None
[2026-08-04T08:27:36.029+0000] {processor.py:208} INFO - Processing /home/airflow/.local/lib/python3.12/site-packages/airflow/example_dags/example_dag_decorator.py took 0.256 seconds
[2026-08-04T08:28:06.906+0000] {processor.py:186} INFO - Started process (PID=951) to work on /home/airflow/.local/lib/python3.12/site-packages/airflow/example_dags/example_dag_decorator.py
[2026-08-04T08:28:06.908+0000] {processor.py:914} INFO - Processing file /home/airflow/.local/lib/python3.12/site-packages/airflow/example_dags/example_dag_decorator.py for tasks to queue
[2026-08-04T08:28:06.910+0000] {logging_mixin.py:190} INFO - [2026-08-04T08:28:06.910+0000] {dagbag.py:588} INFO - Filling up the DagBag from /home/airflow/.local/lib/python3.12/site-packages/airflow/example_dags/example_dag_decorator.py
[2026-08-04T08:28:07.042+0000] {processor.py:925} INFO - DAG(s) 'example_dag_decorator' retrieved from /home/airflow/.local/lib/python3.12/site-packages/airflow/example_dags/example_dag_decorator.py
[2026-08-04T08:28:07.154+0000] {logging_mixin.py:190} INFO - [2026-08-04T08:28:07.154+0000] {dag.py:3239} INFO - Sync 1 DAGs
[2026-08-04T08:28:07.169+0000] {logging_mixin.py:190} INFO - [2026-08-04T08:28:07.169+0000] {dag.py:4180} INFO - Setting next_dagrun for example_dag_decorator to None, run_after=None
[2026-08-04T08:28:07.192+0000] {processor.py:208} INFO - Processing /home/airflow/.local/lib/python3.12/site-packages/airflow/example_dags/example_dag_decorator.py took 0.292 seconds
[2026-08-04T08:28:38.511+0000] {processor.py:186} INFO - Started process (PID=1017) to work on /home/airflow/.local/lib/python3.12/site-packages/airflow/example_dags/example_dag_decorator.py
[2026-08-04T08:28:38.513+0000] {processor.py:914} INFO - Processing file /home/airflow/.local/lib/python3.12/site-packages/airflow/example_dags/example_dag_decorator.py for tasks to queue
[2026-08-04T08:28:38.515+0000] {logging_mixin.py:190} INFO - [2026-08-04T08:28:38.515+0000] {dagbag.py:588} INFO - Filling up the DagBag from /home/airflow/.local/lib/python3.12/site-packages/airflow/example_dags/example_dag_decorator.py
[2026-08-04T08:28:38.674+0000] {processor.py:925} INFO - DAG(s) 'example_dag_decorator' retrieved from /home/airflow/.local/lib/python3.12/site-packages/airflow/example_dags/example_dag_decorator.py
[2026-08-04T08:28:38.821+0000] {logging_mixin.py:190} INFO - [2026-08-04T08:28:38.820+0000] {dag.py:3239} INFO - Sync 1 DAGs
[2026-08-04T08:28:38.834+0000] {logging_mixin.py:190} INFO - [2026-08-04T08:28:38.834+0000] {dag.py:4180} INFO - Setting next_dagrun for example_dag_decorator to None, run_after=None
[2026-08-04T08:28:38.855+0000] {processor.py:208} INFO - Processing /home/airflow/.local/lib/python3.12/site-packages/airflow/example_dags/example_dag_decorator.py took 0.350 seconds
[2026-08-04T08:29:10.028+0000] {processor.py:186} INFO - Started process (PID=1081) to work on /home/airflow/.local/lib/python3.12/site-packages/airflow/example_dags/example_dag_decorator.py
[2026-08-04T08:29:10.029+0000] {processor.py:914} INFO - Processing file /home/airflow/.local/lib/python3.12/site-packages/airflow/example_dags/example_dag_decorator.py for tasks to queue
[2026-08-04T08:29:10.033+0000] {logging_mixin.py:190} INFO - [2026-08-04T08:29:10.032+0000] {dagbag.py:588} INFO - Filling up the DagBag from /home/airflow/.local/lib/python3.12/site-packages/airflow/example_dags/example_dag_decorator.py
[2026-08-04T08:29:10.146+0000] {processor.py:925} INFO - DAG(s) 'example_dag_decorator' retrieved from /home/airflow/.local/lib/python3.12/site-packages/airflow/example_dags/example_dag_decorator.py
[2026-08-04T08:29:10.278+0000] {logging_mixin.py:190} INFO - [2026-08-04T08:29:10.277+0000] {dag.py:3239} INFO - Sync 1 DAGs
[2026-08-04T08:29:10.291+0000] {logging_mixin.py:190} INFO - [2026-08-04T08:29:10.291+0000] {dag.py:4180} INFO - Setting next_dagrun for example_dag_decorator to None, run_after=None
[2026-08-04T08:29:10.310+0000] {processor.py:208} INFO - Processing /home/airflow/.local/lib/python3.12/site-packages/airflow/example_dags/example_dag_decorator.py took 0.290 seconds
[2026-08-04T08:29:41.357+0000] {processor.py:186} INFO - Started process (PID=1146) to work on /home/airflow/.local/lib/python3.12/site-packages/airflow/example_dags/example_dag_decorator.py
[2026-08-04T08:29:41.358+0000] {processor.py:914} INFO - Processing file /home/airflow/.local/lib/python3.12/site-packages/airflow/example_dags/example_dag_decorator.py for tasks to queue
[2026-08-04T08:29:41.361+0000] {logging_mixin.py:190} INFO - [2026-08-04T08:29:41.360+0000] {dagbag.py:588} INFO - Filling up the DagBag from /home/airflow/.local/lib/python3.12/site-packages/airflow/example_dags/example_dag_decorator.py
[2026-08-04T08:29:41.473+0000] {processor.py:925} INFO - DAG(s) 'example_dag_decorator' retrieved from /home/airflow/.local/lib/python3.12/site-packages/airflow/example_dags/example_dag_decorator.py
[2026-08-04T08:29:41.598+0000] {logging_mixin.py:190} INFO - [2026-08-04T08:29:41.598+0000] {dag.py:3239} INFO - Sync 1 DAGs
[2026-08-04T08:29:41.612+0000] {logging_mixin.py:190} INFO - [2026-08-04T08:29:41.612+0000] {dag.py:4180} INFO - Setting next_dagrun for example_dag_decorator to None, run_after=None
[2026-08-04T08:29:41.631+0000] {processor.py:208} INFO - Processing /home/airflow/.local/lib/python3.12/site-packages/airflow/example_dags/example_dag_decorator.py took 0.281 seconds
[2026-08-04T08:30:12.682+0000] {processor.py:186} INFO - Started process (PID=1212) to work on /home/airflow/.local/lib/python3.12/site-packages/airflow/example_dags/example_dag_decorator.py
[2026-08-04T08:30:12.684+0000] {processor.py:914} INFO - Processing file /home/airflow/.local/lib/python3.12/site-packages/airflow/example_dags/example_dag_decorator.py for tasks to queue
[2026-08-04T08:30:12.686+0000] {logging_mixin.py:190} INFO - [2026-08-04T08:30:12.686+0000] {dagbag.py:588} INFO - Filling up the DagBag from /home/airflow/.local/lib/python3.12/site-packages/airflow/example_dags/example_dag_decorator.py
[2026-08-04T08:30:12.784+0000] {processor.py:925} INFO - DAG(s) 'example_dag_decorator' retrieved from /home/airflow/.local/lib/python3.12/site-packages/airflow/example_dags/example_dag_decorator.py
[2026-08-04T08:30:12.904+0000] {logging_mixin.py:190} INFO - [2026-08-04T08:30:12.904+0000] {dag.py:3239} INFO - Sync 1 DAGs
[2026-08-04T08:30:12.917+0000] {logging_mixin.py:190} INFO - [2026-08-04T08:30:12.917+0000] {dag.py:4180} INFO - Setting next_dagrun for example_dag_decorator to None, run_after=None
[2026-08-04T08:30:12.937+0000] {processor.py:208} INFO - Processing /home/airflow/.local/lib/python3.12/site-packages/airflow/example_dags/example_dag_decorator.py took 0.260 seconds
[2026-08-04T08:30:43.234+0000] {processor.py:186} INFO - Started process (PID=1277) to work on /home/airflow/.local/lib/python3.12/site-packages/airflow/example_dags/example_dag_decorator.py
[2026-08-04T08:30:43.235+0000] {processor.py:914} INFO - Processing file /home/airflow/.local/lib/python3.12/site-packages/airflow/example_dags/example_dag_decorator.py for tasks to queue
[2026-08-04T08:30:43.240+0000] {logging_mixin.py:190} INFO - [2026-08-04T08:30:43.239+0000] {dagbag.py:588} INFO - Filling up the DagBag from /home/airflow/.local/lib/python3.12/site-packages/airflow/example_dags/example_dag_decorator.py
[2026-08-04T08:30:43.354+0000] {processor.py:925} INFO - DAG(s) 'example_dag_decorator' retrieved from /home/airflow/.local/lib/python3.12/site-packages/airflow/example_dags/example_dag_decorator.py
[2026-08-04T08:30:43.482+0000] {logging_mixin.py:190} INFO - [2026-08-04T08:30:43.481+0000] {dag.py:3239} INFO - Sync 1 DAGs
[2026-08-04T08:30:43.502+0000] {logging_mixin.py:190} INFO - [2026-08-04T08:30:43.502+0000] {dag.py:4180} INFO - Setting next_dagrun for example_dag_decorator to None, run_after=None
[2026-08-04T08:30:43.526+0000] {processor.py:208} INFO - Processing /home/airflow/.local/lib/python3.12/site-packages/airflow/example_dags/example_dag_decorator.py took 0.300 seconds
[2026-08-04T08:31:14.653+0000] {processor.py:186} INFO - Started process (PID=1348) to work on /home/airflow/.local/lib/python3.12/site-packages/airflow/example_dags/example_dag_decorator.py
[2026-08-04T08:31:14.654+0000] {processor.py:914} INFO - Processing file /home/airflow/.local/lib/python3.12/site-packages/airflow/example_dags/example_dag_decorator.py for tasks to queue
[2026-08-04T08:31:14.657+0000] {logging_mixin.py:190} INFO - [2026-08-04T08:31:14.656+0000] {dagbag.py:588} INFO - Filling up the DagBag from /home/airflow/.local/lib/python3.12/site-packages/airflow/example_dags/example_dag_decorator.py
[2026-08-04T08:31:14.757+0000] {processor.py:925} INFO - DAG(s) 'example_dag_decorator' retrieved from /home/airflow/.local/lib/python3.12/site-packages/airflow/example_dags/example_dag_decorator.py
[2026-08-04T08:31:14.876+0000] {logging_mixin.py:190} INFO - [2026-08-04T08:31:14.875+0000] {dag.py:3239} INFO - Sync 1 DAGs
[2026-08-04T08:31:14.889+0000] {logging_mixin.py:190} INFO - [2026-08-04T08:31:14.889+0000] {dag.py:4180} INFO - Setting next_dagrun for example_dag_decorator to None, run_after=None
[2026-08-04T08:31:14.910+0000] {processor.py:208} INFO - Processing /home/airflow/.local/lib/python3.12/site-packages/airflow/example_dags/example_dag_decorator.py took 0.263 seconds
[2026-08-04T08:31:45.848+0000] {processor.py:186} INFO - Started process (PID=1413) to work on /home/airflow/.local/lib/python3.12/site-packages/airflow/example_dags/example_dag_decorator.py
[2026-08-04T08:31:45.849+0000] {processor.py:914} INFO - Processing file /home/airflow/.local/lib/python3.12/site-packages/airflow/example_dags/example_dag_decorator.py for tasks to queue
[2026-08-04T08:31:45.853+0000] {logging_mixin.py:190} INFO - [2026-08-04T08:31:45.852+0000] {dagbag.py:588} INFO - Filling up the DagBag from /home/airflow/.local/lib/python3.12/site-packages/airflow/example_dags/example_dag_decorator.py
[2026-08-04T08:31:45.958+0000] {processor.py:925} INFO - DAG(s) 'example_dag_decorator' retrieved from /home/airflow/.local/lib/python3.12/site-packages/airflow/example_dags/example_dag_decorator.py
[2026-08-04T08:31:46.101+0000] {logging_mixin.py:190} INFO - [2026-08-04T08:31:46.100+0000] {dag.py:3239} INFO - Sync 1 DAGs
[2026-08-04T08:31:46.114+0000] {logging_mixin.py:190} INFO - [2026-08-04T08:31:46.114+0000] {dag.py:4180} INFO - Setting next_dagrun for example_dag_decorator to None, run_after=None
[2026-08-04T08:31:46.135+0000] {processor.py:208} INFO - Processing /home/airflow/.local/lib/python3.12/site-packages/airflow/example_dags/example_dag_decorator.py took 0.294 seconds
[2026-08-04T08:32:17.330+0000] {processor.py:186} INFO - Started process (PID=1478) to work on /home/airflow/.local/lib/python3.12/site-packages/airflow/example_dags/example_dag_decorator.py
[2026-08-04T08:32:17.331+0000] {processor.py:914} INFO - Processing file /home/airflow/.local/lib/python3.12/site-packages/airflow/example_dags/example_dag_decorator.py for tasks to queue
[2026-08-04T08:32:17.334+0000] {logging_mixin.py:190} INFO - [2026-08-04T08:32:17.334+0000] {dagbag.py:588} INFO - Filling up the DagBag from /home/airflow/.local/lib/python3.12/site-packages/airflow/example_dags/example_dag_decorator.py
[2026-08-04T08:32:17.440+0000] {processor.py:925} INFO - DAG(s) 'example_dag_decorator' retrieved from /home/airflow/.local/lib/python3.12/site-packages/airflow/example_dags/example_dag_decorator.py
[2026-08-04T08:32:17.558+0000] {logging_mixin.py:190} INFO - [2026-08-04T08:32:17.558+0000] {dag.py:3239} INFO - Sync 1 DAGs
[2026-08-04T08:32:17.571+0000] {logging_mixin.py:190} INFO - [2026-08-04T08:32:17.571+0000] {dag.py:4180} INFO - Setting next_dagrun for example_dag_decorator to None, run_after=None
[2026-08-04T08:32:17.591+0000] {processor.py:208} INFO - Processing /home/airflow/.local/lib/python3.12/site-packages/airflow/example_dags/example_dag_decorator.py took 0.269 seconds
[2026-08-04T08:32:48.759+0000] {processor.py:186} INFO - Started process (PID=1543) to work on /home/airflow/.local/lib/python3.12/site-packages/airflow/example_dags/example_dag_decorator.py
[2026-08-04T08:32:48.761+0000] {processor.py:914} INFO - Processing file /home/airflow/.local/lib/python3.12/site-packages/airflow/example_dags/example_dag_decorator.py for tasks to queue
[2026-08-04T08:32:48.764+0000] {logging_mixin.py:190} INFO - [2026-08-04T08:32:48.764+0000] {dagbag.py:588} INFO - Filling up the DagBag from /home/airflow/.local/lib/python3.12/site-packages/airflow/example_dags/example_dag_decorator.py
[2026-08-04T08:32:48.873+0000] {processor.py:925} INFO - DAG(s) 'example_dag_decorator' retrieved from /home/airflow/.local/lib/python3.12/site-packages/airflow/example_dags/example_dag_decorator.py
[2026-08-04T08:32:48.996+0000] {logging_mixin.py:190} INFO - [2026-08-04T08:32:48.996+0000] {dag.py:3239} INFO - Sync 1 DAGs
[2026-08-04T08:32:49.013+0000] {logging_mixin.py:190} INFO - [2026-08-04T08:32:49.012+0000] {dag.py:4180} INFO - Setting next_dagrun for example_dag_decorator to None, run_after=None
[2026-08-04T08:32:49.033+0000] {processor.py:208} INFO - Processing /home/airflow/.local/lib/python3.12/site-packages/airflow/example_dags/example_dag_decorator.py took 0.282 seconds
[2026-08-04T08:33:20.126+0000] {processor.py:186} INFO - Started process (PID=1608) to work on /home/airflow/.local/lib/python3.12/site-packages/airflow/example_dags/example_dag_decorator.py
[2026-08-04T08:33:20.128+0000] {processor.py:914} INFO - Processing file /home/airflow/.local/lib/python3.12/site-packages/airflow/example_dags/example_dag_decorator.py for tasks to queue
[2026-08-04T08:33:20.131+0000] {logging_mixin.py:190} INFO - [2026-08-04T08:33:20.131+0000] {dagbag.py:588} INFO - Filling up the DagBag from /home/airflow/.local/lib/python3.12/site-packages/airflow/example_dags/example_dag_decorator.py
[2026-08-04T08:33:20.249+0000] {processor.py:925} INFO - DAG(s) 'example_dag_decorator' retrieved from /home/airflow/.local/lib/python3.12/site-packages/airflow/example_dags/example_dag_decorator.py
[2026-08-04T08:33:20.390+0000] {logging_mixin.py:190} INFO - [2026-08-04T08:33:20.389+0000] {dag.py:3239} INFO - Sync 1 DAGs
[2026-08-04T08:33:20.403+0000] {logging_mixin.py:190} INFO - [2026-08-04T08:33:20.403+0000] {dag.py:4180} INFO - Setting next_dagrun for example_dag_decorator to None, run_after=None
[2026-08-04T08:33:20.426+0000] {processor.py:208} INFO - Processing /home/airflow/.local/lib/python3.12/site-packages/airflow/example_dags/example_dag_decorator.py took 0.306 seconds
[2026-08-04T08:33:51.114+0000] {processor.py:186} INFO - Started process (PID=1673) to work on /home/airflow/.local/lib/python3.12/site-packages/airflow/example_dags/example_dag_decorator.py
[2026-08-04T08:33:51.115+0000] {processor.py:914} INFO - Processing file /home/airflow/.local/lib/python3.12/site-packages/airflow/example_dags/example_dag_decorator.py for tasks to queue
[2026-08-04T08:33:51.118+0000] {logging_mixin.py:190} INFO - [2026-08-04T08:33:51.117+0000] {dagbag.py:588} INFO - Filling up the DagBag from /home/airflow/.local/lib/python3.12/site-packages/airflow/example_dags/example_dag_decorator.py
[2026-08-04T08:33:51.223+0000] {processor.py:925} INFO - DAG(s) 'example_dag_decorator' retrieved from /home/airflow/.local/lib/python3.12/site-packages/airflow/example_dags/example_dag_decorator.py
[2026-08-04T08:33:51.249+0000] {logging_mixin.py:190} INFO - [2026-08-04T08:33:51.249+0000] {dag.py:3239} INFO - Sync 1 DAGs
[2026-08-04T08:33:51.266+0000] {logging_mixin.py:190} INFO - [2026-08-04T08:33:51.266+0000] {dag.py:4180} INFO - Setting next_dagrun for example_dag_decorator to None, run_after=None
[2026-08-04T08:33:51.286+0000] {processor.py:208} INFO - Processing /home/airflow/.local/lib/python3.12/site-packages/airflow/example_dags/example_dag_decorator.py took 0.178 seconds
[2026-08-04T08:34:22.660+0000] {processor.py:186} INFO - Started process (PID=1738) to work on /home/airflow/.local/lib/python3.12/site-packages/airflow/example_dags/example_dag_decorator.py
[2026-08-04T08:34:22.661+0000] {processor.py:914} INFO - Processing file /home/airflow/.local/lib/python3.12/site-packages/airflow/example_dags/example_dag_decorator.py for tasks to queue
[2026-08-04T08:34:22.664+0000] {logging_mixin.py:190} INFO - [2026-08-04T08:34:22.664+0000] {dagbag.py:588} INFO - Filling up the DagBag from /home/airflow/.local/lib/python3.12/site-packages/airflow/example_dags/example_dag_decorator.py
[2026-08-04T08:34:22.766+0000] {processor.py:925} INFO - DAG(s) 'example_dag_decorator' retrieved from /home/airflow/.local/lib/python3.12/site-packages/airflow/example_dags/example_dag_decorator.py
[2026-08-04T08:34:22.790+0000] {logging_mixin.py:190} INFO - [2026-08-04T08:34:22.789+0000] {dag.py:3239} INFO - Sync 1 DAGs
[2026-08-04T08:34:22.807+0000] {logging_mixin.py:190} INFO - [2026-08-04T08:34:22.807+0000] {dag.py:4180} INFO - Setting next_dagrun for example_dag_decorator to None, run_after=None
[2026-08-04T08:34:22.827+0000] {processor.py:208} INFO - Processing /home/airflow/.local/lib/python3.12/site-packages/airflow/example_dags/example_dag_decorator.py took 0.174 seconds
[2026-08-04T08:34:53.965+0000] {processor.py:186} INFO - Started process (PID=1803) to work on /home/airflow/.local/lib/python3.12/site-packages/airflow/example_dags/example_dag_decorator.py
[2026-08-04T08:34:53.967+0000] {processor.py:914} INFO - Processing file /home/airflow/.local/lib/python3.12/site-packages/airflow/example_dags/example_dag_decorator.py for tasks to queue
[2026-08-04T08:34:53.970+0000] {logging_mixin.py:190} INFO - [2026-08-04T08:34:53.970+0000] {dagbag.py:588} INFO - Filling up the DagBag from /home/airflow/.local/lib/python3.12/site-packages/airflow/example_dags/example_dag_decorator.py
[2026-08-04T08:34:54.081+0000] {processor.py:925} INFO - DAG(s) 'example_dag_decorator' retrieved from /home/airflow/.local/lib/python3.12/site-packages/airflow/example_dags/example_dag_decorator.py
[2026-08-04T08:34:54.105+0000] {logging_mixin.py:190} INFO - [2026-08-04T08:34:54.104+0000] {dag.py:3239} INFO - Sync 1 DAGs
[2026-08-04T08:34:54.121+0000] {logging_mixin.py:190} INFO - [2026-08-04T08:34:54.121+0000] {dag.py:4180} INFO - Setting next_dagrun for example_dag_decorator to None, run_after=None
[2026-08-04T08:34:54.142+0000] {processor.py:208} INFO - Processing /home/airflow/.local/lib/python3.12/site-packages/airflow/example_dags/example_dag_decorator.py took 0.184 seconds
[2026-08-04T08:35:25.250+0000] {processor.py:186} INFO - Started process (PID=1868) to work on /home/airflow/.local/lib/python3.12/site-packages/airflow/example_dags/example_dag_decorator.py
[2026-08-04T08:35:25.251+0000] {processor.py:914} INFO - Processing file /home/airflow/.local/lib/python3.12/site-packages/airflow/example_dags/example_dag_decorator.py for tasks to queue
[2026-08-04T08:35:25.255+0000] {logging_mixin.py:190} INFO - [2026-08-04T08:35:25.254+0000] {dagbag.py:588} INFO - Filling up the DagBag from /home/airflow/.local/lib/python3.12/site-packages/airflow/example_dags/example_dag_decorator.py
[2026-08-04T08:35:25.364+0000] {processor.py:925} INFO - DAG(s) 'example_dag_decorator' retrieved from /home/airflow/.local/lib/python3.12/site-packages/airflow/example_dags/example_dag_decorator.py
[2026-08-04T08:35:25.480+0000] {logging_mixin.py:190} INFO - [2026-08-04T08:35:25.480+0000] {dag.py:3239} INFO - Sync 1 DAGs
[2026-08-04T08:35:25.493+0000] {logging_mixin.py:190} INFO - [2026-08-04T08:35:25.493+0000] {dag.py:4180} INFO - Setting next_dagrun for example_dag_decorator to None, run_after=None
[2026-08-04T08:35:25.516+0000] {processor.py:208} INFO - Processing /home/airflow/.local/lib/python3.12/site-packages/airflow/example_dags/example_dag_decorator.py took 0.274 seconds
[2026-08-04T08:35:56.687+0000] {processor.py:186} INFO - Started process (PID=1933) to work on /home/airflow/.local/lib/python3.12/site-packages/airflow/example_dags/example_dag_decorator.py
[2026-08-04T08:35:56.689+0000] {processor.py:914} INFO - Processing file /home/airflow/.local/lib/python3.12/site-packages/airflow/example_dags/example_dag_decorator.py for tasks to queue
[2026-08-04T08:35:56.692+0000] {logging_mixin.py:190} INFO - [2026-08-04T08:35:56.692+0000] {dagbag.py:588} INFO - Filling up the DagBag from /home/airflow/.local/lib/python3.12/site-packages/airflow/example_dags/example_dag_decorator.py
[2026-08-04T08:35:56.808+0000] {processor.py:925} INFO - DAG(s) 'example_dag_decorator' retrieved from /home/airflow/.local/lib/python3.12/site-packages/airflow/example_dags/example_dag_decorator.py
[2026-08-04T08:35:56.933+0000] {logging_mixin.py:190} INFO - [2026-08-04T08:35:56.933+0000] {dag.py:3239} INFO - Sync 1 DAGs
[2026-08-04T08:35:56.948+0000] {logging_mixin.py:190} INFO - [2026-08-04T08:35:56.948+0000] {dag.py:4180} INFO - Setting next_dagrun for example_dag_decorator to None, run_after=None
[2026-08-04T08:35:56.972+0000] {processor.py:208} INFO - Processing /home/airflow/.local/lib/python3.12/site-packages/airflow/example_dags/example_dag_decorator.py took 0.292 seconds
[2026-08-04T08:36:27.450+0000] {processor.py:186} INFO - Started process (PID=1998) to work on /home/airflow/.local/lib/python3.12/site-packages/airflow/example_dags/example_dag_decorator.py
[2026-08-04T08:36:27.451+0000] {processor.py:914} INFO - Processing file /home/airflow/.local/lib/python3.12/site-packages/airflow/example_dags/example_dag_decorator.py for tasks to queue
[2026-08-04T08:36:27.456+0000] {logging_mixin.py:190} INFO - [2026-08-04T08:36:27.456+0000] {dagbag.py:588} INFO - Filling up the DagBag from /home/airflow/.local/lib/python3.12/site-packages/airflow/example_dags/example_dag_decorator.py
[2026-08-04T08:36:27.582+0000] {processor.py:925} INFO - DAG(s) 'example_dag_decorator' retrieved from /home/airflow/.local/lib/python3.12/site-packages/airflow/example_dags/example_dag_decorator.py
[2026-08-04T08:36:27.711+0000] {logging_mixin.py:190} INFO - [2026-08-04T08:36:27.711+0000] {dag.py:3239} INFO - Sync 1 DAGs
[2026-08-04T08:36:27.727+0000] {logging_mixin.py:190} INFO - [2026-08-04T08:36:27.727+0000] {dag.py:4180} INFO - Setting next_dagrun for example_dag_decorator to None, run_after=None
[2026-08-04T08:36:27.749+0000] {processor.py:208} INFO - Processing /home/airflow/.local/lib/python3.12/site-packages/airflow/example_dags/example_dag_decorator.py took 0.306 seconds
[2026-08-04T08:36:58.474+0000] {processor.py:186} INFO - Started process (PID=2063) to work on /home/airflow/.local/lib/python3.12/site-packages/airflow/example_dags/example_dag_decorator.py
[2026-08-04T08:36:58.475+0000] {processor.py:914} INFO - Processing file /home/airflow/.local/lib/python3.12/site-packages/airflow/example_dags/example_dag_decorator.py for tasks to queue
[2026-08-04T08:36:58.479+0000] {logging_mixin.py:190} INFO - [2026-08-04T08:36:58.479+0000] {dagbag.py:588} INFO - Filling up the DagBag from /home/airflow/.local/lib/python3.12/site-packages/airflow/example_dags/example_dag_decorator.py
[2026-08-04T08:36:58.637+0000] {processor.py:925} INFO - DAG(s) 'example_dag_decorator' retrieved from /home/airflow/.local/lib/python3.12/site-packages/airflow/example_dags/example_dag_decorator.py
[2026-08-04T08:36:58.829+0000] {logging_mixin.py:190} INFO - [2026-08-04T08:36:58.829+0000] {dag.py:3239} INFO - Sync 1 DAGs
[2026-08-04T08:36:58.848+0000] {logging_mixin.py:190} INFO - [2026-08-04T08:36:58.848+0000] {dag.py:4180} INFO - Setting next_dagrun for example_dag_decorator to None, run_after=None
[2026-08-04T08:36:58.871+0000] {processor.py:208} INFO - Processing /home/airflow/.local/lib/python3.12/site-packages/airflow/example_dags/example_dag_decorator.py took 0.403 seconds
[2026-08-04T08:37:29.397+0000] {processor.py:186} INFO - Started process (PID=2129) to work on /home/airflow/.local/lib/python3.12/site-packages/airflow/example_dags/example_dag_decorator.py
[2026-08-04T08:37:29.399+0000] {processor.py:914} INFO - Processing file /home/airflow/.local/lib/python3.12/site-packages/airflow/example_dags/example_dag_decorator.py for tasks to queue
[2026-08-04T08:37:29.401+0000] {logging_mixin.py:190} INFO - [2026-08-04T08:37:29.401+0000] {dagbag.py:588} INFO - Filling up the DagBag from /home/airflow/.local/lib/python3.12/site-packages/airflow/example_dags/example_dag_decorator.py
[2026-08-04T08:37:29.500+0000] {processor.py:925} INFO - DAG(s) 'example_dag_decorator' retrieved from /home/airflow/.local/lib/python3.12/site-packages/airflow/example_dags/example_dag_decorator.py
[2026-08-04T08:37:29.625+0000] {logging_mixin.py:190} INFO - [2026-08-04T08:37:29.625+0000] {dag.py:3239} INFO - Sync 1 DAGs
[2026-08-04T08:37:29.638+0000] {logging_mixin.py:190} INFO - [2026-08-04T08:37:29.638+0000] {dag.py:4180} INFO - Setting next_dagrun for example_dag_decorator to None, run_after=None
[2026-08-04T08:37:29.657+0000] {processor.py:208} INFO - Processing /home/airflow/.local/lib/python3.12/site-packages/airflow/example_dags/example_dag_decorator.py took 0.266 seconds
[2026-08-04T08:38:01.066+0000] {processor.py:186} INFO - Started process (PID=2194) to work on /home/airflow/.local/lib/python3.12/site-packages/airflow/example_dags/example_dag_decorator.py
[2026-08-04T08:38:01.068+0000] {processor.py:914} INFO - Processing file /home/airflow/.local/lib/python3.12/site-packages/airflow/example_dags/example_dag_decorator.py for tasks to queue
[2026-08-04T08:38:01.071+0000] {logging_mixin.py:190} INFO - [2026-08-04T08:38:01.071+0000] {dagbag.py:588} INFO - Filling up the DagBag from /home/airflow/.local/lib/python3.12/site-packages/airflow/example_dags/example_dag_decorator.py
[2026-08-04T08:38:01.179+0000] {processor.py:925} INFO - DAG(s) 'example_dag_decorator' retrieved from /home/airflow/.local/lib/python3.12/site-packages/airflow/example_dags/example_dag_decorator.py
[2026-08-04T08:38:01.295+0000] {logging_mixin.py:190} INFO - [2026-08-04T08:38:01.294+0000] {dag.py:3239} INFO - Sync 1 DAGs
[2026-08-04T08:38:01.489+0000] {logging_mixin.py:190} INFO - [2026-08-04T08:38:01.489+0000] {dag.py:4180} INFO - Setting next_dagrun for example_dag_decorator to None, run_after=None
[2026-08-04T08:38:01.509+0000] {processor.py:208} INFO - Processing /home/airflow/.local/lib/python3.12/site-packages/airflow/example_dags/example_dag_decorator.py took 0.450 seconds
[2026-08-04T08:38:32.354+0000] {processor.py:186} INFO - Started process (PID=2260) to work on /home/airflow/.local/lib/python3.12/site-packages/airflow/example_dags/example_dag_decorator.py
[2026-08-04T08:38:32.356+0000] {processor.py:914} INFO - Processing file /home/airflow/.local/lib/python3.12/site-packages/airflow/example_dags/example_dag_decorator.py for tasks to queue
[2026-08-04T08:38:32.359+0000] {logging_mixin.py:190} INFO - [2026-08-04T08:38:32.358+0000] {dagbag.py:588} INFO - Filling up the DagBag from /home/airflow/.local/lib/python3.12/site-packages/airflow/example_dags/example_dag_decorator.py
[2026-08-04T08:38:32.460+0000] {processor.py:925} INFO - DAG(s) 'example_dag_decorator' retrieved from /home/airflow/.local/lib/python3.12/site-packages/airflow/example_dags/example_dag_decorator.py
[2026-08-04T08:38:32.576+0000] {logging_mixin.py:190} INFO - [2026-08-04T08:38:32.576+0000] {dag.py:3239} INFO - Sync 1 DAGs
[2026-08-04T08:38:32.590+0000] {logging_mixin.py:190} INFO - [2026-08-04T08:38:32.590+0000] {dag.py:4180} INFO - Setting next_dagrun for example_dag_decorator to None, run_after=None
[2026-08-04T08:38:32.785+0000] {processor.py:208} INFO - Processing /home/airflow/.local/lib/python3.12/site-packages/airflow/example_dags/example_dag_decorator.py took 0.437 seconds
[2026-08-04T08:39:03.354+0000] {processor.py:186} INFO - Started process (PID=2325) to work on /home/airflow/.local/lib/python3.12/site-packages/airflow/example_dags/example_dag_decorator.py
[2026-08-04T08:39:03.355+0000] {processor.py:914} INFO - Processing file /home/airflow/.local/lib/python3.12/site-packages/airflow/example_dags/example_dag_decorator.py for tasks to queue
[2026-08-04T08:39:03.359+0000] {logging_mixin.py:190} INFO - [2026-08-04T08:39:03.358+0000] {dagbag.py:588} INFO - Filling up the DagBag from /home/airflow/.local/lib/python3.12/site-packages/airflow/example_dags/example_dag_decorator.py
[2026-08-04T08:39:03.464+0000] {processor.py:925} INFO - DAG(s) 'example_dag_decorator' retrieved from /home/airflow/.local/lib/python3.12/site-packages/airflow/example_dags/example_dag_decorator.py
[2026-08-04T08:39:03.582+0000] {logging_mixin.py:190} INFO - [2026-08-04T08:39:03.581+0000] {dag.py:3239} INFO - Sync 1 DAGs
[2026-08-04T08:39:03.595+0000] {logging_mixin.py:190} INFO - [2026-08-04T08:39:03.594+0000] {dag.py:4180} INFO - Setting next_dagrun for example_dag_decorator to None, run_after=None
[2026-08-04T08:39:03.617+0000] {processor.py:208} INFO - Processing /home/airflow/.local/lib/python3.12/site-packages/airflow/example_dags/example_dag_decorator.py took 0.269 seconds
[2026-08-04T08:39:34.410+0000] {processor.py:186} INFO - Started process (PID=2390) to work on /home/airflow/.local/lib/python3.12/site-packages/airflow/example_dags/example_dag_decorator.py
[2026-08-04T08:39:34.411+0000] {processor.py:914} INFO - Processing file /home/airflow/.local/lib/python3.12/site-packages/airflow/example_dags/example_dag_decorator.py for tasks to queue
[2026-08-04T08:39:34.415+0000] {logging_mixin.py:190} INFO - [2026-08-04T08:39:34.414+0000] {dagbag.py:588} INFO - Filling up the DagBag from /home/airflow/.local/lib/python3.12/site-packages/airflow/example_dags/example_dag_decorator.py
[2026-08-04T08:39:34.509+0000] {processor.py:925} INFO - DAG(s) 'example_dag_decorator' retrieved from /home/airflow/.local/lib/python3.12/site-packages/airflow/example_dags/example_dag_decorator.py
[2026-08-04T08:39:34.618+0000] {logging_mixin.py:190} INFO - [2026-08-04T08:39:34.618+0000] {dag.py:3239} INFO - Sync 1 DAGs
[2026-08-04T08:39:34.630+0000] {logging_mixin.py:190} INFO - [2026-08-04T08:39:34.630+0000] {dag.py:4180} INFO - Setting next_dagrun for example_dag_decorator to None, run_after=None
[2026-08-04T08:39:34.649+0000] {processor.py:208} INFO - Processing /home/airflow/.local/lib/python3.12/site-packages/airflow/example_dags/example_dag_decorator.py took 0.246 seconds
[2026-08-04T08:40:05.423+0000] {processor.py:186} INFO - Started process (PID=2455) to work on /home/airflow/.local/lib/python3.12/site-packages/airflow/example_dags/example_dag_decorator.py
[2026-08-04T08:40:05.424+0000] {processor.py:914} INFO - Processing file /home/airflow/.local/lib/python3.12/site-packages/airflow/example_dags/example_dag_decorator.py for tasks to queue
[2026-08-04T08:40:05.427+0000] {logging_mixin.py:190} INFO - [2026-08-04T08:40:05.427+0000] {dagbag.py:588} INFO - Filling up the DagBag from /home/airflow/.local/lib/python3.12/site-packages/airflow/example_dags/example_dag_decorator.py
[2026-08-04T08:40:05.528+0000] {processor.py:925} INFO - DAG(s) 'example_dag_decorator' retrieved from /home/airflow/.local/lib/python3.12/site-packages/airflow/example_dags/example_dag_decorator.py
[2026-08-04T08:40:05.802+0000] {logging_mixin.py:190} INFO - [2026-08-04T08:40:05.802+0000] {dag.py:3239} INFO - Sync 1 DAGs
[2026-08-04T08:40:05.813+0000] {logging_mixin.py:190} INFO - [2026-08-04T08:40:05.813+0000] {dag.py:4180} INFO - Setting next_dagrun for example_dag_decorator to None, run_after=None
[2026-08-04T08:40:05.832+0000] {processor.py:208} INFO - Processing /home/airflow/.local/lib/python3.12/site-packages/airflow/example_dags/example_dag_decorator.py took 0.416 seconds
[2026-08-04T08:40:36.972+0000] {processor.py:186} INFO - Started process (PID=2525) to work on /home/airflow/.local/lib/python3.12/site-packages/airflow/example_dags/example_dag_decorator.py
[2026-08-04T08:40:36.973+0000] {processor.py:914} INFO - Processing file /home/airflow/.local/lib/python3.12/site-packages/airflow/example_dags/example_dag_decorator.py for tasks to queue
[2026-08-04T08:40:36.976+0000] {logging_mixin.py:190} INFO - [2026-08-04T08:40:36.975+0000] {dagbag.py:588} INFO - Filling up the DagBag from /home/airflow/.local/lib/python3.12/site-packages/airflow/example_dags/example_dag_decorator.py
[2026-08-04T08:40:37.078+0000] {processor.py:925} INFO - DAG(s) 'example_dag_decorator' retrieved from /home/airflow/.local/lib/python3.12/site-packages/airflow/example_dags/example_dag_decorator.py
[2026-08-04T08:40:37.342+0000] {logging_mixin.py:190} INFO - [2026-08-04T08:40:37.341+0000] {dag.py:3239} INFO - Sync 1 DAGs
[2026-08-04T08:40:37.352+0000] {logging_mixin.py:190} INFO - [2026-08-04T08:40:37.352+0000] {dag.py:4180} INFO - Setting next_dagrun for example_dag_decorator to None, run_after=None
[2026-08-04T08:40:37.370+0000] {processor.py:208} INFO - Processing /home/airflow/.local/lib/python3.12/site-packages/airflow/example_dags/example_dag_decorator.py took 0.404 seconds
[2026-08-04T08:41:08.162+0000] {processor.py:186} INFO - Started process (PID=2594) to work on /home/airflow/.local/lib/python3.12/site-packages/airflow/example_dags/example_dag_decorator.py
[2026-08-04T08:41:08.164+0000] {processor.py:914} INFO - Processing file /home/airflow/.local/lib/python3.12/site-packages/airflow/example_dags/example_dag_decorator.py for tasks to queue
[2026-08-04T08:41:08.166+0000] {logging_mixin.py:190} INFO - [2026-08-04T08:41:08.166+0000] {dagbag.py:588} INFO - Filling up the DagBag from /home/airflow/.local/lib/python3.12/site-packages/airflow/example_dags/example_dag_decorator.py
[2026-08-04T08:41:08.269+0000] {processor.py:925} INFO - DAG(s) 'example_dag_decorator' retrieved from /home/airflow/.local/lib/python3.12/site-packages/airflow/example_dags/example_dag_decorator.py
[2026-08-04T08:41:08.615+0000] {logging_mixin.py:190} INFO - [2026-08-04T08:41:08.613+0000] {dag.py:3239} INFO - Sync 1 DAGs
[2026-08-04T08:41:08.641+0000] {logging_mixin.py:190} INFO - [2026-08-04T08:41:08.640+0000] {dag.py:4180} INFO - Setting next_dagrun for example_dag_decorator to None, run_after=None
[2026-08-04T08:41:08.679+0000] {processor.py:208} INFO - Processing /home/airflow/.local/lib/python3.12/site-packages/airflow/example_dags/example_dag_decorator.py took 0.522 seconds
[2026-08-04T08:41:40.535+0000] {processor.py:186} INFO - Started process (PID=2666) to work on /home/airflow/.local/lib/python3.12/site-packages/airflow/example_dags/example_dag_decorator.py
[2026-08-04T08:41:40.537+0000] {processor.py:914} INFO - Processing file /home/airflow/.local/lib/python3.12/site-packages/airflow/example_dags/example_dag_decorator.py for tasks to queue
[2026-08-04T08:41:40.540+0000] {logging_mixin.py:190} INFO - [2026-08-04T08:41:40.540+0000] {dagbag.py:588} INFO - Filling up the DagBag from /home/airflow/.local/lib/python3.12/site-packages/airflow/example_dags/example_dag_decorator.py
[2026-08-04T08:41:40.658+0000] {processor.py:925} INFO - DAG(s) 'example_dag_decorator' retrieved from /home/airflow/.local/lib/python3.12/site-packages/airflow/example_dags/example_dag_decorator.py
[2026-08-04T08:41:40.952+0000] {logging_mixin.py:190} INFO - [2026-08-04T08:41:40.952+0000] {dag.py:3239} INFO - Sync 1 DAGs
[2026-08-04T08:41:40.963+0000] {logging_mixin.py:190} INFO - [2026-08-04T08:41:40.963+0000] {dag.py:4180} INFO - Setting next_dagrun for example_dag_decorator to None, run_after=None
[2026-08-04T08:41:40.983+0000] {processor.py:208} INFO - Processing /home/airflow/.local/lib/python3.12/site-packages/airflow/example_dags/example_dag_decorator.py took 0.456 seconds
