[2026-08-04T07:47:07.262+0000] {processor.py:186} INFO - Started process (PID=75) to work on /home/airflow/.local/lib/python3.12/site-packages/airflow/example_dags/example_sensors.py
[2026-08-04T07:47:07.264+0000] {processor.py:914} INFO - Processing file /home/airflow/.local/lib/python3.12/site-packages/airflow/example_dags/example_sensors.py for tasks to queue
[2026-08-04T07:47:07.269+0000] {logging_mixin.py:190} INFO - [2026-08-04T07:47:07.269+0000] {dagbag.py:588} INFO - Filling up the DagBag from /home/airflow/.local/lib/python3.12/site-packages/airflow/example_dags/example_sensors.py
[2026-08-04T07:47:07.289+0000] {processor.py:925} INFO - DAG(s) 'example_sensors' retrieved from /home/airflow/.local/lib/python3.12/site-packages/airflow/example_dags/example_sensors.py
[2026-08-04T07:47:07.347+0000] {logging_mixin.py:190} INFO - [2026-08-04T07:47:07.347+0000] {dag.py:3239} INFO - Sync 1 DAGs
[2026-08-04T07:47:07.393+0000] {logging_mixin.py:190} INFO - [2026-08-04T07:47:07.392+0000] {dag.py:4180} INFO - Setting next_dagrun for example_sensors to None, run_after=None
[2026-08-04T07:47:07.444+0000] {processor.py:208} INFO - Processing /home/airflow/.local/lib/python3.12/site-packages/airflow/example_dags/example_sensors.py took 0.193 seconds
[2026-08-04T08:21:15.044+0000] {processor.py:186} INFO - Started process (PID=75) to work on /home/airflow/.local/lib/python3.12/site-packages/airflow/example_dags/example_sensors.py
[2026-08-04T08:21:15.045+0000] {processor.py:914} INFO - Processing file /home/airflow/.local/lib/python3.12/site-packages/airflow/example_dags/example_sensors.py for tasks to queue
[2026-08-04T08:21:15.050+0000] {logging_mixin.py:190} INFO - [2026-08-04T08:21:15.050+0000] {dagbag.py:588} INFO - Filling up the DagBag from /home/airflow/.local/lib/python3.12/site-packages/airflow/example_dags/example_sensors.py
[2026-08-04T08:21:15.072+0000] {processor.py:925} INFO - DAG(s) 'example_sensors' retrieved from /home/airflow/.local/lib/python3.12/site-packages/airflow/example_dags/example_sensors.py
[2026-08-04T08:21:15.135+0000] {logging_mixin.py:190} INFO - [2026-08-04T08:21:15.135+0000] {dag.py:3239} INFO - Sync 1 DAGs
[2026-08-04T08:21:15.170+0000] {logging_mixin.py:190} INFO - [2026-08-04T08:21:15.170+0000] {dag.py:4180} INFO - Setting next_dagrun for example_sensors to None, run_after=None
[2026-08-04T08:21:15.202+0000] {processor.py:208} INFO - Processing /home/airflow/.local/lib/python3.12/site-packages/airflow/example_dags/example_sensors.py took 0.170 seconds
[2026-08-04T08:21:45.312+0000] {processor.py:186} INFO - Started process (PID=140) to work on /home/airflow/.local/lib/python3.12/site-packages/airflow/example_dags/example_sensors.py
[2026-08-04T08:21:45.313+0000] {processor.py:914} INFO - Processing file /home/airflow/.local/lib/python3.12/site-packages/airflow/example_dags/example_sensors.py for tasks to queue
[2026-08-04T08:21:45.319+0000] {logging_mixin.py:190} INFO - [2026-08-04T08:21:45.318+0000] {dagbag.py:588} INFO - Filling up the DagBag from /home/airflow/.local/lib/python3.12/site-packages/airflow/example_dags/example_sensors.py
[2026-08-04T08:21:45.341+0000] {processor.py:925} INFO - DAG(s) 'example_sensors' retrieved from /home/airflow/.local/lib/python3.12/site-packages/airflow/example_dags/example_sensors.py
[2026-08-04T08:21:45.391+0000] {logging_mixin.py:190} INFO - [2026-08-04T08:21:45.391+0000] {dag.py:3239} INFO - Sync 1 DAGs
[2026-08-04T08:21:45.418+0000] {logging_mixin.py:190} INFO - [2026-08-04T08:21:45.417+0000] {dag.py:4180} INFO - Setting next_dagrun for example_sensors to None, run_after=None
[2026-08-04T08:21:45.449+0000] {processor.py:208} INFO - Processing /home/airflow/.local/lib/python3.12/site-packages/airflow/example_dags/example_sensors.py took 0.145 seconds
[2026-08-04T08:22:15.533+0000] {processor.py:186} INFO - Started process (PID=205) to work on /home/airflow/.local/lib/python3.12/site-packages/airflow/example_dags/example_sensors.py
[2026-08-04T08:22:15.535+0000] {processor.py:914} INFO - Processing file /home/airflow/.local/lib/python3.12/site-packages/airflow/example_dags/example_sensors.py for tasks to queue
[2026-08-04T08:22:15.539+0000] {logging_mixin.py:190} INFO - [2026-08-04T08:22:15.538+0000] {dagbag.py:588} INFO - Filling up the DagBag from /home/airflow/.local/lib/python3.12/site-packages/airflow/example_dags/example_sensors.py
[2026-08-04T08:22:15.557+0000] {processor.py:925} INFO - DAG(s) 'example_sensors' retrieved from /home/airflow/.local/lib/python3.12/site-packages/airflow/example_dags/example_sensors.py
[2026-08-04T08:22:15.599+0000] {logging_mixin.py:190} INFO - [2026-08-04T08:22:15.598+0000] {dag.py:3239} INFO - Sync 1 DAGs
[2026-08-04T08:22:15.627+0000] {logging_mixin.py:190} INFO - [2026-08-04T08:22:15.627+0000] {dag.py:4180} INFO - Setting next_dagrun for example_sensors to None, run_after=None
[2026-08-04T08:22:15.654+0000] {processor.py:208} INFO - Processing /home/airflow/.local/lib/python3.12/site-packages/airflow/example_dags/example_sensors.py took 0.129 seconds
[2026-08-04T08:22:46.405+0000] {processor.py:186} INFO - Started process (PID=270) to work on /home/airflow/.local/lib/python3.12/site-packages/airflow/example_dags/example_sensors.py
[2026-08-04T08:22:46.407+0000] {processor.py:914} INFO - Processing file /home/airflow/.local/lib/python3.12/site-packages/airflow/example_dags/example_sensors.py for tasks to queue
[2026-08-04T08:22:46.410+0000] {logging_mixin.py:190} INFO - [2026-08-04T08:22:46.410+0000] {dagbag.py:588} INFO - Filling up the DagBag from /home/airflow/.local/lib/python3.12/site-packages/airflow/example_dags/example_sensors.py
[2026-08-04T08:22:46.424+0000] {processor.py:925} INFO - DAG(s) 'example_sensors' retrieved from /home/airflow/.local/lib/python3.12/site-packages/airflow/example_dags/example_sensors.py
[2026-08-04T08:22:46.452+0000] {logging_mixin.py:190} INFO - [2026-08-04T08:22:46.452+0000] {dag.py:3239} INFO - Sync 1 DAGs
[2026-08-04T08:22:46.469+0000] {logging_mixin.py:190} INFO - [2026-08-04T08:22:46.469+0000] {dag.py:4180} INFO - Setting next_dagrun for example_sensors to None, run_after=None
[2026-08-04T08:22:46.491+0000] {processor.py:208} INFO - Processing /home/airflow/.local/lib/python3.12/site-packages/airflow/example_dags/example_sensors.py took 0.094 seconds
[2026-08-04T08:23:17.220+0000] {processor.py:186} INFO - Started process (PID=335) to work on /home/airflow/.local/lib/python3.12/site-packages/airflow/example_dags/example_sensors.py
[2026-08-04T08:23:17.222+0000] {processor.py:914} INFO - Processing file /home/airflow/.local/lib/python3.12/site-packages/airflow/example_dags/example_sensors.py for tasks to queue
[2026-08-04T08:23:17.225+0000] {logging_mixin.py:190} INFO - [2026-08-04T08:23:17.225+0000] {dagbag.py:588} INFO - Filling up the DagBag from /home/airflow/.local/lib/python3.12/site-packages/airflow/example_dags/example_sensors.py
[2026-08-04T08:23:17.238+0000] {processor.py:925} INFO - DAG(s) 'example_sensors' retrieved from /home/airflow/.local/lib/python3.12/site-packages/airflow/example_dags/example_sensors.py
[2026-08-04T08:23:17.269+0000] {logging_mixin.py:190} INFO - [2026-08-04T08:23:17.268+0000] {dag.py:3239} INFO - Sync 1 DAGs
[2026-08-04T08:23:17.287+0000] {logging_mixin.py:190} INFO - [2026-08-04T08:23:17.287+0000] {dag.py:4180} INFO - Setting next_dagrun for example_sensors to None, run_after=None
[2026-08-04T08:23:17.319+0000] {processor.py:208} INFO - Processing /home/airflow/.local/lib/python3.12/site-packages/airflow/example_dags/example_sensors.py took 0.107 seconds
[2026-08-04T08:23:47.704+0000] {processor.py:186} INFO - Started process (PID=400) to work on /home/airflow/.local/lib/python3.12/site-packages/airflow/example_dags/example_sensors.py
[2026-08-04T08:23:47.705+0000] {processor.py:914} INFO - Processing file /home/airflow/.local/lib/python3.12/site-packages/airflow/example_dags/example_sensors.py for tasks to queue
[2026-08-04T08:23:47.708+0000] {logging_mixin.py:190} INFO - [2026-08-04T08:23:47.708+0000] {dagbag.py:588} INFO - Filling up the DagBag from /home/airflow/.local/lib/python3.12/site-packages/airflow/example_dags/example_sensors.py
[2026-08-04T08:23:47.721+0000] {processor.py:925} INFO - DAG(s) 'example_sensors' retrieved from /home/airflow/.local/lib/python3.12/site-packages/airflow/example_dags/example_sensors.py
[2026-08-04T08:23:47.748+0000] {logging_mixin.py:190} INFO - [2026-08-04T08:23:47.747+0000] {dag.py:3239} INFO - Sync 1 DAGs
[2026-08-04T08:23:47.763+0000] {logging_mixin.py:190} INFO - [2026-08-04T08:23:47.763+0000] {dag.py:4180} INFO - Setting next_dagrun for example_sensors to None, run_after=None
[2026-08-04T08:23:47.784+0000] {processor.py:208} INFO - Processing /home/airflow/.local/lib/python3.12/site-packages/airflow/example_dags/example_sensors.py took 0.088 seconds
[2026-08-04T08:24:18.452+0000] {processor.py:186} INFO - Started process (PID=465) to work on /home/airflow/.local/lib/python3.12/site-packages/airflow/example_dags/example_sensors.py
[2026-08-04T08:24:18.454+0000] {processor.py:914} INFO - Processing file /home/airflow/.local/lib/python3.12/site-packages/airflow/example_dags/example_sensors.py for tasks to queue
[2026-08-04T08:24:18.457+0000] {logging_mixin.py:190} INFO - [2026-08-04T08:24:18.456+0000] {dagbag.py:588} INFO - Filling up the DagBag from /home/airflow/.local/lib/python3.12/site-packages/airflow/example_dags/example_sensors.py
[2026-08-04T08:24:18.471+0000] {processor.py:925} INFO - DAG(s) 'example_sensors' retrieved from /home/airflow/.local/lib/python3.12/site-packages/airflow/example_dags/example_sensors.py
[2026-08-04T08:24:18.496+0000] {logging_mixin.py:190} INFO - [2026-08-04T08:24:18.496+0000] {dag.py:3239} INFO - Sync 1 DAGs
[2026-08-04T08:24:18.513+0000] {logging_mixin.py:190} INFO - [2026-08-04T08:24:18.513+0000] {dag.py:4180} INFO - Setting next_dagrun for example_sensors to None, run_after=None
[2026-08-04T08:24:18.536+0000] {processor.py:208} INFO - Processing /home/airflow/.local/lib/python3.12/site-packages/airflow/example_dags/example_sensors.py took 0.090 seconds
[2026-08-04T08:24:48.834+0000] {processor.py:186} INFO - Started process (PID=530) to work on /home/airflow/.local/lib/python3.12/site-packages/airflow/example_dags/example_sensors.py
[2026-08-04T08:24:48.835+0000] {processor.py:914} INFO - Processing file /home/airflow/.local/lib/python3.12/site-packages/airflow/example_dags/example_sensors.py for tasks to queue
[2026-08-04T08:24:48.838+0000] {logging_mixin.py:190} INFO - [2026-08-04T08:24:48.838+0000] {dagbag.py:588} INFO - Filling up the DagBag from /home/airflow/.local/lib/python3.12/site-packages/airflow/example_dags/example_sensors.py
[2026-08-04T08:24:48.850+0000] {processor.py:925} INFO - DAG(s) 'example_sensors' retrieved from /home/airflow/.local/lib/python3.12/site-packages/airflow/example_dags/example_sensors.py
[2026-08-04T08:24:48.875+0000] {logging_mixin.py:190} INFO - [2026-08-04T08:24:48.875+0000] {dag.py:3239} INFO - Sync 1 DAGs
[2026-08-04T08:24:48.890+0000] {logging_mixin.py:190} INFO - [2026-08-04T08:24:48.890+0000] {dag.py:4180} INFO - Setting next_dagrun for example_sensors to None, run_after=None
[2026-08-04T08:24:48.910+0000] {processor.py:208} INFO - Processing /home/airflow/.local/lib/python3.12/site-packages/airflow/example_dags/example_sensors.py took 0.083 seconds
[2026-08-04T08:25:19.013+0000] {processor.py:186} INFO - Started process (PID=595) to work on /home/airflow/.local/lib/python3.12/site-packages/airflow/example_dags/example_sensors.py
[2026-08-04T08:25:19.015+0000] {processor.py:914} INFO - Processing file /home/airflow/.local/lib/python3.12/site-packages/airflow/example_dags/example_sensors.py for tasks to queue
[2026-08-04T08:25:19.018+0000] {logging_mixin.py:190} INFO - [2026-08-04T08:25:19.018+0000] {dagbag.py:588} INFO - Filling up the DagBag from /home/airflow/.local/lib/python3.12/site-packages/airflow/example_dags/example_sensors.py
[2026-08-04T08:25:19.030+0000] {processor.py:925} INFO - DAG(s) 'example_sensors' retrieved from /home/airflow/.local/lib/python3.12/site-packages/airflow/example_dags/example_sensors.py
[2026-08-04T08:25:19.054+0000] {logging_mixin.py:190} INFO - [2026-08-04T08:25:19.054+0000] {dag.py:3239} INFO - Sync 1 DAGs
[2026-08-04T08:25:19.069+0000] {logging_mixin.py:190} INFO - [2026-08-04T08:25:19.068+0000] {dag.py:4180} INFO - Setting next_dagrun for example_sensors to None, run_after=None
[2026-08-04T08:25:19.089+0000] {processor.py:208} INFO - Processing /home/airflow/.local/lib/python3.12/site-packages/airflow/example_dags/example_sensors.py took 0.083 seconds
[2026-08-04T08:25:50.150+0000] {processor.py:186} INFO - Started process (PID=660) to work on /home/airflow/.local/lib/python3.12/site-packages/airflow/example_dags/example_sensors.py
[2026-08-04T08:25:50.151+0000] {processor.py:914} INFO - Processing file /home/airflow/.local/lib/python3.12/site-packages/airflow/example_dags/example_sensors.py for tasks to queue
[2026-08-04T08:25:50.154+0000] {logging_mixin.py:190} INFO - [2026-08-04T08:25:50.154+0000] {dagbag.py:588} INFO - Filling up the DagBag from /home/airflow/.local/lib/python3.12/site-packages/airflow/example_dags/example_sensors.py
[2026-08-04T08:25:50.167+0000] {processor.py:925} INFO - DAG(s) 'example_sensors' retrieved from /home/airflow/.local/lib/python3.12/site-packages/airflow/example_dags/example_sensors.py
[2026-08-04T08:25:50.205+0000] {logging_mixin.py:190} INFO - [2026-08-04T08:25:50.205+0000] {dag.py:3239} INFO - Sync 1 DAGs
[2026-08-04T08:25:50.223+0000] {logging_mixin.py:190} INFO - [2026-08-04T08:25:50.223+0000] {dag.py:4180} INFO - Setting next_dagrun for example_sensors to None, run_after=None
[2026-08-04T08:25:50.243+0000] {processor.py:208} INFO - Processing /home/airflow/.local/lib/python3.12/site-packages/airflow/example_dags/example_sensors.py took 0.101 seconds
[2026-08-04T08:26:20.315+0000] {processor.py:186} INFO - Started process (PID=726) to work on /home/airflow/.local/lib/python3.12/site-packages/airflow/example_dags/example_sensors.py
[2026-08-04T08:26:20.316+0000] {processor.py:914} INFO - Processing file /home/airflow/.local/lib/python3.12/site-packages/airflow/example_dags/example_sensors.py for tasks to queue
[2026-08-04T08:26:20.319+0000] {logging_mixin.py:190} INFO - [2026-08-04T08:26:20.319+0000] {dagbag.py:588} INFO - Filling up the DagBag from /home/airflow/.local/lib/python3.12/site-packages/airflow/example_dags/example_sensors.py
[2026-08-04T08:26:20.333+0000] {processor.py:925} INFO - DAG(s) 'example_sensors' retrieved from /home/airflow/.local/lib/python3.12/site-packages/airflow/example_dags/example_sensors.py
[2026-08-04T08:26:20.360+0000] {logging_mixin.py:190} INFO - [2026-08-04T08:26:20.360+0000] {dag.py:3239} INFO - Sync 1 DAGs
[2026-08-04T08:26:20.376+0000] {logging_mixin.py:190} INFO - [2026-08-04T08:26:20.375+0000] {dag.py:4180} INFO - Setting next_dagrun for example_sensors to None, run_after=None
[2026-08-04T08:26:20.396+0000] {processor.py:208} INFO - Processing /home/airflow/.local/lib/python3.12/site-packages/airflow/example_dags/example_sensors.py took 0.088 seconds
[2026-08-04T08:26:50.895+0000] {processor.py:186} INFO - Started process (PID=791) to work on /home/airflow/.local/lib/python3.12/site-packages/airflow/example_dags/example_sensors.py
[2026-08-04T08:26:50.896+0000] {processor.py:914} INFO - Processing file /home/airflow/.local/lib/python3.12/site-packages/airflow/example_dags/example_sensors.py for tasks to queue
[2026-08-04T08:26:50.900+0000] {logging_mixin.py:190} INFO - [2026-08-04T08:26:50.900+0000] {dagbag.py:588} INFO - Filling up the DagBag from /home/airflow/.local/lib/python3.12/site-packages/airflow/example_dags/example_sensors.py
[2026-08-04T08:26:50.915+0000] {processor.py:925} INFO - DAG(s) 'example_sensors' retrieved from /home/airflow/.local/lib/python3.12/site-packages/airflow/example_dags/example_sensors.py
[2026-08-04T08:26:50.940+0000] {logging_mixin.py:190} INFO - [2026-08-04T08:26:50.940+0000] {dag.py:3239} INFO - Sync 1 DAGs
[2026-08-04T08:26:50.957+0000] {logging_mixin.py:190} INFO - [2026-08-04T08:26:50.957+0000] {dag.py:4180} INFO - Setting next_dagrun for example_sensors to None, run_after=None
[2026-08-04T08:26:50.977+0000] {processor.py:208} INFO - Processing /home/airflow/.local/lib/python3.12/site-packages/airflow/example_dags/example_sensors.py took 0.090 seconds
[2026-08-04T08:27:21.175+0000] {processor.py:186} INFO - Started process (PID=856) to work on /home/airflow/.local/lib/python3.12/site-packages/airflow/example_dags/example_sensors.py
[2026-08-04T08:27:21.177+0000] {processor.py:914} INFO - Processing file /home/airflow/.local/lib/python3.12/site-packages/airflow/example_dags/example_sensors.py for tasks to queue
[2026-08-04T08:27:21.180+0000] {logging_mixin.py:190} INFO - [2026-08-04T08:27:21.179+0000] {dagbag.py:588} INFO - Filling up the DagBag from /home/airflow/.local/lib/python3.12/site-packages/airflow/example_dags/example_sensors.py
[2026-08-04T08:27:21.191+0000] {processor.py:925} INFO - DAG(s) 'example_sensors' retrieved from /home/airflow/.local/lib/python3.12/site-packages/airflow/example_dags/example_sensors.py
[2026-08-04T08:27:21.215+0000] {logging_mixin.py:190} INFO - [2026-08-04T08:27:21.215+0000] {dag.py:3239} INFO - Sync 1 DAGs
[2026-08-04T08:27:21.230+0000] {logging_mixin.py:190} INFO - [2026-08-04T08:27:21.230+0000] {dag.py:4180} INFO - Setting next_dagrun for example_sensors to None, run_after=None
[2026-08-04T08:27:21.254+0000] {processor.py:208} INFO - Processing /home/airflow/.local/lib/python3.12/site-packages/airflow/example_dags/example_sensors.py took 0.085 seconds
[2026-08-04T08:27:51.376+0000] {processor.py:186} INFO - Started process (PID=921) to work on /home/airflow/.local/lib/python3.12/site-packages/airflow/example_dags/example_sensors.py
[2026-08-04T08:27:51.377+0000] {processor.py:914} INFO - Processing file /home/airflow/.local/lib/python3.12/site-packages/airflow/example_dags/example_sensors.py for tasks to queue
[2026-08-04T08:27:51.380+0000] {logging_mixin.py:190} INFO - [2026-08-04T08:27:51.380+0000] {dagbag.py:588} INFO - Filling up the DagBag from /home/airflow/.local/lib/python3.12/site-packages/airflow/example_dags/example_sensors.py
[2026-08-04T08:27:51.394+0000] {processor.py:925} INFO - DAG(s) 'example_sensors' retrieved from /home/airflow/.local/lib/python3.12/site-packages/airflow/example_dags/example_sensors.py
[2026-08-04T08:27:51.421+0000] {logging_mixin.py:190} INFO - [2026-08-04T08:27:51.420+0000] {dag.py:3239} INFO - Sync 1 DAGs
[2026-08-04T08:27:51.442+0000] {logging_mixin.py:190} INFO - [2026-08-04T08:27:51.442+0000] {dag.py:4180} INFO - Setting next_dagrun for example_sensors to None, run_after=None
[2026-08-04T08:27:51.463+0000] {processor.py:208} INFO - Processing /home/airflow/.local/lib/python3.12/site-packages/airflow/example_dags/example_sensors.py took 0.094 seconds
[2026-08-04T08:28:21.738+0000] {processor.py:186} INFO - Started process (PID=986) to work on /home/airflow/.local/lib/python3.12/site-packages/airflow/example_dags/example_sensors.py
[2026-08-04T08:28:21.739+0000] {processor.py:914} INFO - Processing file /home/airflow/.local/lib/python3.12/site-packages/airflow/example_dags/example_sensors.py for tasks to queue
[2026-08-04T08:28:21.742+0000] {logging_mixin.py:190} INFO - [2026-08-04T08:28:21.742+0000] {dagbag.py:588} INFO - Filling up the DagBag from /home/airflow/.local/lib/python3.12/site-packages/airflow/example_dags/example_sensors.py
[2026-08-04T08:28:21.756+0000] {processor.py:925} INFO - DAG(s) 'example_sensors' retrieved from /home/airflow/.local/lib/python3.12/site-packages/airflow/example_dags/example_sensors.py
[2026-08-04T08:28:21.781+0000] {logging_mixin.py:190} INFO - [2026-08-04T08:28:21.781+0000] {dag.py:3239} INFO - Sync 1 DAGs
[2026-08-04T08:28:21.797+0000] {logging_mixin.py:190} INFO - [2026-08-04T08:28:21.797+0000] {dag.py:4180} INFO - Setting next_dagrun for example_sensors to None, run_after=None
[2026-08-04T08:28:21.817+0000] {processor.py:208} INFO - Processing /home/airflow/.local/lib/python3.12/site-packages/airflow/example_dags/example_sensors.py took 0.086 seconds
[2026-08-04T08:28:52.254+0000] {processor.py:186} INFO - Started process (PID=1051) to work on /home/airflow/.local/lib/python3.12/site-packages/airflow/example_dags/example_sensors.py
[2026-08-04T08:28:52.256+0000] {processor.py:914} INFO - Processing file /home/airflow/.local/lib/python3.12/site-packages/airflow/example_dags/example_sensors.py for tasks to queue
[2026-08-04T08:28:52.263+0000] {logging_mixin.py:190} INFO - [2026-08-04T08:28:52.263+0000] {dagbag.py:588} INFO - Filling up the DagBag from /home/airflow/.local/lib/python3.12/site-packages/airflow/example_dags/example_sensors.py
[2026-08-04T08:28:52.281+0000] {processor.py:925} INFO - DAG(s) 'example_sensors' retrieved from /home/airflow/.local/lib/python3.12/site-packages/airflow/example_dags/example_sensors.py
[2026-08-04T08:28:52.313+0000] {logging_mixin.py:190} INFO - [2026-08-04T08:28:52.313+0000] {dag.py:3239} INFO - Sync 1 DAGs
[2026-08-04T08:28:52.331+0000] {logging_mixin.py:190} INFO - [2026-08-04T08:28:52.330+0000] {dag.py:4180} INFO - Setting next_dagrun for example_sensors to None, run_after=None
[2026-08-04T08:28:52.355+0000] {processor.py:208} INFO - Processing /home/airflow/.local/lib/python3.12/site-packages/airflow/example_dags/example_sensors.py took 0.113 seconds
[2026-08-04T08:29:22.675+0000] {processor.py:186} INFO - Started process (PID=1116) to work on /home/airflow/.local/lib/python3.12/site-packages/airflow/example_dags/example_sensors.py
[2026-08-04T08:29:22.676+0000] {processor.py:914} INFO - Processing file /home/airflow/.local/lib/python3.12/site-packages/airflow/example_dags/example_sensors.py for tasks to queue
[2026-08-04T08:29:22.680+0000] {logging_mixin.py:190} INFO - [2026-08-04T08:29:22.679+0000] {dagbag.py:588} INFO - Filling up the DagBag from /home/airflow/.local/lib/python3.12/site-packages/airflow/example_dags/example_sensors.py
[2026-08-04T08:29:22.692+0000] {processor.py:925} INFO - DAG(s) 'example_sensors' retrieved from /home/airflow/.local/lib/python3.12/site-packages/airflow/example_dags/example_sensors.py
[2026-08-04T08:29:22.718+0000] {logging_mixin.py:190} INFO - [2026-08-04T08:29:22.718+0000] {dag.py:3239} INFO - Sync 1 DAGs
[2026-08-04T08:29:22.734+0000] {logging_mixin.py:190} INFO - [2026-08-04T08:29:22.734+0000] {dag.py:4180} INFO - Setting next_dagrun for example_sensors to None, run_after=None
[2026-08-04T08:29:22.754+0000] {processor.py:208} INFO - Processing /home/airflow/.local/lib/python3.12/site-packages/airflow/example_dags/example_sensors.py took 0.086 seconds
[2026-08-04T08:29:52.966+0000] {processor.py:186} INFO - Started process (PID=1182) to work on /home/airflow/.local/lib/python3.12/site-packages/airflow/example_dags/example_sensors.py
[2026-08-04T08:29:52.968+0000] {processor.py:914} INFO - Processing file /home/airflow/.local/lib/python3.12/site-packages/airflow/example_dags/example_sensors.py for tasks to queue
[2026-08-04T08:29:52.971+0000] {logging_mixin.py:190} INFO - [2026-08-04T08:29:52.971+0000] {dagbag.py:588} INFO - Filling up the DagBag from /home/airflow/.local/lib/python3.12/site-packages/airflow/example_dags/example_sensors.py
[2026-08-04T08:29:52.985+0000] {processor.py:925} INFO - DAG(s) 'example_sensors' retrieved from /home/airflow/.local/lib/python3.12/site-packages/airflow/example_dags/example_sensors.py
[2026-08-04T08:29:53.011+0000] {logging_mixin.py:190} INFO - [2026-08-04T08:29:53.011+0000] {dag.py:3239} INFO - Sync 1 DAGs
[2026-08-04T08:29:53.026+0000] {logging_mixin.py:190} INFO - [2026-08-04T08:29:53.026+0000] {dag.py:4180} INFO - Setting next_dagrun for example_sensors to None, run_after=None
[2026-08-04T08:29:53.046+0000] {processor.py:208} INFO - Processing /home/airflow/.local/lib/python3.12/site-packages/airflow/example_dags/example_sensors.py took 0.087 seconds
[2026-08-04T08:30:23.521+0000] {processor.py:186} INFO - Started process (PID=1247) to work on /home/airflow/.local/lib/python3.12/site-packages/airflow/example_dags/example_sensors.py
[2026-08-04T08:30:23.523+0000] {processor.py:914} INFO - Processing file /home/airflow/.local/lib/python3.12/site-packages/airflow/example_dags/example_sensors.py for tasks to queue
[2026-08-04T08:30:23.526+0000] {logging_mixin.py:190} INFO - [2026-08-04T08:30:23.526+0000] {dagbag.py:588} INFO - Filling up the DagBag from /home/airflow/.local/lib/python3.12/site-packages/airflow/example_dags/example_sensors.py
[2026-08-04T08:30:23.538+0000] {processor.py:925} INFO - DAG(s) 'example_sensors' retrieved from /home/airflow/.local/lib/python3.12/site-packages/airflow/example_dags/example_sensors.py
[2026-08-04T08:30:23.563+0000] {logging_mixin.py:190} INFO - [2026-08-04T08:30:23.563+0000] {dag.py:3239} INFO - Sync 1 DAGs
[2026-08-04T08:30:23.579+0000] {logging_mixin.py:190} INFO - [2026-08-04T08:30:23.579+0000] {dag.py:4180} INFO - Setting next_dagrun for example_sensors to None, run_after=None
[2026-08-04T08:30:23.599+0000] {processor.py:208} INFO - Processing /home/airflow/.local/lib/python3.12/site-packages/airflow/example_dags/example_sensors.py took 0.085 seconds
[2026-08-04T08:30:53.812+0000] {processor.py:186} INFO - Started process (PID=1312) to work on /home/airflow/.local/lib/python3.12/site-packages/airflow/example_dags/example_sensors.py
[2026-08-04T08:30:53.813+0000] {processor.py:914} INFO - Processing file /home/airflow/.local/lib/python3.12/site-packages/airflow/example_dags/example_sensors.py for tasks to queue
[2026-08-04T08:30:53.816+0000] {logging_mixin.py:190} INFO - [2026-08-04T08:30:53.815+0000] {dagbag.py:588} INFO - Filling up the DagBag from /home/airflow/.local/lib/python3.12/site-packages/airflow/example_dags/example_sensors.py
[2026-08-04T08:30:53.827+0000] {processor.py:925} INFO - DAG(s) 'example_sensors' retrieved from /home/airflow/.local/lib/python3.12/site-packages/airflow/example_dags/example_sensors.py
[2026-08-04T08:30:53.851+0000] {logging_mixin.py:190} INFO - [2026-08-04T08:30:53.851+0000] {dag.py:3239} INFO - Sync 1 DAGs
[2026-08-04T08:30:53.865+0000] {logging_mixin.py:190} INFO - [2026-08-04T08:30:53.865+0000] {dag.py:4180} INFO - Setting next_dagrun for example_sensors to None, run_after=None
[2026-08-04T08:30:53.884+0000] {processor.py:208} INFO - Processing /home/airflow/.local/lib/python3.12/site-packages/airflow/example_dags/example_sensors.py took 0.079 seconds
[2026-08-04T08:31:24.146+0000] {processor.py:186} INFO - Started process (PID=1377) to work on /home/airflow/.local/lib/python3.12/site-packages/airflow/example_dags/example_sensors.py
[2026-08-04T08:31:24.147+0000] {processor.py:914} INFO - Processing file /home/airflow/.local/lib/python3.12/site-packages/airflow/example_dags/example_sensors.py for tasks to queue
[2026-08-04T08:31:24.150+0000] {logging_mixin.py:190} INFO - [2026-08-04T08:31:24.150+0000] {dagbag.py:588} INFO - Filling up the DagBag from /home/airflow/.local/lib/python3.12/site-packages/airflow/example_dags/example_sensors.py
[2026-08-04T08:31:24.161+0000] {processor.py:925} INFO - DAG(s) 'example_sensors' retrieved from /home/airflow/.local/lib/python3.12/site-packages/airflow/example_dags/example_sensors.py
[2026-08-04T08:31:24.187+0000] {logging_mixin.py:190} INFO - [2026-08-04T08:31:24.187+0000] {dag.py:3239} INFO - Sync 1 DAGs
[2026-08-04T08:31:24.202+0000] {logging_mixin.py:190} INFO - [2026-08-04T08:31:24.202+0000] {dag.py:4180} INFO - Setting next_dagrun for example_sensors to None, run_after=None
[2026-08-04T08:31:24.222+0000] {processor.py:208} INFO - Processing /home/airflow/.local/lib/python3.12/site-packages/airflow/example_dags/example_sensors.py took 0.082 seconds
[2026-08-04T08:31:54.650+0000] {processor.py:186} INFO - Started process (PID=1442) to work on /home/airflow/.local/lib/python3.12/site-packages/airflow/example_dags/example_sensors.py
[2026-08-04T08:31:54.651+0000] {processor.py:914} INFO - Processing file /home/airflow/.local/lib/python3.12/site-packages/airflow/example_dags/example_sensors.py for tasks to queue
[2026-08-04T08:31:54.654+0000] {logging_mixin.py:190} INFO - [2026-08-04T08:31:54.654+0000] {dagbag.py:588} INFO - Filling up the DagBag from /home/airflow/.local/lib/python3.12/site-packages/airflow/example_dags/example_sensors.py
[2026-08-04T08:31:54.665+0000] {processor.py:925} INFO - DAG(s) 'example_sensors' retrieved from /home/airflow/.local/lib/python3.12/site-packages/airflow/example_dags/example_sensors.py
[2026-08-04T08:31:54.689+0000] {logging_mixin.py:190} INFO - [2026-08-04T08:31:54.689+0000] {dag.py:3239} INFO - Sync 1 DAGs
[2026-08-04T08:31:54.703+0000] {logging_mixin.py:190} INFO - [2026-08-04T08:31:54.703+0000] {dag.py:4180} INFO - Setting next_dagrun for example_sensors to None, run_after=None
[2026-08-04T08:31:54.722+0000] {processor.py:208} INFO - Processing /home/airflow/.local/lib/python3.12/site-packages/airflow/example_dags/example_sensors.py took 0.078 seconds
[2026-08-04T08:32:24.943+0000] {processor.py:186} INFO - Started process (PID=1507) to work on /home/airflow/.local/lib/python3.12/site-packages/airflow/example_dags/example_sensors.py
[2026-08-04T08:32:24.944+0000] {processor.py:914} INFO - Processing file /home/airflow/.local/lib/python3.12/site-packages/airflow/example_dags/example_sensors.py for tasks to queue
[2026-08-04T08:32:24.947+0000] {logging_mixin.py:190} INFO - [2026-08-04T08:32:24.946+0000] {dagbag.py:588} INFO - Filling up the DagBag from /home/airflow/.local/lib/python3.12/site-packages/airflow/example_dags/example_sensors.py
[2026-08-04T08:32:24.959+0000] {processor.py:925} INFO - DAG(s) 'example_sensors' retrieved from /home/airflow/.local/lib/python3.12/site-packages/airflow/example_dags/example_sensors.py
[2026-08-04T08:32:24.983+0000] {logging_mixin.py:190} INFO - [2026-08-04T08:32:24.983+0000] {dag.py:3239} INFO - Sync 1 DAGs
[2026-08-04T08:32:24.999+0000] {logging_mixin.py:190} INFO - [2026-08-04T08:32:24.999+0000] {dag.py:4180} INFO - Setting next_dagrun for example_sensors to None, run_after=None
[2026-08-04T08:32:25.018+0000] {processor.py:208} INFO - Processing /home/airflow/.local/lib/python3.12/site-packages/airflow/example_dags/example_sensors.py took 0.083 seconds
[2026-08-04T08:32:55.145+0000] {processor.py:186} INFO - Started process (PID=1572) to work on /home/airflow/.local/lib/python3.12/site-packages/airflow/example_dags/example_sensors.py
[2026-08-04T08:32:55.146+0000] {processor.py:914} INFO - Processing file /home/airflow/.local/lib/python3.12/site-packages/airflow/example_dags/example_sensors.py for tasks to queue
[2026-08-04T08:32:55.150+0000] {logging_mixin.py:190} INFO - [2026-08-04T08:32:55.149+0000] {dagbag.py:588} INFO - Filling up the DagBag from /home/airflow/.local/lib/python3.12/site-packages/airflow/example_dags/example_sensors.py
[2026-08-04T08:32:55.163+0000] {processor.py:925} INFO - DAG(s) 'example_sensors' retrieved from /home/airflow/.local/lib/python3.12/site-packages/airflow/example_dags/example_sensors.py
[2026-08-04T08:32:55.189+0000] {logging_mixin.py:190} INFO - [2026-08-04T08:32:55.189+0000] {dag.py:3239} INFO - Sync 1 DAGs
[2026-08-04T08:32:55.206+0000] {logging_mixin.py:190} INFO - [2026-08-04T08:32:55.205+0000] {dag.py:4180} INFO - Setting next_dagrun for example_sensors to None, run_after=None
[2026-08-04T08:32:55.226+0000] {processor.py:208} INFO - Processing /home/airflow/.local/lib/python3.12/site-packages/airflow/example_dags/example_sensors.py took 0.090 seconds
[2026-08-04T08:33:25.543+0000] {processor.py:186} INFO - Started process (PID=1637) to work on /home/airflow/.local/lib/python3.12/site-packages/airflow/example_dags/example_sensors.py
[2026-08-04T08:33:25.544+0000] {processor.py:914} INFO - Processing file /home/airflow/.local/lib/python3.12/site-packages/airflow/example_dags/example_sensors.py for tasks to queue
[2026-08-04T08:33:25.548+0000] {logging_mixin.py:190} INFO - [2026-08-04T08:33:25.547+0000] {dagbag.py:588} INFO - Filling up the DagBag from /home/airflow/.local/lib/python3.12/site-packages/airflow/example_dags/example_sensors.py
[2026-08-04T08:33:25.563+0000] {processor.py:925} INFO - DAG(s) 'example_sensors' retrieved from /home/airflow/.local/lib/python3.12/site-packages/airflow/example_dags/example_sensors.py
[2026-08-04T08:33:25.589+0000] {logging_mixin.py:190} INFO - [2026-08-04T08:33:25.589+0000] {dag.py:3239} INFO - Sync 1 DAGs
[2026-08-04T08:33:25.607+0000] {logging_mixin.py:190} INFO - [2026-08-04T08:33:25.607+0000] {dag.py:4180} INFO - Setting next_dagrun for example_sensors to None, run_after=None
[2026-08-04T08:33:25.630+0000] {processor.py:208} INFO - Processing /home/airflow/.local/lib/python3.12/site-packages/airflow/example_dags/example_sensors.py took 0.094 seconds
[2026-08-04T08:33:56.007+0000] {processor.py:186} INFO - Started process (PID=1702) to work on /home/airflow/.local/lib/python3.12/site-packages/airflow/example_dags/example_sensors.py
[2026-08-04T08:33:56.008+0000] {processor.py:914} INFO - Processing file /home/airflow/.local/lib/python3.12/site-packages/airflow/example_dags/example_sensors.py for tasks to queue
[2026-08-04T08:33:56.011+0000] {logging_mixin.py:190} INFO - [2026-08-04T08:33:56.011+0000] {dagbag.py:588} INFO - Filling up the DagBag from /home/airflow/.local/lib/python3.12/site-packages/airflow/example_dags/example_sensors.py
[2026-08-04T08:33:56.023+0000] {processor.py:925} INFO - DAG(s) 'example_sensors' retrieved from /home/airflow/.local/lib/python3.12/site-packages/airflow/example_dags/example_sensors.py
[2026-08-04T08:33:56.048+0000] {logging_mixin.py:190} INFO - [2026-08-04T08:33:56.047+0000] {dag.py:3239} INFO - Sync 1 DAGs
[2026-08-04T08:33:56.062+0000] {logging_mixin.py:190} INFO - [2026-08-04T08:33:56.062+0000] {dag.py:4180} INFO - Setting next_dagrun for example_sensors to None, run_after=None
[2026-08-04T08:33:56.082+0000] {processor.py:208} INFO - Processing /home/airflow/.local/lib/python3.12/site-packages/airflow/example_dags/example_sensors.py took 0.082 seconds
[2026-08-04T08:34:26.514+0000] {processor.py:186} INFO - Started process (PID=1767) to work on /home/airflow/.local/lib/python3.12/site-packages/airflow/example_dags/example_sensors.py
[2026-08-04T08:34:26.515+0000] {processor.py:914} INFO - Processing file /home/airflow/.local/lib/python3.12/site-packages/airflow/example_dags/example_sensors.py for tasks to queue
[2026-08-04T08:34:26.519+0000] {logging_mixin.py:190} INFO - [2026-08-04T08:34:26.518+0000] {dagbag.py:588} INFO - Filling up the DagBag from /home/airflow/.local/lib/python3.12/site-packages/airflow/example_dags/example_sensors.py
[2026-08-04T08:34:26.531+0000] {processor.py:925} INFO - DAG(s) 'example_sensors' retrieved from /home/airflow/.local/lib/python3.12/site-packages/airflow/example_dags/example_sensors.py
[2026-08-04T08:34:26.554+0000] {logging_mixin.py:190} INFO - [2026-08-04T08:34:26.554+0000] {dag.py:3239} INFO - Sync 1 DAGs
[2026-08-04T08:34:26.569+0000] {logging_mixin.py:190} INFO - [2026-08-04T08:34:26.569+0000] {dag.py:4180} INFO - Setting next_dagrun for example_sensors to None, run_after=None
[2026-08-04T08:34:26.589+0000] {processor.py:208} INFO - Processing /home/airflow/.local/lib/python3.12/site-packages/airflow/example_dags/example_sensors.py took 0.083 seconds
[2026-08-04T08:34:56.877+0000] {processor.py:186} INFO - Started process (PID=1825) to work on /home/airflow/.local/lib/python3.12/site-packages/airflow/example_dags/example_sensors.py
[2026-08-04T08:34:56.878+0000] {processor.py:914} INFO - Processing file /home/airflow/.local/lib/python3.12/site-packages/airflow/example_dags/example_sensors.py for tasks to queue
[2026-08-04T08:34:56.881+0000] {logging_mixin.py:190} INFO - [2026-08-04T08:34:56.881+0000] {dagbag.py:588} INFO - Filling up the DagBag from /home/airflow/.local/lib/python3.12/site-packages/airflow/example_dags/example_sensors.py
[2026-08-04T08:34:56.894+0000] {processor.py:925} INFO - DAG(s) 'example_sensors' retrieved from /home/airflow/.local/lib/python3.12/site-packages/airflow/example_dags/example_sensors.py
[2026-08-04T08:34:56.918+0000] {logging_mixin.py:190} INFO - [2026-08-04T08:34:56.917+0000] {dag.py:3239} INFO - Sync 1 DAGs
[2026-08-04T08:34:56.932+0000] {logging_mixin.py:190} INFO - [2026-08-04T08:34:56.932+0000] {dag.py:4180} INFO - Setting next_dagrun for example_sensors to None, run_after=None
[2026-08-04T08:34:56.950+0000] {processor.py:208} INFO - Processing /home/airflow/.local/lib/python3.12/site-packages/airflow/example_dags/example_sensors.py took 0.081 seconds
[2026-08-04T08:35:28.145+0000] {processor.py:186} INFO - Started process (PID=1890) to work on /home/airflow/.local/lib/python3.12/site-packages/airflow/example_dags/example_sensors.py
[2026-08-04T08:35:28.146+0000] {processor.py:914} INFO - Processing file /home/airflow/.local/lib/python3.12/site-packages/airflow/example_dags/example_sensors.py for tasks to queue
[2026-08-04T08:35:28.149+0000] {logging_mixin.py:190} INFO - [2026-08-04T08:35:28.148+0000] {dagbag.py:588} INFO - Filling up the DagBag from /home/airflow/.local/lib/python3.12/site-packages/airflow/example_dags/example_sensors.py
[2026-08-04T08:35:28.162+0000] {processor.py:925} INFO - DAG(s) 'example_sensors' retrieved from /home/airflow/.local/lib/python3.12/site-packages/airflow/example_dags/example_sensors.py
[2026-08-04T08:35:28.189+0000] {logging_mixin.py:190} INFO - [2026-08-04T08:35:28.188+0000] {dag.py:3239} INFO - Sync 1 DAGs
[2026-08-04T08:35:28.204+0000] {logging_mixin.py:190} INFO - [2026-08-04T08:35:28.204+0000] {dag.py:4180} INFO - Setting next_dagrun for example_sensors to None, run_after=None
[2026-08-04T08:35:28.224+0000] {processor.py:208} INFO - Processing /home/airflow/.local/lib/python3.12/site-packages/airflow/example_dags/example_sensors.py took 0.085 seconds
[2026-08-04T08:35:58.410+0000] {processor.py:186} INFO - Started process (PID=1946) to work on /home/airflow/.local/lib/python3.12/site-packages/airflow/example_dags/example_sensors.py
[2026-08-04T08:35:58.411+0000] {processor.py:914} INFO - Processing file /home/airflow/.local/lib/python3.12/site-packages/airflow/example_dags/example_sensors.py for tasks to queue
[2026-08-04T08:35:58.414+0000] {logging_mixin.py:190} INFO - [2026-08-04T08:35:58.413+0000] {dagbag.py:588} INFO - Filling up the DagBag from /home/airflow/.local/lib/python3.12/site-packages/airflow/example_dags/example_sensors.py
[2026-08-04T08:35:58.425+0000] {processor.py:925} INFO - DAG(s) 'example_sensors' retrieved from /home/airflow/.local/lib/python3.12/site-packages/airflow/example_dags/example_sensors.py
[2026-08-04T08:35:58.455+0000] {logging_mixin.py:190} INFO - [2026-08-04T08:35:58.455+0000] {dag.py:3239} INFO - Sync 1 DAGs
[2026-08-04T08:35:58.472+0000] {logging_mixin.py:190} INFO - [2026-08-04T08:35:58.472+0000] {dag.py:4180} INFO - Setting next_dagrun for example_sensors to None, run_after=None
[2026-08-04T08:35:58.493+0000] {processor.py:208} INFO - Processing /home/airflow/.local/lib/python3.12/site-packages/airflow/example_dags/example_sensors.py took 0.089 seconds
[2026-08-04T08:36:29.288+0000] {processor.py:186} INFO - Started process (PID=2009) to work on /home/airflow/.local/lib/python3.12/site-packages/airflow/example_dags/example_sensors.py
[2026-08-04T08:36:29.290+0000] {processor.py:914} INFO - Processing file /home/airflow/.local/lib/python3.12/site-packages/airflow/example_dags/example_sensors.py for tasks to queue
[2026-08-04T08:36:29.293+0000] {logging_mixin.py:190} INFO - [2026-08-04T08:36:29.292+0000] {dagbag.py:588} INFO - Filling up the DagBag from /home/airflow/.local/lib/python3.12/site-packages/airflow/example_dags/example_sensors.py
[2026-08-04T08:36:29.308+0000] {processor.py:925} INFO - DAG(s) 'example_sensors' retrieved from /home/airflow/.local/lib/python3.12/site-packages/airflow/example_dags/example_sensors.py
[2026-08-04T08:36:29.339+0000] {logging_mixin.py:190} INFO - [2026-08-04T08:36:29.339+0000] {dag.py:3239} INFO - Sync 1 DAGs
[2026-08-04T08:36:29.360+0000] {logging_mixin.py:190} INFO - [2026-08-04T08:36:29.360+0000] {dag.py:4180} INFO - Setting next_dagrun for example_sensors to None, run_after=None
[2026-08-04T08:36:29.380+0000] {processor.py:208} INFO - Processing /home/airflow/.local/lib/python3.12/site-packages/airflow/example_dags/example_sensors.py took 0.099 seconds
[2026-08-04T08:37:00.372+0000] {processor.py:186} INFO - Started process (PID=2074) to work on /home/airflow/.local/lib/python3.12/site-packages/airflow/example_dags/example_sensors.py
[2026-08-04T08:37:00.374+0000] {processor.py:914} INFO - Processing file /home/airflow/.local/lib/python3.12/site-packages/airflow/example_dags/example_sensors.py for tasks to queue
[2026-08-04T08:37:00.379+0000] {logging_mixin.py:190} INFO - [2026-08-04T08:37:00.378+0000] {dagbag.py:588} INFO - Filling up the DagBag from /home/airflow/.local/lib/python3.12/site-packages/airflow/example_dags/example_sensors.py
[2026-08-04T08:37:00.392+0000] {processor.py:925} INFO - DAG(s) 'example_sensors' retrieved from /home/airflow/.local/lib/python3.12/site-packages/airflow/example_dags/example_sensors.py
[2026-08-04T08:37:00.425+0000] {logging_mixin.py:190} INFO - [2026-08-04T08:37:00.425+0000] {dag.py:3239} INFO - Sync 1 DAGs
[2026-08-04T08:37:00.441+0000] {logging_mixin.py:190} INFO - [2026-08-04T08:37:00.441+0000] {dag.py:4180} INFO - Setting next_dagrun for example_sensors to None, run_after=None
[2026-08-04T08:37:00.465+0000] {processor.py:208} INFO - Processing /home/airflow/.local/lib/python3.12/site-packages/airflow/example_dags/example_sensors.py took 0.101 seconds
[2026-08-04T08:37:31.190+0000] {processor.py:186} INFO - Started process (PID=2139) to work on /home/airflow/.local/lib/python3.12/site-packages/airflow/example_dags/example_sensors.py
[2026-08-04T08:37:31.192+0000] {processor.py:914} INFO - Processing file /home/airflow/.local/lib/python3.12/site-packages/airflow/example_dags/example_sensors.py for tasks to queue
[2026-08-04T08:37:31.194+0000] {logging_mixin.py:190} INFO - [2026-08-04T08:37:31.194+0000] {dagbag.py:588} INFO - Filling up the DagBag from /home/airflow/.local/lib/python3.12/site-packages/airflow/example_dags/example_sensors.py
[2026-08-04T08:37:31.206+0000] {processor.py:925} INFO - DAG(s) 'example_sensors' retrieved from /home/airflow/.local/lib/python3.12/site-packages/airflow/example_dags/example_sensors.py
[2026-08-04T08:37:31.231+0000] {logging_mixin.py:190} INFO - [2026-08-04T08:37:31.231+0000] {dag.py:3239} INFO - Sync 1 DAGs
[2026-08-04T08:37:31.245+0000] {logging_mixin.py:190} INFO - [2026-08-04T08:37:31.245+0000] {dag.py:4180} INFO - Setting next_dagrun for example_sensors to None, run_after=None
[2026-08-04T08:37:31.265+0000] {processor.py:208} INFO - Processing /home/airflow/.local/lib/python3.12/site-packages/airflow/example_dags/example_sensors.py took 0.081 seconds
[2026-08-04T08:38:01.868+0000] {processor.py:186} INFO - Started process (PID=2204) to work on /home/airflow/.local/lib/python3.12/site-packages/airflow/example_dags/example_sensors.py
[2026-08-04T08:38:01.869+0000] {processor.py:914} INFO - Processing file /home/airflow/.local/lib/python3.12/site-packages/airflow/example_dags/example_sensors.py for tasks to queue
[2026-08-04T08:38:01.872+0000] {logging_mixin.py:190} INFO - [2026-08-04T08:38:01.872+0000] {dagbag.py:588} INFO - Filling up the DagBag from /home/airflow/.local/lib/python3.12/site-packages/airflow/example_dags/example_sensors.py
[2026-08-04T08:38:01.883+0000] {processor.py:925} INFO - DAG(s) 'example_sensors' retrieved from /home/airflow/.local/lib/python3.12/site-packages/airflow/example_dags/example_sensors.py
[2026-08-04T08:38:01.905+0000] {logging_mixin.py:190} INFO - [2026-08-04T08:38:01.905+0000] {dag.py:3239} INFO - Sync 1 DAGs
[2026-08-04T08:38:01.919+0000] {logging_mixin.py:190} INFO - [2026-08-04T08:38:01.919+0000] {dag.py:4180} INFO - Setting next_dagrun for example_sensors to None, run_after=None
[2026-08-04T08:38:01.937+0000] {processor.py:208} INFO - Processing /home/airflow/.local/lib/python3.12/site-packages/airflow/example_dags/example_sensors.py took 0.076 seconds
[2026-08-04T08:38:33.086+0000] {processor.py:186} INFO - Started process (PID=2269) to work on /home/airflow/.local/lib/python3.12/site-packages/airflow/example_dags/example_sensors.py
[2026-08-04T08:38:33.088+0000] {processor.py:914} INFO - Processing file /home/airflow/.local/lib/python3.12/site-packages/airflow/example_dags/example_sensors.py for tasks to queue
[2026-08-04T08:38:33.092+0000] {logging_mixin.py:190} INFO - [2026-08-04T08:38:33.092+0000] {dagbag.py:588} INFO - Filling up the DagBag from /home/airflow/.local/lib/python3.12/site-packages/airflow/example_dags/example_sensors.py
[2026-08-04T08:38:33.106+0000] {processor.py:925} INFO - DAG(s) 'example_sensors' retrieved from /home/airflow/.local/lib/python3.12/site-packages/airflow/example_dags/example_sensors.py
[2026-08-04T08:38:33.133+0000] {logging_mixin.py:190} INFO - [2026-08-04T08:38:33.133+0000] {dag.py:3239} INFO - Sync 1 DAGs
[2026-08-04T08:38:33.149+0000] {logging_mixin.py:190} INFO - [2026-08-04T08:38:33.149+0000] {dag.py:4180} INFO - Setting next_dagrun for example_sensors to None, run_after=None
[2026-08-04T08:38:33.170+0000] {processor.py:208} INFO - Processing /home/airflow/.local/lib/python3.12/site-packages/airflow/example_dags/example_sensors.py took 0.093 seconds
[2026-08-04T08:39:04.138+0000] {processor.py:186} INFO - Started process (PID=2333) to work on /home/airflow/.local/lib/python3.12/site-packages/airflow/example_dags/example_sensors.py
[2026-08-04T08:39:04.139+0000] {processor.py:914} INFO - Processing file /home/airflow/.local/lib/python3.12/site-packages/airflow/example_dags/example_sensors.py for tasks to queue
[2026-08-04T08:39:04.142+0000] {logging_mixin.py:190} INFO - [2026-08-04T08:39:04.142+0000] {dagbag.py:588} INFO - Filling up the DagBag from /home/airflow/.local/lib/python3.12/site-packages/airflow/example_dags/example_sensors.py
[2026-08-04T08:39:04.154+0000] {processor.py:925} INFO - DAG(s) 'example_sensors' retrieved from /home/airflow/.local/lib/python3.12/site-packages/airflow/example_dags/example_sensors.py
[2026-08-04T08:39:04.181+0000] {logging_mixin.py:190} INFO - [2026-08-04T08:39:04.181+0000] {dag.py:3239} INFO - Sync 1 DAGs
[2026-08-04T08:39:04.198+0000] {logging_mixin.py:190} INFO - [2026-08-04T08:39:04.197+0000] {dag.py:4180} INFO - Setting next_dagrun for example_sensors to None, run_after=None
[2026-08-04T08:39:04.218+0000] {processor.py:208} INFO - Processing /home/airflow/.local/lib/python3.12/site-packages/airflow/example_dags/example_sensors.py took 0.087 seconds
[2026-08-04T08:39:35.265+0000] {processor.py:186} INFO - Started process (PID=2398) to work on /home/airflow/.local/lib/python3.12/site-packages/airflow/example_dags/example_sensors.py
[2026-08-04T08:39:35.267+0000] {processor.py:914} INFO - Processing file /home/airflow/.local/lib/python3.12/site-packages/airflow/example_dags/example_sensors.py for tasks to queue
[2026-08-04T08:39:35.270+0000] {logging_mixin.py:190} INFO - [2026-08-04T08:39:35.269+0000] {dagbag.py:588} INFO - Filling up the DagBag from /home/airflow/.local/lib/python3.12/site-packages/airflow/example_dags/example_sensors.py
[2026-08-04T08:39:35.281+0000] {processor.py:925} INFO - DAG(s) 'example_sensors' retrieved from /home/airflow/.local/lib/python3.12/site-packages/airflow/example_dags/example_sensors.py
[2026-08-04T08:39:35.307+0000] {logging_mixin.py:190} INFO - [2026-08-04T08:39:35.306+0000] {dag.py:3239} INFO - Sync 1 DAGs
[2026-08-04T08:39:35.322+0000] {logging_mixin.py:190} INFO - [2026-08-04T08:39:35.322+0000] {dag.py:4180} INFO - Setting next_dagrun for example_sensors to None, run_after=None
[2026-08-04T08:39:35.351+0000] {processor.py:208} INFO - Processing /home/airflow/.local/lib/python3.12/site-packages/airflow/example_dags/example_sensors.py took 0.091 seconds
[2026-08-04T08:40:06.247+0000] {processor.py:186} INFO - Started process (PID=2462) to work on /home/airflow/.local/lib/python3.12/site-packages/airflow/example_dags/example_sensors.py
[2026-08-04T08:40:06.248+0000] {processor.py:914} INFO - Processing file /home/airflow/.local/lib/python3.12/site-packages/airflow/example_dags/example_sensors.py for tasks to queue
[2026-08-04T08:40:06.252+0000] {logging_mixin.py:190} INFO - [2026-08-04T08:40:06.251+0000] {dagbag.py:588} INFO - Filling up the DagBag from /home/airflow/.local/lib/python3.12/site-packages/airflow/example_dags/example_sensors.py
[2026-08-04T08:40:06.266+0000] {processor.py:925} INFO - DAG(s) 'example_sensors' retrieved from /home/airflow/.local/lib/python3.12/site-packages/airflow/example_dags/example_sensors.py
[2026-08-04T08:40:06.293+0000] {logging_mixin.py:190} INFO - [2026-08-04T08:40:06.292+0000] {dag.py:3239} INFO - Sync 1 DAGs
[2026-08-04T08:40:06.311+0000] {logging_mixin.py:190} INFO - [2026-08-04T08:40:06.311+0000] {dag.py:4180} INFO - Setting next_dagrun for example_sensors to None, run_after=None
[2026-08-04T08:40:06.335+0000] {processor.py:208} INFO - Processing /home/airflow/.local/lib/python3.12/site-packages/airflow/example_dags/example_sensors.py took 0.094 seconds
[2026-08-04T08:40:36.627+0000] {processor.py:186} INFO - Started process (PID=2520) to work on /home/airflow/.local/lib/python3.12/site-packages/airflow/example_dags/example_sensors.py
[2026-08-04T08:40:36.628+0000] {processor.py:914} INFO - Processing file /home/airflow/.local/lib/python3.12/site-packages/airflow/example_dags/example_sensors.py for tasks to queue
[2026-08-04T08:40:36.632+0000] {logging_mixin.py:190} INFO - [2026-08-04T08:40:36.632+0000] {dagbag.py:588} INFO - Filling up the DagBag from /home/airflow/.local/lib/python3.12/site-packages/airflow/example_dags/example_sensors.py
[2026-08-04T08:40:36.647+0000] {processor.py:925} INFO - DAG(s) 'example_sensors' retrieved from /home/airflow/.local/lib/python3.12/site-packages/airflow/example_dags/example_sensors.py
[2026-08-04T08:40:36.673+0000] {logging_mixin.py:190} INFO - [2026-08-04T08:40:36.672+0000] {dag.py:3239} INFO - Sync 1 DAGs
[2026-08-04T08:40:36.690+0000] {logging_mixin.py:190} INFO - [2026-08-04T08:40:36.690+0000] {dag.py:4180} INFO - Setting next_dagrun for example_sensors to None, run_after=None
[2026-08-04T08:40:36.710+0000] {processor.py:208} INFO - Processing /home/airflow/.local/lib/python3.12/site-packages/airflow/example_dags/example_sensors.py took 0.092 seconds
[2026-08-04T08:41:06.999+0000] {processor.py:186} INFO - Started process (PID=2578) to work on /home/airflow/.local/lib/python3.12/site-packages/airflow/example_dags/example_sensors.py
[2026-08-04T08:41:07.000+0000] {processor.py:914} INFO - Processing file /home/airflow/.local/lib/python3.12/site-packages/airflow/example_dags/example_sensors.py for tasks to queue
[2026-08-04T08:41:07.003+0000] {logging_mixin.py:190} INFO - [2026-08-04T08:41:07.002+0000] {dagbag.py:588} INFO - Filling up the DagBag from /home/airflow/.local/lib/python3.12/site-packages/airflow/example_dags/example_sensors.py
[2026-08-04T08:41:07.015+0000] {processor.py:925} INFO - DAG(s) 'example_sensors' retrieved from /home/airflow/.local/lib/python3.12/site-packages/airflow/example_dags/example_sensors.py
[2026-08-04T08:41:07.042+0000] {logging_mixin.py:190} INFO - [2026-08-04T08:41:07.042+0000] {dag.py:3239} INFO - Sync 1 DAGs
[2026-08-04T08:41:07.058+0000] {logging_mixin.py:190} INFO - [2026-08-04T08:41:07.058+0000] {dag.py:4180} INFO - Setting next_dagrun for example_sensors to None, run_after=None
[2026-08-04T08:41:07.079+0000] {processor.py:208} INFO - Processing /home/airflow/.local/lib/python3.12/site-packages/airflow/example_dags/example_sensors.py took 0.087 seconds
[2026-08-04T08:41:37.754+0000] {processor.py:186} INFO - Started process (PID=2640) to work on /home/airflow/.local/lib/python3.12/site-packages/airflow/example_dags/example_sensors.py
[2026-08-04T08:41:37.755+0000] {processor.py:914} INFO - Processing file /home/airflow/.local/lib/python3.12/site-packages/airflow/example_dags/example_sensors.py for tasks to queue
[2026-08-04T08:41:37.758+0000] {logging_mixin.py:190} INFO - [2026-08-04T08:41:37.758+0000] {dagbag.py:588} INFO - Filling up the DagBag from /home/airflow/.local/lib/python3.12/site-packages/airflow/example_dags/example_sensors.py
[2026-08-04T08:41:37.770+0000] {processor.py:925} INFO - DAG(s) 'example_sensors' retrieved from /home/airflow/.local/lib/python3.12/site-packages/airflow/example_dags/example_sensors.py
[2026-08-04T08:41:37.797+0000] {logging_mixin.py:190} INFO - [2026-08-04T08:41:37.797+0000] {dag.py:3239} INFO - Sync 1 DAGs
[2026-08-04T08:41:37.813+0000] {logging_mixin.py:190} INFO - [2026-08-04T08:41:37.813+0000] {dag.py:4180} INFO - Setting next_dagrun for example_sensors to None, run_after=None
[2026-08-04T08:41:37.833+0000] {processor.py:208} INFO - Processing /home/airflow/.local/lib/python3.12/site-packages/airflow/example_dags/example_sensors.py took 0.085 seconds
