[2026-08-04T07:47:12.684+0000] {processor.py:186} INFO - Started process (PID=93) to work on /home/airflow/.local/lib/python3.12/site-packages/airflow/example_dags/example_subdag_operator.py
[2026-08-04T07:47:12.686+0000] {processor.py:914} INFO - Processing file /home/airflow/.local/lib/python3.12/site-packages/airflow/example_dags/example_subdag_operator.py for tasks to queue
[2026-08-04T07:47:12.691+0000] {logging_mixin.py:190} INFO - [2026-08-04T07:47:12.690+0000] {dagbag.py:588} INFO - Filling up the DagBag from /home/airflow/.local/lib/python3.12/site-packages/airflow/example_dags/example_subdag_operator.py
[2026-08-04T07:47:12.730+0000] {processor.py:925} INFO - DAG(s) 'example_subdag_operator.section-1', 'example_subdag_operator.section-2', 'example_subdag_operator' retrieved from /home/airflow/.local/lib/python3.12/site-packages/airflow/example_dags/example_subdag_operator.py
[2026-08-04T07:47:12.753+0000] {logging_mixin.py:190} INFO - [2026-08-04T07:47:12.753+0000] {dag.py:3239} INFO - Sync 3 DAGs
[2026-08-04T07:47:12.787+0000] {logging_mixin.py:190} INFO - [2026-08-04T07:47:12.787+0000] {dag.py:4180} INFO - Setting next_dagrun for example_subdag_operator to 2022-01-01 00:00:00+00:00, run_after=2022-01-01 00:00:00+00:00
[2026-08-04T07:47:12.793+0000] {logging_mixin.py:190} INFO - [2026-08-04T07:47:12.792+0000] {dag.py:4180} INFO - Setting next_dagrun for example_subdag_operator.section-1 to None, run_after=None
[2026-08-04T07:47:12.795+0000] {logging_mixin.py:190} INFO - [2026-08-04T07:47:12.795+0000] {dag.py:4180} INFO - Setting next_dagrun for example_subdag_operator.section-2 to None, run_after=None
[2026-08-04T07:47:12.806+0000] {logging_mixin.py:190} INFO - [2026-08-04T07:47:12.805+0000] {dag.py:3239} INFO - Sync 2 DAGs
[2026-08-04T07:47:12.813+0000] {logging_mixin.py:190} INFO - [2026-08-04T07:47:12.813+0000] {dag.py:4180} INFO - Setting next_dagrun for example_subdag_operator.section-1 to None, run_after=None
[2026-08-04T07:47:12.814+0000] {logging_mixin.py:190} INFO - [2026-08-04T07:47:12.814+0000] {dag.py:4180} INFO - Setting next_dagrun for example_subdag_operator.section-2 to None, run_after=None
[2026-08-04T07:47:12.837+0000] {processor.py:208} INFO - Processing /home/airflow/.local/lib/python3.12/site-packages/airflow/example_dags/example_subdag_operator.py took 0.162 seconds
[2026-08-04T08:21:18.910+0000] {processor.py:186} INFO - Started process (PID=93) to work on /home/airflow/.local/lib/python3.12/site-packages/airflow/example_dags/example_subdag_operator.py
[2026-08-04T08:21:18.912+0000] {processor.py:914} INFO - Processing file /home/airflow/.local/lib/python3.12/site-packages/airflow/example_dags/example_subdag_operator.py for tasks to queue
[2026-08-04T08:21:18.915+0000] {logging_mixin.py:190} INFO - [2026-08-04T08:21:18.915+0000] {dagbag.py:588} INFO - Filling up the DagBag from /home/airflow/.local/lib/python3.12/site-packages/airflow/example_dags/example_subdag_operator.py
[2026-08-04T08:21:18.947+0000] {processor.py:925} INFO - DAG(s) 'example_subdag_operator.section-1', 'example_subdag_operator.section-2', 'example_subdag_operator' retrieved from /home/airflow/.local/lib/python3.12/site-packages/airflow/example_dags/example_subdag_operator.py
[2026-08-04T08:21:18.968+0000] {logging_mixin.py:190} INFO - [2026-08-04T08:21:18.968+0000] {dag.py:3239} INFO - Sync 3 DAGs
[2026-08-04T08:21:18.995+0000] {logging_mixin.py:190} INFO - [2026-08-04T08:21:18.994+0000] {dag.py:4180} INFO - Setting next_dagrun for example_subdag_operator to 2022-01-01 00:00:00+00:00, run_after=2022-01-01 00:00:00+00:00
[2026-08-04T08:21:18.999+0000] {logging_mixin.py:190} INFO - [2026-08-04T08:21:18.999+0000] {dag.py:4180} INFO - Setting next_dagrun for example_subdag_operator.section-1 to None, run_after=None
[2026-08-04T08:21:19.002+0000] {logging_mixin.py:190} INFO - [2026-08-04T08:21:19.002+0000] {dag.py:4180} INFO - Setting next_dagrun for example_subdag_operator.section-2 to None, run_after=None
[2026-08-04T08:21:19.011+0000] {logging_mixin.py:190} INFO - [2026-08-04T08:21:19.011+0000] {dag.py:3239} INFO - Sync 2 DAGs
[2026-08-04T08:21:19.018+0000] {logging_mixin.py:190} INFO - [2026-08-04T08:21:19.017+0000] {dag.py:4180} INFO - Setting next_dagrun for example_subdag_operator.section-1 to None, run_after=None
[2026-08-04T08:21:19.019+0000] {logging_mixin.py:190} INFO - [2026-08-04T08:21:19.019+0000] {dag.py:4180} INFO - Setting next_dagrun for example_subdag_operator.section-2 to None, run_after=None
[2026-08-04T08:21:19.034+0000] {processor.py:208} INFO - Processing /home/airflow/.local/lib/python3.12/site-packages/airflow/example_dags/example_subdag_operator.py took 0.129 seconds
[2026-08-04T08:21:50.567+0000] {processor.py:186} INFO - Started process (PID=158) to work on /home/airflow/.local/lib/python3.12/site-packages/airflow/example_dags/example_subdag_operator.py
[2026-08-04T08:21:50.569+0000] {processor.py:914} INFO - Processing file /home/airflow/.local/lib/python3.12/site-packages/airflow/example_dags/example_subdag_operator.py for tasks to queue
[2026-08-04T08:21:50.573+0000] {logging_mixin.py:190} INFO - [2026-08-04T08:21:50.572+0000] {dagbag.py:588} INFO - Filling up the DagBag from /home/airflow/.local/lib/python3.12/site-packages/airflow/example_dags/example_subdag_operator.py
[2026-08-04T08:21:50.599+0000] {processor.py:925} INFO - DAG(s) 'example_subdag_operator.section-1', 'example_subdag_operator.section-2', 'example_subdag_operator' retrieved from /home/airflow/.local/lib/python3.12/site-packages/airflow/example_dags/example_subdag_operator.py
[2026-08-04T08:21:50.617+0000] {logging_mixin.py:190} INFO - [2026-08-04T08:21:50.616+0000] {dag.py:3239} INFO - Sync 3 DAGs
[2026-08-04T08:21:50.642+0000] {logging_mixin.py:190} INFO - [2026-08-04T08:21:50.642+0000] {dag.py:4180} INFO - Setting next_dagrun for example_subdag_operator to 2022-01-01 00:00:00+00:00, run_after=2022-01-01 00:00:00+00:00
[2026-08-04T08:21:50.647+0000] {logging_mixin.py:190} INFO - [2026-08-04T08:21:50.647+0000] {dag.py:4180} INFO - Setting next_dagrun for example_subdag_operator.section-1 to None, run_after=None
[2026-08-04T08:21:50.649+0000] {logging_mixin.py:190} INFO - [2026-08-04T08:21:50.649+0000] {dag.py:4180} INFO - Setting next_dagrun for example_subdag_operator.section-2 to None, run_after=None
[2026-08-04T08:21:50.658+0000] {logging_mixin.py:190} INFO - [2026-08-04T08:21:50.657+0000] {dag.py:3239} INFO - Sync 2 DAGs
[2026-08-04T08:21:50.664+0000] {logging_mixin.py:190} INFO - [2026-08-04T08:21:50.664+0000] {dag.py:4180} INFO - Setting next_dagrun for example_subdag_operator.section-1 to None, run_after=None
[2026-08-04T08:21:50.665+0000] {logging_mixin.py:190} INFO - [2026-08-04T08:21:50.665+0000] {dag.py:4180} INFO - Setting next_dagrun for example_subdag_operator.section-2 to None, run_after=None
[2026-08-04T08:21:50.680+0000] {processor.py:208} INFO - Processing /home/airflow/.local/lib/python3.12/site-packages/airflow/example_dags/example_subdag_operator.py took 0.121 seconds
[2026-08-04T08:22:21.739+0000] {processor.py:186} INFO - Started process (PID=223) to work on /home/airflow/.local/lib/python3.12/site-packages/airflow/example_dags/example_subdag_operator.py
[2026-08-04T08:22:21.741+0000] {processor.py:914} INFO - Processing file /home/airflow/.local/lib/python3.12/site-packages/airflow/example_dags/example_subdag_operator.py for tasks to queue
[2026-08-04T08:22:21.745+0000] {logging_mixin.py:190} INFO - [2026-08-04T08:22:21.745+0000] {dagbag.py:588} INFO - Filling up the DagBag from /home/airflow/.local/lib/python3.12/site-packages/airflow/example_dags/example_subdag_operator.py
[2026-08-04T08:22:21.776+0000] {processor.py:925} INFO - DAG(s) 'example_subdag_operator.section-1', 'example_subdag_operator.section-2', 'example_subdag_operator' retrieved from /home/airflow/.local/lib/python3.12/site-packages/airflow/example_dags/example_subdag_operator.py
[2026-08-04T08:22:21.793+0000] {logging_mixin.py:190} INFO - [2026-08-04T08:22:21.793+0000] {dag.py:3239} INFO - Sync 3 DAGs
[2026-08-04T08:22:21.819+0000] {logging_mixin.py:190} INFO - [2026-08-04T08:22:21.819+0000] {dag.py:4180} INFO - Setting next_dagrun for example_subdag_operator to 2022-01-01 00:00:00+00:00, run_after=2022-01-01 00:00:00+00:00
[2026-08-04T08:22:21.823+0000] {logging_mixin.py:190} INFO - [2026-08-04T08:22:21.823+0000] {dag.py:4180} INFO - Setting next_dagrun for example_subdag_operator.section-1 to None, run_after=None
[2026-08-04T08:22:21.826+0000] {logging_mixin.py:190} INFO - [2026-08-04T08:22:21.825+0000] {dag.py:4180} INFO - Setting next_dagrun for example_subdag_operator.section-2 to None, run_after=None
[2026-08-04T08:22:21.834+0000] {logging_mixin.py:190} INFO - [2026-08-04T08:22:21.834+0000] {dag.py:3239} INFO - Sync 2 DAGs
[2026-08-04T08:22:21.840+0000] {logging_mixin.py:190} INFO - [2026-08-04T08:22:21.840+0000] {dag.py:4180} INFO - Setting next_dagrun for example_subdag_operator.section-1 to None, run_after=None
[2026-08-04T08:22:21.841+0000] {logging_mixin.py:190} INFO - [2026-08-04T08:22:21.841+0000] {dag.py:4180} INFO - Setting next_dagrun for example_subdag_operator.section-2 to None, run_after=None
[2026-08-04T08:22:21.853+0000] {processor.py:208} INFO - Processing /home/airflow/.local/lib/python3.12/site-packages/airflow/example_dags/example_subdag_operator.py took 0.123 seconds
[2026-08-04T08:22:52.719+0000] {processor.py:186} INFO - Started process (PID=288) to work on /home/airflow/.local/lib/python3.12/site-packages/airflow/example_dags/example_subdag_operator.py
[2026-08-04T08:22:52.720+0000] {processor.py:914} INFO - Processing file /home/airflow/.local/lib/python3.12/site-packages/airflow/example_dags/example_subdag_operator.py for tasks to queue
[2026-08-04T08:22:52.722+0000] {logging_mixin.py:190} INFO - [2026-08-04T08:22:52.722+0000] {dagbag.py:588} INFO - Filling up the DagBag from /home/airflow/.local/lib/python3.12/site-packages/airflow/example_dags/example_subdag_operator.py
[2026-08-04T08:22:52.750+0000] {processor.py:925} INFO - DAG(s) 'example_subdag_operator.section-1', 'example_subdag_operator.section-2', 'example_subdag_operator' retrieved from /home/airflow/.local/lib/python3.12/site-packages/airflow/example_dags/example_subdag_operator.py
[2026-08-04T08:22:52.766+0000] {logging_mixin.py:190} INFO - [2026-08-04T08:22:52.765+0000] {dag.py:3239} INFO - Sync 3 DAGs
[2026-08-04T08:22:52.790+0000] {logging_mixin.py:190} INFO - [2026-08-04T08:22:52.790+0000] {dag.py:4180} INFO - Setting next_dagrun for example_subdag_operator to 2022-01-01 00:00:00+00:00, run_after=2022-01-01 00:00:00+00:00
[2026-08-04T08:22:52.795+0000] {logging_mixin.py:190} INFO - [2026-08-04T08:22:52.795+0000] {dag.py:4180} INFO - Setting next_dagrun for example_subdag_operator.section-1 to None, run_after=None
[2026-08-04T08:22:52.797+0000] {logging_mixin.py:190} INFO - [2026-08-04T08:22:52.797+0000] {dag.py:4180} INFO - Setting next_dagrun for example_subdag_operator.section-2 to None, run_after=None
[2026-08-04T08:22:52.805+0000] {logging_mixin.py:190} INFO - [2026-08-04T08:22:52.805+0000] {dag.py:3239} INFO - Sync 2 DAGs
[2026-08-04T08:22:52.811+0000] {logging_mixin.py:190} INFO - [2026-08-04T08:22:52.811+0000] {dag.py:4180} INFO - Setting next_dagrun for example_subdag_operator.section-1 to None, run_after=None
[2026-08-04T08:22:52.812+0000] {logging_mixin.py:190} INFO - [2026-08-04T08:22:52.812+0000] {dag.py:4180} INFO - Setting next_dagrun for example_subdag_operator.section-2 to None, run_after=None
[2026-08-04T08:22:52.824+0000] {processor.py:208} INFO - Processing /home/airflow/.local/lib/python3.12/site-packages/airflow/example_dags/example_subdag_operator.py took 0.111 seconds
[2026-08-04T08:23:24.563+0000] {processor.py:186} INFO - Started process (PID=353) to work on /home/airflow/.local/lib/python3.12/site-packages/airflow/example_dags/example_subdag_operator.py
[2026-08-04T08:23:24.564+0000] {processor.py:914} INFO - Processing file /home/airflow/.local/lib/python3.12/site-packages/airflow/example_dags/example_subdag_operator.py for tasks to queue
[2026-08-04T08:23:24.569+0000] {logging_mixin.py:190} INFO - [2026-08-04T08:23:24.568+0000] {dagbag.py:588} INFO - Filling up the DagBag from /home/airflow/.local/lib/python3.12/site-packages/airflow/example_dags/example_subdag_operator.py
[2026-08-04T08:23:24.598+0000] {processor.py:925} INFO - DAG(s) 'example_subdag_operator.section-1', 'example_subdag_operator.section-2', 'example_subdag_operator' retrieved from /home/airflow/.local/lib/python3.12/site-packages/airflow/example_dags/example_subdag_operator.py
[2026-08-04T08:23:24.616+0000] {logging_mixin.py:190} INFO - [2026-08-04T08:23:24.615+0000] {dag.py:3239} INFO - Sync 3 DAGs
[2026-08-04T08:23:24.641+0000] {logging_mixin.py:190} INFO - [2026-08-04T08:23:24.641+0000] {dag.py:4180} INFO - Setting next_dagrun for example_subdag_operator to 2022-01-01 00:00:00+00:00, run_after=2022-01-01 00:00:00+00:00
[2026-08-04T08:23:24.647+0000] {logging_mixin.py:190} INFO - [2026-08-04T08:23:24.646+0000] {dag.py:4180} INFO - Setting next_dagrun for example_subdag_operator.section-1 to None, run_after=None
[2026-08-04T08:23:24.649+0000] {logging_mixin.py:190} INFO - [2026-08-04T08:23:24.649+0000] {dag.py:4180} INFO - Setting next_dagrun for example_subdag_operator.section-2 to None, run_after=None
[2026-08-04T08:23:24.657+0000] {logging_mixin.py:190} INFO - [2026-08-04T08:23:24.657+0000] {dag.py:3239} INFO - Sync 2 DAGs
[2026-08-04T08:23:24.664+0000] {logging_mixin.py:190} INFO - [2026-08-04T08:23:24.664+0000] {dag.py:4180} INFO - Setting next_dagrun for example_subdag_operator.section-1 to None, run_after=None
[2026-08-04T08:23:24.665+0000] {logging_mixin.py:190} INFO - [2026-08-04T08:23:24.665+0000] {dag.py:4180} INFO - Setting next_dagrun for example_subdag_operator.section-2 to None, run_after=None
[2026-08-04T08:23:24.678+0000] {processor.py:208} INFO - Processing /home/airflow/.local/lib/python3.12/site-packages/airflow/example_dags/example_subdag_operator.py took 0.122 seconds
[2026-08-04T08:23:55.937+0000] {processor.py:186} INFO - Started process (PID=418) to work on /home/airflow/.local/lib/python3.12/site-packages/airflow/example_dags/example_subdag_operator.py
[2026-08-04T08:23:55.938+0000] {processor.py:914} INFO - Processing file /home/airflow/.local/lib/python3.12/site-packages/airflow/example_dags/example_subdag_operator.py for tasks to queue
[2026-08-04T08:23:55.943+0000] {logging_mixin.py:190} INFO - [2026-08-04T08:23:55.942+0000] {dagbag.py:588} INFO - Filling up the DagBag from /home/airflow/.local/lib/python3.12/site-packages/airflow/example_dags/example_subdag_operator.py
[2026-08-04T08:23:55.970+0000] {processor.py:925} INFO - DAG(s) 'example_subdag_operator.section-1', 'example_subdag_operator.section-2', 'example_subdag_operator' retrieved from /home/airflow/.local/lib/python3.12/site-packages/airflow/example_dags/example_subdag_operator.py
[2026-08-04T08:23:55.991+0000] {logging_mixin.py:190} INFO - [2026-08-04T08:23:55.990+0000] {dag.py:3239} INFO - Sync 3 DAGs
[2026-08-04T08:23:56.020+0000] {logging_mixin.py:190} INFO - [2026-08-04T08:23:56.020+0000] {dag.py:4180} INFO - Setting next_dagrun for example_subdag_operator to 2022-01-01 00:00:00+00:00, run_after=2022-01-01 00:00:00+00:00
[2026-08-04T08:23:56.025+0000] {logging_mixin.py:190} INFO - [2026-08-04T08:23:56.025+0000] {dag.py:4180} INFO - Setting next_dagrun for example_subdag_operator.section-1 to None, run_after=None
[2026-08-04T08:23:56.027+0000] {logging_mixin.py:190} INFO - [2026-08-04T08:23:56.027+0000] {dag.py:4180} INFO - Setting next_dagrun for example_subdag_operator.section-2 to None, run_after=None
[2026-08-04T08:23:56.036+0000] {logging_mixin.py:190} INFO - [2026-08-04T08:23:56.036+0000] {dag.py:3239} INFO - Sync 2 DAGs
[2026-08-04T08:23:56.044+0000] {logging_mixin.py:190} INFO - [2026-08-04T08:23:56.043+0000] {dag.py:4180} INFO - Setting next_dagrun for example_subdag_operator.section-1 to None, run_after=None
[2026-08-04T08:23:56.045+0000] {logging_mixin.py:190} INFO - [2026-08-04T08:23:56.044+0000] {dag.py:4180} INFO - Setting next_dagrun for example_subdag_operator.section-2 to None, run_after=None
[2026-08-04T08:23:56.058+0000] {processor.py:208} INFO - Processing /home/airflow/.local/lib/python3.12/site-packages/airflow/example_dags/example_subdag_operator.py took 0.130 seconds
[2026-08-04T08:24:27.386+0000] {processor.py:186} INFO - Started process (PID=483) to work on /home/airflow/.local/lib/python3.12/site-packages/airflow/example_dags/example_subdag_operator.py
[2026-08-04T08:24:27.387+0000] {processor.py:914} INFO - Processing file /home/airflow/.local/lib/python3.12/site-packages/airflow/example_dags/example_subdag_operator.py for tasks to queue
[2026-08-04T08:24:27.390+0000] {logging_mixin.py:190} INFO - [2026-08-04T08:24:27.390+0000] {dagbag.py:588} INFO - Filling up the DagBag from /home/airflow/.local/lib/python3.12/site-packages/airflow/example_dags/example_subdag_operator.py
[2026-08-04T08:24:27.415+0000] {processor.py:925} INFO - DAG(s) 'example_subdag_operator.section-1', 'example_subdag_operator.section-2', 'example_subdag_operator' retrieved from /home/airflow/.local/lib/python3.12/site-packages/airflow/example_dags/example_subdag_operator.py
[2026-08-04T08:24:27.432+0000] {logging_mixin.py:190} INFO - [2026-08-04T08:24:27.431+0000] {dag.py:3239} INFO - Sync 3 DAGs
[2026-08-04T08:24:27.457+0000] {logging_mixin.py:190} INFO - [2026-08-04T08:24:27.457+0000] {dag.py:4180} INFO - Setting next_dagrun for example_subdag_operator to 2022-01-01 00:00:00+00:00, run_after=2022-01-01 00:00:00+00:00
[2026-08-04T08:24:27.462+0000] {logging_mixin.py:190} INFO - [2026-08-04T08:24:27.462+0000] {dag.py:4180} INFO - Setting next_dagrun for example_subdag_operator.section-1 to None, run_after=None
[2026-08-04T08:24:27.464+0000] {logging_mixin.py:190} INFO - [2026-08-04T08:24:27.464+0000] {dag.py:4180} INFO - Setting next_dagrun for example_subdag_operator.section-2 to None, run_after=None
[2026-08-04T08:24:27.472+0000] {logging_mixin.py:190} INFO - [2026-08-04T08:24:27.471+0000] {dag.py:3239} INFO - Sync 2 DAGs
[2026-08-04T08:24:27.478+0000] {logging_mixin.py:190} INFO - [2026-08-04T08:24:27.478+0000] {dag.py:4180} INFO - Setting next_dagrun for example_subdag_operator.section-1 to None, run_after=None
[2026-08-04T08:24:27.479+0000] {logging_mixin.py:190} INFO - [2026-08-04T08:24:27.479+0000] {dag.py:4180} INFO - Setting next_dagrun for example_subdag_operator.section-2 to None, run_after=None
[2026-08-04T08:24:27.492+0000] {processor.py:208} INFO - Processing /home/airflow/.local/lib/python3.12/site-packages/airflow/example_dags/example_subdag_operator.py took 0.111 seconds
[2026-08-04T08:24:58.826+0000] {processor.py:186} INFO - Started process (PID=548) to work on /home/airflow/.local/lib/python3.12/site-packages/airflow/example_dags/example_subdag_operator.py
[2026-08-04T08:24:58.827+0000] {processor.py:914} INFO - Processing file /home/airflow/.local/lib/python3.12/site-packages/airflow/example_dags/example_subdag_operator.py for tasks to queue
[2026-08-04T08:24:58.830+0000] {logging_mixin.py:190} INFO - [2026-08-04T08:24:58.830+0000] {dagbag.py:588} INFO - Filling up the DagBag from /home/airflow/.local/lib/python3.12/site-packages/airflow/example_dags/example_subdag_operator.py
[2026-08-04T08:24:58.860+0000] {processor.py:925} INFO - DAG(s) 'example_subdag_operator.section-1', 'example_subdag_operator.section-2', 'example_subdag_operator' retrieved from /home/airflow/.local/lib/python3.12/site-packages/airflow/example_dags/example_subdag_operator.py
[2026-08-04T08:24:58.879+0000] {logging_mixin.py:190} INFO - [2026-08-04T08:24:58.879+0000] {dag.py:3239} INFO - Sync 3 DAGs
[2026-08-04T08:24:58.907+0000] {logging_mixin.py:190} INFO - [2026-08-04T08:24:58.907+0000] {dag.py:4180} INFO - Setting next_dagrun for example_subdag_operator to 2022-01-01 00:00:00+00:00, run_after=2022-01-01 00:00:00+00:00
[2026-08-04T08:24:58.912+0000] {logging_mixin.py:190} INFO - [2026-08-04T08:24:58.912+0000] {dag.py:4180} INFO - Setting next_dagrun for example_subdag_operator.section-1 to None, run_after=None
[2026-08-04T08:24:58.916+0000] {logging_mixin.py:190} INFO - [2026-08-04T08:24:58.915+0000] {dag.py:4180} INFO - Setting next_dagrun for example_subdag_operator.section-2 to None, run_after=None
[2026-08-04T08:24:58.924+0000] {logging_mixin.py:190} INFO - [2026-08-04T08:24:58.924+0000] {dag.py:3239} INFO - Sync 2 DAGs
[2026-08-04T08:24:58.931+0000] {logging_mixin.py:190} INFO - [2026-08-04T08:24:58.931+0000] {dag.py:4180} INFO - Setting next_dagrun for example_subdag_operator.section-1 to None, run_after=None
[2026-08-04T08:24:58.932+0000] {logging_mixin.py:190} INFO - [2026-08-04T08:24:58.932+0000] {dag.py:4180} INFO - Setting next_dagrun for example_subdag_operator.section-2 to None, run_after=None
[2026-08-04T08:24:58.949+0000] {processor.py:208} INFO - Processing /home/airflow/.local/lib/python3.12/site-packages/airflow/example_dags/example_subdag_operator.py took 0.130 seconds
[2026-08-04T08:25:29.936+0000] {processor.py:186} INFO - Started process (PID=613) to work on /home/airflow/.local/lib/python3.12/site-packages/airflow/example_dags/example_subdag_operator.py
[2026-08-04T08:25:29.937+0000] {processor.py:914} INFO - Processing file /home/airflow/.local/lib/python3.12/site-packages/airflow/example_dags/example_subdag_operator.py for tasks to queue
[2026-08-04T08:25:29.940+0000] {logging_mixin.py:190} INFO - [2026-08-04T08:25:29.940+0000] {dagbag.py:588} INFO - Filling up the DagBag from /home/airflow/.local/lib/python3.12/site-packages/airflow/example_dags/example_subdag_operator.py
[2026-08-04T08:25:29.968+0000] {processor.py:925} INFO - DAG(s) 'example_subdag_operator.section-1', 'example_subdag_operator.section-2', 'example_subdag_operator' retrieved from /home/airflow/.local/lib/python3.12/site-packages/airflow/example_dags/example_subdag_operator.py
[2026-08-04T08:25:29.983+0000] {logging_mixin.py:190} INFO - [2026-08-04T08:25:29.982+0000] {dag.py:3239} INFO - Sync 3 DAGs
[2026-08-04T08:25:30.024+0000] {logging_mixin.py:190} INFO - [2026-08-04T08:25:30.023+0000] {dag.py:4180} INFO - Setting next_dagrun for example_subdag_operator to 2022-01-01 00:00:00+00:00, run_after=2022-01-01 00:00:00+00:00
[2026-08-04T08:25:30.030+0000] {logging_mixin.py:190} INFO - [2026-08-04T08:25:30.030+0000] {dag.py:4180} INFO - Setting next_dagrun for example_subdag_operator.section-1 to None, run_after=None
[2026-08-04T08:25:30.032+0000] {logging_mixin.py:190} INFO - [2026-08-04T08:25:30.032+0000] {dag.py:4180} INFO - Setting next_dagrun for example_subdag_operator.section-2 to None, run_after=None
[2026-08-04T08:25:30.041+0000] {logging_mixin.py:190} INFO - [2026-08-04T08:25:30.041+0000] {dag.py:3239} INFO - Sync 2 DAGs
[2026-08-04T08:25:30.048+0000] {logging_mixin.py:190} INFO - [2026-08-04T08:25:30.048+0000] {dag.py:4180} INFO - Setting next_dagrun for example_subdag_operator.section-1 to None, run_after=None
[2026-08-04T08:25:30.049+0000] {logging_mixin.py:190} INFO - [2026-08-04T08:25:30.049+0000] {dag.py:4180} INFO - Setting next_dagrun for example_subdag_operator.section-2 to None, run_after=None
[2026-08-04T08:25:30.063+0000] {processor.py:208} INFO - Processing /home/airflow/.local/lib/python3.12/site-packages/airflow/example_dags/example_subdag_operator.py took 0.133 seconds
[2026-08-04T08:26:01.293+0000] {processor.py:186} INFO - Started process (PID=679) to work on /home/airflow/.local/lib/python3.12/site-packages/airflow/example_dags/example_subdag_operator.py
[2026-08-04T08:26:01.294+0000] {processor.py:914} INFO - Processing file /home/airflow/.local/lib/python3.12/site-packages/airflow/example_dags/example_subdag_operator.py for tasks to queue
[2026-08-04T08:26:01.297+0000] {logging_mixin.py:190} INFO - [2026-08-04T08:26:01.297+0000] {dagbag.py:588} INFO - Filling up the DagBag from /home/airflow/.local/lib/python3.12/site-packages/airflow/example_dags/example_subdag_operator.py
[2026-08-04T08:26:01.329+0000] {processor.py:925} INFO - DAG(s) 'example_subdag_operator.section-1', 'example_subdag_operator.section-2', 'example_subdag_operator' retrieved from /home/airflow/.local/lib/python3.12/site-packages/airflow/example_dags/example_subdag_operator.py
[2026-08-04T08:26:01.346+0000] {logging_mixin.py:190} INFO - [2026-08-04T08:26:01.345+0000] {dag.py:3239} INFO - Sync 3 DAGs
[2026-08-04T08:26:01.372+0000] {logging_mixin.py:190} INFO - [2026-08-04T08:26:01.372+0000] {dag.py:4180} INFO - Setting next_dagrun for example_subdag_operator to 2022-01-01 00:00:00+00:00, run_after=2022-01-01 00:00:00+00:00
[2026-08-04T08:26:01.376+0000] {logging_mixin.py:190} INFO - [2026-08-04T08:26:01.376+0000] {dag.py:4180} INFO - Setting next_dagrun for example_subdag_operator.section-1 to None, run_after=None
[2026-08-04T08:26:01.378+0000] {logging_mixin.py:190} INFO - [2026-08-04T08:26:01.378+0000] {dag.py:4180} INFO - Setting next_dagrun for example_subdag_operator.section-2 to None, run_after=None
[2026-08-04T08:26:01.387+0000] {logging_mixin.py:190} INFO - [2026-08-04T08:26:01.387+0000] {dag.py:3239} INFO - Sync 2 DAGs
[2026-08-04T08:26:01.393+0000] {logging_mixin.py:190} INFO - [2026-08-04T08:26:01.393+0000] {dag.py:4180} INFO - Setting next_dagrun for example_subdag_operator.section-1 to None, run_after=None
[2026-08-04T08:26:01.394+0000] {logging_mixin.py:190} INFO - [2026-08-04T08:26:01.394+0000] {dag.py:4180} INFO - Setting next_dagrun for example_subdag_operator.section-2 to None, run_after=None
[2026-08-04T08:26:01.408+0000] {processor.py:208} INFO - Processing /home/airflow/.local/lib/python3.12/site-packages/airflow/example_dags/example_subdag_operator.py took 0.123 seconds
[2026-08-04T08:26:32.446+0000] {processor.py:186} INFO - Started process (PID=745) to work on /home/airflow/.local/lib/python3.12/site-packages/airflow/example_dags/example_subdag_operator.py
[2026-08-04T08:26:32.448+0000] {processor.py:914} INFO - Processing file /home/airflow/.local/lib/python3.12/site-packages/airflow/example_dags/example_subdag_operator.py for tasks to queue
[2026-08-04T08:26:32.452+0000] {logging_mixin.py:190} INFO - [2026-08-04T08:26:32.452+0000] {dagbag.py:588} INFO - Filling up the DagBag from /home/airflow/.local/lib/python3.12/site-packages/airflow/example_dags/example_subdag_operator.py
[2026-08-04T08:26:32.481+0000] {processor.py:925} INFO - DAG(s) 'example_subdag_operator.section-1', 'example_subdag_operator.section-2', 'example_subdag_operator' retrieved from /home/airflow/.local/lib/python3.12/site-packages/airflow/example_dags/example_subdag_operator.py
[2026-08-04T08:26:32.497+0000] {logging_mixin.py:190} INFO - [2026-08-04T08:26:32.497+0000] {dag.py:3239} INFO - Sync 3 DAGs
[2026-08-04T08:26:32.525+0000] {logging_mixin.py:190} INFO - [2026-08-04T08:26:32.524+0000] {dag.py:4180} INFO - Setting next_dagrun for example_subdag_operator to 2022-01-01 00:00:00+00:00, run_after=2022-01-01 00:00:00+00:00
[2026-08-04T08:26:32.529+0000] {logging_mixin.py:190} INFO - [2026-08-04T08:26:32.529+0000] {dag.py:4180} INFO - Setting next_dagrun for example_subdag_operator.section-1 to None, run_after=None
[2026-08-04T08:26:32.531+0000] {logging_mixin.py:190} INFO - [2026-08-04T08:26:32.531+0000] {dag.py:4180} INFO - Setting next_dagrun for example_subdag_operator.section-2 to None, run_after=None
[2026-08-04T08:26:32.539+0000] {logging_mixin.py:190} INFO - [2026-08-04T08:26:32.539+0000] {dag.py:3239} INFO - Sync 2 DAGs
[2026-08-04T08:26:32.546+0000] {logging_mixin.py:190} INFO - [2026-08-04T08:26:32.546+0000] {dag.py:4180} INFO - Setting next_dagrun for example_subdag_operator.section-1 to None, run_after=None
[2026-08-04T08:26:32.547+0000] {logging_mixin.py:190} INFO - [2026-08-04T08:26:32.547+0000] {dag.py:4180} INFO - Setting next_dagrun for example_subdag_operator.section-2 to None, run_after=None
[2026-08-04T08:26:32.561+0000] {processor.py:208} INFO - Processing /home/airflow/.local/lib/python3.12/site-packages/airflow/example_dags/example_subdag_operator.py took 0.121 seconds
[2026-08-04T08:27:03.811+0000] {processor.py:186} INFO - Started process (PID=810) to work on /home/airflow/.local/lib/python3.12/site-packages/airflow/example_dags/example_subdag_operator.py
[2026-08-04T08:27:03.812+0000] {processor.py:914} INFO - Processing file /home/airflow/.local/lib/python3.12/site-packages/airflow/example_dags/example_subdag_operator.py for tasks to queue
[2026-08-04T08:27:03.815+0000] {logging_mixin.py:190} INFO - [2026-08-04T08:27:03.815+0000] {dagbag.py:588} INFO - Filling up the DagBag from /home/airflow/.local/lib/python3.12/site-packages/airflow/example_dags/example_subdag_operator.py
[2026-08-04T08:27:03.844+0000] {processor.py:925} INFO - DAG(s) 'example_subdag_operator.section-1', 'example_subdag_operator.section-2', 'example_subdag_operator' retrieved from /home/airflow/.local/lib/python3.12/site-packages/airflow/example_dags/example_subdag_operator.py
[2026-08-04T08:27:03.860+0000] {logging_mixin.py:190} INFO - [2026-08-04T08:27:03.860+0000] {dag.py:3239} INFO - Sync 3 DAGs
[2026-08-04T08:27:03.890+0000] {logging_mixin.py:190} INFO - [2026-08-04T08:27:03.889+0000] {dag.py:4180} INFO - Setting next_dagrun for example_subdag_operator to 2022-01-01 00:00:00+00:00, run_after=2022-01-01 00:00:00+00:00
[2026-08-04T08:27:03.894+0000] {logging_mixin.py:190} INFO - [2026-08-04T08:27:03.894+0000] {dag.py:4180} INFO - Setting next_dagrun for example_subdag_operator.section-1 to None, run_after=None
[2026-08-04T08:27:03.896+0000] {logging_mixin.py:190} INFO - [2026-08-04T08:27:03.896+0000] {dag.py:4180} INFO - Setting next_dagrun for example_subdag_operator.section-2 to None, run_after=None
[2026-08-04T08:27:03.906+0000] {logging_mixin.py:190} INFO - [2026-08-04T08:27:03.906+0000] {dag.py:3239} INFO - Sync 2 DAGs
[2026-08-04T08:27:03.912+0000] {logging_mixin.py:190} INFO - [2026-08-04T08:27:03.912+0000] {dag.py:4180} INFO - Setting next_dagrun for example_subdag_operator.section-1 to None, run_after=None
[2026-08-04T08:27:03.913+0000] {logging_mixin.py:190} INFO - [2026-08-04T08:27:03.913+0000] {dag.py:4180} INFO - Setting next_dagrun for example_subdag_operator.section-2 to None, run_after=None
[2026-08-04T08:27:03.926+0000] {processor.py:208} INFO - Processing /home/airflow/.local/lib/python3.12/site-packages/airflow/example_dags/example_subdag_operator.py took 0.122 seconds
[2026-08-04T08:27:35.044+0000] {processor.py:186} INFO - Started process (PID=875) to work on /home/airflow/.local/lib/python3.12/site-packages/airflow/example_dags/example_subdag_operator.py
[2026-08-04T08:27:35.046+0000] {processor.py:914} INFO - Processing file /home/airflow/.local/lib/python3.12/site-packages/airflow/example_dags/example_subdag_operator.py for tasks to queue
[2026-08-04T08:27:35.050+0000] {logging_mixin.py:190} INFO - [2026-08-04T08:27:35.049+0000] {dagbag.py:588} INFO - Filling up the DagBag from /home/airflow/.local/lib/python3.12/site-packages/airflow/example_dags/example_subdag_operator.py
[2026-08-04T08:27:35.082+0000] {processor.py:925} INFO - DAG(s) 'example_subdag_operator.section-1', 'example_subdag_operator.section-2', 'example_subdag_operator' retrieved from /home/airflow/.local/lib/python3.12/site-packages/airflow/example_dags/example_subdag_operator.py
[2026-08-04T08:27:35.100+0000] {logging_mixin.py:190} INFO - [2026-08-04T08:27:35.100+0000] {dag.py:3239} INFO - Sync 3 DAGs
[2026-08-04T08:27:35.128+0000] {logging_mixin.py:190} INFO - [2026-08-04T08:27:35.128+0000] {dag.py:4180} INFO - Setting next_dagrun for example_subdag_operator to 2022-01-01 00:00:00+00:00, run_after=2022-01-01 00:00:00+00:00
[2026-08-04T08:27:35.133+0000] {logging_mixin.py:190} INFO - [2026-08-04T08:27:35.132+0000] {dag.py:4180} INFO - Setting next_dagrun for example_subdag_operator.section-1 to None, run_after=None
[2026-08-04T08:27:35.135+0000] {logging_mixin.py:190} INFO - [2026-08-04T08:27:35.135+0000] {dag.py:4180} INFO - Setting next_dagrun for example_subdag_operator.section-2 to None, run_after=None
[2026-08-04T08:27:35.143+0000] {logging_mixin.py:190} INFO - [2026-08-04T08:27:35.143+0000] {dag.py:3239} INFO - Sync 2 DAGs
[2026-08-04T08:27:35.149+0000] {logging_mixin.py:190} INFO - [2026-08-04T08:27:35.149+0000] {dag.py:4180} INFO - Setting next_dagrun for example_subdag_operator.section-1 to None, run_after=None
[2026-08-04T08:27:35.150+0000] {logging_mixin.py:190} INFO - [2026-08-04T08:27:35.150+0000] {dag.py:4180} INFO - Setting next_dagrun for example_subdag_operator.section-2 to None, run_after=None
[2026-08-04T08:27:35.163+0000] {processor.py:208} INFO - Processing /home/airflow/.local/lib/python3.12/site-packages/airflow/example_dags/example_subdag_operator.py took 0.126 seconds
[2026-08-04T08:28:06.224+0000] {processor.py:186} INFO - Started process (PID=940) to work on /home/airflow/.local/lib/python3.12/site-packages/airflow/example_dags/example_subdag_operator.py
[2026-08-04T08:28:06.225+0000] {processor.py:914} INFO - Processing file /home/airflow/.local/lib/python3.12/site-packages/airflow/example_dags/example_subdag_operator.py for tasks to queue
[2026-08-04T08:28:06.228+0000] {logging_mixin.py:190} INFO - [2026-08-04T08:28:06.228+0000] {dagbag.py:588} INFO - Filling up the DagBag from /home/airflow/.local/lib/python3.12/site-packages/airflow/example_dags/example_subdag_operator.py
[2026-08-04T08:28:06.257+0000] {processor.py:925} INFO - DAG(s) 'example_subdag_operator.section-1', 'example_subdag_operator.section-2', 'example_subdag_operator' retrieved from /home/airflow/.local/lib/python3.12/site-packages/airflow/example_dags/example_subdag_operator.py
[2026-08-04T08:28:06.275+0000] {logging_mixin.py:190} INFO - [2026-08-04T08:28:06.275+0000] {dag.py:3239} INFO - Sync 3 DAGs
[2026-08-04T08:28:06.302+0000] {logging_mixin.py:190} INFO - [2026-08-04T08:28:06.302+0000] {dag.py:4180} INFO - Setting next_dagrun for example_subdag_operator to 2022-01-01 00:00:00+00:00, run_after=2022-01-01 00:00:00+00:00
[2026-08-04T08:28:06.307+0000] {logging_mixin.py:190} INFO - [2026-08-04T08:28:06.307+0000] {dag.py:4180} INFO - Setting next_dagrun for example_subdag_operator.section-1 to None, run_after=None
[2026-08-04T08:28:06.309+0000] {logging_mixin.py:190} INFO - [2026-08-04T08:28:06.308+0000] {dag.py:4180} INFO - Setting next_dagrun for example_subdag_operator.section-2 to None, run_after=None
[2026-08-04T08:28:06.318+0000] {logging_mixin.py:190} INFO - [2026-08-04T08:28:06.317+0000] {dag.py:3239} INFO - Sync 2 DAGs
[2026-08-04T08:28:06.323+0000] {logging_mixin.py:190} INFO - [2026-08-04T08:28:06.323+0000] {dag.py:4180} INFO - Setting next_dagrun for example_subdag_operator.section-1 to None, run_after=None
[2026-08-04T08:28:06.324+0000] {logging_mixin.py:190} INFO - [2026-08-04T08:28:06.324+0000] {dag.py:4180} INFO - Setting next_dagrun for example_subdag_operator.section-2 to None, run_after=None
[2026-08-04T08:28:06.337+0000] {processor.py:208} INFO - Processing /home/airflow/.local/lib/python3.12/site-packages/airflow/example_dags/example_subdag_operator.py took 0.119 seconds
[2026-08-04T08:28:37.774+0000] {processor.py:186} INFO - Started process (PID=1005) to work on /home/airflow/.local/lib/python3.12/site-packages/airflow/example_dags/example_subdag_operator.py
[2026-08-04T08:28:37.776+0000] {processor.py:914} INFO - Processing file /home/airflow/.local/lib/python3.12/site-packages/airflow/example_dags/example_subdag_operator.py for tasks to queue
[2026-08-04T08:28:37.779+0000] {logging_mixin.py:190} INFO - [2026-08-04T08:28:37.778+0000] {dagbag.py:588} INFO - Filling up the DagBag from /home/airflow/.local/lib/python3.12/site-packages/airflow/example_dags/example_subdag_operator.py
[2026-08-04T08:28:37.804+0000] {processor.py:925} INFO - DAG(s) 'example_subdag_operator.section-1', 'example_subdag_operator.section-2', 'example_subdag_operator' retrieved from /home/airflow/.local/lib/python3.12/site-packages/airflow/example_dags/example_subdag_operator.py
[2026-08-04T08:28:37.820+0000] {logging_mixin.py:190} INFO - [2026-08-04T08:28:37.819+0000] {dag.py:3239} INFO - Sync 3 DAGs
[2026-08-04T08:28:37.846+0000] {logging_mixin.py:190} INFO - [2026-08-04T08:28:37.846+0000] {dag.py:4180} INFO - Setting next_dagrun for example_subdag_operator to 2022-01-01 00:00:00+00:00, run_after=2022-01-01 00:00:00+00:00
[2026-08-04T08:28:37.850+0000] {logging_mixin.py:190} INFO - [2026-08-04T08:28:37.850+0000] {dag.py:4180} INFO - Setting next_dagrun for example_subdag_operator.section-1 to None, run_after=None
[2026-08-04T08:28:37.852+0000] {logging_mixin.py:190} INFO - [2026-08-04T08:28:37.852+0000] {dag.py:4180} INFO - Setting next_dagrun for example_subdag_operator.section-2 to None, run_after=None
[2026-08-04T08:28:37.863+0000] {logging_mixin.py:190} INFO - [2026-08-04T08:28:37.862+0000] {dag.py:3239} INFO - Sync 2 DAGs
[2026-08-04T08:28:37.869+0000] {logging_mixin.py:190} INFO - [2026-08-04T08:28:37.869+0000] {dag.py:4180} INFO - Setting next_dagrun for example_subdag_operator.section-1 to None, run_after=None
[2026-08-04T08:28:37.871+0000] {logging_mixin.py:190} INFO - [2026-08-04T08:28:37.870+0000] {dag.py:4180} INFO - Setting next_dagrun for example_subdag_operator.section-2 to None, run_after=None
[2026-08-04T08:28:37.886+0000] {processor.py:208} INFO - Processing /home/airflow/.local/lib/python3.12/site-packages/airflow/example_dags/example_subdag_operator.py took 0.118 seconds
[2026-08-04T08:29:09.300+0000] {processor.py:186} INFO - Started process (PID=1070) to work on /home/airflow/.local/lib/python3.12/site-packages/airflow/example_dags/example_subdag_operator.py
[2026-08-04T08:29:09.302+0000] {processor.py:914} INFO - Processing file /home/airflow/.local/lib/python3.12/site-packages/airflow/example_dags/example_subdag_operator.py for tasks to queue
[2026-08-04T08:29:09.305+0000] {logging_mixin.py:190} INFO - [2026-08-04T08:29:09.305+0000] {dagbag.py:588} INFO - Filling up the DagBag from /home/airflow/.local/lib/python3.12/site-packages/airflow/example_dags/example_subdag_operator.py
[2026-08-04T08:29:09.330+0000] {processor.py:925} INFO - DAG(s) 'example_subdag_operator.section-1', 'example_subdag_operator.section-2', 'example_subdag_operator' retrieved from /home/airflow/.local/lib/python3.12/site-packages/airflow/example_dags/example_subdag_operator.py
[2026-08-04T08:29:09.344+0000] {logging_mixin.py:190} INFO - [2026-08-04T08:29:09.344+0000] {dag.py:3239} INFO - Sync 3 DAGs
[2026-08-04T08:29:09.368+0000] {logging_mixin.py:190} INFO - [2026-08-04T08:29:09.367+0000] {dag.py:4180} INFO - Setting next_dagrun for example_subdag_operator to 2022-01-01 00:00:00+00:00, run_after=2022-01-01 00:00:00+00:00
[2026-08-04T08:29:09.372+0000] {logging_mixin.py:190} INFO - [2026-08-04T08:29:09.372+0000] {dag.py:4180} INFO - Setting next_dagrun for example_subdag_operator.section-1 to None, run_after=None
[2026-08-04T08:29:09.375+0000] {logging_mixin.py:190} INFO - [2026-08-04T08:29:09.374+0000] {dag.py:4180} INFO - Setting next_dagrun for example_subdag_operator.section-2 to None, run_after=None
[2026-08-04T08:29:09.382+0000] {logging_mixin.py:190} INFO - [2026-08-04T08:29:09.382+0000] {dag.py:3239} INFO - Sync 2 DAGs
[2026-08-04T08:29:09.388+0000] {logging_mixin.py:190} INFO - [2026-08-04T08:29:09.388+0000] {dag.py:4180} INFO - Setting next_dagrun for example_subdag_operator.section-1 to None, run_after=None
[2026-08-04T08:29:09.389+0000] {logging_mixin.py:190} INFO - [2026-08-04T08:29:09.389+0000] {dag.py:4180} INFO - Setting next_dagrun for example_subdag_operator.section-2 to None, run_after=None
[2026-08-04T08:29:09.402+0000] {processor.py:208} INFO - Processing /home/airflow/.local/lib/python3.12/site-packages/airflow/example_dags/example_subdag_operator.py took 0.108 seconds
[2026-08-04T08:29:40.520+0000] {processor.py:186} INFO - Started process (PID=1135) to work on /home/airflow/.local/lib/python3.12/site-packages/airflow/example_dags/example_subdag_operator.py
[2026-08-04T08:29:40.521+0000] {processor.py:914} INFO - Processing file /home/airflow/.local/lib/python3.12/site-packages/airflow/example_dags/example_subdag_operator.py for tasks to queue
[2026-08-04T08:29:40.525+0000] {logging_mixin.py:190} INFO - [2026-08-04T08:29:40.524+0000] {dagbag.py:588} INFO - Filling up the DagBag from /home/airflow/.local/lib/python3.12/site-packages/airflow/example_dags/example_subdag_operator.py
[2026-08-04T08:29:40.557+0000] {processor.py:925} INFO - DAG(s) 'example_subdag_operator.section-1', 'example_subdag_operator.section-2', 'example_subdag_operator' retrieved from /home/airflow/.local/lib/python3.12/site-packages/airflow/example_dags/example_subdag_operator.py
[2026-08-04T08:29:40.573+0000] {logging_mixin.py:190} INFO - [2026-08-04T08:29:40.573+0000] {dag.py:3239} INFO - Sync 3 DAGs
[2026-08-04T08:29:40.598+0000] {logging_mixin.py:190} INFO - [2026-08-04T08:29:40.598+0000] {dag.py:4180} INFO - Setting next_dagrun for example_subdag_operator to 2022-01-01 00:00:00+00:00, run_after=2022-01-01 00:00:00+00:00
[2026-08-04T08:29:40.602+0000] {logging_mixin.py:190} INFO - [2026-08-04T08:29:40.602+0000] {dag.py:4180} INFO - Setting next_dagrun for example_subdag_operator.section-1 to None, run_after=None
[2026-08-04T08:29:40.604+0000] {logging_mixin.py:190} INFO - [2026-08-04T08:29:40.604+0000] {dag.py:4180} INFO - Setting next_dagrun for example_subdag_operator.section-2 to None, run_after=None
[2026-08-04T08:29:40.613+0000] {logging_mixin.py:190} INFO - [2026-08-04T08:29:40.613+0000] {dag.py:3239} INFO - Sync 2 DAGs
[2026-08-04T08:29:40.620+0000] {logging_mixin.py:190} INFO - [2026-08-04T08:29:40.619+0000] {dag.py:4180} INFO - Setting next_dagrun for example_subdag_operator.section-1 to None, run_after=None
[2026-08-04T08:29:40.621+0000] {logging_mixin.py:190} INFO - [2026-08-04T08:29:40.620+0000] {dag.py:4180} INFO - Setting next_dagrun for example_subdag_operator.section-2 to None, run_after=None
[2026-08-04T08:29:40.632+0000] {processor.py:208} INFO - Processing /home/airflow/.local/lib/python3.12/site-packages/airflow/example_dags/example_subdag_operator.py took 0.120 seconds
[2026-08-04T08:30:11.860+0000] {processor.py:186} INFO - Started process (PID=1201) to work on /home/airflow/.local/lib/python3.12/site-packages/airflow/example_dags/example_subdag_operator.py
[2026-08-04T08:30:11.862+0000] {processor.py:914} INFO - Processing file /home/airflow/.local/lib/python3.12/site-packages/airflow/example_dags/example_subdag_operator.py for tasks to queue
[2026-08-04T08:30:11.864+0000] {logging_mixin.py:190} INFO - [2026-08-04T08:30:11.864+0000] {dagbag.py:588} INFO - Filling up the DagBag from /home/airflow/.local/lib/python3.12/site-packages/airflow/example_dags/example_subdag_operator.py
[2026-08-04T08:30:11.888+0000] {processor.py:925} INFO - DAG(s) 'example_subdag_operator.section-1', 'example_subdag_operator.section-2', 'example_subdag_operator' retrieved from /home/airflow/.local/lib/python3.12/site-packages/airflow/example_dags/example_subdag_operator.py
[2026-08-04T08:30:11.902+0000] {logging_mixin.py:190} INFO - [2026-08-04T08:30:11.902+0000] {dag.py:3239} INFO - Sync 3 DAGs
[2026-08-04T08:30:11.924+0000] {logging_mixin.py:190} INFO - [2026-08-04T08:30:11.924+0000] {dag.py:4180} INFO - Setting next_dagrun for example_subdag_operator to 2022-01-01 00:00:00+00:00, run_after=2022-01-01 00:00:00+00:00
[2026-08-04T08:30:11.928+0000] {logging_mixin.py:190} INFO - [2026-08-04T08:30:11.928+0000] {dag.py:4180} INFO - Setting next_dagrun for example_subdag_operator.section-1 to None, run_after=None
[2026-08-04T08:30:11.931+0000] {logging_mixin.py:190} INFO - [2026-08-04T08:30:11.930+0000] {dag.py:4180} INFO - Setting next_dagrun for example_subdag_operator.section-2 to None, run_after=None
[2026-08-04T08:30:11.938+0000] {logging_mixin.py:190} INFO - [2026-08-04T08:30:11.938+0000] {dag.py:3239} INFO - Sync 2 DAGs
[2026-08-04T08:30:11.944+0000] {logging_mixin.py:190} INFO - [2026-08-04T08:30:11.943+0000] {dag.py:4180} INFO - Setting next_dagrun for example_subdag_operator.section-1 to None, run_after=None
[2026-08-04T08:30:11.944+0000] {logging_mixin.py:190} INFO - [2026-08-04T08:30:11.944+0000] {dag.py:4180} INFO - Setting next_dagrun for example_subdag_operator.section-2 to None, run_after=None
[2026-08-04T08:30:11.955+0000] {processor.py:208} INFO - Processing /home/airflow/.local/lib/python3.12/site-packages/airflow/example_dags/example_subdag_operator.py took 0.100 seconds
[2026-08-04T08:30:42.557+0000] {processor.py:186} INFO - Started process (PID=1266) to work on /home/airflow/.local/lib/python3.12/site-packages/airflow/example_dags/example_subdag_operator.py
[2026-08-04T08:30:42.559+0000] {processor.py:914} INFO - Processing file /home/airflow/.local/lib/python3.12/site-packages/airflow/example_dags/example_subdag_operator.py for tasks to queue
[2026-08-04T08:30:42.562+0000] {logging_mixin.py:190} INFO - [2026-08-04T08:30:42.561+0000] {dagbag.py:588} INFO - Filling up the DagBag from /home/airflow/.local/lib/python3.12/site-packages/airflow/example_dags/example_subdag_operator.py
[2026-08-04T08:30:42.591+0000] {processor.py:925} INFO - DAG(s) 'example_subdag_operator.section-1', 'example_subdag_operator.section-2', 'example_subdag_operator' retrieved from /home/airflow/.local/lib/python3.12/site-packages/airflow/example_dags/example_subdag_operator.py
[2026-08-04T08:30:42.609+0000] {logging_mixin.py:190} INFO - [2026-08-04T08:30:42.609+0000] {dag.py:3239} INFO - Sync 3 DAGs
[2026-08-04T08:30:42.638+0000] {logging_mixin.py:190} INFO - [2026-08-04T08:30:42.637+0000] {dag.py:4180} INFO - Setting next_dagrun for example_subdag_operator to 2022-01-01 00:00:00+00:00, run_after=2022-01-01 00:00:00+00:00
[2026-08-04T08:30:42.642+0000] {logging_mixin.py:190} INFO - [2026-08-04T08:30:42.642+0000] {dag.py:4180} INFO - Setting next_dagrun for example_subdag_operator.section-1 to None, run_after=None
[2026-08-04T08:30:42.645+0000] {logging_mixin.py:190} INFO - [2026-08-04T08:30:42.644+0000] {dag.py:4180} INFO - Setting next_dagrun for example_subdag_operator.section-2 to None, run_after=None
[2026-08-04T08:30:42.653+0000] {logging_mixin.py:190} INFO - [2026-08-04T08:30:42.653+0000] {dag.py:3239} INFO - Sync 2 DAGs
[2026-08-04T08:30:42.660+0000] {logging_mixin.py:190} INFO - [2026-08-04T08:30:42.659+0000] {dag.py:4180} INFO - Setting next_dagrun for example_subdag_operator.section-1 to None, run_after=None
[2026-08-04T08:30:42.661+0000] {logging_mixin.py:190} INFO - [2026-08-04T08:30:42.660+0000] {dag.py:4180} INFO - Setting next_dagrun for example_subdag_operator.section-2 to None, run_after=None
[2026-08-04T08:30:42.673+0000] {processor.py:208} INFO - Processing /home/airflow/.local/lib/python3.12/site-packages/airflow/example_dags/example_subdag_operator.py took 0.122 seconds
[2026-08-04T08:31:13.783+0000] {processor.py:186} INFO - Started process (PID=1337) to work on /home/airflow/.local/lib/python3.12/site-packages/airflow/example_dags/example_subdag_operator.py
[2026-08-04T08:31:13.785+0000] {processor.py:914} INFO - Processing file /home/airflow/.local/lib/python3.12/site-packages/airflow/example_dags/example_subdag_operator.py for tasks to queue
[2026-08-04T08:31:13.789+0000] {logging_mixin.py:190} INFO - [2026-08-04T08:31:13.789+0000] {dagbag.py:588} INFO - Filling up the DagBag from /home/airflow/.local/lib/python3.12/site-packages/airflow/example_dags/example_subdag_operator.py
[2026-08-04T08:31:13.819+0000] {processor.py:925} INFO - DAG(s) 'example_subdag_operator.section-1', 'example_subdag_operator.section-2', 'example_subdag_operator' retrieved from /home/airflow/.local/lib/python3.12/site-packages/airflow/example_dags/example_subdag_operator.py
[2026-08-04T08:31:13.837+0000] {logging_mixin.py:190} INFO - [2026-08-04T08:31:13.837+0000] {dag.py:3239} INFO - Sync 3 DAGs
[2026-08-04T08:31:13.865+0000] {logging_mixin.py:190} INFO - [2026-08-04T08:31:13.864+0000] {dag.py:4180} INFO - Setting next_dagrun for example_subdag_operator to 2022-01-01 00:00:00+00:00, run_after=2022-01-01 00:00:00+00:00
[2026-08-04T08:31:13.869+0000] {logging_mixin.py:190} INFO - [2026-08-04T08:31:13.869+0000] {dag.py:4180} INFO - Setting next_dagrun for example_subdag_operator.section-1 to None, run_after=None
[2026-08-04T08:31:13.871+0000] {logging_mixin.py:190} INFO - [2026-08-04T08:31:13.871+0000] {dag.py:4180} INFO - Setting next_dagrun for example_subdag_operator.section-2 to None, run_after=None
[2026-08-04T08:31:13.880+0000] {logging_mixin.py:190} INFO - [2026-08-04T08:31:13.880+0000] {dag.py:3239} INFO - Sync 2 DAGs
[2026-08-04T08:31:13.886+0000] {logging_mixin.py:190} INFO - [2026-08-04T08:31:13.886+0000] {dag.py:4180} INFO - Setting next_dagrun for example_subdag_operator.section-1 to None, run_after=None
[2026-08-04T08:31:13.887+0000] {logging_mixin.py:190} INFO - [2026-08-04T08:31:13.887+0000] {dag.py:4180} INFO - Setting next_dagrun for example_subdag_operator.section-2 to None, run_after=None
[2026-08-04T08:31:13.900+0000] {processor.py:208} INFO - Processing /home/airflow/.local/lib/python3.12/site-packages/airflow/example_dags/example_subdag_operator.py took 0.125 seconds
[2026-08-04T08:31:45.200+0000] {processor.py:186} INFO - Started process (PID=1402) to work on /home/airflow/.local/lib/python3.12/site-packages/airflow/example_dags/example_subdag_operator.py
[2026-08-04T08:31:45.201+0000] {processor.py:914} INFO - Processing file /home/airflow/.local/lib/python3.12/site-packages/airflow/example_dags/example_subdag_operator.py for tasks to queue
[2026-08-04T08:31:45.205+0000] {logging_mixin.py:190} INFO - [2026-08-04T08:31:45.204+0000] {dagbag.py:588} INFO - Filling up the DagBag from /home/airflow/.local/lib/python3.12/site-packages/airflow/example_dags/example_subdag_operator.py
[2026-08-04T08:31:45.232+0000] {processor.py:925} INFO - DAG(s) 'example_subdag_operator.section-1', 'example_subdag_operator.section-2', 'example_subdag_operator' retrieved from /home/airflow/.local/lib/python3.12/site-packages/airflow/example_dags/example_subdag_operator.py
[2026-08-04T08:31:45.248+0000] {logging_mixin.py:190} INFO - [2026-08-04T08:31:45.248+0000] {dag.py:3239} INFO - Sync 3 DAGs
[2026-08-04T08:31:45.273+0000] {logging_mixin.py:190} INFO - [2026-08-04T08:31:45.273+0000] {dag.py:4180} INFO - Setting next_dagrun for example_subdag_operator to 2022-01-01 00:00:00+00:00, run_after=2022-01-01 00:00:00+00:00
[2026-08-04T08:31:45.278+0000] {logging_mixin.py:190} INFO - [2026-08-04T08:31:45.278+0000] {dag.py:4180} INFO - Setting next_dagrun for example_subdag_operator.section-1 to None, run_after=None
[2026-08-04T08:31:45.280+0000] {logging_mixin.py:190} INFO - [2026-08-04T08:31:45.280+0000] {dag.py:4180} INFO - Setting next_dagrun for example_subdag_operator.section-2 to None, run_after=None
[2026-08-04T08:31:45.288+0000] {logging_mixin.py:190} INFO - [2026-08-04T08:31:45.288+0000] {dag.py:3239} INFO - Sync 2 DAGs
[2026-08-04T08:31:45.294+0000] {logging_mixin.py:190} INFO - [2026-08-04T08:31:45.294+0000] {dag.py:4180} INFO - Setting next_dagrun for example_subdag_operator.section-1 to None, run_after=None
[2026-08-04T08:31:45.295+0000] {logging_mixin.py:190} INFO - [2026-08-04T08:31:45.295+0000] {dag.py:4180} INFO - Setting next_dagrun for example_subdag_operator.section-2 to None, run_after=None
[2026-08-04T08:31:45.310+0000] {processor.py:208} INFO - Processing /home/airflow/.local/lib/python3.12/site-packages/airflow/example_dags/example_subdag_operator.py took 0.118 seconds
[2026-08-04T08:32:16.432+0000] {processor.py:186} INFO - Started process (PID=1467) to work on /home/airflow/.local/lib/python3.12/site-packages/airflow/example_dags/example_subdag_operator.py
[2026-08-04T08:32:16.433+0000] {processor.py:914} INFO - Processing file /home/airflow/.local/lib/python3.12/site-packages/airflow/example_dags/example_subdag_operator.py for tasks to queue
[2026-08-04T08:32:16.436+0000] {logging_mixin.py:190} INFO - [2026-08-04T08:32:16.435+0000] {dagbag.py:588} INFO - Filling up the DagBag from /home/airflow/.local/lib/python3.12/site-packages/airflow/example_dags/example_subdag_operator.py
[2026-08-04T08:32:16.460+0000] {processor.py:925} INFO - DAG(s) 'example_subdag_operator.section-1', 'example_subdag_operator.section-2', 'example_subdag_operator' retrieved from /home/airflow/.local/lib/python3.12/site-packages/airflow/example_dags/example_subdag_operator.py
[2026-08-04T08:32:16.475+0000] {logging_mixin.py:190} INFO - [2026-08-04T08:32:16.475+0000] {dag.py:3239} INFO - Sync 3 DAGs
[2026-08-04T08:32:16.500+0000] {logging_mixin.py:190} INFO - [2026-08-04T08:32:16.500+0000] {dag.py:4180} INFO - Setting next_dagrun for example_subdag_operator to 2022-01-01 00:00:00+00:00, run_after=2022-01-01 00:00:00+00:00
[2026-08-04T08:32:16.505+0000] {logging_mixin.py:190} INFO - [2026-08-04T08:32:16.505+0000] {dag.py:4180} INFO - Setting next_dagrun for example_subdag_operator.section-1 to None, run_after=None
[2026-08-04T08:32:16.507+0000] {logging_mixin.py:190} INFO - [2026-08-04T08:32:16.507+0000] {dag.py:4180} INFO - Setting next_dagrun for example_subdag_operator.section-2 to None, run_after=None
[2026-08-04T08:32:16.516+0000] {logging_mixin.py:190} INFO - [2026-08-04T08:32:16.516+0000] {dag.py:3239} INFO - Sync 2 DAGs
[2026-08-04T08:32:16.522+0000] {logging_mixin.py:190} INFO - [2026-08-04T08:32:16.522+0000] {dag.py:4180} INFO - Setting next_dagrun for example_subdag_operator.section-1 to None, run_after=None
[2026-08-04T08:32:16.523+0000] {logging_mixin.py:190} INFO - [2026-08-04T08:32:16.523+0000] {dag.py:4180} INFO - Setting next_dagrun for example_subdag_operator.section-2 to None, run_after=None
[2026-08-04T08:32:16.535+0000] {processor.py:208} INFO - Processing /home/airflow/.local/lib/python3.12/site-packages/airflow/example_dags/example_subdag_operator.py took 0.109 seconds
[2026-08-04T08:32:47.805+0000] {processor.py:186} INFO - Started process (PID=1532) to work on /home/airflow/.local/lib/python3.12/site-packages/airflow/example_dags/example_subdag_operator.py
[2026-08-04T08:32:47.806+0000] {processor.py:914} INFO - Processing file /home/airflow/.local/lib/python3.12/site-packages/airflow/example_dags/example_subdag_operator.py for tasks to queue
[2026-08-04T08:32:47.810+0000] {logging_mixin.py:190} INFO - [2026-08-04T08:32:47.809+0000] {dagbag.py:588} INFO - Filling up the DagBag from /home/airflow/.local/lib/python3.12/site-packages/airflow/example_dags/example_subdag_operator.py
[2026-08-04T08:32:47.841+0000] {processor.py:925} INFO - DAG(s) 'example_subdag_operator.section-1', 'example_subdag_operator.section-2', 'example_subdag_operator' retrieved from /home/airflow/.local/lib/python3.12/site-packages/airflow/example_dags/example_subdag_operator.py
[2026-08-04T08:32:47.857+0000] {logging_mixin.py:190} INFO - [2026-08-04T08:32:47.857+0000] {dag.py:3239} INFO - Sync 3 DAGs
[2026-08-04T08:32:47.889+0000] {logging_mixin.py:190} INFO - [2026-08-04T08:32:47.888+0000] {dag.py:4180} INFO - Setting next_dagrun for example_subdag_operator to 2022-01-01 00:00:00+00:00, run_after=2022-01-01 00:00:00+00:00
[2026-08-04T08:32:47.894+0000] {logging_mixin.py:190} INFO - [2026-08-04T08:32:47.894+0000] {dag.py:4180} INFO - Setting next_dagrun for example_subdag_operator.section-1 to None, run_after=None
[2026-08-04T08:32:47.896+0000] {logging_mixin.py:190} INFO - [2026-08-04T08:32:47.896+0000] {dag.py:4180} INFO - Setting next_dagrun for example_subdag_operator.section-2 to None, run_after=None
[2026-08-04T08:32:47.906+0000] {logging_mixin.py:190} INFO - [2026-08-04T08:32:47.905+0000] {dag.py:3239} INFO - Sync 2 DAGs
[2026-08-04T08:32:47.914+0000] {logging_mixin.py:190} INFO - [2026-08-04T08:32:47.913+0000] {dag.py:4180} INFO - Setting next_dagrun for example_subdag_operator.section-1 to None, run_after=None
[2026-08-04T08:32:47.915+0000] {logging_mixin.py:190} INFO - [2026-08-04T08:32:47.915+0000] {dag.py:4180} INFO - Setting next_dagrun for example_subdag_operator.section-2 to None, run_after=None
[2026-08-04T08:32:47.931+0000] {processor.py:208} INFO - Processing /home/airflow/.local/lib/python3.12/site-packages/airflow/example_dags/example_subdag_operator.py took 0.133 seconds
[2026-08-04T08:33:19.243+0000] {processor.py:186} INFO - Started process (PID=1597) to work on /home/airflow/.local/lib/python3.12/site-packages/airflow/example_dags/example_subdag_operator.py
[2026-08-04T08:33:19.244+0000] {processor.py:914} INFO - Processing file /home/airflow/.local/lib/python3.12/site-packages/airflow/example_dags/example_subdag_operator.py for tasks to queue
[2026-08-04T08:33:19.247+0000] {logging_mixin.py:190} INFO - [2026-08-04T08:33:19.246+0000] {dagbag.py:588} INFO - Filling up the DagBag from /home/airflow/.local/lib/python3.12/site-packages/airflow/example_dags/example_subdag_operator.py
[2026-08-04T08:33:19.272+0000] {processor.py:925} INFO - DAG(s) 'example_subdag_operator.section-1', 'example_subdag_operator.section-2', 'example_subdag_operator' retrieved from /home/airflow/.local/lib/python3.12/site-packages/airflow/example_dags/example_subdag_operator.py
[2026-08-04T08:33:19.288+0000] {logging_mixin.py:190} INFO - [2026-08-04T08:33:19.287+0000] {dag.py:3239} INFO - Sync 3 DAGs
[2026-08-04T08:33:19.313+0000] {logging_mixin.py:190} INFO - [2026-08-04T08:33:19.312+0000] {dag.py:4180} INFO - Setting next_dagrun for example_subdag_operator to 2022-01-01 00:00:00+00:00, run_after=2022-01-01 00:00:00+00:00
[2026-08-04T08:33:19.317+0000] {logging_mixin.py:190} INFO - [2026-08-04T08:33:19.317+0000] {dag.py:4180} INFO - Setting next_dagrun for example_subdag_operator.section-1 to None, run_after=None
[2026-08-04T08:33:19.319+0000] {logging_mixin.py:190} INFO - [2026-08-04T08:33:19.319+0000] {dag.py:4180} INFO - Setting next_dagrun for example_subdag_operator.section-2 to None, run_after=None
[2026-08-04T08:33:19.327+0000] {logging_mixin.py:190} INFO - [2026-08-04T08:33:19.326+0000] {dag.py:3239} INFO - Sync 2 DAGs
[2026-08-04T08:33:19.332+0000] {logging_mixin.py:190} INFO - [2026-08-04T08:33:19.332+0000] {dag.py:4180} INFO - Setting next_dagrun for example_subdag_operator.section-1 to None, run_after=None
[2026-08-04T08:33:19.333+0000] {logging_mixin.py:190} INFO - [2026-08-04T08:33:19.333+0000] {dag.py:4180} INFO - Setting next_dagrun for example_subdag_operator.section-2 to None, run_after=None
[2026-08-04T08:33:19.344+0000] {processor.py:208} INFO - Processing /home/airflow/.local/lib/python3.12/site-packages/airflow/example_dags/example_subdag_operator.py took 0.108 seconds
[2026-08-04T08:33:50.463+0000] {processor.py:186} INFO - Started process (PID=1662) to work on /home/airflow/.local/lib/python3.12/site-packages/airflow/example_dags/example_subdag_operator.py
[2026-08-04T08:33:50.465+0000] {processor.py:914} INFO - Processing file /home/airflow/.local/lib/python3.12/site-packages/airflow/example_dags/example_subdag_operator.py for tasks to queue
[2026-08-04T08:33:50.467+0000] {logging_mixin.py:190} INFO - [2026-08-04T08:33:50.467+0000] {dagbag.py:588} INFO - Filling up the DagBag from /home/airflow/.local/lib/python3.12/site-packages/airflow/example_dags/example_subdag_operator.py
[2026-08-04T08:33:50.493+0000] {processor.py:925} INFO - DAG(s) 'example_subdag_operator.section-1', 'example_subdag_operator.section-2', 'example_subdag_operator' retrieved from /home/airflow/.local/lib/python3.12/site-packages/airflow/example_dags/example_subdag_operator.py
[2026-08-04T08:33:50.511+0000] {logging_mixin.py:190} INFO - [2026-08-04T08:33:50.511+0000] {dag.py:3239} INFO - Sync 3 DAGs
[2026-08-04T08:33:50.535+0000] {logging_mixin.py:190} INFO - [2026-08-04T08:33:50.535+0000] {dag.py:4180} INFO - Setting next_dagrun for example_subdag_operator to 2022-01-01 00:00:00+00:00, run_after=2022-01-01 00:00:00+00:00
[2026-08-04T08:33:50.540+0000] {logging_mixin.py:190} INFO - [2026-08-04T08:33:50.540+0000] {dag.py:4180} INFO - Setting next_dagrun for example_subdag_operator.section-1 to None, run_after=None
[2026-08-04T08:33:50.542+0000] {logging_mixin.py:190} INFO - [2026-08-04T08:33:50.542+0000] {dag.py:4180} INFO - Setting next_dagrun for example_subdag_operator.section-2 to None, run_after=None
[2026-08-04T08:33:50.550+0000] {logging_mixin.py:190} INFO - [2026-08-04T08:33:50.550+0000] {dag.py:3239} INFO - Sync 2 DAGs
[2026-08-04T08:33:50.556+0000] {logging_mixin.py:190} INFO - [2026-08-04T08:33:50.556+0000] {dag.py:4180} INFO - Setting next_dagrun for example_subdag_operator.section-1 to None, run_after=None
[2026-08-04T08:33:50.557+0000] {logging_mixin.py:190} INFO - [2026-08-04T08:33:50.557+0000] {dag.py:4180} INFO - Setting next_dagrun for example_subdag_operator.section-2 to None, run_after=None
[2026-08-04T08:33:50.569+0000] {processor.py:208} INFO - Processing /home/airflow/.local/lib/python3.12/site-packages/airflow/example_dags/example_subdag_operator.py took 0.111 seconds
[2026-08-04T08:34:21.847+0000] {processor.py:186} INFO - Started process (PID=1727) to work on /home/airflow/.local/lib/python3.12/site-packages/airflow/example_dags/example_subdag_operator.py
[2026-08-04T08:34:21.848+0000] {processor.py:914} INFO - Processing file /home/airflow/.local/lib/python3.12/site-packages/airflow/example_dags/example_subdag_operator.py for tasks to queue
[2026-08-04T08:34:21.850+0000] {logging_mixin.py:190} INFO - [2026-08-04T08:34:21.850+0000] {dagbag.py:588} INFO - Filling up the DagBag from /home/airflow/.local/lib/python3.12/site-packages/airflow/example_dags/example_subdag_operator.py
[2026-08-04T08:34:21.874+0000] {processor.py:925} INFO - DAG(s) 'example_subdag_operator.section-1', 'example_subdag_operator.section-2', 'example_subdag_operator' retrieved from /home/airflow/.local/lib/python3.12/site-packages/airflow/example_dags/example_subdag_operator.py
[2026-08-04T08:34:21.888+0000] {logging_mixin.py:190} INFO - [2026-08-04T08:34:21.888+0000] {dag.py:3239} INFO - Sync 3 DAGs
[2026-08-04T08:34:21.910+0000] {logging_mixin.py:190} INFO - [2026-08-04T08:34:21.910+0000] {dag.py:4180} INFO - Setting next_dagrun for example_subdag_operator to 2022-01-01 00:00:00+00:00, run_after=2022-01-01 00:00:00+00:00
[2026-08-04T08:34:21.915+0000] {logging_mixin.py:190} INFO - [2026-08-04T08:34:21.914+0000] {dag.py:4180} INFO - Setting next_dagrun for example_subdag_operator.section-1 to None, run_after=None
[2026-08-04T08:34:21.917+0000] {logging_mixin.py:190} INFO - [2026-08-04T08:34:21.916+0000] {dag.py:4180} INFO - Setting next_dagrun for example_subdag_operator.section-2 to None, run_after=None
[2026-08-04T08:34:21.924+0000] {logging_mixin.py:190} INFO - [2026-08-04T08:34:21.924+0000] {dag.py:3239} INFO - Sync 2 DAGs
[2026-08-04T08:34:21.930+0000] {logging_mixin.py:190} INFO - [2026-08-04T08:34:21.929+0000] {dag.py:4180} INFO - Setting next_dagrun for example_subdag_operator.section-1 to None, run_after=None
[2026-08-04T08:34:21.930+0000] {logging_mixin.py:190} INFO - [2026-08-04T08:34:21.930+0000] {dag.py:4180} INFO - Setting next_dagrun for example_subdag_operator.section-2 to None, run_after=None
[2026-08-04T08:34:21.941+0000] {processor.py:208} INFO - Processing /home/airflow/.local/lib/python3.12/site-packages/airflow/example_dags/example_subdag_operator.py took 0.100 seconds
[2026-08-04T08:34:53.317+0000] {processor.py:186} INFO - Started process (PID=1792) to work on /home/airflow/.local/lib/python3.12/site-packages/airflow/example_dags/example_subdag_operator.py
[2026-08-04T08:34:53.318+0000] {processor.py:914} INFO - Processing file /home/airflow/.local/lib/python3.12/site-packages/airflow/example_dags/example_subdag_operator.py for tasks to queue
[2026-08-04T08:34:53.321+0000] {logging_mixin.py:190} INFO - [2026-08-04T08:34:53.321+0000] {dagbag.py:588} INFO - Filling up the DagBag from /home/airflow/.local/lib/python3.12/site-packages/airflow/example_dags/example_subdag_operator.py
[2026-08-04T08:34:53.345+0000] {processor.py:925} INFO - DAG(s) 'example_subdag_operator.section-1', 'example_subdag_operator.section-2', 'example_subdag_operator' retrieved from /home/airflow/.local/lib/python3.12/site-packages/airflow/example_dags/example_subdag_operator.py
[2026-08-04T08:34:53.361+0000] {logging_mixin.py:190} INFO - [2026-08-04T08:34:53.361+0000] {dag.py:3239} INFO - Sync 3 DAGs
[2026-08-04T08:34:53.390+0000] {logging_mixin.py:190} INFO - [2026-08-04T08:34:53.390+0000] {dag.py:4180} INFO - Setting next_dagrun for example_subdag_operator to 2022-01-01 00:00:00+00:00, run_after=2022-01-01 00:00:00+00:00
[2026-08-04T08:34:53.395+0000] {logging_mixin.py:190} INFO - [2026-08-04T08:34:53.395+0000] {dag.py:4180} INFO - Setting next_dagrun for example_subdag_operator.section-1 to None, run_after=None
[2026-08-04T08:34:53.397+0000] {logging_mixin.py:190} INFO - [2026-08-04T08:34:53.397+0000] {dag.py:4180} INFO - Setting next_dagrun for example_subdag_operator.section-2 to None, run_after=None
[2026-08-04T08:34:53.408+0000] {logging_mixin.py:190} INFO - [2026-08-04T08:34:53.407+0000] {dag.py:3239} INFO - Sync 2 DAGs
[2026-08-04T08:34:53.416+0000] {logging_mixin.py:190} INFO - [2026-08-04T08:34:53.416+0000] {dag.py:4180} INFO - Setting next_dagrun for example_subdag_operator.section-1 to None, run_after=None
[2026-08-04T08:34:53.417+0000] {logging_mixin.py:190} INFO - [2026-08-04T08:34:53.417+0000] {dag.py:4180} INFO - Setting next_dagrun for example_subdag_operator.section-2 to None, run_after=None
[2026-08-04T08:34:53.433+0000] {processor.py:208} INFO - Processing /home/airflow/.local/lib/python3.12/site-packages/airflow/example_dags/example_subdag_operator.py took 0.122 seconds
[2026-08-04T08:35:24.462+0000] {processor.py:186} INFO - Started process (PID=1857) to work on /home/airflow/.local/lib/python3.12/site-packages/airflow/example_dags/example_subdag_operator.py
[2026-08-04T08:35:24.463+0000] {processor.py:914} INFO - Processing file /home/airflow/.local/lib/python3.12/site-packages/airflow/example_dags/example_subdag_operator.py for tasks to queue
[2026-08-04T08:35:24.466+0000] {logging_mixin.py:190} INFO - [2026-08-04T08:35:24.465+0000] {dagbag.py:588} INFO - Filling up the DagBag from /home/airflow/.local/lib/python3.12/site-packages/airflow/example_dags/example_subdag_operator.py
[2026-08-04T08:35:24.495+0000] {processor.py:925} INFO - DAG(s) 'example_subdag_operator.section-1', 'example_subdag_operator.section-2', 'example_subdag_operator' retrieved from /home/airflow/.local/lib/python3.12/site-packages/airflow/example_dags/example_subdag_operator.py
[2026-08-04T08:35:24.510+0000] {logging_mixin.py:190} INFO - [2026-08-04T08:35:24.510+0000] {dag.py:3239} INFO - Sync 3 DAGs
[2026-08-04T08:35:24.537+0000] {logging_mixin.py:190} INFO - [2026-08-04T08:35:24.537+0000] {dag.py:4180} INFO - Setting next_dagrun for example_subdag_operator to 2022-01-01 00:00:00+00:00, run_after=2022-01-01 00:00:00+00:00
[2026-08-04T08:35:24.542+0000] {logging_mixin.py:190} INFO - [2026-08-04T08:35:24.541+0000] {dag.py:4180} INFO - Setting next_dagrun for example_subdag_operator.section-1 to None, run_after=None
[2026-08-04T08:35:24.544+0000] {logging_mixin.py:190} INFO - [2026-08-04T08:35:24.544+0000] {dag.py:4180} INFO - Setting next_dagrun for example_subdag_operator.section-2 to None, run_after=None
[2026-08-04T08:35:24.552+0000] {logging_mixin.py:190} INFO - [2026-08-04T08:35:24.551+0000] {dag.py:3239} INFO - Sync 2 DAGs
[2026-08-04T08:35:24.558+0000] {logging_mixin.py:190} INFO - [2026-08-04T08:35:24.557+0000] {dag.py:4180} INFO - Setting next_dagrun for example_subdag_operator.section-1 to None, run_after=None
[2026-08-04T08:35:24.559+0000] {logging_mixin.py:190} INFO - [2026-08-04T08:35:24.559+0000] {dag.py:4180} INFO - Setting next_dagrun for example_subdag_operator.section-2 to None, run_after=None
[2026-08-04T08:35:24.572+0000] {processor.py:208} INFO - Processing /home/airflow/.local/lib/python3.12/site-packages/airflow/example_dags/example_subdag_operator.py took 0.118 seconds
[2026-08-04T08:35:55.903+0000] {processor.py:186} INFO - Started process (PID=1922) to work on /home/airflow/.local/lib/python3.12/site-packages/airflow/example_dags/example_subdag_operator.py
[2026-08-04T08:35:55.904+0000] {processor.py:914} INFO - Processing file /home/airflow/.local/lib/python3.12/site-packages/airflow/example_dags/example_subdag_operator.py for tasks to queue
[2026-08-04T08:35:55.908+0000] {logging_mixin.py:190} INFO - [2026-08-04T08:35:55.907+0000] {dagbag.py:588} INFO - Filling up the DagBag from /home/airflow/.local/lib/python3.12/site-packages/airflow/example_dags/example_subdag_operator.py
[2026-08-04T08:35:55.938+0000] {processor.py:925} INFO - DAG(s) 'example_subdag_operator.section-1', 'example_subdag_operator.section-2', 'example_subdag_operator' retrieved from /home/airflow/.local/lib/python3.12/site-packages/airflow/example_dags/example_subdag_operator.py
[2026-08-04T08:35:55.955+0000] {logging_mixin.py:190} INFO - [2026-08-04T08:35:55.954+0000] {dag.py:3239} INFO - Sync 3 DAGs
[2026-08-04T08:35:55.982+0000] {logging_mixin.py:190} INFO - [2026-08-04T08:35:55.982+0000] {dag.py:4180} INFO - Setting next_dagrun for example_subdag_operator to 2022-01-01 00:00:00+00:00, run_after=2022-01-01 00:00:00+00:00
[2026-08-04T08:35:55.986+0000] {logging_mixin.py:190} INFO - [2026-08-04T08:35:55.986+0000] {dag.py:4180} INFO - Setting next_dagrun for example_subdag_operator.section-1 to None, run_after=None
[2026-08-04T08:35:55.988+0000] {logging_mixin.py:190} INFO - [2026-08-04T08:35:55.988+0000] {dag.py:4180} INFO - Setting next_dagrun for example_subdag_operator.section-2 to None, run_after=None
[2026-08-04T08:35:55.997+0000] {logging_mixin.py:190} INFO - [2026-08-04T08:35:55.996+0000] {dag.py:3239} INFO - Sync 2 DAGs
[2026-08-04T08:35:56.003+0000] {logging_mixin.py:190} INFO - [2026-08-04T08:35:56.003+0000] {dag.py:4180} INFO - Setting next_dagrun for example_subdag_operator.section-1 to None, run_after=None
[2026-08-04T08:35:56.005+0000] {logging_mixin.py:190} INFO - [2026-08-04T08:35:56.004+0000] {dag.py:4180} INFO - Setting next_dagrun for example_subdag_operator.section-2 to None, run_after=None
[2026-08-04T08:35:56.018+0000] {processor.py:208} INFO - Processing /home/airflow/.local/lib/python3.12/site-packages/airflow/example_dags/example_subdag_operator.py took 0.123 seconds
[2026-08-04T08:36:26.672+0000] {processor.py:186} INFO - Started process (PID=1987) to work on /home/airflow/.local/lib/python3.12/site-packages/airflow/example_dags/example_subdag_operator.py
[2026-08-04T08:36:26.673+0000] {processor.py:914} INFO - Processing file /home/airflow/.local/lib/python3.12/site-packages/airflow/example_dags/example_subdag_operator.py for tasks to queue
[2026-08-04T08:36:26.676+0000] {logging_mixin.py:190} INFO - [2026-08-04T08:36:26.676+0000] {dagbag.py:588} INFO - Filling up the DagBag from /home/airflow/.local/lib/python3.12/site-packages/airflow/example_dags/example_subdag_operator.py
[2026-08-04T08:36:26.705+0000] {processor.py:925} INFO - DAG(s) 'example_subdag_operator.section-1', 'example_subdag_operator.section-2', 'example_subdag_operator' retrieved from /home/airflow/.local/lib/python3.12/site-packages/airflow/example_dags/example_subdag_operator.py
[2026-08-04T08:36:26.723+0000] {logging_mixin.py:190} INFO - [2026-08-04T08:36:26.723+0000] {dag.py:3239} INFO - Sync 3 DAGs
[2026-08-04T08:36:26.753+0000] {logging_mixin.py:190} INFO - [2026-08-04T08:36:26.752+0000] {dag.py:4180} INFO - Setting next_dagrun for example_subdag_operator to 2022-01-01 00:00:00+00:00, run_after=2022-01-01 00:00:00+00:00
[2026-08-04T08:36:26.757+0000] {logging_mixin.py:190} INFO - [2026-08-04T08:36:26.757+0000] {dag.py:4180} INFO - Setting next_dagrun for example_subdag_operator.section-1 to None, run_after=None
[2026-08-04T08:36:26.759+0000] {logging_mixin.py:190} INFO - [2026-08-04T08:36:26.759+0000] {dag.py:4180} INFO - Setting next_dagrun for example_subdag_operator.section-2 to None, run_after=None
[2026-08-04T08:36:26.768+0000] {logging_mixin.py:190} INFO - [2026-08-04T08:36:26.768+0000] {dag.py:3239} INFO - Sync 2 DAGs
[2026-08-04T08:36:26.774+0000] {logging_mixin.py:190} INFO - [2026-08-04T08:36:26.774+0000] {dag.py:4180} INFO - Setting next_dagrun for example_subdag_operator.section-1 to None, run_after=None
[2026-08-04T08:36:26.775+0000] {logging_mixin.py:190} INFO - [2026-08-04T08:36:26.775+0000] {dag.py:4180} INFO - Setting next_dagrun for example_subdag_operator.section-2 to None, run_after=None
[2026-08-04T08:36:26.789+0000] {processor.py:208} INFO - Processing /home/airflow/.local/lib/python3.12/site-packages/airflow/example_dags/example_subdag_operator.py took 0.123 seconds
[2026-08-04T08:36:57.747+0000] {processor.py:186} INFO - Started process (PID=2052) to work on /home/airflow/.local/lib/python3.12/site-packages/airflow/example_dags/example_subdag_operator.py
[2026-08-04T08:36:57.748+0000] {processor.py:914} INFO - Processing file /home/airflow/.local/lib/python3.12/site-packages/airflow/example_dags/example_subdag_operator.py for tasks to queue
[2026-08-04T08:36:57.753+0000] {logging_mixin.py:190} INFO - [2026-08-04T08:36:57.752+0000] {dagbag.py:588} INFO - Filling up the DagBag from /home/airflow/.local/lib/python3.12/site-packages/airflow/example_dags/example_subdag_operator.py
[2026-08-04T08:36:57.777+0000] {processor.py:925} INFO - DAG(s) 'example_subdag_operator.section-1', 'example_subdag_operator.section-2', 'example_subdag_operator' retrieved from /home/airflow/.local/lib/python3.12/site-packages/airflow/example_dags/example_subdag_operator.py
[2026-08-04T08:36:57.793+0000] {logging_mixin.py:190} INFO - [2026-08-04T08:36:57.793+0000] {dag.py:3239} INFO - Sync 3 DAGs
[2026-08-04T08:36:57.822+0000] {logging_mixin.py:190} INFO - [2026-08-04T08:36:57.821+0000] {dag.py:4180} INFO - Setting next_dagrun for example_subdag_operator to 2022-01-01 00:00:00+00:00, run_after=2022-01-01 00:00:00+00:00
[2026-08-04T08:36:57.828+0000] {logging_mixin.py:190} INFO - [2026-08-04T08:36:57.828+0000] {dag.py:4180} INFO - Setting next_dagrun for example_subdag_operator.section-1 to None, run_after=None
[2026-08-04T08:36:57.831+0000] {logging_mixin.py:190} INFO - [2026-08-04T08:36:57.830+0000] {dag.py:4180} INFO - Setting next_dagrun for example_subdag_operator.section-2 to None, run_after=None
[2026-08-04T08:36:57.839+0000] {logging_mixin.py:190} INFO - [2026-08-04T08:36:57.839+0000] {dag.py:3239} INFO - Sync 2 DAGs
[2026-08-04T08:36:57.845+0000] {logging_mixin.py:190} INFO - [2026-08-04T08:36:57.845+0000] {dag.py:4180} INFO - Setting next_dagrun for example_subdag_operator.section-1 to None, run_after=None
[2026-08-04T08:36:57.846+0000] {logging_mixin.py:190} INFO - [2026-08-04T08:36:57.846+0000] {dag.py:4180} INFO - Setting next_dagrun for example_subdag_operator.section-2 to None, run_after=None
[2026-08-04T08:36:57.861+0000] {processor.py:208} INFO - Processing /home/airflow/.local/lib/python3.12/site-packages/airflow/example_dags/example_subdag_operator.py took 0.120 seconds
[2026-08-04T08:37:28.723+0000] {processor.py:186} INFO - Started process (PID=2118) to work on /home/airflow/.local/lib/python3.12/site-packages/airflow/example_dags/example_subdag_operator.py
[2026-08-04T08:37:28.725+0000] {processor.py:914} INFO - Processing file /home/airflow/.local/lib/python3.12/site-packages/airflow/example_dags/example_subdag_operator.py for tasks to queue
[2026-08-04T08:37:28.730+0000] {logging_mixin.py:190} INFO - [2026-08-04T08:37:28.730+0000] {dagbag.py:588} INFO - Filling up the DagBag from /home/airflow/.local/lib/python3.12/site-packages/airflow/example_dags/example_subdag_operator.py
[2026-08-04T08:37:28.769+0000] {processor.py:925} INFO - DAG(s) 'example_subdag_operator.section-1', 'example_subdag_operator.section-2', 'example_subdag_operator' retrieved from /home/airflow/.local/lib/python3.12/site-packages/airflow/example_dags/example_subdag_operator.py
[2026-08-04T08:37:28.790+0000] {logging_mixin.py:190} INFO - [2026-08-04T08:37:28.789+0000] {dag.py:3239} INFO - Sync 3 DAGs
[2026-08-04T08:37:28.818+0000] {logging_mixin.py:190} INFO - [2026-08-04T08:37:28.818+0000] {dag.py:4180} INFO - Setting next_dagrun for example_subdag_operator to 2022-01-01 00:00:00+00:00, run_after=2022-01-01 00:00:00+00:00
[2026-08-04T08:37:28.823+0000] {logging_mixin.py:190} INFO - [2026-08-04T08:37:28.823+0000] {dag.py:4180} INFO - Setting next_dagrun for example_subdag_operator.section-1 to None, run_after=None
[2026-08-04T08:37:28.825+0000] {logging_mixin.py:190} INFO - [2026-08-04T08:37:28.825+0000] {dag.py:4180} INFO - Setting next_dagrun for example_subdag_operator.section-2 to None, run_after=None
[2026-08-04T08:37:28.833+0000] {logging_mixin.py:190} INFO - [2026-08-04T08:37:28.833+0000] {dag.py:3239} INFO - Sync 2 DAGs
[2026-08-04T08:37:28.839+0000] {logging_mixin.py:190} INFO - [2026-08-04T08:37:28.839+0000] {dag.py:4180} INFO - Setting next_dagrun for example_subdag_operator.section-1 to None, run_after=None
[2026-08-04T08:37:28.840+0000] {logging_mixin.py:190} INFO - [2026-08-04T08:37:28.840+0000] {dag.py:4180} INFO - Setting next_dagrun for example_subdag_operator.section-2 to None, run_after=None
[2026-08-04T08:37:28.852+0000] {processor.py:208} INFO - Processing /home/airflow/.local/lib/python3.12/site-packages/airflow/example_dags/example_subdag_operator.py took 0.146 seconds
[2026-08-04T08:38:00.232+0000] {processor.py:186} INFO - Started process (PID=2182) to work on /home/airflow/.local/lib/python3.12/site-packages/airflow/example_dags/example_subdag_operator.py
[2026-08-04T08:38:00.233+0000] {processor.py:914} INFO - Processing file /home/airflow/.local/lib/python3.12/site-packages/airflow/example_dags/example_subdag_operator.py for tasks to queue
[2026-08-04T08:38:00.236+0000] {logging_mixin.py:190} INFO - [2026-08-04T08:38:00.236+0000] {dagbag.py:588} INFO - Filling up the DagBag from /home/airflow/.local/lib/python3.12/site-packages/airflow/example_dags/example_subdag_operator.py
[2026-08-04T08:38:00.260+0000] {processor.py:925} INFO - DAG(s) 'example_subdag_operator.section-1', 'example_subdag_operator.section-2', 'example_subdag_operator' retrieved from /home/airflow/.local/lib/python3.12/site-packages/airflow/example_dags/example_subdag_operator.py
[2026-08-04T08:38:00.274+0000] {logging_mixin.py:190} INFO - [2026-08-04T08:38:00.274+0000] {dag.py:3239} INFO - Sync 3 DAGs
[2026-08-04T08:38:00.297+0000] {logging_mixin.py:190} INFO - [2026-08-04T08:38:00.296+0000] {dag.py:4180} INFO - Setting next_dagrun for example_subdag_operator to 2022-01-01 00:00:00+00:00, run_after=2022-01-01 00:00:00+00:00
[2026-08-04T08:38:00.301+0000] {logging_mixin.py:190} INFO - [2026-08-04T08:38:00.301+0000] {dag.py:4180} INFO - Setting next_dagrun for example_subdag_operator.section-1 to None, run_after=None
[2026-08-04T08:38:00.304+0000] {logging_mixin.py:190} INFO - [2026-08-04T08:38:00.303+0000] {dag.py:4180} INFO - Setting next_dagrun for example_subdag_operator.section-2 to None, run_after=None
[2026-08-04T08:38:00.312+0000] {logging_mixin.py:190} INFO - [2026-08-04T08:38:00.312+0000] {dag.py:3239} INFO - Sync 2 DAGs
[2026-08-04T08:38:00.318+0000] {logging_mixin.py:190} INFO - [2026-08-04T08:38:00.317+0000] {dag.py:4180} INFO - Setting next_dagrun for example_subdag_operator.section-1 to None, run_after=None
[2026-08-04T08:38:00.319+0000] {logging_mixin.py:190} INFO - [2026-08-04T08:38:00.318+0000] {dag.py:4180} INFO - Setting next_dagrun for example_subdag_operator.section-2 to None, run_after=None
[2026-08-04T08:38:00.330+0000] {processor.py:208} INFO - Processing /home/airflow/.local/lib/python3.12/site-packages/airflow/example_dags/example_subdag_operator.py took 0.103 seconds
[2026-08-04T08:38:31.500+0000] {processor.py:186} INFO - Started process (PID=2247) to work on /home/airflow/.local/lib/python3.12/site-packages/airflow/example_dags/example_subdag_operator.py
[2026-08-04T08:38:31.501+0000] {processor.py:914} INFO - Processing file /home/airflow/.local/lib/python3.12/site-packages/airflow/example_dags/example_subdag_operator.py for tasks to queue
[2026-08-04T08:38:31.506+0000] {logging_mixin.py:190} INFO - [2026-08-04T08:38:31.505+0000] {dagbag.py:588} INFO - Filling up the DagBag from /home/airflow/.local/lib/python3.12/site-packages/airflow/example_dags/example_subdag_operator.py
[2026-08-04T08:38:31.535+0000] {processor.py:925} INFO - DAG(s) 'example_subdag_operator.section-1', 'example_subdag_operator.section-2', 'example_subdag_operator' retrieved from /home/airflow/.local/lib/python3.12/site-packages/airflow/example_dags/example_subdag_operator.py
[2026-08-04T08:38:31.552+0000] {logging_mixin.py:190} INFO - [2026-08-04T08:38:31.552+0000] {dag.py:3239} INFO - Sync 3 DAGs
[2026-08-04T08:38:31.577+0000] {logging_mixin.py:190} INFO - [2026-08-04T08:38:31.577+0000] {dag.py:4180} INFO - Setting next_dagrun for example_subdag_operator to 2022-01-01 00:00:00+00:00, run_after=2022-01-01 00:00:00+00:00
[2026-08-04T08:38:31.582+0000] {logging_mixin.py:190} INFO - [2026-08-04T08:38:31.582+0000] {dag.py:4180} INFO - Setting next_dagrun for example_subdag_operator.section-1 to None, run_after=None
[2026-08-04T08:38:31.584+0000] {logging_mixin.py:190} INFO - [2026-08-04T08:38:31.584+0000] {dag.py:4180} INFO - Setting next_dagrun for example_subdag_operator.section-2 to None, run_after=None
[2026-08-04T08:38:31.593+0000] {logging_mixin.py:190} INFO - [2026-08-04T08:38:31.593+0000] {dag.py:3239} INFO - Sync 2 DAGs
[2026-08-04T08:38:31.598+0000] {logging_mixin.py:190} INFO - [2026-08-04T08:38:31.598+0000] {dag.py:4180} INFO - Setting next_dagrun for example_subdag_operator.section-1 to None, run_after=None
[2026-08-04T08:38:31.600+0000] {logging_mixin.py:190} INFO - [2026-08-04T08:38:31.599+0000] {dag.py:4180} INFO - Setting next_dagrun for example_subdag_operator.section-2 to None, run_after=None
[2026-08-04T08:38:31.614+0000] {processor.py:208} INFO - Processing /home/airflow/.local/lib/python3.12/site-packages/airflow/example_dags/example_subdag_operator.py took 0.123 seconds
[2026-08-04T08:39:02.323+0000] {processor.py:186} INFO - Started process (PID=2313) to work on /home/airflow/.local/lib/python3.12/site-packages/airflow/example_dags/example_subdag_operator.py
[2026-08-04T08:39:02.325+0000] {processor.py:914} INFO - Processing file /home/airflow/.local/lib/python3.12/site-packages/airflow/example_dags/example_subdag_operator.py for tasks to queue
[2026-08-04T08:39:02.328+0000] {logging_mixin.py:190} INFO - [2026-08-04T08:39:02.327+0000] {dagbag.py:588} INFO - Filling up the DagBag from /home/airflow/.local/lib/python3.12/site-packages/airflow/example_dags/example_subdag_operator.py
[2026-08-04T08:39:02.354+0000] {processor.py:925} INFO - DAG(s) 'example_subdag_operator.section-1', 'example_subdag_operator.section-2', 'example_subdag_operator' retrieved from /home/airflow/.local/lib/python3.12/site-packages/airflow/example_dags/example_subdag_operator.py
[2026-08-04T08:39:02.371+0000] {logging_mixin.py:190} INFO - [2026-08-04T08:39:02.370+0000] {dag.py:3239} INFO - Sync 3 DAGs
[2026-08-04T08:39:02.397+0000] {logging_mixin.py:190} INFO - [2026-08-04T08:39:02.396+0000] {dag.py:4180} INFO - Setting next_dagrun for example_subdag_operator to 2022-01-01 00:00:00+00:00, run_after=2022-01-01 00:00:00+00:00
[2026-08-04T08:39:02.401+0000] {logging_mixin.py:190} INFO - [2026-08-04T08:39:02.401+0000] {dag.py:4180} INFO - Setting next_dagrun for example_subdag_operator.section-1 to None, run_after=None
[2026-08-04T08:39:02.403+0000] {logging_mixin.py:190} INFO - [2026-08-04T08:39:02.403+0000] {dag.py:4180} INFO - Setting next_dagrun for example_subdag_operator.section-2 to None, run_after=None
[2026-08-04T08:39:02.412+0000] {logging_mixin.py:190} INFO - [2026-08-04T08:39:02.412+0000] {dag.py:3239} INFO - Sync 2 DAGs
[2026-08-04T08:39:02.418+0000] {logging_mixin.py:190} INFO - [2026-08-04T08:39:02.418+0000] {dag.py:4180} INFO - Setting next_dagrun for example_subdag_operator.section-1 to None, run_after=None
[2026-08-04T08:39:02.419+0000] {logging_mixin.py:190} INFO - [2026-08-04T08:39:02.419+0000] {dag.py:4180} INFO - Setting next_dagrun for example_subdag_operator.section-2 to None, run_after=None
[2026-08-04T08:39:02.432+0000] {processor.py:208} INFO - Processing /home/airflow/.local/lib/python3.12/site-packages/airflow/example_dags/example_subdag_operator.py took 0.115 seconds
[2026-08-04T08:39:32.698+0000] {processor.py:186} INFO - Started process (PID=2377) to work on /home/airflow/.local/lib/python3.12/site-packages/airflow/example_dags/example_subdag_operator.py
[2026-08-04T08:39:32.699+0000] {processor.py:914} INFO - Processing file /home/airflow/.local/lib/python3.12/site-packages/airflow/example_dags/example_subdag_operator.py for tasks to queue
[2026-08-04T08:39:32.702+0000] {logging_mixin.py:190} INFO - [2026-08-04T08:39:32.702+0000] {dagbag.py:588} INFO - Filling up the DagBag from /home/airflow/.local/lib/python3.12/site-packages/airflow/example_dags/example_subdag_operator.py
[2026-08-04T08:39:32.729+0000] {processor.py:925} INFO - DAG(s) 'example_subdag_operator.section-1', 'example_subdag_operator.section-2', 'example_subdag_operator' retrieved from /home/airflow/.local/lib/python3.12/site-packages/airflow/example_dags/example_subdag_operator.py
[2026-08-04T08:39:32.745+0000] {logging_mixin.py:190} INFO - [2026-08-04T08:39:32.744+0000] {dag.py:3239} INFO - Sync 3 DAGs
[2026-08-04T08:39:32.777+0000] {logging_mixin.py:190} INFO - [2026-08-04T08:39:32.777+0000] {dag.py:4180} INFO - Setting next_dagrun for example_subdag_operator to 2022-01-01 00:00:00+00:00, run_after=2022-01-01 00:00:00+00:00
[2026-08-04T08:39:32.783+0000] {logging_mixin.py:190} INFO - [2026-08-04T08:39:32.782+0000] {dag.py:4180} INFO - Setting next_dagrun for example_subdag_operator.section-1 to None, run_after=None
[2026-08-04T08:39:32.785+0000] {logging_mixin.py:190} INFO - [2026-08-04T08:39:32.785+0000] {dag.py:4180} INFO - Setting next_dagrun for example_subdag_operator.section-2 to None, run_after=None
[2026-08-04T08:39:32.795+0000] {logging_mixin.py:190} INFO - [2026-08-04T08:39:32.795+0000] {dag.py:3239} INFO - Sync 2 DAGs
[2026-08-04T08:39:32.802+0000] {logging_mixin.py:190} INFO - [2026-08-04T08:39:32.802+0000] {dag.py:4180} INFO - Setting next_dagrun for example_subdag_operator.section-1 to None, run_after=None
[2026-08-04T08:39:32.804+0000] {logging_mixin.py:190} INFO - [2026-08-04T08:39:32.803+0000] {dag.py:4180} INFO - Setting next_dagrun for example_subdag_operator.section-2 to None, run_after=None
[2026-08-04T08:39:32.824+0000] {processor.py:208} INFO - Processing /home/airflow/.local/lib/python3.12/site-packages/airflow/example_dags/example_subdag_operator.py took 0.132 seconds
[2026-08-04T08:40:02.926+0000] {processor.py:186} INFO - Started process (PID=2441) to work on /home/airflow/.local/lib/python3.12/site-packages/airflow/example_dags/example_subdag_operator.py
[2026-08-04T08:40:02.927+0000] {processor.py:914} INFO - Processing file /home/airflow/.local/lib/python3.12/site-packages/airflow/example_dags/example_subdag_operator.py for tasks to queue
[2026-08-04T08:40:02.931+0000] {logging_mixin.py:190} INFO - [2026-08-04T08:40:02.931+0000] {dagbag.py:588} INFO - Filling up the DagBag from /home/airflow/.local/lib/python3.12/site-packages/airflow/example_dags/example_subdag_operator.py
[2026-08-04T08:40:02.960+0000] {processor.py:925} INFO - DAG(s) 'example_subdag_operator.section-1', 'example_subdag_operator.section-2', 'example_subdag_operator' retrieved from /home/airflow/.local/lib/python3.12/site-packages/airflow/example_dags/example_subdag_operator.py
[2026-08-04T08:40:02.976+0000] {logging_mixin.py:190} INFO - [2026-08-04T08:40:02.975+0000] {dag.py:3239} INFO - Sync 3 DAGs
[2026-08-04T08:40:03.006+0000] {logging_mixin.py:190} INFO - [2026-08-04T08:40:03.006+0000] {dag.py:4180} INFO - Setting next_dagrun for example_subdag_operator to 2022-01-01 00:00:00+00:00, run_after=2022-01-01 00:00:00+00:00
[2026-08-04T08:40:03.012+0000] {logging_mixin.py:190} INFO - [2026-08-04T08:40:03.012+0000] {dag.py:4180} INFO - Setting next_dagrun for example_subdag_operator.section-1 to None, run_after=None
[2026-08-04T08:40:03.014+0000] {logging_mixin.py:190} INFO - [2026-08-04T08:40:03.014+0000] {dag.py:4180} INFO - Setting next_dagrun for example_subdag_operator.section-2 to None, run_after=None
[2026-08-04T08:40:03.022+0000] {logging_mixin.py:190} INFO - [2026-08-04T08:40:03.022+0000] {dag.py:3239} INFO - Sync 2 DAGs
[2026-08-04T08:40:03.029+0000] {logging_mixin.py:190} INFO - [2026-08-04T08:40:03.029+0000] {dag.py:4180} INFO - Setting next_dagrun for example_subdag_operator.section-1 to None, run_after=None
[2026-08-04T08:40:03.030+0000] {logging_mixin.py:190} INFO - [2026-08-04T08:40:03.030+0000] {dag.py:4180} INFO - Setting next_dagrun for example_subdag_operator.section-2 to None, run_after=None
[2026-08-04T08:40:03.044+0000] {processor.py:208} INFO - Processing /home/airflow/.local/lib/python3.12/site-packages/airflow/example_dags/example_subdag_operator.py took 0.124 seconds
[2026-08-04T08:40:33.178+0000] {processor.py:186} INFO - Started process (PID=2506) to work on /home/airflow/.local/lib/python3.12/site-packages/airflow/example_dags/example_subdag_operator.py
[2026-08-04T08:40:33.179+0000] {processor.py:914} INFO - Processing file /home/airflow/.local/lib/python3.12/site-packages/airflow/example_dags/example_subdag_operator.py for tasks to queue
[2026-08-04T08:40:33.183+0000] {logging_mixin.py:190} INFO - [2026-08-04T08:40:33.182+0000] {dagbag.py:588} INFO - Filling up the DagBag from /home/airflow/.local/lib/python3.12/site-packages/airflow/example_dags/example_subdag_operator.py
[2026-08-04T08:40:33.208+0000] {processor.py:925} INFO - DAG(s) 'example_subdag_operator.section-1', 'example_subdag_operator.section-2', 'example_subdag_operator' retrieved from /home/airflow/.local/lib/python3.12/site-packages/airflow/example_dags/example_subdag_operator.py
[2026-08-04T08:40:33.225+0000] {logging_mixin.py:190} INFO - [2026-08-04T08:40:33.225+0000] {dag.py:3239} INFO - Sync 3 DAGs
[2026-08-04T08:40:33.250+0000] {logging_mixin.py:190} INFO - [2026-08-04T08:40:33.250+0000] {dag.py:4180} INFO - Setting next_dagrun for example_subdag_operator to 2022-01-01 00:00:00+00:00, run_after=2022-01-01 00:00:00+00:00
[2026-08-04T08:40:33.255+0000] {logging_mixin.py:190} INFO - [2026-08-04T08:40:33.255+0000] {dag.py:4180} INFO - Setting next_dagrun for example_subdag_operator.section-1 to None, run_after=None
[2026-08-04T08:40:33.257+0000] {logging_mixin.py:190} INFO - [2026-08-04T08:40:33.257+0000] {dag.py:4180} INFO - Setting next_dagrun for example_subdag_operator.section-2 to None, run_after=None
[2026-08-04T08:40:33.265+0000] {logging_mixin.py:190} INFO - [2026-08-04T08:40:33.265+0000] {dag.py:3239} INFO - Sync 2 DAGs
[2026-08-04T08:40:33.271+0000] {logging_mixin.py:190} INFO - [2026-08-04T08:40:33.271+0000] {dag.py:4180} INFO - Setting next_dagrun for example_subdag_operator.section-1 to None, run_after=None
[2026-08-04T08:40:33.272+0000] {logging_mixin.py:190} INFO - [2026-08-04T08:40:33.272+0000] {dag.py:4180} INFO - Setting next_dagrun for example_subdag_operator.section-2 to None, run_after=None
[2026-08-04T08:40:33.285+0000] {processor.py:208} INFO - Processing /home/airflow/.local/lib/python3.12/site-packages/airflow/example_dags/example_subdag_operator.py took 0.113 seconds
[2026-08-04T08:41:03.892+0000] {processor.py:186} INFO - Started process (PID=2571) to work on /home/airflow/.local/lib/python3.12/site-packages/airflow/example_dags/example_subdag_operator.py
[2026-08-04T08:41:03.893+0000] {processor.py:914} INFO - Processing file /home/airflow/.local/lib/python3.12/site-packages/airflow/example_dags/example_subdag_operator.py for tasks to queue
[2026-08-04T08:41:03.898+0000] {logging_mixin.py:190} INFO - [2026-08-04T08:41:03.897+0000] {dagbag.py:588} INFO - Filling up the DagBag from /home/airflow/.local/lib/python3.12/site-packages/airflow/example_dags/example_subdag_operator.py
[2026-08-04T08:41:03.927+0000] {processor.py:925} INFO - DAG(s) 'example_subdag_operator.section-1', 'example_subdag_operator.section-2', 'example_subdag_operator' retrieved from /home/airflow/.local/lib/python3.12/site-packages/airflow/example_dags/example_subdag_operator.py
[2026-08-04T08:41:03.943+0000] {logging_mixin.py:190} INFO - [2026-08-04T08:41:03.943+0000] {dag.py:3239} INFO - Sync 3 DAGs
[2026-08-04T08:41:03.970+0000] {logging_mixin.py:190} INFO - [2026-08-04T08:41:03.969+0000] {dag.py:4180} INFO - Setting next_dagrun for example_subdag_operator to 2022-01-01 00:00:00+00:00, run_after=2022-01-01 00:00:00+00:00
[2026-08-04T08:41:03.974+0000] {logging_mixin.py:190} INFO - [2026-08-04T08:41:03.974+0000] {dag.py:4180} INFO - Setting next_dagrun for example_subdag_operator.section-1 to None, run_after=None
[2026-08-04T08:41:03.976+0000] {logging_mixin.py:190} INFO - [2026-08-04T08:41:03.976+0000] {dag.py:4180} INFO - Setting next_dagrun for example_subdag_operator.section-2 to None, run_after=None
[2026-08-04T08:41:03.985+0000] {logging_mixin.py:190} INFO - [2026-08-04T08:41:03.984+0000] {dag.py:3239} INFO - Sync 2 DAGs
[2026-08-04T08:41:03.991+0000] {logging_mixin.py:190} INFO - [2026-08-04T08:41:03.991+0000] {dag.py:4180} INFO - Setting next_dagrun for example_subdag_operator.section-1 to None, run_after=None
[2026-08-04T08:41:03.993+0000] {logging_mixin.py:190} INFO - [2026-08-04T08:41:03.992+0000] {dag.py:4180} INFO - Setting next_dagrun for example_subdag_operator.section-2 to None, run_after=None
[2026-08-04T08:41:04.009+0000] {processor.py:208} INFO - Processing /home/airflow/.local/lib/python3.12/site-packages/airflow/example_dags/example_subdag_operator.py took 0.125 seconds
[2026-08-04T08:41:34.439+0000] {processor.py:186} INFO - Started process (PID=2636) to work on /home/airflow/.local/lib/python3.12/site-packages/airflow/example_dags/example_subdag_operator.py
[2026-08-04T08:41:34.440+0000] {processor.py:914} INFO - Processing file /home/airflow/.local/lib/python3.12/site-packages/airflow/example_dags/example_subdag_operator.py for tasks to queue
[2026-08-04T08:41:34.445+0000] {logging_mixin.py:190} INFO - [2026-08-04T08:41:34.445+0000] {dagbag.py:588} INFO - Filling up the DagBag from /home/airflow/.local/lib/python3.12/site-packages/airflow/example_dags/example_subdag_operator.py
[2026-08-04T08:41:34.479+0000] {processor.py:925} INFO - DAG(s) 'example_subdag_operator.section-1', 'example_subdag_operator.section-2', 'example_subdag_operator' retrieved from /home/airflow/.local/lib/python3.12/site-packages/airflow/example_dags/example_subdag_operator.py
[2026-08-04T08:41:34.500+0000] {logging_mixin.py:190} INFO - [2026-08-04T08:41:34.500+0000] {dag.py:3239} INFO - Sync 3 DAGs
[2026-08-04T08:41:34.534+0000] {logging_mixin.py:190} INFO - [2026-08-04T08:41:34.534+0000] {dag.py:4180} INFO - Setting next_dagrun for example_subdag_operator to 2022-01-01 00:00:00+00:00, run_after=2022-01-01 00:00:00+00:00
[2026-08-04T08:41:34.540+0000] {logging_mixin.py:190} INFO - [2026-08-04T08:41:34.540+0000] {dag.py:4180} INFO - Setting next_dagrun for example_subdag_operator.section-1 to None, run_after=None
[2026-08-04T08:41:34.542+0000] {logging_mixin.py:190} INFO - [2026-08-04T08:41:34.542+0000] {dag.py:4180} INFO - Setting next_dagrun for example_subdag_operator.section-2 to None, run_after=None
[2026-08-04T08:41:34.552+0000] {logging_mixin.py:190} INFO - [2026-08-04T08:41:34.552+0000] {dag.py:3239} INFO - Sync 2 DAGs
[2026-08-04T08:41:34.559+0000] {logging_mixin.py:190} INFO - [2026-08-04T08:41:34.558+0000] {dag.py:4180} INFO - Setting next_dagrun for example_subdag_operator.section-1 to None, run_after=None
[2026-08-04T08:41:34.560+0000] {logging_mixin.py:190} INFO - [2026-08-04T08:41:34.560+0000] {dag.py:4180} INFO - Setting next_dagrun for example_subdag_operator.section-2 to None, run_after=None
[2026-08-04T08:41:34.574+0000] {processor.py:208} INFO - Processing /home/airflow/.local/lib/python3.12/site-packages/airflow/example_dags/example_subdag_operator.py took 0.142 seconds
