[2026-08-04T07:47:07.873+0000] {processor.py:186} INFO - Started process (PID=80) to work on /home/airflow/.local/lib/python3.12/site-packages/airflow/example_dags/example_branch_datetime_operator.py
[2026-08-04T07:47:07.875+0000] {processor.py:914} INFO - Processing file /home/airflow/.local/lib/python3.12/site-packages/airflow/example_dags/example_branch_datetime_operator.py for tasks to queue
[2026-08-04T07:47:07.880+0000] {logging_mixin.py:190} INFO - [2026-08-04T07:47:07.879+0000] {dagbag.py:588} INFO - Filling up the DagBag from /home/airflow/.local/lib/python3.12/site-packages/airflow/example_dags/example_branch_datetime_operator.py
[2026-08-04T07:47:07.921+0000] {processor.py:925} INFO - DAG(s) 'example_branch_datetime_operator_2', 'example_branch_datetime_operator_3', 'example_branch_datetime_operator' retrieved from /home/airflow/.local/lib/python3.12/site-packages/airflow/example_dags/example_branch_datetime_operator.py
[2026-08-04T07:47:08.009+0000] {logging_mixin.py:190} INFO - [2026-08-04T07:47:08.008+0000] {dag.py:3239} INFO - Sync 3 DAGs
[2026-08-04T07:47:08.074+0000] {logging_mixin.py:190} INFO - [2026-08-04T07:47:08.074+0000] {dag.py:4180} INFO - Setting next_dagrun for example_branch_datetime_operator to 2026-08-03 00:00:00+00:00, run_after=2026-08-04 00:00:00+00:00
[2026-08-04T07:47:08.084+0000] {logging_mixin.py:190} INFO - [2026-08-04T07:47:08.084+0000] {dag.py:4180} INFO - Setting next_dagrun for example_branch_datetime_operator_2 to 2026-08-03 00:00:00+00:00, run_after=2026-08-04 00:00:00+00:00
[2026-08-04T07:47:08.089+0000] {logging_mixin.py:190} INFO - [2026-08-04T07:47:08.089+0000] {dag.py:4180} INFO - Setting next_dagrun for example_branch_datetime_operator_3 to 2026-08-03 00:00:00+00:00, run_after=2026-08-04 00:00:00+00:00
[2026-08-04T07:47:08.124+0000] {processor.py:208} INFO - Processing /home/airflow/.local/lib/python3.12/site-packages/airflow/example_dags/example_branch_datetime_operator.py took 0.260 seconds
[2026-08-04T08:21:15.697+0000] {processor.py:186} INFO - Started process (PID=80) to work on /home/airflow/.local/lib/python3.12/site-packages/airflow/example_dags/example_branch_datetime_operator.py
[2026-08-04T08:21:15.700+0000] {processor.py:914} INFO - Processing file /home/airflow/.local/lib/python3.12/site-packages/airflow/example_dags/example_branch_datetime_operator.py for tasks to queue
[2026-08-04T08:21:15.708+0000] {logging_mixin.py:190} INFO - [2026-08-04T08:21:15.707+0000] {dagbag.py:588} INFO - Filling up the DagBag from /home/airflow/.local/lib/python3.12/site-packages/airflow/example_dags/example_branch_datetime_operator.py
[2026-08-04T08:21:15.735+0000] {processor.py:925} INFO - DAG(s) 'example_branch_datetime_operator', 'example_branch_datetime_operator_2', 'example_branch_datetime_operator_3' retrieved from /home/airflow/.local/lib/python3.12/site-packages/airflow/example_dags/example_branch_datetime_operator.py
[2026-08-04T08:21:15.789+0000] {logging_mixin.py:190} INFO - [2026-08-04T08:21:15.788+0000] {dag.py:3239} INFO - Sync 3 DAGs
[2026-08-04T08:21:15.832+0000] {logging_mixin.py:190} INFO - [2026-08-04T08:21:15.831+0000] {dag.py:4180} INFO - Setting next_dagrun for example_branch_datetime_operator to 2026-08-03 00:00:00+00:00, run_after=2026-08-04 00:00:00+00:00
[2026-08-04T08:21:15.839+0000] {logging_mixin.py:190} INFO - [2026-08-04T08:21:15.838+0000] {dag.py:4180} INFO - Setting next_dagrun for example_branch_datetime_operator_2 to 2026-08-03 00:00:00+00:00, run_after=2026-08-04 00:00:00+00:00
[2026-08-04T08:21:15.843+0000] {logging_mixin.py:190} INFO - [2026-08-04T08:21:15.843+0000] {dag.py:4180} INFO - Setting next_dagrun for example_branch_datetime_operator_3 to 2026-08-03 00:00:00+00:00, run_after=2026-08-04 00:00:00+00:00
[2026-08-04T08:21:15.870+0000] {processor.py:208} INFO - Processing /home/airflow/.local/lib/python3.12/site-packages/airflow/example_dags/example_branch_datetime_operator.py took 0.192 seconds
[2026-08-04T08:21:46.861+0000] {processor.py:186} INFO - Started process (PID=145) to work on /home/airflow/.local/lib/python3.12/site-packages/airflow/example_dags/example_branch_datetime_operator.py
[2026-08-04T08:21:46.863+0000] {processor.py:914} INFO - Processing file /home/airflow/.local/lib/python3.12/site-packages/airflow/example_dags/example_branch_datetime_operator.py for tasks to queue
[2026-08-04T08:21:46.867+0000] {logging_mixin.py:190} INFO - [2026-08-04T08:21:46.866+0000] {dagbag.py:588} INFO - Filling up the DagBag from /home/airflow/.local/lib/python3.12/site-packages/airflow/example_dags/example_branch_datetime_operator.py
[2026-08-04T08:21:46.882+0000] {processor.py:925} INFO - DAG(s) 'example_branch_datetime_operator_2', 'example_branch_datetime_operator_3', 'example_branch_datetime_operator' retrieved from /home/airflow/.local/lib/python3.12/site-packages/airflow/example_dags/example_branch_datetime_operator.py
[2026-08-04T08:21:46.914+0000] {logging_mixin.py:190} INFO - [2026-08-04T08:21:46.914+0000] {dag.py:3239} INFO - Sync 3 DAGs
[2026-08-04T08:21:46.948+0000] {logging_mixin.py:190} INFO - [2026-08-04T08:21:46.947+0000] {dag.py:4180} INFO - Setting next_dagrun for example_branch_datetime_operator to 2026-08-03 00:00:00+00:00, run_after=2026-08-04 00:00:00+00:00
[2026-08-04T08:21:46.953+0000] {logging_mixin.py:190} INFO - [2026-08-04T08:21:46.953+0000] {dag.py:4180} INFO - Setting next_dagrun for example_branch_datetime_operator_2 to 2026-08-03 00:00:00+00:00, run_after=2026-08-04 00:00:00+00:00
[2026-08-04T08:21:46.957+0000] {logging_mixin.py:190} INFO - [2026-08-04T08:21:46.957+0000] {dag.py:4180} INFO - Setting next_dagrun for example_branch_datetime_operator_3 to 2026-08-03 00:00:00+00:00, run_after=2026-08-04 00:00:00+00:00
[2026-08-04T08:21:46.978+0000] {processor.py:208} INFO - Processing /home/airflow/.local/lib/python3.12/site-packages/airflow/example_dags/example_branch_datetime_operator.py took 0.126 seconds
[2026-08-04T08:22:17.134+0000] {processor.py:186} INFO - Started process (PID=210) to work on /home/airflow/.local/lib/python3.12/site-packages/airflow/example_dags/example_branch_datetime_operator.py
[2026-08-04T08:22:17.136+0000] {processor.py:914} INFO - Processing file /home/airflow/.local/lib/python3.12/site-packages/airflow/example_dags/example_branch_datetime_operator.py for tasks to queue
[2026-08-04T08:22:17.141+0000] {logging_mixin.py:190} INFO - [2026-08-04T08:22:17.141+0000] {dagbag.py:588} INFO - Filling up the DagBag from /home/airflow/.local/lib/python3.12/site-packages/airflow/example_dags/example_branch_datetime_operator.py
[2026-08-04T08:22:17.161+0000] {processor.py:925} INFO - DAG(s) 'example_branch_datetime_operator_2', 'example_branch_datetime_operator', 'example_branch_datetime_operator_3' retrieved from /home/airflow/.local/lib/python3.12/site-packages/airflow/example_dags/example_branch_datetime_operator.py
[2026-08-04T08:22:17.202+0000] {logging_mixin.py:190} INFO - [2026-08-04T08:22:17.202+0000] {dag.py:3239} INFO - Sync 3 DAGs
[2026-08-04T08:22:17.238+0000] {logging_mixin.py:190} INFO - [2026-08-04T08:22:17.238+0000] {dag.py:4180} INFO - Setting next_dagrun for example_branch_datetime_operator to 2026-08-03 00:00:00+00:00, run_after=2026-08-04 00:00:00+00:00
[2026-08-04T08:22:17.247+0000] {logging_mixin.py:190} INFO - [2026-08-04T08:22:17.246+0000] {dag.py:4180} INFO - Setting next_dagrun for example_branch_datetime_operator_2 to 2026-08-03 00:00:00+00:00, run_after=2026-08-04 00:00:00+00:00
[2026-08-04T08:22:17.250+0000] {logging_mixin.py:190} INFO - [2026-08-04T08:22:17.250+0000] {dag.py:4180} INFO - Setting next_dagrun for example_branch_datetime_operator_3 to 2026-08-03 00:00:00+00:00, run_after=2026-08-04 00:00:00+00:00
[2026-08-04T08:22:17.275+0000] {processor.py:208} INFO - Processing /home/airflow/.local/lib/python3.12/site-packages/airflow/example_dags/example_branch_datetime_operator.py took 0.155 seconds
[2026-08-04T08:22:47.787+0000] {processor.py:186} INFO - Started process (PID=275) to work on /home/airflow/.local/lib/python3.12/site-packages/airflow/example_dags/example_branch_datetime_operator.py
[2026-08-04T08:22:47.788+0000] {processor.py:914} INFO - Processing file /home/airflow/.local/lib/python3.12/site-packages/airflow/example_dags/example_branch_datetime_operator.py for tasks to queue
[2026-08-04T08:22:47.792+0000] {logging_mixin.py:190} INFO - [2026-08-04T08:22:47.791+0000] {dagbag.py:588} INFO - Filling up the DagBag from /home/airflow/.local/lib/python3.12/site-packages/airflow/example_dags/example_branch_datetime_operator.py
[2026-08-04T08:22:47.808+0000] {processor.py:925} INFO - DAG(s) 'example_branch_datetime_operator_2', 'example_branch_datetime_operator_3', 'example_branch_datetime_operator' retrieved from /home/airflow/.local/lib/python3.12/site-packages/airflow/example_dags/example_branch_datetime_operator.py
[2026-08-04T08:22:47.843+0000] {logging_mixin.py:190} INFO - [2026-08-04T08:22:47.843+0000] {dag.py:3239} INFO - Sync 3 DAGs
[2026-08-04T08:22:47.882+0000] {logging_mixin.py:190} INFO - [2026-08-04T08:22:47.882+0000] {dag.py:4180} INFO - Setting next_dagrun for example_branch_datetime_operator to 2026-08-03 00:00:00+00:00, run_after=2026-08-04 00:00:00+00:00
[2026-08-04T08:22:47.891+0000] {logging_mixin.py:190} INFO - [2026-08-04T08:22:47.890+0000] {dag.py:4180} INFO - Setting next_dagrun for example_branch_datetime_operator_2 to 2026-08-03 00:00:00+00:00, run_after=2026-08-04 00:00:00+00:00
[2026-08-04T08:22:47.894+0000] {logging_mixin.py:190} INFO - [2026-08-04T08:22:47.894+0000] {dag.py:4180} INFO - Setting next_dagrun for example_branch_datetime_operator_3 to 2026-08-03 00:00:00+00:00, run_after=2026-08-04 00:00:00+00:00
[2026-08-04T08:22:47.921+0000] {processor.py:208} INFO - Processing /home/airflow/.local/lib/python3.12/site-packages/airflow/example_dags/example_branch_datetime_operator.py took 0.143 seconds
[2026-08-04T08:23:18.623+0000] {processor.py:186} INFO - Started process (PID=340) to work on /home/airflow/.local/lib/python3.12/site-packages/airflow/example_dags/example_branch_datetime_operator.py
[2026-08-04T08:23:18.625+0000] {processor.py:914} INFO - Processing file /home/airflow/.local/lib/python3.12/site-packages/airflow/example_dags/example_branch_datetime_operator.py for tasks to queue
[2026-08-04T08:23:18.634+0000] {logging_mixin.py:190} INFO - [2026-08-04T08:23:18.633+0000] {dagbag.py:588} INFO - Filling up the DagBag from /home/airflow/.local/lib/python3.12/site-packages/airflow/example_dags/example_branch_datetime_operator.py
[2026-08-04T08:23:18.670+0000] {processor.py:925} INFO - DAG(s) 'example_branch_datetime_operator_3', 'example_branch_datetime_operator', 'example_branch_datetime_operator_2' retrieved from /home/airflow/.local/lib/python3.12/site-packages/airflow/example_dags/example_branch_datetime_operator.py
[2026-08-04T08:23:18.738+0000] {logging_mixin.py:190} INFO - [2026-08-04T08:23:18.737+0000] {dag.py:3239} INFO - Sync 3 DAGs
[2026-08-04T08:23:18.798+0000] {logging_mixin.py:190} INFO - [2026-08-04T08:23:18.797+0000] {dag.py:4180} INFO - Setting next_dagrun for example_branch_datetime_operator to 2026-08-03 00:00:00+00:00, run_after=2026-08-04 00:00:00+00:00
[2026-08-04T08:23:18.810+0000] {logging_mixin.py:190} INFO - [2026-08-04T08:23:18.810+0000] {dag.py:4180} INFO - Setting next_dagrun for example_branch_datetime_operator_2 to 2026-08-03 00:00:00+00:00, run_after=2026-08-04 00:00:00+00:00
[2026-08-04T08:23:18.815+0000] {logging_mixin.py:190} INFO - [2026-08-04T08:23:18.815+0000] {dag.py:4180} INFO - Setting next_dagrun for example_branch_datetime_operator_3 to 2026-08-03 00:00:00+00:00, run_after=2026-08-04 00:00:00+00:00
[2026-08-04T08:23:18.842+0000] {processor.py:208} INFO - Processing /home/airflow/.local/lib/python3.12/site-packages/airflow/example_dags/example_branch_datetime_operator.py took 0.239 seconds
[2026-08-04T08:23:49.149+0000] {processor.py:186} INFO - Started process (PID=405) to work on /home/airflow/.local/lib/python3.12/site-packages/airflow/example_dags/example_branch_datetime_operator.py
[2026-08-04T08:23:49.151+0000] {processor.py:914} INFO - Processing file /home/airflow/.local/lib/python3.12/site-packages/airflow/example_dags/example_branch_datetime_operator.py for tasks to queue
[2026-08-04T08:23:49.155+0000] {logging_mixin.py:190} INFO - [2026-08-04T08:23:49.155+0000] {dagbag.py:588} INFO - Filling up the DagBag from /home/airflow/.local/lib/python3.12/site-packages/airflow/example_dags/example_branch_datetime_operator.py
[2026-08-04T08:23:49.173+0000] {processor.py:925} INFO - DAG(s) 'example_branch_datetime_operator_2', 'example_branch_datetime_operator', 'example_branch_datetime_operator_3' retrieved from /home/airflow/.local/lib/python3.12/site-packages/airflow/example_dags/example_branch_datetime_operator.py
[2026-08-04T08:23:49.205+0000] {logging_mixin.py:190} INFO - [2026-08-04T08:23:49.205+0000] {dag.py:3239} INFO - Sync 3 DAGs
[2026-08-04T08:23:49.236+0000] {logging_mixin.py:190} INFO - [2026-08-04T08:23:49.236+0000] {dag.py:4180} INFO - Setting next_dagrun for example_branch_datetime_operator to 2026-08-03 00:00:00+00:00, run_after=2026-08-04 00:00:00+00:00
[2026-08-04T08:23:49.245+0000] {logging_mixin.py:190} INFO - [2026-08-04T08:23:49.244+0000] {dag.py:4180} INFO - Setting next_dagrun for example_branch_datetime_operator_2 to 2026-08-03 00:00:00+00:00, run_after=2026-08-04 00:00:00+00:00
[2026-08-04T08:23:49.251+0000] {logging_mixin.py:190} INFO - [2026-08-04T08:23:49.251+0000] {dag.py:4180} INFO - Setting next_dagrun for example_branch_datetime_operator_3 to 2026-08-03 00:00:00+00:00, run_after=2026-08-04 00:00:00+00:00
[2026-08-04T08:23:49.272+0000] {processor.py:208} INFO - Processing /home/airflow/.local/lib/python3.12/site-packages/airflow/example_dags/example_branch_datetime_operator.py took 0.130 seconds
[2026-08-04T08:24:19.872+0000] {processor.py:186} INFO - Started process (PID=470) to work on /home/airflow/.local/lib/python3.12/site-packages/airflow/example_dags/example_branch_datetime_operator.py
[2026-08-04T08:24:19.873+0000] {processor.py:914} INFO - Processing file /home/airflow/.local/lib/python3.12/site-packages/airflow/example_dags/example_branch_datetime_operator.py for tasks to queue
[2026-08-04T08:24:19.876+0000] {logging_mixin.py:190} INFO - [2026-08-04T08:24:19.876+0000] {dagbag.py:588} INFO - Filling up the DagBag from /home/airflow/.local/lib/python3.12/site-packages/airflow/example_dags/example_branch_datetime_operator.py
[2026-08-04T08:24:19.895+0000] {processor.py:925} INFO - DAG(s) 'example_branch_datetime_operator_3', 'example_branch_datetime_operator', 'example_branch_datetime_operator_2' retrieved from /home/airflow/.local/lib/python3.12/site-packages/airflow/example_dags/example_branch_datetime_operator.py
[2026-08-04T08:24:19.927+0000] {logging_mixin.py:190} INFO - [2026-08-04T08:24:19.926+0000] {dag.py:3239} INFO - Sync 3 DAGs
[2026-08-04T08:24:19.954+0000] {logging_mixin.py:190} INFO - [2026-08-04T08:24:19.954+0000] {dag.py:4180} INFO - Setting next_dagrun for example_branch_datetime_operator to 2026-08-03 00:00:00+00:00, run_after=2026-08-04 00:00:00+00:00
[2026-08-04T08:24:19.960+0000] {logging_mixin.py:190} INFO - [2026-08-04T08:24:19.960+0000] {dag.py:4180} INFO - Setting next_dagrun for example_branch_datetime_operator_2 to 2026-08-03 00:00:00+00:00, run_after=2026-08-04 00:00:00+00:00
[2026-08-04T08:24:19.964+0000] {logging_mixin.py:190} INFO - [2026-08-04T08:24:19.963+0000] {dag.py:4180} INFO - Setting next_dagrun for example_branch_datetime_operator_3 to 2026-08-03 00:00:00+00:00, run_after=2026-08-04 00:00:00+00:00
[2026-08-04T08:24:19.989+0000] {processor.py:208} INFO - Processing /home/airflow/.local/lib/python3.12/site-packages/airflow/example_dags/example_branch_datetime_operator.py took 0.126 seconds
[2026-08-04T08:24:50.125+0000] {processor.py:186} INFO - Started process (PID=535) to work on /home/airflow/.local/lib/python3.12/site-packages/airflow/example_dags/example_branch_datetime_operator.py
[2026-08-04T08:24:50.127+0000] {processor.py:914} INFO - Processing file /home/airflow/.local/lib/python3.12/site-packages/airflow/example_dags/example_branch_datetime_operator.py for tasks to queue
[2026-08-04T08:24:50.132+0000] {logging_mixin.py:190} INFO - [2026-08-04T08:24:50.131+0000] {dagbag.py:588} INFO - Filling up the DagBag from /home/airflow/.local/lib/python3.12/site-packages/airflow/example_dags/example_branch_datetime_operator.py
[2026-08-04T08:24:50.149+0000] {processor.py:925} INFO - DAG(s) 'example_branch_datetime_operator', 'example_branch_datetime_operator_3', 'example_branch_datetime_operator_2' retrieved from /home/airflow/.local/lib/python3.12/site-packages/airflow/example_dags/example_branch_datetime_operator.py
[2026-08-04T08:24:50.195+0000] {logging_mixin.py:190} INFO - [2026-08-04T08:24:50.194+0000] {dag.py:3239} INFO - Sync 3 DAGs
[2026-08-04T08:24:50.228+0000] {logging_mixin.py:190} INFO - [2026-08-04T08:24:50.228+0000] {dag.py:4180} INFO - Setting next_dagrun for example_branch_datetime_operator to 2026-08-03 00:00:00+00:00, run_after=2026-08-04 00:00:00+00:00
[2026-08-04T08:24:50.234+0000] {logging_mixin.py:190} INFO - [2026-08-04T08:24:50.233+0000] {dag.py:4180} INFO - Setting next_dagrun for example_branch_datetime_operator_2 to 2026-08-03 00:00:00+00:00, run_after=2026-08-04 00:00:00+00:00
[2026-08-04T08:24:50.236+0000] {logging_mixin.py:190} INFO - [2026-08-04T08:24:50.236+0000] {dag.py:4180} INFO - Setting next_dagrun for example_branch_datetime_operator_3 to 2026-08-03 00:00:00+00:00, run_after=2026-08-04 00:00:00+00:00
[2026-08-04T08:24:50.257+0000] {processor.py:208} INFO - Processing /home/airflow/.local/lib/python3.12/site-packages/airflow/example_dags/example_branch_datetime_operator.py took 0.141 seconds
[2026-08-04T08:25:20.349+0000] {processor.py:186} INFO - Started process (PID=600) to work on /home/airflow/.local/lib/python3.12/site-packages/airflow/example_dags/example_branch_datetime_operator.py
[2026-08-04T08:25:20.350+0000] {processor.py:914} INFO - Processing file /home/airflow/.local/lib/python3.12/site-packages/airflow/example_dags/example_branch_datetime_operator.py for tasks to queue
[2026-08-04T08:25:20.354+0000] {logging_mixin.py:190} INFO - [2026-08-04T08:25:20.354+0000] {dagbag.py:588} INFO - Filling up the DagBag from /home/airflow/.local/lib/python3.12/site-packages/airflow/example_dags/example_branch_datetime_operator.py
[2026-08-04T08:25:20.369+0000] {processor.py:925} INFO - DAG(s) 'example_branch_datetime_operator_3', 'example_branch_datetime_operator', 'example_branch_datetime_operator_2' retrieved from /home/airflow/.local/lib/python3.12/site-packages/airflow/example_dags/example_branch_datetime_operator.py
[2026-08-04T08:25:20.398+0000] {logging_mixin.py:190} INFO - [2026-08-04T08:25:20.398+0000] {dag.py:3239} INFO - Sync 3 DAGs
[2026-08-04T08:25:20.428+0000] {logging_mixin.py:190} INFO - [2026-08-04T08:25:20.428+0000] {dag.py:4180} INFO - Setting next_dagrun for example_branch_datetime_operator to 2026-08-03 00:00:00+00:00, run_after=2026-08-04 00:00:00+00:00
[2026-08-04T08:25:20.436+0000] {logging_mixin.py:190} INFO - [2026-08-04T08:25:20.435+0000] {dag.py:4180} INFO - Setting next_dagrun for example_branch_datetime_operator_2 to 2026-08-03 00:00:00+00:00, run_after=2026-08-04 00:00:00+00:00
[2026-08-04T08:25:20.439+0000] {logging_mixin.py:190} INFO - [2026-08-04T08:25:20.438+0000] {dag.py:4180} INFO - Setting next_dagrun for example_branch_datetime_operator_3 to 2026-08-03 00:00:00+00:00, run_after=2026-08-04 00:00:00+00:00
[2026-08-04T08:25:20.460+0000] {processor.py:208} INFO - Processing /home/airflow/.local/lib/python3.12/site-packages/airflow/example_dags/example_branch_datetime_operator.py took 0.119 seconds
[2026-08-04T08:25:50.607+0000] {processor.py:186} INFO - Started process (PID=666) to work on /home/airflow/.local/lib/python3.12/site-packages/airflow/example_dags/example_branch_datetime_operator.py
[2026-08-04T08:25:50.610+0000] {processor.py:914} INFO - Processing file /home/airflow/.local/lib/python3.12/site-packages/airflow/example_dags/example_branch_datetime_operator.py for tasks to queue
[2026-08-04T08:25:50.613+0000] {logging_mixin.py:190} INFO - [2026-08-04T08:25:50.612+0000] {dagbag.py:588} INFO - Filling up the DagBag from /home/airflow/.local/lib/python3.12/site-packages/airflow/example_dags/example_branch_datetime_operator.py
[2026-08-04T08:25:50.625+0000] {processor.py:925} INFO - DAG(s) 'example_branch_datetime_operator', 'example_branch_datetime_operator_3', 'example_branch_datetime_operator_2' retrieved from /home/airflow/.local/lib/python3.12/site-packages/airflow/example_dags/example_branch_datetime_operator.py
[2026-08-04T08:25:50.653+0000] {logging_mixin.py:190} INFO - [2026-08-04T08:25:50.653+0000] {dag.py:3239} INFO - Sync 3 DAGs
[2026-08-04T08:25:50.687+0000] {logging_mixin.py:190} INFO - [2026-08-04T08:25:50.687+0000] {dag.py:4180} INFO - Setting next_dagrun for example_branch_datetime_operator to 2026-08-03 00:00:00+00:00, run_after=2026-08-04 00:00:00+00:00
[2026-08-04T08:25:50.693+0000] {logging_mixin.py:190} INFO - [2026-08-04T08:25:50.693+0000] {dag.py:4180} INFO - Setting next_dagrun for example_branch_datetime_operator_2 to 2026-08-03 00:00:00+00:00, run_after=2026-08-04 00:00:00+00:00
[2026-08-04T08:25:50.696+0000] {logging_mixin.py:190} INFO - [2026-08-04T08:25:50.696+0000] {dag.py:4180} INFO - Setting next_dagrun for example_branch_datetime_operator_3 to 2026-08-03 00:00:00+00:00, run_after=2026-08-04 00:00:00+00:00
[2026-08-04T08:25:50.720+0000] {processor.py:208} INFO - Processing /home/airflow/.local/lib/python3.12/site-packages/airflow/example_dags/example_branch_datetime_operator.py took 0.118 seconds
[2026-08-04T08:26:20.769+0000] {processor.py:186} INFO - Started process (PID=732) to work on /home/airflow/.local/lib/python3.12/site-packages/airflow/example_dags/example_branch_datetime_operator.py
[2026-08-04T08:26:20.770+0000] {processor.py:914} INFO - Processing file /home/airflow/.local/lib/python3.12/site-packages/airflow/example_dags/example_branch_datetime_operator.py for tasks to queue
[2026-08-04T08:26:20.774+0000] {logging_mixin.py:190} INFO - [2026-08-04T08:26:20.773+0000] {dagbag.py:588} INFO - Filling up the DagBag from /home/airflow/.local/lib/python3.12/site-packages/airflow/example_dags/example_branch_datetime_operator.py
[2026-08-04T08:26:20.788+0000] {processor.py:925} INFO - DAG(s) 'example_branch_datetime_operator', 'example_branch_datetime_operator_3', 'example_branch_datetime_operator_2' retrieved from /home/airflow/.local/lib/python3.12/site-packages/airflow/example_dags/example_branch_datetime_operator.py
[2026-08-04T08:26:20.814+0000] {logging_mixin.py:190} INFO - [2026-08-04T08:26:20.813+0000] {dag.py:3239} INFO - Sync 3 DAGs
[2026-08-04T08:26:20.839+0000] {logging_mixin.py:190} INFO - [2026-08-04T08:26:20.839+0000] {dag.py:4180} INFO - Setting next_dagrun for example_branch_datetime_operator to 2026-08-03 00:00:00+00:00, run_after=2026-08-04 00:00:00+00:00
[2026-08-04T08:26:20.845+0000] {logging_mixin.py:190} INFO - [2026-08-04T08:26:20.844+0000] {dag.py:4180} INFO - Setting next_dagrun for example_branch_datetime_operator_2 to 2026-08-03 00:00:00+00:00, run_after=2026-08-04 00:00:00+00:00
[2026-08-04T08:26:20.848+0000] {logging_mixin.py:190} INFO - [2026-08-04T08:26:20.848+0000] {dag.py:4180} INFO - Setting next_dagrun for example_branch_datetime_operator_3 to 2026-08-03 00:00:00+00:00, run_after=2026-08-04 00:00:00+00:00
[2026-08-04T08:26:20.869+0000] {processor.py:208} INFO - Processing /home/airflow/.local/lib/python3.12/site-packages/airflow/example_dags/example_branch_datetime_operator.py took 0.107 seconds
[2026-08-04T08:26:51.258+0000] {processor.py:186} INFO - Started process (PID=796) to work on /home/airflow/.local/lib/python3.12/site-packages/airflow/example_dags/example_branch_datetime_operator.py
[2026-08-04T08:26:51.261+0000] {processor.py:914} INFO - Processing file /home/airflow/.local/lib/python3.12/site-packages/airflow/example_dags/example_branch_datetime_operator.py for tasks to queue
[2026-08-04T08:26:51.265+0000] {logging_mixin.py:190} INFO - [2026-08-04T08:26:51.264+0000] {dagbag.py:588} INFO - Filling up the DagBag from /home/airflow/.local/lib/python3.12/site-packages/airflow/example_dags/example_branch_datetime_operator.py
[2026-08-04T08:26:51.285+0000] {processor.py:925} INFO - DAG(s) 'example_branch_datetime_operator_3', 'example_branch_datetime_operator', 'example_branch_datetime_operator_2' retrieved from /home/airflow/.local/lib/python3.12/site-packages/airflow/example_dags/example_branch_datetime_operator.py
[2026-08-04T08:26:51.314+0000] {logging_mixin.py:190} INFO - [2026-08-04T08:26:51.314+0000] {dag.py:3239} INFO - Sync 3 DAGs
[2026-08-04T08:26:51.340+0000] {logging_mixin.py:190} INFO - [2026-08-04T08:26:51.340+0000] {dag.py:4180} INFO - Setting next_dagrun for example_branch_datetime_operator to 2026-08-03 00:00:00+00:00, run_after=2026-08-04 00:00:00+00:00
[2026-08-04T08:26:51.346+0000] {logging_mixin.py:190} INFO - [2026-08-04T08:26:51.346+0000] {dag.py:4180} INFO - Setting next_dagrun for example_branch_datetime_operator_2 to 2026-08-03 00:00:00+00:00, run_after=2026-08-04 00:00:00+00:00
[2026-08-04T08:26:51.349+0000] {logging_mixin.py:190} INFO - [2026-08-04T08:26:51.349+0000] {dag.py:4180} INFO - Setting next_dagrun for example_branch_datetime_operator_3 to 2026-08-03 00:00:00+00:00, run_after=2026-08-04 00:00:00+00:00
[2026-08-04T08:26:51.366+0000] {processor.py:208} INFO - Processing /home/airflow/.local/lib/python3.12/site-packages/airflow/example_dags/example_branch_datetime_operator.py took 0.116 seconds
[2026-08-04T08:27:21.435+0000] {processor.py:186} INFO - Started process (PID=861) to work on /home/airflow/.local/lib/python3.12/site-packages/airflow/example_dags/example_branch_datetime_operator.py
[2026-08-04T08:27:21.436+0000] {processor.py:914} INFO - Processing file /home/airflow/.local/lib/python3.12/site-packages/airflow/example_dags/example_branch_datetime_operator.py for tasks to queue
[2026-08-04T08:27:21.440+0000] {logging_mixin.py:190} INFO - [2026-08-04T08:27:21.439+0000] {dagbag.py:588} INFO - Filling up the DagBag from /home/airflow/.local/lib/python3.12/site-packages/airflow/example_dags/example_branch_datetime_operator.py
[2026-08-04T08:27:21.454+0000] {processor.py:925} INFO - DAG(s) 'example_branch_datetime_operator', 'example_branch_datetime_operator_2', 'example_branch_datetime_operator_3' retrieved from /home/airflow/.local/lib/python3.12/site-packages/airflow/example_dags/example_branch_datetime_operator.py
[2026-08-04T08:27:21.485+0000] {logging_mixin.py:190} INFO - [2026-08-04T08:27:21.485+0000] {dag.py:3239} INFO - Sync 3 DAGs
[2026-08-04T08:27:21.525+0000] {logging_mixin.py:190} INFO - [2026-08-04T08:27:21.525+0000] {dag.py:4180} INFO - Setting next_dagrun for example_branch_datetime_operator to 2026-08-03 00:00:00+00:00, run_after=2026-08-04 00:00:00+00:00
[2026-08-04T08:27:21.532+0000] {logging_mixin.py:190} INFO - [2026-08-04T08:27:21.532+0000] {dag.py:4180} INFO - Setting next_dagrun for example_branch_datetime_operator_2 to 2026-08-03 00:00:00+00:00, run_after=2026-08-04 00:00:00+00:00
[2026-08-04T08:27:21.536+0000] {logging_mixin.py:190} INFO - [2026-08-04T08:27:21.536+0000] {dag.py:4180} INFO - Setting next_dagrun for example_branch_datetime_operator_3 to 2026-08-03 00:00:00+00:00, run_after=2026-08-04 00:00:00+00:00
[2026-08-04T08:27:21.553+0000] {processor.py:208} INFO - Processing /home/airflow/.local/lib/python3.12/site-packages/airflow/example_dags/example_branch_datetime_operator.py took 0.125 seconds
[2026-08-04T08:27:51.651+0000] {processor.py:186} INFO - Started process (PID=926) to work on /home/airflow/.local/lib/python3.12/site-packages/airflow/example_dags/example_branch_datetime_operator.py
[2026-08-04T08:27:51.652+0000] {processor.py:914} INFO - Processing file /home/airflow/.local/lib/python3.12/site-packages/airflow/example_dags/example_branch_datetime_operator.py for tasks to queue
[2026-08-04T08:27:51.655+0000] {logging_mixin.py:190} INFO - [2026-08-04T08:27:51.655+0000] {dagbag.py:588} INFO - Filling up the DagBag from /home/airflow/.local/lib/python3.12/site-packages/airflow/example_dags/example_branch_datetime_operator.py
[2026-08-04T08:27:51.668+0000] {processor.py:925} INFO - DAG(s) 'example_branch_datetime_operator_3', 'example_branch_datetime_operator', 'example_branch_datetime_operator_2' retrieved from /home/airflow/.local/lib/python3.12/site-packages/airflow/example_dags/example_branch_datetime_operator.py
[2026-08-04T08:27:51.698+0000] {logging_mixin.py:190} INFO - [2026-08-04T08:27:51.697+0000] {dag.py:3239} INFO - Sync 3 DAGs
[2026-08-04T08:27:51.732+0000] {logging_mixin.py:190} INFO - [2026-08-04T08:27:51.731+0000] {dag.py:4180} INFO - Setting next_dagrun for example_branch_datetime_operator to 2026-08-03 00:00:00+00:00, run_after=2026-08-04 00:00:00+00:00
[2026-08-04T08:27:51.738+0000] {logging_mixin.py:190} INFO - [2026-08-04T08:27:51.738+0000] {dag.py:4180} INFO - Setting next_dagrun for example_branch_datetime_operator_2 to 2026-08-03 00:00:00+00:00, run_after=2026-08-04 00:00:00+00:00
[2026-08-04T08:27:51.741+0000] {logging_mixin.py:190} INFO - [2026-08-04T08:27:51.741+0000] {dag.py:4180} INFO - Setting next_dagrun for example_branch_datetime_operator_3 to 2026-08-03 00:00:00+00:00, run_after=2026-08-04 00:00:00+00:00
[2026-08-04T08:27:51.761+0000] {processor.py:208} INFO - Processing /home/airflow/.local/lib/python3.12/site-packages/airflow/example_dags/example_branch_datetime_operator.py took 0.117 seconds
[2026-08-04T08:28:22.090+0000] {processor.py:186} INFO - Started process (PID=991) to work on /home/airflow/.local/lib/python3.12/site-packages/airflow/example_dags/example_branch_datetime_operator.py
[2026-08-04T08:28:22.091+0000] {processor.py:914} INFO - Processing file /home/airflow/.local/lib/python3.12/site-packages/airflow/example_dags/example_branch_datetime_operator.py for tasks to queue
[2026-08-04T08:28:22.094+0000] {logging_mixin.py:190} INFO - [2026-08-04T08:28:22.094+0000] {dagbag.py:588} INFO - Filling up the DagBag from /home/airflow/.local/lib/python3.12/site-packages/airflow/example_dags/example_branch_datetime_operator.py
[2026-08-04T08:28:22.108+0000] {processor.py:925} INFO - DAG(s) 'example_branch_datetime_operator_2', 'example_branch_datetime_operator_3', 'example_branch_datetime_operator' retrieved from /home/airflow/.local/lib/python3.12/site-packages/airflow/example_dags/example_branch_datetime_operator.py
[2026-08-04T08:28:22.134+0000] {logging_mixin.py:190} INFO - [2026-08-04T08:28:22.134+0000] {dag.py:3239} INFO - Sync 3 DAGs
[2026-08-04T08:28:22.160+0000] {logging_mixin.py:190} INFO - [2026-08-04T08:28:22.160+0000] {dag.py:4180} INFO - Setting next_dagrun for example_branch_datetime_operator to 2026-08-03 00:00:00+00:00, run_after=2026-08-04 00:00:00+00:00
[2026-08-04T08:28:22.165+0000] {logging_mixin.py:190} INFO - [2026-08-04T08:28:22.165+0000] {dag.py:4180} INFO - Setting next_dagrun for example_branch_datetime_operator_2 to 2026-08-03 00:00:00+00:00, run_after=2026-08-04 00:00:00+00:00
[2026-08-04T08:28:22.168+0000] {logging_mixin.py:190} INFO - [2026-08-04T08:28:22.168+0000] {dag.py:4180} INFO - Setting next_dagrun for example_branch_datetime_operator_3 to 2026-08-03 00:00:00+00:00, run_after=2026-08-04 00:00:00+00:00
[2026-08-04T08:28:22.185+0000] {processor.py:208} INFO - Processing /home/airflow/.local/lib/python3.12/site-packages/airflow/example_dags/example_branch_datetime_operator.py took 0.102 seconds
[2026-08-04T08:28:52.635+0000] {processor.py:186} INFO - Started process (PID=1056) to work on /home/airflow/.local/lib/python3.12/site-packages/airflow/example_dags/example_branch_datetime_operator.py
[2026-08-04T08:28:52.636+0000] {processor.py:914} INFO - Processing file /home/airflow/.local/lib/python3.12/site-packages/airflow/example_dags/example_branch_datetime_operator.py for tasks to queue
[2026-08-04T08:28:52.639+0000] {logging_mixin.py:190} INFO - [2026-08-04T08:28:52.639+0000] {dagbag.py:588} INFO - Filling up the DagBag from /home/airflow/.local/lib/python3.12/site-packages/airflow/example_dags/example_branch_datetime_operator.py
[2026-08-04T08:28:52.655+0000] {processor.py:925} INFO - DAG(s) 'example_branch_datetime_operator_2', 'example_branch_datetime_operator_3', 'example_branch_datetime_operator' retrieved from /home/airflow/.local/lib/python3.12/site-packages/airflow/example_dags/example_branch_datetime_operator.py
[2026-08-04T08:28:52.683+0000] {logging_mixin.py:190} INFO - [2026-08-04T08:28:52.683+0000] {dag.py:3239} INFO - Sync 3 DAGs
[2026-08-04T08:28:52.713+0000] {logging_mixin.py:190} INFO - [2026-08-04T08:28:52.712+0000] {dag.py:4180} INFO - Setting next_dagrun for example_branch_datetime_operator to 2026-08-03 00:00:00+00:00, run_after=2026-08-04 00:00:00+00:00
[2026-08-04T08:28:52.719+0000] {logging_mixin.py:190} INFO - [2026-08-04T08:28:52.718+0000] {dag.py:4180} INFO - Setting next_dagrun for example_branch_datetime_operator_2 to 2026-08-03 00:00:00+00:00, run_after=2026-08-04 00:00:00+00:00
[2026-08-04T08:28:52.722+0000] {logging_mixin.py:190} INFO - [2026-08-04T08:28:52.722+0000] {dag.py:4180} INFO - Setting next_dagrun for example_branch_datetime_operator_3 to 2026-08-03 00:00:00+00:00, run_after=2026-08-04 00:00:00+00:00
[2026-08-04T08:28:52.743+0000] {processor.py:208} INFO - Processing /home/airflow/.local/lib/python3.12/site-packages/airflow/example_dags/example_branch_datetime_operator.py took 0.116 seconds
[2026-08-04T08:29:22.923+0000] {processor.py:186} INFO - Started process (PID=1121) to work on /home/airflow/.local/lib/python3.12/site-packages/airflow/example_dags/example_branch_datetime_operator.py
[2026-08-04T08:29:22.924+0000] {processor.py:914} INFO - Processing file /home/airflow/.local/lib/python3.12/site-packages/airflow/example_dags/example_branch_datetime_operator.py for tasks to queue
[2026-08-04T08:29:22.927+0000] {logging_mixin.py:190} INFO - [2026-08-04T08:29:22.927+0000] {dagbag.py:588} INFO - Filling up the DagBag from /home/airflow/.local/lib/python3.12/site-packages/airflow/example_dags/example_branch_datetime_operator.py
[2026-08-04T08:29:22.939+0000] {processor.py:925} INFO - DAG(s) 'example_branch_datetime_operator_2', 'example_branch_datetime_operator_3', 'example_branch_datetime_operator' retrieved from /home/airflow/.local/lib/python3.12/site-packages/airflow/example_dags/example_branch_datetime_operator.py
[2026-08-04T08:29:22.967+0000] {logging_mixin.py:190} INFO - [2026-08-04T08:29:22.966+0000] {dag.py:3239} INFO - Sync 3 DAGs
[2026-08-04T08:29:22.996+0000] {logging_mixin.py:190} INFO - [2026-08-04T08:29:22.996+0000] {dag.py:4180} INFO - Setting next_dagrun for example_branch_datetime_operator to 2026-08-03 00:00:00+00:00, run_after=2026-08-04 00:00:00+00:00
[2026-08-04T08:29:23.002+0000] {logging_mixin.py:190} INFO - [2026-08-04T08:29:23.002+0000] {dag.py:4180} INFO - Setting next_dagrun for example_branch_datetime_operator_2 to 2026-08-03 00:00:00+00:00, run_after=2026-08-04 00:00:00+00:00
[2026-08-04T08:29:23.005+0000] {logging_mixin.py:190} INFO - [2026-08-04T08:29:23.005+0000] {dag.py:4180} INFO - Setting next_dagrun for example_branch_datetime_operator_3 to 2026-08-03 00:00:00+00:00, run_after=2026-08-04 00:00:00+00:00
[2026-08-04T08:29:23.023+0000] {processor.py:208} INFO - Processing /home/airflow/.local/lib/python3.12/site-packages/airflow/example_dags/example_branch_datetime_operator.py took 0.106 seconds
[2026-08-04T08:29:53.240+0000] {processor.py:186} INFO - Started process (PID=1187) to work on /home/airflow/.local/lib/python3.12/site-packages/airflow/example_dags/example_branch_datetime_operator.py
[2026-08-04T08:29:53.242+0000] {processor.py:914} INFO - Processing file /home/airflow/.local/lib/python3.12/site-packages/airflow/example_dags/example_branch_datetime_operator.py for tasks to queue
[2026-08-04T08:29:53.246+0000] {logging_mixin.py:190} INFO - [2026-08-04T08:29:53.245+0000] {dagbag.py:588} INFO - Filling up the DagBag from /home/airflow/.local/lib/python3.12/site-packages/airflow/example_dags/example_branch_datetime_operator.py
[2026-08-04T08:29:53.261+0000] {processor.py:925} INFO - DAG(s) 'example_branch_datetime_operator_3', 'example_branch_datetime_operator', 'example_branch_datetime_operator_2' retrieved from /home/airflow/.local/lib/python3.12/site-packages/airflow/example_dags/example_branch_datetime_operator.py
[2026-08-04T08:29:53.295+0000] {logging_mixin.py:190} INFO - [2026-08-04T08:29:53.295+0000] {dag.py:3239} INFO - Sync 3 DAGs
[2026-08-04T08:29:53.329+0000] {logging_mixin.py:190} INFO - [2026-08-04T08:29:53.329+0000] {dag.py:4180} INFO - Setting next_dagrun for example_branch_datetime_operator to 2026-08-03 00:00:00+00:00, run_after=2026-08-04 00:00:00+00:00
[2026-08-04T08:29:53.336+0000] {logging_mixin.py:190} INFO - [2026-08-04T08:29:53.335+0000] {dag.py:4180} INFO - Setting next_dagrun for example_branch_datetime_operator_2 to 2026-08-03 00:00:00+00:00, run_after=2026-08-04 00:00:00+00:00
[2026-08-04T08:29:53.339+0000] {logging_mixin.py:190} INFO - [2026-08-04T08:29:53.339+0000] {dag.py:4180} INFO - Setting next_dagrun for example_branch_datetime_operator_3 to 2026-08-03 00:00:00+00:00, run_after=2026-08-04 00:00:00+00:00
[2026-08-04T08:29:53.358+0000] {processor.py:208} INFO - Processing /home/airflow/.local/lib/python3.12/site-packages/airflow/example_dags/example_branch_datetime_operator.py took 0.124 seconds
[2026-08-04T08:30:23.871+0000] {processor.py:186} INFO - Started process (PID=1252) to work on /home/airflow/.local/lib/python3.12/site-packages/airflow/example_dags/example_branch_datetime_operator.py
[2026-08-04T08:30:23.872+0000] {processor.py:914} INFO - Processing file /home/airflow/.local/lib/python3.12/site-packages/airflow/example_dags/example_branch_datetime_operator.py for tasks to queue
[2026-08-04T08:30:23.875+0000] {logging_mixin.py:190} INFO - [2026-08-04T08:30:23.875+0000] {dagbag.py:588} INFO - Filling up the DagBag from /home/airflow/.local/lib/python3.12/site-packages/airflow/example_dags/example_branch_datetime_operator.py
[2026-08-04T08:30:23.888+0000] {processor.py:925} INFO - DAG(s) 'example_branch_datetime_operator', 'example_branch_datetime_operator_3', 'example_branch_datetime_operator_2' retrieved from /home/airflow/.local/lib/python3.12/site-packages/airflow/example_dags/example_branch_datetime_operator.py
[2026-08-04T08:30:23.916+0000] {logging_mixin.py:190} INFO - [2026-08-04T08:30:23.916+0000] {dag.py:3239} INFO - Sync 3 DAGs
[2026-08-04T08:30:23.943+0000] {logging_mixin.py:190} INFO - [2026-08-04T08:30:23.942+0000] {dag.py:4180} INFO - Setting next_dagrun for example_branch_datetime_operator to 2026-08-03 00:00:00+00:00, run_after=2026-08-04 00:00:00+00:00
[2026-08-04T08:30:23.948+0000] {logging_mixin.py:190} INFO - [2026-08-04T08:30:23.948+0000] {dag.py:4180} INFO - Setting next_dagrun for example_branch_datetime_operator_2 to 2026-08-03 00:00:00+00:00, run_after=2026-08-04 00:00:00+00:00
[2026-08-04T08:30:23.951+0000] {logging_mixin.py:190} INFO - [2026-08-04T08:30:23.951+0000] {dag.py:4180} INFO - Setting next_dagrun for example_branch_datetime_operator_3 to 2026-08-03 00:00:00+00:00, run_after=2026-08-04 00:00:00+00:00
[2026-08-04T08:30:23.970+0000] {processor.py:208} INFO - Processing /home/airflow/.local/lib/python3.12/site-packages/airflow/example_dags/example_branch_datetime_operator.py took 0.106 seconds
[2026-08-04T08:30:54.150+0000] {processor.py:186} INFO - Started process (PID=1317) to work on /home/airflow/.local/lib/python3.12/site-packages/airflow/example_dags/example_branch_datetime_operator.py
[2026-08-04T08:30:54.151+0000] {processor.py:914} INFO - Processing file /home/airflow/.local/lib/python3.12/site-packages/airflow/example_dags/example_branch_datetime_operator.py for tasks to queue
[2026-08-04T08:30:54.154+0000] {logging_mixin.py:190} INFO - [2026-08-04T08:30:54.154+0000] {dagbag.py:588} INFO - Filling up the DagBag from /home/airflow/.local/lib/python3.12/site-packages/airflow/example_dags/example_branch_datetime_operator.py
[2026-08-04T08:30:54.166+0000] {processor.py:925} INFO - DAG(s) 'example_branch_datetime_operator_2', 'example_branch_datetime_operator_3', 'example_branch_datetime_operator' retrieved from /home/airflow/.local/lib/python3.12/site-packages/airflow/example_dags/example_branch_datetime_operator.py
[2026-08-04T08:30:54.192+0000] {logging_mixin.py:190} INFO - [2026-08-04T08:30:54.192+0000] {dag.py:3239} INFO - Sync 3 DAGs
[2026-08-04T08:30:54.218+0000] {logging_mixin.py:190} INFO - [2026-08-04T08:30:54.218+0000] {dag.py:4180} INFO - Setting next_dagrun for example_branch_datetime_operator to 2026-08-03 00:00:00+00:00, run_after=2026-08-04 00:00:00+00:00
[2026-08-04T08:30:54.224+0000] {logging_mixin.py:190} INFO - [2026-08-04T08:30:54.224+0000] {dag.py:4180} INFO - Setting next_dagrun for example_branch_datetime_operator_2 to 2026-08-03 00:00:00+00:00, run_after=2026-08-04 00:00:00+00:00
[2026-08-04T08:30:54.227+0000] {logging_mixin.py:190} INFO - [2026-08-04T08:30:54.227+0000] {dag.py:4180} INFO - Setting next_dagrun for example_branch_datetime_operator_3 to 2026-08-03 00:00:00+00:00, run_after=2026-08-04 00:00:00+00:00
[2026-08-04T08:30:54.244+0000] {processor.py:208} INFO - Processing /home/airflow/.local/lib/python3.12/site-packages/airflow/example_dags/example_branch_datetime_operator.py took 0.100 seconds
[2026-08-04T08:31:24.567+0000] {processor.py:186} INFO - Started process (PID=1382) to work on /home/airflow/.local/lib/python3.12/site-packages/airflow/example_dags/example_branch_datetime_operator.py
[2026-08-04T08:31:24.568+0000] {processor.py:914} INFO - Processing file /home/airflow/.local/lib/python3.12/site-packages/airflow/example_dags/example_branch_datetime_operator.py for tasks to queue
[2026-08-04T08:31:24.571+0000] {logging_mixin.py:190} INFO - [2026-08-04T08:31:24.570+0000] {dagbag.py:588} INFO - Filling up the DagBag from /home/airflow/.local/lib/python3.12/site-packages/airflow/example_dags/example_branch_datetime_operator.py
[2026-08-04T08:31:24.583+0000] {processor.py:925} INFO - DAG(s) 'example_branch_datetime_operator_2', 'example_branch_datetime_operator_3', 'example_branch_datetime_operator' retrieved from /home/airflow/.local/lib/python3.12/site-packages/airflow/example_dags/example_branch_datetime_operator.py
[2026-08-04T08:31:24.611+0000] {logging_mixin.py:190} INFO - [2026-08-04T08:31:24.610+0000] {dag.py:3239} INFO - Sync 3 DAGs
[2026-08-04T08:31:24.637+0000] {logging_mixin.py:190} INFO - [2026-08-04T08:31:24.637+0000] {dag.py:4180} INFO - Setting next_dagrun for example_branch_datetime_operator to 2026-08-03 00:00:00+00:00, run_after=2026-08-04 00:00:00+00:00
[2026-08-04T08:31:24.642+0000] {logging_mixin.py:190} INFO - [2026-08-04T08:31:24.642+0000] {dag.py:4180} INFO - Setting next_dagrun for example_branch_datetime_operator_2 to 2026-08-03 00:00:00+00:00, run_after=2026-08-04 00:00:00+00:00
[2026-08-04T08:31:24.646+0000] {logging_mixin.py:190} INFO - [2026-08-04T08:31:24.645+0000] {dag.py:4180} INFO - Setting next_dagrun for example_branch_datetime_operator_3 to 2026-08-03 00:00:00+00:00, run_after=2026-08-04 00:00:00+00:00
[2026-08-04T08:31:24.663+0000] {processor.py:208} INFO - Processing /home/airflow/.local/lib/python3.12/site-packages/airflow/example_dags/example_branch_datetime_operator.py took 0.102 seconds
[2026-08-04T08:31:54.903+0000] {processor.py:186} INFO - Started process (PID=1447) to work on /home/airflow/.local/lib/python3.12/site-packages/airflow/example_dags/example_branch_datetime_operator.py
[2026-08-04T08:31:54.904+0000] {processor.py:914} INFO - Processing file /home/airflow/.local/lib/python3.12/site-packages/airflow/example_dags/example_branch_datetime_operator.py for tasks to queue
[2026-08-04T08:31:54.907+0000] {logging_mixin.py:190} INFO - [2026-08-04T08:31:54.907+0000] {dagbag.py:588} INFO - Filling up the DagBag from /home/airflow/.local/lib/python3.12/site-packages/airflow/example_dags/example_branch_datetime_operator.py
[2026-08-04T08:31:54.920+0000] {processor.py:925} INFO - DAG(s) 'example_branch_datetime_operator_3', 'example_branch_datetime_operator', 'example_branch_datetime_operator_2' retrieved from /home/airflow/.local/lib/python3.12/site-packages/airflow/example_dags/example_branch_datetime_operator.py
[2026-08-04T08:31:54.949+0000] {logging_mixin.py:190} INFO - [2026-08-04T08:31:54.949+0000] {dag.py:3239} INFO - Sync 3 DAGs
[2026-08-04T08:31:54.976+0000] {logging_mixin.py:190} INFO - [2026-08-04T08:31:54.976+0000] {dag.py:4180} INFO - Setting next_dagrun for example_branch_datetime_operator to 2026-08-03 00:00:00+00:00, run_after=2026-08-04 00:00:00+00:00
[2026-08-04T08:31:54.982+0000] {logging_mixin.py:190} INFO - [2026-08-04T08:31:54.982+0000] {dag.py:4180} INFO - Setting next_dagrun for example_branch_datetime_operator_2 to 2026-08-03 00:00:00+00:00, run_after=2026-08-04 00:00:00+00:00
[2026-08-04T08:31:54.985+0000] {logging_mixin.py:190} INFO - [2026-08-04T08:31:54.985+0000] {dag.py:4180} INFO - Setting next_dagrun for example_branch_datetime_operator_3 to 2026-08-03 00:00:00+00:00, run_after=2026-08-04 00:00:00+00:00
[2026-08-04T08:31:55.002+0000] {processor.py:208} INFO - Processing /home/airflow/.local/lib/python3.12/site-packages/airflow/example_dags/example_branch_datetime_operator.py took 0.105 seconds
[2026-08-04T08:32:25.195+0000] {processor.py:186} INFO - Started process (PID=1512) to work on /home/airflow/.local/lib/python3.12/site-packages/airflow/example_dags/example_branch_datetime_operator.py
[2026-08-04T08:32:25.196+0000] {processor.py:914} INFO - Processing file /home/airflow/.local/lib/python3.12/site-packages/airflow/example_dags/example_branch_datetime_operator.py for tasks to queue
[2026-08-04T08:32:25.200+0000] {logging_mixin.py:190} INFO - [2026-08-04T08:32:25.199+0000] {dagbag.py:588} INFO - Filling up the DagBag from /home/airflow/.local/lib/python3.12/site-packages/airflow/example_dags/example_branch_datetime_operator.py
[2026-08-04T08:32:25.214+0000] {processor.py:925} INFO - DAG(s) 'example_branch_datetime_operator', 'example_branch_datetime_operator_2', 'example_branch_datetime_operator_3' retrieved from /home/airflow/.local/lib/python3.12/site-packages/airflow/example_dags/example_branch_datetime_operator.py
[2026-08-04T08:32:25.242+0000] {logging_mixin.py:190} INFO - [2026-08-04T08:32:25.242+0000] {dag.py:3239} INFO - Sync 3 DAGs
[2026-08-04T08:32:25.271+0000] {logging_mixin.py:190} INFO - [2026-08-04T08:32:25.271+0000] {dag.py:4180} INFO - Setting next_dagrun for example_branch_datetime_operator to 2026-08-03 00:00:00+00:00, run_after=2026-08-04 00:00:00+00:00
[2026-08-04T08:32:25.276+0000] {logging_mixin.py:190} INFO - [2026-08-04T08:32:25.276+0000] {dag.py:4180} INFO - Setting next_dagrun for example_branch_datetime_operator_2 to 2026-08-03 00:00:00+00:00, run_after=2026-08-04 00:00:00+00:00
[2026-08-04T08:32:25.279+0000] {logging_mixin.py:190} INFO - [2026-08-04T08:32:25.279+0000] {dag.py:4180} INFO - Setting next_dagrun for example_branch_datetime_operator_3 to 2026-08-03 00:00:00+00:00, run_after=2026-08-04 00:00:00+00:00
[2026-08-04T08:32:25.297+0000] {processor.py:208} INFO - Processing /home/airflow/.local/lib/python3.12/site-packages/airflow/example_dags/example_branch_datetime_operator.py took 0.109 seconds
[2026-08-04T08:32:55.497+0000] {processor.py:186} INFO - Started process (PID=1577) to work on /home/airflow/.local/lib/python3.12/site-packages/airflow/example_dags/example_branch_datetime_operator.py
[2026-08-04T08:32:55.499+0000] {processor.py:914} INFO - Processing file /home/airflow/.local/lib/python3.12/site-packages/airflow/example_dags/example_branch_datetime_operator.py for tasks to queue
[2026-08-04T08:32:55.503+0000] {logging_mixin.py:190} INFO - [2026-08-04T08:32:55.502+0000] {dagbag.py:588} INFO - Filling up the DagBag from /home/airflow/.local/lib/python3.12/site-packages/airflow/example_dags/example_branch_datetime_operator.py
[2026-08-04T08:32:55.521+0000] {processor.py:925} INFO - DAG(s) 'example_branch_datetime_operator', 'example_branch_datetime_operator_2', 'example_branch_datetime_operator_3' retrieved from /home/airflow/.local/lib/python3.12/site-packages/airflow/example_dags/example_branch_datetime_operator.py
[2026-08-04T08:32:55.551+0000] {logging_mixin.py:190} INFO - [2026-08-04T08:32:55.551+0000] {dag.py:3239} INFO - Sync 3 DAGs
[2026-08-04T08:32:55.582+0000] {logging_mixin.py:190} INFO - [2026-08-04T08:32:55.581+0000] {dag.py:4180} INFO - Setting next_dagrun for example_branch_datetime_operator to 2026-08-03 00:00:00+00:00, run_after=2026-08-04 00:00:00+00:00
[2026-08-04T08:32:55.588+0000] {logging_mixin.py:190} INFO - [2026-08-04T08:32:55.588+0000] {dag.py:4180} INFO - Setting next_dagrun for example_branch_datetime_operator_2 to 2026-08-03 00:00:00+00:00, run_after=2026-08-04 00:00:00+00:00
[2026-08-04T08:32:55.591+0000] {logging_mixin.py:190} INFO - [2026-08-04T08:32:55.591+0000] {dag.py:4180} INFO - Setting next_dagrun for example_branch_datetime_operator_3 to 2026-08-03 00:00:00+00:00, run_after=2026-08-04 00:00:00+00:00
[2026-08-04T08:32:55.613+0000] {processor.py:208} INFO - Processing /home/airflow/.local/lib/python3.12/site-packages/airflow/example_dags/example_branch_datetime_operator.py took 0.125 seconds
[2026-08-04T08:33:25.807+0000] {processor.py:186} INFO - Started process (PID=1642) to work on /home/airflow/.local/lib/python3.12/site-packages/airflow/example_dags/example_branch_datetime_operator.py
[2026-08-04T08:33:25.808+0000] {processor.py:914} INFO - Processing file /home/airflow/.local/lib/python3.12/site-packages/airflow/example_dags/example_branch_datetime_operator.py for tasks to queue
[2026-08-04T08:33:25.811+0000] {logging_mixin.py:190} INFO - [2026-08-04T08:33:25.811+0000] {dagbag.py:588} INFO - Filling up the DagBag from /home/airflow/.local/lib/python3.12/site-packages/airflow/example_dags/example_branch_datetime_operator.py
[2026-08-04T08:33:25.824+0000] {processor.py:925} INFO - DAG(s) 'example_branch_datetime_operator_2', 'example_branch_datetime_operator_3', 'example_branch_datetime_operator' retrieved from /home/airflow/.local/lib/python3.12/site-packages/airflow/example_dags/example_branch_datetime_operator.py
[2026-08-04T08:33:25.851+0000] {logging_mixin.py:190} INFO - [2026-08-04T08:33:25.850+0000] {dag.py:3239} INFO - Sync 3 DAGs
[2026-08-04T08:33:25.881+0000] {logging_mixin.py:190} INFO - [2026-08-04T08:33:25.880+0000] {dag.py:4180} INFO - Setting next_dagrun for example_branch_datetime_operator to 2026-08-03 00:00:00+00:00, run_after=2026-08-04 00:00:00+00:00
[2026-08-04T08:33:25.887+0000] {logging_mixin.py:190} INFO - [2026-08-04T08:33:25.886+0000] {dag.py:4180} INFO - Setting next_dagrun for example_branch_datetime_operator_2 to 2026-08-03 00:00:00+00:00, run_after=2026-08-04 00:00:00+00:00
[2026-08-04T08:33:25.890+0000] {logging_mixin.py:190} INFO - [2026-08-04T08:33:25.890+0000] {dag.py:4180} INFO - Setting next_dagrun for example_branch_datetime_operator_3 to 2026-08-03 00:00:00+00:00, run_after=2026-08-04 00:00:00+00:00
[2026-08-04T08:33:25.907+0000] {processor.py:208} INFO - Processing /home/airflow/.local/lib/python3.12/site-packages/airflow/example_dags/example_branch_datetime_operator.py took 0.107 seconds
[2026-08-04T08:33:56.257+0000] {processor.py:186} INFO - Started process (PID=1707) to work on /home/airflow/.local/lib/python3.12/site-packages/airflow/example_dags/example_branch_datetime_operator.py
[2026-08-04T08:33:56.258+0000] {processor.py:914} INFO - Processing file /home/airflow/.local/lib/python3.12/site-packages/airflow/example_dags/example_branch_datetime_operator.py for tasks to queue
[2026-08-04T08:33:56.261+0000] {logging_mixin.py:190} INFO - [2026-08-04T08:33:56.261+0000] {dagbag.py:588} INFO - Filling up the DagBag from /home/airflow/.local/lib/python3.12/site-packages/airflow/example_dags/example_branch_datetime_operator.py
[2026-08-04T08:33:56.274+0000] {processor.py:925} INFO - DAG(s) 'example_branch_datetime_operator_3', 'example_branch_datetime_operator', 'example_branch_datetime_operator_2' retrieved from /home/airflow/.local/lib/python3.12/site-packages/airflow/example_dags/example_branch_datetime_operator.py
[2026-08-04T08:33:56.299+0000] {logging_mixin.py:190} INFO - [2026-08-04T08:33:56.299+0000] {dag.py:3239} INFO - Sync 3 DAGs
[2026-08-04T08:33:56.326+0000] {logging_mixin.py:190} INFO - [2026-08-04T08:33:56.326+0000] {dag.py:4180} INFO - Setting next_dagrun for example_branch_datetime_operator to 2026-08-03 00:00:00+00:00, run_after=2026-08-04 00:00:00+00:00
[2026-08-04T08:33:56.333+0000] {logging_mixin.py:190} INFO - [2026-08-04T08:33:56.332+0000] {dag.py:4180} INFO - Setting next_dagrun for example_branch_datetime_operator_2 to 2026-08-03 00:00:00+00:00, run_after=2026-08-04 00:00:00+00:00
[2026-08-04T08:33:56.336+0000] {logging_mixin.py:190} INFO - [2026-08-04T08:33:56.336+0000] {dag.py:4180} INFO - Setting next_dagrun for example_branch_datetime_operator_3 to 2026-08-03 00:00:00+00:00, run_after=2026-08-04 00:00:00+00:00
[2026-08-04T08:33:56.353+0000] {processor.py:208} INFO - Processing /home/airflow/.local/lib/python3.12/site-packages/airflow/example_dags/example_branch_datetime_operator.py took 0.102 seconds
[2026-08-04T08:34:26.774+0000] {processor.py:186} INFO - Started process (PID=1772) to work on /home/airflow/.local/lib/python3.12/site-packages/airflow/example_dags/example_branch_datetime_operator.py
[2026-08-04T08:34:26.775+0000] {processor.py:914} INFO - Processing file /home/airflow/.local/lib/python3.12/site-packages/airflow/example_dags/example_branch_datetime_operator.py for tasks to queue
[2026-08-04T08:34:26.778+0000] {logging_mixin.py:190} INFO - [2026-08-04T08:34:26.777+0000] {dagbag.py:588} INFO - Filling up the DagBag from /home/airflow/.local/lib/python3.12/site-packages/airflow/example_dags/example_branch_datetime_operator.py
[2026-08-04T08:34:26.790+0000] {processor.py:925} INFO - DAG(s) 'example_branch_datetime_operator', 'example_branch_datetime_operator_2', 'example_branch_datetime_operator_3' retrieved from /home/airflow/.local/lib/python3.12/site-packages/airflow/example_dags/example_branch_datetime_operator.py
[2026-08-04T08:34:26.818+0000] {logging_mixin.py:190} INFO - [2026-08-04T08:34:26.817+0000] {dag.py:3239} INFO - Sync 3 DAGs
[2026-08-04T08:34:26.844+0000] {logging_mixin.py:190} INFO - [2026-08-04T08:34:26.844+0000] {dag.py:4180} INFO - Setting next_dagrun for example_branch_datetime_operator to 2026-08-03 00:00:00+00:00, run_after=2026-08-04 00:00:00+00:00
[2026-08-04T08:34:26.849+0000] {logging_mixin.py:190} INFO - [2026-08-04T08:34:26.849+0000] {dag.py:4180} INFO - Setting next_dagrun for example_branch_datetime_operator_2 to 2026-08-03 00:00:00+00:00, run_after=2026-08-04 00:00:00+00:00
[2026-08-04T08:34:26.852+0000] {logging_mixin.py:190} INFO - [2026-08-04T08:34:26.852+0000] {dag.py:4180} INFO - Setting next_dagrun for example_branch_datetime_operator_3 to 2026-08-03 00:00:00+00:00, run_after=2026-08-04 00:00:00+00:00
[2026-08-04T08:34:26.870+0000] {processor.py:208} INFO - Processing /home/airflow/.local/lib/python3.12/site-packages/airflow/example_dags/example_branch_datetime_operator.py took 0.102 seconds
[2026-08-04T08:34:57.745+0000] {processor.py:186} INFO - Started process (PID=1837) to work on /home/airflow/.local/lib/python3.12/site-packages/airflow/example_dags/example_branch_datetime_operator.py
[2026-08-04T08:34:57.746+0000] {processor.py:914} INFO - Processing file /home/airflow/.local/lib/python3.12/site-packages/airflow/example_dags/example_branch_datetime_operator.py for tasks to queue
[2026-08-04T08:34:57.749+0000] {logging_mixin.py:190} INFO - [2026-08-04T08:34:57.749+0000] {dagbag.py:588} INFO - Filling up the DagBag from /home/airflow/.local/lib/python3.12/site-packages/airflow/example_dags/example_branch_datetime_operator.py
[2026-08-04T08:34:57.764+0000] {processor.py:925} INFO - DAG(s) 'example_branch_datetime_operator', 'example_branch_datetime_operator_2', 'example_branch_datetime_operator_3' retrieved from /home/airflow/.local/lib/python3.12/site-packages/airflow/example_dags/example_branch_datetime_operator.py
[2026-08-04T08:34:57.793+0000] {logging_mixin.py:190} INFO - [2026-08-04T08:34:57.793+0000] {dag.py:3239} INFO - Sync 3 DAGs
[2026-08-04T08:34:57.820+0000] {logging_mixin.py:190} INFO - [2026-08-04T08:34:57.819+0000] {dag.py:4180} INFO - Setting next_dagrun for example_branch_datetime_operator to 2026-08-03 00:00:00+00:00, run_after=2026-08-04 00:00:00+00:00
[2026-08-04T08:34:57.825+0000] {logging_mixin.py:190} INFO - [2026-08-04T08:34:57.825+0000] {dag.py:4180} INFO - Setting next_dagrun for example_branch_datetime_operator_2 to 2026-08-03 00:00:00+00:00, run_after=2026-08-04 00:00:00+00:00
[2026-08-04T08:34:57.828+0000] {logging_mixin.py:190} INFO - [2026-08-04T08:34:57.828+0000] {dag.py:4180} INFO - Setting next_dagrun for example_branch_datetime_operator_3 to 2026-08-03 00:00:00+00:00, run_after=2026-08-04 00:00:00+00:00
[2026-08-04T08:34:57.847+0000] {processor.py:208} INFO - Processing /home/airflow/.local/lib/python3.12/site-packages/airflow/example_dags/example_branch_datetime_operator.py took 0.108 seconds
[2026-08-04T08:35:28.487+0000] {processor.py:186} INFO - Started process (PID=1895) to work on /home/airflow/.local/lib/python3.12/site-packages/airflow/example_dags/example_branch_datetime_operator.py
[2026-08-04T08:35:28.489+0000] {processor.py:914} INFO - Processing file /home/airflow/.local/lib/python3.12/site-packages/airflow/example_dags/example_branch_datetime_operator.py for tasks to queue
[2026-08-04T08:35:28.491+0000] {logging_mixin.py:190} INFO - [2026-08-04T08:35:28.491+0000] {dagbag.py:588} INFO - Filling up the DagBag from /home/airflow/.local/lib/python3.12/site-packages/airflow/example_dags/example_branch_datetime_operator.py
[2026-08-04T08:35:28.507+0000] {processor.py:925} INFO - DAG(s) 'example_branch_datetime_operator_2', 'example_branch_datetime_operator', 'example_branch_datetime_operator_3' retrieved from /home/airflow/.local/lib/python3.12/site-packages/airflow/example_dags/example_branch_datetime_operator.py
[2026-08-04T08:35:28.535+0000] {logging_mixin.py:190} INFO - [2026-08-04T08:35:28.535+0000] {dag.py:3239} INFO - Sync 3 DAGs
[2026-08-04T08:35:28.575+0000] {logging_mixin.py:190} INFO - [2026-08-04T08:35:28.574+0000] {dag.py:4180} INFO - Setting next_dagrun for example_branch_datetime_operator to 2026-08-03 00:00:00+00:00, run_after=2026-08-04 00:00:00+00:00
[2026-08-04T08:35:28.583+0000] {logging_mixin.py:190} INFO - [2026-08-04T08:35:28.583+0000] {dag.py:4180} INFO - Setting next_dagrun for example_branch_datetime_operator_2 to 2026-08-03 00:00:00+00:00, run_after=2026-08-04 00:00:00+00:00
[2026-08-04T08:35:28.587+0000] {logging_mixin.py:190} INFO - [2026-08-04T08:35:28.586+0000] {dag.py:4180} INFO - Setting next_dagrun for example_branch_datetime_operator_3 to 2026-08-03 00:00:00+00:00, run_after=2026-08-04 00:00:00+00:00
[2026-08-04T08:35:28.621+0000] {processor.py:208} INFO - Processing /home/airflow/.local/lib/python3.12/site-packages/airflow/example_dags/example_branch_datetime_operator.py took 0.139 seconds
[2026-08-04T08:35:59.358+0000] {processor.py:186} INFO - Started process (PID=1960) to work on /home/airflow/.local/lib/python3.12/site-packages/airflow/example_dags/example_branch_datetime_operator.py
[2026-08-04T08:35:59.360+0000] {processor.py:914} INFO - Processing file /home/airflow/.local/lib/python3.12/site-packages/airflow/example_dags/example_branch_datetime_operator.py for tasks to queue
[2026-08-04T08:35:59.363+0000] {logging_mixin.py:190} INFO - [2026-08-04T08:35:59.363+0000] {dagbag.py:588} INFO - Filling up the DagBag from /home/airflow/.local/lib/python3.12/site-packages/airflow/example_dags/example_branch_datetime_operator.py
[2026-08-04T08:35:59.380+0000] {processor.py:925} INFO - DAG(s) 'example_branch_datetime_operator_2', 'example_branch_datetime_operator_3', 'example_branch_datetime_operator' retrieved from /home/airflow/.local/lib/python3.12/site-packages/airflow/example_dags/example_branch_datetime_operator.py
[2026-08-04T08:35:59.410+0000] {logging_mixin.py:190} INFO - [2026-08-04T08:35:59.410+0000] {dag.py:3239} INFO - Sync 3 DAGs
[2026-08-04T08:35:59.437+0000] {logging_mixin.py:190} INFO - [2026-08-04T08:35:59.437+0000] {dag.py:4180} INFO - Setting next_dagrun for example_branch_datetime_operator to 2026-08-03 00:00:00+00:00, run_after=2026-08-04 00:00:00+00:00
[2026-08-04T08:35:59.443+0000] {logging_mixin.py:190} INFO - [2026-08-04T08:35:59.443+0000] {dag.py:4180} INFO - Setting next_dagrun for example_branch_datetime_operator_2 to 2026-08-03 00:00:00+00:00, run_after=2026-08-04 00:00:00+00:00
[2026-08-04T08:35:59.446+0000] {logging_mixin.py:190} INFO - [2026-08-04T08:35:59.446+0000] {dag.py:4180} INFO - Setting next_dagrun for example_branch_datetime_operator_3 to 2026-08-03 00:00:00+00:00, run_after=2026-08-04 00:00:00+00:00
[2026-08-04T08:35:59.464+0000] {processor.py:208} INFO - Processing /home/airflow/.local/lib/python3.12/site-packages/airflow/example_dags/example_branch_datetime_operator.py took 0.117 seconds
[2026-08-04T08:36:31.231+0000] {processor.py:186} INFO - Started process (PID=2025) to work on /home/airflow/.local/lib/python3.12/site-packages/airflow/example_dags/example_branch_datetime_operator.py
[2026-08-04T08:36:31.233+0000] {processor.py:914} INFO - Processing file /home/airflow/.local/lib/python3.12/site-packages/airflow/example_dags/example_branch_datetime_operator.py for tasks to queue
[2026-08-04T08:36:31.235+0000] {logging_mixin.py:190} INFO - [2026-08-04T08:36:31.235+0000] {dagbag.py:588} INFO - Filling up the DagBag from /home/airflow/.local/lib/python3.12/site-packages/airflow/example_dags/example_branch_datetime_operator.py
[2026-08-04T08:36:31.248+0000] {processor.py:925} INFO - DAG(s) 'example_branch_datetime_operator_3', 'example_branch_datetime_operator', 'example_branch_datetime_operator_2' retrieved from /home/airflow/.local/lib/python3.12/site-packages/airflow/example_dags/example_branch_datetime_operator.py
[2026-08-04T08:36:31.273+0000] {logging_mixin.py:190} INFO - [2026-08-04T08:36:31.273+0000] {dag.py:3239} INFO - Sync 3 DAGs
[2026-08-04T08:36:31.300+0000] {logging_mixin.py:190} INFO - [2026-08-04T08:36:31.300+0000] {dag.py:4180} INFO - Setting next_dagrun for example_branch_datetime_operator to 2026-08-03 00:00:00+00:00, run_after=2026-08-04 00:00:00+00:00
[2026-08-04T08:36:31.305+0000] {logging_mixin.py:190} INFO - [2026-08-04T08:36:31.305+0000] {dag.py:4180} INFO - Setting next_dagrun for example_branch_datetime_operator_2 to 2026-08-03 00:00:00+00:00, run_after=2026-08-04 00:00:00+00:00
[2026-08-04T08:36:31.309+0000] {logging_mixin.py:190} INFO - [2026-08-04T08:36:31.309+0000] {dag.py:4180} INFO - Setting next_dagrun for example_branch_datetime_operator_3 to 2026-08-03 00:00:00+00:00, run_after=2026-08-04 00:00:00+00:00
[2026-08-04T08:36:31.327+0000] {processor.py:208} INFO - Processing /home/airflow/.local/lib/python3.12/site-packages/airflow/example_dags/example_branch_datetime_operator.py took 0.102 seconds
[2026-08-04T08:37:01.998+0000] {processor.py:186} INFO - Started process (PID=2090) to work on /home/airflow/.local/lib/python3.12/site-packages/airflow/example_dags/example_branch_datetime_operator.py
[2026-08-04T08:37:01.999+0000] {processor.py:914} INFO - Processing file /home/airflow/.local/lib/python3.12/site-packages/airflow/example_dags/example_branch_datetime_operator.py for tasks to queue
[2026-08-04T08:37:02.002+0000] {logging_mixin.py:190} INFO - [2026-08-04T08:37:02.002+0000] {dagbag.py:588} INFO - Filling up the DagBag from /home/airflow/.local/lib/python3.12/site-packages/airflow/example_dags/example_branch_datetime_operator.py
[2026-08-04T08:37:02.021+0000] {processor.py:925} INFO - DAG(s) 'example_branch_datetime_operator_2', 'example_branch_datetime_operator', 'example_branch_datetime_operator_3' retrieved from /home/airflow/.local/lib/python3.12/site-packages/airflow/example_dags/example_branch_datetime_operator.py
[2026-08-04T08:37:02.050+0000] {logging_mixin.py:190} INFO - [2026-08-04T08:37:02.049+0000] {dag.py:3239} INFO - Sync 3 DAGs
[2026-08-04T08:37:02.081+0000] {logging_mixin.py:190} INFO - [2026-08-04T08:37:02.080+0000] {dag.py:4180} INFO - Setting next_dagrun for example_branch_datetime_operator to 2026-08-03 00:00:00+00:00, run_after=2026-08-04 00:00:00+00:00
[2026-08-04T08:37:02.087+0000] {logging_mixin.py:190} INFO - [2026-08-04T08:37:02.087+0000] {dag.py:4180} INFO - Setting next_dagrun for example_branch_datetime_operator_2 to 2026-08-03 00:00:00+00:00, run_after=2026-08-04 00:00:00+00:00
[2026-08-04T08:37:02.090+0000] {logging_mixin.py:190} INFO - [2026-08-04T08:37:02.090+0000] {dag.py:4180} INFO - Setting next_dagrun for example_branch_datetime_operator_3 to 2026-08-03 00:00:00+00:00, run_after=2026-08-04 00:00:00+00:00
[2026-08-04T08:37:02.109+0000] {processor.py:208} INFO - Processing /home/airflow/.local/lib/python3.12/site-packages/airflow/example_dags/example_branch_datetime_operator.py took 0.118 seconds
[2026-08-04T08:37:32.883+0000] {processor.py:186} INFO - Started process (PID=2153) to work on /home/airflow/.local/lib/python3.12/site-packages/airflow/example_dags/example_branch_datetime_operator.py
[2026-08-04T08:37:32.884+0000] {processor.py:914} INFO - Processing file /home/airflow/.local/lib/python3.12/site-packages/airflow/example_dags/example_branch_datetime_operator.py for tasks to queue
[2026-08-04T08:37:32.888+0000] {logging_mixin.py:190} INFO - [2026-08-04T08:37:32.887+0000] {dagbag.py:588} INFO - Filling up the DagBag from /home/airflow/.local/lib/python3.12/site-packages/airflow/example_dags/example_branch_datetime_operator.py
[2026-08-04T08:37:32.905+0000] {processor.py:925} INFO - DAG(s) 'example_branch_datetime_operator', 'example_branch_datetime_operator_2', 'example_branch_datetime_operator_3' retrieved from /home/airflow/.local/lib/python3.12/site-packages/airflow/example_dags/example_branch_datetime_operator.py
[2026-08-04T08:37:32.939+0000] {logging_mixin.py:190} INFO - [2026-08-04T08:37:32.938+0000] {dag.py:3239} INFO - Sync 3 DAGs
[2026-08-04T08:37:32.969+0000] {logging_mixin.py:190} INFO - [2026-08-04T08:37:32.969+0000] {dag.py:4180} INFO - Setting next_dagrun for example_branch_datetime_operator to 2026-08-03 00:00:00+00:00, run_after=2026-08-04 00:00:00+00:00
[2026-08-04T08:37:32.976+0000] {logging_mixin.py:190} INFO - [2026-08-04T08:37:32.976+0000] {dag.py:4180} INFO - Setting next_dagrun for example_branch_datetime_operator_2 to 2026-08-03 00:00:00+00:00, run_after=2026-08-04 00:00:00+00:00
[2026-08-04T08:37:32.979+0000] {logging_mixin.py:190} INFO - [2026-08-04T08:37:32.979+0000] {dag.py:4180} INFO - Setting next_dagrun for example_branch_datetime_operator_3 to 2026-08-03 00:00:00+00:00, run_after=2026-08-04 00:00:00+00:00
[2026-08-04T08:37:33.002+0000] {processor.py:208} INFO - Processing /home/airflow/.local/lib/python3.12/site-packages/airflow/example_dags/example_branch_datetime_operator.py took 0.127 seconds
[2026-08-04T08:38:03.400+0000] {processor.py:186} INFO - Started process (PID=2215) to work on /home/airflow/.local/lib/python3.12/site-packages/airflow/example_dags/example_branch_datetime_operator.py
[2026-08-04T08:38:03.401+0000] {processor.py:914} INFO - Processing file /home/airflow/.local/lib/python3.12/site-packages/airflow/example_dags/example_branch_datetime_operator.py for tasks to queue
[2026-08-04T08:38:03.405+0000] {logging_mixin.py:190} INFO - [2026-08-04T08:38:03.404+0000] {dagbag.py:588} INFO - Filling up the DagBag from /home/airflow/.local/lib/python3.12/site-packages/airflow/example_dags/example_branch_datetime_operator.py
[2026-08-04T08:38:03.417+0000] {processor.py:925} INFO - DAG(s) 'example_branch_datetime_operator_2', 'example_branch_datetime_operator', 'example_branch_datetime_operator_3' retrieved from /home/airflow/.local/lib/python3.12/site-packages/airflow/example_dags/example_branch_datetime_operator.py
[2026-08-04T08:38:03.446+0000] {logging_mixin.py:190} INFO - [2026-08-04T08:38:03.445+0000] {dag.py:3239} INFO - Sync 3 DAGs
[2026-08-04T08:38:03.473+0000] {logging_mixin.py:190} INFO - [2026-08-04T08:38:03.472+0000] {dag.py:4180} INFO - Setting next_dagrun for example_branch_datetime_operator to 2026-08-03 00:00:00+00:00, run_after=2026-08-04 00:00:00+00:00
[2026-08-04T08:38:03.478+0000] {logging_mixin.py:190} INFO - [2026-08-04T08:38:03.478+0000] {dag.py:4180} INFO - Setting next_dagrun for example_branch_datetime_operator_2 to 2026-08-03 00:00:00+00:00, run_after=2026-08-04 00:00:00+00:00
[2026-08-04T08:38:03.481+0000] {logging_mixin.py:190} INFO - [2026-08-04T08:38:03.481+0000] {dag.py:4180} INFO - Setting next_dagrun for example_branch_datetime_operator_3 to 2026-08-03 00:00:00+00:00, run_after=2026-08-04 00:00:00+00:00
[2026-08-04T08:38:03.500+0000] {processor.py:208} INFO - Processing /home/airflow/.local/lib/python3.12/site-packages/airflow/example_dags/example_branch_datetime_operator.py took 0.105 seconds
[2026-08-04T08:38:33.682+0000] {processor.py:186} INFO - Started process (PID=2277) to work on /home/airflow/.local/lib/python3.12/site-packages/airflow/example_dags/example_branch_datetime_operator.py
[2026-08-04T08:38:33.683+0000] {processor.py:914} INFO - Processing file /home/airflow/.local/lib/python3.12/site-packages/airflow/example_dags/example_branch_datetime_operator.py for tasks to queue
[2026-08-04T08:38:33.688+0000] {logging_mixin.py:190} INFO - [2026-08-04T08:38:33.687+0000] {dagbag.py:588} INFO - Filling up the DagBag from /home/airflow/.local/lib/python3.12/site-packages/airflow/example_dags/example_branch_datetime_operator.py
[2026-08-04T08:38:33.706+0000] {processor.py:925} INFO - DAG(s) 'example_branch_datetime_operator_2', 'example_branch_datetime_operator_3', 'example_branch_datetime_operator' retrieved from /home/airflow/.local/lib/python3.12/site-packages/airflow/example_dags/example_branch_datetime_operator.py
[2026-08-04T08:38:33.734+0000] {logging_mixin.py:190} INFO - [2026-08-04T08:38:33.734+0000] {dag.py:3239} INFO - Sync 3 DAGs
[2026-08-04T08:38:33.767+0000] {logging_mixin.py:190} INFO - [2026-08-04T08:38:33.766+0000] {dag.py:4180} INFO - Setting next_dagrun for example_branch_datetime_operator to 2026-08-03 00:00:00+00:00, run_after=2026-08-04 00:00:00+00:00
[2026-08-04T08:38:33.772+0000] {logging_mixin.py:190} INFO - [2026-08-04T08:38:33.772+0000] {dag.py:4180} INFO - Setting next_dagrun for example_branch_datetime_operator_2 to 2026-08-03 00:00:00+00:00, run_after=2026-08-04 00:00:00+00:00
[2026-08-04T08:38:33.775+0000] {logging_mixin.py:190} INFO - [2026-08-04T08:38:33.775+0000] {dag.py:4180} INFO - Setting next_dagrun for example_branch_datetime_operator_3 to 2026-08-03 00:00:00+00:00, run_after=2026-08-04 00:00:00+00:00
[2026-08-04T08:38:33.793+0000] {processor.py:208} INFO - Processing /home/airflow/.local/lib/python3.12/site-packages/airflow/example_dags/example_branch_datetime_operator.py took 0.117 seconds
[2026-08-04T08:39:04.468+0000] {processor.py:186} INFO - Started process (PID=2338) to work on /home/airflow/.local/lib/python3.12/site-packages/airflow/example_dags/example_branch_datetime_operator.py
[2026-08-04T08:39:04.470+0000] {processor.py:914} INFO - Processing file /home/airflow/.local/lib/python3.12/site-packages/airflow/example_dags/example_branch_datetime_operator.py for tasks to queue
[2026-08-04T08:39:04.472+0000] {logging_mixin.py:190} INFO - [2026-08-04T08:39:04.472+0000] {dagbag.py:588} INFO - Filling up the DagBag from /home/airflow/.local/lib/python3.12/site-packages/airflow/example_dags/example_branch_datetime_operator.py
[2026-08-04T08:39:04.484+0000] {processor.py:925} INFO - DAG(s) 'example_branch_datetime_operator', 'example_branch_datetime_operator_2', 'example_branch_datetime_operator_3' retrieved from /home/airflow/.local/lib/python3.12/site-packages/airflow/example_dags/example_branch_datetime_operator.py
[2026-08-04T08:39:04.512+0000] {logging_mixin.py:190} INFO - [2026-08-04T08:39:04.512+0000] {dag.py:3239} INFO - Sync 3 DAGs
[2026-08-04T08:39:04.539+0000] {logging_mixin.py:190} INFO - [2026-08-04T08:39:04.538+0000] {dag.py:4180} INFO - Setting next_dagrun for example_branch_datetime_operator to 2026-08-03 00:00:00+00:00, run_after=2026-08-04 00:00:00+00:00
[2026-08-04T08:39:04.544+0000] {logging_mixin.py:190} INFO - [2026-08-04T08:39:04.544+0000] {dag.py:4180} INFO - Setting next_dagrun for example_branch_datetime_operator_2 to 2026-08-03 00:00:00+00:00, run_after=2026-08-04 00:00:00+00:00
[2026-08-04T08:39:04.547+0000] {logging_mixin.py:190} INFO - [2026-08-04T08:39:04.547+0000] {dag.py:4180} INFO - Setting next_dagrun for example_branch_datetime_operator_3 to 2026-08-03 00:00:00+00:00, run_after=2026-08-04 00:00:00+00:00
[2026-08-04T08:39:04.566+0000] {processor.py:208} INFO - Processing /home/airflow/.local/lib/python3.12/site-packages/airflow/example_dags/example_branch_datetime_operator.py took 0.104 seconds
[2026-08-04T08:39:35.621+0000] {processor.py:186} INFO - Started process (PID=2403) to work on /home/airflow/.local/lib/python3.12/site-packages/airflow/example_dags/example_branch_datetime_operator.py
[2026-08-04T08:39:35.623+0000] {processor.py:914} INFO - Processing file /home/airflow/.local/lib/python3.12/site-packages/airflow/example_dags/example_branch_datetime_operator.py for tasks to queue
[2026-08-04T08:39:35.626+0000] {logging_mixin.py:190} INFO - [2026-08-04T08:39:35.626+0000] {dagbag.py:588} INFO - Filling up the DagBag from /home/airflow/.local/lib/python3.12/site-packages/airflow/example_dags/example_branch_datetime_operator.py
[2026-08-04T08:39:35.640+0000] {processor.py:925} INFO - DAG(s) 'example_branch_datetime_operator_3', 'example_branch_datetime_operator_2', 'example_branch_datetime_operator' retrieved from /home/airflow/.local/lib/python3.12/site-packages/airflow/example_dags/example_branch_datetime_operator.py
[2026-08-04T08:39:35.667+0000] {logging_mixin.py:190} INFO - [2026-08-04T08:39:35.667+0000] {dag.py:3239} INFO - Sync 3 DAGs
[2026-08-04T08:39:35.695+0000] {logging_mixin.py:190} INFO - [2026-08-04T08:39:35.694+0000] {dag.py:4180} INFO - Setting next_dagrun for example_branch_datetime_operator to 2026-08-03 00:00:00+00:00, run_after=2026-08-04 00:00:00+00:00
[2026-08-04T08:39:35.701+0000] {logging_mixin.py:190} INFO - [2026-08-04T08:39:35.700+0000] {dag.py:4180} INFO - Setting next_dagrun for example_branch_datetime_operator_2 to 2026-08-03 00:00:00+00:00, run_after=2026-08-04 00:00:00+00:00
[2026-08-04T08:39:35.704+0000] {logging_mixin.py:190} INFO - [2026-08-04T08:39:35.704+0000] {dag.py:4180} INFO - Setting next_dagrun for example_branch_datetime_operator_3 to 2026-08-03 00:00:00+00:00, run_after=2026-08-04 00:00:00+00:00
[2026-08-04T08:39:35.727+0000] {processor.py:208} INFO - Processing /home/airflow/.local/lib/python3.12/site-packages/airflow/example_dags/example_branch_datetime_operator.py took 0.114 seconds
[2026-08-04T08:40:06.566+0000] {processor.py:186} INFO - Started process (PID=2467) to work on /home/airflow/.local/lib/python3.12/site-packages/airflow/example_dags/example_branch_datetime_operator.py
[2026-08-04T08:40:06.567+0000] {processor.py:914} INFO - Processing file /home/airflow/.local/lib/python3.12/site-packages/airflow/example_dags/example_branch_datetime_operator.py for tasks to queue
[2026-08-04T08:40:06.570+0000] {logging_mixin.py:190} INFO - [2026-08-04T08:40:06.570+0000] {dagbag.py:588} INFO - Filling up the DagBag from /home/airflow/.local/lib/python3.12/site-packages/airflow/example_dags/example_branch_datetime_operator.py
[2026-08-04T08:40:06.584+0000] {processor.py:925} INFO - DAG(s) 'example_branch_datetime_operator_3', 'example_branch_datetime_operator', 'example_branch_datetime_operator_2' retrieved from /home/airflow/.local/lib/python3.12/site-packages/airflow/example_dags/example_branch_datetime_operator.py
[2026-08-04T08:40:06.614+0000] {logging_mixin.py:190} INFO - [2026-08-04T08:40:06.613+0000] {dag.py:3239} INFO - Sync 3 DAGs
[2026-08-04T08:40:06.641+0000] {logging_mixin.py:190} INFO - [2026-08-04T08:40:06.640+0000] {dag.py:4180} INFO - Setting next_dagrun for example_branch_datetime_operator to 2026-08-03 00:00:00+00:00, run_after=2026-08-04 00:00:00+00:00
[2026-08-04T08:40:06.646+0000] {logging_mixin.py:190} INFO - [2026-08-04T08:40:06.646+0000] {dag.py:4180} INFO - Setting next_dagrun for example_branch_datetime_operator_2 to 2026-08-03 00:00:00+00:00, run_after=2026-08-04 00:00:00+00:00
[2026-08-04T08:40:06.649+0000] {logging_mixin.py:190} INFO - [2026-08-04T08:40:06.649+0000] {dag.py:4180} INFO - Setting next_dagrun for example_branch_datetime_operator_3 to 2026-08-03 00:00:00+00:00, run_after=2026-08-04 00:00:00+00:00
[2026-08-04T08:40:06.668+0000] {processor.py:208} INFO - Processing /home/airflow/.local/lib/python3.12/site-packages/airflow/example_dags/example_branch_datetime_operator.py took 0.107 seconds
[2026-08-04T08:40:37.526+0000] {processor.py:186} INFO - Started process (PID=2532) to work on /home/airflow/.local/lib/python3.12/site-packages/airflow/example_dags/example_branch_datetime_operator.py
[2026-08-04T08:40:37.527+0000] {processor.py:914} INFO - Processing file /home/airflow/.local/lib/python3.12/site-packages/airflow/example_dags/example_branch_datetime_operator.py for tasks to queue
[2026-08-04T08:40:37.530+0000] {logging_mixin.py:190} INFO - [2026-08-04T08:40:37.530+0000] {dagbag.py:588} INFO - Filling up the DagBag from /home/airflow/.local/lib/python3.12/site-packages/airflow/example_dags/example_branch_datetime_operator.py
[2026-08-04T08:40:37.544+0000] {processor.py:925} INFO - DAG(s) 'example_branch_datetime_operator', 'example_branch_datetime_operator_3', 'example_branch_datetime_operator_2' retrieved from /home/airflow/.local/lib/python3.12/site-packages/airflow/example_dags/example_branch_datetime_operator.py
[2026-08-04T08:40:37.571+0000] {logging_mixin.py:190} INFO - [2026-08-04T08:40:37.570+0000] {dag.py:3239} INFO - Sync 3 DAGs
[2026-08-04T08:40:37.596+0000] {logging_mixin.py:190} INFO - [2026-08-04T08:40:37.596+0000] {dag.py:4180} INFO - Setting next_dagrun for example_branch_datetime_operator to 2026-08-03 00:00:00+00:00, run_after=2026-08-04 00:00:00+00:00
[2026-08-04T08:40:37.603+0000] {logging_mixin.py:190} INFO - [2026-08-04T08:40:37.602+0000] {dag.py:4180} INFO - Setting next_dagrun for example_branch_datetime_operator_2 to 2026-08-03 00:00:00+00:00, run_after=2026-08-04 00:00:00+00:00
[2026-08-04T08:40:37.606+0000] {logging_mixin.py:190} INFO - [2026-08-04T08:40:37.606+0000] {dag.py:4180} INFO - Setting next_dagrun for example_branch_datetime_operator_3 to 2026-08-03 00:00:00+00:00, run_after=2026-08-04 00:00:00+00:00
[2026-08-04T08:40:37.624+0000] {processor.py:208} INFO - Processing /home/airflow/.local/lib/python3.12/site-packages/airflow/example_dags/example_branch_datetime_operator.py took 0.104 seconds
[2026-08-04T08:41:07.845+0000] {processor.py:186} INFO - Started process (PID=2590) to work on /home/airflow/.local/lib/python3.12/site-packages/airflow/example_dags/example_branch_datetime_operator.py
[2026-08-04T08:41:07.846+0000] {processor.py:914} INFO - Processing file /home/airflow/.local/lib/python3.12/site-packages/airflow/example_dags/example_branch_datetime_operator.py for tasks to queue
[2026-08-04T08:41:07.849+0000] {logging_mixin.py:190} INFO - [2026-08-04T08:41:07.849+0000] {dagbag.py:588} INFO - Filling up the DagBag from /home/airflow/.local/lib/python3.12/site-packages/airflow/example_dags/example_branch_datetime_operator.py
[2026-08-04T08:41:07.864+0000] {processor.py:925} INFO - DAG(s) 'example_branch_datetime_operator_3', 'example_branch_datetime_operator_2', 'example_branch_datetime_operator' retrieved from /home/airflow/.local/lib/python3.12/site-packages/airflow/example_dags/example_branch_datetime_operator.py
[2026-08-04T08:41:07.897+0000] {logging_mixin.py:190} INFO - [2026-08-04T08:41:07.897+0000] {dag.py:3239} INFO - Sync 3 DAGs
[2026-08-04T08:41:07.948+0000] {logging_mixin.py:190} INFO - [2026-08-04T08:41:07.947+0000] {dag.py:4180} INFO - Setting next_dagrun for example_branch_datetime_operator to 2026-08-03 00:00:00+00:00, run_after=2026-08-04 00:00:00+00:00
[2026-08-04T08:41:07.956+0000] {logging_mixin.py:190} INFO - [2026-08-04T08:41:07.956+0000] {dag.py:4180} INFO - Setting next_dagrun for example_branch_datetime_operator_2 to 2026-08-03 00:00:00+00:00, run_after=2026-08-04 00:00:00+00:00
[2026-08-04T08:41:07.962+0000] {logging_mixin.py:190} INFO - [2026-08-04T08:41:07.961+0000] {dag.py:4180} INFO - Setting next_dagrun for example_branch_datetime_operator_3 to 2026-08-03 00:00:00+00:00, run_after=2026-08-04 00:00:00+00:00
[2026-08-04T08:41:07.993+0000] {processor.py:208} INFO - Processing /home/airflow/.local/lib/python3.12/site-packages/airflow/example_dags/example_branch_datetime_operator.py took 0.154 seconds
[2026-08-04T08:41:39.531+0000] {processor.py:186} INFO - Started process (PID=2652) to work on /home/airflow/.local/lib/python3.12/site-packages/airflow/example_dags/example_branch_datetime_operator.py
[2026-08-04T08:41:39.532+0000] {processor.py:914} INFO - Processing file /home/airflow/.local/lib/python3.12/site-packages/airflow/example_dags/example_branch_datetime_operator.py for tasks to queue
[2026-08-04T08:41:39.536+0000] {logging_mixin.py:190} INFO - [2026-08-04T08:41:39.535+0000] {dagbag.py:588} INFO - Filling up the DagBag from /home/airflow/.local/lib/python3.12/site-packages/airflow/example_dags/example_branch_datetime_operator.py
[2026-08-04T08:41:39.551+0000] {processor.py:925} INFO - DAG(s) 'example_branch_datetime_operator', 'example_branch_datetime_operator_2', 'example_branch_datetime_operator_3' retrieved from /home/airflow/.local/lib/python3.12/site-packages/airflow/example_dags/example_branch_datetime_operator.py
[2026-08-04T08:41:39.581+0000] {logging_mixin.py:190} INFO - [2026-08-04T08:41:39.580+0000] {dag.py:3239} INFO - Sync 3 DAGs
[2026-08-04T08:41:39.609+0000] {logging_mixin.py:190} INFO - [2026-08-04T08:41:39.609+0000] {dag.py:4180} INFO - Setting next_dagrun for example_branch_datetime_operator to 2026-08-03 00:00:00+00:00, run_after=2026-08-04 00:00:00+00:00
[2026-08-04T08:41:39.615+0000] {logging_mixin.py:190} INFO - [2026-08-04T08:41:39.615+0000] {dag.py:4180} INFO - Setting next_dagrun for example_branch_datetime_operator_2 to 2026-08-03 00:00:00+00:00, run_after=2026-08-04 00:00:00+00:00
[2026-08-04T08:41:39.618+0000] {logging_mixin.py:190} INFO - [2026-08-04T08:41:39.618+0000] {dag.py:4180} INFO - Setting next_dagrun for example_branch_datetime_operator_3 to 2026-08-03 00:00:00+00:00, run_after=2026-08-04 00:00:00+00:00
[2026-08-04T08:41:39.637+0000] {processor.py:208} INFO - Processing /home/airflow/.local/lib/python3.12/site-packages/airflow/example_dags/example_branch_datetime_operator.py took 0.114 seconds
