[2026-08-04T07:47:16.165+0000] {processor.py:186} INFO - Started process (PID=114) to work on /home/airflow/.local/lib/python3.12/site-packages/airflow/example_dags/example_inlet_event_extra.py
[2026-08-04T07:47:16.167+0000] {processor.py:914} INFO - Processing file /home/airflow/.local/lib/python3.12/site-packages/airflow/example_dags/example_inlet_event_extra.py for tasks to queue
[2026-08-04T07:47:16.185+0000] {logging_mixin.py:190} INFO - [2026-08-04T07:47:16.183+0000] {dagbag.py:588} INFO - Filling up the DagBag from /home/airflow/.local/lib/python3.12/site-packages/airflow/example_dags/example_inlet_event_extra.py
[2026-08-04T07:47:17.207+0000] {processor.py:925} INFO - DAG(s) 'read_dataset_event', 'read_dataset_event_from_classic' retrieved from /home/airflow/.local/lib/python3.12/site-packages/airflow/example_dags/example_inlet_event_extra.py
[2026-08-04T07:47:17.246+0000] {logging_mixin.py:190} INFO - [2026-08-04T07:47:17.245+0000] {dag.py:3239} INFO - Sync 2 DAGs
[2026-08-04T07:47:17.286+0000] {logging_mixin.py:190} INFO - [2026-08-04T07:47:17.286+0000] {dag.py:4180} INFO - Setting next_dagrun for read_dataset_event to 2026-08-03 00:00:00+00:00, run_after=2026-08-04 00:00:00+00:00
[2026-08-04T07:47:17.295+0000] {logging_mixin.py:190} INFO - [2026-08-04T07:47:17.295+0000] {dag.py:4180} INFO - Setting next_dagrun for read_dataset_event_from_classic to 2026-08-03 00:00:00+00:00, run_after=2026-08-04 00:00:00+00:00
[2026-08-04T07:47:17.325+0000] {processor.py:208} INFO - Processing /home/airflow/.local/lib/python3.12/site-packages/airflow/example_dags/example_inlet_event_extra.py took 1.177 seconds
[2026-08-04T08:21:21.641+0000] {processor.py:186} INFO - Started process (PID=114) to work on /home/airflow/.local/lib/python3.12/site-packages/airflow/example_dags/example_inlet_event_extra.py
[2026-08-04T08:21:21.642+0000] {processor.py:914} INFO - Processing file /home/airflow/.local/lib/python3.12/site-packages/airflow/example_dags/example_inlet_event_extra.py for tasks to queue
[2026-08-04T08:21:21.646+0000] {logging_mixin.py:190} INFO - [2026-08-04T08:21:21.645+0000] {dagbag.py:588} INFO - Filling up the DagBag from /home/airflow/.local/lib/python3.12/site-packages/airflow/example_dags/example_inlet_event_extra.py
[2026-08-04T08:21:22.397+0000] {processor.py:925} INFO - DAG(s) 'read_dataset_event', 'read_dataset_event_from_classic' retrieved from /home/airflow/.local/lib/python3.12/site-packages/airflow/example_dags/example_inlet_event_extra.py
[2026-08-04T08:21:22.423+0000] {logging_mixin.py:190} INFO - [2026-08-04T08:21:22.423+0000] {dag.py:3239} INFO - Sync 2 DAGs
[2026-08-04T08:21:22.459+0000] {logging_mixin.py:190} INFO - [2026-08-04T08:21:22.459+0000] {dag.py:4180} INFO - Setting next_dagrun for read_dataset_event to 2026-08-03 00:00:00+00:00, run_after=2026-08-04 00:00:00+00:00
[2026-08-04T08:21:22.468+0000] {logging_mixin.py:190} INFO - [2026-08-04T08:21:22.468+0000] {dag.py:4180} INFO - Setting next_dagrun for read_dataset_event_from_classic to 2026-08-03 00:00:00+00:00, run_after=2026-08-04 00:00:00+00:00
[2026-08-04T08:21:22.492+0000] {processor.py:208} INFO - Processing /home/airflow/.local/lib/python3.12/site-packages/airflow/example_dags/example_inlet_event_extra.py took 0.859 seconds
[2026-08-04T08:21:53.251+0000] {processor.py:186} INFO - Started process (PID=181) to work on /home/airflow/.local/lib/python3.12/site-packages/airflow/example_dags/example_inlet_event_extra.py
[2026-08-04T08:21:53.253+0000] {processor.py:914} INFO - Processing file /home/airflow/.local/lib/python3.12/site-packages/airflow/example_dags/example_inlet_event_extra.py for tasks to queue
[2026-08-04T08:21:53.256+0000] {logging_mixin.py:190} INFO - [2026-08-04T08:21:53.256+0000] {dagbag.py:588} INFO - Filling up the DagBag from /home/airflow/.local/lib/python3.12/site-packages/airflow/example_dags/example_inlet_event_extra.py
[2026-08-04T08:21:53.987+0000] {processor.py:925} INFO - DAG(s) 'read_dataset_event_from_classic', 'read_dataset_event' retrieved from /home/airflow/.local/lib/python3.12/site-packages/airflow/example_dags/example_inlet_event_extra.py
[2026-08-04T08:21:54.009+0000] {logging_mixin.py:190} INFO - [2026-08-04T08:21:54.009+0000] {dag.py:3239} INFO - Sync 2 DAGs
[2026-08-04T08:21:54.038+0000] {logging_mixin.py:190} INFO - [2026-08-04T08:21:54.038+0000] {dag.py:4180} INFO - Setting next_dagrun for read_dataset_event to 2026-08-03 00:00:00+00:00, run_after=2026-08-04 00:00:00+00:00
[2026-08-04T08:21:54.045+0000] {logging_mixin.py:190} INFO - [2026-08-04T08:21:54.045+0000] {dag.py:4180} INFO - Setting next_dagrun for read_dataset_event_from_classic to 2026-08-03 00:00:00+00:00, run_after=2026-08-04 00:00:00+00:00
[2026-08-04T08:21:54.064+0000] {processor.py:208} INFO - Processing /home/airflow/.local/lib/python3.12/site-packages/airflow/example_dags/example_inlet_event_extra.py took 0.819 seconds
[2026-08-04T08:22:24.250+0000] {processor.py:186} INFO - Started process (PID=250) to work on /home/airflow/.local/lib/python3.12/site-packages/airflow/example_dags/example_inlet_event_extra.py
[2026-08-04T08:22:24.251+0000] {processor.py:914} INFO - Processing file /home/airflow/.local/lib/python3.12/site-packages/airflow/example_dags/example_inlet_event_extra.py for tasks to queue
[2026-08-04T08:22:24.255+0000] {logging_mixin.py:190} INFO - [2026-08-04T08:22:24.254+0000] {dagbag.py:588} INFO - Filling up the DagBag from /home/airflow/.local/lib/python3.12/site-packages/airflow/example_dags/example_inlet_event_extra.py
[2026-08-04T08:22:25.005+0000] {processor.py:925} INFO - DAG(s) 'read_dataset_event_from_classic', 'read_dataset_event' retrieved from /home/airflow/.local/lib/python3.12/site-packages/airflow/example_dags/example_inlet_event_extra.py
[2026-08-04T08:22:25.027+0000] {logging_mixin.py:190} INFO - [2026-08-04T08:22:25.027+0000] {dag.py:3239} INFO - Sync 2 DAGs
[2026-08-04T08:22:25.063+0000] {logging_mixin.py:190} INFO - [2026-08-04T08:22:25.062+0000] {dag.py:4180} INFO - Setting next_dagrun for read_dataset_event to 2026-08-03 00:00:00+00:00, run_after=2026-08-04 00:00:00+00:00
[2026-08-04T08:22:25.070+0000] {logging_mixin.py:190} INFO - [2026-08-04T08:22:25.070+0000] {dag.py:4180} INFO - Setting next_dagrun for read_dataset_event_from_classic to 2026-08-03 00:00:00+00:00, run_after=2026-08-04 00:00:00+00:00
[2026-08-04T08:22:25.095+0000] {processor.py:208} INFO - Processing /home/airflow/.local/lib/python3.12/site-packages/airflow/example_dags/example_inlet_event_extra.py took 0.853 seconds
[2026-08-04T08:22:55.493+0000] {processor.py:186} INFO - Started process (PID=318) to work on /home/airflow/.local/lib/python3.12/site-packages/airflow/example_dags/example_inlet_event_extra.py
[2026-08-04T08:22:55.494+0000] {processor.py:914} INFO - Processing file /home/airflow/.local/lib/python3.12/site-packages/airflow/example_dags/example_inlet_event_extra.py for tasks to queue
[2026-08-04T08:22:55.497+0000] {logging_mixin.py:190} INFO - [2026-08-04T08:22:55.497+0000] {dagbag.py:588} INFO - Filling up the DagBag from /home/airflow/.local/lib/python3.12/site-packages/airflow/example_dags/example_inlet_event_extra.py
[2026-08-04T08:22:56.122+0000] {processor.py:925} INFO - DAG(s) 'read_dataset_event', 'read_dataset_event_from_classic' retrieved from /home/airflow/.local/lib/python3.12/site-packages/airflow/example_dags/example_inlet_event_extra.py
[2026-08-04T08:22:56.143+0000] {logging_mixin.py:190} INFO - [2026-08-04T08:22:56.142+0000] {dag.py:3239} INFO - Sync 2 DAGs
[2026-08-04T08:22:56.168+0000] {logging_mixin.py:190} INFO - [2026-08-04T08:22:56.168+0000] {dag.py:4180} INFO - Setting next_dagrun for read_dataset_event to 2026-08-03 00:00:00+00:00, run_after=2026-08-04 00:00:00+00:00
[2026-08-04T08:22:56.174+0000] {logging_mixin.py:190} INFO - [2026-08-04T08:22:56.174+0000] {dag.py:4180} INFO - Setting next_dagrun for read_dataset_event_from_classic to 2026-08-03 00:00:00+00:00, run_after=2026-08-04 00:00:00+00:00
[2026-08-04T08:22:56.190+0000] {processor.py:208} INFO - Processing /home/airflow/.local/lib/python3.12/site-packages/airflow/example_dags/example_inlet_event_extra.py took 0.703 seconds
[2026-08-04T08:23:26.627+0000] {processor.py:186} INFO - Started process (PID=381) to work on /home/airflow/.local/lib/python3.12/site-packages/airflow/example_dags/example_inlet_event_extra.py
[2026-08-04T08:23:26.628+0000] {processor.py:914} INFO - Processing file /home/airflow/.local/lib/python3.12/site-packages/airflow/example_dags/example_inlet_event_extra.py for tasks to queue
[2026-08-04T08:23:26.631+0000] {logging_mixin.py:190} INFO - [2026-08-04T08:23:26.630+0000] {dagbag.py:588} INFO - Filling up the DagBag from /home/airflow/.local/lib/python3.12/site-packages/airflow/example_dags/example_inlet_event_extra.py
[2026-08-04T08:23:27.197+0000] {processor.py:925} INFO - DAG(s) 'read_dataset_event', 'read_dataset_event_from_classic' retrieved from /home/airflow/.local/lib/python3.12/site-packages/airflow/example_dags/example_inlet_event_extra.py
[2026-08-04T08:23:27.218+0000] {logging_mixin.py:190} INFO - [2026-08-04T08:23:27.218+0000] {dag.py:3239} INFO - Sync 2 DAGs
[2026-08-04T08:23:27.247+0000] {logging_mixin.py:190} INFO - [2026-08-04T08:23:27.247+0000] {dag.py:4180} INFO - Setting next_dagrun for read_dataset_event to 2026-08-03 00:00:00+00:00, run_after=2026-08-04 00:00:00+00:00
[2026-08-04T08:23:27.254+0000] {logging_mixin.py:190} INFO - [2026-08-04T08:23:27.254+0000] {dag.py:4180} INFO - Setting next_dagrun for read_dataset_event_from_classic to 2026-08-03 00:00:00+00:00, run_after=2026-08-04 00:00:00+00:00
[2026-08-04T08:23:27.273+0000] {processor.py:208} INFO - Processing /home/airflow/.local/lib/python3.12/site-packages/airflow/example_dags/example_inlet_event_extra.py took 0.652 seconds
[2026-08-04T08:23:58.175+0000] {processor.py:186} INFO - Started process (PID=445) to work on /home/airflow/.local/lib/python3.12/site-packages/airflow/example_dags/example_inlet_event_extra.py
[2026-08-04T08:23:58.176+0000] {processor.py:914} INFO - Processing file /home/airflow/.local/lib/python3.12/site-packages/airflow/example_dags/example_inlet_event_extra.py for tasks to queue
[2026-08-04T08:23:58.180+0000] {logging_mixin.py:190} INFO - [2026-08-04T08:23:58.179+0000] {dagbag.py:588} INFO - Filling up the DagBag from /home/airflow/.local/lib/python3.12/site-packages/airflow/example_dags/example_inlet_event_extra.py
[2026-08-04T08:23:58.857+0000] {processor.py:925} INFO - DAG(s) 'read_dataset_event', 'read_dataset_event_from_classic' retrieved from /home/airflow/.local/lib/python3.12/site-packages/airflow/example_dags/example_inlet_event_extra.py
[2026-08-04T08:23:58.879+0000] {logging_mixin.py:190} INFO - [2026-08-04T08:23:58.879+0000] {dag.py:3239} INFO - Sync 2 DAGs
[2026-08-04T08:23:58.907+0000] {logging_mixin.py:190} INFO - [2026-08-04T08:23:58.907+0000] {dag.py:4180} INFO - Setting next_dagrun for read_dataset_event to 2026-08-03 00:00:00+00:00, run_after=2026-08-04 00:00:00+00:00
[2026-08-04T08:23:58.912+0000] {logging_mixin.py:190} INFO - [2026-08-04T08:23:58.912+0000] {dag.py:4180} INFO - Setting next_dagrun for read_dataset_event_from_classic to 2026-08-03 00:00:00+00:00, run_after=2026-08-04 00:00:00+00:00
[2026-08-04T08:23:58.929+0000] {processor.py:208} INFO - Processing /home/airflow/.local/lib/python3.12/site-packages/airflow/example_dags/example_inlet_event_extra.py took 0.764 seconds
[2026-08-04T08:24:29.503+0000] {processor.py:186} INFO - Started process (PID=510) to work on /home/airflow/.local/lib/python3.12/site-packages/airflow/example_dags/example_inlet_event_extra.py
[2026-08-04T08:24:29.504+0000] {processor.py:914} INFO - Processing file /home/airflow/.local/lib/python3.12/site-packages/airflow/example_dags/example_inlet_event_extra.py for tasks to queue
[2026-08-04T08:24:29.507+0000] {logging_mixin.py:190} INFO - [2026-08-04T08:24:29.507+0000] {dagbag.py:588} INFO - Filling up the DagBag from /home/airflow/.local/lib/python3.12/site-packages/airflow/example_dags/example_inlet_event_extra.py
[2026-08-04T08:24:30.171+0000] {processor.py:925} INFO - DAG(s) 'read_dataset_event_from_classic', 'read_dataset_event' retrieved from /home/airflow/.local/lib/python3.12/site-packages/airflow/example_dags/example_inlet_event_extra.py
[2026-08-04T08:24:30.199+0000] {logging_mixin.py:190} INFO - [2026-08-04T08:24:30.199+0000] {dag.py:3239} INFO - Sync 2 DAGs
[2026-08-04T08:24:30.243+0000] {logging_mixin.py:190} INFO - [2026-08-04T08:24:30.242+0000] {dag.py:4180} INFO - Setting next_dagrun for read_dataset_event to 2026-08-03 00:00:00+00:00, run_after=2026-08-04 00:00:00+00:00
[2026-08-04T08:24:30.250+0000] {logging_mixin.py:190} INFO - [2026-08-04T08:24:30.249+0000] {dag.py:4180} INFO - Setting next_dagrun for read_dataset_event_from_classic to 2026-08-03 00:00:00+00:00, run_after=2026-08-04 00:00:00+00:00
[2026-08-04T08:24:30.280+0000] {processor.py:208} INFO - Processing /home/airflow/.local/lib/python3.12/site-packages/airflow/example_dags/example_inlet_event_extra.py took 0.783 seconds
[2026-08-04T08:25:00.776+0000] {processor.py:186} INFO - Started process (PID=575) to work on /home/airflow/.local/lib/python3.12/site-packages/airflow/example_dags/example_inlet_event_extra.py
[2026-08-04T08:25:00.777+0000] {processor.py:914} INFO - Processing file /home/airflow/.local/lib/python3.12/site-packages/airflow/example_dags/example_inlet_event_extra.py for tasks to queue
[2026-08-04T08:25:00.780+0000] {logging_mixin.py:190} INFO - [2026-08-04T08:25:00.780+0000] {dagbag.py:588} INFO - Filling up the DagBag from /home/airflow/.local/lib/python3.12/site-packages/airflow/example_dags/example_inlet_event_extra.py
[2026-08-04T08:25:01.325+0000] {processor.py:925} INFO - DAG(s) 'read_dataset_event_from_classic', 'read_dataset_event' retrieved from /home/airflow/.local/lib/python3.12/site-packages/airflow/example_dags/example_inlet_event_extra.py
[2026-08-04T08:25:01.344+0000] {logging_mixin.py:190} INFO - [2026-08-04T08:25:01.344+0000] {dag.py:3239} INFO - Sync 2 DAGs
[2026-08-04T08:25:01.369+0000] {logging_mixin.py:190} INFO - [2026-08-04T08:25:01.369+0000] {dag.py:4180} INFO - Setting next_dagrun for read_dataset_event to 2026-08-03 00:00:00+00:00, run_after=2026-08-04 00:00:00+00:00
[2026-08-04T08:25:01.375+0000] {logging_mixin.py:190} INFO - [2026-08-04T08:25:01.375+0000] {dag.py:4180} INFO - Setting next_dagrun for read_dataset_event_from_classic to 2026-08-03 00:00:00+00:00, run_after=2026-08-04 00:00:00+00:00
[2026-08-04T08:25:01.392+0000] {processor.py:208} INFO - Processing /home/airflow/.local/lib/python3.12/site-packages/airflow/example_dags/example_inlet_event_extra.py took 0.622 seconds
[2026-08-04T08:25:31.999+0000] {processor.py:186} INFO - Started process (PID=640) to work on /home/airflow/.local/lib/python3.12/site-packages/airflow/example_dags/example_inlet_event_extra.py
[2026-08-04T08:25:32.000+0000] {processor.py:914} INFO - Processing file /home/airflow/.local/lib/python3.12/site-packages/airflow/example_dags/example_inlet_event_extra.py for tasks to queue
[2026-08-04T08:25:32.003+0000] {logging_mixin.py:190} INFO - [2026-08-04T08:25:32.002+0000] {dagbag.py:588} INFO - Filling up the DagBag from /home/airflow/.local/lib/python3.12/site-packages/airflow/example_dags/example_inlet_event_extra.py
[2026-08-04T08:25:32.554+0000] {processor.py:925} INFO - DAG(s) 'read_dataset_event', 'read_dataset_event_from_classic' retrieved from /home/airflow/.local/lib/python3.12/site-packages/airflow/example_dags/example_inlet_event_extra.py
[2026-08-04T08:25:32.575+0000] {logging_mixin.py:190} INFO - [2026-08-04T08:25:32.574+0000] {dag.py:3239} INFO - Sync 2 DAGs
[2026-08-04T08:25:32.600+0000] {logging_mixin.py:190} INFO - [2026-08-04T08:25:32.600+0000] {dag.py:4180} INFO - Setting next_dagrun for read_dataset_event to 2026-08-03 00:00:00+00:00, run_after=2026-08-04 00:00:00+00:00
[2026-08-04T08:25:32.606+0000] {logging_mixin.py:190} INFO - [2026-08-04T08:25:32.606+0000] {dag.py:4180} INFO - Setting next_dagrun for read_dataset_event_from_classic to 2026-08-03 00:00:00+00:00, run_after=2026-08-04 00:00:00+00:00
[2026-08-04T08:25:32.623+0000] {processor.py:208} INFO - Processing /home/airflow/.local/lib/python3.12/site-packages/airflow/example_dags/example_inlet_event_extra.py took 0.630 seconds
[2026-08-04T08:26:03.010+0000] {processor.py:186} INFO - Started process (PID=700) to work on /home/airflow/.local/lib/python3.12/site-packages/airflow/example_dags/example_inlet_event_extra.py
[2026-08-04T08:26:03.012+0000] {processor.py:914} INFO - Processing file /home/airflow/.local/lib/python3.12/site-packages/airflow/example_dags/example_inlet_event_extra.py for tasks to queue
[2026-08-04T08:26:03.014+0000] {logging_mixin.py:190} INFO - [2026-08-04T08:26:03.014+0000] {dagbag.py:588} INFO - Filling up the DagBag from /home/airflow/.local/lib/python3.12/site-packages/airflow/example_dags/example_inlet_event_extra.py
[2026-08-04T08:26:03.655+0000] {processor.py:925} INFO - DAG(s) 'read_dataset_event', 'read_dataset_event_from_classic' retrieved from /home/airflow/.local/lib/python3.12/site-packages/airflow/example_dags/example_inlet_event_extra.py
[2026-08-04T08:26:03.681+0000] {logging_mixin.py:190} INFO - [2026-08-04T08:26:03.681+0000] {dag.py:3239} INFO - Sync 2 DAGs
[2026-08-04T08:26:03.709+0000] {logging_mixin.py:190} INFO - [2026-08-04T08:26:03.708+0000] {dag.py:4180} INFO - Setting next_dagrun for read_dataset_event to 2026-08-03 00:00:00+00:00, run_after=2026-08-04 00:00:00+00:00
[2026-08-04T08:26:03.714+0000] {logging_mixin.py:190} INFO - [2026-08-04T08:26:03.714+0000] {dag.py:4180} INFO - Setting next_dagrun for read_dataset_event_from_classic to 2026-08-03 00:00:00+00:00, run_after=2026-08-04 00:00:00+00:00
[2026-08-04T08:26:03.732+0000] {processor.py:208} INFO - Processing /home/airflow/.local/lib/python3.12/site-packages/airflow/example_dags/example_inlet_event_extra.py took 0.727 seconds
[2026-08-04T08:26:33.895+0000] {processor.py:186} INFO - Started process (PID=766) to work on /home/airflow/.local/lib/python3.12/site-packages/airflow/example_dags/example_inlet_event_extra.py
[2026-08-04T08:26:33.897+0000] {processor.py:914} INFO - Processing file /home/airflow/.local/lib/python3.12/site-packages/airflow/example_dags/example_inlet_event_extra.py for tasks to queue
[2026-08-04T08:26:33.900+0000] {logging_mixin.py:190} INFO - [2026-08-04T08:26:33.899+0000] {dagbag.py:588} INFO - Filling up the DagBag from /home/airflow/.local/lib/python3.12/site-packages/airflow/example_dags/example_inlet_event_extra.py
[2026-08-04T08:26:34.476+0000] {processor.py:925} INFO - DAG(s) 'read_dataset_event_from_classic', 'read_dataset_event' retrieved from /home/airflow/.local/lib/python3.12/site-packages/airflow/example_dags/example_inlet_event_extra.py
[2026-08-04T08:26:34.496+0000] {logging_mixin.py:190} INFO - [2026-08-04T08:26:34.496+0000] {dag.py:3239} INFO - Sync 2 DAGs
[2026-08-04T08:26:34.523+0000] {logging_mixin.py:190} INFO - [2026-08-04T08:26:34.523+0000] {dag.py:4180} INFO - Setting next_dagrun for read_dataset_event to 2026-08-03 00:00:00+00:00, run_after=2026-08-04 00:00:00+00:00
[2026-08-04T08:26:34.529+0000] {logging_mixin.py:190} INFO - [2026-08-04T08:26:34.529+0000] {dag.py:4180} INFO - Setting next_dagrun for read_dataset_event_from_classic to 2026-08-03 00:00:00+00:00, run_after=2026-08-04 00:00:00+00:00
[2026-08-04T08:26:34.547+0000] {processor.py:208} INFO - Processing /home/airflow/.local/lib/python3.12/site-packages/airflow/example_dags/example_inlet_event_extra.py took 0.659 seconds
[2026-08-04T08:27:05.242+0000] {processor.py:186} INFO - Started process (PID=831) to work on /home/airflow/.local/lib/python3.12/site-packages/airflow/example_dags/example_inlet_event_extra.py
[2026-08-04T08:27:05.243+0000] {processor.py:914} INFO - Processing file /home/airflow/.local/lib/python3.12/site-packages/airflow/example_dags/example_inlet_event_extra.py for tasks to queue
[2026-08-04T08:27:05.246+0000] {logging_mixin.py:190} INFO - [2026-08-04T08:27:05.246+0000] {dagbag.py:588} INFO - Filling up the DagBag from /home/airflow/.local/lib/python3.12/site-packages/airflow/example_dags/example_inlet_event_extra.py
[2026-08-04T08:27:05.810+0000] {processor.py:925} INFO - DAG(s) 'read_dataset_event', 'read_dataset_event_from_classic' retrieved from /home/airflow/.local/lib/python3.12/site-packages/airflow/example_dags/example_inlet_event_extra.py
[2026-08-04T08:27:05.830+0000] {logging_mixin.py:190} INFO - [2026-08-04T08:27:05.830+0000] {dag.py:3239} INFO - Sync 2 DAGs
[2026-08-04T08:27:05.855+0000] {logging_mixin.py:190} INFO - [2026-08-04T08:27:05.855+0000] {dag.py:4180} INFO - Setting next_dagrun for read_dataset_event to 2026-08-03 00:00:00+00:00, run_after=2026-08-04 00:00:00+00:00
[2026-08-04T08:27:05.861+0000] {logging_mixin.py:190} INFO - [2026-08-04T08:27:05.861+0000] {dag.py:4180} INFO - Setting next_dagrun for read_dataset_event_from_classic to 2026-08-03 00:00:00+00:00, run_after=2026-08-04 00:00:00+00:00
[2026-08-04T08:27:05.879+0000] {processor.py:208} INFO - Processing /home/airflow/.local/lib/python3.12/site-packages/airflow/example_dags/example_inlet_event_extra.py took 0.643 seconds
[2026-08-04T08:27:36.452+0000] {processor.py:186} INFO - Started process (PID=896) to work on /home/airflow/.local/lib/python3.12/site-packages/airflow/example_dags/example_inlet_event_extra.py
[2026-08-04T08:27:36.453+0000] {processor.py:914} INFO - Processing file /home/airflow/.local/lib/python3.12/site-packages/airflow/example_dags/example_inlet_event_extra.py for tasks to queue
[2026-08-04T08:27:36.456+0000] {logging_mixin.py:190} INFO - [2026-08-04T08:27:36.455+0000] {dagbag.py:588} INFO - Filling up the DagBag from /home/airflow/.local/lib/python3.12/site-packages/airflow/example_dags/example_inlet_event_extra.py
[2026-08-04T08:27:36.993+0000] {processor.py:925} INFO - DAG(s) 'read_dataset_event', 'read_dataset_event_from_classic' retrieved from /home/airflow/.local/lib/python3.12/site-packages/airflow/example_dags/example_inlet_event_extra.py
[2026-08-04T08:27:37.013+0000] {logging_mixin.py:190} INFO - [2026-08-04T08:27:37.012+0000] {dag.py:3239} INFO - Sync 2 DAGs
[2026-08-04T08:27:37.039+0000] {logging_mixin.py:190} INFO - [2026-08-04T08:27:37.039+0000] {dag.py:4180} INFO - Setting next_dagrun for read_dataset_event to 2026-08-03 00:00:00+00:00, run_after=2026-08-04 00:00:00+00:00
[2026-08-04T08:27:37.048+0000] {logging_mixin.py:190} INFO - [2026-08-04T08:27:37.048+0000] {dag.py:4180} INFO - Setting next_dagrun for read_dataset_event_from_classic to 2026-08-03 00:00:00+00:00, run_after=2026-08-04 00:00:00+00:00
[2026-08-04T08:27:37.067+0000] {processor.py:208} INFO - Processing /home/airflow/.local/lib/python3.12/site-packages/airflow/example_dags/example_inlet_event_extra.py took 0.621 seconds
[2026-08-04T08:28:07.587+0000] {processor.py:186} INFO - Started process (PID=961) to work on /home/airflow/.local/lib/python3.12/site-packages/airflow/example_dags/example_inlet_event_extra.py
[2026-08-04T08:28:07.589+0000] {processor.py:914} INFO - Processing file /home/airflow/.local/lib/python3.12/site-packages/airflow/example_dags/example_inlet_event_extra.py for tasks to queue
[2026-08-04T08:28:07.591+0000] {logging_mixin.py:190} INFO - [2026-08-04T08:28:07.591+0000] {dagbag.py:588} INFO - Filling up the DagBag from /home/airflow/.local/lib/python3.12/site-packages/airflow/example_dags/example_inlet_event_extra.py
[2026-08-04T08:28:08.185+0000] {processor.py:925} INFO - DAG(s) 'read_dataset_event', 'read_dataset_event_from_classic' retrieved from /home/airflow/.local/lib/python3.12/site-packages/airflow/example_dags/example_inlet_event_extra.py
[2026-08-04T08:28:08.203+0000] {logging_mixin.py:190} INFO - [2026-08-04T08:28:08.203+0000] {dag.py:3239} INFO - Sync 2 DAGs
[2026-08-04T08:28:08.227+0000] {logging_mixin.py:190} INFO - [2026-08-04T08:28:08.227+0000] {dag.py:4180} INFO - Setting next_dagrun for read_dataset_event to 2026-08-03 00:00:00+00:00, run_after=2026-08-04 00:00:00+00:00
[2026-08-04T08:28:08.233+0000] {logging_mixin.py:190} INFO - [2026-08-04T08:28:08.232+0000] {dag.py:4180} INFO - Setting next_dagrun for read_dataset_event_from_classic to 2026-08-03 00:00:00+00:00, run_after=2026-08-04 00:00:00+00:00
[2026-08-04T08:28:08.250+0000] {processor.py:208} INFO - Processing /home/airflow/.local/lib/python3.12/site-packages/airflow/example_dags/example_inlet_event_extra.py took 0.669 seconds
[2026-08-04T08:28:39.471+0000] {processor.py:186} INFO - Started process (PID=1026) to work on /home/airflow/.local/lib/python3.12/site-packages/airflow/example_dags/example_inlet_event_extra.py
[2026-08-04T08:28:39.472+0000] {processor.py:914} INFO - Processing file /home/airflow/.local/lib/python3.12/site-packages/airflow/example_dags/example_inlet_event_extra.py for tasks to queue
[2026-08-04T08:28:39.475+0000] {logging_mixin.py:190} INFO - [2026-08-04T08:28:39.474+0000] {dagbag.py:588} INFO - Filling up the DagBag from /home/airflow/.local/lib/python3.12/site-packages/airflow/example_dags/example_inlet_event_extra.py
[2026-08-04T08:28:40.083+0000] {processor.py:925} INFO - DAG(s) 'read_dataset_event_from_classic', 'read_dataset_event' retrieved from /home/airflow/.local/lib/python3.12/site-packages/airflow/example_dags/example_inlet_event_extra.py
[2026-08-04T08:28:40.110+0000] {logging_mixin.py:190} INFO - [2026-08-04T08:28:40.110+0000] {dag.py:3239} INFO - Sync 2 DAGs
[2026-08-04T08:28:40.137+0000] {logging_mixin.py:190} INFO - [2026-08-04T08:28:40.137+0000] {dag.py:4180} INFO - Setting next_dagrun for read_dataset_event to 2026-08-03 00:00:00+00:00, run_after=2026-08-04 00:00:00+00:00
[2026-08-04T08:28:40.144+0000] {logging_mixin.py:190} INFO - [2026-08-04T08:28:40.143+0000] {dag.py:4180} INFO - Setting next_dagrun for read_dataset_event_from_classic to 2026-08-03 00:00:00+00:00, run_after=2026-08-04 00:00:00+00:00
[2026-08-04T08:28:40.164+0000] {processor.py:208} INFO - Processing /home/airflow/.local/lib/python3.12/site-packages/airflow/example_dags/example_inlet_event_extra.py took 0.699 seconds
[2026-08-04T08:29:11.182+0000] {processor.py:186} INFO - Started process (PID=1093) to work on /home/airflow/.local/lib/python3.12/site-packages/airflow/example_dags/example_inlet_event_extra.py
[2026-08-04T08:29:11.183+0000] {processor.py:914} INFO - Processing file /home/airflow/.local/lib/python3.12/site-packages/airflow/example_dags/example_inlet_event_extra.py for tasks to queue
[2026-08-04T08:29:11.186+0000] {logging_mixin.py:190} INFO - [2026-08-04T08:29:11.186+0000] {dagbag.py:588} INFO - Filling up the DagBag from /home/airflow/.local/lib/python3.12/site-packages/airflow/example_dags/example_inlet_event_extra.py
[2026-08-04T08:29:11.745+0000] {processor.py:925} INFO - DAG(s) 'read_dataset_event_from_classic', 'read_dataset_event' retrieved from /home/airflow/.local/lib/python3.12/site-packages/airflow/example_dags/example_inlet_event_extra.py
[2026-08-04T08:29:11.765+0000] {logging_mixin.py:190} INFO - [2026-08-04T08:29:11.765+0000] {dag.py:3239} INFO - Sync 2 DAGs
[2026-08-04T08:29:11.791+0000] {logging_mixin.py:190} INFO - [2026-08-04T08:29:11.790+0000] {dag.py:4180} INFO - Setting next_dagrun for read_dataset_event to 2026-08-03 00:00:00+00:00, run_after=2026-08-04 00:00:00+00:00
[2026-08-04T08:29:11.796+0000] {logging_mixin.py:190} INFO - [2026-08-04T08:29:11.796+0000] {dag.py:4180} INFO - Setting next_dagrun for read_dataset_event_from_classic to 2026-08-03 00:00:00+00:00, run_after=2026-08-04 00:00:00+00:00
[2026-08-04T08:29:11.813+0000] {processor.py:208} INFO - Processing /home/airflow/.local/lib/python3.12/site-packages/airflow/example_dags/example_inlet_event_extra.py took 0.637 seconds
[2026-08-04T08:29:42.058+0000] {processor.py:186} INFO - Started process (PID=1156) to work on /home/airflow/.local/lib/python3.12/site-packages/airflow/example_dags/example_inlet_event_extra.py
[2026-08-04T08:29:42.059+0000] {processor.py:914} INFO - Processing file /home/airflow/.local/lib/python3.12/site-packages/airflow/example_dags/example_inlet_event_extra.py for tasks to queue
[2026-08-04T08:29:42.062+0000] {logging_mixin.py:190} INFO - [2026-08-04T08:29:42.062+0000] {dagbag.py:588} INFO - Filling up the DagBag from /home/airflow/.local/lib/python3.12/site-packages/airflow/example_dags/example_inlet_event_extra.py
[2026-08-04T08:29:42.611+0000] {processor.py:925} INFO - DAG(s) 'read_dataset_event', 'read_dataset_event_from_classic' retrieved from /home/airflow/.local/lib/python3.12/site-packages/airflow/example_dags/example_inlet_event_extra.py
[2026-08-04T08:29:42.631+0000] {logging_mixin.py:190} INFO - [2026-08-04T08:29:42.631+0000] {dag.py:3239} INFO - Sync 2 DAGs
[2026-08-04T08:29:42.657+0000] {logging_mixin.py:190} INFO - [2026-08-04T08:29:42.656+0000] {dag.py:4180} INFO - Setting next_dagrun for read_dataset_event to 2026-08-03 00:00:00+00:00, run_after=2026-08-04 00:00:00+00:00
[2026-08-04T08:29:42.662+0000] {logging_mixin.py:190} INFO - [2026-08-04T08:29:42.662+0000] {dag.py:4180} INFO - Setting next_dagrun for read_dataset_event_from_classic to 2026-08-03 00:00:00+00:00, run_after=2026-08-04 00:00:00+00:00
[2026-08-04T08:29:42.680+0000] {processor.py:208} INFO - Processing /home/airflow/.local/lib/python3.12/site-packages/airflow/example_dags/example_inlet_event_extra.py took 0.628 seconds
[2026-08-04T08:30:14.003+0000] {processor.py:186} INFO - Started process (PID=1228) to work on /home/airflow/.local/lib/python3.12/site-packages/airflow/example_dags/example_inlet_event_extra.py
[2026-08-04T08:30:14.004+0000] {processor.py:914} INFO - Processing file /home/airflow/.local/lib/python3.12/site-packages/airflow/example_dags/example_inlet_event_extra.py for tasks to queue
[2026-08-04T08:30:14.006+0000] {logging_mixin.py:190} INFO - [2026-08-04T08:30:14.006+0000] {dagbag.py:588} INFO - Filling up the DagBag from /home/airflow/.local/lib/python3.12/site-packages/airflow/example_dags/example_inlet_event_extra.py
[2026-08-04T08:30:14.650+0000] {processor.py:925} INFO - DAG(s) 'read_dataset_event_from_classic', 'read_dataset_event' retrieved from /home/airflow/.local/lib/python3.12/site-packages/airflow/example_dags/example_inlet_event_extra.py
[2026-08-04T08:30:14.673+0000] {logging_mixin.py:190} INFO - [2026-08-04T08:30:14.672+0000] {dag.py:3239} INFO - Sync 2 DAGs
[2026-08-04T08:30:14.700+0000] {logging_mixin.py:190} INFO - [2026-08-04T08:30:14.699+0000] {dag.py:4180} INFO - Setting next_dagrun for read_dataset_event to 2026-08-03 00:00:00+00:00, run_after=2026-08-04 00:00:00+00:00
[2026-08-04T08:30:14.706+0000] {logging_mixin.py:190} INFO - [2026-08-04T08:30:14.706+0000] {dag.py:4180} INFO - Setting next_dagrun for read_dataset_event_from_classic to 2026-08-03 00:00:00+00:00, run_after=2026-08-04 00:00:00+00:00
[2026-08-04T08:30:14.725+0000] {processor.py:208} INFO - Processing /home/airflow/.local/lib/python3.12/site-packages/airflow/example_dags/example_inlet_event_extra.py took 0.728 seconds
[2026-08-04T08:30:44.916+0000] {processor.py:186} INFO - Started process (PID=1293) to work on /home/airflow/.local/lib/python3.12/site-packages/airflow/example_dags/example_inlet_event_extra.py
[2026-08-04T08:30:44.918+0000] {processor.py:914} INFO - Processing file /home/airflow/.local/lib/python3.12/site-packages/airflow/example_dags/example_inlet_event_extra.py for tasks to queue
[2026-08-04T08:30:44.922+0000] {logging_mixin.py:190} INFO - [2026-08-04T08:30:44.921+0000] {dagbag.py:588} INFO - Filling up the DagBag from /home/airflow/.local/lib/python3.12/site-packages/airflow/example_dags/example_inlet_event_extra.py
[2026-08-04T08:30:45.539+0000] {processor.py:925} INFO - DAG(s) 'read_dataset_event', 'read_dataset_event_from_classic' retrieved from /home/airflow/.local/lib/python3.12/site-packages/airflow/example_dags/example_inlet_event_extra.py
[2026-08-04T08:30:45.559+0000] {logging_mixin.py:190} INFO - [2026-08-04T08:30:45.559+0000] {dag.py:3239} INFO - Sync 2 DAGs
[2026-08-04T08:30:45.585+0000] {logging_mixin.py:190} INFO - [2026-08-04T08:30:45.585+0000] {dag.py:4180} INFO - Setting next_dagrun for read_dataset_event to 2026-08-03 00:00:00+00:00, run_after=2026-08-04 00:00:00+00:00
[2026-08-04T08:30:45.591+0000] {logging_mixin.py:190} INFO - [2026-08-04T08:30:45.591+0000] {dag.py:4180} INFO - Setting next_dagrun for read_dataset_event_from_classic to 2026-08-03 00:00:00+00:00, run_after=2026-08-04 00:00:00+00:00
[2026-08-04T08:30:45.609+0000] {processor.py:208} INFO - Processing /home/airflow/.local/lib/python3.12/site-packages/airflow/example_dags/example_inlet_event_extra.py took 0.702 seconds
[2026-08-04T08:31:16.380+0000] {processor.py:186} INFO - Started process (PID=1358) to work on /home/airflow/.local/lib/python3.12/site-packages/airflow/example_dags/example_inlet_event_extra.py
[2026-08-04T08:31:16.382+0000] {processor.py:914} INFO - Processing file /home/airflow/.local/lib/python3.12/site-packages/airflow/example_dags/example_inlet_event_extra.py for tasks to queue
[2026-08-04T08:31:16.385+0000] {logging_mixin.py:190} INFO - [2026-08-04T08:31:16.384+0000] {dagbag.py:588} INFO - Filling up the DagBag from /home/airflow/.local/lib/python3.12/site-packages/airflow/example_dags/example_inlet_event_extra.py
[2026-08-04T08:31:16.916+0000] {processor.py:925} INFO - DAG(s) 'read_dataset_event_from_classic', 'read_dataset_event' retrieved from /home/airflow/.local/lib/python3.12/site-packages/airflow/example_dags/example_inlet_event_extra.py
[2026-08-04T08:31:16.936+0000] {logging_mixin.py:190} INFO - [2026-08-04T08:31:16.936+0000] {dag.py:3239} INFO - Sync 2 DAGs
[2026-08-04T08:31:16.960+0000] {logging_mixin.py:190} INFO - [2026-08-04T08:31:16.960+0000] {dag.py:4180} INFO - Setting next_dagrun for read_dataset_event to 2026-08-03 00:00:00+00:00, run_after=2026-08-04 00:00:00+00:00
[2026-08-04T08:31:16.966+0000] {logging_mixin.py:190} INFO - [2026-08-04T08:31:16.965+0000] {dag.py:4180} INFO - Setting next_dagrun for read_dataset_event_from_classic to 2026-08-03 00:00:00+00:00, run_after=2026-08-04 00:00:00+00:00
[2026-08-04T08:31:16.982+0000] {processor.py:208} INFO - Processing /home/airflow/.local/lib/python3.12/site-packages/airflow/example_dags/example_inlet_event_extra.py took 0.608 seconds
[2026-08-04T08:31:47.546+0000] {processor.py:186} INFO - Started process (PID=1423) to work on /home/airflow/.local/lib/python3.12/site-packages/airflow/example_dags/example_inlet_event_extra.py
[2026-08-04T08:31:47.547+0000] {processor.py:914} INFO - Processing file /home/airflow/.local/lib/python3.12/site-packages/airflow/example_dags/example_inlet_event_extra.py for tasks to queue
[2026-08-04T08:31:47.550+0000] {logging_mixin.py:190} INFO - [2026-08-04T08:31:47.550+0000] {dagbag.py:588} INFO - Filling up the DagBag from /home/airflow/.local/lib/python3.12/site-packages/airflow/example_dags/example_inlet_event_extra.py
[2026-08-04T08:31:48.143+0000] {processor.py:925} INFO - DAG(s) 'read_dataset_event_from_classic', 'read_dataset_event' retrieved from /home/airflow/.local/lib/python3.12/site-packages/airflow/example_dags/example_inlet_event_extra.py
[2026-08-04T08:31:48.164+0000] {logging_mixin.py:190} INFO - [2026-08-04T08:31:48.164+0000] {dag.py:3239} INFO - Sync 2 DAGs
[2026-08-04T08:31:48.192+0000] {logging_mixin.py:190} INFO - [2026-08-04T08:31:48.192+0000] {dag.py:4180} INFO - Setting next_dagrun for read_dataset_event to 2026-08-03 00:00:00+00:00, run_after=2026-08-04 00:00:00+00:00
[2026-08-04T08:31:48.198+0000] {logging_mixin.py:190} INFO - [2026-08-04T08:31:48.198+0000] {dag.py:4180} INFO - Setting next_dagrun for read_dataset_event_from_classic to 2026-08-03 00:00:00+00:00, run_after=2026-08-04 00:00:00+00:00
[2026-08-04T08:31:48.218+0000] {processor.py:208} INFO - Processing /home/airflow/.local/lib/python3.12/site-packages/airflow/example_dags/example_inlet_event_extra.py took 0.679 seconds
[2026-08-04T08:32:19.072+0000] {processor.py:186} INFO - Started process (PID=1488) to work on /home/airflow/.local/lib/python3.12/site-packages/airflow/example_dags/example_inlet_event_extra.py
[2026-08-04T08:32:19.073+0000] {processor.py:914} INFO - Processing file /home/airflow/.local/lib/python3.12/site-packages/airflow/example_dags/example_inlet_event_extra.py for tasks to queue
[2026-08-04T08:32:19.076+0000] {logging_mixin.py:190} INFO - [2026-08-04T08:32:19.076+0000] {dagbag.py:588} INFO - Filling up the DagBag from /home/airflow/.local/lib/python3.12/site-packages/airflow/example_dags/example_inlet_event_extra.py
[2026-08-04T08:32:19.650+0000] {processor.py:925} INFO - DAG(s) 'read_dataset_event', 'read_dataset_event_from_classic' retrieved from /home/airflow/.local/lib/python3.12/site-packages/airflow/example_dags/example_inlet_event_extra.py
[2026-08-04T08:32:19.668+0000] {logging_mixin.py:190} INFO - [2026-08-04T08:32:19.668+0000] {dag.py:3239} INFO - Sync 2 DAGs
[2026-08-04T08:32:19.693+0000] {logging_mixin.py:190} INFO - [2026-08-04T08:32:19.693+0000] {dag.py:4180} INFO - Setting next_dagrun for read_dataset_event to 2026-08-03 00:00:00+00:00, run_after=2026-08-04 00:00:00+00:00
[2026-08-04T08:32:19.699+0000] {logging_mixin.py:190} INFO - [2026-08-04T08:32:19.699+0000] {dag.py:4180} INFO - Setting next_dagrun for read_dataset_event_from_classic to 2026-08-03 00:00:00+00:00, run_after=2026-08-04 00:00:00+00:00
[2026-08-04T08:32:19.716+0000] {processor.py:208} INFO - Processing /home/airflow/.local/lib/python3.12/site-packages/airflow/example_dags/example_inlet_event_extra.py took 0.650 seconds
[2026-08-04T08:32:50.358+0000] {processor.py:186} INFO - Started process (PID=1553) to work on /home/airflow/.local/lib/python3.12/site-packages/airflow/example_dags/example_inlet_event_extra.py
[2026-08-04T08:32:50.359+0000] {processor.py:914} INFO - Processing file /home/airflow/.local/lib/python3.12/site-packages/airflow/example_dags/example_inlet_event_extra.py for tasks to queue
[2026-08-04T08:32:50.362+0000] {logging_mixin.py:190} INFO - [2026-08-04T08:32:50.361+0000] {dagbag.py:588} INFO - Filling up the DagBag from /home/airflow/.local/lib/python3.12/site-packages/airflow/example_dags/example_inlet_event_extra.py
[2026-08-04T08:32:50.906+0000] {processor.py:925} INFO - DAG(s) 'read_dataset_event_from_classic', 'read_dataset_event' retrieved from /home/airflow/.local/lib/python3.12/site-packages/airflow/example_dags/example_inlet_event_extra.py
[2026-08-04T08:32:50.924+0000] {logging_mixin.py:190} INFO - [2026-08-04T08:32:50.924+0000] {dag.py:3239} INFO - Sync 2 DAGs
[2026-08-04T08:32:50.949+0000] {logging_mixin.py:190} INFO - [2026-08-04T08:32:50.949+0000] {dag.py:4180} INFO - Setting next_dagrun for read_dataset_event to 2026-08-03 00:00:00+00:00, run_after=2026-08-04 00:00:00+00:00
[2026-08-04T08:32:50.955+0000] {logging_mixin.py:190} INFO - [2026-08-04T08:32:50.954+0000] {dag.py:4180} INFO - Setting next_dagrun for read_dataset_event_from_classic to 2026-08-03 00:00:00+00:00, run_after=2026-08-04 00:00:00+00:00
[2026-08-04T08:32:50.971+0000] {processor.py:208} INFO - Processing /home/airflow/.local/lib/python3.12/site-packages/airflow/example_dags/example_inlet_event_extra.py took 0.620 seconds
[2026-08-04T08:33:21.865+0000] {processor.py:186} INFO - Started process (PID=1618) to work on /home/airflow/.local/lib/python3.12/site-packages/airflow/example_dags/example_inlet_event_extra.py
[2026-08-04T08:33:21.866+0000] {processor.py:914} INFO - Processing file /home/airflow/.local/lib/python3.12/site-packages/airflow/example_dags/example_inlet_event_extra.py for tasks to queue
[2026-08-04T08:33:21.869+0000] {logging_mixin.py:190} INFO - [2026-08-04T08:33:21.868+0000] {dagbag.py:588} INFO - Filling up the DagBag from /home/airflow/.local/lib/python3.12/site-packages/airflow/example_dags/example_inlet_event_extra.py
[2026-08-04T08:33:22.433+0000] {processor.py:925} INFO - DAG(s) 'read_dataset_event', 'read_dataset_event_from_classic' retrieved from /home/airflow/.local/lib/python3.12/site-packages/airflow/example_dags/example_inlet_event_extra.py
[2026-08-04T08:33:22.455+0000] {logging_mixin.py:190} INFO - [2026-08-04T08:33:22.455+0000] {dag.py:3239} INFO - Sync 2 DAGs
[2026-08-04T08:33:22.483+0000] {logging_mixin.py:190} INFO - [2026-08-04T08:33:22.483+0000] {dag.py:4180} INFO - Setting next_dagrun for read_dataset_event to 2026-08-03 00:00:00+00:00, run_after=2026-08-04 00:00:00+00:00
[2026-08-04T08:33:22.489+0000] {logging_mixin.py:190} INFO - [2026-08-04T08:33:22.489+0000] {dag.py:4180} INFO - Setting next_dagrun for read_dataset_event_from_classic to 2026-08-03 00:00:00+00:00, run_after=2026-08-04 00:00:00+00:00
[2026-08-04T08:33:22.508+0000] {processor.py:208} INFO - Processing /home/airflow/.local/lib/python3.12/site-packages/airflow/example_dags/example_inlet_event_extra.py took 0.649 seconds
[2026-08-04T08:33:52.702+0000] {processor.py:186} INFO - Started process (PID=1683) to work on /home/airflow/.local/lib/python3.12/site-packages/airflow/example_dags/example_inlet_event_extra.py
[2026-08-04T08:33:52.704+0000] {processor.py:914} INFO - Processing file /home/airflow/.local/lib/python3.12/site-packages/airflow/example_dags/example_inlet_event_extra.py for tasks to queue
[2026-08-04T08:33:52.708+0000] {logging_mixin.py:190} INFO - [2026-08-04T08:33:52.707+0000] {dagbag.py:588} INFO - Filling up the DagBag from /home/airflow/.local/lib/python3.12/site-packages/airflow/example_dags/example_inlet_event_extra.py
[2026-08-04T08:33:53.361+0000] {processor.py:925} INFO - DAG(s) 'read_dataset_event_from_classic', 'read_dataset_event' retrieved from /home/airflow/.local/lib/python3.12/site-packages/airflow/example_dags/example_inlet_event_extra.py
[2026-08-04T08:33:53.380+0000] {logging_mixin.py:190} INFO - [2026-08-04T08:33:53.380+0000] {dag.py:3239} INFO - Sync 2 DAGs
[2026-08-04T08:33:53.406+0000] {logging_mixin.py:190} INFO - [2026-08-04T08:33:53.406+0000] {dag.py:4180} INFO - Setting next_dagrun for read_dataset_event to 2026-08-03 00:00:00+00:00, run_after=2026-08-04 00:00:00+00:00
[2026-08-04T08:33:53.412+0000] {logging_mixin.py:190} INFO - [2026-08-04T08:33:53.412+0000] {dag.py:4180} INFO - Setting next_dagrun for read_dataset_event_from_classic to 2026-08-03 00:00:00+00:00, run_after=2026-08-04 00:00:00+00:00
[2026-08-04T08:33:53.430+0000] {processor.py:208} INFO - Processing /home/airflow/.local/lib/python3.12/site-packages/airflow/example_dags/example_inlet_event_extra.py took 0.734 seconds
[2026-08-04T08:34:24.292+0000] {processor.py:186} INFO - Started process (PID=1748) to work on /home/airflow/.local/lib/python3.12/site-packages/airflow/example_dags/example_inlet_event_extra.py
[2026-08-04T08:34:24.294+0000] {processor.py:914} INFO - Processing file /home/airflow/.local/lib/python3.12/site-packages/airflow/example_dags/example_inlet_event_extra.py for tasks to queue
[2026-08-04T08:34:24.297+0000] {logging_mixin.py:190} INFO - [2026-08-04T08:34:24.296+0000] {dagbag.py:588} INFO - Filling up the DagBag from /home/airflow/.local/lib/python3.12/site-packages/airflow/example_dags/example_inlet_event_extra.py
[2026-08-04T08:34:24.835+0000] {processor.py:925} INFO - DAG(s) 'read_dataset_event', 'read_dataset_event_from_classic' retrieved from /home/airflow/.local/lib/python3.12/site-packages/airflow/example_dags/example_inlet_event_extra.py
[2026-08-04T08:34:24.857+0000] {logging_mixin.py:190} INFO - [2026-08-04T08:34:24.857+0000] {dag.py:3239} INFO - Sync 2 DAGs
[2026-08-04T08:34:24.882+0000] {logging_mixin.py:190} INFO - [2026-08-04T08:34:24.882+0000] {dag.py:4180} INFO - Setting next_dagrun for read_dataset_event to 2026-08-03 00:00:00+00:00, run_after=2026-08-04 00:00:00+00:00
[2026-08-04T08:34:24.888+0000] {logging_mixin.py:190} INFO - [2026-08-04T08:34:24.888+0000] {dag.py:4180} INFO - Setting next_dagrun for read_dataset_event_from_classic to 2026-08-03 00:00:00+00:00, run_after=2026-08-04 00:00:00+00:00
[2026-08-04T08:34:24.904+0000] {processor.py:208} INFO - Processing /home/airflow/.local/lib/python3.12/site-packages/airflow/example_dags/example_inlet_event_extra.py took 0.619 seconds
[2026-08-04T08:34:55.546+0000] {processor.py:186} INFO - Started process (PID=1813) to work on /home/airflow/.local/lib/python3.12/site-packages/airflow/example_dags/example_inlet_event_extra.py
[2026-08-04T08:34:55.547+0000] {processor.py:914} INFO - Processing file /home/airflow/.local/lib/python3.12/site-packages/airflow/example_dags/example_inlet_event_extra.py for tasks to queue
[2026-08-04T08:34:55.550+0000] {logging_mixin.py:190} INFO - [2026-08-04T08:34:55.550+0000] {dagbag.py:588} INFO - Filling up the DagBag from /home/airflow/.local/lib/python3.12/site-packages/airflow/example_dags/example_inlet_event_extra.py
[2026-08-04T08:34:56.129+0000] {processor.py:925} INFO - DAG(s) 'read_dataset_event_from_classic', 'read_dataset_event' retrieved from /home/airflow/.local/lib/python3.12/site-packages/airflow/example_dags/example_inlet_event_extra.py
[2026-08-04T08:34:56.149+0000] {logging_mixin.py:190} INFO - [2026-08-04T08:34:56.149+0000] {dag.py:3239} INFO - Sync 2 DAGs
[2026-08-04T08:34:56.175+0000] {logging_mixin.py:190} INFO - [2026-08-04T08:34:56.174+0000] {dag.py:4180} INFO - Setting next_dagrun for read_dataset_event to 2026-08-03 00:00:00+00:00, run_after=2026-08-04 00:00:00+00:00
[2026-08-04T08:34:56.180+0000] {logging_mixin.py:190} INFO - [2026-08-04T08:34:56.180+0000] {dag.py:4180} INFO - Setting next_dagrun for read_dataset_event_from_classic to 2026-08-03 00:00:00+00:00, run_after=2026-08-04 00:00:00+00:00
[2026-08-04T08:34:56.196+0000] {processor.py:208} INFO - Processing /home/airflow/.local/lib/python3.12/site-packages/airflow/example_dags/example_inlet_event_extra.py took 0.657 seconds
[2026-08-04T08:35:26.816+0000] {processor.py:186} INFO - Started process (PID=1878) to work on /home/airflow/.local/lib/python3.12/site-packages/airflow/example_dags/example_inlet_event_extra.py
[2026-08-04T08:35:26.818+0000] {processor.py:914} INFO - Processing file /home/airflow/.local/lib/python3.12/site-packages/airflow/example_dags/example_inlet_event_extra.py for tasks to queue
[2026-08-04T08:35:26.820+0000] {logging_mixin.py:190} INFO - [2026-08-04T08:35:26.820+0000] {dagbag.py:588} INFO - Filling up the DagBag from /home/airflow/.local/lib/python3.12/site-packages/airflow/example_dags/example_inlet_event_extra.py
[2026-08-04T08:35:27.341+0000] {processor.py:925} INFO - DAG(s) 'read_dataset_event_from_classic', 'read_dataset_event' retrieved from /home/airflow/.local/lib/python3.12/site-packages/airflow/example_dags/example_inlet_event_extra.py
[2026-08-04T08:35:27.361+0000] {logging_mixin.py:190} INFO - [2026-08-04T08:35:27.361+0000] {dag.py:3239} INFO - Sync 2 DAGs
[2026-08-04T08:35:27.385+0000] {logging_mixin.py:190} INFO - [2026-08-04T08:35:27.384+0000] {dag.py:4180} INFO - Setting next_dagrun for read_dataset_event to 2026-08-03 00:00:00+00:00, run_after=2026-08-04 00:00:00+00:00
[2026-08-04T08:35:27.390+0000] {logging_mixin.py:190} INFO - [2026-08-04T08:35:27.390+0000] {dag.py:4180} INFO - Setting next_dagrun for read_dataset_event_from_classic to 2026-08-03 00:00:00+00:00, run_after=2026-08-04 00:00:00+00:00
[2026-08-04T08:35:27.408+0000] {processor.py:208} INFO - Processing /home/airflow/.local/lib/python3.12/site-packages/airflow/example_dags/example_inlet_event_extra.py took 0.598 seconds
[2026-08-04T08:35:57.483+0000] {processor.py:186} INFO - Started process (PID=1942) to work on /home/airflow/.local/lib/python3.12/site-packages/airflow/example_dags/example_inlet_event_extra.py
[2026-08-04T08:35:57.485+0000] {processor.py:914} INFO - Processing file /home/airflow/.local/lib/python3.12/site-packages/airflow/example_dags/example_inlet_event_extra.py for tasks to queue
[2026-08-04T08:35:57.489+0000] {logging_mixin.py:190} INFO - [2026-08-04T08:35:57.488+0000] {dagbag.py:588} INFO - Filling up the DagBag from /home/airflow/.local/lib/python3.12/site-packages/airflow/example_dags/example_inlet_event_extra.py
[2026-08-04T08:35:58.166+0000] {processor.py:925} INFO - DAG(s) 'read_dataset_event', 'read_dataset_event_from_classic' retrieved from /home/airflow/.local/lib/python3.12/site-packages/airflow/example_dags/example_inlet_event_extra.py
[2026-08-04T08:35:58.185+0000] {logging_mixin.py:190} INFO - [2026-08-04T08:35:58.185+0000] {dag.py:3239} INFO - Sync 2 DAGs
[2026-08-04T08:35:58.210+0000] {logging_mixin.py:190} INFO - [2026-08-04T08:35:58.209+0000] {dag.py:4180} INFO - Setting next_dagrun for read_dataset_event to 2026-08-03 00:00:00+00:00, run_after=2026-08-04 00:00:00+00:00
[2026-08-04T08:35:58.216+0000] {logging_mixin.py:190} INFO - [2026-08-04T08:35:58.216+0000] {dag.py:4180} INFO - Setting next_dagrun for read_dataset_event_from_classic to 2026-08-03 00:00:00+00:00, run_after=2026-08-04 00:00:00+00:00
[2026-08-04T08:35:58.233+0000] {processor.py:208} INFO - Processing /home/airflow/.local/lib/python3.12/site-packages/airflow/example_dags/example_inlet_event_extra.py took 0.759 seconds
[2026-08-04T08:36:29.414+0000] {processor.py:186} INFO - Started process (PID=2011) to work on /home/airflow/.local/lib/python3.12/site-packages/airflow/example_dags/example_inlet_event_extra.py
[2026-08-04T08:36:29.415+0000] {processor.py:914} INFO - Processing file /home/airflow/.local/lib/python3.12/site-packages/airflow/example_dags/example_inlet_event_extra.py for tasks to queue
[2026-08-04T08:36:29.418+0000] {logging_mixin.py:190} INFO - [2026-08-04T08:36:29.418+0000] {dagbag.py:588} INFO - Filling up the DagBag from /home/airflow/.local/lib/python3.12/site-packages/airflow/example_dags/example_inlet_event_extra.py
[2026-08-04T08:36:29.982+0000] {processor.py:925} INFO - DAG(s) 'read_dataset_event', 'read_dataset_event_from_classic' retrieved from /home/airflow/.local/lib/python3.12/site-packages/airflow/example_dags/example_inlet_event_extra.py
[2026-08-04T08:36:30.004+0000] {logging_mixin.py:190} INFO - [2026-08-04T08:36:30.003+0000] {dag.py:3239} INFO - Sync 2 DAGs
[2026-08-04T08:36:30.027+0000] {logging_mixin.py:190} INFO - [2026-08-04T08:36:30.027+0000] {dag.py:4180} INFO - Setting next_dagrun for read_dataset_event to 2026-08-03 00:00:00+00:00, run_after=2026-08-04 00:00:00+00:00
[2026-08-04T08:36:30.035+0000] {logging_mixin.py:190} INFO - [2026-08-04T08:36:30.035+0000] {dag.py:4180} INFO - Setting next_dagrun for read_dataset_event_from_classic to 2026-08-03 00:00:00+00:00, run_after=2026-08-04 00:00:00+00:00
[2026-08-04T08:36:30.070+0000] {processor.py:208} INFO - Processing /home/airflow/.local/lib/python3.12/site-packages/airflow/example_dags/example_inlet_event_extra.py took 0.662 seconds
[2026-08-04T08:37:00.502+0000] {processor.py:186} INFO - Started process (PID=2076) to work on /home/airflow/.local/lib/python3.12/site-packages/airflow/example_dags/example_inlet_event_extra.py
[2026-08-04T08:37:00.504+0000] {processor.py:914} INFO - Processing file /home/airflow/.local/lib/python3.12/site-packages/airflow/example_dags/example_inlet_event_extra.py for tasks to queue
[2026-08-04T08:37:00.507+0000] {logging_mixin.py:190} INFO - [2026-08-04T08:37:00.506+0000] {dagbag.py:588} INFO - Filling up the DagBag from /home/airflow/.local/lib/python3.12/site-packages/airflow/example_dags/example_inlet_event_extra.py
[2026-08-04T08:37:01.083+0000] {processor.py:925} INFO - DAG(s) 'read_dataset_event', 'read_dataset_event_from_classic' retrieved from /home/airflow/.local/lib/python3.12/site-packages/airflow/example_dags/example_inlet_event_extra.py
[2026-08-04T08:37:01.106+0000] {logging_mixin.py:190} INFO - [2026-08-04T08:37:01.105+0000] {dag.py:3239} INFO - Sync 2 DAGs
[2026-08-04T08:37:01.135+0000] {logging_mixin.py:190} INFO - [2026-08-04T08:37:01.134+0000] {dag.py:4180} INFO - Setting next_dagrun for read_dataset_event to 2026-08-03 00:00:00+00:00, run_after=2026-08-04 00:00:00+00:00
[2026-08-04T08:37:01.141+0000] {logging_mixin.py:190} INFO - [2026-08-04T08:37:01.141+0000] {dag.py:4180} INFO - Setting next_dagrun for read_dataset_event_from_classic to 2026-08-03 00:00:00+00:00, run_after=2026-08-04 00:00:00+00:00
[2026-08-04T08:37:01.158+0000] {processor.py:208} INFO - Processing /home/airflow/.local/lib/python3.12/site-packages/airflow/example_dags/example_inlet_event_extra.py took 0.663 seconds
[2026-08-04T08:37:31.210+0000] {processor.py:186} INFO - Started process (PID=2140) to work on /home/airflow/.local/lib/python3.12/site-packages/airflow/example_dags/example_inlet_event_extra.py
[2026-08-04T08:37:31.212+0000] {processor.py:914} INFO - Processing file /home/airflow/.local/lib/python3.12/site-packages/airflow/example_dags/example_inlet_event_extra.py for tasks to queue
[2026-08-04T08:37:31.215+0000] {logging_mixin.py:190} INFO - [2026-08-04T08:37:31.214+0000] {dagbag.py:588} INFO - Filling up the DagBag from /home/airflow/.local/lib/python3.12/site-packages/airflow/example_dags/example_inlet_event_extra.py
[2026-08-04T08:37:31.791+0000] {processor.py:925} INFO - DAG(s) 'read_dataset_event', 'read_dataset_event_from_classic' retrieved from /home/airflow/.local/lib/python3.12/site-packages/airflow/example_dags/example_inlet_event_extra.py
[2026-08-04T08:37:31.812+0000] {logging_mixin.py:190} INFO - [2026-08-04T08:37:31.811+0000] {dag.py:3239} INFO - Sync 2 DAGs
[2026-08-04T08:37:31.839+0000] {logging_mixin.py:190} INFO - [2026-08-04T08:37:31.839+0000] {dag.py:4180} INFO - Setting next_dagrun for read_dataset_event to 2026-08-03 00:00:00+00:00, run_after=2026-08-04 00:00:00+00:00
[2026-08-04T08:37:31.845+0000] {logging_mixin.py:190} INFO - [2026-08-04T08:37:31.845+0000] {dag.py:4180} INFO - Setting next_dagrun for read_dataset_event_from_classic to 2026-08-03 00:00:00+00:00, run_after=2026-08-04 00:00:00+00:00
[2026-08-04T08:37:31.864+0000] {processor.py:208} INFO - Processing /home/airflow/.local/lib/python3.12/site-packages/airflow/example_dags/example_inlet_event_extra.py took 0.661 seconds
[2026-08-04T08:38:01.972+0000] {processor.py:186} INFO - Started process (PID=2205) to work on /home/airflow/.local/lib/python3.12/site-packages/airflow/example_dags/example_inlet_event_extra.py
[2026-08-04T08:38:01.973+0000] {processor.py:914} INFO - Processing file /home/airflow/.local/lib/python3.12/site-packages/airflow/example_dags/example_inlet_event_extra.py for tasks to queue
[2026-08-04T08:38:01.976+0000] {logging_mixin.py:190} INFO - [2026-08-04T08:38:01.976+0000] {dagbag.py:588} INFO - Filling up the DagBag from /home/airflow/.local/lib/python3.12/site-packages/airflow/example_dags/example_inlet_event_extra.py
[2026-08-04T08:38:02.506+0000] {processor.py:925} INFO - DAG(s) 'read_dataset_event_from_classic', 'read_dataset_event' retrieved from /home/airflow/.local/lib/python3.12/site-packages/airflow/example_dags/example_inlet_event_extra.py
[2026-08-04T08:38:02.525+0000] {logging_mixin.py:190} INFO - [2026-08-04T08:38:02.525+0000] {dag.py:3239} INFO - Sync 2 DAGs
[2026-08-04T08:38:02.549+0000] {logging_mixin.py:190} INFO - [2026-08-04T08:38:02.549+0000] {dag.py:4180} INFO - Setting next_dagrun for read_dataset_event to 2026-08-03 00:00:00+00:00, run_after=2026-08-04 00:00:00+00:00
[2026-08-04T08:38:02.555+0000] {logging_mixin.py:190} INFO - [2026-08-04T08:38:02.554+0000] {dag.py:4180} INFO - Setting next_dagrun for read_dataset_event_from_classic to 2026-08-03 00:00:00+00:00, run_after=2026-08-04 00:00:00+00:00
[2026-08-04T08:38:02.570+0000] {processor.py:208} INFO - Processing /home/airflow/.local/lib/python3.12/site-packages/airflow/example_dags/example_inlet_event_extra.py took 0.604 seconds
[2026-08-04T08:38:33.321+0000] {processor.py:186} INFO - Started process (PID=2273) to work on /home/airflow/.local/lib/python3.12/site-packages/airflow/example_dags/example_inlet_event_extra.py
[2026-08-04T08:38:33.324+0000] {processor.py:914} INFO - Processing file /home/airflow/.local/lib/python3.12/site-packages/airflow/example_dags/example_inlet_event_extra.py for tasks to queue
[2026-08-04T08:38:33.328+0000] {logging_mixin.py:190} INFO - [2026-08-04T08:38:33.327+0000] {dagbag.py:588} INFO - Filling up the DagBag from /home/airflow/.local/lib/python3.12/site-packages/airflow/example_dags/example_inlet_event_extra.py
[2026-08-04T08:38:33.893+0000] {processor.py:925} INFO - DAG(s) 'read_dataset_event_from_classic', 'read_dataset_event' retrieved from /home/airflow/.local/lib/python3.12/site-packages/airflow/example_dags/example_inlet_event_extra.py
[2026-08-04T08:38:33.912+0000] {logging_mixin.py:190} INFO - [2026-08-04T08:38:33.912+0000] {dag.py:3239} INFO - Sync 2 DAGs
[2026-08-04T08:38:33.937+0000] {logging_mixin.py:190} INFO - [2026-08-04T08:38:33.937+0000] {dag.py:4180} INFO - Setting next_dagrun for read_dataset_event to 2026-08-03 00:00:00+00:00, run_after=2026-08-04 00:00:00+00:00
[2026-08-04T08:38:33.943+0000] {logging_mixin.py:190} INFO - [2026-08-04T08:38:33.943+0000] {dag.py:4180} INFO - Setting next_dagrun for read_dataset_event_from_classic to 2026-08-03 00:00:00+00:00, run_after=2026-08-04 00:00:00+00:00
[2026-08-04T08:38:33.961+0000] {processor.py:208} INFO - Processing /home/airflow/.local/lib/python3.12/site-packages/airflow/example_dags/example_inlet_event_extra.py took 0.646 seconds
[2026-08-04T08:39:04.586+0000] {processor.py:186} INFO - Started process (PID=2340) to work on /home/airflow/.local/lib/python3.12/site-packages/airflow/example_dags/example_inlet_event_extra.py
[2026-08-04T08:39:04.588+0000] {processor.py:914} INFO - Processing file /home/airflow/.local/lib/python3.12/site-packages/airflow/example_dags/example_inlet_event_extra.py for tasks to queue
[2026-08-04T08:39:04.592+0000] {logging_mixin.py:190} INFO - [2026-08-04T08:39:04.591+0000] {dagbag.py:588} INFO - Filling up the DagBag from /home/airflow/.local/lib/python3.12/site-packages/airflow/example_dags/example_inlet_event_extra.py
[2026-08-04T08:39:05.157+0000] {processor.py:925} INFO - DAG(s) 'read_dataset_event', 'read_dataset_event_from_classic' retrieved from /home/airflow/.local/lib/python3.12/site-packages/airflow/example_dags/example_inlet_event_extra.py
[2026-08-04T08:39:05.176+0000] {logging_mixin.py:190} INFO - [2026-08-04T08:39:05.176+0000] {dag.py:3239} INFO - Sync 2 DAGs
[2026-08-04T08:39:05.200+0000] {logging_mixin.py:190} INFO - [2026-08-04T08:39:05.200+0000] {dag.py:4180} INFO - Setting next_dagrun for read_dataset_event to 2026-08-03 00:00:00+00:00, run_after=2026-08-04 00:00:00+00:00
[2026-08-04T08:39:05.206+0000] {logging_mixin.py:190} INFO - [2026-08-04T08:39:05.205+0000] {dag.py:4180} INFO - Setting next_dagrun for read_dataset_event_from_classic to 2026-08-03 00:00:00+00:00, run_after=2026-08-04 00:00:00+00:00
[2026-08-04T08:39:05.224+0000] {processor.py:208} INFO - Processing /home/airflow/.local/lib/python3.12/site-packages/airflow/example_dags/example_inlet_event_extra.py took 0.645 seconds
[2026-08-04T08:39:36.635+0000] {processor.py:186} INFO - Started process (PID=2417) to work on /home/airflow/.local/lib/python3.12/site-packages/airflow/example_dags/example_inlet_event_extra.py
[2026-08-04T08:39:36.636+0000] {processor.py:914} INFO - Processing file /home/airflow/.local/lib/python3.12/site-packages/airflow/example_dags/example_inlet_event_extra.py for tasks to queue
[2026-08-04T08:39:36.639+0000] {logging_mixin.py:190} INFO - [2026-08-04T08:39:36.638+0000] {dagbag.py:588} INFO - Filling up the DagBag from /home/airflow/.local/lib/python3.12/site-packages/airflow/example_dags/example_inlet_event_extra.py
[2026-08-04T08:39:37.206+0000] {processor.py:925} INFO - DAG(s) 'read_dataset_event_from_classic', 'read_dataset_event' retrieved from /home/airflow/.local/lib/python3.12/site-packages/airflow/example_dags/example_inlet_event_extra.py
[2026-08-04T08:39:37.226+0000] {logging_mixin.py:190} INFO - [2026-08-04T08:39:37.226+0000] {dag.py:3239} INFO - Sync 2 DAGs
[2026-08-04T08:39:37.252+0000] {logging_mixin.py:190} INFO - [2026-08-04T08:39:37.251+0000] {dag.py:4180} INFO - Setting next_dagrun for read_dataset_event to 2026-08-03 00:00:00+00:00, run_after=2026-08-04 00:00:00+00:00
[2026-08-04T08:39:37.258+0000] {logging_mixin.py:190} INFO - [2026-08-04T08:39:37.258+0000] {dag.py:4180} INFO - Setting next_dagrun for read_dataset_event_from_classic to 2026-08-03 00:00:00+00:00, run_after=2026-08-04 00:00:00+00:00
[2026-08-04T08:39:37.278+0000] {processor.py:208} INFO - Processing /home/airflow/.local/lib/python3.12/site-packages/airflow/example_dags/example_inlet_event_extra.py took 0.649 seconds
[2026-08-04T08:40:07.574+0000] {processor.py:186} INFO - Started process (PID=2484) to work on /home/airflow/.local/lib/python3.12/site-packages/airflow/example_dags/example_inlet_event_extra.py
[2026-08-04T08:40:07.575+0000] {processor.py:914} INFO - Processing file /home/airflow/.local/lib/python3.12/site-packages/airflow/example_dags/example_inlet_event_extra.py for tasks to queue
[2026-08-04T08:40:07.578+0000] {logging_mixin.py:190} INFO - [2026-08-04T08:40:07.578+0000] {dagbag.py:588} INFO - Filling up the DagBag from /home/airflow/.local/lib/python3.12/site-packages/airflow/example_dags/example_inlet_event_extra.py
[2026-08-04T08:40:08.180+0000] {processor.py:925} INFO - DAG(s) 'read_dataset_event', 'read_dataset_event_from_classic' retrieved from /home/airflow/.local/lib/python3.12/site-packages/airflow/example_dags/example_inlet_event_extra.py
[2026-08-04T08:40:08.203+0000] {logging_mixin.py:190} INFO - [2026-08-04T08:40:08.203+0000] {dag.py:3239} INFO - Sync 2 DAGs
[2026-08-04T08:40:08.230+0000] {logging_mixin.py:190} INFO - [2026-08-04T08:40:08.230+0000] {dag.py:4180} INFO - Setting next_dagrun for read_dataset_event to 2026-08-03 00:00:00+00:00, run_after=2026-08-04 00:00:00+00:00
[2026-08-04T08:40:08.236+0000] {logging_mixin.py:190} INFO - [2026-08-04T08:40:08.236+0000] {dag.py:4180} INFO - Setting next_dagrun for read_dataset_event_from_classic to 2026-08-03 00:00:00+00:00, run_after=2026-08-04 00:00:00+00:00
[2026-08-04T08:40:08.254+0000] {processor.py:208} INFO - Processing /home/airflow/.local/lib/python3.12/site-packages/airflow/example_dags/example_inlet_event_extra.py took 0.686 seconds
[2026-08-04T08:40:38.540+0000] {processor.py:186} INFO - Started process (PID=2548) to work on /home/airflow/.local/lib/python3.12/site-packages/airflow/example_dags/example_inlet_event_extra.py
[2026-08-04T08:40:38.541+0000] {processor.py:914} INFO - Processing file /home/airflow/.local/lib/python3.12/site-packages/airflow/example_dags/example_inlet_event_extra.py for tasks to queue
[2026-08-04T08:40:38.544+0000] {logging_mixin.py:190} INFO - [2026-08-04T08:40:38.544+0000] {dagbag.py:588} INFO - Filling up the DagBag from /home/airflow/.local/lib/python3.12/site-packages/airflow/example_dags/example_inlet_event_extra.py
[2026-08-04T08:40:39.249+0000] {processor.py:925} INFO - DAG(s) 'read_dataset_event_from_classic', 'read_dataset_event' retrieved from /home/airflow/.local/lib/python3.12/site-packages/airflow/example_dags/example_inlet_event_extra.py
[2026-08-04T08:40:39.272+0000] {logging_mixin.py:190} INFO - [2026-08-04T08:40:39.271+0000] {dag.py:3239} INFO - Sync 2 DAGs
[2026-08-04T08:40:39.298+0000] {logging_mixin.py:190} INFO - [2026-08-04T08:40:39.297+0000] {dag.py:4180} INFO - Setting next_dagrun for read_dataset_event to 2026-08-03 00:00:00+00:00, run_after=2026-08-04 00:00:00+00:00
[2026-08-04T08:40:39.304+0000] {logging_mixin.py:190} INFO - [2026-08-04T08:40:39.304+0000] {dag.py:4180} INFO - Setting next_dagrun for read_dataset_event_from_classic to 2026-08-03 00:00:00+00:00, run_after=2026-08-04 00:00:00+00:00
[2026-08-04T08:40:39.322+0000] {processor.py:208} INFO - Processing /home/airflow/.local/lib/python3.12/site-packages/airflow/example_dags/example_inlet_event_extra.py took 0.788 seconds
[2026-08-04T08:41:09.713+0000] {processor.py:186} INFO - Started process (PID=2614) to work on /home/airflow/.local/lib/python3.12/site-packages/airflow/example_dags/example_inlet_event_extra.py
[2026-08-04T08:41:09.714+0000] {processor.py:914} INFO - Processing file /home/airflow/.local/lib/python3.12/site-packages/airflow/example_dags/example_inlet_event_extra.py for tasks to queue
[2026-08-04T08:41:09.717+0000] {logging_mixin.py:190} INFO - [2026-08-04T08:41:09.716+0000] {dagbag.py:588} INFO - Filling up the DagBag from /home/airflow/.local/lib/python3.12/site-packages/airflow/example_dags/example_inlet_event_extra.py
[2026-08-04T08:41:10.357+0000] {processor.py:925} INFO - DAG(s) 'read_dataset_event_from_classic', 'read_dataset_event' retrieved from /home/airflow/.local/lib/python3.12/site-packages/airflow/example_dags/example_inlet_event_extra.py
[2026-08-04T08:41:10.385+0000] {logging_mixin.py:190} INFO - [2026-08-04T08:41:10.385+0000] {dag.py:3239} INFO - Sync 2 DAGs
[2026-08-04T08:41:10.412+0000] {logging_mixin.py:190} INFO - [2026-08-04T08:41:10.412+0000] {dag.py:4180} INFO - Setting next_dagrun for read_dataset_event to 2026-08-03 00:00:00+00:00, run_after=2026-08-04 00:00:00+00:00
[2026-08-04T08:41:10.418+0000] {logging_mixin.py:190} INFO - [2026-08-04T08:41:10.418+0000] {dag.py:4180} INFO - Setting next_dagrun for read_dataset_event_from_classic to 2026-08-03 00:00:00+00:00, run_after=2026-08-04 00:00:00+00:00
[2026-08-04T08:41:10.435+0000] {processor.py:208} INFO - Processing /home/airflow/.local/lib/python3.12/site-packages/airflow/example_dags/example_inlet_event_extra.py took 0.728 seconds
[2026-08-04T08:41:41.362+0000] {processor.py:186} INFO - Started process (PID=2676) to work on /home/airflow/.local/lib/python3.12/site-packages/airflow/example_dags/example_inlet_event_extra.py
[2026-08-04T08:41:41.364+0000] {processor.py:914} INFO - Processing file /home/airflow/.local/lib/python3.12/site-packages/airflow/example_dags/example_inlet_event_extra.py for tasks to queue
[2026-08-04T08:41:41.366+0000] {logging_mixin.py:190} INFO - [2026-08-04T08:41:41.366+0000] {dagbag.py:588} INFO - Filling up the DagBag from /home/airflow/.local/lib/python3.12/site-packages/airflow/example_dags/example_inlet_event_extra.py
[2026-08-04T08:41:41.944+0000] {processor.py:925} INFO - DAG(s) 'read_dataset_event_from_classic', 'read_dataset_event' retrieved from /home/airflow/.local/lib/python3.12/site-packages/airflow/example_dags/example_inlet_event_extra.py
[2026-08-04T08:41:41.965+0000] {logging_mixin.py:190} INFO - [2026-08-04T08:41:41.964+0000] {dag.py:3239} INFO - Sync 2 DAGs
[2026-08-04T08:41:41.989+0000] {logging_mixin.py:190} INFO - [2026-08-04T08:41:41.989+0000] {dag.py:4180} INFO - Setting next_dagrun for read_dataset_event to 2026-08-03 00:00:00+00:00, run_after=2026-08-04 00:00:00+00:00
[2026-08-04T08:41:41.995+0000] {logging_mixin.py:190} INFO - [2026-08-04T08:41:41.994+0000] {dag.py:4180} INFO - Setting next_dagrun for read_dataset_event_from_classic to 2026-08-03 00:00:00+00:00, run_after=2026-08-04 00:00:00+00:00
[2026-08-04T08:41:42.012+0000] {processor.py:208} INFO - Processing /home/airflow/.local/lib/python3.12/site-packages/airflow/example_dags/example_inlet_event_extra.py took 0.655 seconds
