[2026-08-04T07:47:07.500+0000] {processor.py:186} INFO - Started process (PID=77) to work on /home/airflow/.local/lib/python3.12/site-packages/airflow/example_dags/example_latest_only_with_trigger.py
[2026-08-04T07:47:07.502+0000] {processor.py:914} INFO - Processing file /home/airflow/.local/lib/python3.12/site-packages/airflow/example_dags/example_latest_only_with_trigger.py for tasks to queue
[2026-08-04T07:47:07.506+0000] {logging_mixin.py:190} INFO - [2026-08-04T07:47:07.505+0000] {dagbag.py:588} INFO - Filling up the DagBag from /home/airflow/.local/lib/python3.12/site-packages/airflow/example_dags/example_latest_only_with_trigger.py
[2026-08-04T07:47:07.519+0000] {processor.py:925} INFO - DAG(s) 'latest_only_with_trigger' retrieved from /home/airflow/.local/lib/python3.12/site-packages/airflow/example_dags/example_latest_only_with_trigger.py
[2026-08-04T07:47:07.591+0000] {logging_mixin.py:190} INFO - [2026-08-04T07:47:07.591+0000] {dag.py:3239} INFO - Sync 1 DAGs
[2026-08-04T07:47:07.653+0000] {logging_mixin.py:190} INFO - [2026-08-04T07:47:07.653+0000] {dag.py:4180} INFO - Setting next_dagrun for latest_only_with_trigger to 2026-08-04 00:00:00+00:00, run_after=2026-08-04 04:00:00+00:00
[2026-08-04T07:47:07.691+0000] {processor.py:208} INFO - Processing /home/airflow/.local/lib/python3.12/site-packages/airflow/example_dags/example_latest_only_with_trigger.py took 0.200 seconds
[2026-08-04T08:21:15.247+0000] {processor.py:186} INFO - Started process (PID=77) to work on /home/airflow/.local/lib/python3.12/site-packages/airflow/example_dags/example_latest_only_with_trigger.py
[2026-08-04T08:21:15.249+0000] {processor.py:914} INFO - Processing file /home/airflow/.local/lib/python3.12/site-packages/airflow/example_dags/example_latest_only_with_trigger.py for tasks to queue
[2026-08-04T08:21:15.251+0000] {logging_mixin.py:190} INFO - [2026-08-04T08:21:15.251+0000] {dagbag.py:588} INFO - Filling up the DagBag from /home/airflow/.local/lib/python3.12/site-packages/airflow/example_dags/example_latest_only_with_trigger.py
[2026-08-04T08:21:15.264+0000] {processor.py:925} INFO - DAG(s) 'latest_only_with_trigger' retrieved from /home/airflow/.local/lib/python3.12/site-packages/airflow/example_dags/example_latest_only_with_trigger.py
[2026-08-04T08:21:15.318+0000] {logging_mixin.py:190} INFO - [2026-08-04T08:21:15.317+0000] {dag.py:3239} INFO - Sync 1 DAGs
[2026-08-04T08:21:15.352+0000] {logging_mixin.py:190} INFO - [2026-08-04T08:21:15.352+0000] {dag.py:4180} INFO - Setting next_dagrun for latest_only_with_trigger to 2026-08-04 04:00:00+00:00, run_after=2026-08-04 08:00:00+00:00
[2026-08-04T08:21:15.376+0000] {processor.py:208} INFO - Processing /home/airflow/.local/lib/python3.12/site-packages/airflow/example_dags/example_latest_only_with_trigger.py took 0.135 seconds
[2026-08-04T08:21:45.600+0000] {processor.py:186} INFO - Started process (PID=142) to work on /home/airflow/.local/lib/python3.12/site-packages/airflow/example_dags/example_latest_only_with_trigger.py
[2026-08-04T08:21:45.602+0000] {processor.py:914} INFO - Processing file /home/airflow/.local/lib/python3.12/site-packages/airflow/example_dags/example_latest_only_with_trigger.py for tasks to queue
[2026-08-04T08:21:45.605+0000] {logging_mixin.py:190} INFO - [2026-08-04T08:21:45.604+0000] {dagbag.py:588} INFO - Filling up the DagBag from /home/airflow/.local/lib/python3.12/site-packages/airflow/example_dags/example_latest_only_with_trigger.py
[2026-08-04T08:21:45.615+0000] {processor.py:925} INFO - DAG(s) 'latest_only_with_trigger' retrieved from /home/airflow/.local/lib/python3.12/site-packages/airflow/example_dags/example_latest_only_with_trigger.py
[2026-08-04T08:21:45.636+0000] {logging_mixin.py:190} INFO - [2026-08-04T08:21:45.636+0000] {dag.py:3239} INFO - Sync 1 DAGs
[2026-08-04T08:21:45.662+0000] {logging_mixin.py:190} INFO - [2026-08-04T08:21:45.662+0000] {dag.py:4180} INFO - Setting next_dagrun for latest_only_with_trigger to 2026-08-04 04:00:00+00:00, run_after=2026-08-04 08:00:00+00:00
[2026-08-04T08:21:45.684+0000] {processor.py:208} INFO - Processing /home/airflow/.local/lib/python3.12/site-packages/airflow/example_dags/example_latest_only_with_trigger.py took 0.090 seconds
[2026-08-04T08:22:15.837+0000] {processor.py:186} INFO - Started process (PID=207) to work on /home/airflow/.local/lib/python3.12/site-packages/airflow/example_dags/example_latest_only_with_trigger.py
[2026-08-04T08:22:15.838+0000] {processor.py:914} INFO - Processing file /home/airflow/.local/lib/python3.12/site-packages/airflow/example_dags/example_latest_only_with_trigger.py for tasks to queue
[2026-08-04T08:22:15.842+0000] {logging_mixin.py:190} INFO - [2026-08-04T08:22:15.841+0000] {dagbag.py:588} INFO - Filling up the DagBag from /home/airflow/.local/lib/python3.12/site-packages/airflow/example_dags/example_latest_only_with_trigger.py
[2026-08-04T08:22:15.853+0000] {processor.py:925} INFO - DAG(s) 'latest_only_with_trigger' retrieved from /home/airflow/.local/lib/python3.12/site-packages/airflow/example_dags/example_latest_only_with_trigger.py
[2026-08-04T08:22:15.881+0000] {logging_mixin.py:190} INFO - [2026-08-04T08:22:15.880+0000] {dag.py:3239} INFO - Sync 1 DAGs
[2026-08-04T08:22:15.913+0000] {logging_mixin.py:190} INFO - [2026-08-04T08:22:15.913+0000] {dag.py:4180} INFO - Setting next_dagrun for latest_only_with_trigger to 2026-08-04 04:00:00+00:00, run_after=2026-08-04 08:00:00+00:00
[2026-08-04T08:22:15.935+0000] {processor.py:208} INFO - Processing /home/airflow/.local/lib/python3.12/site-packages/airflow/example_dags/example_latest_only_with_trigger.py took 0.105 seconds
[2026-08-04T08:22:46.531+0000] {processor.py:186} INFO - Started process (PID=272) to work on /home/airflow/.local/lib/python3.12/site-packages/airflow/example_dags/example_latest_only_with_trigger.py
[2026-08-04T08:22:46.533+0000] {processor.py:914} INFO - Processing file /home/airflow/.local/lib/python3.12/site-packages/airflow/example_dags/example_latest_only_with_trigger.py for tasks to queue
[2026-08-04T08:22:46.536+0000] {logging_mixin.py:190} INFO - [2026-08-04T08:22:46.535+0000] {dagbag.py:588} INFO - Filling up the DagBag from /home/airflow/.local/lib/python3.12/site-packages/airflow/example_dags/example_latest_only_with_trigger.py
[2026-08-04T08:22:46.544+0000] {processor.py:925} INFO - DAG(s) 'latest_only_with_trigger' retrieved from /home/airflow/.local/lib/python3.12/site-packages/airflow/example_dags/example_latest_only_with_trigger.py
[2026-08-04T08:22:46.566+0000] {logging_mixin.py:190} INFO - [2026-08-04T08:22:46.565+0000] {dag.py:3239} INFO - Sync 1 DAGs
[2026-08-04T08:22:46.589+0000] {logging_mixin.py:190} INFO - [2026-08-04T08:22:46.589+0000] {dag.py:4180} INFO - Setting next_dagrun for latest_only_with_trigger to 2026-08-04 04:00:00+00:00, run_after=2026-08-04 08:00:00+00:00
[2026-08-04T08:22:46.613+0000] {processor.py:208} INFO - Processing /home/airflow/.local/lib/python3.12/site-packages/airflow/example_dags/example_latest_only_with_trigger.py took 0.087 seconds
[2026-08-04T08:23:17.364+0000] {processor.py:186} INFO - Started process (PID=337) to work on /home/airflow/.local/lib/python3.12/site-packages/airflow/example_dags/example_latest_only_with_trigger.py
[2026-08-04T08:23:17.366+0000] {processor.py:914} INFO - Processing file /home/airflow/.local/lib/python3.12/site-packages/airflow/example_dags/example_latest_only_with_trigger.py for tasks to queue
[2026-08-04T08:23:17.370+0000] {logging_mixin.py:190} INFO - [2026-08-04T08:23:17.369+0000] {dagbag.py:588} INFO - Filling up the DagBag from /home/airflow/.local/lib/python3.12/site-packages/airflow/example_dags/example_latest_only_with_trigger.py
[2026-08-04T08:23:17.383+0000] {processor.py:925} INFO - DAG(s) 'latest_only_with_trigger' retrieved from /home/airflow/.local/lib/python3.12/site-packages/airflow/example_dags/example_latest_only_with_trigger.py
[2026-08-04T08:23:17.412+0000] {logging_mixin.py:190} INFO - [2026-08-04T08:23:17.412+0000] {dag.py:3239} INFO - Sync 1 DAGs
[2026-08-04T08:23:17.446+0000] {logging_mixin.py:190} INFO - [2026-08-04T08:23:17.446+0000] {dag.py:4180} INFO - Setting next_dagrun for latest_only_with_trigger to 2026-08-04 04:00:00+00:00, run_after=2026-08-04 08:00:00+00:00
[2026-08-04T08:23:17.480+0000] {processor.py:208} INFO - Processing /home/airflow/.local/lib/python3.12/site-packages/airflow/example_dags/example_latest_only_with_trigger.py took 0.125 seconds
[2026-08-04T08:23:47.825+0000] {processor.py:186} INFO - Started process (PID=402) to work on /home/airflow/.local/lib/python3.12/site-packages/airflow/example_dags/example_latest_only_with_trigger.py
[2026-08-04T08:23:47.826+0000] {processor.py:914} INFO - Processing file /home/airflow/.local/lib/python3.12/site-packages/airflow/example_dags/example_latest_only_with_trigger.py for tasks to queue
[2026-08-04T08:23:47.831+0000] {logging_mixin.py:190} INFO - [2026-08-04T08:23:47.830+0000] {dagbag.py:588} INFO - Filling up the DagBag from /home/airflow/.local/lib/python3.12/site-packages/airflow/example_dags/example_latest_only_with_trigger.py
[2026-08-04T08:23:47.840+0000] {processor.py:925} INFO - DAG(s) 'latest_only_with_trigger' retrieved from /home/airflow/.local/lib/python3.12/site-packages/airflow/example_dags/example_latest_only_with_trigger.py
[2026-08-04T08:23:47.867+0000] {logging_mixin.py:190} INFO - [2026-08-04T08:23:47.867+0000] {dag.py:3239} INFO - Sync 1 DAGs
[2026-08-04T08:23:47.902+0000] {logging_mixin.py:190} INFO - [2026-08-04T08:23:47.902+0000] {dag.py:4180} INFO - Setting next_dagrun for latest_only_with_trigger to 2026-08-04 04:00:00+00:00, run_after=2026-08-04 08:00:00+00:00
[2026-08-04T08:23:47.937+0000] {processor.py:208} INFO - Processing /home/airflow/.local/lib/python3.12/site-packages/airflow/example_dags/example_latest_only_with_trigger.py took 0.118 seconds
[2026-08-04T08:24:18.580+0000] {processor.py:186} INFO - Started process (PID=467) to work on /home/airflow/.local/lib/python3.12/site-packages/airflow/example_dags/example_latest_only_with_trigger.py
[2026-08-04T08:24:18.582+0000] {processor.py:914} INFO - Processing file /home/airflow/.local/lib/python3.12/site-packages/airflow/example_dags/example_latest_only_with_trigger.py for tasks to queue
[2026-08-04T08:24:18.586+0000] {logging_mixin.py:190} INFO - [2026-08-04T08:24:18.585+0000] {dagbag.py:588} INFO - Filling up the DagBag from /home/airflow/.local/lib/python3.12/site-packages/airflow/example_dags/example_latest_only_with_trigger.py
[2026-08-04T08:24:18.600+0000] {processor.py:925} INFO - DAG(s) 'latest_only_with_trigger' retrieved from /home/airflow/.local/lib/python3.12/site-packages/airflow/example_dags/example_latest_only_with_trigger.py
[2026-08-04T08:24:18.639+0000] {logging_mixin.py:190} INFO - [2026-08-04T08:24:18.639+0000] {dag.py:3239} INFO - Sync 1 DAGs
[2026-08-04T08:24:18.679+0000] {logging_mixin.py:190} INFO - [2026-08-04T08:24:18.678+0000] {dag.py:4180} INFO - Setting next_dagrun for latest_only_with_trigger to 2026-08-04 04:00:00+00:00, run_after=2026-08-04 08:00:00+00:00
[2026-08-04T08:24:18.710+0000] {processor.py:208} INFO - Processing /home/airflow/.local/lib/python3.12/site-packages/airflow/example_dags/example_latest_only_with_trigger.py took 0.139 seconds
[2026-08-04T08:24:48.948+0000] {processor.py:186} INFO - Started process (PID=532) to work on /home/airflow/.local/lib/python3.12/site-packages/airflow/example_dags/example_latest_only_with_trigger.py
[2026-08-04T08:24:48.949+0000] {processor.py:914} INFO - Processing file /home/airflow/.local/lib/python3.12/site-packages/airflow/example_dags/example_latest_only_with_trigger.py for tasks to queue
[2026-08-04T08:24:48.952+0000] {logging_mixin.py:190} INFO - [2026-08-04T08:24:48.952+0000] {dagbag.py:588} INFO - Filling up the DagBag from /home/airflow/.local/lib/python3.12/site-packages/airflow/example_dags/example_latest_only_with_trigger.py
[2026-08-04T08:24:48.962+0000] {processor.py:925} INFO - DAG(s) 'latest_only_with_trigger' retrieved from /home/airflow/.local/lib/python3.12/site-packages/airflow/example_dags/example_latest_only_with_trigger.py
[2026-08-04T08:24:48.988+0000] {logging_mixin.py:190} INFO - [2026-08-04T08:24:48.988+0000] {dag.py:3239} INFO - Sync 1 DAGs
[2026-08-04T08:24:49.015+0000] {logging_mixin.py:190} INFO - [2026-08-04T08:24:49.015+0000] {dag.py:4180} INFO - Setting next_dagrun for latest_only_with_trigger to 2026-08-04 04:00:00+00:00, run_after=2026-08-04 08:00:00+00:00
[2026-08-04T08:24:49.036+0000] {processor.py:208} INFO - Processing /home/airflow/.local/lib/python3.12/site-packages/airflow/example_dags/example_latest_only_with_trigger.py took 0.096 seconds
[2026-08-04T08:25:19.124+0000] {processor.py:186} INFO - Started process (PID=597) to work on /home/airflow/.local/lib/python3.12/site-packages/airflow/example_dags/example_latest_only_with_trigger.py
[2026-08-04T08:25:19.125+0000] {processor.py:914} INFO - Processing file /home/airflow/.local/lib/python3.12/site-packages/airflow/example_dags/example_latest_only_with_trigger.py for tasks to queue
[2026-08-04T08:25:19.128+0000] {logging_mixin.py:190} INFO - [2026-08-04T08:25:19.127+0000] {dagbag.py:588} INFO - Filling up the DagBag from /home/airflow/.local/lib/python3.12/site-packages/airflow/example_dags/example_latest_only_with_trigger.py
[2026-08-04T08:25:19.137+0000] {processor.py:925} INFO - DAG(s) 'latest_only_with_trigger' retrieved from /home/airflow/.local/lib/python3.12/site-packages/airflow/example_dags/example_latest_only_with_trigger.py
[2026-08-04T08:25:19.156+0000] {logging_mixin.py:190} INFO - [2026-08-04T08:25:19.156+0000] {dag.py:3239} INFO - Sync 1 DAGs
[2026-08-04T08:25:19.179+0000] {logging_mixin.py:190} INFO - [2026-08-04T08:25:19.179+0000] {dag.py:4180} INFO - Setting next_dagrun for latest_only_with_trigger to 2026-08-04 04:00:00+00:00, run_after=2026-08-04 08:00:00+00:00
[2026-08-04T08:25:19.198+0000] {processor.py:208} INFO - Processing /home/airflow/.local/lib/python3.12/site-packages/airflow/example_dags/example_latest_only_with_trigger.py took 0.082 seconds
[2026-08-04T08:25:50.275+0000] {processor.py:186} INFO - Started process (PID=662) to work on /home/airflow/.local/lib/python3.12/site-packages/airflow/example_dags/example_latest_only_with_trigger.py
[2026-08-04T08:25:50.277+0000] {processor.py:914} INFO - Processing file /home/airflow/.local/lib/python3.12/site-packages/airflow/example_dags/example_latest_only_with_trigger.py for tasks to queue
[2026-08-04T08:25:50.280+0000] {logging_mixin.py:190} INFO - [2026-08-04T08:25:50.279+0000] {dagbag.py:588} INFO - Filling up the DagBag from /home/airflow/.local/lib/python3.12/site-packages/airflow/example_dags/example_latest_only_with_trigger.py
[2026-08-04T08:25:50.289+0000] {processor.py:925} INFO - DAG(s) 'latest_only_with_trigger' retrieved from /home/airflow/.local/lib/python3.12/site-packages/airflow/example_dags/example_latest_only_with_trigger.py
[2026-08-04T08:25:50.311+0000] {logging_mixin.py:190} INFO - [2026-08-04T08:25:50.311+0000] {dag.py:3239} INFO - Sync 1 DAGs
[2026-08-04T08:25:50.336+0000] {logging_mixin.py:190} INFO - [2026-08-04T08:25:50.336+0000] {dag.py:4180} INFO - Setting next_dagrun for latest_only_with_trigger to 2026-08-04 04:00:00+00:00, run_after=2026-08-04 08:00:00+00:00
[2026-08-04T08:25:50.357+0000] {processor.py:208} INFO - Processing /home/airflow/.local/lib/python3.12/site-packages/airflow/example_dags/example_latest_only_with_trigger.py took 0.088 seconds
[2026-08-04T08:26:20.433+0000] {processor.py:186} INFO - Started process (PID=728) to work on /home/airflow/.local/lib/python3.12/site-packages/airflow/example_dags/example_latest_only_with_trigger.py
[2026-08-04T08:26:20.434+0000] {processor.py:914} INFO - Processing file /home/airflow/.local/lib/python3.12/site-packages/airflow/example_dags/example_latest_only_with_trigger.py for tasks to queue
[2026-08-04T08:26:20.437+0000] {logging_mixin.py:190} INFO - [2026-08-04T08:26:20.437+0000] {dagbag.py:588} INFO - Filling up the DagBag from /home/airflow/.local/lib/python3.12/site-packages/airflow/example_dags/example_latest_only_with_trigger.py
[2026-08-04T08:26:20.445+0000] {processor.py:925} INFO - DAG(s) 'latest_only_with_trigger' retrieved from /home/airflow/.local/lib/python3.12/site-packages/airflow/example_dags/example_latest_only_with_trigger.py
[2026-08-04T08:26:20.464+0000] {logging_mixin.py:190} INFO - [2026-08-04T08:26:20.464+0000] {dag.py:3239} INFO - Sync 1 DAGs
[2026-08-04T08:26:20.487+0000] {logging_mixin.py:190} INFO - [2026-08-04T08:26:20.487+0000] {dag.py:4180} INFO - Setting next_dagrun for latest_only_with_trigger to 2026-08-04 04:00:00+00:00, run_after=2026-08-04 08:00:00+00:00
[2026-08-04T08:26:20.507+0000] {processor.py:208} INFO - Processing /home/airflow/.local/lib/python3.12/site-packages/airflow/example_dags/example_latest_only_with_trigger.py took 0.079 seconds
[2026-08-04T08:26:51.013+0000] {processor.py:186} INFO - Started process (PID=793) to work on /home/airflow/.local/lib/python3.12/site-packages/airflow/example_dags/example_latest_only_with_trigger.py
[2026-08-04T08:26:51.014+0000] {processor.py:914} INFO - Processing file /home/airflow/.local/lib/python3.12/site-packages/airflow/example_dags/example_latest_only_with_trigger.py for tasks to queue
[2026-08-04T08:26:51.016+0000] {logging_mixin.py:190} INFO - [2026-08-04T08:26:51.016+0000] {dagbag.py:588} INFO - Filling up the DagBag from /home/airflow/.local/lib/python3.12/site-packages/airflow/example_dags/example_latest_only_with_trigger.py
[2026-08-04T08:26:51.024+0000] {processor.py:925} INFO - DAG(s) 'latest_only_with_trigger' retrieved from /home/airflow/.local/lib/python3.12/site-packages/airflow/example_dags/example_latest_only_with_trigger.py
[2026-08-04T08:26:51.047+0000] {logging_mixin.py:190} INFO - [2026-08-04T08:26:51.047+0000] {dag.py:3239} INFO - Sync 1 DAGs
[2026-08-04T08:26:51.073+0000] {logging_mixin.py:190} INFO - [2026-08-04T08:26:51.073+0000] {dag.py:4180} INFO - Setting next_dagrun for latest_only_with_trigger to 2026-08-04 04:00:00+00:00, run_after=2026-08-04 08:00:00+00:00
[2026-08-04T08:26:51.091+0000] {processor.py:208} INFO - Processing /home/airflow/.local/lib/python3.12/site-packages/airflow/example_dags/example_latest_only_with_trigger.py took 0.084 seconds
[2026-08-04T08:27:21.297+0000] {processor.py:186} INFO - Started process (PID=858) to work on /home/airflow/.local/lib/python3.12/site-packages/airflow/example_dags/example_latest_only_with_trigger.py
[2026-08-04T08:27:21.298+0000] {processor.py:914} INFO - Processing file /home/airflow/.local/lib/python3.12/site-packages/airflow/example_dags/example_latest_only_with_trigger.py for tasks to queue
[2026-08-04T08:27:21.302+0000] {logging_mixin.py:190} INFO - [2026-08-04T08:27:21.301+0000] {dagbag.py:588} INFO - Filling up the DagBag from /home/airflow/.local/lib/python3.12/site-packages/airflow/example_dags/example_latest_only_with_trigger.py
[2026-08-04T08:27:21.310+0000] {processor.py:925} INFO - DAG(s) 'latest_only_with_trigger' retrieved from /home/airflow/.local/lib/python3.12/site-packages/airflow/example_dags/example_latest_only_with_trigger.py
[2026-08-04T08:27:21.330+0000] {logging_mixin.py:190} INFO - [2026-08-04T08:27:21.330+0000] {dag.py:3239} INFO - Sync 1 DAGs
[2026-08-04T08:27:21.356+0000] {logging_mixin.py:190} INFO - [2026-08-04T08:27:21.356+0000] {dag.py:4180} INFO - Setting next_dagrun for latest_only_with_trigger to 2026-08-04 04:00:00+00:00, run_after=2026-08-04 08:00:00+00:00
[2026-08-04T08:27:21.376+0000] {processor.py:208} INFO - Processing /home/airflow/.local/lib/python3.12/site-packages/airflow/example_dags/example_latest_only_with_trigger.py took 0.087 seconds
[2026-08-04T08:27:51.507+0000] {processor.py:186} INFO - Started process (PID=923) to work on /home/airflow/.local/lib/python3.12/site-packages/airflow/example_dags/example_latest_only_with_trigger.py
[2026-08-04T08:27:51.509+0000] {processor.py:914} INFO - Processing file /home/airflow/.local/lib/python3.12/site-packages/airflow/example_dags/example_latest_only_with_trigger.py for tasks to queue
[2026-08-04T08:27:51.514+0000] {logging_mixin.py:190} INFO - [2026-08-04T08:27:51.513+0000] {dagbag.py:588} INFO - Filling up the DagBag from /home/airflow/.local/lib/python3.12/site-packages/airflow/example_dags/example_latest_only_with_trigger.py
[2026-08-04T08:27:51.524+0000] {processor.py:925} INFO - DAG(s) 'latest_only_with_trigger' retrieved from /home/airflow/.local/lib/python3.12/site-packages/airflow/example_dags/example_latest_only_with_trigger.py
[2026-08-04T08:27:51.544+0000] {logging_mixin.py:190} INFO - [2026-08-04T08:27:51.544+0000] {dag.py:3239} INFO - Sync 1 DAGs
[2026-08-04T08:27:51.569+0000] {logging_mixin.py:190} INFO - [2026-08-04T08:27:51.569+0000] {dag.py:4180} INFO - Setting next_dagrun for latest_only_with_trigger to 2026-08-04 04:00:00+00:00, run_after=2026-08-04 08:00:00+00:00
[2026-08-04T08:27:51.589+0000] {processor.py:208} INFO - Processing /home/airflow/.local/lib/python3.12/site-packages/airflow/example_dags/example_latest_only_with_trigger.py took 0.089 seconds
[2026-08-04T08:28:21.852+0000] {processor.py:186} INFO - Started process (PID=988) to work on /home/airflow/.local/lib/python3.12/site-packages/airflow/example_dags/example_latest_only_with_trigger.py
[2026-08-04T08:28:21.853+0000] {processor.py:914} INFO - Processing file /home/airflow/.local/lib/python3.12/site-packages/airflow/example_dags/example_latest_only_with_trigger.py for tasks to queue
[2026-08-04T08:28:21.856+0000] {logging_mixin.py:190} INFO - [2026-08-04T08:28:21.855+0000] {dagbag.py:588} INFO - Filling up the DagBag from /home/airflow/.local/lib/python3.12/site-packages/airflow/example_dags/example_latest_only_with_trigger.py
[2026-08-04T08:28:21.863+0000] {processor.py:925} INFO - DAG(s) 'latest_only_with_trigger' retrieved from /home/airflow/.local/lib/python3.12/site-packages/airflow/example_dags/example_latest_only_with_trigger.py
[2026-08-04T08:28:21.884+0000] {logging_mixin.py:190} INFO - [2026-08-04T08:28:21.884+0000] {dag.py:3239} INFO - Sync 1 DAGs
[2026-08-04T08:28:21.910+0000] {logging_mixin.py:190} INFO - [2026-08-04T08:28:21.909+0000] {dag.py:4180} INFO - Setting next_dagrun for latest_only_with_trigger to 2026-08-04 04:00:00+00:00, run_after=2026-08-04 08:00:00+00:00
[2026-08-04T08:28:21.929+0000] {processor.py:208} INFO - Processing /home/airflow/.local/lib/python3.12/site-packages/airflow/example_dags/example_latest_only_with_trigger.py took 0.083 seconds
[2026-08-04T08:28:52.396+0000] {processor.py:186} INFO - Started process (PID=1053) to work on /home/airflow/.local/lib/python3.12/site-packages/airflow/example_dags/example_latest_only_with_trigger.py
[2026-08-04T08:28:52.397+0000] {processor.py:914} INFO - Processing file /home/airflow/.local/lib/python3.12/site-packages/airflow/example_dags/example_latest_only_with_trigger.py for tasks to queue
[2026-08-04T08:28:52.401+0000] {logging_mixin.py:190} INFO - [2026-08-04T08:28:52.400+0000] {dagbag.py:588} INFO - Filling up the DagBag from /home/airflow/.local/lib/python3.12/site-packages/airflow/example_dags/example_latest_only_with_trigger.py
[2026-08-04T08:28:52.412+0000] {processor.py:925} INFO - DAG(s) 'latest_only_with_trigger' retrieved from /home/airflow/.local/lib/python3.12/site-packages/airflow/example_dags/example_latest_only_with_trigger.py
[2026-08-04T08:28:52.434+0000] {logging_mixin.py:190} INFO - [2026-08-04T08:28:52.433+0000] {dag.py:3239} INFO - Sync 1 DAGs
[2026-08-04T08:28:52.461+0000] {logging_mixin.py:190} INFO - [2026-08-04T08:28:52.461+0000] {dag.py:4180} INFO - Setting next_dagrun for latest_only_with_trigger to 2026-08-04 04:00:00+00:00, run_after=2026-08-04 08:00:00+00:00
[2026-08-04T08:28:52.482+0000] {processor.py:208} INFO - Processing /home/airflow/.local/lib/python3.12/site-packages/airflow/example_dags/example_latest_only_with_trigger.py took 0.093 seconds
[2026-08-04T08:29:22.787+0000] {processor.py:186} INFO - Started process (PID=1118) to work on /home/airflow/.local/lib/python3.12/site-packages/airflow/example_dags/example_latest_only_with_trigger.py
[2026-08-04T08:29:22.788+0000] {processor.py:914} INFO - Processing file /home/airflow/.local/lib/python3.12/site-packages/airflow/example_dags/example_latest_only_with_trigger.py for tasks to queue
[2026-08-04T08:29:22.791+0000] {logging_mixin.py:190} INFO - [2026-08-04T08:29:22.791+0000] {dagbag.py:588} INFO - Filling up the DagBag from /home/airflow/.local/lib/python3.12/site-packages/airflow/example_dags/example_latest_only_with_trigger.py
[2026-08-04T08:29:22.801+0000] {processor.py:925} INFO - DAG(s) 'latest_only_with_trigger' retrieved from /home/airflow/.local/lib/python3.12/site-packages/airflow/example_dags/example_latest_only_with_trigger.py
[2026-08-04T08:29:22.820+0000] {logging_mixin.py:190} INFO - [2026-08-04T08:29:22.820+0000] {dag.py:3239} INFO - Sync 1 DAGs
[2026-08-04T08:29:22.844+0000] {logging_mixin.py:190} INFO - [2026-08-04T08:29:22.844+0000] {dag.py:4180} INFO - Setting next_dagrun for latest_only_with_trigger to 2026-08-04 04:00:00+00:00, run_after=2026-08-04 08:00:00+00:00
[2026-08-04T08:29:22.863+0000] {processor.py:208} INFO - Processing /home/airflow/.local/lib/python3.12/site-packages/airflow/example_dags/example_latest_only_with_trigger.py took 0.084 seconds
[2026-08-04T08:29:53.088+0000] {processor.py:186} INFO - Started process (PID=1184) to work on /home/airflow/.local/lib/python3.12/site-packages/airflow/example_dags/example_latest_only_with_trigger.py
[2026-08-04T08:29:53.090+0000] {processor.py:914} INFO - Processing file /home/airflow/.local/lib/python3.12/site-packages/airflow/example_dags/example_latest_only_with_trigger.py for tasks to queue
[2026-08-04T08:29:53.093+0000] {logging_mixin.py:190} INFO - [2026-08-04T08:29:53.092+0000] {dagbag.py:588} INFO - Filling up the DagBag from /home/airflow/.local/lib/python3.12/site-packages/airflow/example_dags/example_latest_only_with_trigger.py
[2026-08-04T08:29:53.101+0000] {processor.py:925} INFO - DAG(s) 'latest_only_with_trigger' retrieved from /home/airflow/.local/lib/python3.12/site-packages/airflow/example_dags/example_latest_only_with_trigger.py
[2026-08-04T08:29:53.121+0000] {logging_mixin.py:190} INFO - [2026-08-04T08:29:53.121+0000] {dag.py:3239} INFO - Sync 1 DAGs
[2026-08-04T08:29:53.148+0000] {logging_mixin.py:190} INFO - [2026-08-04T08:29:53.148+0000] {dag.py:4180} INFO - Setting next_dagrun for latest_only_with_trigger to 2026-08-04 04:00:00+00:00, run_after=2026-08-04 08:00:00+00:00
[2026-08-04T08:29:53.168+0000] {processor.py:208} INFO - Processing /home/airflow/.local/lib/python3.12/site-packages/airflow/example_dags/example_latest_only_with_trigger.py took 0.086 seconds
[2026-08-04T08:30:23.638+0000] {processor.py:186} INFO - Started process (PID=1249) to work on /home/airflow/.local/lib/python3.12/site-packages/airflow/example_dags/example_latest_only_with_trigger.py
[2026-08-04T08:30:23.640+0000] {processor.py:914} INFO - Processing file /home/airflow/.local/lib/python3.12/site-packages/airflow/example_dags/example_latest_only_with_trigger.py for tasks to queue
[2026-08-04T08:30:23.642+0000] {logging_mixin.py:190} INFO - [2026-08-04T08:30:23.642+0000] {dagbag.py:588} INFO - Filling up the DagBag from /home/airflow/.local/lib/python3.12/site-packages/airflow/example_dags/example_latest_only_with_trigger.py
[2026-08-04T08:30:23.650+0000] {processor.py:925} INFO - DAG(s) 'latest_only_with_trigger' retrieved from /home/airflow/.local/lib/python3.12/site-packages/airflow/example_dags/example_latest_only_with_trigger.py
[2026-08-04T08:30:23.668+0000] {logging_mixin.py:190} INFO - [2026-08-04T08:30:23.668+0000] {dag.py:3239} INFO - Sync 1 DAGs
[2026-08-04T08:30:23.691+0000] {logging_mixin.py:190} INFO - [2026-08-04T08:30:23.691+0000] {dag.py:4180} INFO - Setting next_dagrun for latest_only_with_trigger to 2026-08-04 04:00:00+00:00, run_after=2026-08-04 08:00:00+00:00
[2026-08-04T08:30:23.709+0000] {processor.py:208} INFO - Processing /home/airflow/.local/lib/python3.12/site-packages/airflow/example_dags/example_latest_only_with_trigger.py took 0.076 seconds
[2026-08-04T08:30:53.922+0000] {processor.py:186} INFO - Started process (PID=1314) to work on /home/airflow/.local/lib/python3.12/site-packages/airflow/example_dags/example_latest_only_with_trigger.py
[2026-08-04T08:30:53.923+0000] {processor.py:914} INFO - Processing file /home/airflow/.local/lib/python3.12/site-packages/airflow/example_dags/example_latest_only_with_trigger.py for tasks to queue
[2026-08-04T08:30:53.925+0000] {logging_mixin.py:190} INFO - [2026-08-04T08:30:53.925+0000] {dagbag.py:588} INFO - Filling up the DagBag from /home/airflow/.local/lib/python3.12/site-packages/airflow/example_dags/example_latest_only_with_trigger.py
[2026-08-04T08:30:53.933+0000] {processor.py:925} INFO - DAG(s) 'latest_only_with_trigger' retrieved from /home/airflow/.local/lib/python3.12/site-packages/airflow/example_dags/example_latest_only_with_trigger.py
[2026-08-04T08:30:53.954+0000] {logging_mixin.py:190} INFO - [2026-08-04T08:30:53.953+0000] {dag.py:3239} INFO - Sync 1 DAGs
[2026-08-04T08:30:53.978+0000] {logging_mixin.py:190} INFO - [2026-08-04T08:30:53.978+0000] {dag.py:4180} INFO - Setting next_dagrun for latest_only_with_trigger to 2026-08-04 04:00:00+00:00, run_after=2026-08-04 08:00:00+00:00
[2026-08-04T08:30:53.997+0000] {processor.py:208} INFO - Processing /home/airflow/.local/lib/python3.12/site-packages/airflow/example_dags/example_latest_only_with_trigger.py took 0.081 seconds
[2026-08-04T08:31:24.355+0000] {processor.py:186} INFO - Started process (PID=1379) to work on /home/airflow/.local/lib/python3.12/site-packages/airflow/example_dags/example_latest_only_with_trigger.py
[2026-08-04T08:31:24.356+0000] {processor.py:914} INFO - Processing file /home/airflow/.local/lib/python3.12/site-packages/airflow/example_dags/example_latest_only_with_trigger.py for tasks to queue
[2026-08-04T08:31:24.359+0000] {logging_mixin.py:190} INFO - [2026-08-04T08:31:24.358+0000] {dagbag.py:588} INFO - Filling up the DagBag from /home/airflow/.local/lib/python3.12/site-packages/airflow/example_dags/example_latest_only_with_trigger.py
[2026-08-04T08:31:24.367+0000] {processor.py:925} INFO - DAG(s) 'latest_only_with_trigger' retrieved from /home/airflow/.local/lib/python3.12/site-packages/airflow/example_dags/example_latest_only_with_trigger.py
[2026-08-04T08:31:24.387+0000] {logging_mixin.py:190} INFO - [2026-08-04T08:31:24.387+0000] {dag.py:3239} INFO - Sync 1 DAGs
[2026-08-04T08:31:24.410+0000] {logging_mixin.py:190} INFO - [2026-08-04T08:31:24.410+0000] {dag.py:4180} INFO - Setting next_dagrun for latest_only_with_trigger to 2026-08-04 04:00:00+00:00, run_after=2026-08-04 08:00:00+00:00
[2026-08-04T08:31:24.431+0000] {processor.py:208} INFO - Processing /home/airflow/.local/lib/python3.12/site-packages/airflow/example_dags/example_latest_only_with_trigger.py took 0.081 seconds
[2026-08-04T08:31:54.755+0000] {processor.py:186} INFO - Started process (PID=1444) to work on /home/airflow/.local/lib/python3.12/site-packages/airflow/example_dags/example_latest_only_with_trigger.py
[2026-08-04T08:31:54.757+0000] {processor.py:914} INFO - Processing file /home/airflow/.local/lib/python3.12/site-packages/airflow/example_dags/example_latest_only_with_trigger.py for tasks to queue
[2026-08-04T08:31:54.760+0000] {logging_mixin.py:190} INFO - [2026-08-04T08:31:54.759+0000] {dagbag.py:588} INFO - Filling up the DagBag from /home/airflow/.local/lib/python3.12/site-packages/airflow/example_dags/example_latest_only_with_trigger.py
[2026-08-04T08:31:54.768+0000] {processor.py:925} INFO - DAG(s) 'latest_only_with_trigger' retrieved from /home/airflow/.local/lib/python3.12/site-packages/airflow/example_dags/example_latest_only_with_trigger.py
[2026-08-04T08:31:54.789+0000] {logging_mixin.py:190} INFO - [2026-08-04T08:31:54.789+0000] {dag.py:3239} INFO - Sync 1 DAGs
[2026-08-04T08:31:54.813+0000] {logging_mixin.py:190} INFO - [2026-08-04T08:31:54.813+0000] {dag.py:4180} INFO - Setting next_dagrun for latest_only_with_trigger to 2026-08-04 04:00:00+00:00, run_after=2026-08-04 08:00:00+00:00
[2026-08-04T08:31:54.833+0000] {processor.py:208} INFO - Processing /home/airflow/.local/lib/python3.12/site-packages/airflow/example_dags/example_latest_only_with_trigger.py took 0.085 seconds
[2026-08-04T08:32:25.054+0000] {processor.py:186} INFO - Started process (PID=1509) to work on /home/airflow/.local/lib/python3.12/site-packages/airflow/example_dags/example_latest_only_with_trigger.py
[2026-08-04T08:32:25.056+0000] {processor.py:914} INFO - Processing file /home/airflow/.local/lib/python3.12/site-packages/airflow/example_dags/example_latest_only_with_trigger.py for tasks to queue
[2026-08-04T08:32:25.059+0000] {logging_mixin.py:190} INFO - [2026-08-04T08:32:25.059+0000] {dagbag.py:588} INFO - Filling up the DagBag from /home/airflow/.local/lib/python3.12/site-packages/airflow/example_dags/example_latest_only_with_trigger.py
[2026-08-04T08:32:25.067+0000] {processor.py:925} INFO - DAG(s) 'latest_only_with_trigger' retrieved from /home/airflow/.local/lib/python3.12/site-packages/airflow/example_dags/example_latest_only_with_trigger.py
[2026-08-04T08:32:25.088+0000] {logging_mixin.py:190} INFO - [2026-08-04T08:32:25.088+0000] {dag.py:3239} INFO - Sync 1 DAGs
[2026-08-04T08:32:25.113+0000] {logging_mixin.py:190} INFO - [2026-08-04T08:32:25.113+0000] {dag.py:4180} INFO - Setting next_dagrun for latest_only_with_trigger to 2026-08-04 04:00:00+00:00, run_after=2026-08-04 08:00:00+00:00
[2026-08-04T08:32:25.131+0000] {processor.py:208} INFO - Processing /home/airflow/.local/lib/python3.12/site-packages/airflow/example_dags/example_latest_only_with_trigger.py took 0.084 seconds
[2026-08-04T08:32:55.263+0000] {processor.py:186} INFO - Started process (PID=1574) to work on /home/airflow/.local/lib/python3.12/site-packages/airflow/example_dags/example_latest_only_with_trigger.py
[2026-08-04T08:32:55.264+0000] {processor.py:914} INFO - Processing file /home/airflow/.local/lib/python3.12/site-packages/airflow/example_dags/example_latest_only_with_trigger.py for tasks to queue
[2026-08-04T08:32:55.267+0000] {logging_mixin.py:190} INFO - [2026-08-04T08:32:55.267+0000] {dagbag.py:588} INFO - Filling up the DagBag from /home/airflow/.local/lib/python3.12/site-packages/airflow/example_dags/example_latest_only_with_trigger.py
[2026-08-04T08:32:55.275+0000] {processor.py:925} INFO - DAG(s) 'latest_only_with_trigger' retrieved from /home/airflow/.local/lib/python3.12/site-packages/airflow/example_dags/example_latest_only_with_trigger.py
[2026-08-04T08:32:55.294+0000] {logging_mixin.py:190} INFO - [2026-08-04T08:32:55.294+0000] {dag.py:3239} INFO - Sync 1 DAGs
[2026-08-04T08:32:55.317+0000] {logging_mixin.py:190} INFO - [2026-08-04T08:32:55.317+0000] {dag.py:4180} INFO - Setting next_dagrun for latest_only_with_trigger to 2026-08-04 04:00:00+00:00, run_after=2026-08-04 08:00:00+00:00
[2026-08-04T08:32:55.336+0000] {processor.py:208} INFO - Processing /home/airflow/.local/lib/python3.12/site-packages/airflow/example_dags/example_latest_only_with_trigger.py took 0.079 seconds
[2026-08-04T08:33:25.665+0000] {processor.py:186} INFO - Started process (PID=1639) to work on /home/airflow/.local/lib/python3.12/site-packages/airflow/example_dags/example_latest_only_with_trigger.py
[2026-08-04T08:33:25.666+0000] {processor.py:914} INFO - Processing file /home/airflow/.local/lib/python3.12/site-packages/airflow/example_dags/example_latest_only_with_trigger.py for tasks to queue
[2026-08-04T08:33:25.669+0000] {logging_mixin.py:190} INFO - [2026-08-04T08:33:25.669+0000] {dagbag.py:588} INFO - Filling up the DagBag from /home/airflow/.local/lib/python3.12/site-packages/airflow/example_dags/example_latest_only_with_trigger.py
[2026-08-04T08:33:25.679+0000] {processor.py:925} INFO - DAG(s) 'latest_only_with_trigger' retrieved from /home/airflow/.local/lib/python3.12/site-packages/airflow/example_dags/example_latest_only_with_trigger.py
[2026-08-04T08:33:25.700+0000] {logging_mixin.py:190} INFO - [2026-08-04T08:33:25.699+0000] {dag.py:3239} INFO - Sync 1 DAGs
[2026-08-04T08:33:25.726+0000] {logging_mixin.py:190} INFO - [2026-08-04T08:33:25.725+0000] {dag.py:4180} INFO - Setting next_dagrun for latest_only_with_trigger to 2026-08-04 04:00:00+00:00, run_after=2026-08-04 08:00:00+00:00
[2026-08-04T08:33:25.747+0000] {processor.py:208} INFO - Processing /home/airflow/.local/lib/python3.12/site-packages/airflow/example_dags/example_latest_only_with_trigger.py took 0.089 seconds
[2026-08-04T08:33:56.114+0000] {processor.py:186} INFO - Started process (PID=1704) to work on /home/airflow/.local/lib/python3.12/site-packages/airflow/example_dags/example_latest_only_with_trigger.py
[2026-08-04T08:33:56.115+0000] {processor.py:914} INFO - Processing file /home/airflow/.local/lib/python3.12/site-packages/airflow/example_dags/example_latest_only_with_trigger.py for tasks to queue
[2026-08-04T08:33:56.118+0000] {logging_mixin.py:190} INFO - [2026-08-04T08:33:56.118+0000] {dagbag.py:588} INFO - Filling up the DagBag from /home/airflow/.local/lib/python3.12/site-packages/airflow/example_dags/example_latest_only_with_trigger.py
[2026-08-04T08:33:56.127+0000] {processor.py:925} INFO - DAG(s) 'latest_only_with_trigger' retrieved from /home/airflow/.local/lib/python3.12/site-packages/airflow/example_dags/example_latest_only_with_trigger.py
[2026-08-04T08:33:56.145+0000] {logging_mixin.py:190} INFO - [2026-08-04T08:33:56.145+0000] {dag.py:3239} INFO - Sync 1 DAGs
[2026-08-04T08:33:56.168+0000] {logging_mixin.py:190} INFO - [2026-08-04T08:33:56.168+0000] {dag.py:4180} INFO - Setting next_dagrun for latest_only_with_trigger to 2026-08-04 04:00:00+00:00, run_after=2026-08-04 08:00:00+00:00
[2026-08-04T08:33:56.188+0000] {processor.py:208} INFO - Processing /home/airflow/.local/lib/python3.12/site-packages/airflow/example_dags/example_latest_only_with_trigger.py took 0.081 seconds
[2026-08-04T08:34:26.623+0000] {processor.py:186} INFO - Started process (PID=1769) to work on /home/airflow/.local/lib/python3.12/site-packages/airflow/example_dags/example_latest_only_with_trigger.py
[2026-08-04T08:34:26.624+0000] {processor.py:914} INFO - Processing file /home/airflow/.local/lib/python3.12/site-packages/airflow/example_dags/example_latest_only_with_trigger.py for tasks to queue
[2026-08-04T08:34:26.628+0000] {logging_mixin.py:190} INFO - [2026-08-04T08:34:26.627+0000] {dagbag.py:588} INFO - Filling up the DagBag from /home/airflow/.local/lib/python3.12/site-packages/airflow/example_dags/example_latest_only_with_trigger.py
[2026-08-04T08:34:26.638+0000] {processor.py:925} INFO - DAG(s) 'latest_only_with_trigger' retrieved from /home/airflow/.local/lib/python3.12/site-packages/airflow/example_dags/example_latest_only_with_trigger.py
[2026-08-04T08:34:26.658+0000] {logging_mixin.py:190} INFO - [2026-08-04T08:34:26.658+0000] {dag.py:3239} INFO - Sync 1 DAGs
[2026-08-04T08:34:26.682+0000] {logging_mixin.py:190} INFO - [2026-08-04T08:34:26.682+0000] {dag.py:4180} INFO - Setting next_dagrun for latest_only_with_trigger to 2026-08-04 04:00:00+00:00, run_after=2026-08-04 08:00:00+00:00
[2026-08-04T08:34:26.702+0000] {processor.py:208} INFO - Processing /home/airflow/.local/lib/python3.12/site-packages/airflow/example_dags/example_latest_only_with_trigger.py took 0.086 seconds
[2026-08-04T08:34:56.983+0000] {processor.py:186} INFO - Started process (PID=1827) to work on /home/airflow/.local/lib/python3.12/site-packages/airflow/example_dags/example_latest_only_with_trigger.py
[2026-08-04T08:34:56.985+0000] {processor.py:914} INFO - Processing file /home/airflow/.local/lib/python3.12/site-packages/airflow/example_dags/example_latest_only_with_trigger.py for tasks to queue
[2026-08-04T08:34:56.987+0000] {logging_mixin.py:190} INFO - [2026-08-04T08:34:56.987+0000] {dagbag.py:588} INFO - Filling up the DagBag from /home/airflow/.local/lib/python3.12/site-packages/airflow/example_dags/example_latest_only_with_trigger.py
[2026-08-04T08:34:56.996+0000] {processor.py:925} INFO - DAG(s) 'latest_only_with_trigger' retrieved from /home/airflow/.local/lib/python3.12/site-packages/airflow/example_dags/example_latest_only_with_trigger.py
[2026-08-04T08:34:57.016+0000] {logging_mixin.py:190} INFO - [2026-08-04T08:34:57.016+0000] {dag.py:3239} INFO - Sync 1 DAGs
[2026-08-04T08:34:57.043+0000] {logging_mixin.py:190} INFO - [2026-08-04T08:34:57.043+0000] {dag.py:4180} INFO - Setting next_dagrun for latest_only_with_trigger to 2026-08-04 04:00:00+00:00, run_after=2026-08-04 08:00:00+00:00
[2026-08-04T08:34:57.063+0000] {processor.py:208} INFO - Processing /home/airflow/.local/lib/python3.12/site-packages/airflow/example_dags/example_latest_only_with_trigger.py took 0.086 seconds
[2026-08-04T08:35:28.262+0000] {processor.py:186} INFO - Started process (PID=1892) to work on /home/airflow/.local/lib/python3.12/site-packages/airflow/example_dags/example_latest_only_with_trigger.py
[2026-08-04T08:35:28.263+0000] {processor.py:914} INFO - Processing file /home/airflow/.local/lib/python3.12/site-packages/airflow/example_dags/example_latest_only_with_trigger.py for tasks to queue
[2026-08-04T08:35:28.266+0000] {logging_mixin.py:190} INFO - [2026-08-04T08:35:28.265+0000] {dagbag.py:588} INFO - Filling up the DagBag from /home/airflow/.local/lib/python3.12/site-packages/airflow/example_dags/example_latest_only_with_trigger.py
[2026-08-04T08:35:28.274+0000] {processor.py:925} INFO - DAG(s) 'latest_only_with_trigger' retrieved from /home/airflow/.local/lib/python3.12/site-packages/airflow/example_dags/example_latest_only_with_trigger.py
[2026-08-04T08:35:28.295+0000] {logging_mixin.py:190} INFO - [2026-08-04T08:35:28.295+0000] {dag.py:3239} INFO - Sync 1 DAGs
[2026-08-04T08:35:28.327+0000] {logging_mixin.py:190} INFO - [2026-08-04T08:35:28.327+0000] {dag.py:4180} INFO - Setting next_dagrun for latest_only_with_trigger to 2026-08-04 04:00:00+00:00, run_after=2026-08-04 08:00:00+00:00
[2026-08-04T08:35:28.350+0000] {processor.py:208} INFO - Processing /home/airflow/.local/lib/python3.12/site-packages/airflow/example_dags/example_latest_only_with_trigger.py took 0.095 seconds
[2026-08-04T08:35:59.155+0000] {processor.py:186} INFO - Started process (PID=1957) to work on /home/airflow/.local/lib/python3.12/site-packages/airflow/example_dags/example_latest_only_with_trigger.py
[2026-08-04T08:35:59.156+0000] {processor.py:914} INFO - Processing file /home/airflow/.local/lib/python3.12/site-packages/airflow/example_dags/example_latest_only_with_trigger.py for tasks to queue
[2026-08-04T08:35:59.159+0000] {logging_mixin.py:190} INFO - [2026-08-04T08:35:59.158+0000] {dagbag.py:588} INFO - Filling up the DagBag from /home/airflow/.local/lib/python3.12/site-packages/airflow/example_dags/example_latest_only_with_trigger.py
[2026-08-04T08:35:59.167+0000] {processor.py:925} INFO - DAG(s) 'latest_only_with_trigger' retrieved from /home/airflow/.local/lib/python3.12/site-packages/airflow/example_dags/example_latest_only_with_trigger.py
[2026-08-04T08:35:59.189+0000] {logging_mixin.py:190} INFO - [2026-08-04T08:35:59.188+0000] {dag.py:3239} INFO - Sync 1 DAGs
[2026-08-04T08:35:59.214+0000] {logging_mixin.py:190} INFO - [2026-08-04T08:35:59.214+0000] {dag.py:4180} INFO - Setting next_dagrun for latest_only_with_trigger to 2026-08-04 04:00:00+00:00, run_after=2026-08-04 08:00:00+00:00
[2026-08-04T08:35:59.233+0000] {processor.py:208} INFO - Processing /home/airflow/.local/lib/python3.12/site-packages/airflow/example_dags/example_latest_only_with_trigger.py took 0.085 seconds
[2026-08-04T08:36:30.995+0000] {processor.py:186} INFO - Started process (PID=2022) to work on /home/airflow/.local/lib/python3.12/site-packages/airflow/example_dags/example_latest_only_with_trigger.py
[2026-08-04T08:36:30.996+0000] {processor.py:914} INFO - Processing file /home/airflow/.local/lib/python3.12/site-packages/airflow/example_dags/example_latest_only_with_trigger.py for tasks to queue
[2026-08-04T08:36:31.000+0000] {logging_mixin.py:190} INFO - [2026-08-04T08:36:31.000+0000] {dagbag.py:588} INFO - Filling up the DagBag from /home/airflow/.local/lib/python3.12/site-packages/airflow/example_dags/example_latest_only_with_trigger.py
[2026-08-04T08:36:31.011+0000] {processor.py:925} INFO - DAG(s) 'latest_only_with_trigger' retrieved from /home/airflow/.local/lib/python3.12/site-packages/airflow/example_dags/example_latest_only_with_trigger.py
[2026-08-04T08:36:31.035+0000] {logging_mixin.py:190} INFO - [2026-08-04T08:36:31.034+0000] {dag.py:3239} INFO - Sync 1 DAGs
[2026-08-04T08:36:31.062+0000] {logging_mixin.py:190} INFO - [2026-08-04T08:36:31.062+0000] {dag.py:4180} INFO - Setting next_dagrun for latest_only_with_trigger to 2026-08-04 04:00:00+00:00, run_after=2026-08-04 08:00:00+00:00
[2026-08-04T08:36:31.084+0000] {processor.py:208} INFO - Processing /home/airflow/.local/lib/python3.12/site-packages/airflow/example_dags/example_latest_only_with_trigger.py took 0.096 seconds
[2026-08-04T08:37:01.328+0000] {processor.py:186} INFO - Started process (PID=2079) to work on /home/airflow/.local/lib/python3.12/site-packages/airflow/example_dags/example_latest_only_with_trigger.py
[2026-08-04T08:37:01.330+0000] {processor.py:914} INFO - Processing file /home/airflow/.local/lib/python3.12/site-packages/airflow/example_dags/example_latest_only_with_trigger.py for tasks to queue
[2026-08-04T08:37:01.334+0000] {logging_mixin.py:190} INFO - [2026-08-04T08:37:01.334+0000] {dagbag.py:588} INFO - Filling up the DagBag from /home/airflow/.local/lib/python3.12/site-packages/airflow/example_dags/example_latest_only_with_trigger.py
[2026-08-04T08:37:01.346+0000] {processor.py:925} INFO - DAG(s) 'latest_only_with_trigger' retrieved from /home/airflow/.local/lib/python3.12/site-packages/airflow/example_dags/example_latest_only_with_trigger.py
[2026-08-04T08:37:01.371+0000] {logging_mixin.py:190} INFO - [2026-08-04T08:37:01.371+0000] {dag.py:3239} INFO - Sync 1 DAGs
[2026-08-04T08:37:01.400+0000] {logging_mixin.py:190} INFO - [2026-08-04T08:37:01.400+0000] {dag.py:4180} INFO - Setting next_dagrun for latest_only_with_trigger to 2026-08-04 04:00:00+00:00, run_after=2026-08-04 08:00:00+00:00
[2026-08-04T08:37:01.424+0000] {processor.py:208} INFO - Processing /home/airflow/.local/lib/python3.12/site-packages/airflow/example_dags/example_latest_only_with_trigger.py took 0.102 seconds
[2026-08-04T08:37:32.027+0000] {processor.py:186} INFO - Started process (PID=2143) to work on /home/airflow/.local/lib/python3.12/site-packages/airflow/example_dags/example_latest_only_with_trigger.py
[2026-08-04T08:37:32.028+0000] {processor.py:914} INFO - Processing file /home/airflow/.local/lib/python3.12/site-packages/airflow/example_dags/example_latest_only_with_trigger.py for tasks to queue
[2026-08-04T08:37:32.032+0000] {logging_mixin.py:190} INFO - [2026-08-04T08:37:32.031+0000] {dagbag.py:588} INFO - Filling up the DagBag from /home/airflow/.local/lib/python3.12/site-packages/airflow/example_dags/example_latest_only_with_trigger.py
[2026-08-04T08:37:32.041+0000] {processor.py:925} INFO - DAG(s) 'latest_only_with_trigger' retrieved from /home/airflow/.local/lib/python3.12/site-packages/airflow/example_dags/example_latest_only_with_trigger.py
[2026-08-04T08:37:32.065+0000] {logging_mixin.py:190} INFO - [2026-08-04T08:37:32.065+0000] {dag.py:3239} INFO - Sync 1 DAGs
[2026-08-04T08:37:32.094+0000] {logging_mixin.py:190} INFO - [2026-08-04T08:37:32.094+0000] {dag.py:4180} INFO - Setting next_dagrun for latest_only_with_trigger to 2026-08-04 04:00:00+00:00, run_after=2026-08-04 08:00:00+00:00
[2026-08-04T08:37:32.115+0000] {processor.py:208} INFO - Processing /home/airflow/.local/lib/python3.12/site-packages/airflow/example_dags/example_latest_only_with_trigger.py took 0.096 seconds
[2026-08-04T08:38:02.615+0000] {processor.py:186} INFO - Started process (PID=2207) to work on /home/airflow/.local/lib/python3.12/site-packages/airflow/example_dags/example_latest_only_with_trigger.py
[2026-08-04T08:38:02.616+0000] {processor.py:914} INFO - Processing file /home/airflow/.local/lib/python3.12/site-packages/airflow/example_dags/example_latest_only_with_trigger.py for tasks to queue
[2026-08-04T08:38:02.619+0000] {logging_mixin.py:190} INFO - [2026-08-04T08:38:02.618+0000] {dagbag.py:588} INFO - Filling up the DagBag from /home/airflow/.local/lib/python3.12/site-packages/airflow/example_dags/example_latest_only_with_trigger.py
[2026-08-04T08:38:02.627+0000] {processor.py:925} INFO - DAG(s) 'latest_only_with_trigger' retrieved from /home/airflow/.local/lib/python3.12/site-packages/airflow/example_dags/example_latest_only_with_trigger.py
[2026-08-04T08:38:02.647+0000] {logging_mixin.py:190} INFO - [2026-08-04T08:38:02.646+0000] {dag.py:3239} INFO - Sync 1 DAGs
[2026-08-04T08:38:02.670+0000] {logging_mixin.py:190} INFO - [2026-08-04T08:38:02.670+0000] {dag.py:4180} INFO - Setting next_dagrun for latest_only_with_trigger to 2026-08-04 04:00:00+00:00, run_after=2026-08-04 08:00:00+00:00
[2026-08-04T08:38:02.690+0000] {processor.py:208} INFO - Processing /home/airflow/.local/lib/python3.12/site-packages/airflow/example_dags/example_latest_only_with_trigger.py took 0.082 seconds
[2026-08-04T08:38:33.206+0000] {processor.py:186} INFO - Started process (PID=2271) to work on /home/airflow/.local/lib/python3.12/site-packages/airflow/example_dags/example_latest_only_with_trigger.py
[2026-08-04T08:38:33.207+0000] {processor.py:914} INFO - Processing file /home/airflow/.local/lib/python3.12/site-packages/airflow/example_dags/example_latest_only_with_trigger.py for tasks to queue
[2026-08-04T08:38:33.212+0000] {logging_mixin.py:190} INFO - [2026-08-04T08:38:33.211+0000] {dagbag.py:588} INFO - Filling up the DagBag from /home/airflow/.local/lib/python3.12/site-packages/airflow/example_dags/example_latest_only_with_trigger.py
[2026-08-04T08:38:33.221+0000] {processor.py:925} INFO - DAG(s) 'latest_only_with_trigger' retrieved from /home/airflow/.local/lib/python3.12/site-packages/airflow/example_dags/example_latest_only_with_trigger.py
[2026-08-04T08:38:33.242+0000] {logging_mixin.py:190} INFO - [2026-08-04T08:38:33.242+0000] {dag.py:3239} INFO - Sync 1 DAGs
[2026-08-04T08:38:33.267+0000] {logging_mixin.py:190} INFO - [2026-08-04T08:38:33.266+0000] {dag.py:4180} INFO - Setting next_dagrun for latest_only_with_trigger to 2026-08-04 04:00:00+00:00, run_after=2026-08-04 08:00:00+00:00
[2026-08-04T08:38:33.287+0000] {processor.py:208} INFO - Processing /home/airflow/.local/lib/python3.12/site-packages/airflow/example_dags/example_latest_only_with_trigger.py took 0.088 seconds
[2026-08-04T08:39:04.252+0000] {processor.py:186} INFO - Started process (PID=2335) to work on /home/airflow/.local/lib/python3.12/site-packages/airflow/example_dags/example_latest_only_with_trigger.py
[2026-08-04T08:39:04.254+0000] {processor.py:914} INFO - Processing file /home/airflow/.local/lib/python3.12/site-packages/airflow/example_dags/example_latest_only_with_trigger.py for tasks to queue
[2026-08-04T08:39:04.256+0000] {logging_mixin.py:190} INFO - [2026-08-04T08:39:04.256+0000] {dagbag.py:588} INFO - Filling up the DagBag from /home/airflow/.local/lib/python3.12/site-packages/airflow/example_dags/example_latest_only_with_trigger.py
[2026-08-04T08:39:04.264+0000] {processor.py:925} INFO - DAG(s) 'latest_only_with_trigger' retrieved from /home/airflow/.local/lib/python3.12/site-packages/airflow/example_dags/example_latest_only_with_trigger.py
[2026-08-04T08:39:04.283+0000] {logging_mixin.py:190} INFO - [2026-08-04T08:39:04.283+0000] {dag.py:3239} INFO - Sync 1 DAGs
[2026-08-04T08:39:04.306+0000] {logging_mixin.py:190} INFO - [2026-08-04T08:39:04.306+0000] {dag.py:4180} INFO - Setting next_dagrun for latest_only_with_trigger to 2026-08-04 04:00:00+00:00, run_after=2026-08-04 08:00:00+00:00
[2026-08-04T08:39:04.325+0000] {processor.py:208} INFO - Processing /home/airflow/.local/lib/python3.12/site-packages/airflow/example_dags/example_latest_only_with_trigger.py took 0.079 seconds
[2026-08-04T08:39:35.379+0000] {processor.py:186} INFO - Started process (PID=2400) to work on /home/airflow/.local/lib/python3.12/site-packages/airflow/example_dags/example_latest_only_with_trigger.py
[2026-08-04T08:39:35.380+0000] {processor.py:914} INFO - Processing file /home/airflow/.local/lib/python3.12/site-packages/airflow/example_dags/example_latest_only_with_trigger.py for tasks to queue
[2026-08-04T08:39:35.382+0000] {logging_mixin.py:190} INFO - [2026-08-04T08:39:35.382+0000] {dagbag.py:588} INFO - Filling up the DagBag from /home/airflow/.local/lib/python3.12/site-packages/airflow/example_dags/example_latest_only_with_trigger.py
[2026-08-04T08:39:35.390+0000] {processor.py:925} INFO - DAG(s) 'latest_only_with_trigger' retrieved from /home/airflow/.local/lib/python3.12/site-packages/airflow/example_dags/example_latest_only_with_trigger.py
[2026-08-04T08:39:35.409+0000] {logging_mixin.py:190} INFO - [2026-08-04T08:39:35.409+0000] {dag.py:3239} INFO - Sync 1 DAGs
[2026-08-04T08:39:35.432+0000] {logging_mixin.py:190} INFO - [2026-08-04T08:39:35.431+0000] {dag.py:4180} INFO - Setting next_dagrun for latest_only_with_trigger to 2026-08-04 04:00:00+00:00, run_after=2026-08-04 08:00:00+00:00
[2026-08-04T08:39:35.463+0000] {processor.py:208} INFO - Processing /home/airflow/.local/lib/python3.12/site-packages/airflow/example_dags/example_latest_only_with_trigger.py took 0.089 seconds
[2026-08-04T08:40:06.372+0000] {processor.py:186} INFO - Started process (PID=2464) to work on /home/airflow/.local/lib/python3.12/site-packages/airflow/example_dags/example_latest_only_with_trigger.py
[2026-08-04T08:40:06.373+0000] {processor.py:914} INFO - Processing file /home/airflow/.local/lib/python3.12/site-packages/airflow/example_dags/example_latest_only_with_trigger.py for tasks to queue
[2026-08-04T08:40:06.376+0000] {logging_mixin.py:190} INFO - [2026-08-04T08:40:06.376+0000] {dagbag.py:588} INFO - Filling up the DagBag from /home/airflow/.local/lib/python3.12/site-packages/airflow/example_dags/example_latest_only_with_trigger.py
[2026-08-04T08:40:06.386+0000] {processor.py:925} INFO - DAG(s) 'latest_only_with_trigger' retrieved from /home/airflow/.local/lib/python3.12/site-packages/airflow/example_dags/example_latest_only_with_trigger.py
[2026-08-04T08:40:06.410+0000] {logging_mixin.py:190} INFO - [2026-08-04T08:40:06.410+0000] {dag.py:3239} INFO - Sync 1 DAGs
[2026-08-04T08:40:06.438+0000] {logging_mixin.py:190} INFO - [2026-08-04T08:40:06.438+0000] {dag.py:4180} INFO - Setting next_dagrun for latest_only_with_trigger to 2026-08-04 04:00:00+00:00, run_after=2026-08-04 08:00:00+00:00
[2026-08-04T08:40:06.459+0000] {processor.py:208} INFO - Processing /home/airflow/.local/lib/python3.12/site-packages/airflow/example_dags/example_latest_only_with_trigger.py took 0.095 seconds
[2026-08-04T08:40:36.746+0000] {processor.py:186} INFO - Started process (PID=2522) to work on /home/airflow/.local/lib/python3.12/site-packages/airflow/example_dags/example_latest_only_with_trigger.py
[2026-08-04T08:40:36.748+0000] {processor.py:914} INFO - Processing file /home/airflow/.local/lib/python3.12/site-packages/airflow/example_dags/example_latest_only_with_trigger.py for tasks to queue
[2026-08-04T08:40:36.750+0000] {logging_mixin.py:190} INFO - [2026-08-04T08:40:36.750+0000] {dagbag.py:588} INFO - Filling up the DagBag from /home/airflow/.local/lib/python3.12/site-packages/airflow/example_dags/example_latest_only_with_trigger.py
[2026-08-04T08:40:36.758+0000] {processor.py:925} INFO - DAG(s) 'latest_only_with_trigger' retrieved from /home/airflow/.local/lib/python3.12/site-packages/airflow/example_dags/example_latest_only_with_trigger.py
[2026-08-04T08:40:36.778+0000] {logging_mixin.py:190} INFO - [2026-08-04T08:40:36.778+0000] {dag.py:3239} INFO - Sync 1 DAGs
[2026-08-04T08:40:36.802+0000] {logging_mixin.py:190} INFO - [2026-08-04T08:40:36.801+0000] {dag.py:4180} INFO - Setting next_dagrun for latest_only_with_trigger to 2026-08-04 04:00:00+00:00, run_after=2026-08-04 08:00:00+00:00
[2026-08-04T08:40:36.821+0000] {processor.py:208} INFO - Processing /home/airflow/.local/lib/python3.12/site-packages/airflow/example_dags/example_latest_only_with_trigger.py took 0.081 seconds
[2026-08-04T08:41:07.116+0000] {processor.py:186} INFO - Started process (PID=2580) to work on /home/airflow/.local/lib/python3.12/site-packages/airflow/example_dags/example_latest_only_with_trigger.py
[2026-08-04T08:41:07.117+0000] {processor.py:914} INFO - Processing file /home/airflow/.local/lib/python3.12/site-packages/airflow/example_dags/example_latest_only_with_trigger.py for tasks to queue
[2026-08-04T08:41:07.120+0000] {logging_mixin.py:190} INFO - [2026-08-04T08:41:07.119+0000] {dagbag.py:588} INFO - Filling up the DagBag from /home/airflow/.local/lib/python3.12/site-packages/airflow/example_dags/example_latest_only_with_trigger.py
[2026-08-04T08:41:07.129+0000] {processor.py:925} INFO - DAG(s) 'latest_only_with_trigger' retrieved from /home/airflow/.local/lib/python3.12/site-packages/airflow/example_dags/example_latest_only_with_trigger.py
[2026-08-04T08:41:07.151+0000] {logging_mixin.py:190} INFO - [2026-08-04T08:41:07.151+0000] {dag.py:3239} INFO - Sync 1 DAGs
[2026-08-04T08:41:07.177+0000] {logging_mixin.py:190} INFO - [2026-08-04T08:41:07.177+0000] {dag.py:4180} INFO - Setting next_dagrun for latest_only_with_trigger to 2026-08-04 04:00:00+00:00, run_after=2026-08-04 08:00:00+00:00
[2026-08-04T08:41:07.196+0000] {processor.py:208} INFO - Processing /home/airflow/.local/lib/python3.12/site-packages/airflow/example_dags/example_latest_only_with_trigger.py took 0.087 seconds
[2026-08-04T08:41:37.868+0000] {processor.py:186} INFO - Started process (PID=2642) to work on /home/airflow/.local/lib/python3.12/site-packages/airflow/example_dags/example_latest_only_with_trigger.py
[2026-08-04T08:41:37.869+0000] {processor.py:914} INFO - Processing file /home/airflow/.local/lib/python3.12/site-packages/airflow/example_dags/example_latest_only_with_trigger.py for tasks to queue
[2026-08-04T08:41:37.873+0000] {logging_mixin.py:190} INFO - [2026-08-04T08:41:37.872+0000] {dagbag.py:588} INFO - Filling up the DagBag from /home/airflow/.local/lib/python3.12/site-packages/airflow/example_dags/example_latest_only_with_trigger.py
[2026-08-04T08:41:37.883+0000] {processor.py:925} INFO - DAG(s) 'latest_only_with_trigger' retrieved from /home/airflow/.local/lib/python3.12/site-packages/airflow/example_dags/example_latest_only_with_trigger.py
[2026-08-04T08:41:37.908+0000] {logging_mixin.py:190} INFO - [2026-08-04T08:41:37.908+0000] {dag.py:3239} INFO - Sync 1 DAGs
[2026-08-04T08:41:37.943+0000] {logging_mixin.py:190} INFO - [2026-08-04T08:41:37.943+0000] {dag.py:4180} INFO - Setting next_dagrun for latest_only_with_trigger to 2026-08-04 04:00:00+00:00, run_after=2026-08-04 08:00:00+00:00
[2026-08-04T08:41:37.972+0000] {processor.py:208} INFO - Processing /home/airflow/.local/lib/python3.12/site-packages/airflow/example_dags/example_latest_only_with_trigger.py took 0.110 seconds
