[2026-08-04T07:47:09.376+0000] {processor.py:186} INFO - Started process (PID=87) to work on /home/airflow/.local/lib/python3.12/site-packages/airflow/example_dags/example_outlet_event_extra.py
[2026-08-04T07:47:09.378+0000] {processor.py:914} INFO - Processing file /home/airflow/.local/lib/python3.12/site-packages/airflow/example_dags/example_outlet_event_extra.py for tasks to queue
[2026-08-04T07:47:09.381+0000] {logging_mixin.py:190} INFO - [2026-08-04T07:47:09.380+0000] {dagbag.py:588} INFO - Filling up the DagBag from /home/airflow/.local/lib/python3.12/site-packages/airflow/example_dags/example_outlet_event_extra.py
[2026-08-04T07:47:12.452+0000] {processor.py:925} INFO - DAG(s) 'dataset_with_extra_from_classic_operator', 'dataset_with_extra_by_context', 'dataset_with_extra_by_yield' retrieved from /home/airflow/.local/lib/python3.12/site-packages/airflow/example_dags/example_outlet_event_extra.py
[2026-08-04T07:47:12.509+0000] {logging_mixin.py:190} INFO - [2026-08-04T07:47:12.509+0000] {dag.py:3239} INFO - Sync 3 DAGs
[2026-08-04T07:47:12.559+0000] {logging_mixin.py:190} INFO - [2026-08-04T07:47:12.559+0000] {dag.py:4180} INFO - Setting next_dagrun for dataset_with_extra_by_context to 2026-08-03 00:00:00+00:00, run_after=2026-08-04 00:00:00+00:00
[2026-08-04T07:47:12.567+0000] {logging_mixin.py:190} INFO - [2026-08-04T07:47:12.566+0000] {dag.py:4180} INFO - Setting next_dagrun for dataset_with_extra_by_yield to 2026-08-03 00:00:00+00:00, run_after=2026-08-04 00:00:00+00:00
[2026-08-04T07:47:12.571+0000] {logging_mixin.py:190} INFO - [2026-08-04T07:47:12.571+0000] {dag.py:4180} INFO - Setting next_dagrun for dataset_with_extra_from_classic_operator to 2026-08-03 00:00:00+00:00, run_after=2026-08-04 00:00:00+00:00
[2026-08-04T07:47:12.615+0000] {processor.py:208} INFO - Processing /home/airflow/.local/lib/python3.12/site-packages/airflow/example_dags/example_outlet_event_extra.py took 3.246 seconds
[2026-08-04T08:21:16.707+0000] {processor.py:186} INFO - Started process (PID=87) to work on /home/airflow/.local/lib/python3.12/site-packages/airflow/example_dags/example_outlet_event_extra.py
[2026-08-04T08:21:16.709+0000] {processor.py:914} INFO - Processing file /home/airflow/.local/lib/python3.12/site-packages/airflow/example_dags/example_outlet_event_extra.py for tasks to queue
[2026-08-04T08:21:16.712+0000] {logging_mixin.py:190} INFO - [2026-08-04T08:21:16.712+0000] {dagbag.py:588} INFO - Filling up the DagBag from /home/airflow/.local/lib/python3.12/site-packages/airflow/example_dags/example_outlet_event_extra.py
[2026-08-04T08:21:18.740+0000] {processor.py:925} INFO - DAG(s) 'dataset_with_extra_by_yield', 'dataset_with_extra_by_context', 'dataset_with_extra_from_classic_operator' retrieved from /home/airflow/.local/lib/python3.12/site-packages/airflow/example_dags/example_outlet_event_extra.py
[2026-08-04T08:21:18.793+0000] {logging_mixin.py:190} INFO - [2026-08-04T08:21:18.792+0000] {dag.py:3239} INFO - Sync 3 DAGs
[2026-08-04T08:21:18.825+0000] {logging_mixin.py:190} INFO - [2026-08-04T08:21:18.825+0000] {dag.py:4180} INFO - Setting next_dagrun for dataset_with_extra_by_context to 2026-08-03 00:00:00+00:00, run_after=2026-08-04 00:00:00+00:00
[2026-08-04T08:21:18.832+0000] {logging_mixin.py:190} INFO - [2026-08-04T08:21:18.832+0000] {dag.py:4180} INFO - Setting next_dagrun for dataset_with_extra_by_yield to 2026-08-03 00:00:00+00:00, run_after=2026-08-04 00:00:00+00:00
[2026-08-04T08:21:18.836+0000] {logging_mixin.py:190} INFO - [2026-08-04T08:21:18.836+0000] {dag.py:4180} INFO - Setting next_dagrun for dataset_with_extra_from_classic_operator to 2026-08-03 00:00:00+00:00, run_after=2026-08-04 00:00:00+00:00
[2026-08-04T08:21:18.862+0000] {processor.py:208} INFO - Processing /home/airflow/.local/lib/python3.12/site-packages/airflow/example_dags/example_outlet_event_extra.py took 2.162 seconds
[2026-08-04T08:21:49.733+0000] {processor.py:186} INFO - Started process (PID=156) to work on /home/airflow/.local/lib/python3.12/site-packages/airflow/example_dags/example_outlet_event_extra.py
[2026-08-04T08:21:49.735+0000] {processor.py:914} INFO - Processing file /home/airflow/.local/lib/python3.12/site-packages/airflow/example_dags/example_outlet_event_extra.py for tasks to queue
[2026-08-04T08:21:49.738+0000] {logging_mixin.py:190} INFO - [2026-08-04T08:21:49.737+0000] {dagbag.py:588} INFO - Filling up the DagBag from /home/airflow/.local/lib/python3.12/site-packages/airflow/example_dags/example_outlet_event_extra.py
[2026-08-04T08:21:50.423+0000] {processor.py:925} INFO - DAG(s) 'dataset_with_extra_by_context', 'dataset_with_extra_from_classic_operator', 'dataset_with_extra_by_yield' retrieved from /home/airflow/.local/lib/python3.12/site-packages/airflow/example_dags/example_outlet_event_extra.py
[2026-08-04T08:21:50.454+0000] {logging_mixin.py:190} INFO - [2026-08-04T08:21:50.453+0000] {dag.py:3239} INFO - Sync 3 DAGs
[2026-08-04T08:21:50.483+0000] {logging_mixin.py:190} INFO - [2026-08-04T08:21:50.482+0000] {dag.py:4180} INFO - Setting next_dagrun for dataset_with_extra_by_context to 2026-08-03 00:00:00+00:00, run_after=2026-08-04 00:00:00+00:00
[2026-08-04T08:21:50.490+0000] {logging_mixin.py:190} INFO - [2026-08-04T08:21:50.490+0000] {dag.py:4180} INFO - Setting next_dagrun for dataset_with_extra_by_yield to 2026-08-03 00:00:00+00:00, run_after=2026-08-04 00:00:00+00:00
[2026-08-04T08:21:50.494+0000] {logging_mixin.py:190} INFO - [2026-08-04T08:21:50.494+0000] {dag.py:4180} INFO - Setting next_dagrun for dataset_with_extra_from_classic_operator to 2026-08-03 00:00:00+00:00, run_after=2026-08-04 00:00:00+00:00
[2026-08-04T08:21:50.523+0000] {processor.py:208} INFO - Processing /home/airflow/.local/lib/python3.12/site-packages/airflow/example_dags/example_outlet_event_extra.py took 0.796 seconds
[2026-08-04T08:22:20.727+0000] {processor.py:186} INFO - Started process (PID=221) to work on /home/airflow/.local/lib/python3.12/site-packages/airflow/example_dags/example_outlet_event_extra.py
[2026-08-04T08:22:20.728+0000] {processor.py:914} INFO - Processing file /home/airflow/.local/lib/python3.12/site-packages/airflow/example_dags/example_outlet_event_extra.py for tasks to queue
[2026-08-04T08:22:20.732+0000] {logging_mixin.py:190} INFO - [2026-08-04T08:22:20.731+0000] {dagbag.py:588} INFO - Filling up the DagBag from /home/airflow/.local/lib/python3.12/site-packages/airflow/example_dags/example_outlet_event_extra.py
[2026-08-04T08:22:21.558+0000] {processor.py:925} INFO - DAG(s) 'dataset_with_extra_by_yield', 'dataset_with_extra_by_context', 'dataset_with_extra_from_classic_operator' retrieved from /home/airflow/.local/lib/python3.12/site-packages/airflow/example_dags/example_outlet_event_extra.py
[2026-08-04T08:22:21.603+0000] {logging_mixin.py:190} INFO - [2026-08-04T08:22:21.602+0000] {dag.py:3239} INFO - Sync 3 DAGs
[2026-08-04T08:22:21.654+0000] {logging_mixin.py:190} INFO - [2026-08-04T08:22:21.654+0000] {dag.py:4180} INFO - Setting next_dagrun for dataset_with_extra_by_context to 2026-08-03 00:00:00+00:00, run_after=2026-08-04 00:00:00+00:00
[2026-08-04T08:22:21.663+0000] {logging_mixin.py:190} INFO - [2026-08-04T08:22:21.663+0000] {dag.py:4180} INFO - Setting next_dagrun for dataset_with_extra_by_yield to 2026-08-03 00:00:00+00:00, run_after=2026-08-04 00:00:00+00:00
[2026-08-04T08:22:21.668+0000] {logging_mixin.py:190} INFO - [2026-08-04T08:22:21.668+0000] {dag.py:4180} INFO - Setting next_dagrun for dataset_with_extra_from_classic_operator to 2026-08-03 00:00:00+00:00, run_after=2026-08-04 00:00:00+00:00
[2026-08-04T08:22:21.698+0000] {processor.py:208} INFO - Processing /home/airflow/.local/lib/python3.12/site-packages/airflow/example_dags/example_outlet_event_extra.py took 0.979 seconds
[2026-08-04T08:22:51.949+0000] {processor.py:186} INFO - Started process (PID=286) to work on /home/airflow/.local/lib/python3.12/site-packages/airflow/example_dags/example_outlet_event_extra.py
[2026-08-04T08:22:51.950+0000] {processor.py:914} INFO - Processing file /home/airflow/.local/lib/python3.12/site-packages/airflow/example_dags/example_outlet_event_extra.py for tasks to queue
[2026-08-04T08:22:51.954+0000] {logging_mixin.py:190} INFO - [2026-08-04T08:22:51.954+0000] {dagbag.py:588} INFO - Filling up the DagBag from /home/airflow/.local/lib/python3.12/site-packages/airflow/example_dags/example_outlet_event_extra.py
[2026-08-04T08:22:52.592+0000] {processor.py:925} INFO - DAG(s) 'dataset_with_extra_by_yield', 'dataset_with_extra_from_classic_operator', 'dataset_with_extra_by_context' retrieved from /home/airflow/.local/lib/python3.12/site-packages/airflow/example_dags/example_outlet_event_extra.py
[2026-08-04T08:22:52.621+0000] {logging_mixin.py:190} INFO - [2026-08-04T08:22:52.620+0000] {dag.py:3239} INFO - Sync 3 DAGs
[2026-08-04T08:22:52.649+0000] {logging_mixin.py:190} INFO - [2026-08-04T08:22:52.649+0000] {dag.py:4180} INFO - Setting next_dagrun for dataset_with_extra_by_context to 2026-08-03 00:00:00+00:00, run_after=2026-08-04 00:00:00+00:00
[2026-08-04T08:22:52.655+0000] {logging_mixin.py:190} INFO - [2026-08-04T08:22:52.655+0000] {dag.py:4180} INFO - Setting next_dagrun for dataset_with_extra_by_yield to 2026-08-03 00:00:00+00:00, run_after=2026-08-04 00:00:00+00:00
[2026-08-04T08:22:52.658+0000] {logging_mixin.py:190} INFO - [2026-08-04T08:22:52.658+0000] {dag.py:4180} INFO - Setting next_dagrun for dataset_with_extra_from_classic_operator to 2026-08-03 00:00:00+00:00, run_after=2026-08-04 00:00:00+00:00
[2026-08-04T08:22:52.685+0000] {processor.py:208} INFO - Processing /home/airflow/.local/lib/python3.12/site-packages/airflow/example_dags/example_outlet_event_extra.py took 0.743 seconds
[2026-08-04T08:23:23.624+0000] {processor.py:186} INFO - Started process (PID=351) to work on /home/airflow/.local/lib/python3.12/site-packages/airflow/example_dags/example_outlet_event_extra.py
[2026-08-04T08:23:23.626+0000] {processor.py:914} INFO - Processing file /home/airflow/.local/lib/python3.12/site-packages/airflow/example_dags/example_outlet_event_extra.py for tasks to queue
[2026-08-04T08:23:23.629+0000] {logging_mixin.py:190} INFO - [2026-08-04T08:23:23.629+0000] {dagbag.py:588} INFO - Filling up the DagBag from /home/airflow/.local/lib/python3.12/site-packages/airflow/example_dags/example_outlet_event_extra.py
[2026-08-04T08:23:24.447+0000] {processor.py:925} INFO - DAG(s) 'dataset_with_extra_from_classic_operator', 'dataset_with_extra_by_yield', 'dataset_with_extra_by_context' retrieved from /home/airflow/.local/lib/python3.12/site-packages/airflow/example_dags/example_outlet_event_extra.py
[2026-08-04T08:23:24.473+0000] {logging_mixin.py:190} INFO - [2026-08-04T08:23:24.473+0000] {dag.py:3239} INFO - Sync 3 DAGs
[2026-08-04T08:23:24.505+0000] {logging_mixin.py:190} INFO - [2026-08-04T08:23:24.504+0000] {dag.py:4180} INFO - Setting next_dagrun for dataset_with_extra_by_context to 2026-08-03 00:00:00+00:00, run_after=2026-08-04 00:00:00+00:00
[2026-08-04T08:23:24.513+0000] {logging_mixin.py:190} INFO - [2026-08-04T08:23:24.512+0000] {dag.py:4180} INFO - Setting next_dagrun for dataset_with_extra_by_yield to 2026-08-03 00:00:00+00:00, run_after=2026-08-04 00:00:00+00:00
[2026-08-04T08:23:24.516+0000] {logging_mixin.py:190} INFO - [2026-08-04T08:23:24.516+0000] {dag.py:4180} INFO - Setting next_dagrun for dataset_with_extra_from_classic_operator to 2026-08-03 00:00:00+00:00, run_after=2026-08-04 00:00:00+00:00
[2026-08-04T08:23:24.544+0000] {processor.py:208} INFO - Processing /home/airflow/.local/lib/python3.12/site-packages/airflow/example_dags/example_outlet_event_extra.py took 0.929 seconds
[2026-08-04T08:23:55.181+0000] {processor.py:186} INFO - Started process (PID=416) to work on /home/airflow/.local/lib/python3.12/site-packages/airflow/example_dags/example_outlet_event_extra.py
[2026-08-04T08:23:55.183+0000] {processor.py:914} INFO - Processing file /home/airflow/.local/lib/python3.12/site-packages/airflow/example_dags/example_outlet_event_extra.py for tasks to queue
[2026-08-04T08:23:55.186+0000] {logging_mixin.py:190} INFO - [2026-08-04T08:23:55.185+0000] {dagbag.py:588} INFO - Filling up the DagBag from /home/airflow/.local/lib/python3.12/site-packages/airflow/example_dags/example_outlet_event_extra.py
[2026-08-04T08:23:55.806+0000] {processor.py:925} INFO - DAG(s) 'dataset_with_extra_by_yield', 'dataset_with_extra_by_context', 'dataset_with_extra_from_classic_operator' retrieved from /home/airflow/.local/lib/python3.12/site-packages/airflow/example_dags/example_outlet_event_extra.py
[2026-08-04T08:23:55.832+0000] {logging_mixin.py:190} INFO - [2026-08-04T08:23:55.832+0000] {dag.py:3239} INFO - Sync 3 DAGs
[2026-08-04T08:23:55.859+0000] {logging_mixin.py:190} INFO - [2026-08-04T08:23:55.859+0000] {dag.py:4180} INFO - Setting next_dagrun for dataset_with_extra_by_context to 2026-08-03 00:00:00+00:00, run_after=2026-08-04 00:00:00+00:00
[2026-08-04T08:23:55.865+0000] {logging_mixin.py:190} INFO - [2026-08-04T08:23:55.865+0000] {dag.py:4180} INFO - Setting next_dagrun for dataset_with_extra_by_yield to 2026-08-03 00:00:00+00:00, run_after=2026-08-04 00:00:00+00:00
[2026-08-04T08:23:55.868+0000] {logging_mixin.py:190} INFO - [2026-08-04T08:23:55.868+0000] {dag.py:4180} INFO - Setting next_dagrun for dataset_with_extra_from_classic_operator to 2026-08-03 00:00:00+00:00, run_after=2026-08-04 00:00:00+00:00
[2026-08-04T08:23:55.894+0000] {processor.py:208} INFO - Processing /home/airflow/.local/lib/python3.12/site-packages/airflow/example_dags/example_outlet_event_extra.py took 0.720 seconds
[2026-08-04T08:24:26.713+0000] {processor.py:186} INFO - Started process (PID=481) to work on /home/airflow/.local/lib/python3.12/site-packages/airflow/example_dags/example_outlet_event_extra.py
[2026-08-04T08:24:26.715+0000] {processor.py:914} INFO - Processing file /home/airflow/.local/lib/python3.12/site-packages/airflow/example_dags/example_outlet_event_extra.py for tasks to queue
[2026-08-04T08:24:26.717+0000] {logging_mixin.py:190} INFO - [2026-08-04T08:24:26.717+0000] {dagbag.py:588} INFO - Filling up the DagBag from /home/airflow/.local/lib/python3.12/site-packages/airflow/example_dags/example_outlet_event_extra.py
[2026-08-04T08:24:27.262+0000] {processor.py:925} INFO - DAG(s) 'dataset_with_extra_by_yield', 'dataset_with_extra_by_context', 'dataset_with_extra_from_classic_operator' retrieved from /home/airflow/.local/lib/python3.12/site-packages/airflow/example_dags/example_outlet_event_extra.py
[2026-08-04T08:24:27.284+0000] {logging_mixin.py:190} INFO - [2026-08-04T08:24:27.284+0000] {dag.py:3239} INFO - Sync 3 DAGs
[2026-08-04T08:24:27.308+0000] {logging_mixin.py:190} INFO - [2026-08-04T08:24:27.308+0000] {dag.py:4180} INFO - Setting next_dagrun for dataset_with_extra_by_context to 2026-08-03 00:00:00+00:00, run_after=2026-08-04 00:00:00+00:00
[2026-08-04T08:24:27.314+0000] {logging_mixin.py:190} INFO - [2026-08-04T08:24:27.314+0000] {dag.py:4180} INFO - Setting next_dagrun for dataset_with_extra_by_yield to 2026-08-03 00:00:00+00:00, run_after=2026-08-04 00:00:00+00:00
[2026-08-04T08:24:27.318+0000] {logging_mixin.py:190} INFO - [2026-08-04T08:24:27.317+0000] {dag.py:4180} INFO - Setting next_dagrun for dataset_with_extra_from_classic_operator to 2026-08-03 00:00:00+00:00, run_after=2026-08-04 00:00:00+00:00
[2026-08-04T08:24:27.341+0000] {processor.py:208} INFO - Processing /home/airflow/.local/lib/python3.12/site-packages/airflow/example_dags/example_outlet_event_extra.py took 0.633 seconds
[2026-08-04T08:24:58.024+0000] {processor.py:186} INFO - Started process (PID=546) to work on /home/airflow/.local/lib/python3.12/site-packages/airflow/example_dags/example_outlet_event_extra.py
[2026-08-04T08:24:58.025+0000] {processor.py:914} INFO - Processing file /home/airflow/.local/lib/python3.12/site-packages/airflow/example_dags/example_outlet_event_extra.py for tasks to queue
[2026-08-04T08:24:58.029+0000] {logging_mixin.py:190} INFO - [2026-08-04T08:24:58.029+0000] {dagbag.py:588} INFO - Filling up the DagBag from /home/airflow/.local/lib/python3.12/site-packages/airflow/example_dags/example_outlet_event_extra.py
[2026-08-04T08:24:58.720+0000] {processor.py:925} INFO - DAG(s) 'dataset_with_extra_from_classic_operator', 'dataset_with_extra_by_context', 'dataset_with_extra_by_yield' retrieved from /home/airflow/.local/lib/python3.12/site-packages/airflow/example_dags/example_outlet_event_extra.py
[2026-08-04T08:24:58.751+0000] {logging_mixin.py:190} INFO - [2026-08-04T08:24:58.751+0000] {dag.py:3239} INFO - Sync 3 DAGs
[2026-08-04T08:24:58.780+0000] {logging_mixin.py:190} INFO - [2026-08-04T08:24:58.780+0000] {dag.py:4180} INFO - Setting next_dagrun for dataset_with_extra_by_context to 2026-08-03 00:00:00+00:00, run_after=2026-08-04 00:00:00+00:00
[2026-08-04T08:24:58.786+0000] {logging_mixin.py:190} INFO - [2026-08-04T08:24:58.786+0000] {dag.py:4180} INFO - Setting next_dagrun for dataset_with_extra_by_yield to 2026-08-03 00:00:00+00:00, run_after=2026-08-04 00:00:00+00:00
[2026-08-04T08:24:58.790+0000] {logging_mixin.py:190} INFO - [2026-08-04T08:24:58.790+0000] {dag.py:4180} INFO - Setting next_dagrun for dataset_with_extra_from_classic_operator to 2026-08-03 00:00:00+00:00, run_after=2026-08-04 00:00:00+00:00
[2026-08-04T08:24:58.816+0000] {processor.py:208} INFO - Processing /home/airflow/.local/lib/python3.12/site-packages/airflow/example_dags/example_outlet_event_extra.py took 0.799 seconds
[2026-08-04T08:25:29.229+0000] {processor.py:186} INFO - Started process (PID=611) to work on /home/airflow/.local/lib/python3.12/site-packages/airflow/example_dags/example_outlet_event_extra.py
[2026-08-04T08:25:29.230+0000] {processor.py:914} INFO - Processing file /home/airflow/.local/lib/python3.12/site-packages/airflow/example_dags/example_outlet_event_extra.py for tasks to queue
[2026-08-04T08:25:29.233+0000] {logging_mixin.py:190} INFO - [2026-08-04T08:25:29.233+0000] {dagbag.py:588} INFO - Filling up the DagBag from /home/airflow/.local/lib/python3.12/site-packages/airflow/example_dags/example_outlet_event_extra.py
[2026-08-04T08:25:29.817+0000] {processor.py:925} INFO - DAG(s) 'dataset_with_extra_from_classic_operator', 'dataset_with_extra_by_yield', 'dataset_with_extra_by_context' retrieved from /home/airflow/.local/lib/python3.12/site-packages/airflow/example_dags/example_outlet_event_extra.py
[2026-08-04T08:25:29.841+0000] {logging_mixin.py:190} INFO - [2026-08-04T08:25:29.841+0000] {dag.py:3239} INFO - Sync 3 DAGs
[2026-08-04T08:25:29.865+0000] {logging_mixin.py:190} INFO - [2026-08-04T08:25:29.865+0000] {dag.py:4180} INFO - Setting next_dagrun for dataset_with_extra_by_context to 2026-08-03 00:00:00+00:00, run_after=2026-08-04 00:00:00+00:00
[2026-08-04T08:25:29.871+0000] {logging_mixin.py:190} INFO - [2026-08-04T08:25:29.871+0000] {dag.py:4180} INFO - Setting next_dagrun for dataset_with_extra_by_yield to 2026-08-03 00:00:00+00:00, run_after=2026-08-04 00:00:00+00:00
[2026-08-04T08:25:29.875+0000] {logging_mixin.py:190} INFO - [2026-08-04T08:25:29.875+0000] {dag.py:4180} INFO - Setting next_dagrun for dataset_with_extra_from_classic_operator to 2026-08-03 00:00:00+00:00, run_after=2026-08-04 00:00:00+00:00
[2026-08-04T08:25:29.897+0000] {processor.py:208} INFO - Processing /home/airflow/.local/lib/python3.12/site-packages/airflow/example_dags/example_outlet_event_extra.py took 0.676 seconds
[2026-08-04T08:26:00.472+0000] {processor.py:186} INFO - Started process (PID=677) to work on /home/airflow/.local/lib/python3.12/site-packages/airflow/example_dags/example_outlet_event_extra.py
[2026-08-04T08:26:00.473+0000] {processor.py:914} INFO - Processing file /home/airflow/.local/lib/python3.12/site-packages/airflow/example_dags/example_outlet_event_extra.py for tasks to queue
[2026-08-04T08:26:00.477+0000] {logging_mixin.py:190} INFO - [2026-08-04T08:26:00.477+0000] {dagbag.py:588} INFO - Filling up the DagBag from /home/airflow/.local/lib/python3.12/site-packages/airflow/example_dags/example_outlet_event_extra.py
[2026-08-04T08:26:01.162+0000] {processor.py:925} INFO - DAG(s) 'dataset_with_extra_by_context', 'dataset_with_extra_by_yield', 'dataset_with_extra_from_classic_operator' retrieved from /home/airflow/.local/lib/python3.12/site-packages/airflow/example_dags/example_outlet_event_extra.py
[2026-08-04T08:26:01.189+0000] {logging_mixin.py:190} INFO - [2026-08-04T08:26:01.189+0000] {dag.py:3239} INFO - Sync 3 DAGs
[2026-08-04T08:26:01.215+0000] {logging_mixin.py:190} INFO - [2026-08-04T08:26:01.214+0000] {dag.py:4180} INFO - Setting next_dagrun for dataset_with_extra_by_context to 2026-08-03 00:00:00+00:00, run_after=2026-08-04 00:00:00+00:00
[2026-08-04T08:26:01.221+0000] {logging_mixin.py:190} INFO - [2026-08-04T08:26:01.220+0000] {dag.py:4180} INFO - Setting next_dagrun for dataset_with_extra_by_yield to 2026-08-03 00:00:00+00:00, run_after=2026-08-04 00:00:00+00:00
[2026-08-04T08:26:01.224+0000] {logging_mixin.py:190} INFO - [2026-08-04T08:26:01.224+0000] {dag.py:4180} INFO - Setting next_dagrun for dataset_with_extra_from_classic_operator to 2026-08-03 00:00:00+00:00, run_after=2026-08-04 00:00:00+00:00
[2026-08-04T08:26:01.249+0000] {processor.py:208} INFO - Processing /home/airflow/.local/lib/python3.12/site-packages/airflow/example_dags/example_outlet_event_extra.py took 0.784 seconds
[2026-08-04T08:26:31.729+0000] {processor.py:186} INFO - Started process (PID=743) to work on /home/airflow/.local/lib/python3.12/site-packages/airflow/example_dags/example_outlet_event_extra.py
[2026-08-04T08:26:31.730+0000] {processor.py:914} INFO - Processing file /home/airflow/.local/lib/python3.12/site-packages/airflow/example_dags/example_outlet_event_extra.py for tasks to queue
[2026-08-04T08:26:31.733+0000] {logging_mixin.py:190} INFO - [2026-08-04T08:26:31.732+0000] {dagbag.py:588} INFO - Filling up the DagBag from /home/airflow/.local/lib/python3.12/site-packages/airflow/example_dags/example_outlet_event_extra.py
[2026-08-04T08:26:32.332+0000] {processor.py:925} INFO - DAG(s) 'dataset_with_extra_from_classic_operator', 'dataset_with_extra_by_context', 'dataset_with_extra_by_yield' retrieved from /home/airflow/.local/lib/python3.12/site-packages/airflow/example_dags/example_outlet_event_extra.py
[2026-08-04T08:26:32.356+0000] {logging_mixin.py:190} INFO - [2026-08-04T08:26:32.356+0000] {dag.py:3239} INFO - Sync 3 DAGs
[2026-08-04T08:26:32.381+0000] {logging_mixin.py:190} INFO - [2026-08-04T08:26:32.381+0000] {dag.py:4180} INFO - Setting next_dagrun for dataset_with_extra_by_context to 2026-08-03 00:00:00+00:00, run_after=2026-08-04 00:00:00+00:00
[2026-08-04T08:26:32.386+0000] {logging_mixin.py:190} INFO - [2026-08-04T08:26:32.386+0000] {dag.py:4180} INFO - Setting next_dagrun for dataset_with_extra_by_yield to 2026-08-03 00:00:00+00:00, run_after=2026-08-04 00:00:00+00:00
[2026-08-04T08:26:32.390+0000] {logging_mixin.py:190} INFO - [2026-08-04T08:26:32.390+0000] {dag.py:4180} INFO - Setting next_dagrun for dataset_with_extra_from_classic_operator to 2026-08-03 00:00:00+00:00, run_after=2026-08-04 00:00:00+00:00
[2026-08-04T08:26:32.414+0000] {processor.py:208} INFO - Processing /home/airflow/.local/lib/python3.12/site-packages/airflow/example_dags/example_outlet_event_extra.py took 0.692 seconds
[2026-08-04T08:27:03.086+0000] {processor.py:186} INFO - Started process (PID=808) to work on /home/airflow/.local/lib/python3.12/site-packages/airflow/example_dags/example_outlet_event_extra.py
[2026-08-04T08:27:03.087+0000] {processor.py:914} INFO - Processing file /home/airflow/.local/lib/python3.12/site-packages/airflow/example_dags/example_outlet_event_extra.py for tasks to queue
[2026-08-04T08:27:03.089+0000] {logging_mixin.py:190} INFO - [2026-08-04T08:27:03.089+0000] {dagbag.py:588} INFO - Filling up the DagBag from /home/airflow/.local/lib/python3.12/site-packages/airflow/example_dags/example_outlet_event_extra.py
[2026-08-04T08:27:03.678+0000] {processor.py:925} INFO - DAG(s) 'dataset_with_extra_by_yield', 'dataset_with_extra_from_classic_operator', 'dataset_with_extra_by_context' retrieved from /home/airflow/.local/lib/python3.12/site-packages/airflow/example_dags/example_outlet_event_extra.py
[2026-08-04T08:27:03.711+0000] {logging_mixin.py:190} INFO - [2026-08-04T08:27:03.710+0000] {dag.py:3239} INFO - Sync 3 DAGs
[2026-08-04T08:27:03.737+0000] {logging_mixin.py:190} INFO - [2026-08-04T08:27:03.737+0000] {dag.py:4180} INFO - Setting next_dagrun for dataset_with_extra_by_context to 2026-08-03 00:00:00+00:00, run_after=2026-08-04 00:00:00+00:00
[2026-08-04T08:27:03.743+0000] {logging_mixin.py:190} INFO - [2026-08-04T08:27:03.743+0000] {dag.py:4180} INFO - Setting next_dagrun for dataset_with_extra_by_yield to 2026-08-03 00:00:00+00:00, run_after=2026-08-04 00:00:00+00:00
[2026-08-04T08:27:03.747+0000] {logging_mixin.py:190} INFO - [2026-08-04T08:27:03.747+0000] {dag.py:4180} INFO - Setting next_dagrun for dataset_with_extra_from_classic_operator to 2026-08-03 00:00:00+00:00, run_after=2026-08-04 00:00:00+00:00
[2026-08-04T08:27:03.769+0000] {processor.py:208} INFO - Processing /home/airflow/.local/lib/python3.12/site-packages/airflow/example_dags/example_outlet_event_extra.py took 0.689 seconds
[2026-08-04T08:27:34.336+0000] {processor.py:186} INFO - Started process (PID=873) to work on /home/airflow/.local/lib/python3.12/site-packages/airflow/example_dags/example_outlet_event_extra.py
[2026-08-04T08:27:34.338+0000] {processor.py:914} INFO - Processing file /home/airflow/.local/lib/python3.12/site-packages/airflow/example_dags/example_outlet_event_extra.py for tasks to queue
[2026-08-04T08:27:34.341+0000] {logging_mixin.py:190} INFO - [2026-08-04T08:27:34.341+0000] {dagbag.py:588} INFO - Filling up the DagBag from /home/airflow/.local/lib/python3.12/site-packages/airflow/example_dags/example_outlet_event_extra.py
[2026-08-04T08:27:34.958+0000] {processor.py:925} INFO - DAG(s) 'dataset_with_extra_by_context', 'dataset_with_extra_by_yield', 'dataset_with_extra_from_classic_operator' retrieved from /home/airflow/.local/lib/python3.12/site-packages/airflow/example_dags/example_outlet_event_extra.py
[2026-08-04T08:27:34.982+0000] {logging_mixin.py:190} INFO - [2026-08-04T08:27:34.982+0000] {dag.py:3239} INFO - Sync 3 DAGs
[2026-08-04T08:27:35.006+0000] {logging_mixin.py:190} INFO - [2026-08-04T08:27:35.006+0000] {dag.py:4180} INFO - Setting next_dagrun for dataset_with_extra_by_context to 2026-08-03 00:00:00+00:00, run_after=2026-08-04 00:00:00+00:00
[2026-08-04T08:27:35.012+0000] {logging_mixin.py:190} INFO - [2026-08-04T08:27:35.012+0000] {dag.py:4180} INFO - Setting next_dagrun for dataset_with_extra_by_yield to 2026-08-03 00:00:00+00:00, run_after=2026-08-04 00:00:00+00:00
[2026-08-04T08:27:35.015+0000] {logging_mixin.py:190} INFO - [2026-08-04T08:27:35.015+0000] {dag.py:4180} INFO - Setting next_dagrun for dataset_with_extra_from_classic_operator to 2026-08-03 00:00:00+00:00, run_after=2026-08-04 00:00:00+00:00
[2026-08-04T08:27:35.042+0000] {processor.py:208} INFO - Processing /home/airflow/.local/lib/python3.12/site-packages/airflow/example_dags/example_outlet_event_extra.py took 0.714 seconds
[2026-08-04T08:28:05.506+0000] {processor.py:186} INFO - Started process (PID=938) to work on /home/airflow/.local/lib/python3.12/site-packages/airflow/example_dags/example_outlet_event_extra.py
[2026-08-04T08:28:05.508+0000] {processor.py:914} INFO - Processing file /home/airflow/.local/lib/python3.12/site-packages/airflow/example_dags/example_outlet_event_extra.py for tasks to queue
[2026-08-04T08:28:05.512+0000] {logging_mixin.py:190} INFO - [2026-08-04T08:28:05.511+0000] {dagbag.py:588} INFO - Filling up the DagBag from /home/airflow/.local/lib/python3.12/site-packages/airflow/example_dags/example_outlet_event_extra.py
[2026-08-04T08:28:06.098+0000] {processor.py:925} INFO - DAG(s) 'dataset_with_extra_from_classic_operator', 'dataset_with_extra_by_context', 'dataset_with_extra_by_yield' retrieved from /home/airflow/.local/lib/python3.12/site-packages/airflow/example_dags/example_outlet_event_extra.py
[2026-08-04T08:28:06.127+0000] {logging_mixin.py:190} INFO - [2026-08-04T08:28:06.126+0000] {dag.py:3239} INFO - Sync 3 DAGs
[2026-08-04T08:28:06.153+0000] {logging_mixin.py:190} INFO - [2026-08-04T08:28:06.153+0000] {dag.py:4180} INFO - Setting next_dagrun for dataset_with_extra_by_context to 2026-08-03 00:00:00+00:00, run_after=2026-08-04 00:00:00+00:00
[2026-08-04T08:28:06.160+0000] {logging_mixin.py:190} INFO - [2026-08-04T08:28:06.159+0000] {dag.py:4180} INFO - Setting next_dagrun for dataset_with_extra_by_yield to 2026-08-03 00:00:00+00:00, run_after=2026-08-04 00:00:00+00:00
[2026-08-04T08:28:06.163+0000] {logging_mixin.py:190} INFO - [2026-08-04T08:28:06.162+0000] {dag.py:4180} INFO - Setting next_dagrun for dataset_with_extra_from_classic_operator to 2026-08-03 00:00:00+00:00, run_after=2026-08-04 00:00:00+00:00
[2026-08-04T08:28:06.186+0000] {processor.py:208} INFO - Processing /home/airflow/.local/lib/python3.12/site-packages/airflow/example_dags/example_outlet_event_extra.py took 0.687 seconds
[2026-08-04T08:28:37.085+0000] {processor.py:186} INFO - Started process (PID=1003) to work on /home/airflow/.local/lib/python3.12/site-packages/airflow/example_dags/example_outlet_event_extra.py
[2026-08-04T08:28:37.086+0000] {processor.py:914} INFO - Processing file /home/airflow/.local/lib/python3.12/site-packages/airflow/example_dags/example_outlet_event_extra.py for tasks to queue
[2026-08-04T08:28:37.089+0000] {logging_mixin.py:190} INFO - [2026-08-04T08:28:37.088+0000] {dagbag.py:588} INFO - Filling up the DagBag from /home/airflow/.local/lib/python3.12/site-packages/airflow/example_dags/example_outlet_event_extra.py
[2026-08-04T08:28:37.653+0000] {processor.py:925} INFO - DAG(s) 'dataset_with_extra_from_classic_operator', 'dataset_with_extra_by_yield', 'dataset_with_extra_by_context' retrieved from /home/airflow/.local/lib/python3.12/site-packages/airflow/example_dags/example_outlet_event_extra.py
[2026-08-04T08:28:37.676+0000] {logging_mixin.py:190} INFO - [2026-08-04T08:28:37.676+0000] {dag.py:3239} INFO - Sync 3 DAGs
[2026-08-04T08:28:37.702+0000] {logging_mixin.py:190} INFO - [2026-08-04T08:28:37.701+0000] {dag.py:4180} INFO - Setting next_dagrun for dataset_with_extra_by_context to 2026-08-03 00:00:00+00:00, run_after=2026-08-04 00:00:00+00:00
[2026-08-04T08:28:37.707+0000] {logging_mixin.py:190} INFO - [2026-08-04T08:28:37.707+0000] {dag.py:4180} INFO - Setting next_dagrun for dataset_with_extra_by_yield to 2026-08-03 00:00:00+00:00, run_after=2026-08-04 00:00:00+00:00
[2026-08-04T08:28:37.711+0000] {logging_mixin.py:190} INFO - [2026-08-04T08:28:37.710+0000] {dag.py:4180} INFO - Setting next_dagrun for dataset_with_extra_from_classic_operator to 2026-08-03 00:00:00+00:00, run_after=2026-08-04 00:00:00+00:00
[2026-08-04T08:28:37.733+0000] {processor.py:208} INFO - Processing /home/airflow/.local/lib/python3.12/site-packages/airflow/example_dags/example_outlet_event_extra.py took 0.655 seconds
[2026-08-04T08:29:08.511+0000] {processor.py:186} INFO - Started process (PID=1068) to work on /home/airflow/.local/lib/python3.12/site-packages/airflow/example_dags/example_outlet_event_extra.py
[2026-08-04T08:29:08.512+0000] {processor.py:914} INFO - Processing file /home/airflow/.local/lib/python3.12/site-packages/airflow/example_dags/example_outlet_event_extra.py for tasks to queue
[2026-08-04T08:29:08.515+0000] {logging_mixin.py:190} INFO - [2026-08-04T08:29:08.514+0000] {dagbag.py:588} INFO - Filling up the DagBag from /home/airflow/.local/lib/python3.12/site-packages/airflow/example_dags/example_outlet_event_extra.py
[2026-08-04T08:29:09.182+0000] {processor.py:925} INFO - DAG(s) 'dataset_with_extra_by_yield', 'dataset_with_extra_by_context', 'dataset_with_extra_from_classic_operator' retrieved from /home/airflow/.local/lib/python3.12/site-packages/airflow/example_dags/example_outlet_event_extra.py
[2026-08-04T08:29:09.206+0000] {logging_mixin.py:190} INFO - [2026-08-04T08:29:09.205+0000] {dag.py:3239} INFO - Sync 3 DAGs
[2026-08-04T08:29:09.231+0000] {logging_mixin.py:190} INFO - [2026-08-04T08:29:09.231+0000] {dag.py:4180} INFO - Setting next_dagrun for dataset_with_extra_by_context to 2026-08-03 00:00:00+00:00, run_after=2026-08-04 00:00:00+00:00
[2026-08-04T08:29:09.236+0000] {logging_mixin.py:190} INFO - [2026-08-04T08:29:09.236+0000] {dag.py:4180} INFO - Setting next_dagrun for dataset_with_extra_by_yield to 2026-08-03 00:00:00+00:00, run_after=2026-08-04 00:00:00+00:00
[2026-08-04T08:29:09.240+0000] {logging_mixin.py:190} INFO - [2026-08-04T08:29:09.239+0000] {dag.py:4180} INFO - Setting next_dagrun for dataset_with_extra_from_classic_operator to 2026-08-03 00:00:00+00:00, run_after=2026-08-04 00:00:00+00:00
[2026-08-04T08:29:09.262+0000] {processor.py:208} INFO - Processing /home/airflow/.local/lib/python3.12/site-packages/airflow/example_dags/example_outlet_event_extra.py took 0.758 seconds
[2026-08-04T08:29:39.801+0000] {processor.py:186} INFO - Started process (PID=1133) to work on /home/airflow/.local/lib/python3.12/site-packages/airflow/example_dags/example_outlet_event_extra.py
[2026-08-04T08:29:39.802+0000] {processor.py:914} INFO - Processing file /home/airflow/.local/lib/python3.12/site-packages/airflow/example_dags/example_outlet_event_extra.py for tasks to queue
[2026-08-04T08:29:39.805+0000] {logging_mixin.py:190} INFO - [2026-08-04T08:29:39.805+0000] {dagbag.py:588} INFO - Filling up the DagBag from /home/airflow/.local/lib/python3.12/site-packages/airflow/example_dags/example_outlet_event_extra.py
[2026-08-04T08:29:40.400+0000] {processor.py:925} INFO - DAG(s) 'dataset_with_extra_by_yield', 'dataset_with_extra_by_context', 'dataset_with_extra_from_classic_operator' retrieved from /home/airflow/.local/lib/python3.12/site-packages/airflow/example_dags/example_outlet_event_extra.py
[2026-08-04T08:29:40.423+0000] {logging_mixin.py:190} INFO - [2026-08-04T08:29:40.423+0000] {dag.py:3239} INFO - Sync 3 DAGs
[2026-08-04T08:29:40.449+0000] {logging_mixin.py:190} INFO - [2026-08-04T08:29:40.449+0000] {dag.py:4180} INFO - Setting next_dagrun for dataset_with_extra_by_context to 2026-08-03 00:00:00+00:00, run_after=2026-08-04 00:00:00+00:00
[2026-08-04T08:29:40.455+0000] {logging_mixin.py:190} INFO - [2026-08-04T08:29:40.454+0000] {dag.py:4180} INFO - Setting next_dagrun for dataset_with_extra_by_yield to 2026-08-03 00:00:00+00:00, run_after=2026-08-04 00:00:00+00:00
[2026-08-04T08:29:40.458+0000] {logging_mixin.py:190} INFO - [2026-08-04T08:29:40.458+0000] {dag.py:4180} INFO - Setting next_dagrun for dataset_with_extra_from_classic_operator to 2026-08-03 00:00:00+00:00, run_after=2026-08-04 00:00:00+00:00
[2026-08-04T08:29:40.480+0000] {processor.py:208} INFO - Processing /home/airflow/.local/lib/python3.12/site-packages/airflow/example_dags/example_outlet_event_extra.py took 0.684 seconds
[2026-08-04T08:30:11.131+0000] {processor.py:186} INFO - Started process (PID=1199) to work on /home/airflow/.local/lib/python3.12/site-packages/airflow/example_dags/example_outlet_event_extra.py
[2026-08-04T08:30:11.133+0000] {processor.py:914} INFO - Processing file /home/airflow/.local/lib/python3.12/site-packages/airflow/example_dags/example_outlet_event_extra.py for tasks to queue
[2026-08-04T08:30:11.139+0000] {logging_mixin.py:190} INFO - [2026-08-04T08:30:11.139+0000] {dagbag.py:588} INFO - Filling up the DagBag from /home/airflow/.local/lib/python3.12/site-packages/airflow/example_dags/example_outlet_event_extra.py
[2026-08-04T08:30:11.740+0000] {processor.py:925} INFO - DAG(s) 'dataset_with_extra_from_classic_operator', 'dataset_with_extra_by_context', 'dataset_with_extra_by_yield' retrieved from /home/airflow/.local/lib/python3.12/site-packages/airflow/example_dags/example_outlet_event_extra.py
[2026-08-04T08:30:11.763+0000] {logging_mixin.py:190} INFO - [2026-08-04T08:30:11.763+0000] {dag.py:3239} INFO - Sync 3 DAGs
[2026-08-04T08:30:11.791+0000] {logging_mixin.py:190} INFO - [2026-08-04T08:30:11.791+0000] {dag.py:4180} INFO - Setting next_dagrun for dataset_with_extra_by_context to 2026-08-03 00:00:00+00:00, run_after=2026-08-04 00:00:00+00:00
[2026-08-04T08:30:11.797+0000] {logging_mixin.py:190} INFO - [2026-08-04T08:30:11.797+0000] {dag.py:4180} INFO - Setting next_dagrun for dataset_with_extra_by_yield to 2026-08-03 00:00:00+00:00, run_after=2026-08-04 00:00:00+00:00
[2026-08-04T08:30:11.800+0000] {logging_mixin.py:190} INFO - [2026-08-04T08:30:11.800+0000] {dag.py:4180} INFO - Setting next_dagrun for dataset_with_extra_from_classic_operator to 2026-08-03 00:00:00+00:00, run_after=2026-08-04 00:00:00+00:00
[2026-08-04T08:30:11.821+0000] {processor.py:208} INFO - Processing /home/airflow/.local/lib/python3.12/site-packages/airflow/example_dags/example_outlet_event_extra.py took 0.697 seconds
[2026-08-04T08:30:41.864+0000] {processor.py:186} INFO - Started process (PID=1264) to work on /home/airflow/.local/lib/python3.12/site-packages/airflow/example_dags/example_outlet_event_extra.py
[2026-08-04T08:30:41.865+0000] {processor.py:914} INFO - Processing file /home/airflow/.local/lib/python3.12/site-packages/airflow/example_dags/example_outlet_event_extra.py for tasks to queue
[2026-08-04T08:30:41.868+0000] {logging_mixin.py:190} INFO - [2026-08-04T08:30:41.867+0000] {dagbag.py:588} INFO - Filling up the DagBag from /home/airflow/.local/lib/python3.12/site-packages/airflow/example_dags/example_outlet_event_extra.py
[2026-08-04T08:30:42.428+0000] {processor.py:925} INFO - DAG(s) 'dataset_with_extra_by_context', 'dataset_with_extra_by_yield', 'dataset_with_extra_from_classic_operator' retrieved from /home/airflow/.local/lib/python3.12/site-packages/airflow/example_dags/example_outlet_event_extra.py
[2026-08-04T08:30:42.453+0000] {logging_mixin.py:190} INFO - [2026-08-04T08:30:42.453+0000] {dag.py:3239} INFO - Sync 3 DAGs
[2026-08-04T08:30:42.483+0000] {logging_mixin.py:190} INFO - [2026-08-04T08:30:42.483+0000] {dag.py:4180} INFO - Setting next_dagrun for dataset_with_extra_by_context to 2026-08-03 00:00:00+00:00, run_after=2026-08-04 00:00:00+00:00
[2026-08-04T08:30:42.488+0000] {logging_mixin.py:190} INFO - [2026-08-04T08:30:42.488+0000] {dag.py:4180} INFO - Setting next_dagrun for dataset_with_extra_by_yield to 2026-08-03 00:00:00+00:00, run_after=2026-08-04 00:00:00+00:00
[2026-08-04T08:30:42.492+0000] {logging_mixin.py:190} INFO - [2026-08-04T08:30:42.491+0000] {dag.py:4180} INFO - Setting next_dagrun for dataset_with_extra_from_classic_operator to 2026-08-03 00:00:00+00:00, run_after=2026-08-04 00:00:00+00:00
[2026-08-04T08:30:42.513+0000] {processor.py:208} INFO - Processing /home/airflow/.local/lib/python3.12/site-packages/airflow/example_dags/example_outlet_event_extra.py took 0.655 seconds
[2026-08-04T08:31:13.073+0000] {processor.py:186} INFO - Started process (PID=1329) to work on /home/airflow/.local/lib/python3.12/site-packages/airflow/example_dags/example_outlet_event_extra.py
[2026-08-04T08:31:13.075+0000] {processor.py:914} INFO - Processing file /home/airflow/.local/lib/python3.12/site-packages/airflow/example_dags/example_outlet_event_extra.py for tasks to queue
[2026-08-04T08:31:13.078+0000] {logging_mixin.py:190} INFO - [2026-08-04T08:31:13.078+0000] {dagbag.py:588} INFO - Filling up the DagBag from /home/airflow/.local/lib/python3.12/site-packages/airflow/example_dags/example_outlet_event_extra.py
[2026-08-04T08:31:13.684+0000] {processor.py:925} INFO - DAG(s) 'dataset_with_extra_by_context', 'dataset_with_extra_from_classic_operator', 'dataset_with_extra_by_yield' retrieved from /home/airflow/.local/lib/python3.12/site-packages/airflow/example_dags/example_outlet_event_extra.py
[2026-08-04T08:31:13.708+0000] {logging_mixin.py:190} INFO - [2026-08-04T08:31:13.707+0000] {dag.py:3239} INFO - Sync 3 DAGs
[2026-08-04T08:31:13.732+0000] {logging_mixin.py:190} INFO - [2026-08-04T08:31:13.732+0000] {dag.py:4180} INFO - Setting next_dagrun for dataset_with_extra_by_context to 2026-08-03 00:00:00+00:00, run_after=2026-08-04 00:00:00+00:00
[2026-08-04T08:31:13.739+0000] {logging_mixin.py:190} INFO - [2026-08-04T08:31:13.739+0000] {dag.py:4180} INFO - Setting next_dagrun for dataset_with_extra_by_yield to 2026-08-03 00:00:00+00:00, run_after=2026-08-04 00:00:00+00:00
[2026-08-04T08:31:13.742+0000] {logging_mixin.py:190} INFO - [2026-08-04T08:31:13.742+0000] {dag.py:4180} INFO - Setting next_dagrun for dataset_with_extra_from_classic_operator to 2026-08-03 00:00:00+00:00, run_after=2026-08-04 00:00:00+00:00
[2026-08-04T08:31:13.770+0000] {processor.py:208} INFO - Processing /home/airflow/.local/lib/python3.12/site-packages/airflow/example_dags/example_outlet_event_extra.py took 0.705 seconds
[2026-08-04T08:31:44.511+0000] {processor.py:186} INFO - Started process (PID=1400) to work on /home/airflow/.local/lib/python3.12/site-packages/airflow/example_dags/example_outlet_event_extra.py
[2026-08-04T08:31:44.513+0000] {processor.py:914} INFO - Processing file /home/airflow/.local/lib/python3.12/site-packages/airflow/example_dags/example_outlet_event_extra.py for tasks to queue
[2026-08-04T08:31:44.516+0000] {logging_mixin.py:190} INFO - [2026-08-04T08:31:44.515+0000] {dagbag.py:588} INFO - Filling up the DagBag from /home/airflow/.local/lib/python3.12/site-packages/airflow/example_dags/example_outlet_event_extra.py
[2026-08-04T08:31:45.074+0000] {processor.py:925} INFO - DAG(s) 'dataset_with_extra_from_classic_operator', 'dataset_with_extra_by_yield', 'dataset_with_extra_by_context' retrieved from /home/airflow/.local/lib/python3.12/site-packages/airflow/example_dags/example_outlet_event_extra.py
[2026-08-04T08:31:45.097+0000] {logging_mixin.py:190} INFO - [2026-08-04T08:31:45.097+0000] {dag.py:3239} INFO - Sync 3 DAGs
[2026-08-04T08:31:45.122+0000] {logging_mixin.py:190} INFO - [2026-08-04T08:31:45.122+0000] {dag.py:4180} INFO - Setting next_dagrun for dataset_with_extra_by_context to 2026-08-03 00:00:00+00:00, run_after=2026-08-04 00:00:00+00:00
[2026-08-04T08:31:45.128+0000] {logging_mixin.py:190} INFO - [2026-08-04T08:31:45.128+0000] {dag.py:4180} INFO - Setting next_dagrun for dataset_with_extra_by_yield to 2026-08-03 00:00:00+00:00, run_after=2026-08-04 00:00:00+00:00
[2026-08-04T08:31:45.131+0000] {logging_mixin.py:190} INFO - [2026-08-04T08:31:45.131+0000] {dag.py:4180} INFO - Setting next_dagrun for dataset_with_extra_from_classic_operator to 2026-08-03 00:00:00+00:00, run_after=2026-08-04 00:00:00+00:00
[2026-08-04T08:31:45.154+0000] {processor.py:208} INFO - Processing /home/airflow/.local/lib/python3.12/site-packages/airflow/example_dags/example_outlet_event_extra.py took 0.650 seconds
[2026-08-04T08:32:15.760+0000] {processor.py:186} INFO - Started process (PID=1465) to work on /home/airflow/.local/lib/python3.12/site-packages/airflow/example_dags/example_outlet_event_extra.py
[2026-08-04T08:32:15.761+0000] {processor.py:914} INFO - Processing file /home/airflow/.local/lib/python3.12/site-packages/airflow/example_dags/example_outlet_event_extra.py for tasks to queue
[2026-08-04T08:32:15.765+0000] {logging_mixin.py:190} INFO - [2026-08-04T08:32:15.764+0000] {dagbag.py:588} INFO - Filling up the DagBag from /home/airflow/.local/lib/python3.12/site-packages/airflow/example_dags/example_outlet_event_extra.py
[2026-08-04T08:32:16.317+0000] {processor.py:925} INFO - DAG(s) 'dataset_with_extra_by_context', 'dataset_with_extra_from_classic_operator', 'dataset_with_extra_by_yield' retrieved from /home/airflow/.local/lib/python3.12/site-packages/airflow/example_dags/example_outlet_event_extra.py
[2026-08-04T08:32:16.338+0000] {logging_mixin.py:190} INFO - [2026-08-04T08:32:16.338+0000] {dag.py:3239} INFO - Sync 3 DAGs
[2026-08-04T08:32:16.363+0000] {logging_mixin.py:190} INFO - [2026-08-04T08:32:16.362+0000] {dag.py:4180} INFO - Setting next_dagrun for dataset_with_extra_by_context to 2026-08-03 00:00:00+00:00, run_after=2026-08-04 00:00:00+00:00
[2026-08-04T08:32:16.368+0000] {logging_mixin.py:190} INFO - [2026-08-04T08:32:16.368+0000] {dag.py:4180} INFO - Setting next_dagrun for dataset_with_extra_by_yield to 2026-08-03 00:00:00+00:00, run_after=2026-08-04 00:00:00+00:00
[2026-08-04T08:32:16.372+0000] {logging_mixin.py:190} INFO - [2026-08-04T08:32:16.372+0000] {dag.py:4180} INFO - Setting next_dagrun for dataset_with_extra_from_classic_operator to 2026-08-03 00:00:00+00:00, run_after=2026-08-04 00:00:00+00:00
[2026-08-04T08:32:16.393+0000] {processor.py:208} INFO - Processing /home/airflow/.local/lib/python3.12/site-packages/airflow/example_dags/example_outlet_event_extra.py took 0.638 seconds
[2026-08-04T08:32:47.049+0000] {processor.py:186} INFO - Started process (PID=1530) to work on /home/airflow/.local/lib/python3.12/site-packages/airflow/example_dags/example_outlet_event_extra.py
[2026-08-04T08:32:47.051+0000] {processor.py:914} INFO - Processing file /home/airflow/.local/lib/python3.12/site-packages/airflow/example_dags/example_outlet_event_extra.py for tasks to queue
[2026-08-04T08:32:47.055+0000] {logging_mixin.py:190} INFO - [2026-08-04T08:32:47.054+0000] {dagbag.py:588} INFO - Filling up the DagBag from /home/airflow/.local/lib/python3.12/site-packages/airflow/example_dags/example_outlet_event_extra.py
[2026-08-04T08:32:47.703+0000] {processor.py:925} INFO - DAG(s) 'dataset_with_extra_by_context', 'dataset_with_extra_from_classic_operator', 'dataset_with_extra_by_yield' retrieved from /home/airflow/.local/lib/python3.12/site-packages/airflow/example_dags/example_outlet_event_extra.py
[2026-08-04T08:32:47.728+0000] {logging_mixin.py:190} INFO - [2026-08-04T08:32:47.728+0000] {dag.py:3239} INFO - Sync 3 DAGs
[2026-08-04T08:32:47.756+0000] {logging_mixin.py:190} INFO - [2026-08-04T08:32:47.756+0000] {dag.py:4180} INFO - Setting next_dagrun for dataset_with_extra_by_context to 2026-08-03 00:00:00+00:00, run_after=2026-08-04 00:00:00+00:00
[2026-08-04T08:32:47.764+0000] {logging_mixin.py:190} INFO - [2026-08-04T08:32:47.764+0000] {dag.py:4180} INFO - Setting next_dagrun for dataset_with_extra_by_yield to 2026-08-03 00:00:00+00:00, run_after=2026-08-04 00:00:00+00:00
[2026-08-04T08:32:47.768+0000] {logging_mixin.py:190} INFO - [2026-08-04T08:32:47.768+0000] {dag.py:4180} INFO - Setting next_dagrun for dataset_with_extra_from_classic_operator to 2026-08-03 00:00:00+00:00, run_after=2026-08-04 00:00:00+00:00
[2026-08-04T08:32:47.794+0000] {processor.py:208} INFO - Processing /home/airflow/.local/lib/python3.12/site-packages/airflow/example_dags/example_outlet_event_extra.py took 0.752 seconds
[2026-08-04T08:33:18.438+0000] {processor.py:186} INFO - Started process (PID=1595) to work on /home/airflow/.local/lib/python3.12/site-packages/airflow/example_dags/example_outlet_event_extra.py
[2026-08-04T08:33:18.440+0000] {processor.py:914} INFO - Processing file /home/airflow/.local/lib/python3.12/site-packages/airflow/example_dags/example_outlet_event_extra.py for tasks to queue
[2026-08-04T08:33:18.443+0000] {logging_mixin.py:190} INFO - [2026-08-04T08:33:18.443+0000] {dagbag.py:588} INFO - Filling up the DagBag from /home/airflow/.local/lib/python3.12/site-packages/airflow/example_dags/example_outlet_event_extra.py
[2026-08-04T08:33:19.116+0000] {processor.py:925} INFO - DAG(s) 'dataset_with_extra_from_classic_operator', 'dataset_with_extra_by_context', 'dataset_with_extra_by_yield' retrieved from /home/airflow/.local/lib/python3.12/site-packages/airflow/example_dags/example_outlet_event_extra.py
[2026-08-04T08:33:19.139+0000] {logging_mixin.py:190} INFO - [2026-08-04T08:33:19.139+0000] {dag.py:3239} INFO - Sync 3 DAGs
[2026-08-04T08:33:19.166+0000] {logging_mixin.py:190} INFO - [2026-08-04T08:33:19.166+0000] {dag.py:4180} INFO - Setting next_dagrun for dataset_with_extra_by_context to 2026-08-03 00:00:00+00:00, run_after=2026-08-04 00:00:00+00:00
[2026-08-04T08:33:19.172+0000] {logging_mixin.py:190} INFO - [2026-08-04T08:33:19.172+0000] {dag.py:4180} INFO - Setting next_dagrun for dataset_with_extra_by_yield to 2026-08-03 00:00:00+00:00, run_after=2026-08-04 00:00:00+00:00
[2026-08-04T08:33:19.176+0000] {logging_mixin.py:190} INFO - [2026-08-04T08:33:19.175+0000] {dag.py:4180} INFO - Setting next_dagrun for dataset_with_extra_from_classic_operator to 2026-08-03 00:00:00+00:00, run_after=2026-08-04 00:00:00+00:00
[2026-08-04T08:33:19.198+0000] {processor.py:208} INFO - Processing /home/airflow/.local/lib/python3.12/site-packages/airflow/example_dags/example_outlet_event_extra.py took 0.766 seconds
[2026-08-04T08:33:49.714+0000] {processor.py:186} INFO - Started process (PID=1660) to work on /home/airflow/.local/lib/python3.12/site-packages/airflow/example_dags/example_outlet_event_extra.py
[2026-08-04T08:33:49.716+0000] {processor.py:914} INFO - Processing file /home/airflow/.local/lib/python3.12/site-packages/airflow/example_dags/example_outlet_event_extra.py for tasks to queue
[2026-08-04T08:33:49.718+0000] {logging_mixin.py:190} INFO - [2026-08-04T08:33:49.718+0000] {dagbag.py:588} INFO - Filling up the DagBag from /home/airflow/.local/lib/python3.12/site-packages/airflow/example_dags/example_outlet_event_extra.py
[2026-08-04T08:33:50.339+0000] {processor.py:925} INFO - DAG(s) 'dataset_with_extra_by_context', 'dataset_with_extra_from_classic_operator', 'dataset_with_extra_by_yield' retrieved from /home/airflow/.local/lib/python3.12/site-packages/airflow/example_dags/example_outlet_event_extra.py
[2026-08-04T08:33:50.367+0000] {logging_mixin.py:190} INFO - [2026-08-04T08:33:50.366+0000] {dag.py:3239} INFO - Sync 3 DAGs
[2026-08-04T08:33:50.395+0000] {logging_mixin.py:190} INFO - [2026-08-04T08:33:50.395+0000] {dag.py:4180} INFO - Setting next_dagrun for dataset_with_extra_by_context to 2026-08-03 00:00:00+00:00, run_after=2026-08-04 00:00:00+00:00
[2026-08-04T08:33:50.402+0000] {logging_mixin.py:190} INFO - [2026-08-04T08:33:50.402+0000] {dag.py:4180} INFO - Setting next_dagrun for dataset_with_extra_by_yield to 2026-08-03 00:00:00+00:00, run_after=2026-08-04 00:00:00+00:00
[2026-08-04T08:33:50.405+0000] {logging_mixin.py:190} INFO - [2026-08-04T08:33:50.405+0000] {dag.py:4180} INFO - Setting next_dagrun for dataset_with_extra_from_classic_operator to 2026-08-03 00:00:00+00:00, run_after=2026-08-04 00:00:00+00:00
[2026-08-04T08:33:50.427+0000] {processor.py:208} INFO - Processing /home/airflow/.local/lib/python3.12/site-packages/airflow/example_dags/example_outlet_event_extra.py took 0.719 seconds
[2026-08-04T08:34:21.133+0000] {processor.py:186} INFO - Started process (PID=1725) to work on /home/airflow/.local/lib/python3.12/site-packages/airflow/example_dags/example_outlet_event_extra.py
[2026-08-04T08:34:21.135+0000] {processor.py:914} INFO - Processing file /home/airflow/.local/lib/python3.12/site-packages/airflow/example_dags/example_outlet_event_extra.py for tasks to queue
[2026-08-04T08:34:21.138+0000] {logging_mixin.py:190} INFO - [2026-08-04T08:34:21.138+0000] {dagbag.py:588} INFO - Filling up the DagBag from /home/airflow/.local/lib/python3.12/site-packages/airflow/example_dags/example_outlet_event_extra.py
[2026-08-04T08:34:21.731+0000] {processor.py:925} INFO - DAG(s) 'dataset_with_extra_from_classic_operator', 'dataset_with_extra_by_yield', 'dataset_with_extra_by_context' retrieved from /home/airflow/.local/lib/python3.12/site-packages/airflow/example_dags/example_outlet_event_extra.py
[2026-08-04T08:34:21.754+0000] {logging_mixin.py:190} INFO - [2026-08-04T08:34:21.754+0000] {dag.py:3239} INFO - Sync 3 DAGs
[2026-08-04T08:34:21.780+0000] {logging_mixin.py:190} INFO - [2026-08-04T08:34:21.779+0000] {dag.py:4180} INFO - Setting next_dagrun for dataset_with_extra_by_context to 2026-08-03 00:00:00+00:00, run_after=2026-08-04 00:00:00+00:00
[2026-08-04T08:34:21.785+0000] {logging_mixin.py:190} INFO - [2026-08-04T08:34:21.785+0000] {dag.py:4180} INFO - Setting next_dagrun for dataset_with_extra_by_yield to 2026-08-03 00:00:00+00:00, run_after=2026-08-04 00:00:00+00:00
[2026-08-04T08:34:21.789+0000] {logging_mixin.py:190} INFO - [2026-08-04T08:34:21.788+0000] {dag.py:4180} INFO - Setting next_dagrun for dataset_with_extra_from_classic_operator to 2026-08-03 00:00:00+00:00, run_after=2026-08-04 00:00:00+00:00
[2026-08-04T08:34:21.812+0000] {processor.py:208} INFO - Processing /home/airflow/.local/lib/python3.12/site-packages/airflow/example_dags/example_outlet_event_extra.py took 0.687 seconds
[2026-08-04T08:34:52.670+0000] {processor.py:186} INFO - Started process (PID=1790) to work on /home/airflow/.local/lib/python3.12/site-packages/airflow/example_dags/example_outlet_event_extra.py
[2026-08-04T08:34:52.671+0000] {processor.py:914} INFO - Processing file /home/airflow/.local/lib/python3.12/site-packages/airflow/example_dags/example_outlet_event_extra.py for tasks to queue
[2026-08-04T08:34:52.673+0000] {logging_mixin.py:190} INFO - [2026-08-04T08:34:52.673+0000] {dagbag.py:588} INFO - Filling up the DagBag from /home/airflow/.local/lib/python3.12/site-packages/airflow/example_dags/example_outlet_event_extra.py
[2026-08-04T08:34:53.201+0000] {processor.py:925} INFO - DAG(s) 'dataset_with_extra_by_yield', 'dataset_with_extra_by_context', 'dataset_with_extra_from_classic_operator' retrieved from /home/airflow/.local/lib/python3.12/site-packages/airflow/example_dags/example_outlet_event_extra.py
[2026-08-04T08:34:53.223+0000] {logging_mixin.py:190} INFO - [2026-08-04T08:34:53.223+0000] {dag.py:3239} INFO - Sync 3 DAGs
[2026-08-04T08:34:53.246+0000] {logging_mixin.py:190} INFO - [2026-08-04T08:34:53.246+0000] {dag.py:4180} INFO - Setting next_dagrun for dataset_with_extra_by_context to 2026-08-03 00:00:00+00:00, run_after=2026-08-04 00:00:00+00:00
[2026-08-04T08:34:53.252+0000] {logging_mixin.py:190} INFO - [2026-08-04T08:34:53.251+0000] {dag.py:4180} INFO - Setting next_dagrun for dataset_with_extra_by_yield to 2026-08-03 00:00:00+00:00, run_after=2026-08-04 00:00:00+00:00
[2026-08-04T08:34:53.255+0000] {logging_mixin.py:190} INFO - [2026-08-04T08:34:53.255+0000] {dag.py:4180} INFO - Setting next_dagrun for dataset_with_extra_from_classic_operator to 2026-08-03 00:00:00+00:00, run_after=2026-08-04 00:00:00+00:00
[2026-08-04T08:34:53.276+0000] {processor.py:208} INFO - Processing /home/airflow/.local/lib/python3.12/site-packages/airflow/example_dags/example_outlet_event_extra.py took 0.612 seconds
[2026-08-04T08:35:23.688+0000] {processor.py:186} INFO - Started process (PID=1855) to work on /home/airflow/.local/lib/python3.12/site-packages/airflow/example_dags/example_outlet_event_extra.py
[2026-08-04T08:35:23.694+0000] {processor.py:914} INFO - Processing file /home/airflow/.local/lib/python3.12/site-packages/airflow/example_dags/example_outlet_event_extra.py for tasks to queue
[2026-08-04T08:35:23.698+0000] {logging_mixin.py:190} INFO - [2026-08-04T08:35:23.698+0000] {dagbag.py:588} INFO - Filling up the DagBag from /home/airflow/.local/lib/python3.12/site-packages/airflow/example_dags/example_outlet_event_extra.py
[2026-08-04T08:35:24.333+0000] {processor.py:925} INFO - DAG(s) 'dataset_with_extra_from_classic_operator', 'dataset_with_extra_by_context', 'dataset_with_extra_by_yield' retrieved from /home/airflow/.local/lib/python3.12/site-packages/airflow/example_dags/example_outlet_event_extra.py
[2026-08-04T08:35:24.361+0000] {logging_mixin.py:190} INFO - [2026-08-04T08:35:24.361+0000] {dag.py:3239} INFO - Sync 3 DAGs
[2026-08-04T08:35:24.387+0000] {logging_mixin.py:190} INFO - [2026-08-04T08:35:24.387+0000] {dag.py:4180} INFO - Setting next_dagrun for dataset_with_extra_by_context to 2026-08-03 00:00:00+00:00, run_after=2026-08-04 00:00:00+00:00
[2026-08-04T08:35:24.393+0000] {logging_mixin.py:190} INFO - [2026-08-04T08:35:24.393+0000] {dag.py:4180} INFO - Setting next_dagrun for dataset_with_extra_by_yield to 2026-08-03 00:00:00+00:00, run_after=2026-08-04 00:00:00+00:00
[2026-08-04T08:35:24.397+0000] {logging_mixin.py:190} INFO - [2026-08-04T08:35:24.397+0000] {dag.py:4180} INFO - Setting next_dagrun for dataset_with_extra_from_classic_operator to 2026-08-03 00:00:00+00:00, run_after=2026-08-04 00:00:00+00:00
[2026-08-04T08:35:24.421+0000] {processor.py:208} INFO - Processing /home/airflow/.local/lib/python3.12/site-packages/airflow/example_dags/example_outlet_event_extra.py took 0.743 seconds
[2026-08-04T08:35:55.121+0000] {processor.py:186} INFO - Started process (PID=1920) to work on /home/airflow/.local/lib/python3.12/site-packages/airflow/example_dags/example_outlet_event_extra.py
[2026-08-04T08:35:55.123+0000] {processor.py:914} INFO - Processing file /home/airflow/.local/lib/python3.12/site-packages/airflow/example_dags/example_outlet_event_extra.py for tasks to queue
[2026-08-04T08:35:55.126+0000] {logging_mixin.py:190} INFO - [2026-08-04T08:35:55.126+0000] {dagbag.py:588} INFO - Filling up the DagBag from /home/airflow/.local/lib/python3.12/site-packages/airflow/example_dags/example_outlet_event_extra.py
[2026-08-04T08:35:55.800+0000] {processor.py:925} INFO - DAG(s) 'dataset_with_extra_by_context', 'dataset_with_extra_by_yield', 'dataset_with_extra_from_classic_operator' retrieved from /home/airflow/.local/lib/python3.12/site-packages/airflow/example_dags/example_outlet_event_extra.py
[2026-08-04T08:35:55.830+0000] {logging_mixin.py:190} INFO - [2026-08-04T08:35:55.829+0000] {dag.py:3239} INFO - Sync 3 DAGs
[2026-08-04T08:35:55.861+0000] {logging_mixin.py:190} INFO - [2026-08-04T08:35:55.861+0000] {dag.py:4180} INFO - Setting next_dagrun for dataset_with_extra_by_context to 2026-08-03 00:00:00+00:00, run_after=2026-08-04 00:00:00+00:00
[2026-08-04T08:35:55.869+0000] {logging_mixin.py:190} INFO - [2026-08-04T08:35:55.869+0000] {dag.py:4180} INFO - Setting next_dagrun for dataset_with_extra_by_yield to 2026-08-03 00:00:00+00:00, run_after=2026-08-04 00:00:00+00:00
[2026-08-04T08:35:55.872+0000] {logging_mixin.py:190} INFO - [2026-08-04T08:35:55.872+0000] {dag.py:4180} INFO - Setting next_dagrun for dataset_with_extra_from_classic_operator to 2026-08-03 00:00:00+00:00, run_after=2026-08-04 00:00:00+00:00
[2026-08-04T08:35:55.898+0000] {processor.py:208} INFO - Processing /home/airflow/.local/lib/python3.12/site-packages/airflow/example_dags/example_outlet_event_extra.py took 0.788 seconds
[2026-08-04T08:36:25.987+0000] {processor.py:186} INFO - Started process (PID=1986) to work on /home/airflow/.local/lib/python3.12/site-packages/airflow/example_dags/example_outlet_event_extra.py
[2026-08-04T08:36:25.988+0000] {processor.py:914} INFO - Processing file /home/airflow/.local/lib/python3.12/site-packages/airflow/example_dags/example_outlet_event_extra.py for tasks to queue
[2026-08-04T08:36:25.991+0000] {logging_mixin.py:190} INFO - [2026-08-04T08:36:25.991+0000] {dagbag.py:588} INFO - Filling up the DagBag from /home/airflow/.local/lib/python3.12/site-packages/airflow/example_dags/example_outlet_event_extra.py
[2026-08-04T08:36:26.624+0000] {processor.py:925} INFO - DAG(s) 'dataset_with_extra_by_yield', 'dataset_with_extra_by_context', 'dataset_with_extra_from_classic_operator' retrieved from /home/airflow/.local/lib/python3.12/site-packages/airflow/example_dags/example_outlet_event_extra.py
[2026-08-04T08:36:26.654+0000] {logging_mixin.py:190} INFO - [2026-08-04T08:36:26.654+0000] {dag.py:3239} INFO - Sync 3 DAGs
[2026-08-04T08:36:26.684+0000] {logging_mixin.py:190} INFO - [2026-08-04T08:36:26.684+0000] {dag.py:4180} INFO - Setting next_dagrun for dataset_with_extra_by_context to 2026-08-03 00:00:00+00:00, run_after=2026-08-04 00:00:00+00:00
[2026-08-04T08:36:26.691+0000] {logging_mixin.py:190} INFO - [2026-08-04T08:36:26.691+0000] {dag.py:4180} INFO - Setting next_dagrun for dataset_with_extra_by_yield to 2026-08-03 00:00:00+00:00, run_after=2026-08-04 00:00:00+00:00
[2026-08-04T08:36:26.695+0000] {logging_mixin.py:190} INFO - [2026-08-04T08:36:26.695+0000] {dag.py:4180} INFO - Setting next_dagrun for dataset_with_extra_from_classic_operator to 2026-08-03 00:00:00+00:00, run_after=2026-08-04 00:00:00+00:00
[2026-08-04T08:36:26.719+0000] {processor.py:208} INFO - Processing /home/airflow/.local/lib/python3.12/site-packages/airflow/example_dags/example_outlet_event_extra.py took 0.739 seconds
[2026-08-04T08:36:57.095+0000] {processor.py:186} INFO - Started process (PID=2050) to work on /home/airflow/.local/lib/python3.12/site-packages/airflow/example_dags/example_outlet_event_extra.py
[2026-08-04T08:36:57.096+0000] {processor.py:914} INFO - Processing file /home/airflow/.local/lib/python3.12/site-packages/airflow/example_dags/example_outlet_event_extra.py for tasks to queue
[2026-08-04T08:36:57.099+0000] {logging_mixin.py:190} INFO - [2026-08-04T08:36:57.099+0000] {dagbag.py:588} INFO - Filling up the DagBag from /home/airflow/.local/lib/python3.12/site-packages/airflow/example_dags/example_outlet_event_extra.py
[2026-08-04T08:36:57.630+0000] {processor.py:925} INFO - DAG(s) 'dataset_with_extra_by_yield', 'dataset_with_extra_from_classic_operator', 'dataset_with_extra_by_context' retrieved from /home/airflow/.local/lib/python3.12/site-packages/airflow/example_dags/example_outlet_event_extra.py
[2026-08-04T08:36:57.653+0000] {logging_mixin.py:190} INFO - [2026-08-04T08:36:57.653+0000] {dag.py:3239} INFO - Sync 3 DAGs
[2026-08-04T08:36:57.678+0000] {logging_mixin.py:190} INFO - [2026-08-04T08:36:57.677+0000] {dag.py:4180} INFO - Setting next_dagrun for dataset_with_extra_by_context to 2026-08-03 00:00:00+00:00, run_after=2026-08-04 00:00:00+00:00
[2026-08-04T08:36:57.683+0000] {logging_mixin.py:190} INFO - [2026-08-04T08:36:57.683+0000] {dag.py:4180} INFO - Setting next_dagrun for dataset_with_extra_by_yield to 2026-08-03 00:00:00+00:00, run_after=2026-08-04 00:00:00+00:00
[2026-08-04T08:36:57.687+0000] {logging_mixin.py:190} INFO - [2026-08-04T08:36:57.687+0000] {dag.py:4180} INFO - Setting next_dagrun for dataset_with_extra_from_classic_operator to 2026-08-03 00:00:00+00:00, run_after=2026-08-04 00:00:00+00:00
[2026-08-04T08:36:57.708+0000] {processor.py:208} INFO - Processing /home/airflow/.local/lib/python3.12/site-packages/airflow/example_dags/example_outlet_event_extra.py took 0.619 seconds
[2026-08-04T08:37:27.874+0000] {processor.py:186} INFO - Started process (PID=2115) to work on /home/airflow/.local/lib/python3.12/site-packages/airflow/example_dags/example_outlet_event_extra.py
[2026-08-04T08:37:27.876+0000] {processor.py:914} INFO - Processing file /home/airflow/.local/lib/python3.12/site-packages/airflow/example_dags/example_outlet_event_extra.py for tasks to queue
[2026-08-04T08:37:27.879+0000] {logging_mixin.py:190} INFO - [2026-08-04T08:37:27.879+0000] {dagbag.py:588} INFO - Filling up the DagBag from /home/airflow/.local/lib/python3.12/site-packages/airflow/example_dags/example_outlet_event_extra.py
[2026-08-04T08:37:28.516+0000] {processor.py:925} INFO - DAG(s) 'dataset_with_extra_from_classic_operator', 'dataset_with_extra_by_context', 'dataset_with_extra_by_yield' retrieved from /home/airflow/.local/lib/python3.12/site-packages/airflow/example_dags/example_outlet_event_extra.py
[2026-08-04T08:37:28.541+0000] {logging_mixin.py:190} INFO - [2026-08-04T08:37:28.541+0000] {dag.py:3239} INFO - Sync 3 DAGs
[2026-08-04T08:37:28.573+0000] {logging_mixin.py:190} INFO - [2026-08-04T08:37:28.573+0000] {dag.py:4180} INFO - Setting next_dagrun for dataset_with_extra_by_context to 2026-08-03 00:00:00+00:00, run_after=2026-08-04 00:00:00+00:00
[2026-08-04T08:37:28.580+0000] {logging_mixin.py:190} INFO - [2026-08-04T08:37:28.580+0000] {dag.py:4180} INFO - Setting next_dagrun for dataset_with_extra_by_yield to 2026-08-03 00:00:00+00:00, run_after=2026-08-04 00:00:00+00:00
[2026-08-04T08:37:28.584+0000] {logging_mixin.py:190} INFO - [2026-08-04T08:37:28.584+0000] {dag.py:4180} INFO - Setting next_dagrun for dataset_with_extra_from_classic_operator to 2026-08-03 00:00:00+00:00, run_after=2026-08-04 00:00:00+00:00
[2026-08-04T08:37:28.624+0000] {processor.py:208} INFO - Processing /home/airflow/.local/lib/python3.12/site-packages/airflow/example_dags/example_outlet_event_extra.py took 0.758 seconds
[2026-08-04T08:37:59.498+0000] {processor.py:186} INFO - Started process (PID=2180) to work on /home/airflow/.local/lib/python3.12/site-packages/airflow/example_dags/example_outlet_event_extra.py
[2026-08-04T08:37:59.499+0000] {processor.py:914} INFO - Processing file /home/airflow/.local/lib/python3.12/site-packages/airflow/example_dags/example_outlet_event_extra.py for tasks to queue
[2026-08-04T08:37:59.502+0000] {logging_mixin.py:190} INFO - [2026-08-04T08:37:59.502+0000] {dagbag.py:588} INFO - Filling up the DagBag from /home/airflow/.local/lib/python3.12/site-packages/airflow/example_dags/example_outlet_event_extra.py
[2026-08-04T08:38:00.091+0000] {processor.py:925} INFO - DAG(s) 'dataset_with_extra_by_yield', 'dataset_with_extra_from_classic_operator', 'dataset_with_extra_by_context' retrieved from /home/airflow/.local/lib/python3.12/site-packages/airflow/example_dags/example_outlet_event_extra.py
[2026-08-04T08:38:00.117+0000] {logging_mixin.py:190} INFO - [2026-08-04T08:38:00.117+0000] {dag.py:3239} INFO - Sync 3 DAGs
[2026-08-04T08:38:00.144+0000] {logging_mixin.py:190} INFO - [2026-08-04T08:38:00.144+0000] {dag.py:4180} INFO - Setting next_dagrun for dataset_with_extra_by_context to 2026-08-03 00:00:00+00:00, run_after=2026-08-04 00:00:00+00:00
[2026-08-04T08:38:00.158+0000] {logging_mixin.py:190} INFO - [2026-08-04T08:38:00.158+0000] {dag.py:4180} INFO - Setting next_dagrun for dataset_with_extra_by_yield to 2026-08-03 00:00:00+00:00, run_after=2026-08-04 00:00:00+00:00
[2026-08-04T08:38:00.162+0000] {logging_mixin.py:190} INFO - [2026-08-04T08:38:00.161+0000] {dag.py:4180} INFO - Setting next_dagrun for dataset_with_extra_from_classic_operator to 2026-08-03 00:00:00+00:00, run_after=2026-08-04 00:00:00+00:00
[2026-08-04T08:38:00.185+0000] {processor.py:208} INFO - Processing /home/airflow/.local/lib/python3.12/site-packages/airflow/example_dags/example_outlet_event_extra.py took 0.694 seconds
[2026-08-04T08:38:30.833+0000] {processor.py:186} INFO - Started process (PID=2245) to work on /home/airflow/.local/lib/python3.12/site-packages/airflow/example_dags/example_outlet_event_extra.py
[2026-08-04T08:38:30.835+0000] {processor.py:914} INFO - Processing file /home/airflow/.local/lib/python3.12/site-packages/airflow/example_dags/example_outlet_event_extra.py for tasks to queue
[2026-08-04T08:38:30.838+0000] {logging_mixin.py:190} INFO - [2026-08-04T08:38:30.838+0000] {dagbag.py:588} INFO - Filling up the DagBag from /home/airflow/.local/lib/python3.12/site-packages/airflow/example_dags/example_outlet_event_extra.py
[2026-08-04T08:38:31.403+0000] {processor.py:925} INFO - DAG(s) 'dataset_with_extra_from_classic_operator', 'dataset_with_extra_by_yield', 'dataset_with_extra_by_context' retrieved from /home/airflow/.local/lib/python3.12/site-packages/airflow/example_dags/example_outlet_event_extra.py
[2026-08-04T08:38:31.426+0000] {logging_mixin.py:190} INFO - [2026-08-04T08:38:31.426+0000] {dag.py:3239} INFO - Sync 3 DAGs
[2026-08-04T08:38:31.450+0000] {logging_mixin.py:190} INFO - [2026-08-04T08:38:31.450+0000] {dag.py:4180} INFO - Setting next_dagrun for dataset_with_extra_by_context to 2026-08-03 00:00:00+00:00, run_after=2026-08-04 00:00:00+00:00
[2026-08-04T08:38:31.456+0000] {logging_mixin.py:190} INFO - [2026-08-04T08:38:31.456+0000] {dag.py:4180} INFO - Setting next_dagrun for dataset_with_extra_by_yield to 2026-08-03 00:00:00+00:00, run_after=2026-08-04 00:00:00+00:00
[2026-08-04T08:38:31.460+0000] {logging_mixin.py:190} INFO - [2026-08-04T08:38:31.459+0000] {dag.py:4180} INFO - Setting next_dagrun for dataset_with_extra_from_classic_operator to 2026-08-03 00:00:00+00:00, run_after=2026-08-04 00:00:00+00:00
[2026-08-04T08:38:31.484+0000] {processor.py:208} INFO - Processing /home/airflow/.local/lib/python3.12/site-packages/airflow/example_dags/example_outlet_event_extra.py took 0.658 seconds
[2026-08-04T08:39:02.199+0000] {processor.py:186} INFO - Started process (PID=2312) to work on /home/airflow/.local/lib/python3.12/site-packages/airflow/example_dags/example_outlet_event_extra.py
[2026-08-04T08:39:02.201+0000] {processor.py:914} INFO - Processing file /home/airflow/.local/lib/python3.12/site-packages/airflow/example_dags/example_outlet_event_extra.py for tasks to queue
[2026-08-04T08:39:02.203+0000] {logging_mixin.py:190} INFO - [2026-08-04T08:39:02.203+0000] {dagbag.py:588} INFO - Filling up the DagBag from /home/airflow/.local/lib/python3.12/site-packages/airflow/example_dags/example_outlet_event_extra.py
[2026-08-04T08:39:02.754+0000] {processor.py:925} INFO - DAG(s) 'dataset_with_extra_by_context', 'dataset_with_extra_by_yield', 'dataset_with_extra_from_classic_operator' retrieved from /home/airflow/.local/lib/python3.12/site-packages/airflow/example_dags/example_outlet_event_extra.py
[2026-08-04T08:39:02.780+0000] {logging_mixin.py:190} INFO - [2026-08-04T08:39:02.779+0000] {dag.py:3239} INFO - Sync 3 DAGs
[2026-08-04T08:39:02.804+0000] {logging_mixin.py:190} INFO - [2026-08-04T08:39:02.804+0000] {dag.py:4180} INFO - Setting next_dagrun for dataset_with_extra_by_context to 2026-08-03 00:00:00+00:00, run_after=2026-08-04 00:00:00+00:00
[2026-08-04T08:39:02.810+0000] {logging_mixin.py:190} INFO - [2026-08-04T08:39:02.809+0000] {dag.py:4180} INFO - Setting next_dagrun for dataset_with_extra_by_yield to 2026-08-03 00:00:00+00:00, run_after=2026-08-04 00:00:00+00:00
[2026-08-04T08:39:02.813+0000] {logging_mixin.py:190} INFO - [2026-08-04T08:39:02.813+0000] {dag.py:4180} INFO - Setting next_dagrun for dataset_with_extra_from_classic_operator to 2026-08-03 00:00:00+00:00, run_after=2026-08-04 00:00:00+00:00
[2026-08-04T08:39:02.834+0000] {processor.py:208} INFO - Processing /home/airflow/.local/lib/python3.12/site-packages/airflow/example_dags/example_outlet_event_extra.py took 0.642 seconds
[2026-08-04T08:39:33.308+0000] {processor.py:186} INFO - Started process (PID=2382) to work on /home/airflow/.local/lib/python3.12/site-packages/airflow/example_dags/example_outlet_event_extra.py
[2026-08-04T08:39:33.310+0000] {processor.py:914} INFO - Processing file /home/airflow/.local/lib/python3.12/site-packages/airflow/example_dags/example_outlet_event_extra.py for tasks to queue
[2026-08-04T08:39:33.312+0000] {logging_mixin.py:190} INFO - [2026-08-04T08:39:33.312+0000] {dagbag.py:588} INFO - Filling up the DagBag from /home/airflow/.local/lib/python3.12/site-packages/airflow/example_dags/example_outlet_event_extra.py
[2026-08-04T08:39:33.808+0000] {processor.py:925} INFO - DAG(s) 'dataset_with_extra_from_classic_operator', 'dataset_with_extra_by_yield', 'dataset_with_extra_by_context' retrieved from /home/airflow/.local/lib/python3.12/site-packages/airflow/example_dags/example_outlet_event_extra.py
[2026-08-04T08:39:33.833+0000] {logging_mixin.py:190} INFO - [2026-08-04T08:39:33.833+0000] {dag.py:3239} INFO - Sync 3 DAGs
[2026-08-04T08:39:33.858+0000] {logging_mixin.py:190} INFO - [2026-08-04T08:39:33.858+0000] {dag.py:4180} INFO - Setting next_dagrun for dataset_with_extra_by_context to 2026-08-03 00:00:00+00:00, run_after=2026-08-04 00:00:00+00:00
[2026-08-04T08:39:33.864+0000] {logging_mixin.py:190} INFO - [2026-08-04T08:39:33.863+0000] {dag.py:4180} INFO - Setting next_dagrun for dataset_with_extra_by_yield to 2026-08-03 00:00:00+00:00, run_after=2026-08-04 00:00:00+00:00
[2026-08-04T08:39:33.867+0000] {logging_mixin.py:190} INFO - [2026-08-04T08:39:33.867+0000] {dag.py:4180} INFO - Setting next_dagrun for dataset_with_extra_from_classic_operator to 2026-08-03 00:00:00+00:00, run_after=2026-08-04 00:00:00+00:00
[2026-08-04T08:39:33.887+0000] {processor.py:208} INFO - Processing /home/airflow/.local/lib/python3.12/site-packages/airflow/example_dags/example_outlet_event_extra.py took 0.584 seconds
[2026-08-04T08:40:04.176+0000] {processor.py:186} INFO - Started process (PID=2445) to work on /home/airflow/.local/lib/python3.12/site-packages/airflow/example_dags/example_outlet_event_extra.py
[2026-08-04T08:40:04.177+0000] {processor.py:914} INFO - Processing file /home/airflow/.local/lib/python3.12/site-packages/airflow/example_dags/example_outlet_event_extra.py for tasks to queue
[2026-08-04T08:40:04.180+0000] {logging_mixin.py:190} INFO - [2026-08-04T08:40:04.180+0000] {dagbag.py:588} INFO - Filling up the DagBag from /home/airflow/.local/lib/python3.12/site-packages/airflow/example_dags/example_outlet_event_extra.py
[2026-08-04T08:40:04.792+0000] {processor.py:925} INFO - DAG(s) 'dataset_with_extra_from_classic_operator', 'dataset_with_extra_by_context', 'dataset_with_extra_by_yield' retrieved from /home/airflow/.local/lib/python3.12/site-packages/airflow/example_dags/example_outlet_event_extra.py
[2026-08-04T08:40:04.816+0000] {logging_mixin.py:190} INFO - [2026-08-04T08:40:04.816+0000] {dag.py:3239} INFO - Sync 3 DAGs
[2026-08-04T08:40:04.840+0000] {logging_mixin.py:190} INFO - [2026-08-04T08:40:04.840+0000] {dag.py:4180} INFO - Setting next_dagrun for dataset_with_extra_by_context to 2026-08-03 00:00:00+00:00, run_after=2026-08-04 00:00:00+00:00
[2026-08-04T08:40:04.846+0000] {logging_mixin.py:190} INFO - [2026-08-04T08:40:04.846+0000] {dag.py:4180} INFO - Setting next_dagrun for dataset_with_extra_by_yield to 2026-08-03 00:00:00+00:00, run_after=2026-08-04 00:00:00+00:00
[2026-08-04T08:40:04.849+0000] {logging_mixin.py:190} INFO - [2026-08-04T08:40:04.849+0000] {dag.py:4180} INFO - Setting next_dagrun for dataset_with_extra_from_classic_operator to 2026-08-03 00:00:00+00:00, run_after=2026-08-04 00:00:00+00:00
[2026-08-04T08:40:04.885+0000] {processor.py:208} INFO - Processing /home/airflow/.local/lib/python3.12/site-packages/airflow/example_dags/example_outlet_event_extra.py took 0.716 seconds
[2026-08-04T08:40:35.448+0000] {processor.py:186} INFO - Started process (PID=2510) to work on /home/airflow/.local/lib/python3.12/site-packages/airflow/example_dags/example_outlet_event_extra.py
[2026-08-04T08:40:35.449+0000] {processor.py:914} INFO - Processing file /home/airflow/.local/lib/python3.12/site-packages/airflow/example_dags/example_outlet_event_extra.py for tasks to queue
[2026-08-04T08:40:35.452+0000] {logging_mixin.py:190} INFO - [2026-08-04T08:40:35.452+0000] {dagbag.py:588} INFO - Filling up the DagBag from /home/airflow/.local/lib/python3.12/site-packages/airflow/example_dags/example_outlet_event_extra.py
[2026-08-04T08:40:36.030+0000] {processor.py:925} INFO - DAG(s) 'dataset_with_extra_by_context', 'dataset_with_extra_from_classic_operator', 'dataset_with_extra_by_yield' retrieved from /home/airflow/.local/lib/python3.12/site-packages/airflow/example_dags/example_outlet_event_extra.py
[2026-08-04T08:40:36.055+0000] {logging_mixin.py:190} INFO - [2026-08-04T08:40:36.054+0000] {dag.py:3239} INFO - Sync 3 DAGs
[2026-08-04T08:40:36.081+0000] {logging_mixin.py:190} INFO - [2026-08-04T08:40:36.080+0000] {dag.py:4180} INFO - Setting next_dagrun for dataset_with_extra_by_context to 2026-08-03 00:00:00+00:00, run_after=2026-08-04 00:00:00+00:00
[2026-08-04T08:40:36.088+0000] {logging_mixin.py:190} INFO - [2026-08-04T08:40:36.087+0000] {dag.py:4180} INFO - Setting next_dagrun for dataset_with_extra_by_yield to 2026-08-03 00:00:00+00:00, run_after=2026-08-04 00:00:00+00:00
[2026-08-04T08:40:36.091+0000] {logging_mixin.py:190} INFO - [2026-08-04T08:40:36.091+0000] {dag.py:4180} INFO - Setting next_dagrun for dataset_with_extra_from_classic_operator to 2026-08-03 00:00:00+00:00, run_after=2026-08-04 00:00:00+00:00
[2026-08-04T08:40:36.114+0000] {processor.py:208} INFO - Processing /home/airflow/.local/lib/python3.12/site-packages/airflow/example_dags/example_outlet_event_extra.py took 0.672 seconds
[2026-08-04T08:41:06.170+0000] {processor.py:186} INFO - Started process (PID=2575) to work on /home/airflow/.local/lib/python3.12/site-packages/airflow/example_dags/example_outlet_event_extra.py
[2026-08-04T08:41:06.172+0000] {processor.py:914} INFO - Processing file /home/airflow/.local/lib/python3.12/site-packages/airflow/example_dags/example_outlet_event_extra.py for tasks to queue
[2026-08-04T08:41:06.174+0000] {logging_mixin.py:190} INFO - [2026-08-04T08:41:06.174+0000] {dagbag.py:588} INFO - Filling up the DagBag from /home/airflow/.local/lib/python3.12/site-packages/airflow/example_dags/example_outlet_event_extra.py
[2026-08-04T08:41:06.762+0000] {processor.py:925} INFO - DAG(s) 'dataset_with_extra_by_context', 'dataset_with_extra_from_classic_operator', 'dataset_with_extra_by_yield' retrieved from /home/airflow/.local/lib/python3.12/site-packages/airflow/example_dags/example_outlet_event_extra.py
[2026-08-04T08:41:06.788+0000] {logging_mixin.py:190} INFO - [2026-08-04T08:41:06.787+0000] {dag.py:3239} INFO - Sync 3 DAGs
[2026-08-04T08:41:06.814+0000] {logging_mixin.py:190} INFO - [2026-08-04T08:41:06.813+0000] {dag.py:4180} INFO - Setting next_dagrun for dataset_with_extra_by_context to 2026-08-03 00:00:00+00:00, run_after=2026-08-04 00:00:00+00:00
[2026-08-04T08:41:06.821+0000] {logging_mixin.py:190} INFO - [2026-08-04T08:41:06.820+0000] {dag.py:4180} INFO - Setting next_dagrun for dataset_with_extra_by_yield to 2026-08-03 00:00:00+00:00, run_after=2026-08-04 00:00:00+00:00
[2026-08-04T08:41:06.824+0000] {logging_mixin.py:190} INFO - [2026-08-04T08:41:06.824+0000] {dag.py:4180} INFO - Setting next_dagrun for dataset_with_extra_from_classic_operator to 2026-08-03 00:00:00+00:00, run_after=2026-08-04 00:00:00+00:00
[2026-08-04T08:41:06.848+0000] {processor.py:208} INFO - Processing /home/airflow/.local/lib/python3.12/site-packages/airflow/example_dags/example_outlet_event_extra.py took 0.684 seconds
[2026-08-04T08:41:38.131+0000] {processor.py:186} INFO - Started process (PID=2645) to work on /home/airflow/.local/lib/python3.12/site-packages/airflow/example_dags/example_outlet_event_extra.py
[2026-08-04T08:41:38.132+0000] {processor.py:914} INFO - Processing file /home/airflow/.local/lib/python3.12/site-packages/airflow/example_dags/example_outlet_event_extra.py for tasks to queue
[2026-08-04T08:41:38.136+0000] {logging_mixin.py:190} INFO - [2026-08-04T08:41:38.135+0000] {dagbag.py:588} INFO - Filling up the DagBag from /home/airflow/.local/lib/python3.12/site-packages/airflow/example_dags/example_outlet_event_extra.py
[2026-08-04T08:41:38.921+0000] {processor.py:925} INFO - DAG(s) 'dataset_with_extra_by_context', 'dataset_with_extra_from_classic_operator', 'dataset_with_extra_by_yield' retrieved from /home/airflow/.local/lib/python3.12/site-packages/airflow/example_dags/example_outlet_event_extra.py
[2026-08-04T08:41:38.953+0000] {logging_mixin.py:190} INFO - [2026-08-04T08:41:38.953+0000] {dag.py:3239} INFO - Sync 3 DAGs
[2026-08-04T08:41:38.980+0000] {logging_mixin.py:190} INFO - [2026-08-04T08:41:38.980+0000] {dag.py:4180} INFO - Setting next_dagrun for dataset_with_extra_by_context to 2026-08-03 00:00:00+00:00, run_after=2026-08-04 00:00:00+00:00
[2026-08-04T08:41:38.985+0000] {logging_mixin.py:190} INFO - [2026-08-04T08:41:38.985+0000] {dag.py:4180} INFO - Setting next_dagrun for dataset_with_extra_by_yield to 2026-08-03 00:00:00+00:00, run_after=2026-08-04 00:00:00+00:00
[2026-08-04T08:41:38.989+0000] {logging_mixin.py:190} INFO - [2026-08-04T08:41:38.988+0000] {dag.py:4180} INFO - Setting next_dagrun for dataset_with_extra_from_classic_operator to 2026-08-03 00:00:00+00:00, run_after=2026-08-04 00:00:00+00:00
[2026-08-04T08:41:39.012+0000] {processor.py:208} INFO - Processing /home/airflow/.local/lib/python3.12/site-packages/airflow/example_dags/example_outlet_event_extra.py took 0.888 seconds
