[2026-08-04T07:47:16.946+0000] {processor.py:186} INFO - Started process (PID=118) to work on /home/airflow/.local/lib/python3.12/site-packages/airflow/example_dags/example_bash_operator.py
[2026-08-04T07:47:16.948+0000] {processor.py:914} INFO - Processing file /home/airflow/.local/lib/python3.12/site-packages/airflow/example_dags/example_bash_operator.py for tasks to queue
[2026-08-04T07:47:16.962+0000] {logging_mixin.py:190} INFO - [2026-08-04T07:47:16.961+0000] {dagbag.py:588} INFO - Filling up the DagBag from /home/airflow/.local/lib/python3.12/site-packages/airflow/example_dags/example_bash_operator.py
[2026-08-04T07:47:16.993+0000] {processor.py:925} INFO - DAG(s) 'example_bash_operator' retrieved from /home/airflow/.local/lib/python3.12/site-packages/airflow/example_dags/example_bash_operator.py
[2026-08-04T07:47:17.044+0000] {logging_mixin.py:190} INFO - [2026-08-04T07:47:17.043+0000] {dag.py:3239} INFO - Sync 1 DAGs
[2026-08-04T07:47:17.095+0000] {logging_mixin.py:190} INFO - [2026-08-04T07:47:17.095+0000] {dag.py:4180} INFO - Setting next_dagrun for example_bash_operator to 2026-08-03 00:00:00+00:00, run_after=2026-08-04 00:00:00+00:00
[2026-08-04T07:47:17.125+0000] {processor.py:208} INFO - Processing /home/airflow/.local/lib/python3.12/site-packages/airflow/example_dags/example_bash_operator.py took 0.189 seconds
[2026-08-04T08:21:22.163+0000] {processor.py:186} INFO - Started process (PID=118) to work on /home/airflow/.local/lib/python3.12/site-packages/airflow/example_dags/example_bash_operator.py
[2026-08-04T08:21:22.164+0000] {processor.py:914} INFO - Processing file /home/airflow/.local/lib/python3.12/site-packages/airflow/example_dags/example_bash_operator.py for tasks to queue
[2026-08-04T08:21:22.168+0000] {logging_mixin.py:190} INFO - [2026-08-04T08:21:22.168+0000] {dagbag.py:588} INFO - Filling up the DagBag from /home/airflow/.local/lib/python3.12/site-packages/airflow/example_dags/example_bash_operator.py
[2026-08-04T08:21:22.191+0000] {processor.py:925} INFO - DAG(s) 'example_bash_operator' retrieved from /home/airflow/.local/lib/python3.12/site-packages/airflow/example_dags/example_bash_operator.py
[2026-08-04T08:21:22.227+0000] {logging_mixin.py:190} INFO - [2026-08-04T08:21:22.227+0000] {dag.py:3239} INFO - Sync 1 DAGs
[2026-08-04T08:21:22.260+0000] {logging_mixin.py:190} INFO - [2026-08-04T08:21:22.260+0000] {dag.py:4180} INFO - Setting next_dagrun for example_bash_operator to 2026-08-03 00:00:00+00:00, run_after=2026-08-04 00:00:00+00:00
[2026-08-04T08:21:22.288+0000] {processor.py:208} INFO - Processing /home/airflow/.local/lib/python3.12/site-packages/airflow/example_dags/example_bash_operator.py took 0.134 seconds
[2026-08-04T08:21:53.405+0000] {processor.py:186} INFO - Started process (PID=183) to work on /home/airflow/.local/lib/python3.12/site-packages/airflow/example_dags/example_bash_operator.py
[2026-08-04T08:21:53.406+0000] {processor.py:914} INFO - Processing file /home/airflow/.local/lib/python3.12/site-packages/airflow/example_dags/example_bash_operator.py for tasks to queue
[2026-08-04T08:21:53.410+0000] {logging_mixin.py:190} INFO - [2026-08-04T08:21:53.409+0000] {dagbag.py:588} INFO - Filling up the DagBag from /home/airflow/.local/lib/python3.12/site-packages/airflow/example_dags/example_bash_operator.py
[2026-08-04T08:21:53.427+0000] {processor.py:925} INFO - DAG(s) 'example_bash_operator' retrieved from /home/airflow/.local/lib/python3.12/site-packages/airflow/example_dags/example_bash_operator.py
[2026-08-04T08:21:53.459+0000] {logging_mixin.py:190} INFO - [2026-08-04T08:21:53.459+0000] {dag.py:3239} INFO - Sync 1 DAGs
[2026-08-04T08:21:53.497+0000] {logging_mixin.py:190} INFO - [2026-08-04T08:21:53.497+0000] {dag.py:4180} INFO - Setting next_dagrun for example_bash_operator to 2026-08-03 00:00:00+00:00, run_after=2026-08-04 00:00:00+00:00
[2026-08-04T08:21:53.526+0000] {processor.py:208} INFO - Processing /home/airflow/.local/lib/python3.12/site-packages/airflow/example_dags/example_bash_operator.py took 0.129 seconds
[2026-08-04T08:22:24.011+0000] {processor.py:186} INFO - Started process (PID=247) to work on /home/airflow/.local/lib/python3.12/site-packages/airflow/example_dags/example_bash_operator.py
[2026-08-04T08:22:24.013+0000] {processor.py:914} INFO - Processing file /home/airflow/.local/lib/python3.12/site-packages/airflow/example_dags/example_bash_operator.py for tasks to queue
[2026-08-04T08:22:24.016+0000] {logging_mixin.py:190} INFO - [2026-08-04T08:22:24.015+0000] {dagbag.py:588} INFO - Filling up the DagBag from /home/airflow/.local/lib/python3.12/site-packages/airflow/example_dags/example_bash_operator.py
[2026-08-04T08:22:24.030+0000] {processor.py:925} INFO - DAG(s) 'example_bash_operator' retrieved from /home/airflow/.local/lib/python3.12/site-packages/airflow/example_dags/example_bash_operator.py
[2026-08-04T08:22:24.058+0000] {logging_mixin.py:190} INFO - [2026-08-04T08:22:24.058+0000] {dag.py:3239} INFO - Sync 1 DAGs
[2026-08-04T08:22:24.089+0000] {logging_mixin.py:190} INFO - [2026-08-04T08:22:24.089+0000] {dag.py:4180} INFO - Setting next_dagrun for example_bash_operator to 2026-08-03 00:00:00+00:00, run_after=2026-08-04 00:00:00+00:00
[2026-08-04T08:22:24.115+0000] {processor.py:208} INFO - Processing /home/airflow/.local/lib/python3.12/site-packages/airflow/example_dags/example_bash_operator.py took 0.110 seconds
[2026-08-04T08:22:54.940+0000] {processor.py:186} INFO - Started process (PID=312) to work on /home/airflow/.local/lib/python3.12/site-packages/airflow/example_dags/example_bash_operator.py
[2026-08-04T08:22:54.941+0000] {processor.py:914} INFO - Processing file /home/airflow/.local/lib/python3.12/site-packages/airflow/example_dags/example_bash_operator.py for tasks to queue
[2026-08-04T08:22:54.944+0000] {logging_mixin.py:190} INFO - [2026-08-04T08:22:54.944+0000] {dagbag.py:588} INFO - Filling up the DagBag from /home/airflow/.local/lib/python3.12/site-packages/airflow/example_dags/example_bash_operator.py
[2026-08-04T08:22:54.961+0000] {processor.py:925} INFO - DAG(s) 'example_bash_operator' retrieved from /home/airflow/.local/lib/python3.12/site-packages/airflow/example_dags/example_bash_operator.py
[2026-08-04T08:22:55.001+0000] {logging_mixin.py:190} INFO - [2026-08-04T08:22:55.000+0000] {dag.py:3239} INFO - Sync 1 DAGs
[2026-08-04T08:22:55.034+0000] {logging_mixin.py:190} INFO - [2026-08-04T08:22:55.034+0000] {dag.py:4180} INFO - Setting next_dagrun for example_bash_operator to 2026-08-03 00:00:00+00:00, run_after=2026-08-04 00:00:00+00:00
[2026-08-04T08:22:55.058+0000] {processor.py:208} INFO - Processing /home/airflow/.local/lib/python3.12/site-packages/airflow/example_dags/example_bash_operator.py took 0.124 seconds
[2026-08-04T08:23:26.245+0000] {processor.py:186} INFO - Started process (PID=376) to work on /home/airflow/.local/lib/python3.12/site-packages/airflow/example_dags/example_bash_operator.py
[2026-08-04T08:23:26.246+0000] {processor.py:914} INFO - Processing file /home/airflow/.local/lib/python3.12/site-packages/airflow/example_dags/example_bash_operator.py for tasks to queue
[2026-08-04T08:23:26.249+0000] {logging_mixin.py:190} INFO - [2026-08-04T08:23:26.249+0000] {dagbag.py:588} INFO - Filling up the DagBag from /home/airflow/.local/lib/python3.12/site-packages/airflow/example_dags/example_bash_operator.py
[2026-08-04T08:23:26.266+0000] {processor.py:925} INFO - DAG(s) 'example_bash_operator' retrieved from /home/airflow/.local/lib/python3.12/site-packages/airflow/example_dags/example_bash_operator.py
[2026-08-04T08:23:26.295+0000] {logging_mixin.py:190} INFO - [2026-08-04T08:23:26.295+0000] {dag.py:3239} INFO - Sync 1 DAGs
[2026-08-04T08:23:26.326+0000] {logging_mixin.py:190} INFO - [2026-08-04T08:23:26.325+0000] {dag.py:4180} INFO - Setting next_dagrun for example_bash_operator to 2026-08-03 00:00:00+00:00, run_after=2026-08-04 00:00:00+00:00
[2026-08-04T08:23:26.346+0000] {processor.py:208} INFO - Processing /home/airflow/.local/lib/python3.12/site-packages/airflow/example_dags/example_bash_operator.py took 0.109 seconds
[2026-08-04T08:23:57.791+0000] {processor.py:186} INFO - Started process (PID=441) to work on /home/airflow/.local/lib/python3.12/site-packages/airflow/example_dags/example_bash_operator.py
[2026-08-04T08:23:57.792+0000] {processor.py:914} INFO - Processing file /home/airflow/.local/lib/python3.12/site-packages/airflow/example_dags/example_bash_operator.py for tasks to queue
[2026-08-04T08:23:57.796+0000] {logging_mixin.py:190} INFO - [2026-08-04T08:23:57.795+0000] {dagbag.py:588} INFO - Filling up the DagBag from /home/airflow/.local/lib/python3.12/site-packages/airflow/example_dags/example_bash_operator.py
[2026-08-04T08:23:57.811+0000] {processor.py:925} INFO - DAG(s) 'example_bash_operator' retrieved from /home/airflow/.local/lib/python3.12/site-packages/airflow/example_dags/example_bash_operator.py
[2026-08-04T08:23:57.845+0000] {logging_mixin.py:190} INFO - [2026-08-04T08:23:57.844+0000] {dag.py:3239} INFO - Sync 1 DAGs
[2026-08-04T08:23:57.890+0000] {logging_mixin.py:190} INFO - [2026-08-04T08:23:57.890+0000] {dag.py:4180} INFO - Setting next_dagrun for example_bash_operator to 2026-08-03 00:00:00+00:00, run_after=2026-08-04 00:00:00+00:00
[2026-08-04T08:23:57.918+0000] {processor.py:208} INFO - Processing /home/airflow/.local/lib/python3.12/site-packages/airflow/example_dags/example_bash_operator.py took 0.134 seconds
[2026-08-04T08:24:29.233+0000] {processor.py:186} INFO - Started process (PID=508) to work on /home/airflow/.local/lib/python3.12/site-packages/airflow/example_dags/example_bash_operator.py
[2026-08-04T08:24:29.234+0000] {processor.py:914} INFO - Processing file /home/airflow/.local/lib/python3.12/site-packages/airflow/example_dags/example_bash_operator.py for tasks to queue
[2026-08-04T08:24:29.237+0000] {logging_mixin.py:190} INFO - [2026-08-04T08:24:29.236+0000] {dagbag.py:588} INFO - Filling up the DagBag from /home/airflow/.local/lib/python3.12/site-packages/airflow/example_dags/example_bash_operator.py
[2026-08-04T08:24:29.251+0000] {processor.py:925} INFO - DAG(s) 'example_bash_operator' retrieved from /home/airflow/.local/lib/python3.12/site-packages/airflow/example_dags/example_bash_operator.py
[2026-08-04T08:24:29.281+0000] {logging_mixin.py:190} INFO - [2026-08-04T08:24:29.280+0000] {dag.py:3239} INFO - Sync 1 DAGs
[2026-08-04T08:24:29.307+0000] {logging_mixin.py:190} INFO - [2026-08-04T08:24:29.307+0000] {dag.py:4180} INFO - Setting next_dagrun for example_bash_operator to 2026-08-03 00:00:00+00:00, run_after=2026-08-04 00:00:00+00:00
[2026-08-04T08:24:29.326+0000] {processor.py:208} INFO - Processing /home/airflow/.local/lib/python3.12/site-packages/airflow/example_dags/example_bash_operator.py took 0.099 seconds
[2026-08-04T08:25:00.597+0000] {processor.py:186} INFO - Started process (PID=572) to work on /home/airflow/.local/lib/python3.12/site-packages/airflow/example_dags/example_bash_operator.py
[2026-08-04T08:25:00.598+0000] {processor.py:914} INFO - Processing file /home/airflow/.local/lib/python3.12/site-packages/airflow/example_dags/example_bash_operator.py for tasks to queue
[2026-08-04T08:25:00.602+0000] {logging_mixin.py:190} INFO - [2026-08-04T08:25:00.601+0000] {dagbag.py:588} INFO - Filling up the DagBag from /home/airflow/.local/lib/python3.12/site-packages/airflow/example_dags/example_bash_operator.py
[2026-08-04T08:25:00.618+0000] {processor.py:925} INFO - DAG(s) 'example_bash_operator' retrieved from /home/airflow/.local/lib/python3.12/site-packages/airflow/example_dags/example_bash_operator.py
[2026-08-04T08:25:00.651+0000] {logging_mixin.py:190} INFO - [2026-08-04T08:25:00.650+0000] {dag.py:3239} INFO - Sync 1 DAGs
[2026-08-04T08:25:00.679+0000] {logging_mixin.py:190} INFO - [2026-08-04T08:25:00.679+0000] {dag.py:4180} INFO - Setting next_dagrun for example_bash_operator to 2026-08-03 00:00:00+00:00, run_after=2026-08-04 00:00:00+00:00
[2026-08-04T08:25:00.699+0000] {processor.py:208} INFO - Processing /home/airflow/.local/lib/python3.12/site-packages/airflow/example_dags/example_bash_operator.py took 0.109 seconds
[2026-08-04T08:25:31.818+0000] {processor.py:186} INFO - Started process (PID=637) to work on /home/airflow/.local/lib/python3.12/site-packages/airflow/example_dags/example_bash_operator.py
[2026-08-04T08:25:31.819+0000] {processor.py:914} INFO - Processing file /home/airflow/.local/lib/python3.12/site-packages/airflow/example_dags/example_bash_operator.py for tasks to queue
[2026-08-04T08:25:31.822+0000] {logging_mixin.py:190} INFO - [2026-08-04T08:25:31.822+0000] {dagbag.py:588} INFO - Filling up the DagBag from /home/airflow/.local/lib/python3.12/site-packages/airflow/example_dags/example_bash_operator.py
[2026-08-04T08:25:31.836+0000] {processor.py:925} INFO - DAG(s) 'example_bash_operator' retrieved from /home/airflow/.local/lib/python3.12/site-packages/airflow/example_dags/example_bash_operator.py
[2026-08-04T08:25:31.864+0000] {logging_mixin.py:190} INFO - [2026-08-04T08:25:31.863+0000] {dag.py:3239} INFO - Sync 1 DAGs
[2026-08-04T08:25:31.890+0000] {logging_mixin.py:190} INFO - [2026-08-04T08:25:31.890+0000] {dag.py:4180} INFO - Setting next_dagrun for example_bash_operator to 2026-08-03 00:00:00+00:00, run_after=2026-08-04 00:00:00+00:00
[2026-08-04T08:25:31.909+0000] {processor.py:208} INFO - Processing /home/airflow/.local/lib/python3.12/site-packages/airflow/example_dags/example_bash_operator.py took 0.097 seconds
[2026-08-04T08:26:03.908+0000] {processor.py:186} INFO - Started process (PID=704) to work on /home/airflow/.local/lib/python3.12/site-packages/airflow/example_dags/example_bash_operator.py
[2026-08-04T08:26:03.909+0000] {processor.py:914} INFO - Processing file /home/airflow/.local/lib/python3.12/site-packages/airflow/example_dags/example_bash_operator.py for tasks to queue
[2026-08-04T08:26:03.912+0000] {logging_mixin.py:190} INFO - [2026-08-04T08:26:03.912+0000] {dagbag.py:588} INFO - Filling up the DagBag from /home/airflow/.local/lib/python3.12/site-packages/airflow/example_dags/example_bash_operator.py
[2026-08-04T08:26:03.926+0000] {processor.py:925} INFO - DAG(s) 'example_bash_operator' retrieved from /home/airflow/.local/lib/python3.12/site-packages/airflow/example_dags/example_bash_operator.py
[2026-08-04T08:26:03.953+0000] {logging_mixin.py:190} INFO - [2026-08-04T08:26:03.952+0000] {dag.py:3239} INFO - Sync 1 DAGs
[2026-08-04T08:26:03.977+0000] {logging_mixin.py:190} INFO - [2026-08-04T08:26:03.977+0000] {dag.py:4180} INFO - Setting next_dagrun for example_bash_operator to 2026-08-03 00:00:00+00:00, run_after=2026-08-04 00:00:00+00:00
[2026-08-04T08:26:03.997+0000] {processor.py:208} INFO - Processing /home/airflow/.local/lib/python3.12/site-packages/airflow/example_dags/example_bash_operator.py took 0.096 seconds
[2026-08-04T08:26:34.768+0000] {processor.py:186} INFO - Started process (PID=770) to work on /home/airflow/.local/lib/python3.12/site-packages/airflow/example_dags/example_bash_operator.py
[2026-08-04T08:26:34.769+0000] {processor.py:914} INFO - Processing file /home/airflow/.local/lib/python3.12/site-packages/airflow/example_dags/example_bash_operator.py for tasks to queue
[2026-08-04T08:26:34.773+0000] {logging_mixin.py:190} INFO - [2026-08-04T08:26:34.773+0000] {dagbag.py:588} INFO - Filling up the DagBag from /home/airflow/.local/lib/python3.12/site-packages/airflow/example_dags/example_bash_operator.py
[2026-08-04T08:26:34.791+0000] {processor.py:925} INFO - DAG(s) 'example_bash_operator' retrieved from /home/airflow/.local/lib/python3.12/site-packages/airflow/example_dags/example_bash_operator.py
[2026-08-04T08:26:34.830+0000] {logging_mixin.py:190} INFO - [2026-08-04T08:26:34.830+0000] {dag.py:3239} INFO - Sync 1 DAGs
[2026-08-04T08:26:34.859+0000] {logging_mixin.py:190} INFO - [2026-08-04T08:26:34.859+0000] {dag.py:4180} INFO - Setting next_dagrun for example_bash_operator to 2026-08-03 00:00:00+00:00, run_after=2026-08-04 00:00:00+00:00
[2026-08-04T08:26:34.881+0000] {processor.py:208} INFO - Processing /home/airflow/.local/lib/python3.12/site-packages/airflow/example_dags/example_bash_operator.py took 0.122 seconds
[2026-08-04T08:27:06.046+0000] {processor.py:186} INFO - Started process (PID=835) to work on /home/airflow/.local/lib/python3.12/site-packages/airflow/example_dags/example_bash_operator.py
[2026-08-04T08:27:06.047+0000] {processor.py:914} INFO - Processing file /home/airflow/.local/lib/python3.12/site-packages/airflow/example_dags/example_bash_operator.py for tasks to queue
[2026-08-04T08:27:06.050+0000] {logging_mixin.py:190} INFO - [2026-08-04T08:27:06.049+0000] {dagbag.py:588} INFO - Filling up the DagBag from /home/airflow/.local/lib/python3.12/site-packages/airflow/example_dags/example_bash_operator.py
[2026-08-04T08:27:06.065+0000] {processor.py:925} INFO - DAG(s) 'example_bash_operator' retrieved from /home/airflow/.local/lib/python3.12/site-packages/airflow/example_dags/example_bash_operator.py
[2026-08-04T08:27:06.093+0000] {logging_mixin.py:190} INFO - [2026-08-04T08:27:06.093+0000] {dag.py:3239} INFO - Sync 1 DAGs
[2026-08-04T08:27:06.121+0000] {logging_mixin.py:190} INFO - [2026-08-04T08:27:06.121+0000] {dag.py:4180} INFO - Setting next_dagrun for example_bash_operator to 2026-08-03 00:00:00+00:00, run_after=2026-08-04 00:00:00+00:00
[2026-08-04T08:27:06.141+0000] {processor.py:208} INFO - Processing /home/airflow/.local/lib/python3.12/site-packages/airflow/example_dags/example_bash_operator.py took 0.102 seconds
[2026-08-04T08:27:37.251+0000] {processor.py:186} INFO - Started process (PID=900) to work on /home/airflow/.local/lib/python3.12/site-packages/airflow/example_dags/example_bash_operator.py
[2026-08-04T08:27:37.252+0000] {processor.py:914} INFO - Processing file /home/airflow/.local/lib/python3.12/site-packages/airflow/example_dags/example_bash_operator.py for tasks to queue
[2026-08-04T08:27:37.255+0000] {logging_mixin.py:190} INFO - [2026-08-04T08:27:37.255+0000] {dagbag.py:588} INFO - Filling up the DagBag from /home/airflow/.local/lib/python3.12/site-packages/airflow/example_dags/example_bash_operator.py
[2026-08-04T08:27:37.269+0000] {processor.py:925} INFO - DAG(s) 'example_bash_operator' retrieved from /home/airflow/.local/lib/python3.12/site-packages/airflow/example_dags/example_bash_operator.py
[2026-08-04T08:27:37.295+0000] {logging_mixin.py:190} INFO - [2026-08-04T08:27:37.295+0000] {dag.py:3239} INFO - Sync 1 DAGs
[2026-08-04T08:27:37.323+0000] {logging_mixin.py:190} INFO - [2026-08-04T08:27:37.323+0000] {dag.py:4180} INFO - Setting next_dagrun for example_bash_operator to 2026-08-03 00:00:00+00:00, run_after=2026-08-04 00:00:00+00:00
[2026-08-04T08:27:37.343+0000] {processor.py:208} INFO - Processing /home/airflow/.local/lib/python3.12/site-packages/airflow/example_dags/example_bash_operator.py took 0.098 seconds
[2026-08-04T08:28:08.433+0000] {processor.py:186} INFO - Started process (PID=965) to work on /home/airflow/.local/lib/python3.12/site-packages/airflow/example_dags/example_bash_operator.py
[2026-08-04T08:28:08.435+0000] {processor.py:914} INFO - Processing file /home/airflow/.local/lib/python3.12/site-packages/airflow/example_dags/example_bash_operator.py for tasks to queue
[2026-08-04T08:28:08.438+0000] {logging_mixin.py:190} INFO - [2026-08-04T08:28:08.438+0000] {dagbag.py:588} INFO - Filling up the DagBag from /home/airflow/.local/lib/python3.12/site-packages/airflow/example_dags/example_bash_operator.py
[2026-08-04T08:28:08.456+0000] {processor.py:925} INFO - DAG(s) 'example_bash_operator' retrieved from /home/airflow/.local/lib/python3.12/site-packages/airflow/example_dags/example_bash_operator.py
[2026-08-04T08:28:08.486+0000] {logging_mixin.py:190} INFO - [2026-08-04T08:28:08.485+0000] {dag.py:3239} INFO - Sync 1 DAGs
[2026-08-04T08:28:08.515+0000] {logging_mixin.py:190} INFO - [2026-08-04T08:28:08.514+0000] {dag.py:4180} INFO - Setting next_dagrun for example_bash_operator to 2026-08-03 00:00:00+00:00, run_after=2026-08-04 00:00:00+00:00
[2026-08-04T08:28:08.536+0000] {processor.py:208} INFO - Processing /home/airflow/.local/lib/python3.12/site-packages/airflow/example_dags/example_bash_operator.py took 0.111 seconds
[2026-08-04T08:28:40.014+0000] {processor.py:186} INFO - Started process (PID=1030) to work on /home/airflow/.local/lib/python3.12/site-packages/airflow/example_dags/example_bash_operator.py
[2026-08-04T08:28:40.015+0000] {processor.py:914} INFO - Processing file /home/airflow/.local/lib/python3.12/site-packages/airflow/example_dags/example_bash_operator.py for tasks to queue
[2026-08-04T08:28:40.019+0000] {logging_mixin.py:190} INFO - [2026-08-04T08:28:40.018+0000] {dagbag.py:588} INFO - Filling up the DagBag from /home/airflow/.local/lib/python3.12/site-packages/airflow/example_dags/example_bash_operator.py
[2026-08-04T08:28:40.047+0000] {processor.py:925} INFO - DAG(s) 'example_bash_operator' retrieved from /home/airflow/.local/lib/python3.12/site-packages/airflow/example_dags/example_bash_operator.py
[2026-08-04T08:28:40.079+0000] {logging_mixin.py:190} INFO - [2026-08-04T08:28:40.079+0000] {dag.py:3239} INFO - Sync 1 DAGs
[2026-08-04T08:28:40.112+0000] {logging_mixin.py:190} INFO - [2026-08-04T08:28:40.111+0000] {dag.py:4180} INFO - Setting next_dagrun for example_bash_operator to 2026-08-03 00:00:00+00:00, run_after=2026-08-04 00:00:00+00:00
[2026-08-04T08:28:40.135+0000] {processor.py:208} INFO - Processing /home/airflow/.local/lib/python3.12/site-packages/airflow/example_dags/example_bash_operator.py took 0.127 seconds
[2026-08-04T08:29:11.365+0000] {processor.py:186} INFO - Started process (PID=1095) to work on /home/airflow/.local/lib/python3.12/site-packages/airflow/example_dags/example_bash_operator.py
[2026-08-04T08:29:11.366+0000] {processor.py:914} INFO - Processing file /home/airflow/.local/lib/python3.12/site-packages/airflow/example_dags/example_bash_operator.py for tasks to queue
[2026-08-04T08:29:11.369+0000] {logging_mixin.py:190} INFO - [2026-08-04T08:29:11.369+0000] {dagbag.py:588} INFO - Filling up the DagBag from /home/airflow/.local/lib/python3.12/site-packages/airflow/example_dags/example_bash_operator.py
[2026-08-04T08:29:11.384+0000] {processor.py:925} INFO - DAG(s) 'example_bash_operator' retrieved from /home/airflow/.local/lib/python3.12/site-packages/airflow/example_dags/example_bash_operator.py
[2026-08-04T08:29:11.410+0000] {logging_mixin.py:190} INFO - [2026-08-04T08:29:11.410+0000] {dag.py:3239} INFO - Sync 1 DAGs
[2026-08-04T08:29:11.437+0000] {logging_mixin.py:190} INFO - [2026-08-04T08:29:11.436+0000] {dag.py:4180} INFO - Setting next_dagrun for example_bash_operator to 2026-08-03 00:00:00+00:00, run_after=2026-08-04 00:00:00+00:00
[2026-08-04T08:29:11.459+0000] {processor.py:208} INFO - Processing /home/airflow/.local/lib/python3.12/site-packages/airflow/example_dags/example_bash_operator.py took 0.100 seconds
[2026-08-04T08:29:42.859+0000] {processor.py:186} INFO - Started process (PID=1160) to work on /home/airflow/.local/lib/python3.12/site-packages/airflow/example_dags/example_bash_operator.py
[2026-08-04T08:29:42.860+0000] {processor.py:914} INFO - Processing file /home/airflow/.local/lib/python3.12/site-packages/airflow/example_dags/example_bash_operator.py for tasks to queue
[2026-08-04T08:29:42.864+0000] {logging_mixin.py:190} INFO - [2026-08-04T08:29:42.863+0000] {dagbag.py:588} INFO - Filling up the DagBag from /home/airflow/.local/lib/python3.12/site-packages/airflow/example_dags/example_bash_operator.py
[2026-08-04T08:29:42.881+0000] {processor.py:925} INFO - DAG(s) 'example_bash_operator' retrieved from /home/airflow/.local/lib/python3.12/site-packages/airflow/example_dags/example_bash_operator.py
[2026-08-04T08:29:42.913+0000] {logging_mixin.py:190} INFO - [2026-08-04T08:29:42.913+0000] {dag.py:3239} INFO - Sync 1 DAGs
[2026-08-04T08:29:42.940+0000] {logging_mixin.py:190} INFO - [2026-08-04T08:29:42.940+0000] {dag.py:4180} INFO - Setting next_dagrun for example_bash_operator to 2026-08-03 00:00:00+00:00, run_after=2026-08-04 00:00:00+00:00
[2026-08-04T08:29:42.961+0000] {processor.py:208} INFO - Processing /home/airflow/.local/lib/python3.12/site-packages/airflow/example_dags/example_bash_operator.py took 0.110 seconds
[2026-08-04T08:30:14.373+0000] {processor.py:186} INFO - Started process (PID=1232) to work on /home/airflow/.local/lib/python3.12/site-packages/airflow/example_dags/example_bash_operator.py
[2026-08-04T08:30:14.374+0000] {processor.py:914} INFO - Processing file /home/airflow/.local/lib/python3.12/site-packages/airflow/example_dags/example_bash_operator.py for tasks to queue
[2026-08-04T08:30:14.379+0000] {logging_mixin.py:190} INFO - [2026-08-04T08:30:14.378+0000] {dagbag.py:588} INFO - Filling up the DagBag from /home/airflow/.local/lib/python3.12/site-packages/airflow/example_dags/example_bash_operator.py
[2026-08-04T08:30:14.394+0000] {processor.py:925} INFO - DAG(s) 'example_bash_operator' retrieved from /home/airflow/.local/lib/python3.12/site-packages/airflow/example_dags/example_bash_operator.py
[2026-08-04T08:30:14.424+0000] {logging_mixin.py:190} INFO - [2026-08-04T08:30:14.423+0000] {dag.py:3239} INFO - Sync 1 DAGs
[2026-08-04T08:30:14.452+0000] {logging_mixin.py:190} INFO - [2026-08-04T08:30:14.452+0000] {dag.py:4180} INFO - Setting next_dagrun for example_bash_operator to 2026-08-03 00:00:00+00:00, run_after=2026-08-04 00:00:00+00:00
[2026-08-04T08:30:14.475+0000] {processor.py:208} INFO - Processing /home/airflow/.local/lib/python3.12/site-packages/airflow/example_dags/example_bash_operator.py took 0.109 seconds
[2026-08-04T08:30:45.770+0000] {processor.py:186} INFO - Started process (PID=1297) to work on /home/airflow/.local/lib/python3.12/site-packages/airflow/example_dags/example_bash_operator.py
[2026-08-04T08:30:45.771+0000] {processor.py:914} INFO - Processing file /home/airflow/.local/lib/python3.12/site-packages/airflow/example_dags/example_bash_operator.py for tasks to queue
[2026-08-04T08:30:45.774+0000] {logging_mixin.py:190} INFO - [2026-08-04T08:30:45.774+0000] {dagbag.py:588} INFO - Filling up the DagBag from /home/airflow/.local/lib/python3.12/site-packages/airflow/example_dags/example_bash_operator.py
[2026-08-04T08:30:45.791+0000] {processor.py:925} INFO - DAG(s) 'example_bash_operator' retrieved from /home/airflow/.local/lib/python3.12/site-packages/airflow/example_dags/example_bash_operator.py
[2026-08-04T08:30:45.818+0000] {logging_mixin.py:190} INFO - [2026-08-04T08:30:45.818+0000] {dag.py:3239} INFO - Sync 1 DAGs
[2026-08-04T08:30:45.847+0000] {logging_mixin.py:190} INFO - [2026-08-04T08:30:45.847+0000] {dag.py:4180} INFO - Setting next_dagrun for example_bash_operator to 2026-08-03 00:00:00+00:00, run_after=2026-08-04 00:00:00+00:00
[2026-08-04T08:30:45.866+0000] {processor.py:208} INFO - Processing /home/airflow/.local/lib/python3.12/site-packages/airflow/example_dags/example_bash_operator.py took 0.103 seconds
[2026-08-04T08:31:17.195+0000] {processor.py:186} INFO - Started process (PID=1362) to work on /home/airflow/.local/lib/python3.12/site-packages/airflow/example_dags/example_bash_operator.py
[2026-08-04T08:31:17.196+0000] {processor.py:914} INFO - Processing file /home/airflow/.local/lib/python3.12/site-packages/airflow/example_dags/example_bash_operator.py for tasks to queue
[2026-08-04T08:31:17.199+0000] {logging_mixin.py:190} INFO - [2026-08-04T08:31:17.199+0000] {dagbag.py:588} INFO - Filling up the DagBag from /home/airflow/.local/lib/python3.12/site-packages/airflow/example_dags/example_bash_operator.py
[2026-08-04T08:31:17.214+0000] {processor.py:925} INFO - DAG(s) 'example_bash_operator' retrieved from /home/airflow/.local/lib/python3.12/site-packages/airflow/example_dags/example_bash_operator.py
[2026-08-04T08:31:17.244+0000] {logging_mixin.py:190} INFO - [2026-08-04T08:31:17.244+0000] {dag.py:3239} INFO - Sync 1 DAGs
[2026-08-04T08:31:17.270+0000] {logging_mixin.py:190} INFO - [2026-08-04T08:31:17.270+0000] {dag.py:4180} INFO - Setting next_dagrun for example_bash_operator to 2026-08-03 00:00:00+00:00, run_after=2026-08-04 00:00:00+00:00
[2026-08-04T08:31:17.291+0000] {processor.py:208} INFO - Processing /home/airflow/.local/lib/python3.12/site-packages/airflow/example_dags/example_bash_operator.py took 0.102 seconds
[2026-08-04T08:31:48.404+0000] {processor.py:186} INFO - Started process (PID=1427) to work on /home/airflow/.local/lib/python3.12/site-packages/airflow/example_dags/example_bash_operator.py
[2026-08-04T08:31:48.406+0000] {processor.py:914} INFO - Processing file /home/airflow/.local/lib/python3.12/site-packages/airflow/example_dags/example_bash_operator.py for tasks to queue
[2026-08-04T08:31:48.408+0000] {logging_mixin.py:190} INFO - [2026-08-04T08:31:48.408+0000] {dagbag.py:588} INFO - Filling up the DagBag from /home/airflow/.local/lib/python3.12/site-packages/airflow/example_dags/example_bash_operator.py
[2026-08-04T08:31:48.423+0000] {processor.py:925} INFO - DAG(s) 'example_bash_operator' retrieved from /home/airflow/.local/lib/python3.12/site-packages/airflow/example_dags/example_bash_operator.py
[2026-08-04T08:31:48.452+0000] {logging_mixin.py:190} INFO - [2026-08-04T08:31:48.452+0000] {dag.py:3239} INFO - Sync 1 DAGs
[2026-08-04T08:31:48.480+0000] {logging_mixin.py:190} INFO - [2026-08-04T08:31:48.480+0000] {dag.py:4180} INFO - Setting next_dagrun for example_bash_operator to 2026-08-03 00:00:00+00:00, run_after=2026-08-04 00:00:00+00:00
[2026-08-04T08:31:48.501+0000] {processor.py:208} INFO - Processing /home/airflow/.local/lib/python3.12/site-packages/airflow/example_dags/example_bash_operator.py took 0.103 seconds
[2026-08-04T08:32:19.901+0000] {processor.py:186} INFO - Started process (PID=1492) to work on /home/airflow/.local/lib/python3.12/site-packages/airflow/example_dags/example_bash_operator.py
[2026-08-04T08:32:19.902+0000] {processor.py:914} INFO - Processing file /home/airflow/.local/lib/python3.12/site-packages/airflow/example_dags/example_bash_operator.py for tasks to queue
[2026-08-04T08:32:19.905+0000] {logging_mixin.py:190} INFO - [2026-08-04T08:32:19.904+0000] {dagbag.py:588} INFO - Filling up the DagBag from /home/airflow/.local/lib/python3.12/site-packages/airflow/example_dags/example_bash_operator.py
[2026-08-04T08:32:19.918+0000] {processor.py:925} INFO - DAG(s) 'example_bash_operator' retrieved from /home/airflow/.local/lib/python3.12/site-packages/airflow/example_dags/example_bash_operator.py
[2026-08-04T08:32:19.946+0000] {logging_mixin.py:190} INFO - [2026-08-04T08:32:19.946+0000] {dag.py:3239} INFO - Sync 1 DAGs
[2026-08-04T08:32:19.972+0000] {logging_mixin.py:190} INFO - [2026-08-04T08:32:19.972+0000] {dag.py:4180} INFO - Setting next_dagrun for example_bash_operator to 2026-08-03 00:00:00+00:00, run_after=2026-08-04 00:00:00+00:00
[2026-08-04T08:32:19.991+0000] {processor.py:208} INFO - Processing /home/airflow/.local/lib/python3.12/site-packages/airflow/example_dags/example_bash_operator.py took 0.097 seconds
[2026-08-04T08:32:51.157+0000] {processor.py:186} INFO - Started process (PID=1557) to work on /home/airflow/.local/lib/python3.12/site-packages/airflow/example_dags/example_bash_operator.py
[2026-08-04T08:32:51.159+0000] {processor.py:914} INFO - Processing file /home/airflow/.local/lib/python3.12/site-packages/airflow/example_dags/example_bash_operator.py for tasks to queue
[2026-08-04T08:32:51.161+0000] {logging_mixin.py:190} INFO - [2026-08-04T08:32:51.161+0000] {dagbag.py:588} INFO - Filling up the DagBag from /home/airflow/.local/lib/python3.12/site-packages/airflow/example_dags/example_bash_operator.py
[2026-08-04T08:32:51.176+0000] {processor.py:925} INFO - DAG(s) 'example_bash_operator' retrieved from /home/airflow/.local/lib/python3.12/site-packages/airflow/example_dags/example_bash_operator.py
[2026-08-04T08:32:51.211+0000] {logging_mixin.py:190} INFO - [2026-08-04T08:32:51.210+0000] {dag.py:3239} INFO - Sync 1 DAGs
[2026-08-04T08:32:51.239+0000] {logging_mixin.py:190} INFO - [2026-08-04T08:32:51.238+0000] {dag.py:4180} INFO - Setting next_dagrun for example_bash_operator to 2026-08-03 00:00:00+00:00, run_after=2026-08-04 00:00:00+00:00
[2026-08-04T08:32:51.259+0000] {processor.py:208} INFO - Processing /home/airflow/.local/lib/python3.12/site-packages/airflow/example_dags/example_bash_operator.py took 0.108 seconds
[2026-08-04T08:33:22.706+0000] {processor.py:186} INFO - Started process (PID=1622) to work on /home/airflow/.local/lib/python3.12/site-packages/airflow/example_dags/example_bash_operator.py
[2026-08-04T08:33:22.707+0000] {processor.py:914} INFO - Processing file /home/airflow/.local/lib/python3.12/site-packages/airflow/example_dags/example_bash_operator.py for tasks to queue
[2026-08-04T08:33:22.710+0000] {logging_mixin.py:190} INFO - [2026-08-04T08:33:22.709+0000] {dagbag.py:588} INFO - Filling up the DagBag from /home/airflow/.local/lib/python3.12/site-packages/airflow/example_dags/example_bash_operator.py
[2026-08-04T08:33:22.724+0000] {processor.py:925} INFO - DAG(s) 'example_bash_operator' retrieved from /home/airflow/.local/lib/python3.12/site-packages/airflow/example_dags/example_bash_operator.py
[2026-08-04T08:33:22.753+0000] {logging_mixin.py:190} INFO - [2026-08-04T08:33:22.753+0000] {dag.py:3239} INFO - Sync 1 DAGs
[2026-08-04T08:33:22.783+0000] {logging_mixin.py:190} INFO - [2026-08-04T08:33:22.783+0000] {dag.py:4180} INFO - Setting next_dagrun for example_bash_operator to 2026-08-03 00:00:00+00:00, run_after=2026-08-04 00:00:00+00:00
[2026-08-04T08:33:22.803+0000] {processor.py:208} INFO - Processing /home/airflow/.local/lib/python3.12/site-packages/airflow/example_dags/example_bash_operator.py took 0.104 seconds
[2026-08-04T08:33:53.629+0000] {processor.py:186} INFO - Started process (PID=1687) to work on /home/airflow/.local/lib/python3.12/site-packages/airflow/example_dags/example_bash_operator.py
[2026-08-04T08:33:53.630+0000] {processor.py:914} INFO - Processing file /home/airflow/.local/lib/python3.12/site-packages/airflow/example_dags/example_bash_operator.py for tasks to queue
[2026-08-04T08:33:53.634+0000] {logging_mixin.py:190} INFO - [2026-08-04T08:33:53.634+0000] {dagbag.py:588} INFO - Filling up the DagBag from /home/airflow/.local/lib/python3.12/site-packages/airflow/example_dags/example_bash_operator.py
[2026-08-04T08:33:53.653+0000] {processor.py:925} INFO - DAG(s) 'example_bash_operator' retrieved from /home/airflow/.local/lib/python3.12/site-packages/airflow/example_dags/example_bash_operator.py
[2026-08-04T08:33:53.682+0000] {logging_mixin.py:190} INFO - [2026-08-04T08:33:53.682+0000] {dag.py:3239} INFO - Sync 1 DAGs
[2026-08-04T08:33:53.709+0000] {logging_mixin.py:190} INFO - [2026-08-04T08:33:53.709+0000] {dag.py:4180} INFO - Setting next_dagrun for example_bash_operator to 2026-08-03 00:00:00+00:00, run_after=2026-08-04 00:00:00+00:00
[2026-08-04T08:33:53.729+0000] {processor.py:208} INFO - Processing /home/airflow/.local/lib/python3.12/site-packages/airflow/example_dags/example_bash_operator.py took 0.109 seconds
[2026-08-04T08:34:25.117+0000] {processor.py:186} INFO - Started process (PID=1752) to work on /home/airflow/.local/lib/python3.12/site-packages/airflow/example_dags/example_bash_operator.py
[2026-08-04T08:34:25.119+0000] {processor.py:914} INFO - Processing file /home/airflow/.local/lib/python3.12/site-packages/airflow/example_dags/example_bash_operator.py for tasks to queue
[2026-08-04T08:34:25.124+0000] {logging_mixin.py:190} INFO - [2026-08-04T08:34:25.123+0000] {dagbag.py:588} INFO - Filling up the DagBag from /home/airflow/.local/lib/python3.12/site-packages/airflow/example_dags/example_bash_operator.py
[2026-08-04T08:34:25.140+0000] {processor.py:925} INFO - DAG(s) 'example_bash_operator' retrieved from /home/airflow/.local/lib/python3.12/site-packages/airflow/example_dags/example_bash_operator.py
[2026-08-04T08:34:25.171+0000] {logging_mixin.py:190} INFO - [2026-08-04T08:34:25.171+0000] {dag.py:3239} INFO - Sync 1 DAGs
[2026-08-04T08:34:25.197+0000] {logging_mixin.py:190} INFO - [2026-08-04T08:34:25.196+0000] {dag.py:4180} INFO - Setting next_dagrun for example_bash_operator to 2026-08-03 00:00:00+00:00, run_after=2026-08-04 00:00:00+00:00
[2026-08-04T08:34:25.216+0000] {processor.py:208} INFO - Processing /home/airflow/.local/lib/python3.12/site-packages/airflow/example_dags/example_bash_operator.py took 0.107 seconds
[2026-08-04T08:34:56.402+0000] {processor.py:186} INFO - Started process (PID=1817) to work on /home/airflow/.local/lib/python3.12/site-packages/airflow/example_dags/example_bash_operator.py
[2026-08-04T08:34:56.403+0000] {processor.py:914} INFO - Processing file /home/airflow/.local/lib/python3.12/site-packages/airflow/example_dags/example_bash_operator.py for tasks to queue
[2026-08-04T08:34:56.406+0000] {logging_mixin.py:190} INFO - [2026-08-04T08:34:56.406+0000] {dagbag.py:588} INFO - Filling up the DagBag from /home/airflow/.local/lib/python3.12/site-packages/airflow/example_dags/example_bash_operator.py
[2026-08-04T08:34:56.421+0000] {processor.py:925} INFO - DAG(s) 'example_bash_operator' retrieved from /home/airflow/.local/lib/python3.12/site-packages/airflow/example_dags/example_bash_operator.py
[2026-08-04T08:34:56.451+0000] {logging_mixin.py:190} INFO - [2026-08-04T08:34:56.451+0000] {dag.py:3239} INFO - Sync 1 DAGs
[2026-08-04T08:34:56.476+0000] {logging_mixin.py:190} INFO - [2026-08-04T08:34:56.475+0000] {dag.py:4180} INFO - Setting next_dagrun for example_bash_operator to 2026-08-03 00:00:00+00:00, run_after=2026-08-04 00:00:00+00:00
[2026-08-04T08:34:56.495+0000] {processor.py:208} INFO - Processing /home/airflow/.local/lib/python3.12/site-packages/airflow/example_dags/example_bash_operator.py took 0.098 seconds
[2026-08-04T08:35:27.627+0000] {processor.py:186} INFO - Started process (PID=1882) to work on /home/airflow/.local/lib/python3.12/site-packages/airflow/example_dags/example_bash_operator.py
[2026-08-04T08:35:27.629+0000] {processor.py:914} INFO - Processing file /home/airflow/.local/lib/python3.12/site-packages/airflow/example_dags/example_bash_operator.py for tasks to queue
[2026-08-04T08:35:27.631+0000] {logging_mixin.py:190} INFO - [2026-08-04T08:35:27.631+0000] {dagbag.py:588} INFO - Filling up the DagBag from /home/airflow/.local/lib/python3.12/site-packages/airflow/example_dags/example_bash_operator.py
[2026-08-04T08:35:27.647+0000] {processor.py:925} INFO - DAG(s) 'example_bash_operator' retrieved from /home/airflow/.local/lib/python3.12/site-packages/airflow/example_dags/example_bash_operator.py
[2026-08-04T08:35:27.675+0000] {logging_mixin.py:190} INFO - [2026-08-04T08:35:27.675+0000] {dag.py:3239} INFO - Sync 1 DAGs
[2026-08-04T08:35:27.703+0000] {logging_mixin.py:190} INFO - [2026-08-04T08:35:27.702+0000] {dag.py:4180} INFO - Setting next_dagrun for example_bash_operator to 2026-08-03 00:00:00+00:00, run_after=2026-08-04 00:00:00+00:00
[2026-08-04T08:35:27.722+0000] {processor.py:208} INFO - Processing /home/airflow/.local/lib/python3.12/site-packages/airflow/example_dags/example_bash_operator.py took 0.101 seconds
[2026-08-04T08:35:58.705+0000] {processor.py:186} INFO - Started process (PID=1950) to work on /home/airflow/.local/lib/python3.12/site-packages/airflow/example_dags/example_bash_operator.py
[2026-08-04T08:35:58.707+0000] {processor.py:914} INFO - Processing file /home/airflow/.local/lib/python3.12/site-packages/airflow/example_dags/example_bash_operator.py for tasks to queue
[2026-08-04T08:35:58.713+0000] {logging_mixin.py:190} INFO - [2026-08-04T08:35:58.713+0000] {dagbag.py:588} INFO - Filling up the DagBag from /home/airflow/.local/lib/python3.12/site-packages/airflow/example_dags/example_bash_operator.py
[2026-08-04T08:35:58.742+0000] {processor.py:925} INFO - DAG(s) 'example_bash_operator' retrieved from /home/airflow/.local/lib/python3.12/site-packages/airflow/example_dags/example_bash_operator.py
[2026-08-04T08:35:58.778+0000] {logging_mixin.py:190} INFO - [2026-08-04T08:35:58.777+0000] {dag.py:3239} INFO - Sync 1 DAGs
[2026-08-04T08:35:58.809+0000] {logging_mixin.py:190} INFO - [2026-08-04T08:35:58.809+0000] {dag.py:4180} INFO - Setting next_dagrun for example_bash_operator to 2026-08-03 00:00:00+00:00, run_after=2026-08-04 00:00:00+00:00
[2026-08-04T08:35:58.830+0000] {processor.py:208} INFO - Processing /home/airflow/.local/lib/python3.12/site-packages/airflow/example_dags/example_bash_operator.py took 0.137 seconds
[2026-08-04T08:36:30.367+0000] {processor.py:186} INFO - Started process (PID=2015) to work on /home/airflow/.local/lib/python3.12/site-packages/airflow/example_dags/example_bash_operator.py
[2026-08-04T08:36:30.368+0000] {processor.py:914} INFO - Processing file /home/airflow/.local/lib/python3.12/site-packages/airflow/example_dags/example_bash_operator.py for tasks to queue
[2026-08-04T08:36:30.371+0000] {logging_mixin.py:190} INFO - [2026-08-04T08:36:30.370+0000] {dagbag.py:588} INFO - Filling up the DagBag from /home/airflow/.local/lib/python3.12/site-packages/airflow/example_dags/example_bash_operator.py
[2026-08-04T08:36:30.384+0000] {processor.py:925} INFO - DAG(s) 'example_bash_operator' retrieved from /home/airflow/.local/lib/python3.12/site-packages/airflow/example_dags/example_bash_operator.py
[2026-08-04T08:36:30.410+0000] {logging_mixin.py:190} INFO - [2026-08-04T08:36:30.410+0000] {dag.py:3239} INFO - Sync 1 DAGs
[2026-08-04T08:36:30.441+0000] {logging_mixin.py:190} INFO - [2026-08-04T08:36:30.441+0000] {dag.py:4180} INFO - Setting next_dagrun for example_bash_operator to 2026-08-03 00:00:00+00:00, run_after=2026-08-04 00:00:00+00:00
[2026-08-04T08:36:30.463+0000] {processor.py:208} INFO - Processing /home/airflow/.local/lib/python3.12/site-packages/airflow/example_dags/example_bash_operator.py took 0.102 seconds
[2026-08-04T08:37:01.587+0000] {processor.py:186} INFO - Started process (PID=2083) to work on /home/airflow/.local/lib/python3.12/site-packages/airflow/example_dags/example_bash_operator.py
[2026-08-04T08:37:01.589+0000] {processor.py:914} INFO - Processing file /home/airflow/.local/lib/python3.12/site-packages/airflow/example_dags/example_bash_operator.py for tasks to queue
[2026-08-04T08:37:01.592+0000] {logging_mixin.py:190} INFO - [2026-08-04T08:37:01.592+0000] {dagbag.py:588} INFO - Filling up the DagBag from /home/airflow/.local/lib/python3.12/site-packages/airflow/example_dags/example_bash_operator.py
[2026-08-04T08:37:01.606+0000] {processor.py:925} INFO - DAG(s) 'example_bash_operator' retrieved from /home/airflow/.local/lib/python3.12/site-packages/airflow/example_dags/example_bash_operator.py
[2026-08-04T08:37:01.640+0000] {logging_mixin.py:190} INFO - [2026-08-04T08:37:01.640+0000] {dag.py:3239} INFO - Sync 1 DAGs
[2026-08-04T08:37:01.665+0000] {logging_mixin.py:190} INFO - [2026-08-04T08:37:01.665+0000] {dag.py:4180} INFO - Setting next_dagrun for example_bash_operator to 2026-08-03 00:00:00+00:00, run_after=2026-08-04 00:00:00+00:00
[2026-08-04T08:37:01.686+0000] {processor.py:208} INFO - Processing /home/airflow/.local/lib/python3.12/site-packages/airflow/example_dags/example_bash_operator.py took 0.104 seconds
[2026-08-04T08:37:32.402+0000] {processor.py:186} INFO - Started process (PID=2148) to work on /home/airflow/.local/lib/python3.12/site-packages/airflow/example_dags/example_bash_operator.py
[2026-08-04T08:37:32.404+0000] {processor.py:914} INFO - Processing file /home/airflow/.local/lib/python3.12/site-packages/airflow/example_dags/example_bash_operator.py for tasks to queue
[2026-08-04T08:37:32.407+0000] {logging_mixin.py:190} INFO - [2026-08-04T08:37:32.407+0000] {dagbag.py:588} INFO - Filling up the DagBag from /home/airflow/.local/lib/python3.12/site-packages/airflow/example_dags/example_bash_operator.py
[2026-08-04T08:37:32.422+0000] {processor.py:925} INFO - DAG(s) 'example_bash_operator' retrieved from /home/airflow/.local/lib/python3.12/site-packages/airflow/example_dags/example_bash_operator.py
[2026-08-04T08:37:32.448+0000] {logging_mixin.py:190} INFO - [2026-08-04T08:37:32.448+0000] {dag.py:3239} INFO - Sync 1 DAGs
[2026-08-04T08:37:32.474+0000] {logging_mixin.py:190} INFO - [2026-08-04T08:37:32.474+0000] {dag.py:4180} INFO - Setting next_dagrun for example_bash_operator to 2026-08-03 00:00:00+00:00, run_after=2026-08-04 00:00:00+00:00
[2026-08-04T08:37:32.497+0000] {processor.py:208} INFO - Processing /home/airflow/.local/lib/python3.12/site-packages/airflow/example_dags/example_bash_operator.py took 0.100 seconds
[2026-08-04T08:38:03.175+0000] {processor.py:186} INFO - Started process (PID=2213) to work on /home/airflow/.local/lib/python3.12/site-packages/airflow/example_dags/example_bash_operator.py
[2026-08-04T08:38:03.176+0000] {processor.py:914} INFO - Processing file /home/airflow/.local/lib/python3.12/site-packages/airflow/example_dags/example_bash_operator.py for tasks to queue
[2026-08-04T08:38:03.179+0000] {logging_mixin.py:190} INFO - [2026-08-04T08:38:03.178+0000] {dagbag.py:588} INFO - Filling up the DagBag from /home/airflow/.local/lib/python3.12/site-packages/airflow/example_dags/example_bash_operator.py
[2026-08-04T08:38:03.193+0000] {processor.py:925} INFO - DAG(s) 'example_bash_operator' retrieved from /home/airflow/.local/lib/python3.12/site-packages/airflow/example_dags/example_bash_operator.py
[2026-08-04T08:38:03.218+0000] {logging_mixin.py:190} INFO - [2026-08-04T08:38:03.217+0000] {dag.py:3239} INFO - Sync 1 DAGs
[2026-08-04T08:38:03.242+0000] {logging_mixin.py:190} INFO - [2026-08-04T08:38:03.242+0000] {dag.py:4180} INFO - Setting next_dagrun for example_bash_operator to 2026-08-03 00:00:00+00:00, run_after=2026-08-04 00:00:00+00:00
[2026-08-04T08:38:03.260+0000] {processor.py:208} INFO - Processing /home/airflow/.local/lib/python3.12/site-packages/airflow/example_dags/example_bash_operator.py took 0.092 seconds
[2026-08-04T08:38:34.113+0000] {processor.py:186} INFO - Started process (PID=2280) to work on /home/airflow/.local/lib/python3.12/site-packages/airflow/example_dags/example_bash_operator.py
[2026-08-04T08:38:34.114+0000] {processor.py:914} INFO - Processing file /home/airflow/.local/lib/python3.12/site-packages/airflow/example_dags/example_bash_operator.py for tasks to queue
[2026-08-04T08:38:34.117+0000] {logging_mixin.py:190} INFO - [2026-08-04T08:38:34.117+0000] {dagbag.py:588} INFO - Filling up the DagBag from /home/airflow/.local/lib/python3.12/site-packages/airflow/example_dags/example_bash_operator.py
[2026-08-04T08:38:34.131+0000] {processor.py:925} INFO - DAG(s) 'example_bash_operator' retrieved from /home/airflow/.local/lib/python3.12/site-packages/airflow/example_dags/example_bash_operator.py
[2026-08-04T08:38:34.162+0000] {logging_mixin.py:190} INFO - [2026-08-04T08:38:34.162+0000] {dag.py:3239} INFO - Sync 1 DAGs
[2026-08-04T08:38:34.188+0000] {logging_mixin.py:190} INFO - [2026-08-04T08:38:34.188+0000] {dag.py:4180} INFO - Setting next_dagrun for example_bash_operator to 2026-08-03 00:00:00+00:00, run_after=2026-08-04 00:00:00+00:00
[2026-08-04T08:38:34.209+0000] {processor.py:208} INFO - Processing /home/airflow/.local/lib/python3.12/site-packages/airflow/example_dags/example_bash_operator.py took 0.102 seconds
[2026-08-04T08:39:05.761+0000] {processor.py:186} INFO - Started process (PID=2353) to work on /home/airflow/.local/lib/python3.12/site-packages/airflow/example_dags/example_bash_operator.py
[2026-08-04T08:39:05.762+0000] {processor.py:914} INFO - Processing file /home/airflow/.local/lib/python3.12/site-packages/airflow/example_dags/example_bash_operator.py for tasks to queue
[2026-08-04T08:39:05.765+0000] {logging_mixin.py:190} INFO - [2026-08-04T08:39:05.765+0000] {dagbag.py:588} INFO - Filling up the DagBag from /home/airflow/.local/lib/python3.12/site-packages/airflow/example_dags/example_bash_operator.py
[2026-08-04T08:39:05.783+0000] {processor.py:925} INFO - DAG(s) 'example_bash_operator' retrieved from /home/airflow/.local/lib/python3.12/site-packages/airflow/example_dags/example_bash_operator.py
[2026-08-04T08:39:05.808+0000] {logging_mixin.py:190} INFO - [2026-08-04T08:39:05.808+0000] {dag.py:3239} INFO - Sync 1 DAGs
[2026-08-04T08:39:05.833+0000] {logging_mixin.py:190} INFO - [2026-08-04T08:39:05.833+0000] {dag.py:4180} INFO - Setting next_dagrun for example_bash_operator to 2026-08-03 00:00:00+00:00, run_after=2026-08-04 00:00:00+00:00
[2026-08-04T08:39:05.854+0000] {processor.py:208} INFO - Processing /home/airflow/.local/lib/python3.12/site-packages/airflow/example_dags/example_bash_operator.py took 0.099 seconds
[2026-08-04T08:39:36.763+0000] {processor.py:186} INFO - Started process (PID=2418) to work on /home/airflow/.local/lib/python3.12/site-packages/airflow/example_dags/example_bash_operator.py
[2026-08-04T08:39:36.764+0000] {processor.py:914} INFO - Processing file /home/airflow/.local/lib/python3.12/site-packages/airflow/example_dags/example_bash_operator.py for tasks to queue
[2026-08-04T08:39:36.767+0000] {logging_mixin.py:190} INFO - [2026-08-04T08:39:36.766+0000] {dagbag.py:588} INFO - Filling up the DagBag from /home/airflow/.local/lib/python3.12/site-packages/airflow/example_dags/example_bash_operator.py
[2026-08-04T08:39:36.797+0000] {processor.py:925} INFO - DAG(s) 'example_bash_operator' retrieved from /home/airflow/.local/lib/python3.12/site-packages/airflow/example_dags/example_bash_operator.py
[2026-08-04T08:39:36.863+0000] {logging_mixin.py:190} INFO - [2026-08-04T08:39:36.863+0000] {dag.py:3239} INFO - Sync 1 DAGs
[2026-08-04T08:39:36.892+0000] {logging_mixin.py:190} INFO - [2026-08-04T08:39:36.892+0000] {dag.py:4180} INFO - Setting next_dagrun for example_bash_operator to 2026-08-03 00:00:00+00:00, run_after=2026-08-04 00:00:00+00:00
[2026-08-04T08:39:36.914+0000] {processor.py:208} INFO - Processing /home/airflow/.local/lib/python3.12/site-packages/airflow/example_dags/example_bash_operator.py took 0.157 seconds
[2026-08-04T08:40:07.452+0000] {processor.py:186} INFO - Started process (PID=2482) to work on /home/airflow/.local/lib/python3.12/site-packages/airflow/example_dags/example_bash_operator.py
[2026-08-04T08:40:07.453+0000] {processor.py:914} INFO - Processing file /home/airflow/.local/lib/python3.12/site-packages/airflow/example_dags/example_bash_operator.py for tasks to queue
[2026-08-04T08:40:07.456+0000] {logging_mixin.py:190} INFO - [2026-08-04T08:40:07.456+0000] {dagbag.py:588} INFO - Filling up the DagBag from /home/airflow/.local/lib/python3.12/site-packages/airflow/example_dags/example_bash_operator.py
[2026-08-04T08:40:07.469+0000] {processor.py:925} INFO - DAG(s) 'example_bash_operator' retrieved from /home/airflow/.local/lib/python3.12/site-packages/airflow/example_dags/example_bash_operator.py
[2026-08-04T08:40:07.497+0000] {logging_mixin.py:190} INFO - [2026-08-04T08:40:07.497+0000] {dag.py:3239} INFO - Sync 1 DAGs
[2026-08-04T08:40:07.524+0000] {logging_mixin.py:190} INFO - [2026-08-04T08:40:07.524+0000] {dag.py:4180} INFO - Setting next_dagrun for example_bash_operator to 2026-08-03 00:00:00+00:00, run_after=2026-08-04 00:00:00+00:00
[2026-08-04T08:40:07.543+0000] {processor.py:208} INFO - Processing /home/airflow/.local/lib/python3.12/site-packages/airflow/example_dags/example_bash_operator.py took 0.097 seconds
[2026-08-04T08:40:38.656+0000] {processor.py:186} INFO - Started process (PID=2549) to work on /home/airflow/.local/lib/python3.12/site-packages/airflow/example_dags/example_bash_operator.py
[2026-08-04T08:40:38.658+0000] {processor.py:914} INFO - Processing file /home/airflow/.local/lib/python3.12/site-packages/airflow/example_dags/example_bash_operator.py for tasks to queue
[2026-08-04T08:40:38.664+0000] {logging_mixin.py:190} INFO - [2026-08-04T08:40:38.663+0000] {dagbag.py:588} INFO - Filling up the DagBag from /home/airflow/.local/lib/python3.12/site-packages/airflow/example_dags/example_bash_operator.py
[2026-08-04T08:40:38.693+0000] {processor.py:925} INFO - DAG(s) 'example_bash_operator' retrieved from /home/airflow/.local/lib/python3.12/site-packages/airflow/example_dags/example_bash_operator.py
[2026-08-04T08:40:38.754+0000] {logging_mixin.py:190} INFO - [2026-08-04T08:40:38.754+0000] {dag.py:3239} INFO - Sync 1 DAGs
[2026-08-04T08:40:38.800+0000] {logging_mixin.py:190} INFO - [2026-08-04T08:40:38.800+0000] {dag.py:4180} INFO - Setting next_dagrun for example_bash_operator to 2026-08-03 00:00:00+00:00, run_after=2026-08-04 00:00:00+00:00
[2026-08-04T08:40:38.824+0000] {processor.py:208} INFO - Processing /home/airflow/.local/lib/python3.12/site-packages/airflow/example_dags/example_bash_operator.py took 0.180 seconds
[2026-08-04T08:41:09.640+0000] {processor.py:186} INFO - Started process (PID=2613) to work on /home/airflow/.local/lib/python3.12/site-packages/airflow/example_dags/example_bash_operator.py
[2026-08-04T08:41:09.641+0000] {processor.py:914} INFO - Processing file /home/airflow/.local/lib/python3.12/site-packages/airflow/example_dags/example_bash_operator.py for tasks to queue
[2026-08-04T08:41:09.644+0000] {logging_mixin.py:190} INFO - [2026-08-04T08:41:09.643+0000] {dagbag.py:588} INFO - Filling up the DagBag from /home/airflow/.local/lib/python3.12/site-packages/airflow/example_dags/example_bash_operator.py
[2026-08-04T08:41:09.658+0000] {processor.py:925} INFO - DAG(s) 'example_bash_operator' retrieved from /home/airflow/.local/lib/python3.12/site-packages/airflow/example_dags/example_bash_operator.py
[2026-08-04T08:41:09.687+0000] {logging_mixin.py:190} INFO - [2026-08-04T08:41:09.687+0000] {dag.py:3239} INFO - Sync 1 DAGs
[2026-08-04T08:41:09.716+0000] {logging_mixin.py:190} INFO - [2026-08-04T08:41:09.716+0000] {dag.py:4180} INFO - Setting next_dagrun for example_bash_operator to 2026-08-03 00:00:00+00:00, run_after=2026-08-04 00:00:00+00:00
[2026-08-04T08:41:09.738+0000] {processor.py:208} INFO - Processing /home/airflow/.local/lib/python3.12/site-packages/airflow/example_dags/example_bash_operator.py took 0.106 seconds
[2026-08-04T08:41:42.181+0000] {processor.py:186} INFO - Started process (PID=2680) to work on /home/airflow/.local/lib/python3.12/site-packages/airflow/example_dags/example_bash_operator.py
[2026-08-04T08:41:42.183+0000] {processor.py:914} INFO - Processing file /home/airflow/.local/lib/python3.12/site-packages/airflow/example_dags/example_bash_operator.py for tasks to queue
[2026-08-04T08:41:42.186+0000] {logging_mixin.py:190} INFO - [2026-08-04T08:41:42.185+0000] {dagbag.py:588} INFO - Filling up the DagBag from /home/airflow/.local/lib/python3.12/site-packages/airflow/example_dags/example_bash_operator.py
[2026-08-04T08:41:42.202+0000] {processor.py:925} INFO - DAG(s) 'example_bash_operator' retrieved from /home/airflow/.local/lib/python3.12/site-packages/airflow/example_dags/example_bash_operator.py
[2026-08-04T08:41:42.234+0000] {logging_mixin.py:190} INFO - [2026-08-04T08:41:42.233+0000] {dag.py:3239} INFO - Sync 1 DAGs
[2026-08-04T08:41:42.262+0000] {logging_mixin.py:190} INFO - [2026-08-04T08:41:42.262+0000] {dag.py:4180} INFO - Setting next_dagrun for example_bash_operator to 2026-08-03 00:00:00+00:00, run_after=2026-08-04 00:00:00+00:00
[2026-08-04T08:41:42.281+0000] {processor.py:208} INFO - Processing /home/airflow/.local/lib/python3.12/site-packages/airflow/example_dags/example_bash_operator.py took 0.106 seconds
