[2026-08-04T07:47:13.938+0000] {processor.py:186} INFO - Started process (PID=103) to work on /home/airflow/.local/lib/python3.12/site-packages/airflow/example_dags/example_skip_dag.py
[2026-08-04T07:47:13.940+0000] {processor.py:914} INFO - Processing file /home/airflow/.local/lib/python3.12/site-packages/airflow/example_dags/example_skip_dag.py for tasks to queue
[2026-08-04T07:47:13.943+0000] {logging_mixin.py:190} INFO - [2026-08-04T07:47:13.943+0000] {dagbag.py:588} INFO - Filling up the DagBag from /home/airflow/.local/lib/python3.12/site-packages/airflow/example_dags/example_skip_dag.py
[2026-08-04T07:47:13.954+0000] {processor.py:925} INFO - DAG(s) 'example_skip_dag' retrieved from /home/airflow/.local/lib/python3.12/site-packages/airflow/example_dags/example_skip_dag.py
[2026-08-04T07:47:13.988+0000] {logging_mixin.py:190} INFO - [2026-08-04T07:47:13.988+0000] {dag.py:3239} INFO - Sync 1 DAGs
[2026-08-04T07:47:14.030+0000] {logging_mixin.py:190} INFO - [2026-08-04T07:47:14.029+0000] {dag.py:4180} INFO - Setting next_dagrun for example_skip_dag to 2026-08-03 00:00:00+00:00, run_after=2026-08-04 00:00:00+00:00
[2026-08-04T07:47:14.057+0000] {processor.py:208} INFO - Processing /home/airflow/.local/lib/python3.12/site-packages/airflow/example_dags/example_skip_dag.py took 0.125 seconds
[2026-08-04T08:21:19.965+0000] {processor.py:186} INFO - Started process (PID=103) to work on /home/airflow/.local/lib/python3.12/site-packages/airflow/example_dags/example_skip_dag.py
[2026-08-04T08:21:19.967+0000] {processor.py:914} INFO - Processing file /home/airflow/.local/lib/python3.12/site-packages/airflow/example_dags/example_skip_dag.py for tasks to queue
[2026-08-04T08:21:19.971+0000] {logging_mixin.py:190} INFO - [2026-08-04T08:21:19.971+0000] {dagbag.py:588} INFO - Filling up the DagBag from /home/airflow/.local/lib/python3.12/site-packages/airflow/example_dags/example_skip_dag.py
[2026-08-04T08:21:19.984+0000] {processor.py:925} INFO - DAG(s) 'example_skip_dag' retrieved from /home/airflow/.local/lib/python3.12/site-packages/airflow/example_dags/example_skip_dag.py
[2026-08-04T08:21:20.014+0000] {logging_mixin.py:190} INFO - [2026-08-04T08:21:20.014+0000] {dag.py:3239} INFO - Sync 1 DAGs
[2026-08-04T08:21:20.048+0000] {logging_mixin.py:190} INFO - [2026-08-04T08:21:20.047+0000] {dag.py:4180} INFO - Setting next_dagrun for example_skip_dag to 2026-08-03 00:00:00+00:00, run_after=2026-08-04 00:00:00+00:00
[2026-08-04T08:21:20.094+0000] {processor.py:208} INFO - Processing /home/airflow/.local/lib/python3.12/site-packages/airflow/example_dags/example_skip_dag.py took 0.138 seconds
[2026-08-04T08:21:51.368+0000] {processor.py:186} INFO - Started process (PID=168) to work on /home/airflow/.local/lib/python3.12/site-packages/airflow/example_dags/example_skip_dag.py
[2026-08-04T08:21:51.370+0000] {processor.py:914} INFO - Processing file /home/airflow/.local/lib/python3.12/site-packages/airflow/example_dags/example_skip_dag.py for tasks to queue
[2026-08-04T08:21:51.373+0000] {logging_mixin.py:190} INFO - [2026-08-04T08:21:51.372+0000] {dagbag.py:588} INFO - Filling up the DagBag from /home/airflow/.local/lib/python3.12/site-packages/airflow/example_dags/example_skip_dag.py
[2026-08-04T08:21:51.383+0000] {processor.py:925} INFO - DAG(s) 'example_skip_dag' retrieved from /home/airflow/.local/lib/python3.12/site-packages/airflow/example_dags/example_skip_dag.py
[2026-08-04T08:21:51.409+0000] {logging_mixin.py:190} INFO - [2026-08-04T08:21:51.409+0000] {dag.py:3239} INFO - Sync 1 DAGs
[2026-08-04T08:21:51.438+0000] {logging_mixin.py:190} INFO - [2026-08-04T08:21:51.438+0000] {dag.py:4180} INFO - Setting next_dagrun for example_skip_dag to 2026-08-03 00:00:00+00:00, run_after=2026-08-04 00:00:00+00:00
[2026-08-04T08:21:51.466+0000] {processor.py:208} INFO - Processing /home/airflow/.local/lib/python3.12/site-packages/airflow/example_dags/example_skip_dag.py took 0.104 seconds
[2026-08-04T08:22:22.507+0000] {processor.py:186} INFO - Started process (PID=233) to work on /home/airflow/.local/lib/python3.12/site-packages/airflow/example_dags/example_skip_dag.py
[2026-08-04T08:22:22.508+0000] {processor.py:914} INFO - Processing file /home/airflow/.local/lib/python3.12/site-packages/airflow/example_dags/example_skip_dag.py for tasks to queue
[2026-08-04T08:22:22.512+0000] {logging_mixin.py:190} INFO - [2026-08-04T08:22:22.511+0000] {dagbag.py:588} INFO - Filling up the DagBag from /home/airflow/.local/lib/python3.12/site-packages/airflow/example_dags/example_skip_dag.py
[2026-08-04T08:22:22.522+0000] {processor.py:925} INFO - DAG(s) 'example_skip_dag' retrieved from /home/airflow/.local/lib/python3.12/site-packages/airflow/example_dags/example_skip_dag.py
[2026-08-04T08:22:22.548+0000] {logging_mixin.py:190} INFO - [2026-08-04T08:22:22.548+0000] {dag.py:3239} INFO - Sync 1 DAGs
[2026-08-04T08:22:22.584+0000] {logging_mixin.py:190} INFO - [2026-08-04T08:22:22.583+0000] {dag.py:4180} INFO - Setting next_dagrun for example_skip_dag to 2026-08-03 00:00:00+00:00, run_after=2026-08-04 00:00:00+00:00
[2026-08-04T08:22:22.617+0000] {processor.py:208} INFO - Processing /home/airflow/.local/lib/python3.12/site-packages/airflow/example_dags/example_skip_dag.py took 0.119 seconds
[2026-08-04T08:22:53.565+0000] {processor.py:186} INFO - Started process (PID=298) to work on /home/airflow/.local/lib/python3.12/site-packages/airflow/example_dags/example_skip_dag.py
[2026-08-04T08:22:53.566+0000] {processor.py:914} INFO - Processing file /home/airflow/.local/lib/python3.12/site-packages/airflow/example_dags/example_skip_dag.py for tasks to queue
[2026-08-04T08:22:53.570+0000] {logging_mixin.py:190} INFO - [2026-08-04T08:22:53.569+0000] {dagbag.py:588} INFO - Filling up the DagBag from /home/airflow/.local/lib/python3.12/site-packages/airflow/example_dags/example_skip_dag.py
[2026-08-04T08:22:53.581+0000] {processor.py:925} INFO - DAG(s) 'example_skip_dag' retrieved from /home/airflow/.local/lib/python3.12/site-packages/airflow/example_dags/example_skip_dag.py
[2026-08-04T08:22:53.605+0000] {logging_mixin.py:190} INFO - [2026-08-04T08:22:53.605+0000] {dag.py:3239} INFO - Sync 1 DAGs
[2026-08-04T08:22:53.635+0000] {logging_mixin.py:190} INFO - [2026-08-04T08:22:53.635+0000] {dag.py:4180} INFO - Setting next_dagrun for example_skip_dag to 2026-08-03 00:00:00+00:00, run_after=2026-08-04 00:00:00+00:00
[2026-08-04T08:22:53.659+0000] {processor.py:208} INFO - Processing /home/airflow/.local/lib/python3.12/site-packages/airflow/example_dags/example_skip_dag.py took 0.102 seconds
[2026-08-04T08:23:25.310+0000] {processor.py:186} INFO - Started process (PID=363) to work on /home/airflow/.local/lib/python3.12/site-packages/airflow/example_dags/example_skip_dag.py
[2026-08-04T08:23:25.312+0000] {processor.py:914} INFO - Processing file /home/airflow/.local/lib/python3.12/site-packages/airflow/example_dags/example_skip_dag.py for tasks to queue
[2026-08-04T08:23:25.315+0000] {logging_mixin.py:190} INFO - [2026-08-04T08:23:25.315+0000] {dagbag.py:588} INFO - Filling up the DagBag from /home/airflow/.local/lib/python3.12/site-packages/airflow/example_dags/example_skip_dag.py
[2026-08-04T08:23:25.325+0000] {processor.py:925} INFO - DAG(s) 'example_skip_dag' retrieved from /home/airflow/.local/lib/python3.12/site-packages/airflow/example_dags/example_skip_dag.py
[2026-08-04T08:23:25.348+0000] {logging_mixin.py:190} INFO - [2026-08-04T08:23:25.348+0000] {dag.py:3239} INFO - Sync 1 DAGs
[2026-08-04T08:23:25.373+0000] {logging_mixin.py:190} INFO - [2026-08-04T08:23:25.373+0000] {dag.py:4180} INFO - Setting next_dagrun for example_skip_dag to 2026-08-03 00:00:00+00:00, run_after=2026-08-04 00:00:00+00:00
[2026-08-04T08:23:25.392+0000] {processor.py:208} INFO - Processing /home/airflow/.local/lib/python3.12/site-packages/airflow/example_dags/example_skip_dag.py took 0.089 seconds
[2026-08-04T08:23:56.741+0000] {processor.py:186} INFO - Started process (PID=428) to work on /home/airflow/.local/lib/python3.12/site-packages/airflow/example_dags/example_skip_dag.py
[2026-08-04T08:23:56.743+0000] {processor.py:914} INFO - Processing file /home/airflow/.local/lib/python3.12/site-packages/airflow/example_dags/example_skip_dag.py for tasks to queue
[2026-08-04T08:23:56.746+0000] {logging_mixin.py:190} INFO - [2026-08-04T08:23:56.746+0000] {dagbag.py:588} INFO - Filling up the DagBag from /home/airflow/.local/lib/python3.12/site-packages/airflow/example_dags/example_skip_dag.py
[2026-08-04T08:23:56.758+0000] {processor.py:925} INFO - DAG(s) 'example_skip_dag' retrieved from /home/airflow/.local/lib/python3.12/site-packages/airflow/example_dags/example_skip_dag.py
[2026-08-04T08:23:56.786+0000] {logging_mixin.py:190} INFO - [2026-08-04T08:23:56.786+0000] {dag.py:3239} INFO - Sync 1 DAGs
[2026-08-04T08:23:56.814+0000] {logging_mixin.py:190} INFO - [2026-08-04T08:23:56.814+0000] {dag.py:4180} INFO - Setting next_dagrun for example_skip_dag to 2026-08-03 00:00:00+00:00, run_after=2026-08-04 00:00:00+00:00
[2026-08-04T08:23:56.836+0000] {processor.py:208} INFO - Processing /home/airflow/.local/lib/python3.12/site-packages/airflow/example_dags/example_skip_dag.py took 0.102 seconds
[2026-08-04T08:24:27.989+0000] {processor.py:186} INFO - Started process (PID=493) to work on /home/airflow/.local/lib/python3.12/site-packages/airflow/example_dags/example_skip_dag.py
[2026-08-04T08:24:27.992+0000] {processor.py:914} INFO - Processing file /home/airflow/.local/lib/python3.12/site-packages/airflow/example_dags/example_skip_dag.py for tasks to queue
[2026-08-04T08:24:27.995+0000] {logging_mixin.py:190} INFO - [2026-08-04T08:24:27.995+0000] {dagbag.py:588} INFO - Filling up the DagBag from /home/airflow/.local/lib/python3.12/site-packages/airflow/example_dags/example_skip_dag.py
[2026-08-04T08:24:28.008+0000] {processor.py:925} INFO - DAG(s) 'example_skip_dag' retrieved from /home/airflow/.local/lib/python3.12/site-packages/airflow/example_dags/example_skip_dag.py
[2026-08-04T08:24:28.034+0000] {logging_mixin.py:190} INFO - [2026-08-04T08:24:28.034+0000] {dag.py:3239} INFO - Sync 1 DAGs
[2026-08-04T08:24:28.064+0000] {logging_mixin.py:190} INFO - [2026-08-04T08:24:28.064+0000] {dag.py:4180} INFO - Setting next_dagrun for example_skip_dag to 2026-08-03 00:00:00+00:00, run_after=2026-08-04 00:00:00+00:00
[2026-08-04T08:24:28.084+0000] {processor.py:208} INFO - Processing /home/airflow/.local/lib/python3.12/site-packages/airflow/example_dags/example_skip_dag.py took 0.106 seconds
[2026-08-04T08:24:59.645+0000] {processor.py:186} INFO - Started process (PID=559) to work on /home/airflow/.local/lib/python3.12/site-packages/airflow/example_dags/example_skip_dag.py
[2026-08-04T08:24:59.646+0000] {processor.py:914} INFO - Processing file /home/airflow/.local/lib/python3.12/site-packages/airflow/example_dags/example_skip_dag.py for tasks to queue
[2026-08-04T08:24:59.649+0000] {logging_mixin.py:190} INFO - [2026-08-04T08:24:59.648+0000] {dagbag.py:588} INFO - Filling up the DagBag from /home/airflow/.local/lib/python3.12/site-packages/airflow/example_dags/example_skip_dag.py
[2026-08-04T08:24:59.658+0000] {processor.py:925} INFO - DAG(s) 'example_skip_dag' retrieved from /home/airflow/.local/lib/python3.12/site-packages/airflow/example_dags/example_skip_dag.py
[2026-08-04T08:24:59.681+0000] {logging_mixin.py:190} INFO - [2026-08-04T08:24:59.681+0000] {dag.py:3239} INFO - Sync 1 DAGs
[2026-08-04T08:24:59.708+0000] {logging_mixin.py:190} INFO - [2026-08-04T08:24:59.708+0000] {dag.py:4180} INFO - Setting next_dagrun for example_skip_dag to 2026-08-03 00:00:00+00:00, run_after=2026-08-04 00:00:00+00:00
[2026-08-04T08:24:59.731+0000] {processor.py:208} INFO - Processing /home/airflow/.local/lib/python3.12/site-packages/airflow/example_dags/example_skip_dag.py took 0.092 seconds
[2026-08-04T08:25:30.848+0000] {processor.py:186} INFO - Started process (PID=624) to work on /home/airflow/.local/lib/python3.12/site-packages/airflow/example_dags/example_skip_dag.py
[2026-08-04T08:25:30.849+0000] {processor.py:914} INFO - Processing file /home/airflow/.local/lib/python3.12/site-packages/airflow/example_dags/example_skip_dag.py for tasks to queue
[2026-08-04T08:25:30.852+0000] {logging_mixin.py:190} INFO - [2026-08-04T08:25:30.851+0000] {dagbag.py:588} INFO - Filling up the DagBag from /home/airflow/.local/lib/python3.12/site-packages/airflow/example_dags/example_skip_dag.py
[2026-08-04T08:25:30.861+0000] {processor.py:925} INFO - DAG(s) 'example_skip_dag' retrieved from /home/airflow/.local/lib/python3.12/site-packages/airflow/example_dags/example_skip_dag.py
[2026-08-04T08:25:30.881+0000] {logging_mixin.py:190} INFO - [2026-08-04T08:25:30.881+0000] {dag.py:3239} INFO - Sync 1 DAGs
[2026-08-04T08:25:30.906+0000] {logging_mixin.py:190} INFO - [2026-08-04T08:25:30.906+0000] {dag.py:4180} INFO - Setting next_dagrun for example_skip_dag to 2026-08-03 00:00:00+00:00, run_after=2026-08-04 00:00:00+00:00
[2026-08-04T08:25:30.926+0000] {processor.py:208} INFO - Processing /home/airflow/.local/lib/python3.12/site-packages/airflow/example_dags/example_skip_dag.py took 0.084 seconds
[2026-08-04T08:26:02.029+0000] {processor.py:186} INFO - Started process (PID=689) to work on /home/airflow/.local/lib/python3.12/site-packages/airflow/example_dags/example_skip_dag.py
[2026-08-04T08:26:02.031+0000] {processor.py:914} INFO - Processing file /home/airflow/.local/lib/python3.12/site-packages/airflow/example_dags/example_skip_dag.py for tasks to queue
[2026-08-04T08:26:02.035+0000] {logging_mixin.py:190} INFO - [2026-08-04T08:26:02.034+0000] {dagbag.py:588} INFO - Filling up the DagBag from /home/airflow/.local/lib/python3.12/site-packages/airflow/example_dags/example_skip_dag.py
[2026-08-04T08:26:02.046+0000] {processor.py:925} INFO - DAG(s) 'example_skip_dag' retrieved from /home/airflow/.local/lib/python3.12/site-packages/airflow/example_dags/example_skip_dag.py
[2026-08-04T08:26:02.070+0000] {logging_mixin.py:190} INFO - [2026-08-04T08:26:02.070+0000] {dag.py:3239} INFO - Sync 1 DAGs
[2026-08-04T08:26:02.096+0000] {logging_mixin.py:190} INFO - [2026-08-04T08:26:02.096+0000] {dag.py:4180} INFO - Setting next_dagrun for example_skip_dag to 2026-08-03 00:00:00+00:00, run_after=2026-08-04 00:00:00+00:00
[2026-08-04T08:26:02.117+0000] {processor.py:208} INFO - Processing /home/airflow/.local/lib/python3.12/site-packages/airflow/example_dags/example_skip_dag.py took 0.096 seconds
[2026-08-04T08:26:33.054+0000] {processor.py:186} INFO - Started process (PID=755) to work on /home/airflow/.local/lib/python3.12/site-packages/airflow/example_dags/example_skip_dag.py
[2026-08-04T08:26:33.055+0000] {processor.py:914} INFO - Processing file /home/airflow/.local/lib/python3.12/site-packages/airflow/example_dags/example_skip_dag.py for tasks to queue
[2026-08-04T08:26:33.058+0000] {logging_mixin.py:190} INFO - [2026-08-04T08:26:33.058+0000] {dagbag.py:588} INFO - Filling up the DagBag from /home/airflow/.local/lib/python3.12/site-packages/airflow/example_dags/example_skip_dag.py
[2026-08-04T08:26:33.069+0000] {processor.py:925} INFO - DAG(s) 'example_skip_dag' retrieved from /home/airflow/.local/lib/python3.12/site-packages/airflow/example_dags/example_skip_dag.py
[2026-08-04T08:26:33.092+0000] {logging_mixin.py:190} INFO - [2026-08-04T08:26:33.092+0000] {dag.py:3239} INFO - Sync 1 DAGs
[2026-08-04T08:26:33.120+0000] {logging_mixin.py:190} INFO - [2026-08-04T08:26:33.119+0000] {dag.py:4180} INFO - Setting next_dagrun for example_skip_dag to 2026-08-03 00:00:00+00:00, run_after=2026-08-04 00:00:00+00:00
[2026-08-04T08:26:33.144+0000] {processor.py:208} INFO - Processing /home/airflow/.local/lib/python3.12/site-packages/airflow/example_dags/example_skip_dag.py took 0.096 seconds
[2026-08-04T08:27:04.533+0000] {processor.py:186} INFO - Started process (PID=820) to work on /home/airflow/.local/lib/python3.12/site-packages/airflow/example_dags/example_skip_dag.py
[2026-08-04T08:27:04.535+0000] {processor.py:914} INFO - Processing file /home/airflow/.local/lib/python3.12/site-packages/airflow/example_dags/example_skip_dag.py for tasks to queue
[2026-08-04T08:27:04.538+0000] {logging_mixin.py:190} INFO - [2026-08-04T08:27:04.537+0000] {dagbag.py:588} INFO - Filling up the DagBag from /home/airflow/.local/lib/python3.12/site-packages/airflow/example_dags/example_skip_dag.py
[2026-08-04T08:27:04.546+0000] {processor.py:925} INFO - DAG(s) 'example_skip_dag' retrieved from /home/airflow/.local/lib/python3.12/site-packages/airflow/example_dags/example_skip_dag.py
[2026-08-04T08:27:04.570+0000] {logging_mixin.py:190} INFO - [2026-08-04T08:27:04.570+0000] {dag.py:3239} INFO - Sync 1 DAGs
[2026-08-04T08:27:04.597+0000] {logging_mixin.py:190} INFO - [2026-08-04T08:27:04.597+0000] {dag.py:4180} INFO - Setting next_dagrun for example_skip_dag to 2026-08-03 00:00:00+00:00, run_after=2026-08-04 00:00:00+00:00
[2026-08-04T08:27:04.617+0000] {processor.py:208} INFO - Processing /home/airflow/.local/lib/python3.12/site-packages/airflow/example_dags/example_skip_dag.py took 0.090 seconds
[2026-08-04T08:27:35.775+0000] {processor.py:186} INFO - Started process (PID=885) to work on /home/airflow/.local/lib/python3.12/site-packages/airflow/example_dags/example_skip_dag.py
[2026-08-04T08:27:35.776+0000] {processor.py:914} INFO - Processing file /home/airflow/.local/lib/python3.12/site-packages/airflow/example_dags/example_skip_dag.py for tasks to queue
[2026-08-04T08:27:35.779+0000] {logging_mixin.py:190} INFO - [2026-08-04T08:27:35.778+0000] {dagbag.py:588} INFO - Filling up the DagBag from /home/airflow/.local/lib/python3.12/site-packages/airflow/example_dags/example_skip_dag.py
[2026-08-04T08:27:35.787+0000] {processor.py:925} INFO - DAG(s) 'example_skip_dag' retrieved from /home/airflow/.local/lib/python3.12/site-packages/airflow/example_dags/example_skip_dag.py
[2026-08-04T08:27:35.807+0000] {logging_mixin.py:190} INFO - [2026-08-04T08:27:35.807+0000] {dag.py:3239} INFO - Sync 1 DAGs
[2026-08-04T08:27:35.831+0000] {logging_mixin.py:190} INFO - [2026-08-04T08:27:35.831+0000] {dag.py:4180} INFO - Setting next_dagrun for example_skip_dag to 2026-08-03 00:00:00+00:00, run_after=2026-08-04 00:00:00+00:00
[2026-08-04T08:27:35.850+0000] {processor.py:208} INFO - Processing /home/airflow/.local/lib/python3.12/site-packages/airflow/example_dags/example_skip_dag.py took 0.081 seconds
[2026-08-04T08:28:06.824+0000] {processor.py:186} INFO - Started process (PID=950) to work on /home/airflow/.local/lib/python3.12/site-packages/airflow/example_dags/example_skip_dag.py
[2026-08-04T08:28:06.826+0000] {processor.py:914} INFO - Processing file /home/airflow/.local/lib/python3.12/site-packages/airflow/example_dags/example_skip_dag.py for tasks to queue
[2026-08-04T08:28:06.829+0000] {logging_mixin.py:190} INFO - [2026-08-04T08:28:06.829+0000] {dagbag.py:588} INFO - Filling up the DagBag from /home/airflow/.local/lib/python3.12/site-packages/airflow/example_dags/example_skip_dag.py
[2026-08-04T08:28:06.840+0000] {processor.py:925} INFO - DAG(s) 'example_skip_dag' retrieved from /home/airflow/.local/lib/python3.12/site-packages/airflow/example_dags/example_skip_dag.py
[2026-08-04T08:28:06.864+0000] {logging_mixin.py:190} INFO - [2026-08-04T08:28:06.863+0000] {dag.py:3239} INFO - Sync 1 DAGs
[2026-08-04T08:28:06.892+0000] {logging_mixin.py:190} INFO - [2026-08-04T08:28:06.892+0000] {dag.py:4180} INFO - Setting next_dagrun for example_skip_dag to 2026-08-03 00:00:00+00:00, run_after=2026-08-04 00:00:00+00:00
[2026-08-04T08:28:06.914+0000] {processor.py:208} INFO - Processing /home/airflow/.local/lib/python3.12/site-packages/airflow/example_dags/example_skip_dag.py took 0.098 seconds
[2026-08-04T08:28:38.395+0000] {processor.py:186} INFO - Started process (PID=1015) to work on /home/airflow/.local/lib/python3.12/site-packages/airflow/example_dags/example_skip_dag.py
[2026-08-04T08:28:38.396+0000] {processor.py:914} INFO - Processing file /home/airflow/.local/lib/python3.12/site-packages/airflow/example_dags/example_skip_dag.py for tasks to queue
[2026-08-04T08:28:38.399+0000] {logging_mixin.py:190} INFO - [2026-08-04T08:28:38.399+0000] {dagbag.py:588} INFO - Filling up the DagBag from /home/airflow/.local/lib/python3.12/site-packages/airflow/example_dags/example_skip_dag.py
[2026-08-04T08:28:38.408+0000] {processor.py:925} INFO - DAG(s) 'example_skip_dag' retrieved from /home/airflow/.local/lib/python3.12/site-packages/airflow/example_dags/example_skip_dag.py
[2026-08-04T08:28:38.430+0000] {logging_mixin.py:190} INFO - [2026-08-04T08:28:38.430+0000] {dag.py:3239} INFO - Sync 1 DAGs
[2026-08-04T08:28:38.459+0000] {logging_mixin.py:190} INFO - [2026-08-04T08:28:38.458+0000] {dag.py:4180} INFO - Setting next_dagrun for example_skip_dag to 2026-08-03 00:00:00+00:00, run_after=2026-08-04 00:00:00+00:00
[2026-08-04T08:28:38.478+0000] {processor.py:208} INFO - Processing /home/airflow/.local/lib/python3.12/site-packages/airflow/example_dags/example_skip_dag.py took 0.089 seconds
[2026-08-04T08:29:09.983+0000] {processor.py:186} INFO - Started process (PID=1080) to work on /home/airflow/.local/lib/python3.12/site-packages/airflow/example_dags/example_skip_dag.py
[2026-08-04T08:29:09.984+0000] {processor.py:914} INFO - Processing file /home/airflow/.local/lib/python3.12/site-packages/airflow/example_dags/example_skip_dag.py for tasks to queue
[2026-08-04T08:29:09.989+0000] {logging_mixin.py:190} INFO - [2026-08-04T08:29:09.988+0000] {dagbag.py:588} INFO - Filling up the DagBag from /home/airflow/.local/lib/python3.12/site-packages/airflow/example_dags/example_skip_dag.py
[2026-08-04T08:29:10.006+0000] {processor.py:925} INFO - DAG(s) 'example_skip_dag' retrieved from /home/airflow/.local/lib/python3.12/site-packages/airflow/example_dags/example_skip_dag.py
[2026-08-04T08:29:10.034+0000] {logging_mixin.py:190} INFO - [2026-08-04T08:29:10.034+0000] {dag.py:3239} INFO - Sync 1 DAGs
[2026-08-04T08:29:10.065+0000] {logging_mixin.py:190} INFO - [2026-08-04T08:29:10.064+0000] {dag.py:4180} INFO - Setting next_dagrun for example_skip_dag to 2026-08-03 00:00:00+00:00, run_after=2026-08-04 00:00:00+00:00
[2026-08-04T08:29:10.086+0000] {processor.py:208} INFO - Processing /home/airflow/.local/lib/python3.12/site-packages/airflow/example_dags/example_skip_dag.py took 0.110 seconds
[2026-08-04T08:29:41.354+0000] {processor.py:186} INFO - Started process (PID=1145) to work on /home/airflow/.local/lib/python3.12/site-packages/airflow/example_dags/example_skip_dag.py
[2026-08-04T08:29:41.355+0000] {processor.py:914} INFO - Processing file /home/airflow/.local/lib/python3.12/site-packages/airflow/example_dags/example_skip_dag.py for tasks to queue
[2026-08-04T08:29:41.359+0000] {logging_mixin.py:190} INFO - [2026-08-04T08:29:41.358+0000] {dagbag.py:588} INFO - Filling up the DagBag from /home/airflow/.local/lib/python3.12/site-packages/airflow/example_dags/example_skip_dag.py
[2026-08-04T08:29:41.369+0000] {processor.py:925} INFO - DAG(s) 'example_skip_dag' retrieved from /home/airflow/.local/lib/python3.12/site-packages/airflow/example_dags/example_skip_dag.py
[2026-08-04T08:29:41.395+0000] {logging_mixin.py:190} INFO - [2026-08-04T08:29:41.395+0000] {dag.py:3239} INFO - Sync 1 DAGs
[2026-08-04T08:29:41.422+0000] {logging_mixin.py:190} INFO - [2026-08-04T08:29:41.422+0000] {dag.py:4180} INFO - Setting next_dagrun for example_skip_dag to 2026-08-03 00:00:00+00:00, run_after=2026-08-04 00:00:00+00:00
[2026-08-04T08:29:41.444+0000] {processor.py:208} INFO - Processing /home/airflow/.local/lib/python3.12/site-packages/airflow/example_dags/example_skip_dag.py took 0.098 seconds
[2026-08-04T08:30:12.679+0000] {processor.py:186} INFO - Started process (PID=1211) to work on /home/airflow/.local/lib/python3.12/site-packages/airflow/example_dags/example_skip_dag.py
[2026-08-04T08:30:12.681+0000] {processor.py:914} INFO - Processing file /home/airflow/.local/lib/python3.12/site-packages/airflow/example_dags/example_skip_dag.py for tasks to queue
[2026-08-04T08:30:12.684+0000] {logging_mixin.py:190} INFO - [2026-08-04T08:30:12.683+0000] {dagbag.py:588} INFO - Filling up the DagBag from /home/airflow/.local/lib/python3.12/site-packages/airflow/example_dags/example_skip_dag.py
[2026-08-04T08:30:12.692+0000] {processor.py:925} INFO - DAG(s) 'example_skip_dag' retrieved from /home/airflow/.local/lib/python3.12/site-packages/airflow/example_dags/example_skip_dag.py
[2026-08-04T08:30:12.714+0000] {logging_mixin.py:190} INFO - [2026-08-04T08:30:12.714+0000] {dag.py:3239} INFO - Sync 1 DAGs
[2026-08-04T08:30:12.739+0000] {logging_mixin.py:190} INFO - [2026-08-04T08:30:12.738+0000] {dag.py:4180} INFO - Setting next_dagrun for example_skip_dag to 2026-08-03 00:00:00+00:00, run_after=2026-08-04 00:00:00+00:00
[2026-08-04T08:30:12.759+0000] {processor.py:208} INFO - Processing /home/airflow/.local/lib/python3.12/site-packages/airflow/example_dags/example_skip_dag.py took 0.085 seconds
[2026-08-04T08:30:43.147+0000] {processor.py:186} INFO - Started process (PID=1276) to work on /home/airflow/.local/lib/python3.12/site-packages/airflow/example_dags/example_skip_dag.py
[2026-08-04T08:30:43.150+0000] {processor.py:914} INFO - Processing file /home/airflow/.local/lib/python3.12/site-packages/airflow/example_dags/example_skip_dag.py for tasks to queue
[2026-08-04T08:30:43.152+0000] {logging_mixin.py:190} INFO - [2026-08-04T08:30:43.152+0000] {dagbag.py:588} INFO - Filling up the DagBag from /home/airflow/.local/lib/python3.12/site-packages/airflow/example_dags/example_skip_dag.py
[2026-08-04T08:30:43.161+0000] {processor.py:925} INFO - DAG(s) 'example_skip_dag' retrieved from /home/airflow/.local/lib/python3.12/site-packages/airflow/example_dags/example_skip_dag.py
[2026-08-04T08:30:43.184+0000] {logging_mixin.py:190} INFO - [2026-08-04T08:30:43.184+0000] {dag.py:3239} INFO - Sync 1 DAGs
[2026-08-04T08:30:43.211+0000] {logging_mixin.py:190} INFO - [2026-08-04T08:30:43.211+0000] {dag.py:4180} INFO - Setting next_dagrun for example_skip_dag to 2026-08-03 00:00:00+00:00, run_after=2026-08-04 00:00:00+00:00
[2026-08-04T08:30:43.234+0000] {processor.py:208} INFO - Processing /home/airflow/.local/lib/python3.12/site-packages/airflow/example_dags/example_skip_dag.py took 0.097 seconds
[2026-08-04T08:31:14.648+0000] {processor.py:186} INFO - Started process (PID=1347) to work on /home/airflow/.local/lib/python3.12/site-packages/airflow/example_dags/example_skip_dag.py
[2026-08-04T08:31:14.650+0000] {processor.py:914} INFO - Processing file /home/airflow/.local/lib/python3.12/site-packages/airflow/example_dags/example_skip_dag.py for tasks to queue
[2026-08-04T08:31:14.653+0000] {logging_mixin.py:190} INFO - [2026-08-04T08:31:14.653+0000] {dagbag.py:588} INFO - Filling up the DagBag from /home/airflow/.local/lib/python3.12/site-packages/airflow/example_dags/example_skip_dag.py
[2026-08-04T08:31:14.663+0000] {processor.py:925} INFO - DAG(s) 'example_skip_dag' retrieved from /home/airflow/.local/lib/python3.12/site-packages/airflow/example_dags/example_skip_dag.py
[2026-08-04T08:31:14.685+0000] {logging_mixin.py:190} INFO - [2026-08-04T08:31:14.685+0000] {dag.py:3239} INFO - Sync 1 DAGs
[2026-08-04T08:31:14.710+0000] {logging_mixin.py:190} INFO - [2026-08-04T08:31:14.710+0000] {dag.py:4180} INFO - Setting next_dagrun for example_skip_dag to 2026-08-03 00:00:00+00:00, run_after=2026-08-04 00:00:00+00:00
[2026-08-04T08:31:14.731+0000] {processor.py:208} INFO - Processing /home/airflow/.local/lib/python3.12/site-packages/airflow/example_dags/example_skip_dag.py took 0.090 seconds
[2026-08-04T08:31:45.754+0000] {processor.py:186} INFO - Started process (PID=1412) to work on /home/airflow/.local/lib/python3.12/site-packages/airflow/example_dags/example_skip_dag.py
[2026-08-04T08:31:45.755+0000] {processor.py:914} INFO - Processing file /home/airflow/.local/lib/python3.12/site-packages/airflow/example_dags/example_skip_dag.py for tasks to queue
[2026-08-04T08:31:45.759+0000] {logging_mixin.py:190} INFO - [2026-08-04T08:31:45.758+0000] {dagbag.py:588} INFO - Filling up the DagBag from /home/airflow/.local/lib/python3.12/site-packages/airflow/example_dags/example_skip_dag.py
[2026-08-04T08:31:45.770+0000] {processor.py:925} INFO - DAG(s) 'example_skip_dag' retrieved from /home/airflow/.local/lib/python3.12/site-packages/airflow/example_dags/example_skip_dag.py
[2026-08-04T08:31:45.793+0000] {logging_mixin.py:190} INFO - [2026-08-04T08:31:45.793+0000] {dag.py:3239} INFO - Sync 1 DAGs
[2026-08-04T08:31:45.819+0000] {logging_mixin.py:190} INFO - [2026-08-04T08:31:45.819+0000] {dag.py:4180} INFO - Setting next_dagrun for example_skip_dag to 2026-08-03 00:00:00+00:00, run_after=2026-08-04 00:00:00+00:00
[2026-08-04T08:31:45.842+0000] {processor.py:208} INFO - Processing /home/airflow/.local/lib/python3.12/site-packages/airflow/example_dags/example_skip_dag.py took 0.096 seconds
[2026-08-04T08:32:17.325+0000] {processor.py:186} INFO - Started process (PID=1477) to work on /home/airflow/.local/lib/python3.12/site-packages/airflow/example_dags/example_skip_dag.py
[2026-08-04T08:32:17.326+0000] {processor.py:914} INFO - Processing file /home/airflow/.local/lib/python3.12/site-packages/airflow/example_dags/example_skip_dag.py for tasks to queue
[2026-08-04T08:32:17.329+0000] {logging_mixin.py:190} INFO - [2026-08-04T08:32:17.328+0000] {dagbag.py:588} INFO - Filling up the DagBag from /home/airflow/.local/lib/python3.12/site-packages/airflow/example_dags/example_skip_dag.py
[2026-08-04T08:32:17.337+0000] {processor.py:925} INFO - DAG(s) 'example_skip_dag' retrieved from /home/airflow/.local/lib/python3.12/site-packages/airflow/example_dags/example_skip_dag.py
[2026-08-04T08:32:17.359+0000] {logging_mixin.py:190} INFO - [2026-08-04T08:32:17.358+0000] {dag.py:3239} INFO - Sync 1 DAGs
[2026-08-04T08:32:17.382+0000] {logging_mixin.py:190} INFO - [2026-08-04T08:32:17.382+0000] {dag.py:4180} INFO - Setting next_dagrun for example_skip_dag to 2026-08-03 00:00:00+00:00, run_after=2026-08-04 00:00:00+00:00
[2026-08-04T08:32:17.402+0000] {processor.py:208} INFO - Processing /home/airflow/.local/lib/python3.12/site-packages/airflow/example_dags/example_skip_dag.py took 0.083 seconds
[2026-08-04T08:32:48.753+0000] {processor.py:186} INFO - Started process (PID=1542) to work on /home/airflow/.local/lib/python3.12/site-packages/airflow/example_dags/example_skip_dag.py
[2026-08-04T08:32:48.755+0000] {processor.py:914} INFO - Processing file /home/airflow/.local/lib/python3.12/site-packages/airflow/example_dags/example_skip_dag.py for tasks to queue
[2026-08-04T08:32:48.759+0000] {logging_mixin.py:190} INFO - [2026-08-04T08:32:48.759+0000] {dagbag.py:588} INFO - Filling up the DagBag from /home/airflow/.local/lib/python3.12/site-packages/airflow/example_dags/example_skip_dag.py
[2026-08-04T08:32:48.772+0000] {processor.py:925} INFO - DAG(s) 'example_skip_dag' retrieved from /home/airflow/.local/lib/python3.12/site-packages/airflow/example_dags/example_skip_dag.py
[2026-08-04T08:32:48.796+0000] {logging_mixin.py:190} INFO - [2026-08-04T08:32:48.796+0000] {dag.py:3239} INFO - Sync 1 DAGs
[2026-08-04T08:32:48.821+0000] {logging_mixin.py:190} INFO - [2026-08-04T08:32:48.821+0000] {dag.py:4180} INFO - Setting next_dagrun for example_skip_dag to 2026-08-03 00:00:00+00:00, run_after=2026-08-04 00:00:00+00:00
[2026-08-04T08:32:48.840+0000] {processor.py:208} INFO - Processing /home/airflow/.local/lib/python3.12/site-packages/airflow/example_dags/example_skip_dag.py took 0.097 seconds
[2026-08-04T08:33:20.121+0000] {processor.py:186} INFO - Started process (PID=1607) to work on /home/airflow/.local/lib/python3.12/site-packages/airflow/example_dags/example_skip_dag.py
[2026-08-04T08:33:20.122+0000] {processor.py:914} INFO - Processing file /home/airflow/.local/lib/python3.12/site-packages/airflow/example_dags/example_skip_dag.py for tasks to queue
[2026-08-04T08:33:20.125+0000] {logging_mixin.py:190} INFO - [2026-08-04T08:33:20.125+0000] {dagbag.py:588} INFO - Filling up the DagBag from /home/airflow/.local/lib/python3.12/site-packages/airflow/example_dags/example_skip_dag.py
[2026-08-04T08:33:20.135+0000] {processor.py:925} INFO - DAG(s) 'example_skip_dag' retrieved from /home/airflow/.local/lib/python3.12/site-packages/airflow/example_dags/example_skip_dag.py
[2026-08-04T08:33:20.162+0000] {logging_mixin.py:190} INFO - [2026-08-04T08:33:20.162+0000] {dag.py:3239} INFO - Sync 1 DAGs
[2026-08-04T08:33:20.190+0000] {logging_mixin.py:190} INFO - [2026-08-04T08:33:20.190+0000] {dag.py:4180} INFO - Setting next_dagrun for example_skip_dag to 2026-08-03 00:00:00+00:00, run_after=2026-08-04 00:00:00+00:00
[2026-08-04T08:33:20.218+0000] {processor.py:208} INFO - Processing /home/airflow/.local/lib/python3.12/site-packages/airflow/example_dags/example_skip_dag.py took 0.106 seconds
[2026-08-04T08:33:51.034+0000] {processor.py:186} INFO - Started process (PID=1672) to work on /home/airflow/.local/lib/python3.12/site-packages/airflow/example_dags/example_skip_dag.py
[2026-08-04T08:33:51.035+0000] {processor.py:914} INFO - Processing file /home/airflow/.local/lib/python3.12/site-packages/airflow/example_dags/example_skip_dag.py for tasks to queue
[2026-08-04T08:33:51.039+0000] {logging_mixin.py:190} INFO - [2026-08-04T08:33:51.038+0000] {dagbag.py:588} INFO - Filling up the DagBag from /home/airflow/.local/lib/python3.12/site-packages/airflow/example_dags/example_skip_dag.py
[2026-08-04T08:33:51.048+0000] {processor.py:925} INFO - DAG(s) 'example_skip_dag' retrieved from /home/airflow/.local/lib/python3.12/site-packages/airflow/example_dags/example_skip_dag.py
[2026-08-04T08:33:51.071+0000] {logging_mixin.py:190} INFO - [2026-08-04T08:33:51.071+0000] {dag.py:3239} INFO - Sync 1 DAGs
[2026-08-04T08:33:51.099+0000] {logging_mixin.py:190} INFO - [2026-08-04T08:33:51.099+0000] {dag.py:4180} INFO - Setting next_dagrun for example_skip_dag to 2026-08-03 00:00:00+00:00, run_after=2026-08-04 00:00:00+00:00
[2026-08-04T08:33:51.121+0000] {processor.py:208} INFO - Processing /home/airflow/.local/lib/python3.12/site-packages/airflow/example_dags/example_skip_dag.py took 0.092 seconds
[2026-08-04T08:34:22.657+0000] {processor.py:186} INFO - Started process (PID=1737) to work on /home/airflow/.local/lib/python3.12/site-packages/airflow/example_dags/example_skip_dag.py
[2026-08-04T08:34:22.658+0000] {processor.py:914} INFO - Processing file /home/airflow/.local/lib/python3.12/site-packages/airflow/example_dags/example_skip_dag.py for tasks to queue
[2026-08-04T08:34:22.661+0000] {logging_mixin.py:190} INFO - [2026-08-04T08:34:22.660+0000] {dagbag.py:588} INFO - Filling up the DagBag from /home/airflow/.local/lib/python3.12/site-packages/airflow/example_dags/example_skip_dag.py
[2026-08-04T08:34:22.670+0000] {processor.py:925} INFO - DAG(s) 'example_skip_dag' retrieved from /home/airflow/.local/lib/python3.12/site-packages/airflow/example_dags/example_skip_dag.py
[2026-08-04T08:34:22.692+0000] {logging_mixin.py:190} INFO - [2026-08-04T08:34:22.692+0000] {dag.py:3239} INFO - Sync 1 DAGs
[2026-08-04T08:34:22.717+0000] {logging_mixin.py:190} INFO - [2026-08-04T08:34:22.717+0000] {dag.py:4180} INFO - Setting next_dagrun for example_skip_dag to 2026-08-03 00:00:00+00:00, run_after=2026-08-04 00:00:00+00:00
[2026-08-04T08:34:22.740+0000] {processor.py:208} INFO - Processing /home/airflow/.local/lib/python3.12/site-packages/airflow/example_dags/example_skip_dag.py took 0.089 seconds
[2026-08-04T08:34:53.880+0000] {processor.py:186} INFO - Started process (PID=1802) to work on /home/airflow/.local/lib/python3.12/site-packages/airflow/example_dags/example_skip_dag.py
[2026-08-04T08:34:53.882+0000] {processor.py:914} INFO - Processing file /home/airflow/.local/lib/python3.12/site-packages/airflow/example_dags/example_skip_dag.py for tasks to queue
[2026-08-04T08:34:53.885+0000] {logging_mixin.py:190} INFO - [2026-08-04T08:34:53.884+0000] {dagbag.py:588} INFO - Filling up the DagBag from /home/airflow/.local/lib/python3.12/site-packages/airflow/example_dags/example_skip_dag.py
[2026-08-04T08:34:53.895+0000] {processor.py:925} INFO - DAG(s) 'example_skip_dag' retrieved from /home/airflow/.local/lib/python3.12/site-packages/airflow/example_dags/example_skip_dag.py
[2026-08-04T08:34:53.920+0000] {logging_mixin.py:190} INFO - [2026-08-04T08:34:53.920+0000] {dag.py:3239} INFO - Sync 1 DAGs
[2026-08-04T08:34:53.950+0000] {logging_mixin.py:190} INFO - [2026-08-04T08:34:53.950+0000] {dag.py:4180} INFO - Setting next_dagrun for example_skip_dag to 2026-08-03 00:00:00+00:00, run_after=2026-08-04 00:00:00+00:00
[2026-08-04T08:34:53.971+0000] {processor.py:208} INFO - Processing /home/airflow/.local/lib/python3.12/site-packages/airflow/example_dags/example_skip_dag.py took 0.097 seconds
[2026-08-04T08:35:25.200+0000] {processor.py:186} INFO - Started process (PID=1867) to work on /home/airflow/.local/lib/python3.12/site-packages/airflow/example_dags/example_skip_dag.py
[2026-08-04T08:35:25.201+0000] {processor.py:914} INFO - Processing file /home/airflow/.local/lib/python3.12/site-packages/airflow/example_dags/example_skip_dag.py for tasks to queue
[2026-08-04T08:35:25.205+0000] {logging_mixin.py:190} INFO - [2026-08-04T08:35:25.204+0000] {dagbag.py:588} INFO - Filling up the DagBag from /home/airflow/.local/lib/python3.12/site-packages/airflow/example_dags/example_skip_dag.py
[2026-08-04T08:35:25.215+0000] {processor.py:925} INFO - DAG(s) 'example_skip_dag' retrieved from /home/airflow/.local/lib/python3.12/site-packages/airflow/example_dags/example_skip_dag.py
[2026-08-04T08:35:25.241+0000] {logging_mixin.py:190} INFO - [2026-08-04T08:35:25.240+0000] {dag.py:3239} INFO - Sync 1 DAGs
[2026-08-04T08:35:25.266+0000] {logging_mixin.py:190} INFO - [2026-08-04T08:35:25.266+0000] {dag.py:4180} INFO - Setting next_dagrun for example_skip_dag to 2026-08-03 00:00:00+00:00, run_after=2026-08-04 00:00:00+00:00
[2026-08-04T08:35:25.286+0000] {processor.py:208} INFO - Processing /home/airflow/.local/lib/python3.12/site-packages/airflow/example_dags/example_skip_dag.py took 0.093 seconds
[2026-08-04T08:35:56.657+0000] {processor.py:186} INFO - Started process (PID=1932) to work on /home/airflow/.local/lib/python3.12/site-packages/airflow/example_dags/example_skip_dag.py
[2026-08-04T08:35:56.659+0000] {processor.py:914} INFO - Processing file /home/airflow/.local/lib/python3.12/site-packages/airflow/example_dags/example_skip_dag.py for tasks to queue
[2026-08-04T08:35:56.663+0000] {logging_mixin.py:190} INFO - [2026-08-04T08:35:56.662+0000] {dagbag.py:588} INFO - Filling up the DagBag from /home/airflow/.local/lib/python3.12/site-packages/airflow/example_dags/example_skip_dag.py
[2026-08-04T08:35:56.674+0000] {processor.py:925} INFO - DAG(s) 'example_skip_dag' retrieved from /home/airflow/.local/lib/python3.12/site-packages/airflow/example_dags/example_skip_dag.py
[2026-08-04T08:35:56.698+0000] {logging_mixin.py:190} INFO - [2026-08-04T08:35:56.698+0000] {dag.py:3239} INFO - Sync 1 DAGs
[2026-08-04T08:35:56.725+0000] {logging_mixin.py:190} INFO - [2026-08-04T08:35:56.725+0000] {dag.py:4180} INFO - Setting next_dagrun for example_skip_dag to 2026-08-03 00:00:00+00:00, run_after=2026-08-04 00:00:00+00:00
[2026-08-04T08:35:56.746+0000] {processor.py:208} INFO - Processing /home/airflow/.local/lib/python3.12/site-packages/airflow/example_dags/example_skip_dag.py took 0.096 seconds
[2026-08-04T08:36:27.362+0000] {processor.py:186} INFO - Started process (PID=1997) to work on /home/airflow/.local/lib/python3.12/site-packages/airflow/example_dags/example_skip_dag.py
[2026-08-04T08:36:27.363+0000] {processor.py:914} INFO - Processing file /home/airflow/.local/lib/python3.12/site-packages/airflow/example_dags/example_skip_dag.py for tasks to queue
[2026-08-04T08:36:27.366+0000] {logging_mixin.py:190} INFO - [2026-08-04T08:36:27.365+0000] {dagbag.py:588} INFO - Filling up the DagBag from /home/airflow/.local/lib/python3.12/site-packages/airflow/example_dags/example_skip_dag.py
[2026-08-04T08:36:27.375+0000] {processor.py:925} INFO - DAG(s) 'example_skip_dag' retrieved from /home/airflow/.local/lib/python3.12/site-packages/airflow/example_dags/example_skip_dag.py
[2026-08-04T08:36:27.396+0000] {logging_mixin.py:190} INFO - [2026-08-04T08:36:27.396+0000] {dag.py:3239} INFO - Sync 1 DAGs
[2026-08-04T08:36:27.421+0000] {logging_mixin.py:190} INFO - [2026-08-04T08:36:27.420+0000] {dag.py:4180} INFO - Setting next_dagrun for example_skip_dag to 2026-08-03 00:00:00+00:00, run_after=2026-08-04 00:00:00+00:00
[2026-08-04T08:36:27.444+0000] {processor.py:208} INFO - Processing /home/airflow/.local/lib/python3.12/site-packages/airflow/example_dags/example_skip_dag.py took 0.088 seconds
[2026-08-04T08:36:58.381+0000] {processor.py:186} INFO - Started process (PID=2062) to work on /home/airflow/.local/lib/python3.12/site-packages/airflow/example_dags/example_skip_dag.py
[2026-08-04T08:36:58.383+0000] {processor.py:914} INFO - Processing file /home/airflow/.local/lib/python3.12/site-packages/airflow/example_dags/example_skip_dag.py for tasks to queue
[2026-08-04T08:36:58.386+0000] {logging_mixin.py:190} INFO - [2026-08-04T08:36:58.385+0000] {dagbag.py:588} INFO - Filling up the DagBag from /home/airflow/.local/lib/python3.12/site-packages/airflow/example_dags/example_skip_dag.py
[2026-08-04T08:36:58.396+0000] {processor.py:925} INFO - DAG(s) 'example_skip_dag' retrieved from /home/airflow/.local/lib/python3.12/site-packages/airflow/example_dags/example_skip_dag.py
[2026-08-04T08:36:58.418+0000] {logging_mixin.py:190} INFO - [2026-08-04T08:36:58.418+0000] {dag.py:3239} INFO - Sync 1 DAGs
[2026-08-04T08:36:58.444+0000] {logging_mixin.py:190} INFO - [2026-08-04T08:36:58.444+0000] {dag.py:4180} INFO - Setting next_dagrun for example_skip_dag to 2026-08-03 00:00:00+00:00, run_after=2026-08-04 00:00:00+00:00
[2026-08-04T08:36:58.467+0000] {processor.py:208} INFO - Processing /home/airflow/.local/lib/python3.12/site-packages/airflow/example_dags/example_skip_dag.py took 0.093 seconds
[2026-08-04T08:37:29.273+0000] {processor.py:186} INFO - Started process (PID=2127) to work on /home/airflow/.local/lib/python3.12/site-packages/airflow/example_dags/example_skip_dag.py
[2026-08-04T08:37:29.274+0000] {processor.py:914} INFO - Processing file /home/airflow/.local/lib/python3.12/site-packages/airflow/example_dags/example_skip_dag.py for tasks to queue
[2026-08-04T08:37:29.277+0000] {logging_mixin.py:190} INFO - [2026-08-04T08:37:29.277+0000] {dagbag.py:588} INFO - Filling up the DagBag from /home/airflow/.local/lib/python3.12/site-packages/airflow/example_dags/example_skip_dag.py
[2026-08-04T08:37:29.286+0000] {processor.py:925} INFO - DAG(s) 'example_skip_dag' retrieved from /home/airflow/.local/lib/python3.12/site-packages/airflow/example_dags/example_skip_dag.py
[2026-08-04T08:37:29.310+0000] {logging_mixin.py:190} INFO - [2026-08-04T08:37:29.310+0000] {dag.py:3239} INFO - Sync 1 DAGs
[2026-08-04T08:37:29.336+0000] {logging_mixin.py:190} INFO - [2026-08-04T08:37:29.335+0000] {dag.py:4180} INFO - Setting next_dagrun for example_skip_dag to 2026-08-03 00:00:00+00:00, run_after=2026-08-04 00:00:00+00:00
[2026-08-04T08:37:29.360+0000] {processor.py:208} INFO - Processing /home/airflow/.local/lib/python3.12/site-packages/airflow/example_dags/example_skip_dag.py took 0.094 seconds
[2026-08-04T08:38:00.929+0000] {processor.py:186} INFO - Started process (PID=2192) to work on /home/airflow/.local/lib/python3.12/site-packages/airflow/example_dags/example_skip_dag.py
[2026-08-04T08:38:00.930+0000] {processor.py:914} INFO - Processing file /home/airflow/.local/lib/python3.12/site-packages/airflow/example_dags/example_skip_dag.py for tasks to queue
[2026-08-04T08:38:00.933+0000] {logging_mixin.py:190} INFO - [2026-08-04T08:38:00.933+0000] {dagbag.py:588} INFO - Filling up the DagBag from /home/airflow/.local/lib/python3.12/site-packages/airflow/example_dags/example_skip_dag.py
[2026-08-04T08:38:00.942+0000] {processor.py:925} INFO - DAG(s) 'example_skip_dag' retrieved from /home/airflow/.local/lib/python3.12/site-packages/airflow/example_dags/example_skip_dag.py
[2026-08-04T08:38:00.964+0000] {logging_mixin.py:190} INFO - [2026-08-04T08:38:00.964+0000] {dag.py:3239} INFO - Sync 1 DAGs
[2026-08-04T08:38:00.990+0000] {logging_mixin.py:190} INFO - [2026-08-04T08:38:00.989+0000] {dag.py:4180} INFO - Setting next_dagrun for example_skip_dag to 2026-08-03 00:00:00+00:00, run_after=2026-08-04 00:00:00+00:00
[2026-08-04T08:38:01.009+0000] {processor.py:208} INFO - Processing /home/airflow/.local/lib/python3.12/site-packages/airflow/example_dags/example_skip_dag.py took 0.087 seconds
[2026-08-04T08:38:32.320+0000] {processor.py:186} INFO - Started process (PID=2259) to work on /home/airflow/.local/lib/python3.12/site-packages/airflow/example_dags/example_skip_dag.py
[2026-08-04T08:38:32.322+0000] {processor.py:914} INFO - Processing file /home/airflow/.local/lib/python3.12/site-packages/airflow/example_dags/example_skip_dag.py for tasks to queue
[2026-08-04T08:38:32.325+0000] {logging_mixin.py:190} INFO - [2026-08-04T08:38:32.324+0000] {dagbag.py:588} INFO - Filling up the DagBag from /home/airflow/.local/lib/python3.12/site-packages/airflow/example_dags/example_skip_dag.py
[2026-08-04T08:38:32.334+0000] {processor.py:925} INFO - DAG(s) 'example_skip_dag' retrieved from /home/airflow/.local/lib/python3.12/site-packages/airflow/example_dags/example_skip_dag.py
[2026-08-04T08:38:32.357+0000] {logging_mixin.py:190} INFO - [2026-08-04T08:38:32.357+0000] {dag.py:3239} INFO - Sync 1 DAGs
[2026-08-04T08:38:32.383+0000] {logging_mixin.py:190} INFO - [2026-08-04T08:38:32.383+0000] {dag.py:4180} INFO - Setting next_dagrun for example_skip_dag to 2026-08-03 00:00:00+00:00, run_after=2026-08-04 00:00:00+00:00
[2026-08-04T08:38:32.403+0000] {processor.py:208} INFO - Processing /home/airflow/.local/lib/python3.12/site-packages/airflow/example_dags/example_skip_dag.py took 0.089 seconds
[2026-08-04T08:39:03.312+0000] {processor.py:186} INFO - Started process (PID=2324) to work on /home/airflow/.local/lib/python3.12/site-packages/airflow/example_dags/example_skip_dag.py
[2026-08-04T08:39:03.313+0000] {processor.py:914} INFO - Processing file /home/airflow/.local/lib/python3.12/site-packages/airflow/example_dags/example_skip_dag.py for tasks to queue
[2026-08-04T08:39:03.316+0000] {logging_mixin.py:190} INFO - [2026-08-04T08:39:03.316+0000] {dagbag.py:588} INFO - Filling up the DagBag from /home/airflow/.local/lib/python3.12/site-packages/airflow/example_dags/example_skip_dag.py
[2026-08-04T08:39:03.328+0000] {processor.py:925} INFO - DAG(s) 'example_skip_dag' retrieved from /home/airflow/.local/lib/python3.12/site-packages/airflow/example_dags/example_skip_dag.py
[2026-08-04T08:39:03.354+0000] {logging_mixin.py:190} INFO - [2026-08-04T08:39:03.354+0000] {dag.py:3239} INFO - Sync 1 DAGs
[2026-08-04T08:39:03.383+0000] {logging_mixin.py:190} INFO - [2026-08-04T08:39:03.383+0000] {dag.py:4180} INFO - Setting next_dagrun for example_skip_dag to 2026-08-03 00:00:00+00:00, run_after=2026-08-04 00:00:00+00:00
[2026-08-04T08:39:03.402+0000] {processor.py:208} INFO - Processing /home/airflow/.local/lib/python3.12/site-packages/airflow/example_dags/example_skip_dag.py took 0.097 seconds
[2026-08-04T08:39:34.296+0000] {processor.py:186} INFO - Started process (PID=2389) to work on /home/airflow/.local/lib/python3.12/site-packages/airflow/example_dags/example_skip_dag.py
[2026-08-04T08:39:34.297+0000] {processor.py:914} INFO - Processing file /home/airflow/.local/lib/python3.12/site-packages/airflow/example_dags/example_skip_dag.py for tasks to queue
[2026-08-04T08:39:34.300+0000] {logging_mixin.py:190} INFO - [2026-08-04T08:39:34.300+0000] {dagbag.py:588} INFO - Filling up the DagBag from /home/airflow/.local/lib/python3.12/site-packages/airflow/example_dags/example_skip_dag.py
[2026-08-04T08:39:34.308+0000] {processor.py:925} INFO - DAG(s) 'example_skip_dag' retrieved from /home/airflow/.local/lib/python3.12/site-packages/airflow/example_dags/example_skip_dag.py
[2026-08-04T08:39:34.328+0000] {logging_mixin.py:190} INFO - [2026-08-04T08:39:34.328+0000] {dag.py:3239} INFO - Sync 1 DAGs
[2026-08-04T08:39:34.352+0000] {logging_mixin.py:190} INFO - [2026-08-04T08:39:34.352+0000] {dag.py:4180} INFO - Setting next_dagrun for example_skip_dag to 2026-08-03 00:00:00+00:00, run_after=2026-08-04 00:00:00+00:00
[2026-08-04T08:39:34.374+0000] {processor.py:208} INFO - Processing /home/airflow/.local/lib/python3.12/site-packages/airflow/example_dags/example_skip_dag.py took 0.084 seconds
[2026-08-04T08:40:05.309+0000] {processor.py:186} INFO - Started process (PID=2454) to work on /home/airflow/.local/lib/python3.12/site-packages/airflow/example_dags/example_skip_dag.py
[2026-08-04T08:40:05.311+0000] {processor.py:914} INFO - Processing file /home/airflow/.local/lib/python3.12/site-packages/airflow/example_dags/example_skip_dag.py for tasks to queue
[2026-08-04T08:40:05.314+0000] {logging_mixin.py:190} INFO - [2026-08-04T08:40:05.314+0000] {dagbag.py:588} INFO - Filling up the DagBag from /home/airflow/.local/lib/python3.12/site-packages/airflow/example_dags/example_skip_dag.py
[2026-08-04T08:40:05.326+0000] {processor.py:925} INFO - DAG(s) 'example_skip_dag' retrieved from /home/airflow/.local/lib/python3.12/site-packages/airflow/example_dags/example_skip_dag.py
[2026-08-04T08:40:05.351+0000] {logging_mixin.py:190} INFO - [2026-08-04T08:40:05.351+0000] {dag.py:3239} INFO - Sync 1 DAGs
[2026-08-04T08:40:05.378+0000] {logging_mixin.py:190} INFO - [2026-08-04T08:40:05.378+0000] {dag.py:4180} INFO - Setting next_dagrun for example_skip_dag to 2026-08-03 00:00:00+00:00, run_after=2026-08-04 00:00:00+00:00
[2026-08-04T08:40:05.399+0000] {processor.py:208} INFO - Processing /home/airflow/.local/lib/python3.12/site-packages/airflow/example_dags/example_skip_dag.py took 0.097 seconds
[2026-08-04T08:40:36.531+0000] {processor.py:186} INFO - Started process (PID=2519) to work on /home/airflow/.local/lib/python3.12/site-packages/airflow/example_dags/example_skip_dag.py
[2026-08-04T08:40:36.533+0000] {processor.py:914} INFO - Processing file /home/airflow/.local/lib/python3.12/site-packages/airflow/example_dags/example_skip_dag.py for tasks to queue
[2026-08-04T08:40:36.536+0000] {logging_mixin.py:190} INFO - [2026-08-04T08:40:36.536+0000] {dagbag.py:588} INFO - Filling up the DagBag from /home/airflow/.local/lib/python3.12/site-packages/airflow/example_dags/example_skip_dag.py
[2026-08-04T08:40:36.545+0000] {processor.py:925} INFO - DAG(s) 'example_skip_dag' retrieved from /home/airflow/.local/lib/python3.12/site-packages/airflow/example_dags/example_skip_dag.py
[2026-08-04T08:40:36.567+0000] {logging_mixin.py:190} INFO - [2026-08-04T08:40:36.567+0000] {dag.py:3239} INFO - Sync 1 DAGs
[2026-08-04T08:40:36.594+0000] {logging_mixin.py:190} INFO - [2026-08-04T08:40:36.593+0000] {dag.py:4180} INFO - Setting next_dagrun for example_skip_dag to 2026-08-03 00:00:00+00:00, run_after=2026-08-04 00:00:00+00:00
[2026-08-04T08:40:36.618+0000] {processor.py:208} INFO - Processing /home/airflow/.local/lib/python3.12/site-packages/airflow/example_dags/example_skip_dag.py took 0.093 seconds
[2026-08-04T08:41:07.803+0000] {processor.py:186} INFO - Started process (PID=2589) to work on /home/airflow/.local/lib/python3.12/site-packages/airflow/example_dags/example_skip_dag.py
[2026-08-04T08:41:07.805+0000] {processor.py:914} INFO - Processing file /home/airflow/.local/lib/python3.12/site-packages/airflow/example_dags/example_skip_dag.py for tasks to queue
[2026-08-04T08:41:07.808+0000] {logging_mixin.py:190} INFO - [2026-08-04T08:41:07.808+0000] {dagbag.py:588} INFO - Filling up the DagBag from /home/airflow/.local/lib/python3.12/site-packages/airflow/example_dags/example_skip_dag.py
[2026-08-04T08:41:07.821+0000] {processor.py:925} INFO - DAG(s) 'example_skip_dag' retrieved from /home/airflow/.local/lib/python3.12/site-packages/airflow/example_dags/example_skip_dag.py
[2026-08-04T08:41:07.846+0000] {logging_mixin.py:190} INFO - [2026-08-04T08:41:07.846+0000] {dag.py:3239} INFO - Sync 1 DAGs
[2026-08-04T08:41:07.876+0000] {logging_mixin.py:190} INFO - [2026-08-04T08:41:07.876+0000] {dag.py:4180} INFO - Setting next_dagrun for example_skip_dag to 2026-08-03 00:00:00+00:00, run_after=2026-08-04 00:00:00+00:00
[2026-08-04T08:41:07.903+0000] {processor.py:208} INFO - Processing /home/airflow/.local/lib/python3.12/site-packages/airflow/example_dags/example_skip_dag.py took 0.106 seconds
[2026-08-04T08:41:40.435+0000] {processor.py:186} INFO - Started process (PID=2665) to work on /home/airflow/.local/lib/python3.12/site-packages/airflow/example_dags/example_skip_dag.py
[2026-08-04T08:41:40.436+0000] {processor.py:914} INFO - Processing file /home/airflow/.local/lib/python3.12/site-packages/airflow/example_dags/example_skip_dag.py for tasks to queue
[2026-08-04T08:41:40.442+0000] {logging_mixin.py:190} INFO - [2026-08-04T08:41:40.442+0000] {dagbag.py:588} INFO - Filling up the DagBag from /home/airflow/.local/lib/python3.12/site-packages/airflow/example_dags/example_skip_dag.py
[2026-08-04T08:41:40.450+0000] {processor.py:925} INFO - DAG(s) 'example_skip_dag' retrieved from /home/airflow/.local/lib/python3.12/site-packages/airflow/example_dags/example_skip_dag.py
[2026-08-04T08:41:40.470+0000] {logging_mixin.py:190} INFO - [2026-08-04T08:41:40.470+0000] {dag.py:3239} INFO - Sync 1 DAGs
[2026-08-04T08:41:40.494+0000] {logging_mixin.py:190} INFO - [2026-08-04T08:41:40.494+0000] {dag.py:4180} INFO - Setting next_dagrun for example_skip_dag to 2026-08-03 00:00:00+00:00, run_after=2026-08-04 00:00:00+00:00
[2026-08-04T08:41:40.519+0000] {processor.py:208} INFO - Processing /home/airflow/.local/lib/python3.12/site-packages/airflow/example_dags/example_skip_dag.py took 0.091 seconds
