[2026-08-04T07:47:13.070+0000] {processor.py:186} INFO - Started process (PID=96) to work on /home/airflow/.local/lib/python3.12/site-packages/airflow/example_dags/example_bash_decorator.py
[2026-08-04T07:47:13.072+0000] {processor.py:914} INFO - Processing file /home/airflow/.local/lib/python3.12/site-packages/airflow/example_dags/example_bash_decorator.py for tasks to queue
[2026-08-04T07:47:13.077+0000] {logging_mixin.py:190} INFO - [2026-08-04T07:47:13.077+0000] {dagbag.py:588} INFO - Filling up the DagBag from /home/airflow/.local/lib/python3.12/site-packages/airflow/example_dags/example_bash_decorator.py
[2026-08-04T07:47:13.110+0000] {processor.py:925} INFO - DAG(s) 'example_bash_decorator' retrieved from /home/airflow/.local/lib/python3.12/site-packages/airflow/example_dags/example_bash_decorator.py
[2026-08-04T07:47:13.268+0000] {logging_mixin.py:190} INFO - [2026-08-04T07:47:13.268+0000] {dag.py:3239} INFO - Sync 1 DAGs
[2026-08-04T07:47:13.288+0000] {logging_mixin.py:190} INFO - [2026-08-04T07:47:13.288+0000] {dag.py:4180} INFO - Setting next_dagrun for example_bash_decorator to None, run_after=None
[2026-08-04T07:47:13.316+0000] {processor.py:208} INFO - Processing /home/airflow/.local/lib/python3.12/site-packages/airflow/example_dags/example_bash_decorator.py took 0.256 seconds
[2026-08-04T08:21:19.264+0000] {processor.py:186} INFO - Started process (PID=96) to work on /home/airflow/.local/lib/python3.12/site-packages/airflow/example_dags/example_bash_decorator.py
[2026-08-04T08:21:19.265+0000] {processor.py:914} INFO - Processing file /home/airflow/.local/lib/python3.12/site-packages/airflow/example_dags/example_bash_decorator.py for tasks to queue
[2026-08-04T08:21:19.269+0000] {logging_mixin.py:190} INFO - [2026-08-04T08:21:19.268+0000] {dagbag.py:588} INFO - Filling up the DagBag from /home/airflow/.local/lib/python3.12/site-packages/airflow/example_dags/example_bash_decorator.py
[2026-08-04T08:21:19.290+0000] {processor.py:925} INFO - DAG(s) 'example_bash_decorator' retrieved from /home/airflow/.local/lib/python3.12/site-packages/airflow/example_dags/example_bash_decorator.py
[2026-08-04T08:21:19.440+0000] {logging_mixin.py:190} INFO - [2026-08-04T08:21:19.440+0000] {dag.py:3239} INFO - Sync 1 DAGs
[2026-08-04T08:21:19.455+0000] {logging_mixin.py:190} INFO - [2026-08-04T08:21:19.455+0000] {dag.py:4180} INFO - Setting next_dagrun for example_bash_decorator to None, run_after=None
[2026-08-04T08:21:19.479+0000] {processor.py:208} INFO - Processing /home/airflow/.local/lib/python3.12/site-packages/airflow/example_dags/example_bash_decorator.py took 0.222 seconds
[2026-08-04T08:21:50.825+0000] {processor.py:186} INFO - Started process (PID=161) to work on /home/airflow/.local/lib/python3.12/site-packages/airflow/example_dags/example_bash_decorator.py
[2026-08-04T08:21:50.826+0000] {processor.py:914} INFO - Processing file /home/airflow/.local/lib/python3.12/site-packages/airflow/example_dags/example_bash_decorator.py for tasks to queue
[2026-08-04T08:21:50.830+0000] {logging_mixin.py:190} INFO - [2026-08-04T08:21:50.830+0000] {dagbag.py:588} INFO - Filling up the DagBag from /home/airflow/.local/lib/python3.12/site-packages/airflow/example_dags/example_bash_decorator.py
[2026-08-04T08:21:50.850+0000] {processor.py:925} INFO - DAG(s) 'example_bash_decorator' retrieved from /home/airflow/.local/lib/python3.12/site-packages/airflow/example_dags/example_bash_decorator.py
[2026-08-04T08:21:50.879+0000] {logging_mixin.py:190} INFO - [2026-08-04T08:21:50.879+0000] {dag.py:3239} INFO - Sync 1 DAGs
[2026-08-04T08:21:50.897+0000] {logging_mixin.py:190} INFO - [2026-08-04T08:21:50.897+0000] {dag.py:4180} INFO - Setting next_dagrun for example_bash_decorator to None, run_after=None
[2026-08-04T08:21:50.929+0000] {processor.py:208} INFO - Processing /home/airflow/.local/lib/python3.12/site-packages/airflow/example_dags/example_bash_decorator.py took 0.112 seconds
[2026-08-04T08:22:22.011+0000] {processor.py:186} INFO - Started process (PID=226) to work on /home/airflow/.local/lib/python3.12/site-packages/airflow/example_dags/example_bash_decorator.py
[2026-08-04T08:22:22.012+0000] {processor.py:914} INFO - Processing file /home/airflow/.local/lib/python3.12/site-packages/airflow/example_dags/example_bash_decorator.py for tasks to queue
[2026-08-04T08:22:22.016+0000] {logging_mixin.py:190} INFO - [2026-08-04T08:22:22.016+0000] {dagbag.py:588} INFO - Filling up the DagBag from /home/airflow/.local/lib/python3.12/site-packages/airflow/example_dags/example_bash_decorator.py
[2026-08-04T08:22:22.034+0000] {processor.py:925} INFO - DAG(s) 'example_bash_decorator' retrieved from /home/airflow/.local/lib/python3.12/site-packages/airflow/example_dags/example_bash_decorator.py
[2026-08-04T08:22:22.064+0000] {logging_mixin.py:190} INFO - [2026-08-04T08:22:22.064+0000] {dag.py:3239} INFO - Sync 1 DAGs
[2026-08-04T08:22:22.082+0000] {logging_mixin.py:190} INFO - [2026-08-04T08:22:22.082+0000] {dag.py:4180} INFO - Setting next_dagrun for example_bash_decorator to None, run_after=None
[2026-08-04T08:22:22.105+0000] {processor.py:208} INFO - Processing /home/airflow/.local/lib/python3.12/site-packages/airflow/example_dags/example_bash_decorator.py took 0.102 seconds
[2026-08-04T08:22:52.970+0000] {processor.py:186} INFO - Started process (PID=291) to work on /home/airflow/.local/lib/python3.12/site-packages/airflow/example_dags/example_bash_decorator.py
[2026-08-04T08:22:52.971+0000] {processor.py:914} INFO - Processing file /home/airflow/.local/lib/python3.12/site-packages/airflow/example_dags/example_bash_decorator.py for tasks to queue
[2026-08-04T08:22:52.974+0000] {logging_mixin.py:190} INFO - [2026-08-04T08:22:52.973+0000] {dagbag.py:588} INFO - Filling up the DagBag from /home/airflow/.local/lib/python3.12/site-packages/airflow/example_dags/example_bash_decorator.py
[2026-08-04T08:22:52.989+0000] {processor.py:925} INFO - DAG(s) 'example_bash_decorator' retrieved from /home/airflow/.local/lib/python3.12/site-packages/airflow/example_dags/example_bash_decorator.py
[2026-08-04T08:22:53.010+0000] {logging_mixin.py:190} INFO - [2026-08-04T08:22:53.010+0000] {dag.py:3239} INFO - Sync 1 DAGs
[2026-08-04T08:22:53.025+0000] {logging_mixin.py:190} INFO - [2026-08-04T08:22:53.025+0000] {dag.py:4180} INFO - Setting next_dagrun for example_bash_decorator to None, run_after=None
[2026-08-04T08:22:53.043+0000] {processor.py:208} INFO - Processing /home/airflow/.local/lib/python3.12/site-packages/airflow/example_dags/example_bash_decorator.py took 0.079 seconds
[2026-08-04T08:23:24.835+0000] {processor.py:186} INFO - Started process (PID=356) to work on /home/airflow/.local/lib/python3.12/site-packages/airflow/example_dags/example_bash_decorator.py
[2026-08-04T08:23:24.836+0000] {processor.py:914} INFO - Processing file /home/airflow/.local/lib/python3.12/site-packages/airflow/example_dags/example_bash_decorator.py for tasks to queue
[2026-08-04T08:23:24.840+0000] {logging_mixin.py:190} INFO - [2026-08-04T08:23:24.839+0000] {dagbag.py:588} INFO - Filling up the DagBag from /home/airflow/.local/lib/python3.12/site-packages/airflow/example_dags/example_bash_decorator.py
[2026-08-04T08:23:24.863+0000] {processor.py:925} INFO - DAG(s) 'example_bash_decorator' retrieved from /home/airflow/.local/lib/python3.12/site-packages/airflow/example_dags/example_bash_decorator.py
[2026-08-04T08:23:24.891+0000] {logging_mixin.py:190} INFO - [2026-08-04T08:23:24.891+0000] {dag.py:3239} INFO - Sync 1 DAGs
[2026-08-04T08:23:24.909+0000] {logging_mixin.py:190} INFO - [2026-08-04T08:23:24.909+0000] {dag.py:4180} INFO - Setting next_dagrun for example_bash_decorator to None, run_after=None
[2026-08-04T08:23:24.932+0000] {processor.py:208} INFO - Processing /home/airflow/.local/lib/python3.12/site-packages/airflow/example_dags/example_bash_decorator.py took 0.104 seconds
[2026-08-04T08:23:56.207+0000] {processor.py:186} INFO - Started process (PID=421) to work on /home/airflow/.local/lib/python3.12/site-packages/airflow/example_dags/example_bash_decorator.py
[2026-08-04T08:23:56.208+0000] {processor.py:914} INFO - Processing file /home/airflow/.local/lib/python3.12/site-packages/airflow/example_dags/example_bash_decorator.py for tasks to queue
[2026-08-04T08:23:56.211+0000] {logging_mixin.py:190} INFO - [2026-08-04T08:23:56.211+0000] {dagbag.py:588} INFO - Filling up the DagBag from /home/airflow/.local/lib/python3.12/site-packages/airflow/example_dags/example_bash_decorator.py
[2026-08-04T08:23:56.232+0000] {processor.py:925} INFO - DAG(s) 'example_bash_decorator' retrieved from /home/airflow/.local/lib/python3.12/site-packages/airflow/example_dags/example_bash_decorator.py
[2026-08-04T08:23:56.263+0000] {logging_mixin.py:190} INFO - [2026-08-04T08:23:56.263+0000] {dag.py:3239} INFO - Sync 1 DAGs
[2026-08-04T08:23:56.281+0000] {logging_mixin.py:190} INFO - [2026-08-04T08:23:56.281+0000] {dag.py:4180} INFO - Setting next_dagrun for example_bash_decorator to None, run_after=None
[2026-08-04T08:23:56.306+0000] {processor.py:208} INFO - Processing /home/airflow/.local/lib/python3.12/site-packages/airflow/example_dags/example_bash_decorator.py took 0.106 seconds
[2026-08-04T08:24:27.531+0000] {processor.py:186} INFO - Started process (PID=486) to work on /home/airflow/.local/lib/python3.12/site-packages/airflow/example_dags/example_bash_decorator.py
[2026-08-04T08:24:27.532+0000] {processor.py:914} INFO - Processing file /home/airflow/.local/lib/python3.12/site-packages/airflow/example_dags/example_bash_decorator.py for tasks to queue
[2026-08-04T08:24:27.535+0000] {logging_mixin.py:190} INFO - [2026-08-04T08:24:27.535+0000] {dagbag.py:588} INFO - Filling up the DagBag from /home/airflow/.local/lib/python3.12/site-packages/airflow/example_dags/example_bash_decorator.py
[2026-08-04T08:24:27.551+0000] {processor.py:925} INFO - DAG(s) 'example_bash_decorator' retrieved from /home/airflow/.local/lib/python3.12/site-packages/airflow/example_dags/example_bash_decorator.py
[2026-08-04T08:24:27.576+0000] {logging_mixin.py:190} INFO - [2026-08-04T08:24:27.576+0000] {dag.py:3239} INFO - Sync 1 DAGs
[2026-08-04T08:24:27.598+0000] {logging_mixin.py:190} INFO - [2026-08-04T08:24:27.597+0000] {dag.py:4180} INFO - Setting next_dagrun for example_bash_decorator to None, run_after=None
[2026-08-04T08:24:27.620+0000] {processor.py:208} INFO - Processing /home/airflow/.local/lib/python3.12/site-packages/airflow/example_dags/example_bash_decorator.py took 0.096 seconds
[2026-08-04T08:24:59.094+0000] {processor.py:186} INFO - Started process (PID=551) to work on /home/airflow/.local/lib/python3.12/site-packages/airflow/example_dags/example_bash_decorator.py
[2026-08-04T08:24:59.095+0000] {processor.py:914} INFO - Processing file /home/airflow/.local/lib/python3.12/site-packages/airflow/example_dags/example_bash_decorator.py for tasks to queue
[2026-08-04T08:24:59.098+0000] {logging_mixin.py:190} INFO - [2026-08-04T08:24:59.097+0000] {dagbag.py:588} INFO - Filling up the DagBag from /home/airflow/.local/lib/python3.12/site-packages/airflow/example_dags/example_bash_decorator.py
[2026-08-04T08:24:59.115+0000] {processor.py:925} INFO - DAG(s) 'example_bash_decorator' retrieved from /home/airflow/.local/lib/python3.12/site-packages/airflow/example_dags/example_bash_decorator.py
[2026-08-04T08:24:59.143+0000] {logging_mixin.py:190} INFO - [2026-08-04T08:24:59.142+0000] {dag.py:3239} INFO - Sync 1 DAGs
[2026-08-04T08:24:59.160+0000] {logging_mixin.py:190} INFO - [2026-08-04T08:24:59.160+0000] {dag.py:4180} INFO - Setting next_dagrun for example_bash_decorator to None, run_after=None
[2026-08-04T08:24:59.183+0000] {processor.py:208} INFO - Processing /home/airflow/.local/lib/python3.12/site-packages/airflow/example_dags/example_bash_decorator.py took 0.097 seconds
[2026-08-04T08:25:30.217+0000] {processor.py:186} INFO - Started process (PID=616) to work on /home/airflow/.local/lib/python3.12/site-packages/airflow/example_dags/example_bash_decorator.py
[2026-08-04T08:25:30.218+0000] {processor.py:914} INFO - Processing file /home/airflow/.local/lib/python3.12/site-packages/airflow/example_dags/example_bash_decorator.py for tasks to queue
[2026-08-04T08:25:30.220+0000] {logging_mixin.py:190} INFO - [2026-08-04T08:25:30.220+0000] {dagbag.py:588} INFO - Filling up the DagBag from /home/airflow/.local/lib/python3.12/site-packages/airflow/example_dags/example_bash_decorator.py
[2026-08-04T08:25:30.238+0000] {processor.py:925} INFO - DAG(s) 'example_bash_decorator' retrieved from /home/airflow/.local/lib/python3.12/site-packages/airflow/example_dags/example_bash_decorator.py
[2026-08-04T08:25:30.261+0000] {logging_mixin.py:190} INFO - [2026-08-04T08:25:30.260+0000] {dag.py:3239} INFO - Sync 1 DAGs
[2026-08-04T08:25:30.275+0000] {logging_mixin.py:190} INFO - [2026-08-04T08:25:30.275+0000] {dag.py:4180} INFO - Setting next_dagrun for example_bash_decorator to None, run_after=None
[2026-08-04T08:25:30.295+0000] {processor.py:208} INFO - Processing /home/airflow/.local/lib/python3.12/site-packages/airflow/example_dags/example_bash_decorator.py took 0.084 seconds
[2026-08-04T08:26:01.545+0000] {processor.py:186} INFO - Started process (PID=682) to work on /home/airflow/.local/lib/python3.12/site-packages/airflow/example_dags/example_bash_decorator.py
[2026-08-04T08:26:01.546+0000] {processor.py:914} INFO - Processing file /home/airflow/.local/lib/python3.12/site-packages/airflow/example_dags/example_bash_decorator.py for tasks to queue
[2026-08-04T08:26:01.550+0000] {logging_mixin.py:190} INFO - [2026-08-04T08:26:01.550+0000] {dagbag.py:588} INFO - Filling up the DagBag from /home/airflow/.local/lib/python3.12/site-packages/airflow/example_dags/example_bash_decorator.py
[2026-08-04T08:26:01.569+0000] {processor.py:925} INFO - DAG(s) 'example_bash_decorator' retrieved from /home/airflow/.local/lib/python3.12/site-packages/airflow/example_dags/example_bash_decorator.py
[2026-08-04T08:26:01.594+0000] {logging_mixin.py:190} INFO - [2026-08-04T08:26:01.593+0000] {dag.py:3239} INFO - Sync 1 DAGs
[2026-08-04T08:26:01.611+0000] {logging_mixin.py:190} INFO - [2026-08-04T08:26:01.611+0000] {dag.py:4180} INFO - Setting next_dagrun for example_bash_decorator to None, run_after=None
[2026-08-04T08:26:01.633+0000] {processor.py:208} INFO - Processing /home/airflow/.local/lib/python3.12/site-packages/airflow/example_dags/example_bash_decorator.py took 0.095 seconds
[2026-08-04T08:26:32.596+0000] {processor.py:186} INFO - Started process (PID=748) to work on /home/airflow/.local/lib/python3.12/site-packages/airflow/example_dags/example_bash_decorator.py
[2026-08-04T08:26:32.597+0000] {processor.py:914} INFO - Processing file /home/airflow/.local/lib/python3.12/site-packages/airflow/example_dags/example_bash_decorator.py for tasks to queue
[2026-08-04T08:26:32.600+0000] {logging_mixin.py:190} INFO - [2026-08-04T08:26:32.600+0000] {dagbag.py:588} INFO - Filling up the DagBag from /home/airflow/.local/lib/python3.12/site-packages/airflow/example_dags/example_bash_decorator.py
[2026-08-04T08:26:32.616+0000] {processor.py:925} INFO - DAG(s) 'example_bash_decorator' retrieved from /home/airflow/.local/lib/python3.12/site-packages/airflow/example_dags/example_bash_decorator.py
[2026-08-04T08:26:32.640+0000] {logging_mixin.py:190} INFO - [2026-08-04T08:26:32.639+0000] {dag.py:3239} INFO - Sync 1 DAGs
[2026-08-04T08:26:32.659+0000] {logging_mixin.py:190} INFO - [2026-08-04T08:26:32.659+0000] {dag.py:4180} INFO - Setting next_dagrun for example_bash_decorator to None, run_after=None
[2026-08-04T08:26:32.681+0000] {processor.py:208} INFO - Processing /home/airflow/.local/lib/python3.12/site-packages/airflow/example_dags/example_bash_decorator.py took 0.091 seconds
[2026-08-04T08:27:04.086+0000] {processor.py:186} INFO - Started process (PID=813) to work on /home/airflow/.local/lib/python3.12/site-packages/airflow/example_dags/example_bash_decorator.py
[2026-08-04T08:27:04.087+0000] {processor.py:914} INFO - Processing file /home/airflow/.local/lib/python3.12/site-packages/airflow/example_dags/example_bash_decorator.py for tasks to queue
[2026-08-04T08:27:04.090+0000] {logging_mixin.py:190} INFO - [2026-08-04T08:27:04.089+0000] {dagbag.py:588} INFO - Filling up the DagBag from /home/airflow/.local/lib/python3.12/site-packages/airflow/example_dags/example_bash_decorator.py
[2026-08-04T08:27:04.106+0000] {processor.py:925} INFO - DAG(s) 'example_bash_decorator' retrieved from /home/airflow/.local/lib/python3.12/site-packages/airflow/example_dags/example_bash_decorator.py
[2026-08-04T08:27:04.129+0000] {logging_mixin.py:190} INFO - [2026-08-04T08:27:04.129+0000] {dag.py:3239} INFO - Sync 1 DAGs
[2026-08-04T08:27:04.146+0000] {logging_mixin.py:190} INFO - [2026-08-04T08:27:04.145+0000] {dag.py:4180} INFO - Setting next_dagrun for example_bash_decorator to None, run_after=None
[2026-08-04T08:27:04.167+0000] {processor.py:208} INFO - Processing /home/airflow/.local/lib/python3.12/site-packages/airflow/example_dags/example_bash_decorator.py took 0.087 seconds
[2026-08-04T08:27:35.295+0000] {processor.py:186} INFO - Started process (PID=878) to work on /home/airflow/.local/lib/python3.12/site-packages/airflow/example_dags/example_bash_decorator.py
[2026-08-04T08:27:35.296+0000] {processor.py:914} INFO - Processing file /home/airflow/.local/lib/python3.12/site-packages/airflow/example_dags/example_bash_decorator.py for tasks to queue
[2026-08-04T08:27:35.299+0000] {logging_mixin.py:190} INFO - [2026-08-04T08:27:35.299+0000] {dagbag.py:588} INFO - Filling up the DagBag from /home/airflow/.local/lib/python3.12/site-packages/airflow/example_dags/example_bash_decorator.py
[2026-08-04T08:27:35.317+0000] {processor.py:925} INFO - DAG(s) 'example_bash_decorator' retrieved from /home/airflow/.local/lib/python3.12/site-packages/airflow/example_dags/example_bash_decorator.py
[2026-08-04T08:27:35.342+0000] {logging_mixin.py:190} INFO - [2026-08-04T08:27:35.342+0000] {dag.py:3239} INFO - Sync 1 DAGs
[2026-08-04T08:27:35.360+0000] {logging_mixin.py:190} INFO - [2026-08-04T08:27:35.359+0000] {dag.py:4180} INFO - Setting next_dagrun for example_bash_decorator to None, run_after=None
[2026-08-04T08:27:35.382+0000] {processor.py:208} INFO - Processing /home/airflow/.local/lib/python3.12/site-packages/airflow/example_dags/example_bash_decorator.py took 0.093 seconds
[2026-08-04T08:28:06.391+0000] {processor.py:186} INFO - Started process (PID=943) to work on /home/airflow/.local/lib/python3.12/site-packages/airflow/example_dags/example_bash_decorator.py
[2026-08-04T08:28:06.392+0000] {processor.py:914} INFO - Processing file /home/airflow/.local/lib/python3.12/site-packages/airflow/example_dags/example_bash_decorator.py for tasks to queue
[2026-08-04T08:28:06.396+0000] {logging_mixin.py:190} INFO - [2026-08-04T08:28:06.395+0000] {dagbag.py:588} INFO - Filling up the DagBag from /home/airflow/.local/lib/python3.12/site-packages/airflow/example_dags/example_bash_decorator.py
[2026-08-04T08:28:06.412+0000] {processor.py:925} INFO - DAG(s) 'example_bash_decorator' retrieved from /home/airflow/.local/lib/python3.12/site-packages/airflow/example_dags/example_bash_decorator.py
[2026-08-04T08:28:06.436+0000] {logging_mixin.py:190} INFO - [2026-08-04T08:28:06.435+0000] {dag.py:3239} INFO - Sync 1 DAGs
[2026-08-04T08:28:06.451+0000] {logging_mixin.py:190} INFO - [2026-08-04T08:28:06.451+0000] {dag.py:4180} INFO - Setting next_dagrun for example_bash_decorator to None, run_after=None
[2026-08-04T08:28:06.472+0000] {processor.py:208} INFO - Processing /home/airflow/.local/lib/python3.12/site-packages/airflow/example_dags/example_bash_decorator.py took 0.088 seconds
[2026-08-04T08:28:37.941+0000] {processor.py:186} INFO - Started process (PID=1008) to work on /home/airflow/.local/lib/python3.12/site-packages/airflow/example_dags/example_bash_decorator.py
[2026-08-04T08:28:37.943+0000] {processor.py:914} INFO - Processing file /home/airflow/.local/lib/python3.12/site-packages/airflow/example_dags/example_bash_decorator.py for tasks to queue
[2026-08-04T08:28:37.948+0000] {logging_mixin.py:190} INFO - [2026-08-04T08:28:37.948+0000] {dagbag.py:588} INFO - Filling up the DagBag from /home/airflow/.local/lib/python3.12/site-packages/airflow/example_dags/example_bash_decorator.py
[2026-08-04T08:28:37.978+0000] {processor.py:925} INFO - DAG(s) 'example_bash_decorator' retrieved from /home/airflow/.local/lib/python3.12/site-packages/airflow/example_dags/example_bash_decorator.py
[2026-08-04T08:28:38.012+0000] {logging_mixin.py:190} INFO - [2026-08-04T08:28:38.011+0000] {dag.py:3239} INFO - Sync 1 DAGs
[2026-08-04T08:28:38.033+0000] {logging_mixin.py:190} INFO - [2026-08-04T08:28:38.033+0000] {dag.py:4180} INFO - Setting next_dagrun for example_bash_decorator to None, run_after=None
[2026-08-04T08:28:38.058+0000] {processor.py:208} INFO - Processing /home/airflow/.local/lib/python3.12/site-packages/airflow/example_dags/example_bash_decorator.py took 0.128 seconds
[2026-08-04T08:29:09.528+0000] {processor.py:186} INFO - Started process (PID=1073) to work on /home/airflow/.local/lib/python3.12/site-packages/airflow/example_dags/example_bash_decorator.py
[2026-08-04T08:29:09.530+0000] {processor.py:914} INFO - Processing file /home/airflow/.local/lib/python3.12/site-packages/airflow/example_dags/example_bash_decorator.py for tasks to queue
[2026-08-04T08:29:09.533+0000] {logging_mixin.py:190} INFO - [2026-08-04T08:29:09.532+0000] {dagbag.py:588} INFO - Filling up the DagBag from /home/airflow/.local/lib/python3.12/site-packages/airflow/example_dags/example_bash_decorator.py
[2026-08-04T08:29:09.551+0000] {processor.py:925} INFO - DAG(s) 'example_bash_decorator' retrieved from /home/airflow/.local/lib/python3.12/site-packages/airflow/example_dags/example_bash_decorator.py
[2026-08-04T08:29:09.575+0000] {logging_mixin.py:190} INFO - [2026-08-04T08:29:09.575+0000] {dag.py:3239} INFO - Sync 1 DAGs
[2026-08-04T08:29:09.592+0000] {logging_mixin.py:190} INFO - [2026-08-04T08:29:09.591+0000] {dag.py:4180} INFO - Setting next_dagrun for example_bash_decorator to None, run_after=None
[2026-08-04T08:29:09.614+0000] {processor.py:208} INFO - Processing /home/airflow/.local/lib/python3.12/site-packages/airflow/example_dags/example_bash_decorator.py took 0.093 seconds
[2026-08-04T08:29:40.774+0000] {processor.py:186} INFO - Started process (PID=1138) to work on /home/airflow/.local/lib/python3.12/site-packages/airflow/example_dags/example_bash_decorator.py
[2026-08-04T08:29:40.776+0000] {processor.py:914} INFO - Processing file /home/airflow/.local/lib/python3.12/site-packages/airflow/example_dags/example_bash_decorator.py for tasks to queue
[2026-08-04T08:29:40.780+0000] {logging_mixin.py:190} INFO - [2026-08-04T08:29:40.780+0000] {dagbag.py:588} INFO - Filling up the DagBag from /home/airflow/.local/lib/python3.12/site-packages/airflow/example_dags/example_bash_decorator.py
[2026-08-04T08:29:40.799+0000] {processor.py:925} INFO - DAG(s) 'example_bash_decorator' retrieved from /home/airflow/.local/lib/python3.12/site-packages/airflow/example_dags/example_bash_decorator.py
[2026-08-04T08:29:40.829+0000] {logging_mixin.py:190} INFO - [2026-08-04T08:29:40.828+0000] {dag.py:3239} INFO - Sync 1 DAGs
[2026-08-04T08:29:40.848+0000] {logging_mixin.py:190} INFO - [2026-08-04T08:29:40.848+0000] {dag.py:4180} INFO - Setting next_dagrun for example_bash_decorator to None, run_after=None
[2026-08-04T08:29:40.870+0000] {processor.py:208} INFO - Processing /home/airflow/.local/lib/python3.12/site-packages/airflow/example_dags/example_bash_decorator.py took 0.104 seconds
[2026-08-04T08:30:12.096+0000] {processor.py:186} INFO - Started process (PID=1204) to work on /home/airflow/.local/lib/python3.12/site-packages/airflow/example_dags/example_bash_decorator.py
[2026-08-04T08:30:12.097+0000] {processor.py:914} INFO - Processing file /home/airflow/.local/lib/python3.12/site-packages/airflow/example_dags/example_bash_decorator.py for tasks to queue
[2026-08-04T08:30:12.101+0000] {logging_mixin.py:190} INFO - [2026-08-04T08:30:12.100+0000] {dagbag.py:588} INFO - Filling up the DagBag from /home/airflow/.local/lib/python3.12/site-packages/airflow/example_dags/example_bash_decorator.py
[2026-08-04T08:30:12.119+0000] {processor.py:925} INFO - DAG(s) 'example_bash_decorator' retrieved from /home/airflow/.local/lib/python3.12/site-packages/airflow/example_dags/example_bash_decorator.py
[2026-08-04T08:30:12.143+0000] {logging_mixin.py:190} INFO - [2026-08-04T08:30:12.143+0000] {dag.py:3239} INFO - Sync 1 DAGs
[2026-08-04T08:30:12.159+0000] {logging_mixin.py:190} INFO - [2026-08-04T08:30:12.159+0000] {dag.py:4180} INFO - Setting next_dagrun for example_bash_decorator to None, run_after=None
[2026-08-04T08:30:12.178+0000] {processor.py:208} INFO - Processing /home/airflow/.local/lib/python3.12/site-packages/airflow/example_dags/example_bash_decorator.py took 0.090 seconds
[2026-08-04T08:30:42.731+0000] {processor.py:186} INFO - Started process (PID=1269) to work on /home/airflow/.local/lib/python3.12/site-packages/airflow/example_dags/example_bash_decorator.py
[2026-08-04T08:30:42.732+0000] {processor.py:914} INFO - Processing file /home/airflow/.local/lib/python3.12/site-packages/airflow/example_dags/example_bash_decorator.py for tasks to queue
[2026-08-04T08:30:42.735+0000] {logging_mixin.py:190} INFO - [2026-08-04T08:30:42.735+0000] {dagbag.py:588} INFO - Filling up the DagBag from /home/airflow/.local/lib/python3.12/site-packages/airflow/example_dags/example_bash_decorator.py
[2026-08-04T08:30:42.752+0000] {processor.py:925} INFO - DAG(s) 'example_bash_decorator' retrieved from /home/airflow/.local/lib/python3.12/site-packages/airflow/example_dags/example_bash_decorator.py
[2026-08-04T08:30:42.775+0000] {logging_mixin.py:190} INFO - [2026-08-04T08:30:42.775+0000] {dag.py:3239} INFO - Sync 1 DAGs
[2026-08-04T08:30:42.790+0000] {logging_mixin.py:190} INFO - [2026-08-04T08:30:42.790+0000] {dag.py:4180} INFO - Setting next_dagrun for example_bash_decorator to None, run_after=None
[2026-08-04T08:30:42.810+0000] {processor.py:208} INFO - Processing /home/airflow/.local/lib/python3.12/site-packages/airflow/example_dags/example_bash_decorator.py took 0.085 seconds
[2026-08-04T08:31:14.041+0000] {processor.py:186} INFO - Started process (PID=1340) to work on /home/airflow/.local/lib/python3.12/site-packages/airflow/example_dags/example_bash_decorator.py
[2026-08-04T08:31:14.043+0000] {processor.py:914} INFO - Processing file /home/airflow/.local/lib/python3.12/site-packages/airflow/example_dags/example_bash_decorator.py for tasks to queue
[2026-08-04T08:31:14.047+0000] {logging_mixin.py:190} INFO - [2026-08-04T08:31:14.046+0000] {dagbag.py:588} INFO - Filling up the DagBag from /home/airflow/.local/lib/python3.12/site-packages/airflow/example_dags/example_bash_decorator.py
[2026-08-04T08:31:14.065+0000] {processor.py:925} INFO - DAG(s) 'example_bash_decorator' retrieved from /home/airflow/.local/lib/python3.12/site-packages/airflow/example_dags/example_bash_decorator.py
[2026-08-04T08:31:14.091+0000] {logging_mixin.py:190} INFO - [2026-08-04T08:31:14.090+0000] {dag.py:3239} INFO - Sync 1 DAGs
[2026-08-04T08:31:14.107+0000] {logging_mixin.py:190} INFO - [2026-08-04T08:31:14.107+0000] {dag.py:4180} INFO - Setting next_dagrun for example_bash_decorator to None, run_after=None
[2026-08-04T08:31:14.129+0000] {processor.py:208} INFO - Processing /home/airflow/.local/lib/python3.12/site-packages/airflow/example_dags/example_bash_decorator.py took 0.095 seconds
[2026-08-04T08:31:45.347+0000] {processor.py:186} INFO - Started process (PID=1405) to work on /home/airflow/.local/lib/python3.12/site-packages/airflow/example_dags/example_bash_decorator.py
[2026-08-04T08:31:45.348+0000] {processor.py:914} INFO - Processing file /home/airflow/.local/lib/python3.12/site-packages/airflow/example_dags/example_bash_decorator.py for tasks to queue
[2026-08-04T08:31:45.351+0000] {logging_mixin.py:190} INFO - [2026-08-04T08:31:45.351+0000] {dagbag.py:588} INFO - Filling up the DagBag from /home/airflow/.local/lib/python3.12/site-packages/airflow/example_dags/example_bash_decorator.py
[2026-08-04T08:31:45.371+0000] {processor.py:925} INFO - DAG(s) 'example_bash_decorator' retrieved from /home/airflow/.local/lib/python3.12/site-packages/airflow/example_dags/example_bash_decorator.py
[2026-08-04T08:31:45.396+0000] {logging_mixin.py:190} INFO - [2026-08-04T08:31:45.396+0000] {dag.py:3239} INFO - Sync 1 DAGs
[2026-08-04T08:31:45.414+0000] {logging_mixin.py:190} INFO - [2026-08-04T08:31:45.413+0000] {dag.py:4180} INFO - Setting next_dagrun for example_bash_decorator to None, run_after=None
[2026-08-04T08:31:45.434+0000] {processor.py:208} INFO - Processing /home/airflow/.local/lib/python3.12/site-packages/airflow/example_dags/example_bash_decorator.py took 0.095 seconds
[2026-08-04T08:32:16.696+0000] {processor.py:186} INFO - Started process (PID=1470) to work on /home/airflow/.local/lib/python3.12/site-packages/airflow/example_dags/example_bash_decorator.py
[2026-08-04T08:32:16.697+0000] {processor.py:914} INFO - Processing file /home/airflow/.local/lib/python3.12/site-packages/airflow/example_dags/example_bash_decorator.py for tasks to queue
[2026-08-04T08:32:16.700+0000] {logging_mixin.py:190} INFO - [2026-08-04T08:32:16.700+0000] {dagbag.py:588} INFO - Filling up the DagBag from /home/airflow/.local/lib/python3.12/site-packages/airflow/example_dags/example_bash_decorator.py
[2026-08-04T08:32:16.715+0000] {processor.py:925} INFO - DAG(s) 'example_bash_decorator' retrieved from /home/airflow/.local/lib/python3.12/site-packages/airflow/example_dags/example_bash_decorator.py
[2026-08-04T08:32:16.739+0000] {logging_mixin.py:190} INFO - [2026-08-04T08:32:16.738+0000] {dag.py:3239} INFO - Sync 1 DAGs
[2026-08-04T08:32:16.754+0000] {logging_mixin.py:190} INFO - [2026-08-04T08:32:16.754+0000] {dag.py:4180} INFO - Setting next_dagrun for example_bash_decorator to None, run_after=None
[2026-08-04T08:32:16.774+0000] {processor.py:208} INFO - Processing /home/airflow/.local/lib/python3.12/site-packages/airflow/example_dags/example_bash_decorator.py took 0.083 seconds
[2026-08-04T08:32:48.100+0000] {processor.py:186} INFO - Started process (PID=1535) to work on /home/airflow/.local/lib/python3.12/site-packages/airflow/example_dags/example_bash_decorator.py
[2026-08-04T08:32:48.101+0000] {processor.py:914} INFO - Processing file /home/airflow/.local/lib/python3.12/site-packages/airflow/example_dags/example_bash_decorator.py for tasks to queue
[2026-08-04T08:32:48.103+0000] {logging_mixin.py:190} INFO - [2026-08-04T08:32:48.103+0000] {dagbag.py:588} INFO - Filling up the DagBag from /home/airflow/.local/lib/python3.12/site-packages/airflow/example_dags/example_bash_decorator.py
[2026-08-04T08:32:48.120+0000] {processor.py:925} INFO - DAG(s) 'example_bash_decorator' retrieved from /home/airflow/.local/lib/python3.12/site-packages/airflow/example_dags/example_bash_decorator.py
[2026-08-04T08:32:48.145+0000] {logging_mixin.py:190} INFO - [2026-08-04T08:32:48.145+0000] {dag.py:3239} INFO - Sync 1 DAGs
[2026-08-04T08:32:48.162+0000] {logging_mixin.py:190} INFO - [2026-08-04T08:32:48.162+0000] {dag.py:4180} INFO - Setting next_dagrun for example_bash_decorator to None, run_after=None
[2026-08-04T08:32:48.184+0000] {processor.py:208} INFO - Processing /home/airflow/.local/lib/python3.12/site-packages/airflow/example_dags/example_bash_decorator.py took 0.091 seconds
[2026-08-04T08:33:19.500+0000] {processor.py:186} INFO - Started process (PID=1600) to work on /home/airflow/.local/lib/python3.12/site-packages/airflow/example_dags/example_bash_decorator.py
[2026-08-04T08:33:19.501+0000] {processor.py:914} INFO - Processing file /home/airflow/.local/lib/python3.12/site-packages/airflow/example_dags/example_bash_decorator.py for tasks to queue
[2026-08-04T08:33:19.504+0000] {logging_mixin.py:190} INFO - [2026-08-04T08:33:19.504+0000] {dagbag.py:588} INFO - Filling up the DagBag from /home/airflow/.local/lib/python3.12/site-packages/airflow/example_dags/example_bash_decorator.py
[2026-08-04T08:33:19.522+0000] {processor.py:925} INFO - DAG(s) 'example_bash_decorator' retrieved from /home/airflow/.local/lib/python3.12/site-packages/airflow/example_dags/example_bash_decorator.py
[2026-08-04T08:33:19.548+0000] {logging_mixin.py:190} INFO - [2026-08-04T08:33:19.547+0000] {dag.py:3239} INFO - Sync 1 DAGs
[2026-08-04T08:33:19.564+0000] {logging_mixin.py:190} INFO - [2026-08-04T08:33:19.564+0000] {dag.py:4180} INFO - Setting next_dagrun for example_bash_decorator to None, run_after=None
[2026-08-04T08:33:19.585+0000] {processor.py:208} INFO - Processing /home/airflow/.local/lib/python3.12/site-packages/airflow/example_dags/example_bash_decorator.py took 0.092 seconds
[2026-08-04T08:33:50.631+0000] {processor.py:186} INFO - Started process (PID=1665) to work on /home/airflow/.local/lib/python3.12/site-packages/airflow/example_dags/example_bash_decorator.py
[2026-08-04T08:33:50.632+0000] {processor.py:914} INFO - Processing file /home/airflow/.local/lib/python3.12/site-packages/airflow/example_dags/example_bash_decorator.py for tasks to queue
[2026-08-04T08:33:50.635+0000] {logging_mixin.py:190} INFO - [2026-08-04T08:33:50.635+0000] {dagbag.py:588} INFO - Filling up the DagBag from /home/airflow/.local/lib/python3.12/site-packages/airflow/example_dags/example_bash_decorator.py
[2026-08-04T08:33:50.651+0000] {processor.py:925} INFO - DAG(s) 'example_bash_decorator' retrieved from /home/airflow/.local/lib/python3.12/site-packages/airflow/example_dags/example_bash_decorator.py
[2026-08-04T08:33:50.676+0000] {logging_mixin.py:190} INFO - [2026-08-04T08:33:50.675+0000] {dag.py:3239} INFO - Sync 1 DAGs
[2026-08-04T08:33:50.694+0000] {logging_mixin.py:190} INFO - [2026-08-04T08:33:50.693+0000] {dag.py:4180} INFO - Setting next_dagrun for example_bash_decorator to None, run_after=None
[2026-08-04T08:33:50.713+0000] {processor.py:208} INFO - Processing /home/airflow/.local/lib/python3.12/site-packages/airflow/example_dags/example_bash_decorator.py took 0.087 seconds
[2026-08-04T08:34:22.077+0000] {processor.py:186} INFO - Started process (PID=1730) to work on /home/airflow/.local/lib/python3.12/site-packages/airflow/example_dags/example_bash_decorator.py
[2026-08-04T08:34:22.078+0000] {processor.py:914} INFO - Processing file /home/airflow/.local/lib/python3.12/site-packages/airflow/example_dags/example_bash_decorator.py for tasks to queue
[2026-08-04T08:34:22.080+0000] {logging_mixin.py:190} INFO - [2026-08-04T08:34:22.080+0000] {dagbag.py:588} INFO - Filling up the DagBag from /home/airflow/.local/lib/python3.12/site-packages/airflow/example_dags/example_bash_decorator.py
[2026-08-04T08:34:22.095+0000] {processor.py:925} INFO - DAG(s) 'example_bash_decorator' retrieved from /home/airflow/.local/lib/python3.12/site-packages/airflow/example_dags/example_bash_decorator.py
[2026-08-04T08:34:22.117+0000] {logging_mixin.py:190} INFO - [2026-08-04T08:34:22.116+0000] {dag.py:3239} INFO - Sync 1 DAGs
[2026-08-04T08:34:22.131+0000] {logging_mixin.py:190} INFO - [2026-08-04T08:34:22.131+0000] {dag.py:4180} INFO - Setting next_dagrun for example_bash_decorator to None, run_after=None
[2026-08-04T08:34:22.148+0000] {processor.py:208} INFO - Processing /home/airflow/.local/lib/python3.12/site-packages/airflow/example_dags/example_bash_decorator.py took 0.077 seconds
[2026-08-04T08:34:53.478+0000] {processor.py:186} INFO - Started process (PID=1795) to work on /home/airflow/.local/lib/python3.12/site-packages/airflow/example_dags/example_bash_decorator.py
[2026-08-04T08:34:53.480+0000] {processor.py:914} INFO - Processing file /home/airflow/.local/lib/python3.12/site-packages/airflow/example_dags/example_bash_decorator.py for tasks to queue
[2026-08-04T08:34:53.483+0000] {logging_mixin.py:190} INFO - [2026-08-04T08:34:53.483+0000] {dagbag.py:588} INFO - Filling up the DagBag from /home/airflow/.local/lib/python3.12/site-packages/airflow/example_dags/example_bash_decorator.py
[2026-08-04T08:34:53.501+0000] {processor.py:925} INFO - DAG(s) 'example_bash_decorator' retrieved from /home/airflow/.local/lib/python3.12/site-packages/airflow/example_dags/example_bash_decorator.py
[2026-08-04T08:34:53.526+0000] {logging_mixin.py:190} INFO - [2026-08-04T08:34:53.526+0000] {dag.py:3239} INFO - Sync 1 DAGs
[2026-08-04T08:34:53.544+0000] {logging_mixin.py:190} INFO - [2026-08-04T08:34:53.544+0000] {dag.py:4180} INFO - Setting next_dagrun for example_bash_decorator to None, run_after=None
[2026-08-04T08:34:53.563+0000] {processor.py:208} INFO - Processing /home/airflow/.local/lib/python3.12/site-packages/airflow/example_dags/example_bash_decorator.py took 0.093 seconds
[2026-08-04T08:35:24.724+0000] {processor.py:186} INFO - Started process (PID=1860) to work on /home/airflow/.local/lib/python3.12/site-packages/airflow/example_dags/example_bash_decorator.py
[2026-08-04T08:35:24.725+0000] {processor.py:914} INFO - Processing file /home/airflow/.local/lib/python3.12/site-packages/airflow/example_dags/example_bash_decorator.py for tasks to queue
[2026-08-04T08:35:24.729+0000] {logging_mixin.py:190} INFO - [2026-08-04T08:35:24.729+0000] {dagbag.py:588} INFO - Filling up the DagBag from /home/airflow/.local/lib/python3.12/site-packages/airflow/example_dags/example_bash_decorator.py
[2026-08-04T08:35:24.748+0000] {processor.py:925} INFO - DAG(s) 'example_bash_decorator' retrieved from /home/airflow/.local/lib/python3.12/site-packages/airflow/example_dags/example_bash_decorator.py
[2026-08-04T08:35:24.776+0000] {logging_mixin.py:190} INFO - [2026-08-04T08:35:24.776+0000] {dag.py:3239} INFO - Sync 1 DAGs
[2026-08-04T08:35:24.797+0000] {logging_mixin.py:190} INFO - [2026-08-04T08:35:24.797+0000] {dag.py:4180} INFO - Setting next_dagrun for example_bash_decorator to None, run_after=None
[2026-08-04T08:35:24.819+0000] {processor.py:208} INFO - Processing /home/airflow/.local/lib/python3.12/site-packages/airflow/example_dags/example_bash_decorator.py took 0.103 seconds
[2026-08-04T08:35:56.159+0000] {processor.py:186} INFO - Started process (PID=1925) to work on /home/airflow/.local/lib/python3.12/site-packages/airflow/example_dags/example_bash_decorator.py
[2026-08-04T08:35:56.160+0000] {processor.py:914} INFO - Processing file /home/airflow/.local/lib/python3.12/site-packages/airflow/example_dags/example_bash_decorator.py for tasks to queue
[2026-08-04T08:35:56.163+0000] {logging_mixin.py:190} INFO - [2026-08-04T08:35:56.163+0000] {dagbag.py:588} INFO - Filling up the DagBag from /home/airflow/.local/lib/python3.12/site-packages/airflow/example_dags/example_bash_decorator.py
[2026-08-04T08:35:56.184+0000] {processor.py:925} INFO - DAG(s) 'example_bash_decorator' retrieved from /home/airflow/.local/lib/python3.12/site-packages/airflow/example_dags/example_bash_decorator.py
[2026-08-04T08:35:56.206+0000] {logging_mixin.py:190} INFO - [2026-08-04T08:35:56.206+0000] {dag.py:3239} INFO - Sync 1 DAGs
[2026-08-04T08:35:56.222+0000] {logging_mixin.py:190} INFO - [2026-08-04T08:35:56.221+0000] {dag.py:4180} INFO - Setting next_dagrun for example_bash_decorator to None, run_after=None
[2026-08-04T08:35:56.247+0000] {processor.py:208} INFO - Processing /home/airflow/.local/lib/python3.12/site-packages/airflow/example_dags/example_bash_decorator.py took 0.094 seconds
[2026-08-04T08:36:26.882+0000] {processor.py:186} INFO - Started process (PID=1990) to work on /home/airflow/.local/lib/python3.12/site-packages/airflow/example_dags/example_bash_decorator.py
[2026-08-04T08:36:26.883+0000] {processor.py:914} INFO - Processing file /home/airflow/.local/lib/python3.12/site-packages/airflow/example_dags/example_bash_decorator.py for tasks to queue
[2026-08-04T08:36:26.886+0000] {logging_mixin.py:190} INFO - [2026-08-04T08:36:26.886+0000] {dagbag.py:588} INFO - Filling up the DagBag from /home/airflow/.local/lib/python3.12/site-packages/airflow/example_dags/example_bash_decorator.py
[2026-08-04T08:36:26.903+0000] {processor.py:925} INFO - DAG(s) 'example_bash_decorator' retrieved from /home/airflow/.local/lib/python3.12/site-packages/airflow/example_dags/example_bash_decorator.py
[2026-08-04T08:36:26.929+0000] {logging_mixin.py:190} INFO - [2026-08-04T08:36:26.929+0000] {dag.py:3239} INFO - Sync 1 DAGs
[2026-08-04T08:36:26.945+0000] {logging_mixin.py:190} INFO - [2026-08-04T08:36:26.945+0000] {dag.py:4180} INFO - Setting next_dagrun for example_bash_decorator to None, run_after=None
[2026-08-04T08:36:26.966+0000] {processor.py:208} INFO - Processing /home/airflow/.local/lib/python3.12/site-packages/airflow/example_dags/example_bash_decorator.py took 0.091 seconds
[2026-08-04T08:36:57.904+0000] {processor.py:186} INFO - Started process (PID=2055) to work on /home/airflow/.local/lib/python3.12/site-packages/airflow/example_dags/example_bash_decorator.py
[2026-08-04T08:36:57.905+0000] {processor.py:914} INFO - Processing file /home/airflow/.local/lib/python3.12/site-packages/airflow/example_dags/example_bash_decorator.py for tasks to queue
[2026-08-04T08:36:57.908+0000] {logging_mixin.py:190} INFO - [2026-08-04T08:36:57.908+0000] {dagbag.py:588} INFO - Filling up the DagBag from /home/airflow/.local/lib/python3.12/site-packages/airflow/example_dags/example_bash_decorator.py
[2026-08-04T08:36:57.932+0000] {processor.py:925} INFO - DAG(s) 'example_bash_decorator' retrieved from /home/airflow/.local/lib/python3.12/site-packages/airflow/example_dags/example_bash_decorator.py
[2026-08-04T08:36:57.974+0000] {logging_mixin.py:190} INFO - [2026-08-04T08:36:57.973+0000] {dag.py:3239} INFO - Sync 1 DAGs
[2026-08-04T08:36:58.001+0000] {logging_mixin.py:190} INFO - [2026-08-04T08:36:58.000+0000] {dag.py:4180} INFO - Setting next_dagrun for example_bash_decorator to None, run_after=None
[2026-08-04T08:36:58.028+0000] {processor.py:208} INFO - Processing /home/airflow/.local/lib/python3.12/site-packages/airflow/example_dags/example_bash_decorator.py took 0.131 seconds
[2026-08-04T08:37:28.886+0000] {processor.py:186} INFO - Started process (PID=2120) to work on /home/airflow/.local/lib/python3.12/site-packages/airflow/example_dags/example_bash_decorator.py
[2026-08-04T08:37:28.887+0000] {processor.py:914} INFO - Processing file /home/airflow/.local/lib/python3.12/site-packages/airflow/example_dags/example_bash_decorator.py for tasks to queue
[2026-08-04T08:37:28.890+0000] {logging_mixin.py:190} INFO - [2026-08-04T08:37:28.889+0000] {dagbag.py:588} INFO - Filling up the DagBag from /home/airflow/.local/lib/python3.12/site-packages/airflow/example_dags/example_bash_decorator.py
[2026-08-04T08:37:28.906+0000] {processor.py:925} INFO - DAG(s) 'example_bash_decorator' retrieved from /home/airflow/.local/lib/python3.12/site-packages/airflow/example_dags/example_bash_decorator.py
[2026-08-04T08:37:28.933+0000] {logging_mixin.py:190} INFO - [2026-08-04T08:37:28.932+0000] {dag.py:3239} INFO - Sync 1 DAGs
[2026-08-04T08:37:28.948+0000] {logging_mixin.py:190} INFO - [2026-08-04T08:37:28.948+0000] {dag.py:4180} INFO - Setting next_dagrun for example_bash_decorator to None, run_after=None
[2026-08-04T08:37:28.966+0000] {processor.py:208} INFO - Processing /home/airflow/.local/lib/python3.12/site-packages/airflow/example_dags/example_bash_decorator.py took 0.086 seconds
[2026-08-04T08:38:00.480+0000] {processor.py:186} INFO - Started process (PID=2185) to work on /home/airflow/.local/lib/python3.12/site-packages/airflow/example_dags/example_bash_decorator.py
[2026-08-04T08:38:00.482+0000] {processor.py:914} INFO - Processing file /home/airflow/.local/lib/python3.12/site-packages/airflow/example_dags/example_bash_decorator.py for tasks to queue
[2026-08-04T08:38:00.484+0000] {logging_mixin.py:190} INFO - [2026-08-04T08:38:00.484+0000] {dagbag.py:588} INFO - Filling up the DagBag from /home/airflow/.local/lib/python3.12/site-packages/airflow/example_dags/example_bash_decorator.py
[2026-08-04T08:38:00.499+0000] {processor.py:925} INFO - DAG(s) 'example_bash_decorator' retrieved from /home/airflow/.local/lib/python3.12/site-packages/airflow/example_dags/example_bash_decorator.py
[2026-08-04T08:38:00.521+0000] {logging_mixin.py:190} INFO - [2026-08-04T08:38:00.521+0000] {dag.py:3239} INFO - Sync 1 DAGs
[2026-08-04T08:38:00.537+0000] {logging_mixin.py:190} INFO - [2026-08-04T08:38:00.537+0000] {dag.py:4180} INFO - Setting next_dagrun for example_bash_decorator to None, run_after=None
[2026-08-04T08:38:00.555+0000] {processor.py:208} INFO - Processing /home/airflow/.local/lib/python3.12/site-packages/airflow/example_dags/example_bash_decorator.py took 0.081 seconds
[2026-08-04T08:38:31.747+0000] {processor.py:186} INFO - Started process (PID=2250) to work on /home/airflow/.local/lib/python3.12/site-packages/airflow/example_dags/example_bash_decorator.py
[2026-08-04T08:38:31.748+0000] {processor.py:914} INFO - Processing file /home/airflow/.local/lib/python3.12/site-packages/airflow/example_dags/example_bash_decorator.py for tasks to queue
[2026-08-04T08:38:31.751+0000] {logging_mixin.py:190} INFO - [2026-08-04T08:38:31.751+0000] {dagbag.py:588} INFO - Filling up the DagBag from /home/airflow/.local/lib/python3.12/site-packages/airflow/example_dags/example_bash_decorator.py
[2026-08-04T08:38:31.770+0000] {processor.py:925} INFO - DAG(s) 'example_bash_decorator' retrieved from /home/airflow/.local/lib/python3.12/site-packages/airflow/example_dags/example_bash_decorator.py
[2026-08-04T08:38:31.795+0000] {logging_mixin.py:190} INFO - [2026-08-04T08:38:31.795+0000] {dag.py:3239} INFO - Sync 1 DAGs
[2026-08-04T08:38:31.811+0000] {logging_mixin.py:190} INFO - [2026-08-04T08:38:31.811+0000] {dag.py:4180} INFO - Setting next_dagrun for example_bash_decorator to None, run_after=None
[2026-08-04T08:38:31.832+0000] {processor.py:208} INFO - Processing /home/airflow/.local/lib/python3.12/site-packages/airflow/example_dags/example_bash_decorator.py took 0.092 seconds
[2026-08-04T08:39:02.670+0000] {processor.py:186} INFO - Started process (PID=2316) to work on /home/airflow/.local/lib/python3.12/site-packages/airflow/example_dags/example_bash_decorator.py
[2026-08-04T08:39:02.671+0000] {processor.py:914} INFO - Processing file /home/airflow/.local/lib/python3.12/site-packages/airflow/example_dags/example_bash_decorator.py for tasks to queue
[2026-08-04T08:39:02.674+0000] {logging_mixin.py:190} INFO - [2026-08-04T08:39:02.674+0000] {dagbag.py:588} INFO - Filling up the DagBag from /home/airflow/.local/lib/python3.12/site-packages/airflow/example_dags/example_bash_decorator.py
[2026-08-04T08:39:02.690+0000] {processor.py:925} INFO - DAG(s) 'example_bash_decorator' retrieved from /home/airflow/.local/lib/python3.12/site-packages/airflow/example_dags/example_bash_decorator.py
[2026-08-04T08:39:02.712+0000] {logging_mixin.py:190} INFO - [2026-08-04T08:39:02.712+0000] {dag.py:3239} INFO - Sync 1 DAGs
[2026-08-04T08:39:02.728+0000] {logging_mixin.py:190} INFO - [2026-08-04T08:39:02.728+0000] {dag.py:4180} INFO - Setting next_dagrun for example_bash_decorator to None, run_after=None
[2026-08-04T08:39:02.748+0000] {processor.py:208} INFO - Processing /home/airflow/.local/lib/python3.12/site-packages/airflow/example_dags/example_bash_decorator.py took 0.084 seconds
[2026-08-04T08:39:33.076+0000] {processor.py:186} INFO - Started process (PID=2380) to work on /home/airflow/.local/lib/python3.12/site-packages/airflow/example_dags/example_bash_decorator.py
[2026-08-04T08:39:33.077+0000] {processor.py:914} INFO - Processing file /home/airflow/.local/lib/python3.12/site-packages/airflow/example_dags/example_bash_decorator.py for tasks to queue
[2026-08-04T08:39:33.081+0000] {logging_mixin.py:190} INFO - [2026-08-04T08:39:33.080+0000] {dagbag.py:588} INFO - Filling up the DagBag from /home/airflow/.local/lib/python3.12/site-packages/airflow/example_dags/example_bash_decorator.py
[2026-08-04T08:39:33.102+0000] {processor.py:925} INFO - DAG(s) 'example_bash_decorator' retrieved from /home/airflow/.local/lib/python3.12/site-packages/airflow/example_dags/example_bash_decorator.py
[2026-08-04T08:39:33.126+0000] {logging_mixin.py:190} INFO - [2026-08-04T08:39:33.125+0000] {dag.py:3239} INFO - Sync 1 DAGs
[2026-08-04T08:39:33.142+0000] {logging_mixin.py:190} INFO - [2026-08-04T08:39:33.141+0000] {dag.py:4180} INFO - Setting next_dagrun for example_bash_decorator to None, run_after=None
[2026-08-04T08:39:33.166+0000] {processor.py:208} INFO - Processing /home/airflow/.local/lib/python3.12/site-packages/airflow/example_dags/example_bash_decorator.py took 0.097 seconds
[2026-08-04T08:40:04.922+0000] {processor.py:186} INFO - Started process (PID=2447) to work on /home/airflow/.local/lib/python3.12/site-packages/airflow/example_dags/example_bash_decorator.py
[2026-08-04T08:40:04.923+0000] {processor.py:914} INFO - Processing file /home/airflow/.local/lib/python3.12/site-packages/airflow/example_dags/example_bash_decorator.py for tasks to queue
[2026-08-04T08:40:04.925+0000] {logging_mixin.py:190} INFO - [2026-08-04T08:40:04.925+0000] {dagbag.py:588} INFO - Filling up the DagBag from /home/airflow/.local/lib/python3.12/site-packages/airflow/example_dags/example_bash_decorator.py
[2026-08-04T08:40:04.941+0000] {processor.py:925} INFO - DAG(s) 'example_bash_decorator' retrieved from /home/airflow/.local/lib/python3.12/site-packages/airflow/example_dags/example_bash_decorator.py
[2026-08-04T08:40:04.965+0000] {logging_mixin.py:190} INFO - [2026-08-04T08:40:04.965+0000] {dag.py:3239} INFO - Sync 1 DAGs
[2026-08-04T08:40:04.980+0000] {logging_mixin.py:190} INFO - [2026-08-04T08:40:04.979+0000] {dag.py:4180} INFO - Setting next_dagrun for example_bash_decorator to None, run_after=None
[2026-08-04T08:40:05.009+0000] {processor.py:208} INFO - Processing /home/airflow/.local/lib/python3.12/site-packages/airflow/example_dags/example_bash_decorator.py took 0.093 seconds
[2026-08-04T08:40:36.120+0000] {processor.py:186} INFO - Started process (PID=2512) to work on /home/airflow/.local/lib/python3.12/site-packages/airflow/example_dags/example_bash_decorator.py
[2026-08-04T08:40:36.121+0000] {processor.py:914} INFO - Processing file /home/airflow/.local/lib/python3.12/site-packages/airflow/example_dags/example_bash_decorator.py for tasks to queue
[2026-08-04T08:40:36.124+0000] {logging_mixin.py:190} INFO - [2026-08-04T08:40:36.124+0000] {dagbag.py:588} INFO - Filling up the DagBag from /home/airflow/.local/lib/python3.12/site-packages/airflow/example_dags/example_bash_decorator.py
[2026-08-04T08:40:36.141+0000] {processor.py:925} INFO - DAG(s) 'example_bash_decorator' retrieved from /home/airflow/.local/lib/python3.12/site-packages/airflow/example_dags/example_bash_decorator.py
[2026-08-04T08:40:36.164+0000] {logging_mixin.py:190} INFO - [2026-08-04T08:40:36.164+0000] {dag.py:3239} INFO - Sync 1 DAGs
[2026-08-04T08:40:36.180+0000] {logging_mixin.py:190} INFO - [2026-08-04T08:40:36.180+0000] {dag.py:4180} INFO - Setting next_dagrun for example_bash_decorator to None, run_after=None
[2026-08-04T08:40:36.203+0000] {processor.py:208} INFO - Processing /home/airflow/.local/lib/python3.12/site-packages/airflow/example_dags/example_bash_decorator.py took 0.089 seconds
[2026-08-04T08:41:06.889+0000] {processor.py:186} INFO - Started process (PID=2577) to work on /home/airflow/.local/lib/python3.12/site-packages/airflow/example_dags/example_bash_decorator.py
[2026-08-04T08:41:06.890+0000] {processor.py:914} INFO - Processing file /home/airflow/.local/lib/python3.12/site-packages/airflow/example_dags/example_bash_decorator.py for tasks to queue
[2026-08-04T08:41:06.893+0000] {logging_mixin.py:190} INFO - [2026-08-04T08:41:06.893+0000] {dagbag.py:588} INFO - Filling up the DagBag from /home/airflow/.local/lib/python3.12/site-packages/airflow/example_dags/example_bash_decorator.py
[2026-08-04T08:41:06.908+0000] {processor.py:925} INFO - DAG(s) 'example_bash_decorator' retrieved from /home/airflow/.local/lib/python3.12/site-packages/airflow/example_dags/example_bash_decorator.py
[2026-08-04T08:41:06.930+0000] {logging_mixin.py:190} INFO - [2026-08-04T08:41:06.930+0000] {dag.py:3239} INFO - Sync 1 DAGs
[2026-08-04T08:41:06.945+0000] {logging_mixin.py:190} INFO - [2026-08-04T08:41:06.945+0000] {dag.py:4180} INFO - Setting next_dagrun for example_bash_decorator to None, run_after=None
[2026-08-04T08:41:06.964+0000] {processor.py:208} INFO - Processing /home/airflow/.local/lib/python3.12/site-packages/airflow/example_dags/example_bash_decorator.py took 0.081 seconds
[2026-08-04T08:41:39.063+0000] {processor.py:186} INFO - Started process (PID=2647) to work on /home/airflow/.local/lib/python3.12/site-packages/airflow/example_dags/example_bash_decorator.py
[2026-08-04T08:41:39.065+0000] {processor.py:914} INFO - Processing file /home/airflow/.local/lib/python3.12/site-packages/airflow/example_dags/example_bash_decorator.py for tasks to queue
[2026-08-04T08:41:39.068+0000] {logging_mixin.py:190} INFO - [2026-08-04T08:41:39.068+0000] {dagbag.py:588} INFO - Filling up the DagBag from /home/airflow/.local/lib/python3.12/site-packages/airflow/example_dags/example_bash_decorator.py
[2026-08-04T08:41:39.086+0000] {processor.py:925} INFO - DAG(s) 'example_bash_decorator' retrieved from /home/airflow/.local/lib/python3.12/site-packages/airflow/example_dags/example_bash_decorator.py
[2026-08-04T08:41:39.109+0000] {logging_mixin.py:190} INFO - [2026-08-04T08:41:39.109+0000] {dag.py:3239} INFO - Sync 1 DAGs
[2026-08-04T08:41:39.124+0000] {logging_mixin.py:190} INFO - [2026-08-04T08:41:39.124+0000] {dag.py:4180} INFO - Setting next_dagrun for example_bash_decorator to None, run_after=None
[2026-08-04T08:41:39.143+0000] {processor.py:208} INFO - Processing /home/airflow/.local/lib/python3.12/site-packages/airflow/example_dags/example_bash_decorator.py took 0.087 seconds
