[2026-08-04T07:47:15.211+0000] {processor.py:186} INFO - Started process (PID=111) to work on /home/airflow/.local/lib/python3.12/site-packages/airflow/example_dags/example_xcomargs.py
[2026-08-04T07:47:15.212+0000] {processor.py:914} INFO - Processing file /home/airflow/.local/lib/python3.12/site-packages/airflow/example_dags/example_xcomargs.py for tasks to queue
[2026-08-04T07:47:15.216+0000] {logging_mixin.py:190} INFO - [2026-08-04T07:47:15.215+0000] {dagbag.py:588} INFO - Filling up the DagBag from /home/airflow/.local/lib/python3.12/site-packages/airflow/example_dags/example_xcomargs.py
[2026-08-04T07:47:15.233+0000] {processor.py:925} INFO - DAG(s) 'example_xcom_args', 'example_xcom_args_with_operators' retrieved from /home/airflow/.local/lib/python3.12/site-packages/airflow/example_dags/example_xcomargs.py
[2026-08-04T07:47:15.286+0000] {logging_mixin.py:190} INFO - [2026-08-04T07:47:15.285+0000] {dag.py:3239} INFO - Sync 2 DAGs
[2026-08-04T07:47:15.335+0000] {logging_mixin.py:190} INFO - [2026-08-04T07:47:15.335+0000] {dag.py:4180} INFO - Setting next_dagrun for example_xcom_args to None, run_after=None
[2026-08-04T07:47:15.343+0000] {logging_mixin.py:190} INFO - [2026-08-04T07:47:15.343+0000] {dag.py:4180} INFO - Setting next_dagrun for example_xcom_args_with_operators to None, run_after=None
[2026-08-04T07:47:15.378+0000] {processor.py:208} INFO - Processing /home/airflow/.local/lib/python3.12/site-packages/airflow/example_dags/example_xcomargs.py took 0.174 seconds
[2026-08-04T08:21:21.017+0000] {processor.py:186} INFO - Started process (PID=111) to work on /home/airflow/.local/lib/python3.12/site-packages/airflow/example_dags/example_xcomargs.py
[2026-08-04T08:21:21.018+0000] {processor.py:914} INFO - Processing file /home/airflow/.local/lib/python3.12/site-packages/airflow/example_dags/example_xcomargs.py for tasks to queue
[2026-08-04T08:21:21.023+0000] {logging_mixin.py:190} INFO - [2026-08-04T08:21:21.022+0000] {dagbag.py:588} INFO - Filling up the DagBag from /home/airflow/.local/lib/python3.12/site-packages/airflow/example_dags/example_xcomargs.py
[2026-08-04T08:21:21.042+0000] {processor.py:925} INFO - DAG(s) 'example_xcom_args', 'example_xcom_args_with_operators' retrieved from /home/airflow/.local/lib/python3.12/site-packages/airflow/example_dags/example_xcomargs.py
[2026-08-04T08:21:21.076+0000] {logging_mixin.py:190} INFO - [2026-08-04T08:21:21.076+0000] {dag.py:3239} INFO - Sync 2 DAGs
[2026-08-04T08:21:21.097+0000] {logging_mixin.py:190} INFO - [2026-08-04T08:21:21.097+0000] {dag.py:4180} INFO - Setting next_dagrun for example_xcom_args to None, run_after=None
[2026-08-04T08:21:21.102+0000] {logging_mixin.py:190} INFO - [2026-08-04T08:21:21.102+0000] {dag.py:4180} INFO - Setting next_dagrun for example_xcom_args_with_operators to None, run_after=None
[2026-08-04T08:21:21.122+0000] {processor.py:208} INFO - Processing /home/airflow/.local/lib/python3.12/site-packages/airflow/example_dags/example_xcomargs.py took 0.114 seconds
[2026-08-04T08:21:52.815+0000] {processor.py:186} INFO - Started process (PID=176) to work on /home/airflow/.local/lib/python3.12/site-packages/airflow/example_dags/example_xcomargs.py
[2026-08-04T08:21:52.817+0000] {processor.py:914} INFO - Processing file /home/airflow/.local/lib/python3.12/site-packages/airflow/example_dags/example_xcomargs.py for tasks to queue
[2026-08-04T08:21:52.822+0000] {logging_mixin.py:190} INFO - [2026-08-04T08:21:52.821+0000] {dagbag.py:588} INFO - Filling up the DagBag from /home/airflow/.local/lib/python3.12/site-packages/airflow/example_dags/example_xcomargs.py
[2026-08-04T08:21:52.840+0000] {processor.py:925} INFO - DAG(s) 'example_xcom_args', 'example_xcom_args_with_operators' retrieved from /home/airflow/.local/lib/python3.12/site-packages/airflow/example_dags/example_xcomargs.py
[2026-08-04T08:21:52.874+0000] {logging_mixin.py:190} INFO - [2026-08-04T08:21:52.874+0000] {dag.py:3239} INFO - Sync 2 DAGs
[2026-08-04T08:21:52.894+0000] {logging_mixin.py:190} INFO - [2026-08-04T08:21:52.893+0000] {dag.py:4180} INFO - Setting next_dagrun for example_xcom_args to None, run_after=None
[2026-08-04T08:21:52.899+0000] {logging_mixin.py:190} INFO - [2026-08-04T08:21:52.899+0000] {dag.py:4180} INFO - Setting next_dagrun for example_xcom_args_with_operators to None, run_after=None
[2026-08-04T08:21:52.925+0000] {processor.py:208} INFO - Processing /home/airflow/.local/lib/python3.12/site-packages/airflow/example_dags/example_xcomargs.py took 0.120 seconds
[2026-08-04T08:22:23.247+0000] {processor.py:186} INFO - Started process (PID=241) to work on /home/airflow/.local/lib/python3.12/site-packages/airflow/example_dags/example_xcomargs.py
[2026-08-04T08:22:23.249+0000] {processor.py:914} INFO - Processing file /home/airflow/.local/lib/python3.12/site-packages/airflow/example_dags/example_xcomargs.py for tasks to queue
[2026-08-04T08:22:23.254+0000] {logging_mixin.py:190} INFO - [2026-08-04T08:22:23.254+0000] {dagbag.py:588} INFO - Filling up the DagBag from /home/airflow/.local/lib/python3.12/site-packages/airflow/example_dags/example_xcomargs.py
[2026-08-04T08:22:23.269+0000] {processor.py:925} INFO - DAG(s) 'example_xcom_args_with_operators', 'example_xcom_args' retrieved from /home/airflow/.local/lib/python3.12/site-packages/airflow/example_dags/example_xcomargs.py
[2026-08-04T08:22:23.302+0000] {logging_mixin.py:190} INFO - [2026-08-04T08:22:23.302+0000] {dag.py:3239} INFO - Sync 2 DAGs
[2026-08-04T08:22:23.321+0000] {logging_mixin.py:190} INFO - [2026-08-04T08:22:23.321+0000] {dag.py:4180} INFO - Setting next_dagrun for example_xcom_args to None, run_after=None
[2026-08-04T08:22:23.326+0000] {logging_mixin.py:190} INFO - [2026-08-04T08:22:23.326+0000] {dag.py:4180} INFO - Setting next_dagrun for example_xcom_args_with_operators to None, run_after=None
[2026-08-04T08:22:23.346+0000] {processor.py:208} INFO - Processing /home/airflow/.local/lib/python3.12/site-packages/airflow/example_dags/example_xcomargs.py took 0.106 seconds
[2026-08-04T08:22:54.228+0000] {processor.py:186} INFO - Started process (PID=305) to work on /home/airflow/.local/lib/python3.12/site-packages/airflow/example_dags/example_xcomargs.py
[2026-08-04T08:22:54.229+0000] {processor.py:914} INFO - Processing file /home/airflow/.local/lib/python3.12/site-packages/airflow/example_dags/example_xcomargs.py for tasks to queue
[2026-08-04T08:22:54.232+0000] {logging_mixin.py:190} INFO - [2026-08-04T08:22:54.232+0000] {dagbag.py:588} INFO - Filling up the DagBag from /home/airflow/.local/lib/python3.12/site-packages/airflow/example_dags/example_xcomargs.py
[2026-08-04T08:22:54.243+0000] {processor.py:925} INFO - DAG(s) 'example_xcom_args_with_operators', 'example_xcom_args' retrieved from /home/airflow/.local/lib/python3.12/site-packages/airflow/example_dags/example_xcomargs.py
[2026-08-04T08:22:54.273+0000] {logging_mixin.py:190} INFO - [2026-08-04T08:22:54.273+0000] {dag.py:3239} INFO - Sync 2 DAGs
[2026-08-04T08:22:54.292+0000] {logging_mixin.py:190} INFO - [2026-08-04T08:22:54.291+0000] {dag.py:4180} INFO - Setting next_dagrun for example_xcom_args to None, run_after=None
[2026-08-04T08:22:54.296+0000] {logging_mixin.py:190} INFO - [2026-08-04T08:22:54.296+0000] {dag.py:4180} INFO - Setting next_dagrun for example_xcom_args_with_operators to None, run_after=None
[2026-08-04T08:22:54.320+0000] {processor.py:208} INFO - Processing /home/airflow/.local/lib/python3.12/site-packages/airflow/example_dags/example_xcomargs.py took 0.098 seconds
[2026-08-04T08:23:25.878+0000] {processor.py:186} INFO - Started process (PID=370) to work on /home/airflow/.local/lib/python3.12/site-packages/airflow/example_dags/example_xcomargs.py
[2026-08-04T08:23:25.879+0000] {processor.py:914} INFO - Processing file /home/airflow/.local/lib/python3.12/site-packages/airflow/example_dags/example_xcomargs.py for tasks to queue
[2026-08-04T08:23:25.882+0000] {logging_mixin.py:190} INFO - [2026-08-04T08:23:25.881+0000] {dagbag.py:588} INFO - Filling up the DagBag from /home/airflow/.local/lib/python3.12/site-packages/airflow/example_dags/example_xcomargs.py
[2026-08-04T08:23:25.892+0000] {processor.py:925} INFO - DAG(s) 'example_xcom_args', 'example_xcom_args_with_operators' retrieved from /home/airflow/.local/lib/python3.12/site-packages/airflow/example_dags/example_xcomargs.py
[2026-08-04T08:23:25.917+0000] {logging_mixin.py:190} INFO - [2026-08-04T08:23:25.917+0000] {dag.py:3239} INFO - Sync 2 DAGs
[2026-08-04T08:23:25.934+0000] {logging_mixin.py:190} INFO - [2026-08-04T08:23:25.934+0000] {dag.py:4180} INFO - Setting next_dagrun for example_xcom_args to None, run_after=None
[2026-08-04T08:23:25.939+0000] {logging_mixin.py:190} INFO - [2026-08-04T08:23:25.938+0000] {dag.py:4180} INFO - Setting next_dagrun for example_xcom_args_with_operators to None, run_after=None
[2026-08-04T08:23:25.961+0000] {processor.py:208} INFO - Processing /home/airflow/.local/lib/python3.12/site-packages/airflow/example_dags/example_xcomargs.py took 0.089 seconds
[2026-08-04T08:23:57.381+0000] {processor.py:186} INFO - Started process (PID=435) to work on /home/airflow/.local/lib/python3.12/site-packages/airflow/example_dags/example_xcomargs.py
[2026-08-04T08:23:57.382+0000] {processor.py:914} INFO - Processing file /home/airflow/.local/lib/python3.12/site-packages/airflow/example_dags/example_xcomargs.py for tasks to queue
[2026-08-04T08:23:57.384+0000] {logging_mixin.py:190} INFO - [2026-08-04T08:23:57.384+0000] {dagbag.py:588} INFO - Filling up the DagBag from /home/airflow/.local/lib/python3.12/site-packages/airflow/example_dags/example_xcomargs.py
[2026-08-04T08:23:57.396+0000] {processor.py:925} INFO - DAG(s) 'example_xcom_args', 'example_xcom_args_with_operators' retrieved from /home/airflow/.local/lib/python3.12/site-packages/airflow/example_dags/example_xcomargs.py
[2026-08-04T08:23:57.421+0000] {logging_mixin.py:190} INFO - [2026-08-04T08:23:57.421+0000] {dag.py:3239} INFO - Sync 2 DAGs
[2026-08-04T08:23:57.438+0000] {logging_mixin.py:190} INFO - [2026-08-04T08:23:57.438+0000] {dag.py:4180} INFO - Setting next_dagrun for example_xcom_args to None, run_after=None
[2026-08-04T08:23:57.442+0000] {logging_mixin.py:190} INFO - [2026-08-04T08:23:57.442+0000] {dag.py:4180} INFO - Setting next_dagrun for example_xcom_args_with_operators to None, run_after=None
[2026-08-04T08:23:57.462+0000] {processor.py:208} INFO - Processing /home/airflow/.local/lib/python3.12/site-packages/airflow/example_dags/example_xcomargs.py took 0.087 seconds
[2026-08-04T08:24:28.524+0000] {processor.py:186} INFO - Started process (PID=500) to work on /home/airflow/.local/lib/python3.12/site-packages/airflow/example_dags/example_xcomargs.py
[2026-08-04T08:24:28.525+0000] {processor.py:914} INFO - Processing file /home/airflow/.local/lib/python3.12/site-packages/airflow/example_dags/example_xcomargs.py for tasks to queue
[2026-08-04T08:24:28.528+0000] {logging_mixin.py:190} INFO - [2026-08-04T08:24:28.528+0000] {dagbag.py:588} INFO - Filling up the DagBag from /home/airflow/.local/lib/python3.12/site-packages/airflow/example_dags/example_xcomargs.py
[2026-08-04T08:24:28.544+0000] {processor.py:925} INFO - DAG(s) 'example_xcom_args_with_operators', 'example_xcom_args' retrieved from /home/airflow/.local/lib/python3.12/site-packages/airflow/example_dags/example_xcomargs.py
[2026-08-04T08:24:28.581+0000] {logging_mixin.py:190} INFO - [2026-08-04T08:24:28.580+0000] {dag.py:3239} INFO - Sync 2 DAGs
[2026-08-04T08:24:28.617+0000] {logging_mixin.py:190} INFO - [2026-08-04T08:24:28.617+0000] {dag.py:4180} INFO - Setting next_dagrun for example_xcom_args to None, run_after=None
[2026-08-04T08:24:28.627+0000] {logging_mixin.py:190} INFO - [2026-08-04T08:24:28.627+0000] {dag.py:4180} INFO - Setting next_dagrun for example_xcom_args_with_operators to None, run_after=None
[2026-08-04T08:24:28.658+0000] {processor.py:208} INFO - Processing /home/airflow/.local/lib/python3.12/site-packages/airflow/example_dags/example_xcomargs.py took 0.140 seconds
[2026-08-04T08:25:00.207+0000] {processor.py:186} INFO - Started process (PID=566) to work on /home/airflow/.local/lib/python3.12/site-packages/airflow/example_dags/example_xcomargs.py
[2026-08-04T08:25:00.208+0000] {processor.py:914} INFO - Processing file /home/airflow/.local/lib/python3.12/site-packages/airflow/example_dags/example_xcomargs.py for tasks to queue
[2026-08-04T08:25:00.212+0000] {logging_mixin.py:190} INFO - [2026-08-04T08:25:00.211+0000] {dagbag.py:588} INFO - Filling up the DagBag from /home/airflow/.local/lib/python3.12/site-packages/airflow/example_dags/example_xcomargs.py
[2026-08-04T08:25:00.227+0000] {processor.py:925} INFO - DAG(s) 'example_xcom_args_with_operators', 'example_xcom_args' retrieved from /home/airflow/.local/lib/python3.12/site-packages/airflow/example_dags/example_xcomargs.py
[2026-08-04T08:25:00.254+0000] {logging_mixin.py:190} INFO - [2026-08-04T08:25:00.254+0000] {dag.py:3239} INFO - Sync 2 DAGs
[2026-08-04T08:25:00.279+0000] {logging_mixin.py:190} INFO - [2026-08-04T08:25:00.279+0000] {dag.py:4180} INFO - Setting next_dagrun for example_xcom_args to None, run_after=None
[2026-08-04T08:25:00.285+0000] {logging_mixin.py:190} INFO - [2026-08-04T08:25:00.285+0000] {dag.py:4180} INFO - Setting next_dagrun for example_xcom_args_with_operators to None, run_after=None
[2026-08-04T08:25:00.306+0000] {processor.py:208} INFO - Processing /home/airflow/.local/lib/python3.12/site-packages/airflow/example_dags/example_xcomargs.py took 0.112 seconds
[2026-08-04T08:25:31.397+0000] {processor.py:186} INFO - Started process (PID=631) to work on /home/airflow/.local/lib/python3.12/site-packages/airflow/example_dags/example_xcomargs.py
[2026-08-04T08:25:31.398+0000] {processor.py:914} INFO - Processing file /home/airflow/.local/lib/python3.12/site-packages/airflow/example_dags/example_xcomargs.py for tasks to queue
[2026-08-04T08:25:31.401+0000] {logging_mixin.py:190} INFO - [2026-08-04T08:25:31.401+0000] {dagbag.py:588} INFO - Filling up the DagBag from /home/airflow/.local/lib/python3.12/site-packages/airflow/example_dags/example_xcomargs.py
[2026-08-04T08:25:31.411+0000] {processor.py:925} INFO - DAG(s) 'example_xcom_args', 'example_xcom_args_with_operators' retrieved from /home/airflow/.local/lib/python3.12/site-packages/airflow/example_dags/example_xcomargs.py
[2026-08-04T08:25:31.432+0000] {logging_mixin.py:190} INFO - [2026-08-04T08:25:31.432+0000] {dag.py:3239} INFO - Sync 2 DAGs
[2026-08-04T08:25:31.447+0000] {logging_mixin.py:190} INFO - [2026-08-04T08:25:31.447+0000] {dag.py:4180} INFO - Setting next_dagrun for example_xcom_args to None, run_after=None
[2026-08-04T08:25:31.451+0000] {logging_mixin.py:190} INFO - [2026-08-04T08:25:31.451+0000] {dag.py:4180} INFO - Setting next_dagrun for example_xcom_args_with_operators to None, run_after=None
[2026-08-04T08:25:31.468+0000] {processor.py:208} INFO - Processing /home/airflow/.local/lib/python3.12/site-packages/airflow/example_dags/example_xcomargs.py took 0.077 seconds
[2026-08-04T08:26:02.635+0000] {processor.py:186} INFO - Started process (PID=696) to work on /home/airflow/.local/lib/python3.12/site-packages/airflow/example_dags/example_xcomargs.py
[2026-08-04T08:26:02.637+0000] {processor.py:914} INFO - Processing file /home/airflow/.local/lib/python3.12/site-packages/airflow/example_dags/example_xcomargs.py for tasks to queue
[2026-08-04T08:26:02.639+0000] {logging_mixin.py:190} INFO - [2026-08-04T08:26:02.639+0000] {dagbag.py:588} INFO - Filling up the DagBag from /home/airflow/.local/lib/python3.12/site-packages/airflow/example_dags/example_xcomargs.py
[2026-08-04T08:26:02.650+0000] {processor.py:925} INFO - DAG(s) 'example_xcom_args_with_operators', 'example_xcom_args' retrieved from /home/airflow/.local/lib/python3.12/site-packages/airflow/example_dags/example_xcomargs.py
[2026-08-04T08:26:02.673+0000] {logging_mixin.py:190} INFO - [2026-08-04T08:26:02.673+0000] {dag.py:3239} INFO - Sync 2 DAGs
[2026-08-04T08:26:02.689+0000] {logging_mixin.py:190} INFO - [2026-08-04T08:26:02.689+0000] {dag.py:4180} INFO - Setting next_dagrun for example_xcom_args to None, run_after=None
[2026-08-04T08:26:02.694+0000] {logging_mixin.py:190} INFO - [2026-08-04T08:26:02.694+0000] {dag.py:4180} INFO - Setting next_dagrun for example_xcom_args_with_operators to None, run_after=None
[2026-08-04T08:26:02.712+0000] {processor.py:208} INFO - Processing /home/airflow/.local/lib/python3.12/site-packages/airflow/example_dags/example_xcomargs.py took 0.082 seconds
[2026-08-04T08:26:33.606+0000] {processor.py:186} INFO - Started process (PID=762) to work on /home/airflow/.local/lib/python3.12/site-packages/airflow/example_dags/example_xcomargs.py
[2026-08-04T08:26:33.607+0000] {processor.py:914} INFO - Processing file /home/airflow/.local/lib/python3.12/site-packages/airflow/example_dags/example_xcomargs.py for tasks to queue
[2026-08-04T08:26:33.612+0000] {logging_mixin.py:190} INFO - [2026-08-04T08:26:33.611+0000] {dagbag.py:588} INFO - Filling up the DagBag from /home/airflow/.local/lib/python3.12/site-packages/airflow/example_dags/example_xcomargs.py
[2026-08-04T08:26:33.625+0000] {processor.py:925} INFO - DAG(s) 'example_xcom_args', 'example_xcom_args_with_operators' retrieved from /home/airflow/.local/lib/python3.12/site-packages/airflow/example_dags/example_xcomargs.py
[2026-08-04T08:26:33.665+0000] {logging_mixin.py:190} INFO - [2026-08-04T08:26:33.665+0000] {dag.py:3239} INFO - Sync 2 DAGs
[2026-08-04T08:26:33.686+0000] {logging_mixin.py:190} INFO - [2026-08-04T08:26:33.686+0000] {dag.py:4180} INFO - Setting next_dagrun for example_xcom_args to None, run_after=None
[2026-08-04T08:26:33.691+0000] {logging_mixin.py:190} INFO - [2026-08-04T08:26:33.691+0000] {dag.py:4180} INFO - Setting next_dagrun for example_xcom_args_with_operators to None, run_after=None
[2026-08-04T08:26:33.716+0000] {processor.py:208} INFO - Processing /home/airflow/.local/lib/python3.12/site-packages/airflow/example_dags/example_xcomargs.py took 0.118 seconds
[2026-08-04T08:27:05.005+0000] {processor.py:186} INFO - Started process (PID=827) to work on /home/airflow/.local/lib/python3.12/site-packages/airflow/example_dags/example_xcomargs.py
[2026-08-04T08:27:05.006+0000] {processor.py:914} INFO - Processing file /home/airflow/.local/lib/python3.12/site-packages/airflow/example_dags/example_xcomargs.py for tasks to queue
[2026-08-04T08:27:05.010+0000] {logging_mixin.py:190} INFO - [2026-08-04T08:27:05.009+0000] {dagbag.py:588} INFO - Filling up the DagBag from /home/airflow/.local/lib/python3.12/site-packages/airflow/example_dags/example_xcomargs.py
[2026-08-04T08:27:05.023+0000] {processor.py:925} INFO - DAG(s) 'example_xcom_args', 'example_xcom_args_with_operators' retrieved from /home/airflow/.local/lib/python3.12/site-packages/airflow/example_dags/example_xcomargs.py
[2026-08-04T08:27:05.048+0000] {logging_mixin.py:190} INFO - [2026-08-04T08:27:05.047+0000] {dag.py:3239} INFO - Sync 2 DAGs
[2026-08-04T08:27:05.066+0000] {logging_mixin.py:190} INFO - [2026-08-04T08:27:05.066+0000] {dag.py:4180} INFO - Setting next_dagrun for example_xcom_args to None, run_after=None
[2026-08-04T08:27:05.070+0000] {logging_mixin.py:190} INFO - [2026-08-04T08:27:05.070+0000] {dag.py:4180} INFO - Setting next_dagrun for example_xcom_args_with_operators to None, run_after=None
[2026-08-04T08:27:05.089+0000] {processor.py:208} INFO - Processing /home/airflow/.local/lib/python3.12/site-packages/airflow/example_dags/example_xcomargs.py took 0.092 seconds
[2026-08-04T08:27:36.216+0000] {processor.py:186} INFO - Started process (PID=892) to work on /home/airflow/.local/lib/python3.12/site-packages/airflow/example_dags/example_xcomargs.py
[2026-08-04T08:27:36.217+0000] {processor.py:914} INFO - Processing file /home/airflow/.local/lib/python3.12/site-packages/airflow/example_dags/example_xcomargs.py for tasks to queue
[2026-08-04T08:27:36.220+0000] {logging_mixin.py:190} INFO - [2026-08-04T08:27:36.219+0000] {dagbag.py:588} INFO - Filling up the DagBag from /home/airflow/.local/lib/python3.12/site-packages/airflow/example_dags/example_xcomargs.py
[2026-08-04T08:27:36.230+0000] {processor.py:925} INFO - DAG(s) 'example_xcom_args', 'example_xcom_args_with_operators' retrieved from /home/airflow/.local/lib/python3.12/site-packages/airflow/example_dags/example_xcomargs.py
[2026-08-04T08:27:36.253+0000] {logging_mixin.py:190} INFO - [2026-08-04T08:27:36.253+0000] {dag.py:3239} INFO - Sync 2 DAGs
[2026-08-04T08:27:36.270+0000] {logging_mixin.py:190} INFO - [2026-08-04T08:27:36.270+0000] {dag.py:4180} INFO - Setting next_dagrun for example_xcom_args to None, run_after=None
[2026-08-04T08:27:36.275+0000] {logging_mixin.py:190} INFO - [2026-08-04T08:27:36.275+0000] {dag.py:4180} INFO - Setting next_dagrun for example_xcom_args_with_operators to None, run_after=None
[2026-08-04T08:27:36.293+0000] {processor.py:208} INFO - Processing /home/airflow/.local/lib/python3.12/site-packages/airflow/example_dags/example_xcomargs.py took 0.083 seconds
[2026-08-04T08:28:07.357+0000] {processor.py:186} INFO - Started process (PID=957) to work on /home/airflow/.local/lib/python3.12/site-packages/airflow/example_dags/example_xcomargs.py
[2026-08-04T08:28:07.358+0000] {processor.py:914} INFO - Processing file /home/airflow/.local/lib/python3.12/site-packages/airflow/example_dags/example_xcomargs.py for tasks to queue
[2026-08-04T08:28:07.361+0000] {logging_mixin.py:190} INFO - [2026-08-04T08:28:07.361+0000] {dagbag.py:588} INFO - Filling up the DagBag from /home/airflow/.local/lib/python3.12/site-packages/airflow/example_dags/example_xcomargs.py
[2026-08-04T08:28:07.372+0000] {processor.py:925} INFO - DAG(s) 'example_xcom_args_with_operators', 'example_xcom_args' retrieved from /home/airflow/.local/lib/python3.12/site-packages/airflow/example_dags/example_xcomargs.py
[2026-08-04T08:28:07.395+0000] {logging_mixin.py:190} INFO - [2026-08-04T08:28:07.395+0000] {dag.py:3239} INFO - Sync 2 DAGs
[2026-08-04T08:28:07.412+0000] {logging_mixin.py:190} INFO - [2026-08-04T08:28:07.412+0000] {dag.py:4180} INFO - Setting next_dagrun for example_xcom_args to None, run_after=None
[2026-08-04T08:28:07.418+0000] {logging_mixin.py:190} INFO - [2026-08-04T08:28:07.418+0000] {dag.py:4180} INFO - Setting next_dagrun for example_xcom_args_with_operators to None, run_after=None
[2026-08-04T08:28:07.436+0000] {processor.py:208} INFO - Processing /home/airflow/.local/lib/python3.12/site-packages/airflow/example_dags/example_xcomargs.py took 0.085 seconds
[2026-08-04T08:28:39.107+0000] {processor.py:186} INFO - Started process (PID=1023) to work on /home/airflow/.local/lib/python3.12/site-packages/airflow/example_dags/example_xcomargs.py
[2026-08-04T08:28:39.108+0000] {processor.py:914} INFO - Processing file /home/airflow/.local/lib/python3.12/site-packages/airflow/example_dags/example_xcomargs.py for tasks to queue
[2026-08-04T08:28:39.111+0000] {logging_mixin.py:190} INFO - [2026-08-04T08:28:39.111+0000] {dagbag.py:588} INFO - Filling up the DagBag from /home/airflow/.local/lib/python3.12/site-packages/airflow/example_dags/example_xcomargs.py
[2026-08-04T08:28:39.122+0000] {processor.py:925} INFO - DAG(s) 'example_xcom_args', 'example_xcom_args_with_operators' retrieved from /home/airflow/.local/lib/python3.12/site-packages/airflow/example_dags/example_xcomargs.py
[2026-08-04T08:28:39.147+0000] {logging_mixin.py:190} INFO - [2026-08-04T08:28:39.147+0000] {dag.py:3239} INFO - Sync 2 DAGs
[2026-08-04T08:28:39.162+0000] {logging_mixin.py:190} INFO - [2026-08-04T08:28:39.162+0000] {dag.py:4180} INFO - Setting next_dagrun for example_xcom_args to None, run_after=None
[2026-08-04T08:28:39.166+0000] {logging_mixin.py:190} INFO - [2026-08-04T08:28:39.166+0000] {dag.py:4180} INFO - Setting next_dagrun for example_xcom_args_with_operators to None, run_after=None
[2026-08-04T08:28:39.185+0000] {processor.py:208} INFO - Processing /home/airflow/.local/lib/python3.12/site-packages/airflow/example_dags/example_xcomargs.py took 0.084 seconds
[2026-08-04T08:29:10.700+0000] {processor.py:186} INFO - Started process (PID=1088) to work on /home/airflow/.local/lib/python3.12/site-packages/airflow/example_dags/example_xcomargs.py
[2026-08-04T08:29:10.702+0000] {processor.py:914} INFO - Processing file /home/airflow/.local/lib/python3.12/site-packages/airflow/example_dags/example_xcomargs.py for tasks to queue
[2026-08-04T08:29:10.704+0000] {logging_mixin.py:190} INFO - [2026-08-04T08:29:10.704+0000] {dagbag.py:588} INFO - Filling up the DagBag from /home/airflow/.local/lib/python3.12/site-packages/airflow/example_dags/example_xcomargs.py
[2026-08-04T08:29:10.715+0000] {processor.py:925} INFO - DAG(s) 'example_xcom_args', 'example_xcom_args_with_operators' retrieved from /home/airflow/.local/lib/python3.12/site-packages/airflow/example_dags/example_xcomargs.py
[2026-08-04T08:29:10.737+0000] {logging_mixin.py:190} INFO - [2026-08-04T08:29:10.737+0000] {dag.py:3239} INFO - Sync 2 DAGs
[2026-08-04T08:29:10.752+0000] {logging_mixin.py:190} INFO - [2026-08-04T08:29:10.752+0000] {dag.py:4180} INFO - Setting next_dagrun for example_xcom_args to None, run_after=None
[2026-08-04T08:29:10.756+0000] {logging_mixin.py:190} INFO - [2026-08-04T08:29:10.756+0000] {dag.py:4180} INFO - Setting next_dagrun for example_xcom_args_with_operators to None, run_after=None
[2026-08-04T08:29:10.774+0000] {processor.py:208} INFO - Processing /home/airflow/.local/lib/python3.12/site-packages/airflow/example_dags/example_xcomargs.py took 0.081 seconds
[2026-08-04T08:29:41.822+0000] {processor.py:186} INFO - Started process (PID=1152) to work on /home/airflow/.local/lib/python3.12/site-packages/airflow/example_dags/example_xcomargs.py
[2026-08-04T08:29:41.823+0000] {processor.py:914} INFO - Processing file /home/airflow/.local/lib/python3.12/site-packages/airflow/example_dags/example_xcomargs.py for tasks to queue
[2026-08-04T08:29:41.826+0000] {logging_mixin.py:190} INFO - [2026-08-04T08:29:41.825+0000] {dagbag.py:588} INFO - Filling up the DagBag from /home/airflow/.local/lib/python3.12/site-packages/airflow/example_dags/example_xcomargs.py
[2026-08-04T08:29:41.837+0000] {processor.py:925} INFO - DAG(s) 'example_xcom_args', 'example_xcom_args_with_operators' retrieved from /home/airflow/.local/lib/python3.12/site-packages/airflow/example_dags/example_xcomargs.py
[2026-08-04T08:29:41.861+0000] {logging_mixin.py:190} INFO - [2026-08-04T08:29:41.861+0000] {dag.py:3239} INFO - Sync 2 DAGs
[2026-08-04T08:29:41.880+0000] {logging_mixin.py:190} INFO - [2026-08-04T08:29:41.880+0000] {dag.py:4180} INFO - Setting next_dagrun for example_xcom_args to None, run_after=None
[2026-08-04T08:29:41.884+0000] {logging_mixin.py:190} INFO - [2026-08-04T08:29:41.884+0000] {dag.py:4180} INFO - Setting next_dagrun for example_xcom_args_with_operators to None, run_after=None
[2026-08-04T08:29:41.902+0000] {processor.py:208} INFO - Processing /home/airflow/.local/lib/python3.12/site-packages/airflow/example_dags/example_xcomargs.py took 0.086 seconds
[2026-08-04T08:30:13.144+0000] {processor.py:186} INFO - Started process (PID=1218) to work on /home/airflow/.local/lib/python3.12/site-packages/airflow/example_dags/example_xcomargs.py
[2026-08-04T08:30:13.146+0000] {processor.py:914} INFO - Processing file /home/airflow/.local/lib/python3.12/site-packages/airflow/example_dags/example_xcomargs.py for tasks to queue
[2026-08-04T08:30:13.149+0000] {logging_mixin.py:190} INFO - [2026-08-04T08:30:13.149+0000] {dagbag.py:588} INFO - Filling up the DagBag from /home/airflow/.local/lib/python3.12/site-packages/airflow/example_dags/example_xcomargs.py
[2026-08-04T08:30:13.161+0000] {processor.py:925} INFO - DAG(s) 'example_xcom_args', 'example_xcom_args_with_operators' retrieved from /home/airflow/.local/lib/python3.12/site-packages/airflow/example_dags/example_xcomargs.py
[2026-08-04T08:30:13.186+0000] {logging_mixin.py:190} INFO - [2026-08-04T08:30:13.185+0000] {dag.py:3239} INFO - Sync 2 DAGs
[2026-08-04T08:30:13.203+0000] {logging_mixin.py:190} INFO - [2026-08-04T08:30:13.202+0000] {dag.py:4180} INFO - Setting next_dagrun for example_xcom_args to None, run_after=None
[2026-08-04T08:30:13.207+0000] {logging_mixin.py:190} INFO - [2026-08-04T08:30:13.207+0000] {dag.py:4180} INFO - Setting next_dagrun for example_xcom_args_with_operators to None, run_after=None
[2026-08-04T08:30:13.226+0000] {processor.py:208} INFO - Processing /home/airflow/.local/lib/python3.12/site-packages/airflow/example_dags/example_xcomargs.py took 0.089 seconds
[2026-08-04T08:30:43.691+0000] {processor.py:186} INFO - Started process (PID=1289) to work on /home/airflow/.local/lib/python3.12/site-packages/airflow/example_dags/example_xcomargs.py
[2026-08-04T08:30:43.693+0000] {processor.py:914} INFO - Processing file /home/airflow/.local/lib/python3.12/site-packages/airflow/example_dags/example_xcomargs.py for tasks to queue
[2026-08-04T08:30:43.697+0000] {logging_mixin.py:190} INFO - [2026-08-04T08:30:43.696+0000] {dagbag.py:588} INFO - Filling up the DagBag from /home/airflow/.local/lib/python3.12/site-packages/airflow/example_dags/example_xcomargs.py
[2026-08-04T08:30:43.711+0000] {processor.py:925} INFO - DAG(s) 'example_xcom_args', 'example_xcom_args_with_operators' retrieved from /home/airflow/.local/lib/python3.12/site-packages/airflow/example_dags/example_xcomargs.py
[2026-08-04T08:30:43.740+0000] {logging_mixin.py:190} INFO - [2026-08-04T08:30:43.739+0000] {dag.py:3239} INFO - Sync 2 DAGs
[2026-08-04T08:30:43.760+0000] {logging_mixin.py:190} INFO - [2026-08-04T08:30:43.760+0000] {dag.py:4180} INFO - Setting next_dagrun for example_xcom_args to None, run_after=None
[2026-08-04T08:30:43.765+0000] {logging_mixin.py:190} INFO - [2026-08-04T08:30:43.764+0000] {dag.py:4180} INFO - Setting next_dagrun for example_xcom_args_with_operators to None, run_after=None
[2026-08-04T08:30:43.783+0000] {processor.py:208} INFO - Processing /home/airflow/.local/lib/python3.12/site-packages/airflow/example_dags/example_xcomargs.py took 0.101 seconds
[2026-08-04T08:31:15.150+0000] {processor.py:186} INFO - Started process (PID=1354) to work on /home/airflow/.local/lib/python3.12/site-packages/airflow/example_dags/example_xcomargs.py
[2026-08-04T08:31:15.152+0000] {processor.py:914} INFO - Processing file /home/airflow/.local/lib/python3.12/site-packages/airflow/example_dags/example_xcomargs.py for tasks to queue
[2026-08-04T08:31:15.156+0000] {logging_mixin.py:190} INFO - [2026-08-04T08:31:15.155+0000] {dagbag.py:588} INFO - Filling up the DagBag from /home/airflow/.local/lib/python3.12/site-packages/airflow/example_dags/example_xcomargs.py
[2026-08-04T08:31:15.171+0000] {processor.py:925} INFO - DAG(s) 'example_xcom_args_with_operators', 'example_xcom_args' retrieved from /home/airflow/.local/lib/python3.12/site-packages/airflow/example_dags/example_xcomargs.py
[2026-08-04T08:31:15.196+0000] {logging_mixin.py:190} INFO - [2026-08-04T08:31:15.196+0000] {dag.py:3239} INFO - Sync 2 DAGs
[2026-08-04T08:31:15.215+0000] {logging_mixin.py:190} INFO - [2026-08-04T08:31:15.215+0000] {dag.py:4180} INFO - Setting next_dagrun for example_xcom_args to None, run_after=None
[2026-08-04T08:31:15.219+0000] {logging_mixin.py:190} INFO - [2026-08-04T08:31:15.219+0000] {dag.py:4180} INFO - Setting next_dagrun for example_xcom_args_with_operators to None, run_after=None
[2026-08-04T08:31:15.237+0000] {processor.py:208} INFO - Processing /home/airflow/.local/lib/python3.12/site-packages/airflow/example_dags/example_xcomargs.py took 0.099 seconds
[2026-08-04T08:31:46.325+0000] {processor.py:186} INFO - Started process (PID=1419) to work on /home/airflow/.local/lib/python3.12/site-packages/airflow/example_dags/example_xcomargs.py
[2026-08-04T08:31:46.327+0000] {processor.py:914} INFO - Processing file /home/airflow/.local/lib/python3.12/site-packages/airflow/example_dags/example_xcomargs.py for tasks to queue
[2026-08-04T08:31:46.330+0000] {logging_mixin.py:190} INFO - [2026-08-04T08:31:46.330+0000] {dagbag.py:588} INFO - Filling up the DagBag from /home/airflow/.local/lib/python3.12/site-packages/airflow/example_dags/example_xcomargs.py
[2026-08-04T08:31:46.343+0000] {processor.py:925} INFO - DAG(s) 'example_xcom_args_with_operators', 'example_xcom_args' retrieved from /home/airflow/.local/lib/python3.12/site-packages/airflow/example_dags/example_xcomargs.py
[2026-08-04T08:31:46.372+0000] {logging_mixin.py:190} INFO - [2026-08-04T08:31:46.372+0000] {dag.py:3239} INFO - Sync 2 DAGs
[2026-08-04T08:31:46.388+0000] {logging_mixin.py:190} INFO - [2026-08-04T08:31:46.388+0000] {dag.py:4180} INFO - Setting next_dagrun for example_xcom_args to None, run_after=None
[2026-08-04T08:31:46.392+0000] {logging_mixin.py:190} INFO - [2026-08-04T08:31:46.392+0000] {dag.py:4180} INFO - Setting next_dagrun for example_xcom_args_with_operators to None, run_after=None
[2026-08-04T08:31:46.410+0000] {processor.py:208} INFO - Processing /home/airflow/.local/lib/python3.12/site-packages/airflow/example_dags/example_xcomargs.py took 0.095 seconds
[2026-08-04T08:32:17.868+0000] {processor.py:186} INFO - Started process (PID=1484) to work on /home/airflow/.local/lib/python3.12/site-packages/airflow/example_dags/example_xcomargs.py
[2026-08-04T08:32:17.870+0000] {processor.py:914} INFO - Processing file /home/airflow/.local/lib/python3.12/site-packages/airflow/example_dags/example_xcomargs.py for tasks to queue
[2026-08-04T08:32:17.873+0000] {logging_mixin.py:190} INFO - [2026-08-04T08:32:17.873+0000] {dagbag.py:588} INFO - Filling up the DagBag from /home/airflow/.local/lib/python3.12/site-packages/airflow/example_dags/example_xcomargs.py
[2026-08-04T08:32:17.887+0000] {processor.py:925} INFO - DAG(s) 'example_xcom_args', 'example_xcom_args_with_operators' retrieved from /home/airflow/.local/lib/python3.12/site-packages/airflow/example_dags/example_xcomargs.py
[2026-08-04T08:32:17.922+0000] {logging_mixin.py:190} INFO - [2026-08-04T08:32:17.921+0000] {dag.py:3239} INFO - Sync 2 DAGs
[2026-08-04T08:32:17.948+0000] {logging_mixin.py:190} INFO - [2026-08-04T08:32:17.948+0000] {dag.py:4180} INFO - Setting next_dagrun for example_xcom_args to None, run_after=None
[2026-08-04T08:32:17.955+0000] {logging_mixin.py:190} INFO - [2026-08-04T08:32:17.954+0000] {dag.py:4180} INFO - Setting next_dagrun for example_xcom_args_with_operators to None, run_after=None
[2026-08-04T08:32:17.983+0000] {processor.py:208} INFO - Processing /home/airflow/.local/lib/python3.12/site-packages/airflow/example_dags/example_xcomargs.py took 0.123 seconds
[2026-08-04T08:32:49.209+0000] {processor.py:186} INFO - Started process (PID=1549) to work on /home/airflow/.local/lib/python3.12/site-packages/airflow/example_dags/example_xcomargs.py
[2026-08-04T08:32:49.210+0000] {processor.py:914} INFO - Processing file /home/airflow/.local/lib/python3.12/site-packages/airflow/example_dags/example_xcomargs.py for tasks to queue
[2026-08-04T08:32:49.213+0000] {logging_mixin.py:190} INFO - [2026-08-04T08:32:49.213+0000] {dagbag.py:588} INFO - Filling up the DagBag from /home/airflow/.local/lib/python3.12/site-packages/airflow/example_dags/example_xcomargs.py
[2026-08-04T08:32:49.228+0000] {processor.py:925} INFO - DAG(s) 'example_xcom_args_with_operators', 'example_xcom_args' retrieved from /home/airflow/.local/lib/python3.12/site-packages/airflow/example_dags/example_xcomargs.py
[2026-08-04T08:32:49.255+0000] {logging_mixin.py:190} INFO - [2026-08-04T08:32:49.255+0000] {dag.py:3239} INFO - Sync 2 DAGs
[2026-08-04T08:32:49.271+0000] {logging_mixin.py:190} INFO - [2026-08-04T08:32:49.271+0000] {dag.py:4180} INFO - Setting next_dagrun for example_xcom_args to None, run_after=None
[2026-08-04T08:32:49.276+0000] {logging_mixin.py:190} INFO - [2026-08-04T08:32:49.276+0000] {dag.py:4180} INFO - Setting next_dagrun for example_xcom_args_with_operators to None, run_after=None
[2026-08-04T08:32:49.298+0000] {processor.py:208} INFO - Processing /home/airflow/.local/lib/python3.12/site-packages/airflow/example_dags/example_xcomargs.py took 0.096 seconds
[2026-08-04T08:33:20.627+0000] {processor.py:186} INFO - Started process (PID=1614) to work on /home/airflow/.local/lib/python3.12/site-packages/airflow/example_dags/example_xcomargs.py
[2026-08-04T08:33:20.629+0000] {processor.py:914} INFO - Processing file /home/airflow/.local/lib/python3.12/site-packages/airflow/example_dags/example_xcomargs.py for tasks to queue
[2026-08-04T08:33:20.632+0000] {logging_mixin.py:190} INFO - [2026-08-04T08:33:20.631+0000] {dagbag.py:588} INFO - Filling up the DagBag from /home/airflow/.local/lib/python3.12/site-packages/airflow/example_dags/example_xcomargs.py
[2026-08-04T08:33:20.642+0000] {processor.py:925} INFO - DAG(s) 'example_xcom_args', 'example_xcom_args_with_operators' retrieved from /home/airflow/.local/lib/python3.12/site-packages/airflow/example_dags/example_xcomargs.py
[2026-08-04T08:33:20.665+0000] {logging_mixin.py:190} INFO - [2026-08-04T08:33:20.665+0000] {dag.py:3239} INFO - Sync 2 DAGs
[2026-08-04T08:33:20.682+0000] {logging_mixin.py:190} INFO - [2026-08-04T08:33:20.681+0000] {dag.py:4180} INFO - Setting next_dagrun for example_xcom_args to None, run_after=None
[2026-08-04T08:33:20.687+0000] {logging_mixin.py:190} INFO - [2026-08-04T08:33:20.687+0000] {dag.py:4180} INFO - Setting next_dagrun for example_xcom_args_with_operators to None, run_after=None
[2026-08-04T08:33:20.708+0000] {processor.py:208} INFO - Processing /home/airflow/.local/lib/python3.12/site-packages/airflow/example_dags/example_xcomargs.py took 0.087 seconds
[2026-08-04T08:33:51.494+0000] {processor.py:186} INFO - Started process (PID=1679) to work on /home/airflow/.local/lib/python3.12/site-packages/airflow/example_dags/example_xcomargs.py
[2026-08-04T08:33:51.495+0000] {processor.py:914} INFO - Processing file /home/airflow/.local/lib/python3.12/site-packages/airflow/example_dags/example_xcomargs.py for tasks to queue
[2026-08-04T08:33:51.498+0000] {logging_mixin.py:190} INFO - [2026-08-04T08:33:51.498+0000] {dagbag.py:588} INFO - Filling up the DagBag from /home/airflow/.local/lib/python3.12/site-packages/airflow/example_dags/example_xcomargs.py
[2026-08-04T08:33:51.510+0000] {processor.py:925} INFO - DAG(s) 'example_xcom_args', 'example_xcom_args_with_operators' retrieved from /home/airflow/.local/lib/python3.12/site-packages/airflow/example_dags/example_xcomargs.py
[2026-08-04T08:33:51.535+0000] {logging_mixin.py:190} INFO - [2026-08-04T08:33:51.535+0000] {dag.py:3239} INFO - Sync 2 DAGs
[2026-08-04T08:33:51.552+0000] {logging_mixin.py:190} INFO - [2026-08-04T08:33:51.551+0000] {dag.py:4180} INFO - Setting next_dagrun for example_xcom_args to None, run_after=None
[2026-08-04T08:33:51.556+0000] {logging_mixin.py:190} INFO - [2026-08-04T08:33:51.555+0000] {dag.py:4180} INFO - Setting next_dagrun for example_xcom_args_with_operators to None, run_after=None
[2026-08-04T08:33:51.573+0000] {processor.py:208} INFO - Processing /home/airflow/.local/lib/python3.12/site-packages/airflow/example_dags/example_xcomargs.py took 0.085 seconds
[2026-08-04T08:34:23.092+0000] {processor.py:186} INFO - Started process (PID=1744) to work on /home/airflow/.local/lib/python3.12/site-packages/airflow/example_dags/example_xcomargs.py
[2026-08-04T08:34:23.094+0000] {processor.py:914} INFO - Processing file /home/airflow/.local/lib/python3.12/site-packages/airflow/example_dags/example_xcomargs.py for tasks to queue
[2026-08-04T08:34:23.097+0000] {logging_mixin.py:190} INFO - [2026-08-04T08:34:23.097+0000] {dagbag.py:588} INFO - Filling up the DagBag from /home/airflow/.local/lib/python3.12/site-packages/airflow/example_dags/example_xcomargs.py
[2026-08-04T08:34:23.112+0000] {processor.py:925} INFO - DAG(s) 'example_xcom_args_with_operators', 'example_xcom_args' retrieved from /home/airflow/.local/lib/python3.12/site-packages/airflow/example_dags/example_xcomargs.py
[2026-08-04T08:34:23.143+0000] {logging_mixin.py:190} INFO - [2026-08-04T08:34:23.142+0000] {dag.py:3239} INFO - Sync 2 DAGs
[2026-08-04T08:34:23.159+0000] {logging_mixin.py:190} INFO - [2026-08-04T08:34:23.159+0000] {dag.py:4180} INFO - Setting next_dagrun for example_xcom_args to None, run_after=None
[2026-08-04T08:34:23.165+0000] {logging_mixin.py:190} INFO - [2026-08-04T08:34:23.164+0000] {dag.py:4180} INFO - Setting next_dagrun for example_xcom_args_with_operators to None, run_after=None
[2026-08-04T08:34:23.184+0000] {processor.py:208} INFO - Processing /home/airflow/.local/lib/python3.12/site-packages/airflow/example_dags/example_xcomargs.py took 0.099 seconds
[2026-08-04T08:34:54.332+0000] {processor.py:186} INFO - Started process (PID=1809) to work on /home/airflow/.local/lib/python3.12/site-packages/airflow/example_dags/example_xcomargs.py
[2026-08-04T08:34:54.333+0000] {processor.py:914} INFO - Processing file /home/airflow/.local/lib/python3.12/site-packages/airflow/example_dags/example_xcomargs.py for tasks to queue
[2026-08-04T08:34:54.337+0000] {logging_mixin.py:190} INFO - [2026-08-04T08:34:54.336+0000] {dagbag.py:588} INFO - Filling up the DagBag from /home/airflow/.local/lib/python3.12/site-packages/airflow/example_dags/example_xcomargs.py
[2026-08-04T08:34:54.349+0000] {processor.py:925} INFO - DAG(s) 'example_xcom_args_with_operators', 'example_xcom_args' retrieved from /home/airflow/.local/lib/python3.12/site-packages/airflow/example_dags/example_xcomargs.py
[2026-08-04T08:34:54.375+0000] {logging_mixin.py:190} INFO - [2026-08-04T08:34:54.374+0000] {dag.py:3239} INFO - Sync 2 DAGs
[2026-08-04T08:34:54.394+0000] {logging_mixin.py:190} INFO - [2026-08-04T08:34:54.393+0000] {dag.py:4180} INFO - Setting next_dagrun for example_xcom_args to None, run_after=None
[2026-08-04T08:34:54.398+0000] {logging_mixin.py:190} INFO - [2026-08-04T08:34:54.398+0000] {dag.py:4180} INFO - Setting next_dagrun for example_xcom_args_with_operators to None, run_after=None
[2026-08-04T08:34:54.416+0000] {processor.py:208} INFO - Processing /home/airflow/.local/lib/python3.12/site-packages/airflow/example_dags/example_xcomargs.py took 0.091 seconds
[2026-08-04T08:35:25.685+0000] {processor.py:186} INFO - Started process (PID=1874) to work on /home/airflow/.local/lib/python3.12/site-packages/airflow/example_dags/example_xcomargs.py
[2026-08-04T08:35:25.686+0000] {processor.py:914} INFO - Processing file /home/airflow/.local/lib/python3.12/site-packages/airflow/example_dags/example_xcomargs.py for tasks to queue
[2026-08-04T08:35:25.689+0000] {logging_mixin.py:190} INFO - [2026-08-04T08:35:25.688+0000] {dagbag.py:588} INFO - Filling up the DagBag from /home/airflow/.local/lib/python3.12/site-packages/airflow/example_dags/example_xcomargs.py
[2026-08-04T08:35:25.699+0000] {processor.py:925} INFO - DAG(s) 'example_xcom_args_with_operators', 'example_xcom_args' retrieved from /home/airflow/.local/lib/python3.12/site-packages/airflow/example_dags/example_xcomargs.py
[2026-08-04T08:35:25.724+0000] {logging_mixin.py:190} INFO - [2026-08-04T08:35:25.723+0000] {dag.py:3239} INFO - Sync 2 DAGs
[2026-08-04T08:35:25.740+0000] {logging_mixin.py:190} INFO - [2026-08-04T08:35:25.739+0000] {dag.py:4180} INFO - Setting next_dagrun for example_xcom_args to None, run_after=None
[2026-08-04T08:35:25.744+0000] {logging_mixin.py:190} INFO - [2026-08-04T08:35:25.744+0000] {dag.py:4180} INFO - Setting next_dagrun for example_xcom_args_with_operators to None, run_after=None
[2026-08-04T08:35:25.762+0000] {processor.py:208} INFO - Processing /home/airflow/.local/lib/python3.12/site-packages/airflow/example_dags/example_xcomargs.py took 0.083 seconds
[2026-08-04T08:35:57.244+0000] {processor.py:186} INFO - Started process (PID=1939) to work on /home/airflow/.local/lib/python3.12/site-packages/airflow/example_dags/example_xcomargs.py
[2026-08-04T08:35:57.245+0000] {processor.py:914} INFO - Processing file /home/airflow/.local/lib/python3.12/site-packages/airflow/example_dags/example_xcomargs.py for tasks to queue
[2026-08-04T08:35:57.248+0000] {logging_mixin.py:190} INFO - [2026-08-04T08:35:57.247+0000] {dagbag.py:588} INFO - Filling up the DagBag from /home/airflow/.local/lib/python3.12/site-packages/airflow/example_dags/example_xcomargs.py
[2026-08-04T08:35:57.258+0000] {processor.py:925} INFO - DAG(s) 'example_xcom_args', 'example_xcom_args_with_operators' retrieved from /home/airflow/.local/lib/python3.12/site-packages/airflow/example_dags/example_xcomargs.py
[2026-08-04T08:35:57.282+0000] {logging_mixin.py:190} INFO - [2026-08-04T08:35:57.282+0000] {dag.py:3239} INFO - Sync 2 DAGs
[2026-08-04T08:35:57.299+0000] {logging_mixin.py:190} INFO - [2026-08-04T08:35:57.299+0000] {dag.py:4180} INFO - Setting next_dagrun for example_xcom_args to None, run_after=None
[2026-08-04T08:35:57.303+0000] {logging_mixin.py:190} INFO - [2026-08-04T08:35:57.303+0000] {dag.py:4180} INFO - Setting next_dagrun for example_xcom_args_with_operators to None, run_after=None
[2026-08-04T08:35:57.321+0000] {processor.py:208} INFO - Processing /home/airflow/.local/lib/python3.12/site-packages/airflow/example_dags/example_xcomargs.py took 0.083 seconds
[2026-08-04T08:36:27.930+0000] {processor.py:186} INFO - Started process (PID=2004) to work on /home/airflow/.local/lib/python3.12/site-packages/airflow/example_dags/example_xcomargs.py
[2026-08-04T08:36:27.932+0000] {processor.py:914} INFO - Processing file /home/airflow/.local/lib/python3.12/site-packages/airflow/example_dags/example_xcomargs.py for tasks to queue
[2026-08-04T08:36:27.937+0000] {logging_mixin.py:190} INFO - [2026-08-04T08:36:27.936+0000] {dagbag.py:588} INFO - Filling up the DagBag from /home/airflow/.local/lib/python3.12/site-packages/airflow/example_dags/example_xcomargs.py
[2026-08-04T08:36:27.956+0000] {processor.py:925} INFO - DAG(s) 'example_xcom_args_with_operators', 'example_xcom_args' retrieved from /home/airflow/.local/lib/python3.12/site-packages/airflow/example_dags/example_xcomargs.py
[2026-08-04T08:36:27.995+0000] {logging_mixin.py:190} INFO - [2026-08-04T08:36:27.995+0000] {dag.py:3239} INFO - Sync 2 DAGs
[2026-08-04T08:36:28.021+0000] {logging_mixin.py:190} INFO - [2026-08-04T08:36:28.021+0000] {dag.py:4180} INFO - Setting next_dagrun for example_xcom_args to None, run_after=None
[2026-08-04T08:36:28.027+0000] {logging_mixin.py:190} INFO - [2026-08-04T08:36:28.027+0000] {dag.py:4180} INFO - Setting next_dagrun for example_xcom_args_with_operators to None, run_after=None
[2026-08-04T08:36:28.047+0000] {processor.py:208} INFO - Processing /home/airflow/.local/lib/python3.12/site-packages/airflow/example_dags/example_xcomargs.py took 0.129 seconds
[2026-08-04T08:36:59.042+0000] {processor.py:186} INFO - Started process (PID=2069) to work on /home/airflow/.local/lib/python3.12/site-packages/airflow/example_dags/example_xcomargs.py
[2026-08-04T08:36:59.043+0000] {processor.py:914} INFO - Processing file /home/airflow/.local/lib/python3.12/site-packages/airflow/example_dags/example_xcomargs.py for tasks to queue
[2026-08-04T08:36:59.047+0000] {logging_mixin.py:190} INFO - [2026-08-04T08:36:59.047+0000] {dagbag.py:588} INFO - Filling up the DagBag from /home/airflow/.local/lib/python3.12/site-packages/airflow/example_dags/example_xcomargs.py
[2026-08-04T08:36:59.064+0000] {processor.py:925} INFO - DAG(s) 'example_xcom_args_with_operators', 'example_xcom_args' retrieved from /home/airflow/.local/lib/python3.12/site-packages/airflow/example_dags/example_xcomargs.py
[2026-08-04T08:36:59.091+0000] {logging_mixin.py:190} INFO - [2026-08-04T08:36:59.091+0000] {dag.py:3239} INFO - Sync 2 DAGs
[2026-08-04T08:36:59.108+0000] {logging_mixin.py:190} INFO - [2026-08-04T08:36:59.108+0000] {dag.py:4180} INFO - Setting next_dagrun for example_xcom_args to None, run_after=None
[2026-08-04T08:36:59.113+0000] {logging_mixin.py:190} INFO - [2026-08-04T08:36:59.113+0000] {dag.py:4180} INFO - Setting next_dagrun for example_xcom_args_with_operators to None, run_after=None
[2026-08-04T08:36:59.131+0000] {processor.py:208} INFO - Processing /home/airflow/.local/lib/python3.12/site-packages/airflow/example_dags/example_xcomargs.py took 0.098 seconds
[2026-08-04T08:37:29.817+0000] {processor.py:186} INFO - Started process (PID=2134) to work on /home/airflow/.local/lib/python3.12/site-packages/airflow/example_dags/example_xcomargs.py
[2026-08-04T08:37:29.818+0000] {processor.py:914} INFO - Processing file /home/airflow/.local/lib/python3.12/site-packages/airflow/example_dags/example_xcomargs.py for tasks to queue
[2026-08-04T08:37:29.821+0000] {logging_mixin.py:190} INFO - [2026-08-04T08:37:29.821+0000] {dagbag.py:588} INFO - Filling up the DagBag from /home/airflow/.local/lib/python3.12/site-packages/airflow/example_dags/example_xcomargs.py
[2026-08-04T08:37:29.832+0000] {processor.py:925} INFO - DAG(s) 'example_xcom_args_with_operators', 'example_xcom_args' retrieved from /home/airflow/.local/lib/python3.12/site-packages/airflow/example_dags/example_xcomargs.py
[2026-08-04T08:37:29.855+0000] {logging_mixin.py:190} INFO - [2026-08-04T08:37:29.855+0000] {dag.py:3239} INFO - Sync 2 DAGs
[2026-08-04T08:37:29.873+0000] {logging_mixin.py:190} INFO - [2026-08-04T08:37:29.872+0000] {dag.py:4180} INFO - Setting next_dagrun for example_xcom_args to None, run_after=None
[2026-08-04T08:37:29.878+0000] {logging_mixin.py:190} INFO - [2026-08-04T08:37:29.877+0000] {dag.py:4180} INFO - Setting next_dagrun for example_xcom_args_with_operators to None, run_after=None
[2026-08-04T08:37:29.897+0000] {processor.py:208} INFO - Processing /home/airflow/.local/lib/python3.12/site-packages/airflow/example_dags/example_xcomargs.py took 0.086 seconds
[2026-08-04T08:38:01.549+0000] {processor.py:186} INFO - Started process (PID=2199) to work on /home/airflow/.local/lib/python3.12/site-packages/airflow/example_dags/example_xcomargs.py
[2026-08-04T08:38:01.550+0000] {processor.py:914} INFO - Processing file /home/airflow/.local/lib/python3.12/site-packages/airflow/example_dags/example_xcomargs.py for tasks to queue
[2026-08-04T08:38:01.554+0000] {logging_mixin.py:190} INFO - [2026-08-04T08:38:01.553+0000] {dagbag.py:588} INFO - Filling up the DagBag from /home/airflow/.local/lib/python3.12/site-packages/airflow/example_dags/example_xcomargs.py
[2026-08-04T08:38:01.567+0000] {processor.py:925} INFO - DAG(s) 'example_xcom_args', 'example_xcom_args_with_operators' retrieved from /home/airflow/.local/lib/python3.12/site-packages/airflow/example_dags/example_xcomargs.py
[2026-08-04T08:38:01.597+0000] {logging_mixin.py:190} INFO - [2026-08-04T08:38:01.597+0000] {dag.py:3239} INFO - Sync 2 DAGs
[2026-08-04T08:38:01.615+0000] {logging_mixin.py:190} INFO - [2026-08-04T08:38:01.614+0000] {dag.py:4180} INFO - Setting next_dagrun for example_xcom_args to None, run_after=None
[2026-08-04T08:38:01.619+0000] {logging_mixin.py:190} INFO - [2026-08-04T08:38:01.619+0000] {dag.py:4180} INFO - Setting next_dagrun for example_xcom_args_with_operators to None, run_after=None
[2026-08-04T08:38:01.637+0000] {processor.py:208} INFO - Processing /home/airflow/.local/lib/python3.12/site-packages/airflow/example_dags/example_xcomargs.py took 0.096 seconds
[2026-08-04T08:38:32.879+0000] {processor.py:186} INFO - Started process (PID=2266) to work on /home/airflow/.local/lib/python3.12/site-packages/airflow/example_dags/example_xcomargs.py
[2026-08-04T08:38:32.881+0000] {processor.py:914} INFO - Processing file /home/airflow/.local/lib/python3.12/site-packages/airflow/example_dags/example_xcomargs.py for tasks to queue
[2026-08-04T08:38:32.884+0000] {logging_mixin.py:190} INFO - [2026-08-04T08:38:32.884+0000] {dagbag.py:588} INFO - Filling up the DagBag from /home/airflow/.local/lib/python3.12/site-packages/airflow/example_dags/example_xcomargs.py
[2026-08-04T08:38:32.897+0000] {processor.py:925} INFO - DAG(s) 'example_xcom_args', 'example_xcom_args_with_operators' retrieved from /home/airflow/.local/lib/python3.12/site-packages/airflow/example_dags/example_xcomargs.py
[2026-08-04T08:38:32.924+0000] {logging_mixin.py:190} INFO - [2026-08-04T08:38:32.924+0000] {dag.py:3239} INFO - Sync 2 DAGs
[2026-08-04T08:38:32.943+0000] {logging_mixin.py:190} INFO - [2026-08-04T08:38:32.942+0000] {dag.py:4180} INFO - Setting next_dagrun for example_xcom_args to None, run_after=None
[2026-08-04T08:38:32.947+0000] {logging_mixin.py:190} INFO - [2026-08-04T08:38:32.947+0000] {dag.py:4180} INFO - Setting next_dagrun for example_xcom_args_with_operators to None, run_after=None
[2026-08-04T08:38:32.965+0000] {processor.py:208} INFO - Processing /home/airflow/.local/lib/python3.12/site-packages/airflow/example_dags/example_xcomargs.py took 0.093 seconds
[2026-08-04T08:39:03.894+0000] {processor.py:186} INFO - Started process (PID=2331) to work on /home/airflow/.local/lib/python3.12/site-packages/airflow/example_dags/example_xcomargs.py
[2026-08-04T08:39:03.896+0000] {processor.py:914} INFO - Processing file /home/airflow/.local/lib/python3.12/site-packages/airflow/example_dags/example_xcomargs.py for tasks to queue
[2026-08-04T08:39:03.900+0000] {logging_mixin.py:190} INFO - [2026-08-04T08:39:03.899+0000] {dagbag.py:588} INFO - Filling up the DagBag from /home/airflow/.local/lib/python3.12/site-packages/airflow/example_dags/example_xcomargs.py
[2026-08-04T08:39:03.913+0000] {processor.py:925} INFO - DAG(s) 'example_xcom_args_with_operators', 'example_xcom_args' retrieved from /home/airflow/.local/lib/python3.12/site-packages/airflow/example_dags/example_xcomargs.py
[2026-08-04T08:39:03.936+0000] {logging_mixin.py:190} INFO - [2026-08-04T08:39:03.936+0000] {dag.py:3239} INFO - Sync 2 DAGs
[2026-08-04T08:39:03.952+0000] {logging_mixin.py:190} INFO - [2026-08-04T08:39:03.952+0000] {dag.py:4180} INFO - Setting next_dagrun for example_xcom_args to None, run_after=None
[2026-08-04T08:39:03.957+0000] {logging_mixin.py:190} INFO - [2026-08-04T08:39:03.956+0000] {dag.py:4180} INFO - Setting next_dagrun for example_xcom_args_with_operators to None, run_after=None
[2026-08-04T08:39:03.974+0000] {processor.py:208} INFO - Processing /home/airflow/.local/lib/python3.12/site-packages/airflow/example_dags/example_xcomargs.py took 0.087 seconds
[2026-08-04T08:39:35.024+0000] {processor.py:186} INFO - Started process (PID=2396) to work on /home/airflow/.local/lib/python3.12/site-packages/airflow/example_dags/example_xcomargs.py
[2026-08-04T08:39:35.025+0000] {processor.py:914} INFO - Processing file /home/airflow/.local/lib/python3.12/site-packages/airflow/example_dags/example_xcomargs.py for tasks to queue
[2026-08-04T08:39:35.029+0000] {logging_mixin.py:190} INFO - [2026-08-04T08:39:35.028+0000] {dagbag.py:588} INFO - Filling up the DagBag from /home/airflow/.local/lib/python3.12/site-packages/airflow/example_dags/example_xcomargs.py
[2026-08-04T08:39:35.041+0000] {processor.py:925} INFO - DAG(s) 'example_xcom_args', 'example_xcom_args_with_operators' retrieved from /home/airflow/.local/lib/python3.12/site-packages/airflow/example_dags/example_xcomargs.py
[2026-08-04T08:39:35.064+0000] {logging_mixin.py:190} INFO - [2026-08-04T08:39:35.064+0000] {dag.py:3239} INFO - Sync 2 DAGs
[2026-08-04T08:39:35.080+0000] {logging_mixin.py:190} INFO - [2026-08-04T08:39:35.080+0000] {dag.py:4180} INFO - Setting next_dagrun for example_xcom_args to None, run_after=None
[2026-08-04T08:39:35.085+0000] {logging_mixin.py:190} INFO - [2026-08-04T08:39:35.085+0000] {dag.py:4180} INFO - Setting next_dagrun for example_xcom_args_with_operators to None, run_after=None
[2026-08-04T08:39:35.105+0000] {processor.py:208} INFO - Processing /home/airflow/.local/lib/python3.12/site-packages/airflow/example_dags/example_xcomargs.py took 0.086 seconds
[2026-08-04T08:40:06.230+0000] {processor.py:186} INFO - Started process (PID=2461) to work on /home/airflow/.local/lib/python3.12/site-packages/airflow/example_dags/example_xcomargs.py
[2026-08-04T08:40:06.231+0000] {processor.py:914} INFO - Processing file /home/airflow/.local/lib/python3.12/site-packages/airflow/example_dags/example_xcomargs.py for tasks to queue
[2026-08-04T08:40:06.235+0000] {logging_mixin.py:190} INFO - [2026-08-04T08:40:06.235+0000] {dagbag.py:588} INFO - Filling up the DagBag from /home/airflow/.local/lib/python3.12/site-packages/airflow/example_dags/example_xcomargs.py
[2026-08-04T08:40:06.246+0000] {processor.py:925} INFO - DAG(s) 'example_xcom_args_with_operators', 'example_xcom_args' retrieved from /home/airflow/.local/lib/python3.12/site-packages/airflow/example_dags/example_xcomargs.py
[2026-08-04T08:40:06.269+0000] {logging_mixin.py:190} INFO - [2026-08-04T08:40:06.269+0000] {dag.py:3239} INFO - Sync 2 DAGs
[2026-08-04T08:40:06.285+0000] {logging_mixin.py:190} INFO - [2026-08-04T08:40:06.285+0000] {dag.py:4180} INFO - Setting next_dagrun for example_xcom_args to None, run_after=None
[2026-08-04T08:40:06.289+0000] {logging_mixin.py:190} INFO - [2026-08-04T08:40:06.289+0000] {dag.py:4180} INFO - Setting next_dagrun for example_xcom_args_with_operators to None, run_after=None
[2026-08-04T08:40:06.308+0000] {processor.py:208} INFO - Processing /home/airflow/.local/lib/python3.12/site-packages/airflow/example_dags/example_xcomargs.py took 0.084 seconds
[2026-08-04T08:40:37.442+0000] {processor.py:186} INFO - Started process (PID=2531) to work on /home/airflow/.local/lib/python3.12/site-packages/airflow/example_dags/example_xcomargs.py
[2026-08-04T08:40:37.444+0000] {processor.py:914} INFO - Processing file /home/airflow/.local/lib/python3.12/site-packages/airflow/example_dags/example_xcomargs.py for tasks to queue
[2026-08-04T08:40:37.447+0000] {logging_mixin.py:190} INFO - [2026-08-04T08:40:37.446+0000] {dagbag.py:588} INFO - Filling up the DagBag from /home/airflow/.local/lib/python3.12/site-packages/airflow/example_dags/example_xcomargs.py
[2026-08-04T08:40:37.460+0000] {processor.py:925} INFO - DAG(s) 'example_xcom_args_with_operators', 'example_xcom_args' retrieved from /home/airflow/.local/lib/python3.12/site-packages/airflow/example_dags/example_xcomargs.py
[2026-08-04T08:40:37.488+0000] {logging_mixin.py:190} INFO - [2026-08-04T08:40:37.487+0000] {dag.py:3239} INFO - Sync 2 DAGs
[2026-08-04T08:40:37.507+0000] {logging_mixin.py:190} INFO - [2026-08-04T08:40:37.507+0000] {dag.py:4180} INFO - Setting next_dagrun for example_xcom_args to None, run_after=None
[2026-08-04T08:40:37.511+0000] {logging_mixin.py:190} INFO - [2026-08-04T08:40:37.511+0000] {dag.py:4180} INFO - Setting next_dagrun for example_xcom_args_with_operators to None, run_after=None
[2026-08-04T08:40:37.530+0000] {processor.py:208} INFO - Processing /home/airflow/.local/lib/python3.12/site-packages/airflow/example_dags/example_xcomargs.py took 0.094 seconds
[2026-08-04T08:41:08.794+0000] {processor.py:186} INFO - Started process (PID=2600) to work on /home/airflow/.local/lib/python3.12/site-packages/airflow/example_dags/example_xcomargs.py
[2026-08-04T08:41:08.795+0000] {processor.py:914} INFO - Processing file /home/airflow/.local/lib/python3.12/site-packages/airflow/example_dags/example_xcomargs.py for tasks to queue
[2026-08-04T08:41:08.798+0000] {logging_mixin.py:190} INFO - [2026-08-04T08:41:08.797+0000] {dagbag.py:588} INFO - Filling up the DagBag from /home/airflow/.local/lib/python3.12/site-packages/airflow/example_dags/example_xcomargs.py
[2026-08-04T08:41:08.812+0000] {processor.py:925} INFO - DAG(s) 'example_xcom_args', 'example_xcom_args_with_operators' retrieved from /home/airflow/.local/lib/python3.12/site-packages/airflow/example_dags/example_xcomargs.py
[2026-08-04T08:41:08.842+0000] {logging_mixin.py:190} INFO - [2026-08-04T08:41:08.842+0000] {dag.py:3239} INFO - Sync 2 DAGs
[2026-08-04T08:41:08.860+0000] {logging_mixin.py:190} INFO - [2026-08-04T08:41:08.859+0000] {dag.py:4180} INFO - Setting next_dagrun for example_xcom_args to None, run_after=None
[2026-08-04T08:41:08.865+0000] {logging_mixin.py:190} INFO - [2026-08-04T08:41:08.865+0000] {dag.py:4180} INFO - Setting next_dagrun for example_xcom_args_with_operators to None, run_after=None
[2026-08-04T08:41:08.885+0000] {processor.py:208} INFO - Processing /home/airflow/.local/lib/python3.12/site-packages/airflow/example_dags/example_xcomargs.py took 0.098 seconds
[2026-08-04T08:41:41.134+0000] {processor.py:186} INFO - Started process (PID=2672) to work on /home/airflow/.local/lib/python3.12/site-packages/airflow/example_dags/example_xcomargs.py
[2026-08-04T08:41:41.136+0000] {processor.py:914} INFO - Processing file /home/airflow/.local/lib/python3.12/site-packages/airflow/example_dags/example_xcomargs.py for tasks to queue
[2026-08-04T08:41:41.138+0000] {logging_mixin.py:190} INFO - [2026-08-04T08:41:41.138+0000] {dagbag.py:588} INFO - Filling up the DagBag from /home/airflow/.local/lib/python3.12/site-packages/airflow/example_dags/example_xcomargs.py
[2026-08-04T08:41:41.149+0000] {processor.py:925} INFO - DAG(s) 'example_xcom_args', 'example_xcom_args_with_operators' retrieved from /home/airflow/.local/lib/python3.12/site-packages/airflow/example_dags/example_xcomargs.py
[2026-08-04T08:41:41.172+0000] {logging_mixin.py:190} INFO - [2026-08-04T08:41:41.172+0000] {dag.py:3239} INFO - Sync 2 DAGs
[2026-08-04T08:41:41.191+0000] {logging_mixin.py:190} INFO - [2026-08-04T08:41:41.191+0000] {dag.py:4180} INFO - Setting next_dagrun for example_xcom_args to None, run_after=None
[2026-08-04T08:41:41.196+0000] {logging_mixin.py:190} INFO - [2026-08-04T08:41:41.196+0000] {dag.py:4180} INFO - Setting next_dagrun for example_xcom_args_with_operators to None, run_after=None
[2026-08-04T08:41:41.217+0000] {processor.py:208} INFO - Processing /home/airflow/.local/lib/python3.12/site-packages/airflow/example_dags/example_xcomargs.py took 0.089 seconds
