[2026-08-04T07:47:07.655+0000] {processor.py:186} INFO - Started process (PID=78) to work on /home/airflow/.local/lib/python3.12/site-packages/airflow/example_dags/example_branch_labels.py
[2026-08-04T07:47:07.657+0000] {processor.py:914} INFO - Processing file /home/airflow/.local/lib/python3.12/site-packages/airflow/example_dags/example_branch_labels.py for tasks to queue
[2026-08-04T07:47:07.669+0000] {logging_mixin.py:190} INFO - [2026-08-04T07:47:07.668+0000] {dagbag.py:588} INFO - Filling up the DagBag from /home/airflow/.local/lib/python3.12/site-packages/airflow/example_dags/example_branch_labels.py
[2026-08-04T07:47:07.684+0000] {processor.py:925} INFO - DAG(s) 'example_branch_labels' retrieved from /home/airflow/.local/lib/python3.12/site-packages/airflow/example_dags/example_branch_labels.py
[2026-08-04T07:47:07.732+0000] {logging_mixin.py:190} INFO - [2026-08-04T07:47:07.731+0000] {dag.py:3239} INFO - Sync 1 DAGs
[2026-08-04T07:47:07.771+0000] {logging_mixin.py:190} INFO - [2026-08-04T07:47:07.771+0000] {dag.py:4180} INFO - Setting next_dagrun for example_branch_labels to 2026-08-03 00:00:00+00:00, run_after=2026-08-04 00:00:00+00:00
[2026-08-04T07:47:07.806+0000] {processor.py:208} INFO - Processing /home/airflow/.local/lib/python3.12/site-packages/airflow/example_dags/example_branch_labels.py took 0.160 seconds
[2026-08-04T08:21:15.414+0000] {processor.py:186} INFO - Started process (PID=78) to work on /home/airflow/.local/lib/python3.12/site-packages/airflow/example_dags/example_branch_labels.py
[2026-08-04T08:21:15.416+0000] {processor.py:914} INFO - Processing file /home/airflow/.local/lib/python3.12/site-packages/airflow/example_dags/example_branch_labels.py for tasks to queue
[2026-08-04T08:21:15.420+0000] {logging_mixin.py:190} INFO - [2026-08-04T08:21:15.419+0000] {dagbag.py:588} INFO - Filling up the DagBag from /home/airflow/.local/lib/python3.12/site-packages/airflow/example_dags/example_branch_labels.py
[2026-08-04T08:21:15.436+0000] {processor.py:925} INFO - DAG(s) 'example_branch_labels' retrieved from /home/airflow/.local/lib/python3.12/site-packages/airflow/example_dags/example_branch_labels.py
[2026-08-04T08:21:15.473+0000] {logging_mixin.py:190} INFO - [2026-08-04T08:21:15.473+0000] {dag.py:3239} INFO - Sync 1 DAGs
[2026-08-04T08:21:15.526+0000] {logging_mixin.py:190} INFO - [2026-08-04T08:21:15.526+0000] {dag.py:4180} INFO - Setting next_dagrun for example_branch_labels to 2026-08-03 00:00:00+00:00, run_after=2026-08-04 00:00:00+00:00
[2026-08-04T08:21:15.591+0000] {processor.py:208} INFO - Processing /home/airflow/.local/lib/python3.12/site-packages/airflow/example_dags/example_branch_labels.py took 0.184 seconds
[2026-08-04T08:21:45.728+0000] {processor.py:186} INFO - Started process (PID=143) to work on /home/airflow/.local/lib/python3.12/site-packages/airflow/example_dags/example_branch_labels.py
[2026-08-04T08:21:45.730+0000] {processor.py:914} INFO - Processing file /home/airflow/.local/lib/python3.12/site-packages/airflow/example_dags/example_branch_labels.py for tasks to queue
[2026-08-04T08:21:45.733+0000] {logging_mixin.py:190} INFO - [2026-08-04T08:21:45.733+0000] {dagbag.py:588} INFO - Filling up the DagBag from /home/airflow/.local/lib/python3.12/site-packages/airflow/example_dags/example_branch_labels.py
[2026-08-04T08:21:45.747+0000] {processor.py:925} INFO - DAG(s) 'example_branch_labels' retrieved from /home/airflow/.local/lib/python3.12/site-packages/airflow/example_dags/example_branch_labels.py
[2026-08-04T08:21:45.772+0000] {logging_mixin.py:190} INFO - [2026-08-04T08:21:45.772+0000] {dag.py:3239} INFO - Sync 1 DAGs
[2026-08-04T08:21:45.803+0000] {logging_mixin.py:190} INFO - [2026-08-04T08:21:45.803+0000] {dag.py:4180} INFO - Setting next_dagrun for example_branch_labels to 2026-08-03 00:00:00+00:00, run_after=2026-08-04 00:00:00+00:00
[2026-08-04T08:21:45.826+0000] {processor.py:208} INFO - Processing /home/airflow/.local/lib/python3.12/site-packages/airflow/example_dags/example_branch_labels.py took 0.106 seconds
[2026-08-04T08:22:15.980+0000] {processor.py:186} INFO - Started process (PID=208) to work on /home/airflow/.local/lib/python3.12/site-packages/airflow/example_dags/example_branch_labels.py
[2026-08-04T08:22:15.982+0000] {processor.py:914} INFO - Processing file /home/airflow/.local/lib/python3.12/site-packages/airflow/example_dags/example_branch_labels.py for tasks to queue
[2026-08-04T08:22:15.986+0000] {logging_mixin.py:190} INFO - [2026-08-04T08:22:15.986+0000] {dagbag.py:588} INFO - Filling up the DagBag from /home/airflow/.local/lib/python3.12/site-packages/airflow/example_dags/example_branch_labels.py
[2026-08-04T08:22:16.000+0000] {processor.py:925} INFO - DAG(s) 'example_branch_labels' retrieved from /home/airflow/.local/lib/python3.12/site-packages/airflow/example_dags/example_branch_labels.py
[2026-08-04T08:22:16.028+0000] {logging_mixin.py:190} INFO - [2026-08-04T08:22:16.028+0000] {dag.py:3239} INFO - Sync 1 DAGs
[2026-08-04T08:22:16.060+0000] {logging_mixin.py:190} INFO - [2026-08-04T08:22:16.060+0000] {dag.py:4180} INFO - Setting next_dagrun for example_branch_labels to 2026-08-03 00:00:00+00:00, run_after=2026-08-04 00:00:00+00:00
[2026-08-04T08:22:16.092+0000] {processor.py:208} INFO - Processing /home/airflow/.local/lib/python3.12/site-packages/airflow/example_dags/example_branch_labels.py took 0.121 seconds
[2026-08-04T08:22:46.654+0000] {processor.py:186} INFO - Started process (PID=273) to work on /home/airflow/.local/lib/python3.12/site-packages/airflow/example_dags/example_branch_labels.py
[2026-08-04T08:22:46.656+0000] {processor.py:914} INFO - Processing file /home/airflow/.local/lib/python3.12/site-packages/airflow/example_dags/example_branch_labels.py for tasks to queue
[2026-08-04T08:22:46.660+0000] {logging_mixin.py:190} INFO - [2026-08-04T08:22:46.659+0000] {dagbag.py:588} INFO - Filling up the DagBag from /home/airflow/.local/lib/python3.12/site-packages/airflow/example_dags/example_branch_labels.py
[2026-08-04T08:22:46.673+0000] {processor.py:925} INFO - DAG(s) 'example_branch_labels' retrieved from /home/airflow/.local/lib/python3.12/site-packages/airflow/example_dags/example_branch_labels.py
[2026-08-04T08:22:46.698+0000] {logging_mixin.py:190} INFO - [2026-08-04T08:22:46.698+0000] {dag.py:3239} INFO - Sync 1 DAGs
[2026-08-04T08:22:46.727+0000] {logging_mixin.py:190} INFO - [2026-08-04T08:22:46.727+0000] {dag.py:4180} INFO - Setting next_dagrun for example_branch_labels to 2026-08-03 00:00:00+00:00, run_after=2026-08-04 00:00:00+00:00
[2026-08-04T08:22:46.751+0000] {processor.py:208} INFO - Processing /home/airflow/.local/lib/python3.12/site-packages/airflow/example_dags/example_branch_labels.py took 0.105 seconds
[2026-08-04T08:23:17.405+0000] {processor.py:186} INFO - Started process (PID=338) to work on /home/airflow/.local/lib/python3.12/site-packages/airflow/example_dags/example_branch_labels.py
[2026-08-04T08:23:17.407+0000] {processor.py:914} INFO - Processing file /home/airflow/.local/lib/python3.12/site-packages/airflow/example_dags/example_branch_labels.py for tasks to queue
[2026-08-04T08:23:17.413+0000] {logging_mixin.py:190} INFO - [2026-08-04T08:23:17.412+0000] {dagbag.py:588} INFO - Filling up the DagBag from /home/airflow/.local/lib/python3.12/site-packages/airflow/example_dags/example_branch_labels.py
[2026-08-04T08:23:17.430+0000] {processor.py:925} INFO - DAG(s) 'example_branch_labels' retrieved from /home/airflow/.local/lib/python3.12/site-packages/airflow/example_dags/example_branch_labels.py
[2026-08-04T08:23:17.462+0000] {logging_mixin.py:190} INFO - [2026-08-04T08:23:17.462+0000] {dag.py:3239} INFO - Sync 1 DAGs
[2026-08-04T08:23:17.500+0000] {logging_mixin.py:190} INFO - [2026-08-04T08:23:17.500+0000] {dag.py:4180} INFO - Setting next_dagrun for example_branch_labels to 2026-08-03 00:00:00+00:00, run_after=2026-08-04 00:00:00+00:00
[2026-08-04T08:23:17.530+0000] {processor.py:208} INFO - Processing /home/airflow/.local/lib/python3.12/site-packages/airflow/example_dags/example_branch_labels.py took 0.134 seconds
[2026-08-04T08:23:47.989+0000] {processor.py:186} INFO - Started process (PID=403) to work on /home/airflow/.local/lib/python3.12/site-packages/airflow/example_dags/example_branch_labels.py
[2026-08-04T08:23:47.991+0000] {processor.py:914} INFO - Processing file /home/airflow/.local/lib/python3.12/site-packages/airflow/example_dags/example_branch_labels.py for tasks to queue
[2026-08-04T08:23:47.996+0000] {logging_mixin.py:190} INFO - [2026-08-04T08:23:47.995+0000] {dagbag.py:588} INFO - Filling up the DagBag from /home/airflow/.local/lib/python3.12/site-packages/airflow/example_dags/example_branch_labels.py
[2026-08-04T08:23:48.014+0000] {processor.py:925} INFO - DAG(s) 'example_branch_labels' retrieved from /home/airflow/.local/lib/python3.12/site-packages/airflow/example_dags/example_branch_labels.py
[2026-08-04T08:23:48.042+0000] {logging_mixin.py:190} INFO - [2026-08-04T08:23:48.041+0000] {dag.py:3239} INFO - Sync 1 DAGs
[2026-08-04T08:23:48.073+0000] {logging_mixin.py:190} INFO - [2026-08-04T08:23:48.072+0000] {dag.py:4180} INFO - Setting next_dagrun for example_branch_labels to 2026-08-03 00:00:00+00:00, run_after=2026-08-04 00:00:00+00:00
[2026-08-04T08:23:48.094+0000] {processor.py:208} INFO - Processing /home/airflow/.local/lib/python3.12/site-packages/airflow/example_dags/example_branch_labels.py took 0.116 seconds
[2026-08-04T08:24:18.750+0000] {processor.py:186} INFO - Started process (PID=468) to work on /home/airflow/.local/lib/python3.12/site-packages/airflow/example_dags/example_branch_labels.py
[2026-08-04T08:24:18.752+0000] {processor.py:914} INFO - Processing file /home/airflow/.local/lib/python3.12/site-packages/airflow/example_dags/example_branch_labels.py for tasks to queue
[2026-08-04T08:24:18.755+0000] {logging_mixin.py:190} INFO - [2026-08-04T08:24:18.754+0000] {dagbag.py:588} INFO - Filling up the DagBag from /home/airflow/.local/lib/python3.12/site-packages/airflow/example_dags/example_branch_labels.py
[2026-08-04T08:24:18.767+0000] {processor.py:925} INFO - DAG(s) 'example_branch_labels' retrieved from /home/airflow/.local/lib/python3.12/site-packages/airflow/example_dags/example_branch_labels.py
[2026-08-04T08:24:18.789+0000] {logging_mixin.py:190} INFO - [2026-08-04T08:24:18.788+0000] {dag.py:3239} INFO - Sync 1 DAGs
[2026-08-04T08:24:18.814+0000] {logging_mixin.py:190} INFO - [2026-08-04T08:24:18.814+0000] {dag.py:4180} INFO - Setting next_dagrun for example_branch_labels to 2026-08-03 00:00:00+00:00, run_after=2026-08-04 00:00:00+00:00
[2026-08-04T08:24:18.836+0000] {processor.py:208} INFO - Processing /home/airflow/.local/lib/python3.12/site-packages/airflow/example_dags/example_branch_labels.py took 0.094 seconds
[2026-08-04T08:24:48.968+0000] {processor.py:186} INFO - Started process (PID=533) to work on /home/airflow/.local/lib/python3.12/site-packages/airflow/example_dags/example_branch_labels.py
[2026-08-04T08:24:48.970+0000] {processor.py:914} INFO - Processing file /home/airflow/.local/lib/python3.12/site-packages/airflow/example_dags/example_branch_labels.py for tasks to queue
[2026-08-04T08:24:48.975+0000] {logging_mixin.py:190} INFO - [2026-08-04T08:24:48.975+0000] {dagbag.py:588} INFO - Filling up the DagBag from /home/airflow/.local/lib/python3.12/site-packages/airflow/example_dags/example_branch_labels.py
[2026-08-04T08:24:48.991+0000] {processor.py:925} INFO - DAG(s) 'example_branch_labels' retrieved from /home/airflow/.local/lib/python3.12/site-packages/airflow/example_dags/example_branch_labels.py
[2026-08-04T08:24:49.013+0000] {logging_mixin.py:190} INFO - [2026-08-04T08:24:49.013+0000] {dag.py:3239} INFO - Sync 1 DAGs
[2026-08-04T08:24:49.040+0000] {logging_mixin.py:190} INFO - [2026-08-04T08:24:49.040+0000] {dag.py:4180} INFO - Setting next_dagrun for example_branch_labels to 2026-08-03 00:00:00+00:00, run_after=2026-08-04 00:00:00+00:00
[2026-08-04T08:24:49.065+0000] {processor.py:208} INFO - Processing /home/airflow/.local/lib/python3.12/site-packages/airflow/example_dags/example_branch_labels.py took 0.104 seconds
[2026-08-04T08:25:19.143+0000] {processor.py:186} INFO - Started process (PID=598) to work on /home/airflow/.local/lib/python3.12/site-packages/airflow/example_dags/example_branch_labels.py
[2026-08-04T08:25:19.144+0000] {processor.py:914} INFO - Processing file /home/airflow/.local/lib/python3.12/site-packages/airflow/example_dags/example_branch_labels.py for tasks to queue
[2026-08-04T08:25:19.147+0000] {logging_mixin.py:190} INFO - [2026-08-04T08:25:19.147+0000] {dagbag.py:588} INFO - Filling up the DagBag from /home/airflow/.local/lib/python3.12/site-packages/airflow/example_dags/example_branch_labels.py
[2026-08-04T08:25:19.157+0000] {processor.py:925} INFO - DAG(s) 'example_branch_labels' retrieved from /home/airflow/.local/lib/python3.12/site-packages/airflow/example_dags/example_branch_labels.py
[2026-08-04T08:25:19.177+0000] {logging_mixin.py:190} INFO - [2026-08-04T08:25:19.177+0000] {dag.py:3239} INFO - Sync 1 DAGs
[2026-08-04T08:25:19.201+0000] {logging_mixin.py:190} INFO - [2026-08-04T08:25:19.201+0000] {dag.py:4180} INFO - Setting next_dagrun for example_branch_labels to 2026-08-03 00:00:00+00:00, run_after=2026-08-04 00:00:00+00:00
[2026-08-04T08:25:19.223+0000] {processor.py:208} INFO - Processing /home/airflow/.local/lib/python3.12/site-packages/airflow/example_dags/example_branch_labels.py took 0.086 seconds
[2026-08-04T08:25:50.294+0000] {processor.py:186} INFO - Started process (PID=663) to work on /home/airflow/.local/lib/python3.12/site-packages/airflow/example_dags/example_branch_labels.py
[2026-08-04T08:25:50.296+0000] {processor.py:914} INFO - Processing file /home/airflow/.local/lib/python3.12/site-packages/airflow/example_dags/example_branch_labels.py for tasks to queue
[2026-08-04T08:25:50.298+0000] {logging_mixin.py:190} INFO - [2026-08-04T08:25:50.298+0000] {dagbag.py:588} INFO - Filling up the DagBag from /home/airflow/.local/lib/python3.12/site-packages/airflow/example_dags/example_branch_labels.py
[2026-08-04T08:25:50.311+0000] {processor.py:925} INFO - DAG(s) 'example_branch_labels' retrieved from /home/airflow/.local/lib/python3.12/site-packages/airflow/example_dags/example_branch_labels.py
[2026-08-04T08:25:50.330+0000] {logging_mixin.py:190} INFO - [2026-08-04T08:25:50.330+0000] {dag.py:3239} INFO - Sync 1 DAGs
[2026-08-04T08:25:50.355+0000] {logging_mixin.py:190} INFO - [2026-08-04T08:25:50.355+0000] {dag.py:4180} INFO - Setting next_dagrun for example_branch_labels to 2026-08-03 00:00:00+00:00, run_after=2026-08-04 00:00:00+00:00
[2026-08-04T08:25:50.378+0000] {processor.py:208} INFO - Processing /home/airflow/.local/lib/python3.12/site-packages/airflow/example_dags/example_branch_labels.py took 0.090 seconds
[2026-08-04T08:26:20.539+0000] {processor.py:186} INFO - Started process (PID=729) to work on /home/airflow/.local/lib/python3.12/site-packages/airflow/example_dags/example_branch_labels.py
[2026-08-04T08:26:20.540+0000] {processor.py:914} INFO - Processing file /home/airflow/.local/lib/python3.12/site-packages/airflow/example_dags/example_branch_labels.py for tasks to queue
[2026-08-04T08:26:20.543+0000] {logging_mixin.py:190} INFO - [2026-08-04T08:26:20.543+0000] {dagbag.py:588} INFO - Filling up the DagBag from /home/airflow/.local/lib/python3.12/site-packages/airflow/example_dags/example_branch_labels.py
[2026-08-04T08:26:20.553+0000] {processor.py:925} INFO - DAG(s) 'example_branch_labels' retrieved from /home/airflow/.local/lib/python3.12/site-packages/airflow/example_dags/example_branch_labels.py
[2026-08-04T08:26:20.575+0000] {logging_mixin.py:190} INFO - [2026-08-04T08:26:20.575+0000] {dag.py:3239} INFO - Sync 1 DAGs
[2026-08-04T08:26:20.602+0000] {logging_mixin.py:190} INFO - [2026-08-04T08:26:20.602+0000] {dag.py:4180} INFO - Setting next_dagrun for example_branch_labels to 2026-08-03 00:00:00+00:00, run_after=2026-08-04 00:00:00+00:00
[2026-08-04T08:26:20.624+0000] {processor.py:208} INFO - Processing /home/airflow/.local/lib/python3.12/site-packages/airflow/example_dags/example_branch_labels.py took 0.090 seconds
[2026-08-04T08:26:51.130+0000] {processor.py:186} INFO - Started process (PID=794) to work on /home/airflow/.local/lib/python3.12/site-packages/airflow/example_dags/example_branch_labels.py
[2026-08-04T08:26:51.132+0000] {processor.py:914} INFO - Processing file /home/airflow/.local/lib/python3.12/site-packages/airflow/example_dags/example_branch_labels.py for tasks to queue
[2026-08-04T08:26:51.135+0000] {logging_mixin.py:190} INFO - [2026-08-04T08:26:51.135+0000] {dagbag.py:588} INFO - Filling up the DagBag from /home/airflow/.local/lib/python3.12/site-packages/airflow/example_dags/example_branch_labels.py
[2026-08-04T08:26:51.148+0000] {processor.py:925} INFO - DAG(s) 'example_branch_labels' retrieved from /home/airflow/.local/lib/python3.12/site-packages/airflow/example_dags/example_branch_labels.py
[2026-08-04T08:26:51.171+0000] {logging_mixin.py:190} INFO - [2026-08-04T08:26:51.170+0000] {dag.py:3239} INFO - Sync 1 DAGs
[2026-08-04T08:26:51.202+0000] {logging_mixin.py:190} INFO - [2026-08-04T08:26:51.202+0000] {dag.py:4180} INFO - Setting next_dagrun for example_branch_labels to 2026-08-03 00:00:00+00:00, run_after=2026-08-04 00:00:00+00:00
[2026-08-04T08:26:51.224+0000] {processor.py:208} INFO - Processing /home/airflow/.local/lib/python3.12/site-packages/airflow/example_dags/example_branch_labels.py took 0.101 seconds
[2026-08-04T08:27:21.312+0000] {processor.py:186} INFO - Started process (PID=859) to work on /home/airflow/.local/lib/python3.12/site-packages/airflow/example_dags/example_branch_labels.py
[2026-08-04T08:27:21.313+0000] {processor.py:914} INFO - Processing file /home/airflow/.local/lib/python3.12/site-packages/airflow/example_dags/example_branch_labels.py for tasks to queue
[2026-08-04T08:27:21.316+0000] {logging_mixin.py:190} INFO - [2026-08-04T08:27:21.316+0000] {dagbag.py:588} INFO - Filling up the DagBag from /home/airflow/.local/lib/python3.12/site-packages/airflow/example_dags/example_branch_labels.py
[2026-08-04T08:27:21.326+0000] {processor.py:925} INFO - DAG(s) 'example_branch_labels' retrieved from /home/airflow/.local/lib/python3.12/site-packages/airflow/example_dags/example_branch_labels.py
[2026-08-04T08:27:21.348+0000] {logging_mixin.py:190} INFO - [2026-08-04T08:27:21.348+0000] {dag.py:3239} INFO - Sync 1 DAGs
[2026-08-04T08:27:21.374+0000] {logging_mixin.py:190} INFO - [2026-08-04T08:27:21.374+0000] {dag.py:4180} INFO - Setting next_dagrun for example_branch_labels to 2026-08-03 00:00:00+00:00, run_after=2026-08-04 00:00:00+00:00
[2026-08-04T08:27:21.396+0000] {processor.py:208} INFO - Processing /home/airflow/.local/lib/python3.12/site-packages/airflow/example_dags/example_branch_labels.py took 0.090 seconds
[2026-08-04T08:27:51.527+0000] {processor.py:186} INFO - Started process (PID=924) to work on /home/airflow/.local/lib/python3.12/site-packages/airflow/example_dags/example_branch_labels.py
[2026-08-04T08:27:51.528+0000] {processor.py:914} INFO - Processing file /home/airflow/.local/lib/python3.12/site-packages/airflow/example_dags/example_branch_labels.py for tasks to queue
[2026-08-04T08:27:51.531+0000] {logging_mixin.py:190} INFO - [2026-08-04T08:27:51.531+0000] {dagbag.py:588} INFO - Filling up the DagBag from /home/airflow/.local/lib/python3.12/site-packages/airflow/example_dags/example_branch_labels.py
[2026-08-04T08:27:51.542+0000] {processor.py:925} INFO - DAG(s) 'example_branch_labels' retrieved from /home/airflow/.local/lib/python3.12/site-packages/airflow/example_dags/example_branch_labels.py
[2026-08-04T08:27:51.562+0000] {logging_mixin.py:190} INFO - [2026-08-04T08:27:51.562+0000] {dag.py:3239} INFO - Sync 1 DAGs
[2026-08-04T08:27:51.588+0000] {logging_mixin.py:190} INFO - [2026-08-04T08:27:51.588+0000] {dag.py:4180} INFO - Setting next_dagrun for example_branch_labels to 2026-08-03 00:00:00+00:00, run_after=2026-08-04 00:00:00+00:00
[2026-08-04T08:27:51.612+0000] {processor.py:208} INFO - Processing /home/airflow/.local/lib/python3.12/site-packages/airflow/example_dags/example_branch_labels.py took 0.091 seconds
[2026-08-04T08:28:21.963+0000] {processor.py:186} INFO - Started process (PID=989) to work on /home/airflow/.local/lib/python3.12/site-packages/airflow/example_dags/example_branch_labels.py
[2026-08-04T08:28:21.965+0000] {processor.py:914} INFO - Processing file /home/airflow/.local/lib/python3.12/site-packages/airflow/example_dags/example_branch_labels.py for tasks to queue
[2026-08-04T08:28:21.967+0000] {logging_mixin.py:190} INFO - [2026-08-04T08:28:21.967+0000] {dagbag.py:588} INFO - Filling up the DagBag from /home/airflow/.local/lib/python3.12/site-packages/airflow/example_dags/example_branch_labels.py
[2026-08-04T08:28:21.978+0000] {processor.py:925} INFO - DAG(s) 'example_branch_labels' retrieved from /home/airflow/.local/lib/python3.12/site-packages/airflow/example_dags/example_branch_labels.py
[2026-08-04T08:28:22.003+0000] {logging_mixin.py:190} INFO - [2026-08-04T08:28:22.002+0000] {dag.py:3239} INFO - Sync 1 DAGs
[2026-08-04T08:28:22.029+0000] {logging_mixin.py:190} INFO - [2026-08-04T08:28:22.029+0000] {dag.py:4180} INFO - Setting next_dagrun for example_branch_labels to 2026-08-03 00:00:00+00:00, run_after=2026-08-04 00:00:00+00:00
[2026-08-04T08:28:22.052+0000] {processor.py:208} INFO - Processing /home/airflow/.local/lib/python3.12/site-packages/airflow/example_dags/example_branch_labels.py took 0.094 seconds
[2026-08-04T08:28:52.519+0000] {processor.py:186} INFO - Started process (PID=1054) to work on /home/airflow/.local/lib/python3.12/site-packages/airflow/example_dags/example_branch_labels.py
[2026-08-04T08:28:52.521+0000] {processor.py:914} INFO - Processing file /home/airflow/.local/lib/python3.12/site-packages/airflow/example_dags/example_branch_labels.py for tasks to queue
[2026-08-04T08:28:52.524+0000] {logging_mixin.py:190} INFO - [2026-08-04T08:28:52.523+0000] {dagbag.py:588} INFO - Filling up the DagBag from /home/airflow/.local/lib/python3.12/site-packages/airflow/example_dags/example_branch_labels.py
[2026-08-04T08:28:52.535+0000] {processor.py:925} INFO - DAG(s) 'example_branch_labels' retrieved from /home/airflow/.local/lib/python3.12/site-packages/airflow/example_dags/example_branch_labels.py
[2026-08-04T08:28:52.560+0000] {logging_mixin.py:190} INFO - [2026-08-04T08:28:52.560+0000] {dag.py:3239} INFO - Sync 1 DAGs
[2026-08-04T08:28:52.588+0000] {logging_mixin.py:190} INFO - [2026-08-04T08:28:52.588+0000] {dag.py:4180} INFO - Setting next_dagrun for example_branch_labels to 2026-08-03 00:00:00+00:00, run_after=2026-08-04 00:00:00+00:00
[2026-08-04T08:28:52.613+0000] {processor.py:208} INFO - Processing /home/airflow/.local/lib/python3.12/site-packages/airflow/example_dags/example_branch_labels.py took 0.100 seconds
[2026-08-04T08:29:22.810+0000] {processor.py:186} INFO - Started process (PID=1119) to work on /home/airflow/.local/lib/python3.12/site-packages/airflow/example_dags/example_branch_labels.py
[2026-08-04T08:29:22.811+0000] {processor.py:914} INFO - Processing file /home/airflow/.local/lib/python3.12/site-packages/airflow/example_dags/example_branch_labels.py for tasks to queue
[2026-08-04T08:29:22.814+0000] {logging_mixin.py:190} INFO - [2026-08-04T08:29:22.814+0000] {dagbag.py:588} INFO - Filling up the DagBag from /home/airflow/.local/lib/python3.12/site-packages/airflow/example_dags/example_branch_labels.py
[2026-08-04T08:29:22.824+0000] {processor.py:925} INFO - DAG(s) 'example_branch_labels' retrieved from /home/airflow/.local/lib/python3.12/site-packages/airflow/example_dags/example_branch_labels.py
[2026-08-04T08:29:22.845+0000] {logging_mixin.py:190} INFO - [2026-08-04T08:29:22.844+0000] {dag.py:3239} INFO - Sync 1 DAGs
[2026-08-04T08:29:22.869+0000] {logging_mixin.py:190} INFO - [2026-08-04T08:29:22.868+0000] {dag.py:4180} INFO - Setting next_dagrun for example_branch_labels to 2026-08-03 00:00:00+00:00, run_after=2026-08-04 00:00:00+00:00
[2026-08-04T08:29:22.890+0000] {processor.py:208} INFO - Processing /home/airflow/.local/lib/python3.12/site-packages/airflow/example_dags/example_branch_labels.py took 0.086 seconds
[2026-08-04T08:29:53.100+0000] {processor.py:186} INFO - Started process (PID=1185) to work on /home/airflow/.local/lib/python3.12/site-packages/airflow/example_dags/example_branch_labels.py
[2026-08-04T08:29:53.102+0000] {processor.py:914} INFO - Processing file /home/airflow/.local/lib/python3.12/site-packages/airflow/example_dags/example_branch_labels.py for tasks to queue
[2026-08-04T08:29:53.105+0000] {logging_mixin.py:190} INFO - [2026-08-04T08:29:53.105+0000] {dagbag.py:588} INFO - Filling up the DagBag from /home/airflow/.local/lib/python3.12/site-packages/airflow/example_dags/example_branch_labels.py
[2026-08-04T08:29:53.116+0000] {processor.py:925} INFO - DAG(s) 'example_branch_labels' retrieved from /home/airflow/.local/lib/python3.12/site-packages/airflow/example_dags/example_branch_labels.py
[2026-08-04T08:29:53.140+0000] {logging_mixin.py:190} INFO - [2026-08-04T08:29:53.140+0000] {dag.py:3239} INFO - Sync 1 DAGs
[2026-08-04T08:29:53.175+0000] {logging_mixin.py:190} INFO - [2026-08-04T08:29:53.175+0000] {dag.py:4180} INFO - Setting next_dagrun for example_branch_labels to 2026-08-03 00:00:00+00:00, run_after=2026-08-04 00:00:00+00:00
[2026-08-04T08:29:53.199+0000] {processor.py:208} INFO - Processing /home/airflow/.local/lib/python3.12/site-packages/airflow/example_dags/example_branch_labels.py took 0.105 seconds
[2026-08-04T08:30:23.750+0000] {processor.py:186} INFO - Started process (PID=1250) to work on /home/airflow/.local/lib/python3.12/site-packages/airflow/example_dags/example_branch_labels.py
[2026-08-04T08:30:23.752+0000] {processor.py:914} INFO - Processing file /home/airflow/.local/lib/python3.12/site-packages/airflow/example_dags/example_branch_labels.py for tasks to queue
[2026-08-04T08:30:23.756+0000] {logging_mixin.py:190} INFO - [2026-08-04T08:30:23.755+0000] {dagbag.py:588} INFO - Filling up the DagBag from /home/airflow/.local/lib/python3.12/site-packages/airflow/example_dags/example_branch_labels.py
[2026-08-04T08:30:23.769+0000] {processor.py:925} INFO - DAG(s) 'example_branch_labels' retrieved from /home/airflow/.local/lib/python3.12/site-packages/airflow/example_dags/example_branch_labels.py
[2026-08-04T08:30:23.792+0000] {logging_mixin.py:190} INFO - [2026-08-04T08:30:23.792+0000] {dag.py:3239} INFO - Sync 1 DAGs
[2026-08-04T08:30:23.821+0000] {logging_mixin.py:190} INFO - [2026-08-04T08:30:23.821+0000] {dag.py:4180} INFO - Setting next_dagrun for example_branch_labels to 2026-08-03 00:00:00+00:00, run_after=2026-08-04 00:00:00+00:00
[2026-08-04T08:30:23.843+0000] {processor.py:208} INFO - Processing /home/airflow/.local/lib/python3.12/site-packages/airflow/example_dags/example_branch_labels.py took 0.101 seconds
[2026-08-04T08:30:54.035+0000] {processor.py:186} INFO - Started process (PID=1315) to work on /home/airflow/.local/lib/python3.12/site-packages/airflow/example_dags/example_branch_labels.py
[2026-08-04T08:30:54.036+0000] {processor.py:914} INFO - Processing file /home/airflow/.local/lib/python3.12/site-packages/airflow/example_dags/example_branch_labels.py for tasks to queue
[2026-08-04T08:30:54.040+0000] {logging_mixin.py:190} INFO - [2026-08-04T08:30:54.039+0000] {dagbag.py:588} INFO - Filling up the DagBag from /home/airflow/.local/lib/python3.12/site-packages/airflow/example_dags/example_branch_labels.py
[2026-08-04T08:30:54.052+0000] {processor.py:925} INFO - DAG(s) 'example_branch_labels' retrieved from /home/airflow/.local/lib/python3.12/site-packages/airflow/example_dags/example_branch_labels.py
[2026-08-04T08:30:54.075+0000] {logging_mixin.py:190} INFO - [2026-08-04T08:30:54.075+0000] {dag.py:3239} INFO - Sync 1 DAGs
[2026-08-04T08:30:54.101+0000] {logging_mixin.py:190} INFO - [2026-08-04T08:30:54.101+0000] {dag.py:4180} INFO - Setting next_dagrun for example_branch_labels to 2026-08-03 00:00:00+00:00, run_after=2026-08-04 00:00:00+00:00
[2026-08-04T08:30:54.122+0000] {processor.py:208} INFO - Processing /home/airflow/.local/lib/python3.12/site-packages/airflow/example_dags/example_branch_labels.py took 0.094 seconds
[2026-08-04T08:31:24.358+0000] {processor.py:186} INFO - Started process (PID=1380) to work on /home/airflow/.local/lib/python3.12/site-packages/airflow/example_dags/example_branch_labels.py
[2026-08-04T08:31:24.359+0000] {processor.py:914} INFO - Processing file /home/airflow/.local/lib/python3.12/site-packages/airflow/example_dags/example_branch_labels.py for tasks to queue
[2026-08-04T08:31:24.362+0000] {logging_mixin.py:190} INFO - [2026-08-04T08:31:24.362+0000] {dagbag.py:588} INFO - Filling up the DagBag from /home/airflow/.local/lib/python3.12/site-packages/airflow/example_dags/example_branch_labels.py
[2026-08-04T08:31:24.372+0000] {processor.py:925} INFO - DAG(s) 'example_branch_labels' retrieved from /home/airflow/.local/lib/python3.12/site-packages/airflow/example_dags/example_branch_labels.py
[2026-08-04T08:31:24.392+0000] {logging_mixin.py:190} INFO - [2026-08-04T08:31:24.392+0000] {dag.py:3239} INFO - Sync 1 DAGs
[2026-08-04T08:31:24.417+0000] {logging_mixin.py:190} INFO - [2026-08-04T08:31:24.417+0000] {dag.py:4180} INFO - Setting next_dagrun for example_branch_labels to 2026-08-03 00:00:00+00:00, run_after=2026-08-04 00:00:00+00:00
[2026-08-04T08:31:24.436+0000] {processor.py:208} INFO - Processing /home/airflow/.local/lib/python3.12/site-packages/airflow/example_dags/example_branch_labels.py took 0.084 seconds
[2026-08-04T08:31:54.780+0000] {processor.py:186} INFO - Started process (PID=1445) to work on /home/airflow/.local/lib/python3.12/site-packages/airflow/example_dags/example_branch_labels.py
[2026-08-04T08:31:54.781+0000] {processor.py:914} INFO - Processing file /home/airflow/.local/lib/python3.12/site-packages/airflow/example_dags/example_branch_labels.py for tasks to queue
[2026-08-04T08:31:54.785+0000] {logging_mixin.py:190} INFO - [2026-08-04T08:31:54.784+0000] {dagbag.py:588} INFO - Filling up the DagBag from /home/airflow/.local/lib/python3.12/site-packages/airflow/example_dags/example_branch_labels.py
[2026-08-04T08:31:54.797+0000] {processor.py:925} INFO - DAG(s) 'example_branch_labels' retrieved from /home/airflow/.local/lib/python3.12/site-packages/airflow/example_dags/example_branch_labels.py
[2026-08-04T08:31:54.819+0000] {logging_mixin.py:190} INFO - [2026-08-04T08:31:54.818+0000] {dag.py:3239} INFO - Sync 1 DAGs
[2026-08-04T08:31:54.849+0000] {logging_mixin.py:190} INFO - [2026-08-04T08:31:54.849+0000] {dag.py:4180} INFO - Setting next_dagrun for example_branch_labels to 2026-08-03 00:00:00+00:00, run_after=2026-08-04 00:00:00+00:00
[2026-08-04T08:31:54.869+0000] {processor.py:208} INFO - Processing /home/airflow/.local/lib/python3.12/site-packages/airflow/example_dags/example_branch_labels.py took 0.096 seconds
[2026-08-04T08:32:25.070+0000] {processor.py:186} INFO - Started process (PID=1510) to work on /home/airflow/.local/lib/python3.12/site-packages/airflow/example_dags/example_branch_labels.py
[2026-08-04T08:32:25.072+0000] {processor.py:914} INFO - Processing file /home/airflow/.local/lib/python3.12/site-packages/airflow/example_dags/example_branch_labels.py for tasks to queue
[2026-08-04T08:32:25.075+0000] {logging_mixin.py:190} INFO - [2026-08-04T08:32:25.075+0000] {dagbag.py:588} INFO - Filling up the DagBag from /home/airflow/.local/lib/python3.12/site-packages/airflow/example_dags/example_branch_labels.py
[2026-08-04T08:32:25.088+0000] {processor.py:925} INFO - DAG(s) 'example_branch_labels' retrieved from /home/airflow/.local/lib/python3.12/site-packages/airflow/example_dags/example_branch_labels.py
[2026-08-04T08:32:25.109+0000] {logging_mixin.py:190} INFO - [2026-08-04T08:32:25.109+0000] {dag.py:3239} INFO - Sync 1 DAGs
[2026-08-04T08:32:25.137+0000] {logging_mixin.py:190} INFO - [2026-08-04T08:32:25.137+0000] {dag.py:4180} INFO - Setting next_dagrun for example_branch_labels to 2026-08-03 00:00:00+00:00, run_after=2026-08-04 00:00:00+00:00
[2026-08-04T08:32:25.158+0000] {processor.py:208} INFO - Processing /home/airflow/.local/lib/python3.12/site-packages/airflow/example_dags/example_branch_labels.py took 0.094 seconds
[2026-08-04T08:32:55.369+0000] {processor.py:186} INFO - Started process (PID=1575) to work on /home/airflow/.local/lib/python3.12/site-packages/airflow/example_dags/example_branch_labels.py
[2026-08-04T08:32:55.370+0000] {processor.py:914} INFO - Processing file /home/airflow/.local/lib/python3.12/site-packages/airflow/example_dags/example_branch_labels.py for tasks to queue
[2026-08-04T08:32:55.373+0000] {logging_mixin.py:190} INFO - [2026-08-04T08:32:55.373+0000] {dagbag.py:588} INFO - Filling up the DagBag from /home/airflow/.local/lib/python3.12/site-packages/airflow/example_dags/example_branch_labels.py
[2026-08-04T08:32:55.385+0000] {processor.py:925} INFO - DAG(s) 'example_branch_labels' retrieved from /home/airflow/.local/lib/python3.12/site-packages/airflow/example_dags/example_branch_labels.py
[2026-08-04T08:32:55.406+0000] {logging_mixin.py:190} INFO - [2026-08-04T08:32:55.406+0000] {dag.py:3239} INFO - Sync 1 DAGs
[2026-08-04T08:32:55.433+0000] {logging_mixin.py:190} INFO - [2026-08-04T08:32:55.432+0000] {dag.py:4180} INFO - Setting next_dagrun for example_branch_labels to 2026-08-03 00:00:00+00:00, run_after=2026-08-04 00:00:00+00:00
[2026-08-04T08:32:55.453+0000] {processor.py:208} INFO - Processing /home/airflow/.local/lib/python3.12/site-packages/airflow/example_dags/example_branch_labels.py took 0.091 seconds
[2026-08-04T08:33:25.687+0000] {processor.py:186} INFO - Started process (PID=1640) to work on /home/airflow/.local/lib/python3.12/site-packages/airflow/example_dags/example_branch_labels.py
[2026-08-04T08:33:25.688+0000] {processor.py:914} INFO - Processing file /home/airflow/.local/lib/python3.12/site-packages/airflow/example_dags/example_branch_labels.py for tasks to queue
[2026-08-04T08:33:25.691+0000] {logging_mixin.py:190} INFO - [2026-08-04T08:33:25.691+0000] {dagbag.py:588} INFO - Filling up the DagBag from /home/airflow/.local/lib/python3.12/site-packages/airflow/example_dags/example_branch_labels.py
[2026-08-04T08:33:25.702+0000] {processor.py:925} INFO - DAG(s) 'example_branch_labels' retrieved from /home/airflow/.local/lib/python3.12/site-packages/airflow/example_dags/example_branch_labels.py
[2026-08-04T08:33:25.722+0000] {logging_mixin.py:190} INFO - [2026-08-04T08:33:25.722+0000] {dag.py:3239} INFO - Sync 1 DAGs
[2026-08-04T08:33:25.748+0000] {logging_mixin.py:190} INFO - [2026-08-04T08:33:25.748+0000] {dag.py:4180} INFO - Setting next_dagrun for example_branch_labels to 2026-08-03 00:00:00+00:00, run_after=2026-08-04 00:00:00+00:00
[2026-08-04T08:33:25.771+0000] {processor.py:208} INFO - Processing /home/airflow/.local/lib/python3.12/site-packages/airflow/example_dags/example_branch_labels.py took 0.090 seconds
[2026-08-04T08:33:56.133+0000] {processor.py:186} INFO - Started process (PID=1705) to work on /home/airflow/.local/lib/python3.12/site-packages/airflow/example_dags/example_branch_labels.py
[2026-08-04T08:33:56.135+0000] {processor.py:914} INFO - Processing file /home/airflow/.local/lib/python3.12/site-packages/airflow/example_dags/example_branch_labels.py for tasks to queue
[2026-08-04T08:33:56.138+0000] {logging_mixin.py:190} INFO - [2026-08-04T08:33:56.137+0000] {dagbag.py:588} INFO - Filling up the DagBag from /home/airflow/.local/lib/python3.12/site-packages/airflow/example_dags/example_branch_labels.py
[2026-08-04T08:33:56.148+0000] {processor.py:925} INFO - DAG(s) 'example_branch_labels' retrieved from /home/airflow/.local/lib/python3.12/site-packages/airflow/example_dags/example_branch_labels.py
[2026-08-04T08:33:56.167+0000] {logging_mixin.py:190} INFO - [2026-08-04T08:33:56.167+0000] {dag.py:3239} INFO - Sync 1 DAGs
[2026-08-04T08:33:56.193+0000] {logging_mixin.py:190} INFO - [2026-08-04T08:33:56.193+0000] {dag.py:4180} INFO - Setting next_dagrun for example_branch_labels to 2026-08-03 00:00:00+00:00, run_after=2026-08-04 00:00:00+00:00
[2026-08-04T08:33:56.218+0000] {processor.py:208} INFO - Processing /home/airflow/.local/lib/python3.12/site-packages/airflow/example_dags/example_branch_labels.py took 0.091 seconds
[2026-08-04T08:34:26.651+0000] {processor.py:186} INFO - Started process (PID=1770) to work on /home/airflow/.local/lib/python3.12/site-packages/airflow/example_dags/example_branch_labels.py
[2026-08-04T08:34:26.652+0000] {processor.py:914} INFO - Processing file /home/airflow/.local/lib/python3.12/site-packages/airflow/example_dags/example_branch_labels.py for tasks to queue
[2026-08-04T08:34:26.656+0000] {logging_mixin.py:190} INFO - [2026-08-04T08:34:26.655+0000] {dagbag.py:588} INFO - Filling up the DagBag from /home/airflow/.local/lib/python3.12/site-packages/airflow/example_dags/example_branch_labels.py
[2026-08-04T08:34:26.668+0000] {processor.py:925} INFO - DAG(s) 'example_branch_labels' retrieved from /home/airflow/.local/lib/python3.12/site-packages/airflow/example_dags/example_branch_labels.py
[2026-08-04T08:34:26.690+0000] {logging_mixin.py:190} INFO - [2026-08-04T08:34:26.690+0000] {dag.py:3239} INFO - Sync 1 DAGs
[2026-08-04T08:34:26.719+0000] {logging_mixin.py:190} INFO - [2026-08-04T08:34:26.718+0000] {dag.py:4180} INFO - Setting next_dagrun for example_branch_labels to 2026-08-03 00:00:00+00:00, run_after=2026-08-04 00:00:00+00:00
[2026-08-04T08:34:26.740+0000] {processor.py:208} INFO - Processing /home/airflow/.local/lib/python3.12/site-packages/airflow/example_dags/example_branch_labels.py took 0.097 seconds
[2026-08-04T08:34:57.483+0000] {processor.py:186} INFO - Started process (PID=1835) to work on /home/airflow/.local/lib/python3.12/site-packages/airflow/example_dags/example_branch_labels.py
[2026-08-04T08:34:57.484+0000] {processor.py:914} INFO - Processing file /home/airflow/.local/lib/python3.12/site-packages/airflow/example_dags/example_branch_labels.py for tasks to queue
[2026-08-04T08:34:57.487+0000] {logging_mixin.py:190} INFO - [2026-08-04T08:34:57.487+0000] {dagbag.py:588} INFO - Filling up the DagBag from /home/airflow/.local/lib/python3.12/site-packages/airflow/example_dags/example_branch_labels.py
[2026-08-04T08:34:57.497+0000] {processor.py:925} INFO - DAG(s) 'example_branch_labels' retrieved from /home/airflow/.local/lib/python3.12/site-packages/airflow/example_dags/example_branch_labels.py
[2026-08-04T08:34:57.532+0000] {logging_mixin.py:190} INFO - [2026-08-04T08:34:57.532+0000] {dag.py:3239} INFO - Sync 1 DAGs
[2026-08-04T08:34:57.592+0000] {logging_mixin.py:190} INFO - [2026-08-04T08:34:57.592+0000] {dag.py:4180} INFO - Setting next_dagrun for example_branch_labels to 2026-08-03 00:00:00+00:00, run_after=2026-08-04 00:00:00+00:00
[2026-08-04T08:34:57.613+0000] {processor.py:208} INFO - Processing /home/airflow/.local/lib/python3.12/site-packages/airflow/example_dags/example_branch_labels.py took 0.135 seconds
[2026-08-04T08:35:28.370+0000] {processor.py:186} INFO - Started process (PID=1893) to work on /home/airflow/.local/lib/python3.12/site-packages/airflow/example_dags/example_branch_labels.py
[2026-08-04T08:35:28.371+0000] {processor.py:914} INFO - Processing file /home/airflow/.local/lib/python3.12/site-packages/airflow/example_dags/example_branch_labels.py for tasks to queue
[2026-08-04T08:35:28.374+0000] {logging_mixin.py:190} INFO - [2026-08-04T08:35:28.373+0000] {dagbag.py:588} INFO - Filling up the DagBag from /home/airflow/.local/lib/python3.12/site-packages/airflow/example_dags/example_branch_labels.py
[2026-08-04T08:35:28.386+0000] {processor.py:925} INFO - DAG(s) 'example_branch_labels' retrieved from /home/airflow/.local/lib/python3.12/site-packages/airflow/example_dags/example_branch_labels.py
[2026-08-04T08:35:28.407+0000] {logging_mixin.py:190} INFO - [2026-08-04T08:35:28.407+0000] {dag.py:3239} INFO - Sync 1 DAGs
[2026-08-04T08:35:28.432+0000] {logging_mixin.py:190} INFO - [2026-08-04T08:35:28.432+0000] {dag.py:4180} INFO - Setting next_dagrun for example_branch_labels to 2026-08-03 00:00:00+00:00, run_after=2026-08-04 00:00:00+00:00
[2026-08-04T08:35:28.452+0000] {processor.py:208} INFO - Processing /home/airflow/.local/lib/python3.12/site-packages/airflow/example_dags/example_branch_labels.py took 0.089 seconds
[2026-08-04T08:35:59.206+0000] {processor.py:186} INFO - Started process (PID=1958) to work on /home/airflow/.local/lib/python3.12/site-packages/airflow/example_dags/example_branch_labels.py
[2026-08-04T08:35:59.207+0000] {processor.py:914} INFO - Processing file /home/airflow/.local/lib/python3.12/site-packages/airflow/example_dags/example_branch_labels.py for tasks to queue
[2026-08-04T08:35:59.210+0000] {logging_mixin.py:190} INFO - [2026-08-04T08:35:59.209+0000] {dagbag.py:588} INFO - Filling up the DagBag from /home/airflow/.local/lib/python3.12/site-packages/airflow/example_dags/example_branch_labels.py
[2026-08-04T08:35:59.221+0000] {processor.py:925} INFO - DAG(s) 'example_branch_labels' retrieved from /home/airflow/.local/lib/python3.12/site-packages/airflow/example_dags/example_branch_labels.py
[2026-08-04T08:35:59.241+0000] {logging_mixin.py:190} INFO - [2026-08-04T08:35:59.241+0000] {dag.py:3239} INFO - Sync 1 DAGs
[2026-08-04T08:35:59.270+0000] {logging_mixin.py:190} INFO - [2026-08-04T08:35:59.269+0000] {dag.py:4180} INFO - Setting next_dagrun for example_branch_labels to 2026-08-03 00:00:00+00:00, run_after=2026-08-04 00:00:00+00:00
[2026-08-04T08:35:59.288+0000] {processor.py:208} INFO - Processing /home/airflow/.local/lib/python3.12/site-packages/airflow/example_dags/example_branch_labels.py took 0.089 seconds
[2026-08-04T08:36:30.996+0000] {processor.py:186} INFO - Started process (PID=2023) to work on /home/airflow/.local/lib/python3.12/site-packages/airflow/example_dags/example_branch_labels.py
[2026-08-04T08:36:30.997+0000] {processor.py:914} INFO - Processing file /home/airflow/.local/lib/python3.12/site-packages/airflow/example_dags/example_branch_labels.py for tasks to queue
[2026-08-04T08:36:31.000+0000] {logging_mixin.py:190} INFO - [2026-08-04T08:36:31.000+0000] {dagbag.py:588} INFO - Filling up the DagBag from /home/airflow/.local/lib/python3.12/site-packages/airflow/example_dags/example_branch_labels.py
[2026-08-04T08:36:31.017+0000] {processor.py:925} INFO - DAG(s) 'example_branch_labels' retrieved from /home/airflow/.local/lib/python3.12/site-packages/airflow/example_dags/example_branch_labels.py
[2026-08-04T08:36:31.040+0000] {logging_mixin.py:190} INFO - [2026-08-04T08:36:31.040+0000] {dag.py:3239} INFO - Sync 1 DAGs
[2026-08-04T08:36:31.068+0000] {logging_mixin.py:190} INFO - [2026-08-04T08:36:31.068+0000] {dag.py:4180} INFO - Setting next_dagrun for example_branch_labels to 2026-08-03 00:00:00+00:00, run_after=2026-08-04 00:00:00+00:00
[2026-08-04T08:36:31.089+0000] {processor.py:208} INFO - Processing /home/airflow/.local/lib/python3.12/site-packages/airflow/example_dags/example_branch_labels.py took 0.100 seconds
[2026-08-04T08:37:01.372+0000] {processor.py:186} INFO - Started process (PID=2080) to work on /home/airflow/.local/lib/python3.12/site-packages/airflow/example_dags/example_branch_labels.py
[2026-08-04T08:37:01.373+0000] {processor.py:914} INFO - Processing file /home/airflow/.local/lib/python3.12/site-packages/airflow/example_dags/example_branch_labels.py for tasks to queue
[2026-08-04T08:37:01.376+0000] {logging_mixin.py:190} INFO - [2026-08-04T08:37:01.376+0000] {dagbag.py:588} INFO - Filling up the DagBag from /home/airflow/.local/lib/python3.12/site-packages/airflow/example_dags/example_branch_labels.py
[2026-08-04T08:37:01.389+0000] {processor.py:925} INFO - DAG(s) 'example_branch_labels' retrieved from /home/airflow/.local/lib/python3.12/site-packages/airflow/example_dags/example_branch_labels.py
[2026-08-04T08:37:01.412+0000] {logging_mixin.py:190} INFO - [2026-08-04T08:37:01.412+0000] {dag.py:3239} INFO - Sync 1 DAGs
[2026-08-04T08:37:01.447+0000] {logging_mixin.py:190} INFO - [2026-08-04T08:37:01.446+0000] {dag.py:4180} INFO - Setting next_dagrun for example_branch_labels to 2026-08-03 00:00:00+00:00, run_after=2026-08-04 00:00:00+00:00
[2026-08-04T08:37:01.469+0000] {processor.py:208} INFO - Processing /home/airflow/.local/lib/python3.12/site-packages/airflow/example_dags/example_branch_labels.py took 0.106 seconds
[2026-08-04T08:37:32.150+0000] {processor.py:186} INFO - Started process (PID=2144) to work on /home/airflow/.local/lib/python3.12/site-packages/airflow/example_dags/example_branch_labels.py
[2026-08-04T08:37:32.151+0000] {processor.py:914} INFO - Processing file /home/airflow/.local/lib/python3.12/site-packages/airflow/example_dags/example_branch_labels.py for tasks to queue
[2026-08-04T08:37:32.154+0000] {logging_mixin.py:190} INFO - [2026-08-04T08:37:32.154+0000] {dagbag.py:588} INFO - Filling up the DagBag from /home/airflow/.local/lib/python3.12/site-packages/airflow/example_dags/example_branch_labels.py
[2026-08-04T08:37:32.165+0000] {processor.py:925} INFO - DAG(s) 'example_branch_labels' retrieved from /home/airflow/.local/lib/python3.12/site-packages/airflow/example_dags/example_branch_labels.py
[2026-08-04T08:37:32.188+0000] {logging_mixin.py:190} INFO - [2026-08-04T08:37:32.188+0000] {dag.py:3239} INFO - Sync 1 DAGs
[2026-08-04T08:37:32.216+0000] {logging_mixin.py:190} INFO - [2026-08-04T08:37:32.216+0000] {dag.py:4180} INFO - Setting next_dagrun for example_branch_labels to 2026-08-03 00:00:00+00:00, run_after=2026-08-04 00:00:00+00:00
[2026-08-04T08:37:32.239+0000] {processor.py:208} INFO - Processing /home/airflow/.local/lib/python3.12/site-packages/airflow/example_dags/example_branch_labels.py took 0.097 seconds
[2026-08-04T08:38:02.719+0000] {processor.py:186} INFO - Started process (PID=2208) to work on /home/airflow/.local/lib/python3.12/site-packages/airflow/example_dags/example_branch_labels.py
[2026-08-04T08:38:02.720+0000] {processor.py:914} INFO - Processing file /home/airflow/.local/lib/python3.12/site-packages/airflow/example_dags/example_branch_labels.py for tasks to queue
[2026-08-04T08:38:02.723+0000] {logging_mixin.py:190} INFO - [2026-08-04T08:38:02.723+0000] {dagbag.py:588} INFO - Filling up the DagBag from /home/airflow/.local/lib/python3.12/site-packages/airflow/example_dags/example_branch_labels.py
[2026-08-04T08:38:02.733+0000] {processor.py:925} INFO - DAG(s) 'example_branch_labels' retrieved from /home/airflow/.local/lib/python3.12/site-packages/airflow/example_dags/example_branch_labels.py
[2026-08-04T08:38:02.753+0000] {logging_mixin.py:190} INFO - [2026-08-04T08:38:02.752+0000] {dag.py:3239} INFO - Sync 1 DAGs
[2026-08-04T08:38:02.776+0000] {logging_mixin.py:190} INFO - [2026-08-04T08:38:02.776+0000] {dag.py:4180} INFO - Setting next_dagrun for example_branch_labels to 2026-08-03 00:00:00+00:00, run_after=2026-08-04 00:00:00+00:00
[2026-08-04T08:38:02.794+0000] {processor.py:208} INFO - Processing /home/airflow/.local/lib/python3.12/site-packages/airflow/example_dags/example_branch_labels.py took 0.080 seconds
[2026-08-04T08:38:33.224+0000] {processor.py:186} INFO - Started process (PID=2272) to work on /home/airflow/.local/lib/python3.12/site-packages/airflow/example_dags/example_branch_labels.py
[2026-08-04T08:38:33.225+0000] {processor.py:914} INFO - Processing file /home/airflow/.local/lib/python3.12/site-packages/airflow/example_dags/example_branch_labels.py for tasks to queue
[2026-08-04T08:38:33.229+0000] {logging_mixin.py:190} INFO - [2026-08-04T08:38:33.228+0000] {dagbag.py:588} INFO - Filling up the DagBag from /home/airflow/.local/lib/python3.12/site-packages/airflow/example_dags/example_branch_labels.py
[2026-08-04T08:38:33.241+0000] {processor.py:925} INFO - DAG(s) 'example_branch_labels' retrieved from /home/airflow/.local/lib/python3.12/site-packages/airflow/example_dags/example_branch_labels.py
[2026-08-04T08:38:33.262+0000] {logging_mixin.py:190} INFO - [2026-08-04T08:38:33.262+0000] {dag.py:3239} INFO - Sync 1 DAGs
[2026-08-04T08:38:33.289+0000] {logging_mixin.py:190} INFO - [2026-08-04T08:38:33.289+0000] {dag.py:4180} INFO - Setting next_dagrun for example_branch_labels to 2026-08-03 00:00:00+00:00, run_after=2026-08-04 00:00:00+00:00
[2026-08-04T08:38:33.311+0000] {processor.py:208} INFO - Processing /home/airflow/.local/lib/python3.12/site-packages/airflow/example_dags/example_branch_labels.py took 0.095 seconds
[2026-08-04T08:39:04.358+0000] {processor.py:186} INFO - Started process (PID=2336) to work on /home/airflow/.local/lib/python3.12/site-packages/airflow/example_dags/example_branch_labels.py
[2026-08-04T08:39:04.360+0000] {processor.py:914} INFO - Processing file /home/airflow/.local/lib/python3.12/site-packages/airflow/example_dags/example_branch_labels.py for tasks to queue
[2026-08-04T08:39:04.363+0000] {logging_mixin.py:190} INFO - [2026-08-04T08:39:04.362+0000] {dagbag.py:588} INFO - Filling up the DagBag from /home/airflow/.local/lib/python3.12/site-packages/airflow/example_dags/example_branch_labels.py
[2026-08-04T08:39:04.374+0000] {processor.py:925} INFO - DAG(s) 'example_branch_labels' retrieved from /home/airflow/.local/lib/python3.12/site-packages/airflow/example_dags/example_branch_labels.py
[2026-08-04T08:39:04.395+0000] {logging_mixin.py:190} INFO - [2026-08-04T08:39:04.395+0000] {dag.py:3239} INFO - Sync 1 DAGs
[2026-08-04T08:39:04.421+0000] {logging_mixin.py:190} INFO - [2026-08-04T08:39:04.421+0000] {dag.py:4180} INFO - Setting next_dagrun for example_branch_labels to 2026-08-03 00:00:00+00:00, run_after=2026-08-04 00:00:00+00:00
[2026-08-04T08:39:04.441+0000] {processor.py:208} INFO - Processing /home/airflow/.local/lib/python3.12/site-packages/airflow/example_dags/example_branch_labels.py took 0.089 seconds
[2026-08-04T08:39:35.497+0000] {processor.py:186} INFO - Started process (PID=2401) to work on /home/airflow/.local/lib/python3.12/site-packages/airflow/example_dags/example_branch_labels.py
[2026-08-04T08:39:35.498+0000] {processor.py:914} INFO - Processing file /home/airflow/.local/lib/python3.12/site-packages/airflow/example_dags/example_branch_labels.py for tasks to queue
[2026-08-04T08:39:35.501+0000] {logging_mixin.py:190} INFO - [2026-08-04T08:39:35.500+0000] {dagbag.py:588} INFO - Filling up the DagBag from /home/airflow/.local/lib/python3.12/site-packages/airflow/example_dags/example_branch_labels.py
[2026-08-04T08:39:35.515+0000] {processor.py:925} INFO - DAG(s) 'example_branch_labels' retrieved from /home/airflow/.local/lib/python3.12/site-packages/airflow/example_dags/example_branch_labels.py
[2026-08-04T08:39:35.543+0000] {logging_mixin.py:190} INFO - [2026-08-04T08:39:35.542+0000] {dag.py:3239} INFO - Sync 1 DAGs
[2026-08-04T08:39:35.574+0000] {logging_mixin.py:190} INFO - [2026-08-04T08:39:35.573+0000] {dag.py:4180} INFO - Setting next_dagrun for example_branch_labels to 2026-08-03 00:00:00+00:00, run_after=2026-08-04 00:00:00+00:00
[2026-08-04T08:39:35.601+0000] {processor.py:208} INFO - Processing /home/airflow/.local/lib/python3.12/site-packages/airflow/example_dags/example_branch_labels.py took 0.110 seconds
[2026-08-04T08:40:06.449+0000] {processor.py:186} INFO - Started process (PID=2465) to work on /home/airflow/.local/lib/python3.12/site-packages/airflow/example_dags/example_branch_labels.py
[2026-08-04T08:40:06.450+0000] {processor.py:914} INFO - Processing file /home/airflow/.local/lib/python3.12/site-packages/airflow/example_dags/example_branch_labels.py for tasks to queue
[2026-08-04T08:40:06.453+0000] {logging_mixin.py:190} INFO - [2026-08-04T08:40:06.453+0000] {dagbag.py:588} INFO - Filling up the DagBag from /home/airflow/.local/lib/python3.12/site-packages/airflow/example_dags/example_branch_labels.py
[2026-08-04T08:40:06.464+0000] {processor.py:925} INFO - DAG(s) 'example_branch_labels' retrieved from /home/airflow/.local/lib/python3.12/site-packages/airflow/example_dags/example_branch_labels.py
[2026-08-04T08:40:06.486+0000] {logging_mixin.py:190} INFO - [2026-08-04T08:40:06.486+0000] {dag.py:3239} INFO - Sync 1 DAGs
[2026-08-04T08:40:06.515+0000] {logging_mixin.py:190} INFO - [2026-08-04T08:40:06.515+0000] {dag.py:4180} INFO - Setting next_dagrun for example_branch_labels to 2026-08-03 00:00:00+00:00, run_after=2026-08-04 00:00:00+00:00
[2026-08-04T08:40:06.535+0000] {processor.py:208} INFO - Processing /home/airflow/.local/lib/python3.12/site-packages/airflow/example_dags/example_branch_labels.py took 0.092 seconds
[2026-08-04T08:40:36.856+0000] {processor.py:186} INFO - Started process (PID=2523) to work on /home/airflow/.local/lib/python3.12/site-packages/airflow/example_dags/example_branch_labels.py
[2026-08-04T08:40:36.857+0000] {processor.py:914} INFO - Processing file /home/airflow/.local/lib/python3.12/site-packages/airflow/example_dags/example_branch_labels.py for tasks to queue
[2026-08-04T08:40:36.861+0000] {logging_mixin.py:190} INFO - [2026-08-04T08:40:36.860+0000] {dagbag.py:588} INFO - Filling up the DagBag from /home/airflow/.local/lib/python3.12/site-packages/airflow/example_dags/example_branch_labels.py
[2026-08-04T08:40:36.873+0000] {processor.py:925} INFO - DAG(s) 'example_branch_labels' retrieved from /home/airflow/.local/lib/python3.12/site-packages/airflow/example_dags/example_branch_labels.py
[2026-08-04T08:40:36.897+0000] {logging_mixin.py:190} INFO - [2026-08-04T08:40:36.896+0000] {dag.py:3239} INFO - Sync 1 DAGs
[2026-08-04T08:40:36.923+0000] {logging_mixin.py:190} INFO - [2026-08-04T08:40:36.922+0000] {dag.py:4180} INFO - Setting next_dagrun for example_branch_labels to 2026-08-03 00:00:00+00:00, run_after=2026-08-04 00:00:00+00:00
[2026-08-04T08:40:36.946+0000] {processor.py:208} INFO - Processing /home/airflow/.local/lib/python3.12/site-packages/airflow/example_dags/example_branch_labels.py took 0.098 seconds
[2026-08-04T08:41:07.229+0000] {processor.py:186} INFO - Started process (PID=2581) to work on /home/airflow/.local/lib/python3.12/site-packages/airflow/example_dags/example_branch_labels.py
[2026-08-04T08:41:07.230+0000] {processor.py:914} INFO - Processing file /home/airflow/.local/lib/python3.12/site-packages/airflow/example_dags/example_branch_labels.py for tasks to queue
[2026-08-04T08:41:07.233+0000] {logging_mixin.py:190} INFO - [2026-08-04T08:41:07.233+0000] {dagbag.py:588} INFO - Filling up the DagBag from /home/airflow/.local/lib/python3.12/site-packages/airflow/example_dags/example_branch_labels.py
[2026-08-04T08:41:07.246+0000] {processor.py:925} INFO - DAG(s) 'example_branch_labels' retrieved from /home/airflow/.local/lib/python3.12/site-packages/airflow/example_dags/example_branch_labels.py
[2026-08-04T08:41:07.269+0000] {logging_mixin.py:190} INFO - [2026-08-04T08:41:07.268+0000] {dag.py:3239} INFO - Sync 1 DAGs
[2026-08-04T08:41:07.296+0000] {logging_mixin.py:190} INFO - [2026-08-04T08:41:07.295+0000] {dag.py:4180} INFO - Setting next_dagrun for example_branch_labels to 2026-08-03 00:00:00+00:00, run_after=2026-08-04 00:00:00+00:00
[2026-08-04T08:41:07.317+0000] {processor.py:208} INFO - Processing /home/airflow/.local/lib/python3.12/site-packages/airflow/example_dags/example_branch_labels.py took 0.094 seconds
[2026-08-04T08:41:37.875+0000] {processor.py:186} INFO - Started process (PID=2643) to work on /home/airflow/.local/lib/python3.12/site-packages/airflow/example_dags/example_branch_labels.py
[2026-08-04T08:41:37.876+0000] {processor.py:914} INFO - Processing file /home/airflow/.local/lib/python3.12/site-packages/airflow/example_dags/example_branch_labels.py for tasks to queue
[2026-08-04T08:41:37.880+0000] {logging_mixin.py:190} INFO - [2026-08-04T08:41:37.880+0000] {dagbag.py:588} INFO - Filling up the DagBag from /home/airflow/.local/lib/python3.12/site-packages/airflow/example_dags/example_branch_labels.py
[2026-08-04T08:41:37.892+0000] {processor.py:925} INFO - DAG(s) 'example_branch_labels' retrieved from /home/airflow/.local/lib/python3.12/site-packages/airflow/example_dags/example_branch_labels.py
[2026-08-04T08:41:37.915+0000] {logging_mixin.py:190} INFO - [2026-08-04T08:41:37.915+0000] {dag.py:3239} INFO - Sync 1 DAGs
[2026-08-04T08:41:37.954+0000] {logging_mixin.py:190} INFO - [2026-08-04T08:41:37.954+0000] {dag.py:4180} INFO - Setting next_dagrun for example_branch_labels to 2026-08-03 00:00:00+00:00, run_after=2026-08-04 00:00:00+00:00
[2026-08-04T08:41:37.983+0000] {processor.py:208} INFO - Processing /home/airflow/.local/lib/python3.12/site-packages/airflow/example_dags/example_branch_labels.py took 0.116 seconds
