[2026-08-04T07:47:17.819+0000] {processor.py:186} INFO - Started process (PID=123) to work on /home/airflow/.local/lib/python3.12/site-packages/airflow/example_dags/example_python_decorator.py
[2026-08-04T07:47:17.821+0000] {processor.py:914} INFO - Processing file /home/airflow/.local/lib/python3.12/site-packages/airflow/example_dags/example_python_decorator.py for tasks to queue
[2026-08-04T07:47:17.835+0000] {logging_mixin.py:190} INFO - [2026-08-04T07:47:17.835+0000] {dagbag.py:588} INFO - Filling up the DagBag from /home/airflow/.local/lib/python3.12/site-packages/airflow/example_dags/example_python_decorator.py
[2026-08-04T07:47:17.972+0000] {processor.py:925} INFO - DAG(s) 'example_python_decorator' retrieved from /home/airflow/.local/lib/python3.12/site-packages/airflow/example_dags/example_python_decorator.py
[2026-08-04T07:47:18.618+0000] {logging_mixin.py:190} INFO - [2026-08-04T07:47:18.618+0000] {dag.py:3239} INFO - Sync 1 DAGs
[2026-08-04T07:47:18.662+0000] {logging_mixin.py:190} INFO - [2026-08-04T07:47:18.662+0000] {dag.py:4180} INFO - Setting next_dagrun for example_python_decorator to None, run_after=None
[2026-08-04T07:47:18.722+0000] {processor.py:208} INFO - Processing /home/airflow/.local/lib/python3.12/site-packages/airflow/example_dags/example_python_decorator.py took 0.924 seconds
[2026-08-04T08:21:22.689+0000] {processor.py:186} INFO - Started process (PID=123) to work on /home/airflow/.local/lib/python3.12/site-packages/airflow/example_dags/example_python_decorator.py
[2026-08-04T08:21:22.690+0000] {processor.py:914} INFO - Processing file /home/airflow/.local/lib/python3.12/site-packages/airflow/example_dags/example_python_decorator.py for tasks to queue
[2026-08-04T08:21:22.693+0000] {logging_mixin.py:190} INFO - [2026-08-04T08:21:22.693+0000] {dagbag.py:588} INFO - Filling up the DagBag from /home/airflow/.local/lib/python3.12/site-packages/airflow/example_dags/example_python_decorator.py
[2026-08-04T08:21:22.716+0000] {processor.py:925} INFO - DAG(s) 'example_python_decorator' retrieved from /home/airflow/.local/lib/python3.12/site-packages/airflow/example_dags/example_python_decorator.py
[2026-08-04T08:21:22.856+0000] {logging_mixin.py:190} INFO - [2026-08-04T08:21:22.856+0000] {dag.py:3239} INFO - Sync 1 DAGs
[2026-08-04T08:21:22.873+0000] {logging_mixin.py:190} INFO - [2026-08-04T08:21:22.873+0000] {dag.py:4180} INFO - Setting next_dagrun for example_python_decorator to None, run_after=None
[2026-08-04T08:21:22.898+0000] {processor.py:208} INFO - Processing /home/airflow/.local/lib/python3.12/site-packages/airflow/example_dags/example_python_decorator.py took 0.216 seconds
[2026-08-04T08:21:53.975+0000] {processor.py:186} INFO - Started process (PID=187) to work on /home/airflow/.local/lib/python3.12/site-packages/airflow/example_dags/example_python_decorator.py
[2026-08-04T08:21:53.976+0000] {processor.py:914} INFO - Processing file /home/airflow/.local/lib/python3.12/site-packages/airflow/example_dags/example_python_decorator.py for tasks to queue
[2026-08-04T08:21:53.979+0000] {logging_mixin.py:190} INFO - [2026-08-04T08:21:53.979+0000] {dagbag.py:588} INFO - Filling up the DagBag from /home/airflow/.local/lib/python3.12/site-packages/airflow/example_dags/example_python_decorator.py
[2026-08-04T08:21:53.998+0000] {processor.py:925} INFO - DAG(s) 'example_python_decorator' retrieved from /home/airflow/.local/lib/python3.12/site-packages/airflow/example_dags/example_python_decorator.py
[2026-08-04T08:21:54.024+0000] {logging_mixin.py:190} INFO - [2026-08-04T08:21:54.024+0000] {dag.py:3239} INFO - Sync 1 DAGs
[2026-08-04T08:21:54.043+0000] {logging_mixin.py:190} INFO - [2026-08-04T08:21:54.043+0000] {dag.py:4180} INFO - Setting next_dagrun for example_python_decorator to None, run_after=None
[2026-08-04T08:21:54.066+0000] {processor.py:208} INFO - Processing /home/airflow/.local/lib/python3.12/site-packages/airflow/example_dags/example_python_decorator.py took 0.098 seconds
[2026-08-04T08:22:24.427+0000] {processor.py:186} INFO - Started process (PID=252) to work on /home/airflow/.local/lib/python3.12/site-packages/airflow/example_dags/example_python_decorator.py
[2026-08-04T08:22:24.429+0000] {processor.py:914} INFO - Processing file /home/airflow/.local/lib/python3.12/site-packages/airflow/example_dags/example_python_decorator.py for tasks to queue
[2026-08-04T08:22:24.433+0000] {logging_mixin.py:190} INFO - [2026-08-04T08:22:24.432+0000] {dagbag.py:588} INFO - Filling up the DagBag from /home/airflow/.local/lib/python3.12/site-packages/airflow/example_dags/example_python_decorator.py
[2026-08-04T08:22:24.452+0000] {processor.py:925} INFO - DAG(s) 'example_python_decorator' retrieved from /home/airflow/.local/lib/python3.12/site-packages/airflow/example_dags/example_python_decorator.py
[2026-08-04T08:22:24.482+0000] {logging_mixin.py:190} INFO - [2026-08-04T08:22:24.482+0000] {dag.py:3239} INFO - Sync 1 DAGs
[2026-08-04T08:22:24.505+0000] {logging_mixin.py:190} INFO - [2026-08-04T08:22:24.505+0000] {dag.py:4180} INFO - Setting next_dagrun for example_python_decorator to None, run_after=None
[2026-08-04T08:22:24.531+0000] {processor.py:208} INFO - Processing /home/airflow/.local/lib/python3.12/site-packages/airflow/example_dags/example_python_decorator.py took 0.112 seconds
[2026-08-04T08:22:55.370+0000] {processor.py:186} INFO - Started process (PID=316) to work on /home/airflow/.local/lib/python3.12/site-packages/airflow/example_dags/example_python_decorator.py
[2026-08-04T08:22:55.371+0000] {processor.py:914} INFO - Processing file /home/airflow/.local/lib/python3.12/site-packages/airflow/example_dags/example_python_decorator.py for tasks to queue
[2026-08-04T08:22:55.375+0000] {logging_mixin.py:190} INFO - [2026-08-04T08:22:55.374+0000] {dagbag.py:588} INFO - Filling up the DagBag from /home/airflow/.local/lib/python3.12/site-packages/airflow/example_dags/example_python_decorator.py
[2026-08-04T08:22:55.395+0000] {processor.py:925} INFO - DAG(s) 'example_python_decorator' retrieved from /home/airflow/.local/lib/python3.12/site-packages/airflow/example_dags/example_python_decorator.py
[2026-08-04T08:22:55.421+0000] {logging_mixin.py:190} INFO - [2026-08-04T08:22:55.421+0000] {dag.py:3239} INFO - Sync 1 DAGs
[2026-08-04T08:22:55.437+0000] {logging_mixin.py:190} INFO - [2026-08-04T08:22:55.437+0000] {dag.py:4180} INFO - Setting next_dagrun for example_python_decorator to None, run_after=None
[2026-08-04T08:22:55.458+0000] {processor.py:208} INFO - Processing /home/airflow/.local/lib/python3.12/site-packages/airflow/example_dags/example_python_decorator.py took 0.096 seconds
[2026-08-04T08:23:27.321+0000] {processor.py:186} INFO - Started process (PID=383) to work on /home/airflow/.local/lib/python3.12/site-packages/airflow/example_dags/example_python_decorator.py
[2026-08-04T08:23:27.323+0000] {processor.py:914} INFO - Processing file /home/airflow/.local/lib/python3.12/site-packages/airflow/example_dags/example_python_decorator.py for tasks to queue
[2026-08-04T08:23:27.326+0000] {logging_mixin.py:190} INFO - [2026-08-04T08:23:27.326+0000] {dagbag.py:588} INFO - Filling up the DagBag from /home/airflow/.local/lib/python3.12/site-packages/airflow/example_dags/example_python_decorator.py
[2026-08-04T08:23:27.344+0000] {processor.py:925} INFO - DAG(s) 'example_python_decorator' retrieved from /home/airflow/.local/lib/python3.12/site-packages/airflow/example_dags/example_python_decorator.py
[2026-08-04T08:23:27.368+0000] {logging_mixin.py:190} INFO - [2026-08-04T08:23:27.368+0000] {dag.py:3239} INFO - Sync 1 DAGs
[2026-08-04T08:23:27.384+0000] {logging_mixin.py:190} INFO - [2026-08-04T08:23:27.383+0000] {dag.py:4180} INFO - Setting next_dagrun for example_python_decorator to None, run_after=None
[2026-08-04T08:23:27.405+0000] {processor.py:208} INFO - Processing /home/airflow/.local/lib/python3.12/site-packages/airflow/example_dags/example_python_decorator.py took 0.093 seconds
[2026-08-04T08:23:59.023+0000] {processor.py:186} INFO - Started process (PID=448) to work on /home/airflow/.local/lib/python3.12/site-packages/airflow/example_dags/example_python_decorator.py
[2026-08-04T08:23:59.025+0000] {processor.py:914} INFO - Processing file /home/airflow/.local/lib/python3.12/site-packages/airflow/example_dags/example_python_decorator.py for tasks to queue
[2026-08-04T08:23:59.028+0000] {logging_mixin.py:190} INFO - [2026-08-04T08:23:59.028+0000] {dagbag.py:588} INFO - Filling up the DagBag from /home/airflow/.local/lib/python3.12/site-packages/airflow/example_dags/example_python_decorator.py
[2026-08-04T08:23:59.047+0000] {processor.py:925} INFO - DAG(s) 'example_python_decorator' retrieved from /home/airflow/.local/lib/python3.12/site-packages/airflow/example_dags/example_python_decorator.py
[2026-08-04T08:23:59.074+0000] {logging_mixin.py:190} INFO - [2026-08-04T08:23:59.073+0000] {dag.py:3239} INFO - Sync 1 DAGs
[2026-08-04T08:23:59.093+0000] {logging_mixin.py:190} INFO - [2026-08-04T08:23:59.092+0000] {dag.py:4180} INFO - Setting next_dagrun for example_python_decorator to None, run_after=None
[2026-08-04T08:23:59.114+0000] {processor.py:208} INFO - Processing /home/airflow/.local/lib/python3.12/site-packages/airflow/example_dags/example_python_decorator.py took 0.097 seconds
[2026-08-04T08:24:30.104+0000] {processor.py:186} INFO - Started process (PID=513) to work on /home/airflow/.local/lib/python3.12/site-packages/airflow/example_dags/example_python_decorator.py
[2026-08-04T08:24:30.106+0000] {processor.py:914} INFO - Processing file /home/airflow/.local/lib/python3.12/site-packages/airflow/example_dags/example_python_decorator.py for tasks to queue
[2026-08-04T08:24:30.109+0000] {logging_mixin.py:190} INFO - [2026-08-04T08:24:30.108+0000] {dagbag.py:588} INFO - Filling up the DagBag from /home/airflow/.local/lib/python3.12/site-packages/airflow/example_dags/example_python_decorator.py
[2026-08-04T08:24:30.124+0000] {processor.py:925} INFO - DAG(s) 'example_python_decorator' retrieved from /home/airflow/.local/lib/python3.12/site-packages/airflow/example_dags/example_python_decorator.py
[2026-08-04T08:24:30.150+0000] {logging_mixin.py:190} INFO - [2026-08-04T08:24:30.149+0000] {dag.py:3239} INFO - Sync 1 DAGs
[2026-08-04T08:24:30.178+0000] {logging_mixin.py:190} INFO - [2026-08-04T08:24:30.178+0000] {dag.py:4180} INFO - Setting next_dagrun for example_python_decorator to None, run_after=None
[2026-08-04T08:24:30.208+0000] {processor.py:208} INFO - Processing /home/airflow/.local/lib/python3.12/site-packages/airflow/example_dags/example_python_decorator.py took 0.111 seconds
[2026-08-04T08:25:01.553+0000] {processor.py:186} INFO - Started process (PID=578) to work on /home/airflow/.local/lib/python3.12/site-packages/airflow/example_dags/example_python_decorator.py
[2026-08-04T08:25:01.554+0000] {processor.py:914} INFO - Processing file /home/airflow/.local/lib/python3.12/site-packages/airflow/example_dags/example_python_decorator.py for tasks to queue
[2026-08-04T08:25:01.558+0000] {logging_mixin.py:190} INFO - [2026-08-04T08:25:01.557+0000] {dagbag.py:588} INFO - Filling up the DagBag from /home/airflow/.local/lib/python3.12/site-packages/airflow/example_dags/example_python_decorator.py
[2026-08-04T08:25:01.578+0000] {processor.py:925} INFO - DAG(s) 'example_python_decorator' retrieved from /home/airflow/.local/lib/python3.12/site-packages/airflow/example_dags/example_python_decorator.py
[2026-08-04T08:25:01.609+0000] {logging_mixin.py:190} INFO - [2026-08-04T08:25:01.608+0000] {dag.py:3239} INFO - Sync 1 DAGs
[2026-08-04T08:25:01.631+0000] {logging_mixin.py:190} INFO - [2026-08-04T08:25:01.630+0000] {dag.py:4180} INFO - Setting next_dagrun for example_python_decorator to None, run_after=None
[2026-08-04T08:25:01.655+0000] {processor.py:208} INFO - Processing /home/airflow/.local/lib/python3.12/site-packages/airflow/example_dags/example_python_decorator.py took 0.112 seconds
[2026-08-04T08:25:32.769+0000] {processor.py:186} INFO - Started process (PID=643) to work on /home/airflow/.local/lib/python3.12/site-packages/airflow/example_dags/example_python_decorator.py
[2026-08-04T08:25:32.770+0000] {processor.py:914} INFO - Processing file /home/airflow/.local/lib/python3.12/site-packages/airflow/example_dags/example_python_decorator.py for tasks to queue
[2026-08-04T08:25:32.773+0000] {logging_mixin.py:190} INFO - [2026-08-04T08:25:32.773+0000] {dagbag.py:588} INFO - Filling up the DagBag from /home/airflow/.local/lib/python3.12/site-packages/airflow/example_dags/example_python_decorator.py
[2026-08-04T08:25:32.788+0000] {processor.py:925} INFO - DAG(s) 'example_python_decorator' retrieved from /home/airflow/.local/lib/python3.12/site-packages/airflow/example_dags/example_python_decorator.py
[2026-08-04T08:25:32.810+0000] {logging_mixin.py:190} INFO - [2026-08-04T08:25:32.810+0000] {dag.py:3239} INFO - Sync 1 DAGs
[2026-08-04T08:25:32.826+0000] {logging_mixin.py:190} INFO - [2026-08-04T08:25:32.826+0000] {dag.py:4180} INFO - Setting next_dagrun for example_python_decorator to None, run_after=None
[2026-08-04T08:25:32.847+0000] {processor.py:208} INFO - Processing /home/airflow/.local/lib/python3.12/site-packages/airflow/example_dags/example_python_decorator.py took 0.085 seconds
[2026-08-04T08:26:04.370+0000] {processor.py:186} INFO - Started process (PID=709) to work on /home/airflow/.local/lib/python3.12/site-packages/airflow/example_dags/example_python_decorator.py
[2026-08-04T08:26:04.371+0000] {processor.py:914} INFO - Processing file /home/airflow/.local/lib/python3.12/site-packages/airflow/example_dags/example_python_decorator.py for tasks to queue
[2026-08-04T08:26:04.375+0000] {logging_mixin.py:190} INFO - [2026-08-04T08:26:04.375+0000] {dagbag.py:588} INFO - Filling up the DagBag from /home/airflow/.local/lib/python3.12/site-packages/airflow/example_dags/example_python_decorator.py
[2026-08-04T08:26:04.392+0000] {processor.py:925} INFO - DAG(s) 'example_python_decorator' retrieved from /home/airflow/.local/lib/python3.12/site-packages/airflow/example_dags/example_python_decorator.py
[2026-08-04T08:26:04.418+0000] {logging_mixin.py:190} INFO - [2026-08-04T08:26:04.418+0000] {dag.py:3239} INFO - Sync 1 DAGs
[2026-08-04T08:26:04.436+0000] {logging_mixin.py:190} INFO - [2026-08-04T08:26:04.435+0000] {dag.py:4180} INFO - Setting next_dagrun for example_python_decorator to None, run_after=None
[2026-08-04T08:26:04.461+0000] {processor.py:208} INFO - Processing /home/airflow/.local/lib/python3.12/site-packages/airflow/example_dags/example_python_decorator.py took 0.099 seconds
[2026-08-04T08:26:35.029+0000] {processor.py:186} INFO - Started process (PID=774) to work on /home/airflow/.local/lib/python3.12/site-packages/airflow/example_dags/example_python_decorator.py
[2026-08-04T08:26:35.030+0000] {processor.py:914} INFO - Processing file /home/airflow/.local/lib/python3.12/site-packages/airflow/example_dags/example_python_decorator.py for tasks to queue
[2026-08-04T08:26:35.033+0000] {logging_mixin.py:190} INFO - [2026-08-04T08:26:35.032+0000] {dagbag.py:588} INFO - Filling up the DagBag from /home/airflow/.local/lib/python3.12/site-packages/airflow/example_dags/example_python_decorator.py
[2026-08-04T08:26:35.053+0000] {processor.py:925} INFO - DAG(s) 'example_python_decorator' retrieved from /home/airflow/.local/lib/python3.12/site-packages/airflow/example_dags/example_python_decorator.py
[2026-08-04T08:26:35.109+0000] {logging_mixin.py:190} INFO - [2026-08-04T08:26:35.109+0000] {dag.py:3239} INFO - Sync 1 DAGs
[2026-08-04T08:26:35.134+0000] {logging_mixin.py:190} INFO - [2026-08-04T08:26:35.133+0000] {dag.py:4180} INFO - Setting next_dagrun for example_python_decorator to None, run_after=None
[2026-08-04T08:26:35.157+0000] {processor.py:208} INFO - Processing /home/airflow/.local/lib/python3.12/site-packages/airflow/example_dags/example_python_decorator.py took 0.134 seconds
[2026-08-04T08:27:06.294+0000] {processor.py:186} INFO - Started process (PID=839) to work on /home/airflow/.local/lib/python3.12/site-packages/airflow/example_dags/example_python_decorator.py
[2026-08-04T08:27:06.295+0000] {processor.py:914} INFO - Processing file /home/airflow/.local/lib/python3.12/site-packages/airflow/example_dags/example_python_decorator.py for tasks to queue
[2026-08-04T08:27:06.299+0000] {logging_mixin.py:190} INFO - [2026-08-04T08:27:06.298+0000] {dagbag.py:588} INFO - Filling up the DagBag from /home/airflow/.local/lib/python3.12/site-packages/airflow/example_dags/example_python_decorator.py
[2026-08-04T08:27:06.318+0000] {processor.py:925} INFO - DAG(s) 'example_python_decorator' retrieved from /home/airflow/.local/lib/python3.12/site-packages/airflow/example_dags/example_python_decorator.py
[2026-08-04T08:27:06.344+0000] {logging_mixin.py:190} INFO - [2026-08-04T08:27:06.343+0000] {dag.py:3239} INFO - Sync 1 DAGs
[2026-08-04T08:27:06.367+0000] {logging_mixin.py:190} INFO - [2026-08-04T08:27:06.366+0000] {dag.py:4180} INFO - Setting next_dagrun for example_python_decorator to None, run_after=None
[2026-08-04T08:27:06.388+0000] {processor.py:208} INFO - Processing /home/airflow/.local/lib/python3.12/site-packages/airflow/example_dags/example_python_decorator.py took 0.103 seconds
[2026-08-04T08:27:37.487+0000] {processor.py:186} INFO - Started process (PID=904) to work on /home/airflow/.local/lib/python3.12/site-packages/airflow/example_dags/example_python_decorator.py
[2026-08-04T08:27:37.488+0000] {processor.py:914} INFO - Processing file /home/airflow/.local/lib/python3.12/site-packages/airflow/example_dags/example_python_decorator.py for tasks to queue
[2026-08-04T08:27:37.491+0000] {logging_mixin.py:190} INFO - [2026-08-04T08:27:37.490+0000] {dagbag.py:588} INFO - Filling up the DagBag from /home/airflow/.local/lib/python3.12/site-packages/airflow/example_dags/example_python_decorator.py
[2026-08-04T08:27:37.505+0000] {processor.py:925} INFO - DAG(s) 'example_python_decorator' retrieved from /home/airflow/.local/lib/python3.12/site-packages/airflow/example_dags/example_python_decorator.py
[2026-08-04T08:27:37.530+0000] {logging_mixin.py:190} INFO - [2026-08-04T08:27:37.529+0000] {dag.py:3239} INFO - Sync 1 DAGs
[2026-08-04T08:27:37.546+0000] {logging_mixin.py:190} INFO - [2026-08-04T08:27:37.546+0000] {dag.py:4180} INFO - Setting next_dagrun for example_python_decorator to None, run_after=None
[2026-08-04T08:27:37.565+0000] {processor.py:208} INFO - Processing /home/airflow/.local/lib/python3.12/site-packages/airflow/example_dags/example_python_decorator.py took 0.084 seconds
[2026-08-04T08:28:08.861+0000] {processor.py:186} INFO - Started process (PID=970) to work on /home/airflow/.local/lib/python3.12/site-packages/airflow/example_dags/example_python_decorator.py
[2026-08-04T08:28:08.863+0000] {processor.py:914} INFO - Processing file /home/airflow/.local/lib/python3.12/site-packages/airflow/example_dags/example_python_decorator.py for tasks to queue
[2026-08-04T08:28:08.868+0000] {logging_mixin.py:190} INFO - [2026-08-04T08:28:08.867+0000] {dagbag.py:588} INFO - Filling up the DagBag from /home/airflow/.local/lib/python3.12/site-packages/airflow/example_dags/example_python_decorator.py
[2026-08-04T08:28:08.886+0000] {processor.py:925} INFO - DAG(s) 'example_python_decorator' retrieved from /home/airflow/.local/lib/python3.12/site-packages/airflow/example_dags/example_python_decorator.py
[2026-08-04T08:28:08.912+0000] {logging_mixin.py:190} INFO - [2026-08-04T08:28:08.912+0000] {dag.py:3239} INFO - Sync 1 DAGs
[2026-08-04T08:28:08.932+0000] {logging_mixin.py:190} INFO - [2026-08-04T08:28:08.931+0000] {dag.py:4180} INFO - Setting next_dagrun for example_python_decorator to None, run_after=None
[2026-08-04T08:28:08.954+0000] {processor.py:208} INFO - Processing /home/airflow/.local/lib/python3.12/site-packages/airflow/example_dags/example_python_decorator.py took 0.101 seconds
[2026-08-04T08:28:40.411+0000] {processor.py:186} INFO - Started process (PID=1035) to work on /home/airflow/.local/lib/python3.12/site-packages/airflow/example_dags/example_python_decorator.py
[2026-08-04T08:28:40.412+0000] {processor.py:914} INFO - Processing file /home/airflow/.local/lib/python3.12/site-packages/airflow/example_dags/example_python_decorator.py for tasks to queue
[2026-08-04T08:28:40.415+0000] {logging_mixin.py:190} INFO - [2026-08-04T08:28:40.415+0000] {dagbag.py:588} INFO - Filling up the DagBag from /home/airflow/.local/lib/python3.12/site-packages/airflow/example_dags/example_python_decorator.py
[2026-08-04T08:28:40.431+0000] {processor.py:925} INFO - DAG(s) 'example_python_decorator' retrieved from /home/airflow/.local/lib/python3.12/site-packages/airflow/example_dags/example_python_decorator.py
[2026-08-04T08:28:40.464+0000] {logging_mixin.py:190} INFO - [2026-08-04T08:28:40.464+0000] {dag.py:3239} INFO - Sync 1 DAGs
[2026-08-04T08:28:40.487+0000] {logging_mixin.py:190} INFO - [2026-08-04T08:28:40.487+0000] {dag.py:4180} INFO - Setting next_dagrun for example_python_decorator to None, run_after=None
[2026-08-04T08:28:40.511+0000] {processor.py:208} INFO - Processing /home/airflow/.local/lib/python3.12/site-packages/airflow/example_dags/example_python_decorator.py took 0.107 seconds
[2026-08-04T08:29:11.851+0000] {processor.py:186} INFO - Started process (PID=1100) to work on /home/airflow/.local/lib/python3.12/site-packages/airflow/example_dags/example_python_decorator.py
[2026-08-04T08:29:11.852+0000] {processor.py:914} INFO - Processing file /home/airflow/.local/lib/python3.12/site-packages/airflow/example_dags/example_python_decorator.py for tasks to queue
[2026-08-04T08:29:11.855+0000] {logging_mixin.py:190} INFO - [2026-08-04T08:29:11.855+0000] {dagbag.py:588} INFO - Filling up the DagBag from /home/airflow/.local/lib/python3.12/site-packages/airflow/example_dags/example_python_decorator.py
[2026-08-04T08:29:11.870+0000] {processor.py:925} INFO - DAG(s) 'example_python_decorator' retrieved from /home/airflow/.local/lib/python3.12/site-packages/airflow/example_dags/example_python_decorator.py
[2026-08-04T08:29:11.893+0000] {logging_mixin.py:190} INFO - [2026-08-04T08:29:11.892+0000] {dag.py:3239} INFO - Sync 1 DAGs
[2026-08-04T08:29:11.915+0000] {logging_mixin.py:190} INFO - [2026-08-04T08:29:11.915+0000] {dag.py:4180} INFO - Setting next_dagrun for example_python_decorator to None, run_after=None
[2026-08-04T08:29:11.938+0000] {processor.py:208} INFO - Processing /home/airflow/.local/lib/python3.12/site-packages/airflow/example_dags/example_python_decorator.py took 0.093 seconds
[2026-08-04T08:29:43.095+0000] {processor.py:186} INFO - Started process (PID=1164) to work on /home/airflow/.local/lib/python3.12/site-packages/airflow/example_dags/example_python_decorator.py
[2026-08-04T08:29:43.096+0000] {processor.py:914} INFO - Processing file /home/airflow/.local/lib/python3.12/site-packages/airflow/example_dags/example_python_decorator.py for tasks to queue
[2026-08-04T08:29:43.099+0000] {logging_mixin.py:190} INFO - [2026-08-04T08:29:43.099+0000] {dagbag.py:588} INFO - Filling up the DagBag from /home/airflow/.local/lib/python3.12/site-packages/airflow/example_dags/example_python_decorator.py
[2026-08-04T08:29:43.115+0000] {processor.py:925} INFO - DAG(s) 'example_python_decorator' retrieved from /home/airflow/.local/lib/python3.12/site-packages/airflow/example_dags/example_python_decorator.py
[2026-08-04T08:29:43.138+0000] {logging_mixin.py:190} INFO - [2026-08-04T08:29:43.137+0000] {dag.py:3239} INFO - Sync 1 DAGs
[2026-08-04T08:29:43.153+0000] {logging_mixin.py:190} INFO - [2026-08-04T08:29:43.152+0000] {dag.py:4180} INFO - Setting next_dagrun for example_python_decorator to None, run_after=None
[2026-08-04T08:29:43.173+0000] {processor.py:208} INFO - Processing /home/airflow/.local/lib/python3.12/site-packages/airflow/example_dags/example_python_decorator.py took 0.084 seconds
[2026-08-04T08:30:14.771+0000] {processor.py:186} INFO - Started process (PID=1236) to work on /home/airflow/.local/lib/python3.12/site-packages/airflow/example_dags/example_python_decorator.py
[2026-08-04T08:30:14.772+0000] {processor.py:914} INFO - Processing file /home/airflow/.local/lib/python3.12/site-packages/airflow/example_dags/example_python_decorator.py for tasks to queue
[2026-08-04T08:30:14.775+0000] {logging_mixin.py:190} INFO - [2026-08-04T08:30:14.774+0000] {dagbag.py:588} INFO - Filling up the DagBag from /home/airflow/.local/lib/python3.12/site-packages/airflow/example_dags/example_python_decorator.py
[2026-08-04T08:30:14.790+0000] {processor.py:925} INFO - DAG(s) 'example_python_decorator' retrieved from /home/airflow/.local/lib/python3.12/site-packages/airflow/example_dags/example_python_decorator.py
[2026-08-04T08:30:14.812+0000] {logging_mixin.py:190} INFO - [2026-08-04T08:30:14.812+0000] {dag.py:3239} INFO - Sync 1 DAGs
[2026-08-04T08:30:14.828+0000] {logging_mixin.py:190} INFO - [2026-08-04T08:30:14.828+0000] {dag.py:4180} INFO - Setting next_dagrun for example_python_decorator to None, run_after=None
[2026-08-04T08:30:14.848+0000] {processor.py:208} INFO - Processing /home/airflow/.local/lib/python3.12/site-packages/airflow/example_dags/example_python_decorator.py took 0.083 seconds
[2026-08-04T08:30:46.014+0000] {processor.py:186} INFO - Started process (PID=1301) to work on /home/airflow/.local/lib/python3.12/site-packages/airflow/example_dags/example_python_decorator.py
[2026-08-04T08:30:46.015+0000] {processor.py:914} INFO - Processing file /home/airflow/.local/lib/python3.12/site-packages/airflow/example_dags/example_python_decorator.py for tasks to queue
[2026-08-04T08:30:46.018+0000] {logging_mixin.py:190} INFO - [2026-08-04T08:30:46.018+0000] {dagbag.py:588} INFO - Filling up the DagBag from /home/airflow/.local/lib/python3.12/site-packages/airflow/example_dags/example_python_decorator.py
[2026-08-04T08:30:46.033+0000] {processor.py:925} INFO - DAG(s) 'example_python_decorator' retrieved from /home/airflow/.local/lib/python3.12/site-packages/airflow/example_dags/example_python_decorator.py
[2026-08-04T08:30:46.055+0000] {logging_mixin.py:190} INFO - [2026-08-04T08:30:46.055+0000] {dag.py:3239} INFO - Sync 1 DAGs
[2026-08-04T08:30:46.071+0000] {logging_mixin.py:190} INFO - [2026-08-04T08:30:46.071+0000] {dag.py:4180} INFO - Setting next_dagrun for example_python_decorator to None, run_after=None
[2026-08-04T08:30:46.091+0000] {processor.py:208} INFO - Processing /home/airflow/.local/lib/python3.12/site-packages/airflow/example_dags/example_python_decorator.py took 0.083 seconds
[2026-08-04T08:31:17.436+0000] {processor.py:186} INFO - Started process (PID=1366) to work on /home/airflow/.local/lib/python3.12/site-packages/airflow/example_dags/example_python_decorator.py
[2026-08-04T08:31:17.437+0000] {processor.py:914} INFO - Processing file /home/airflow/.local/lib/python3.12/site-packages/airflow/example_dags/example_python_decorator.py for tasks to queue
[2026-08-04T08:31:17.440+0000] {logging_mixin.py:190} INFO - [2026-08-04T08:31:17.440+0000] {dagbag.py:588} INFO - Filling up the DagBag from /home/airflow/.local/lib/python3.12/site-packages/airflow/example_dags/example_python_decorator.py
[2026-08-04T08:31:17.456+0000] {processor.py:925} INFO - DAG(s) 'example_python_decorator' retrieved from /home/airflow/.local/lib/python3.12/site-packages/airflow/example_dags/example_python_decorator.py
[2026-08-04T08:31:17.482+0000] {logging_mixin.py:190} INFO - [2026-08-04T08:31:17.481+0000] {dag.py:3239} INFO - Sync 1 DAGs
[2026-08-04T08:31:17.498+0000] {logging_mixin.py:190} INFO - [2026-08-04T08:31:17.498+0000] {dag.py:4180} INFO - Setting next_dagrun for example_python_decorator to None, run_after=None
[2026-08-04T08:31:17.518+0000] {processor.py:208} INFO - Processing /home/airflow/.local/lib/python3.12/site-packages/airflow/example_dags/example_python_decorator.py took 0.088 seconds
[2026-08-04T08:31:48.809+0000] {processor.py:186} INFO - Started process (PID=1432) to work on /home/airflow/.local/lib/python3.12/site-packages/airflow/example_dags/example_python_decorator.py
[2026-08-04T08:31:48.811+0000] {processor.py:914} INFO - Processing file /home/airflow/.local/lib/python3.12/site-packages/airflow/example_dags/example_python_decorator.py for tasks to queue
[2026-08-04T08:31:48.813+0000] {logging_mixin.py:190} INFO - [2026-08-04T08:31:48.813+0000] {dagbag.py:588} INFO - Filling up the DagBag from /home/airflow/.local/lib/python3.12/site-packages/airflow/example_dags/example_python_decorator.py
[2026-08-04T08:31:48.829+0000] {processor.py:925} INFO - DAG(s) 'example_python_decorator' retrieved from /home/airflow/.local/lib/python3.12/site-packages/airflow/example_dags/example_python_decorator.py
[2026-08-04T08:31:48.851+0000] {logging_mixin.py:190} INFO - [2026-08-04T08:31:48.851+0000] {dag.py:3239} INFO - Sync 1 DAGs
[2026-08-04T08:31:48.871+0000] {logging_mixin.py:190} INFO - [2026-08-04T08:31:48.870+0000] {dag.py:4180} INFO - Setting next_dagrun for example_python_decorator to None, run_after=None
[2026-08-04T08:31:48.891+0000] {processor.py:208} INFO - Processing /home/airflow/.local/lib/python3.12/site-packages/airflow/example_dags/example_python_decorator.py took 0.088 seconds
[2026-08-04T08:32:20.160+0000] {processor.py:186} INFO - Started process (PID=1496) to work on /home/airflow/.local/lib/python3.12/site-packages/airflow/example_dags/example_python_decorator.py
[2026-08-04T08:32:20.161+0000] {processor.py:914} INFO - Processing file /home/airflow/.local/lib/python3.12/site-packages/airflow/example_dags/example_python_decorator.py for tasks to queue
[2026-08-04T08:32:20.164+0000] {logging_mixin.py:190} INFO - [2026-08-04T08:32:20.164+0000] {dagbag.py:588} INFO - Filling up the DagBag from /home/airflow/.local/lib/python3.12/site-packages/airflow/example_dags/example_python_decorator.py
[2026-08-04T08:32:20.180+0000] {processor.py:925} INFO - DAG(s) 'example_python_decorator' retrieved from /home/airflow/.local/lib/python3.12/site-packages/airflow/example_dags/example_python_decorator.py
[2026-08-04T08:32:20.207+0000] {logging_mixin.py:190} INFO - [2026-08-04T08:32:20.207+0000] {dag.py:3239} INFO - Sync 1 DAGs
[2026-08-04T08:32:20.223+0000] {logging_mixin.py:190} INFO - [2026-08-04T08:32:20.223+0000] {dag.py:4180} INFO - Setting next_dagrun for example_python_decorator to None, run_after=None
[2026-08-04T08:32:20.247+0000] {processor.py:208} INFO - Processing /home/airflow/.local/lib/python3.12/site-packages/airflow/example_dags/example_python_decorator.py took 0.095 seconds
[2026-08-04T08:32:51.403+0000] {processor.py:186} INFO - Started process (PID=1561) to work on /home/airflow/.local/lib/python3.12/site-packages/airflow/example_dags/example_python_decorator.py
[2026-08-04T08:32:51.404+0000] {processor.py:914} INFO - Processing file /home/airflow/.local/lib/python3.12/site-packages/airflow/example_dags/example_python_decorator.py for tasks to queue
[2026-08-04T08:32:51.407+0000] {logging_mixin.py:190} INFO - [2026-08-04T08:32:51.406+0000] {dagbag.py:588} INFO - Filling up the DagBag from /home/airflow/.local/lib/python3.12/site-packages/airflow/example_dags/example_python_decorator.py
[2026-08-04T08:32:51.421+0000] {processor.py:925} INFO - DAG(s) 'example_python_decorator' retrieved from /home/airflow/.local/lib/python3.12/site-packages/airflow/example_dags/example_python_decorator.py
[2026-08-04T08:32:51.445+0000] {logging_mixin.py:190} INFO - [2026-08-04T08:32:51.444+0000] {dag.py:3239} INFO - Sync 1 DAGs
[2026-08-04T08:32:51.461+0000] {logging_mixin.py:190} INFO - [2026-08-04T08:32:51.461+0000] {dag.py:4180} INFO - Setting next_dagrun for example_python_decorator to None, run_after=None
[2026-08-04T08:32:51.482+0000] {processor.py:208} INFO - Processing /home/airflow/.local/lib/python3.12/site-packages/airflow/example_dags/example_python_decorator.py took 0.085 seconds
[2026-08-04T08:33:22.958+0000] {processor.py:186} INFO - Started process (PID=1626) to work on /home/airflow/.local/lib/python3.12/site-packages/airflow/example_dags/example_python_decorator.py
[2026-08-04T08:33:22.959+0000] {processor.py:914} INFO - Processing file /home/airflow/.local/lib/python3.12/site-packages/airflow/example_dags/example_python_decorator.py for tasks to queue
[2026-08-04T08:33:22.962+0000] {logging_mixin.py:190} INFO - [2026-08-04T08:33:22.962+0000] {dagbag.py:588} INFO - Filling up the DagBag from /home/airflow/.local/lib/python3.12/site-packages/airflow/example_dags/example_python_decorator.py
[2026-08-04T08:33:22.978+0000] {processor.py:925} INFO - DAG(s) 'example_python_decorator' retrieved from /home/airflow/.local/lib/python3.12/site-packages/airflow/example_dags/example_python_decorator.py
[2026-08-04T08:33:23.003+0000] {logging_mixin.py:190} INFO - [2026-08-04T08:33:23.003+0000] {dag.py:3239} INFO - Sync 1 DAGs
[2026-08-04T08:33:23.022+0000] {logging_mixin.py:190} INFO - [2026-08-04T08:33:23.022+0000] {dag.py:4180} INFO - Setting next_dagrun for example_python_decorator to None, run_after=None
[2026-08-04T08:33:23.043+0000] {processor.py:208} INFO - Processing /home/airflow/.local/lib/python3.12/site-packages/airflow/example_dags/example_python_decorator.py took 0.091 seconds
[2026-08-04T08:33:53.867+0000] {processor.py:186} INFO - Started process (PID=1691) to work on /home/airflow/.local/lib/python3.12/site-packages/airflow/example_dags/example_python_decorator.py
[2026-08-04T08:33:53.868+0000] {processor.py:914} INFO - Processing file /home/airflow/.local/lib/python3.12/site-packages/airflow/example_dags/example_python_decorator.py for tasks to queue
[2026-08-04T08:33:53.872+0000] {logging_mixin.py:190} INFO - [2026-08-04T08:33:53.871+0000] {dagbag.py:588} INFO - Filling up the DagBag from /home/airflow/.local/lib/python3.12/site-packages/airflow/example_dags/example_python_decorator.py
[2026-08-04T08:33:53.888+0000] {processor.py:925} INFO - DAG(s) 'example_python_decorator' retrieved from /home/airflow/.local/lib/python3.12/site-packages/airflow/example_dags/example_python_decorator.py
[2026-08-04T08:33:53.910+0000] {logging_mixin.py:190} INFO - [2026-08-04T08:33:53.910+0000] {dag.py:3239} INFO - Sync 1 DAGs
[2026-08-04T08:33:53.928+0000] {logging_mixin.py:190} INFO - [2026-08-04T08:33:53.928+0000] {dag.py:4180} INFO - Setting next_dagrun for example_python_decorator to None, run_after=None
[2026-08-04T08:33:53.948+0000] {processor.py:208} INFO - Processing /home/airflow/.local/lib/python3.12/site-packages/airflow/example_dags/example_python_decorator.py took 0.087 seconds
[2026-08-04T08:34:25.354+0000] {processor.py:186} INFO - Started process (PID=1756) to work on /home/airflow/.local/lib/python3.12/site-packages/airflow/example_dags/example_python_decorator.py
[2026-08-04T08:34:25.355+0000] {processor.py:914} INFO - Processing file /home/airflow/.local/lib/python3.12/site-packages/airflow/example_dags/example_python_decorator.py for tasks to queue
[2026-08-04T08:34:25.358+0000] {logging_mixin.py:190} INFO - [2026-08-04T08:34:25.358+0000] {dagbag.py:588} INFO - Filling up the DagBag from /home/airflow/.local/lib/python3.12/site-packages/airflow/example_dags/example_python_decorator.py
[2026-08-04T08:34:25.373+0000] {processor.py:925} INFO - DAG(s) 'example_python_decorator' retrieved from /home/airflow/.local/lib/python3.12/site-packages/airflow/example_dags/example_python_decorator.py
[2026-08-04T08:34:25.396+0000] {logging_mixin.py:190} INFO - [2026-08-04T08:34:25.396+0000] {dag.py:3239} INFO - Sync 1 DAGs
[2026-08-04T08:34:25.411+0000] {logging_mixin.py:190} INFO - [2026-08-04T08:34:25.411+0000] {dag.py:4180} INFO - Setting next_dagrun for example_python_decorator to None, run_after=None
[2026-08-04T08:34:25.431+0000] {processor.py:208} INFO - Processing /home/airflow/.local/lib/python3.12/site-packages/airflow/example_dags/example_python_decorator.py took 0.083 seconds
[2026-08-04T08:34:56.636+0000] {processor.py:186} INFO - Started process (PID=1821) to work on /home/airflow/.local/lib/python3.12/site-packages/airflow/example_dags/example_python_decorator.py
[2026-08-04T08:34:56.637+0000] {processor.py:914} INFO - Processing file /home/airflow/.local/lib/python3.12/site-packages/airflow/example_dags/example_python_decorator.py for tasks to queue
[2026-08-04T08:34:56.640+0000] {logging_mixin.py:190} INFO - [2026-08-04T08:34:56.640+0000] {dagbag.py:588} INFO - Filling up the DagBag from /home/airflow/.local/lib/python3.12/site-packages/airflow/example_dags/example_python_decorator.py
[2026-08-04T08:34:56.655+0000] {processor.py:925} INFO - DAG(s) 'example_python_decorator' retrieved from /home/airflow/.local/lib/python3.12/site-packages/airflow/example_dags/example_python_decorator.py
[2026-08-04T08:34:56.679+0000] {logging_mixin.py:190} INFO - [2026-08-04T08:34:56.679+0000] {dag.py:3239} INFO - Sync 1 DAGs
[2026-08-04T08:34:56.696+0000] {logging_mixin.py:190} INFO - [2026-08-04T08:34:56.695+0000] {dag.py:4180} INFO - Setting next_dagrun for example_python_decorator to None, run_after=None
[2026-08-04T08:34:56.715+0000] {processor.py:208} INFO - Processing /home/airflow/.local/lib/python3.12/site-packages/airflow/example_dags/example_python_decorator.py took 0.085 seconds
[2026-08-04T08:35:27.860+0000] {processor.py:186} INFO - Started process (PID=1886) to work on /home/airflow/.local/lib/python3.12/site-packages/airflow/example_dags/example_python_decorator.py
[2026-08-04T08:35:27.862+0000] {processor.py:914} INFO - Processing file /home/airflow/.local/lib/python3.12/site-packages/airflow/example_dags/example_python_decorator.py for tasks to queue
[2026-08-04T08:35:27.865+0000] {logging_mixin.py:190} INFO - [2026-08-04T08:35:27.865+0000] {dagbag.py:588} INFO - Filling up the DagBag from /home/airflow/.local/lib/python3.12/site-packages/airflow/example_dags/example_python_decorator.py
[2026-08-04T08:35:27.886+0000] {processor.py:925} INFO - DAG(s) 'example_python_decorator' retrieved from /home/airflow/.local/lib/python3.12/site-packages/airflow/example_dags/example_python_decorator.py
[2026-08-04T08:35:27.910+0000] {logging_mixin.py:190} INFO - [2026-08-04T08:35:27.909+0000] {dag.py:3239} INFO - Sync 1 DAGs
[2026-08-04T08:35:27.933+0000] {logging_mixin.py:190} INFO - [2026-08-04T08:35:27.932+0000] {dag.py:4180} INFO - Setting next_dagrun for example_python_decorator to None, run_after=None
[2026-08-04T08:35:27.962+0000] {processor.py:208} INFO - Processing /home/airflow/.local/lib/python3.12/site-packages/airflow/example_dags/example_python_decorator.py took 0.108 seconds
[2026-08-04T08:35:58.972+0000] {processor.py:186} INFO - Started process (PID=1954) to work on /home/airflow/.local/lib/python3.12/site-packages/airflow/example_dags/example_python_decorator.py
[2026-08-04T08:35:58.973+0000] {processor.py:914} INFO - Processing file /home/airflow/.local/lib/python3.12/site-packages/airflow/example_dags/example_python_decorator.py for tasks to queue
[2026-08-04T08:35:58.976+0000] {logging_mixin.py:190} INFO - [2026-08-04T08:35:58.976+0000] {dagbag.py:588} INFO - Filling up the DagBag from /home/airflow/.local/lib/python3.12/site-packages/airflow/example_dags/example_python_decorator.py
[2026-08-04T08:35:58.991+0000] {processor.py:925} INFO - DAG(s) 'example_python_decorator' retrieved from /home/airflow/.local/lib/python3.12/site-packages/airflow/example_dags/example_python_decorator.py
[2026-08-04T08:35:59.020+0000] {logging_mixin.py:190} INFO - [2026-08-04T08:35:59.020+0000] {dag.py:3239} INFO - Sync 1 DAGs
[2026-08-04T08:35:59.043+0000] {logging_mixin.py:190} INFO - [2026-08-04T08:35:59.042+0000] {dag.py:4180} INFO - Setting next_dagrun for example_python_decorator to None, run_after=None
[2026-08-04T08:35:59.063+0000] {processor.py:208} INFO - Processing /home/airflow/.local/lib/python3.12/site-packages/airflow/example_dags/example_python_decorator.py took 0.097 seconds
[2026-08-04T08:36:30.748+0000] {processor.py:186} INFO - Started process (PID=2019) to work on /home/airflow/.local/lib/python3.12/site-packages/airflow/example_dags/example_python_decorator.py
[2026-08-04T08:36:30.750+0000] {processor.py:914} INFO - Processing file /home/airflow/.local/lib/python3.12/site-packages/airflow/example_dags/example_python_decorator.py for tasks to queue
[2026-08-04T08:36:30.754+0000] {logging_mixin.py:190} INFO - [2026-08-04T08:36:30.753+0000] {dagbag.py:588} INFO - Filling up the DagBag from /home/airflow/.local/lib/python3.12/site-packages/airflow/example_dags/example_python_decorator.py
[2026-08-04T08:36:30.779+0000] {processor.py:925} INFO - DAG(s) 'example_python_decorator' retrieved from /home/airflow/.local/lib/python3.12/site-packages/airflow/example_dags/example_python_decorator.py
[2026-08-04T08:36:30.805+0000] {logging_mixin.py:190} INFO - [2026-08-04T08:36:30.805+0000] {dag.py:3239} INFO - Sync 1 DAGs
[2026-08-04T08:36:30.826+0000] {logging_mixin.py:190} INFO - [2026-08-04T08:36:30.826+0000] {dag.py:4180} INFO - Setting next_dagrun for example_python_decorator to None, run_after=None
[2026-08-04T08:36:30.853+0000] {processor.py:208} INFO - Processing /home/airflow/.local/lib/python3.12/site-packages/airflow/example_dags/example_python_decorator.py took 0.113 seconds
[2026-08-04T08:37:01.828+0000] {processor.py:186} INFO - Started process (PID=2087) to work on /home/airflow/.local/lib/python3.12/site-packages/airflow/example_dags/example_python_decorator.py
[2026-08-04T08:37:01.830+0000] {processor.py:914} INFO - Processing file /home/airflow/.local/lib/python3.12/site-packages/airflow/example_dags/example_python_decorator.py for tasks to queue
[2026-08-04T08:37:01.833+0000] {logging_mixin.py:190} INFO - [2026-08-04T08:37:01.833+0000] {dagbag.py:588} INFO - Filling up the DagBag from /home/airflow/.local/lib/python3.12/site-packages/airflow/example_dags/example_python_decorator.py
[2026-08-04T08:37:01.855+0000] {processor.py:925} INFO - DAG(s) 'example_python_decorator' retrieved from /home/airflow/.local/lib/python3.12/site-packages/airflow/example_dags/example_python_decorator.py
[2026-08-04T08:37:01.886+0000] {logging_mixin.py:190} INFO - [2026-08-04T08:37:01.886+0000] {dag.py:3239} INFO - Sync 1 DAGs
[2026-08-04T08:37:01.903+0000] {logging_mixin.py:190} INFO - [2026-08-04T08:37:01.903+0000] {dag.py:4180} INFO - Setting next_dagrun for example_python_decorator to None, run_after=None
[2026-08-04T08:37:01.927+0000] {processor.py:208} INFO - Processing /home/airflow/.local/lib/python3.12/site-packages/airflow/example_dags/example_python_decorator.py took 0.105 seconds
[2026-08-04T08:37:33.638+0000] {processor.py:186} INFO - Started process (PID=2163) to work on /home/airflow/.local/lib/python3.12/site-packages/airflow/example_dags/example_python_decorator.py
[2026-08-04T08:37:33.639+0000] {processor.py:914} INFO - Processing file /home/airflow/.local/lib/python3.12/site-packages/airflow/example_dags/example_python_decorator.py for tasks to queue
[2026-08-04T08:37:33.644+0000] {logging_mixin.py:190} INFO - [2026-08-04T08:37:33.643+0000] {dagbag.py:588} INFO - Filling up the DagBag from /home/airflow/.local/lib/python3.12/site-packages/airflow/example_dags/example_python_decorator.py
[2026-08-04T08:37:33.661+0000] {processor.py:925} INFO - DAG(s) 'example_python_decorator' retrieved from /home/airflow/.local/lib/python3.12/site-packages/airflow/example_dags/example_python_decorator.py
[2026-08-04T08:37:33.686+0000] {logging_mixin.py:190} INFO - [2026-08-04T08:37:33.685+0000] {dag.py:3239} INFO - Sync 1 DAGs
[2026-08-04T08:37:33.703+0000] {logging_mixin.py:190} INFO - [2026-08-04T08:37:33.703+0000] {dag.py:4180} INFO - Setting next_dagrun for example_python_decorator to None, run_after=None
[2026-08-04T08:37:33.724+0000] {processor.py:208} INFO - Processing /home/airflow/.local/lib/python3.12/site-packages/airflow/example_dags/example_python_decorator.py took 0.095 seconds
[2026-08-04T08:38:04.278+0000] {processor.py:186} INFO - Started process (PID=2229) to work on /home/airflow/.local/lib/python3.12/site-packages/airflow/example_dags/example_python_decorator.py
[2026-08-04T08:38:04.279+0000] {processor.py:914} INFO - Processing file /home/airflow/.local/lib/python3.12/site-packages/airflow/example_dags/example_python_decorator.py for tasks to queue
[2026-08-04T08:38:04.283+0000] {logging_mixin.py:190} INFO - [2026-08-04T08:38:04.282+0000] {dagbag.py:588} INFO - Filling up the DagBag from /home/airflow/.local/lib/python3.12/site-packages/airflow/example_dags/example_python_decorator.py
[2026-08-04T08:38:04.299+0000] {processor.py:925} INFO - DAG(s) 'example_python_decorator' retrieved from /home/airflow/.local/lib/python3.12/site-packages/airflow/example_dags/example_python_decorator.py
[2026-08-04T08:38:04.321+0000] {logging_mixin.py:190} INFO - [2026-08-04T08:38:04.320+0000] {dag.py:3239} INFO - Sync 1 DAGs
[2026-08-04T08:38:04.337+0000] {logging_mixin.py:190} INFO - [2026-08-04T08:38:04.337+0000] {dag.py:4180} INFO - Setting next_dagrun for example_python_decorator to None, run_after=None
[2026-08-04T08:38:04.356+0000] {processor.py:208} INFO - Processing /home/airflow/.local/lib/python3.12/site-packages/airflow/example_dags/example_python_decorator.py took 0.085 seconds
[2026-08-04T08:38:35.118+0000] {processor.py:186} INFO - Started process (PID=2294) to work on /home/airflow/.local/lib/python3.12/site-packages/airflow/example_dags/example_python_decorator.py
[2026-08-04T08:38:35.119+0000] {processor.py:914} INFO - Processing file /home/airflow/.local/lib/python3.12/site-packages/airflow/example_dags/example_python_decorator.py for tasks to queue
[2026-08-04T08:38:35.123+0000] {logging_mixin.py:190} INFO - [2026-08-04T08:38:35.122+0000] {dagbag.py:588} INFO - Filling up the DagBag from /home/airflow/.local/lib/python3.12/site-packages/airflow/example_dags/example_python_decorator.py
[2026-08-04T08:38:35.142+0000] {processor.py:925} INFO - DAG(s) 'example_python_decorator' retrieved from /home/airflow/.local/lib/python3.12/site-packages/airflow/example_dags/example_python_decorator.py
[2026-08-04T08:38:35.168+0000] {logging_mixin.py:190} INFO - [2026-08-04T08:38:35.167+0000] {dag.py:3239} INFO - Sync 1 DAGs
[2026-08-04T08:38:35.185+0000] {logging_mixin.py:190} INFO - [2026-08-04T08:38:35.185+0000] {dag.py:4180} INFO - Setting next_dagrun for example_python_decorator to None, run_after=None
[2026-08-04T08:38:35.217+0000] {processor.py:208} INFO - Processing /home/airflow/.local/lib/python3.12/site-packages/airflow/example_dags/example_python_decorator.py took 0.107 seconds
[2026-08-04T08:39:06.364+0000] {processor.py:186} INFO - Started process (PID=2359) to work on /home/airflow/.local/lib/python3.12/site-packages/airflow/example_dags/example_python_decorator.py
[2026-08-04T08:39:06.366+0000] {processor.py:914} INFO - Processing file /home/airflow/.local/lib/python3.12/site-packages/airflow/example_dags/example_python_decorator.py for tasks to queue
[2026-08-04T08:39:06.368+0000] {logging_mixin.py:190} INFO - [2026-08-04T08:39:06.368+0000] {dagbag.py:588} INFO - Filling up the DagBag from /home/airflow/.local/lib/python3.12/site-packages/airflow/example_dags/example_python_decorator.py
[2026-08-04T08:39:06.384+0000] {processor.py:925} INFO - DAG(s) 'example_python_decorator' retrieved from /home/airflow/.local/lib/python3.12/site-packages/airflow/example_dags/example_python_decorator.py
[2026-08-04T08:39:06.408+0000] {logging_mixin.py:190} INFO - [2026-08-04T08:39:06.408+0000] {dag.py:3239} INFO - Sync 1 DAGs
[2026-08-04T08:39:06.424+0000] {logging_mixin.py:190} INFO - [2026-08-04T08:39:06.424+0000] {dag.py:4180} INFO - Setting next_dagrun for example_python_decorator to None, run_after=None
[2026-08-04T08:39:06.444+0000] {processor.py:208} INFO - Processing /home/airflow/.local/lib/python3.12/site-packages/airflow/example_dags/example_python_decorator.py took 0.086 seconds
[2026-08-04T08:39:37.540+0000] {processor.py:186} INFO - Started process (PID=2424) to work on /home/airflow/.local/lib/python3.12/site-packages/airflow/example_dags/example_python_decorator.py
[2026-08-04T08:39:37.541+0000] {processor.py:914} INFO - Processing file /home/airflow/.local/lib/python3.12/site-packages/airflow/example_dags/example_python_decorator.py for tasks to queue
[2026-08-04T08:39:37.543+0000] {logging_mixin.py:190} INFO - [2026-08-04T08:39:37.543+0000] {dagbag.py:588} INFO - Filling up the DagBag from /home/airflow/.local/lib/python3.12/site-packages/airflow/example_dags/example_python_decorator.py
[2026-08-04T08:39:37.559+0000] {processor.py:925} INFO - DAG(s) 'example_python_decorator' retrieved from /home/airflow/.local/lib/python3.12/site-packages/airflow/example_dags/example_python_decorator.py
[2026-08-04T08:39:37.584+0000] {logging_mixin.py:190} INFO - [2026-08-04T08:39:37.584+0000] {dag.py:3239} INFO - Sync 1 DAGs
[2026-08-04T08:39:37.601+0000] {logging_mixin.py:190} INFO - [2026-08-04T08:39:37.600+0000] {dag.py:4180} INFO - Setting next_dagrun for example_python_decorator to None, run_after=None
[2026-08-04T08:39:37.626+0000] {processor.py:208} INFO - Processing /home/airflow/.local/lib/python3.12/site-packages/airflow/example_dags/example_python_decorator.py took 0.092 seconds
[2026-08-04T08:40:08.406+0000] {processor.py:186} INFO - Started process (PID=2489) to work on /home/airflow/.local/lib/python3.12/site-packages/airflow/example_dags/example_python_decorator.py
[2026-08-04T08:40:08.407+0000] {processor.py:914} INFO - Processing file /home/airflow/.local/lib/python3.12/site-packages/airflow/example_dags/example_python_decorator.py for tasks to queue
[2026-08-04T08:40:08.411+0000] {logging_mixin.py:190} INFO - [2026-08-04T08:40:08.410+0000] {dagbag.py:588} INFO - Filling up the DagBag from /home/airflow/.local/lib/python3.12/site-packages/airflow/example_dags/example_python_decorator.py
[2026-08-04T08:40:08.428+0000] {processor.py:925} INFO - DAG(s) 'example_python_decorator' retrieved from /home/airflow/.local/lib/python3.12/site-packages/airflow/example_dags/example_python_decorator.py
[2026-08-04T08:40:08.451+0000] {logging_mixin.py:190} INFO - [2026-08-04T08:40:08.450+0000] {dag.py:3239} INFO - Sync 1 DAGs
[2026-08-04T08:40:08.466+0000] {logging_mixin.py:190} INFO - [2026-08-04T08:40:08.466+0000] {dag.py:4180} INFO - Setting next_dagrun for example_python_decorator to None, run_after=None
[2026-08-04T08:40:08.486+0000] {processor.py:208} INFO - Processing /home/airflow/.local/lib/python3.12/site-packages/airflow/example_dags/example_python_decorator.py took 0.088 seconds
[2026-08-04T08:40:39.364+0000] {processor.py:186} INFO - Started process (PID=2554) to work on /home/airflow/.local/lib/python3.12/site-packages/airflow/example_dags/example_python_decorator.py
[2026-08-04T08:40:39.366+0000] {processor.py:914} INFO - Processing file /home/airflow/.local/lib/python3.12/site-packages/airflow/example_dags/example_python_decorator.py for tasks to queue
[2026-08-04T08:40:39.368+0000] {logging_mixin.py:190} INFO - [2026-08-04T08:40:39.368+0000] {dagbag.py:588} INFO - Filling up the DagBag from /home/airflow/.local/lib/python3.12/site-packages/airflow/example_dags/example_python_decorator.py
[2026-08-04T08:40:39.384+0000] {processor.py:925} INFO - DAG(s) 'example_python_decorator' retrieved from /home/airflow/.local/lib/python3.12/site-packages/airflow/example_dags/example_python_decorator.py
[2026-08-04T08:40:39.407+0000] {logging_mixin.py:190} INFO - [2026-08-04T08:40:39.407+0000] {dag.py:3239} INFO - Sync 1 DAGs
[2026-08-04T08:40:39.423+0000] {logging_mixin.py:190} INFO - [2026-08-04T08:40:39.423+0000] {dag.py:4180} INFO - Setting next_dagrun for example_python_decorator to None, run_after=None
[2026-08-04T08:40:39.445+0000] {processor.py:208} INFO - Processing /home/airflow/.local/lib/python3.12/site-packages/airflow/example_dags/example_python_decorator.py took 0.087 seconds
[2026-08-04T08:41:10.150+0000] {processor.py:186} INFO - Started process (PID=2618) to work on /home/airflow/.local/lib/python3.12/site-packages/airflow/example_dags/example_python_decorator.py
[2026-08-04T08:41:10.152+0000] {processor.py:914} INFO - Processing file /home/airflow/.local/lib/python3.12/site-packages/airflow/example_dags/example_python_decorator.py for tasks to queue
[2026-08-04T08:41:10.155+0000] {logging_mixin.py:190} INFO - [2026-08-04T08:41:10.154+0000] {dagbag.py:588} INFO - Filling up the DagBag from /home/airflow/.local/lib/python3.12/site-packages/airflow/example_dags/example_python_decorator.py
[2026-08-04T08:41:10.171+0000] {processor.py:925} INFO - DAG(s) 'example_python_decorator' retrieved from /home/airflow/.local/lib/python3.12/site-packages/airflow/example_dags/example_python_decorator.py
[2026-08-04T08:41:10.197+0000] {logging_mixin.py:190} INFO - [2026-08-04T08:41:10.197+0000] {dag.py:3239} INFO - Sync 1 DAGs
[2026-08-04T08:41:10.217+0000] {logging_mixin.py:190} INFO - [2026-08-04T08:41:10.217+0000] {dag.py:4180} INFO - Setting next_dagrun for example_python_decorator to None, run_after=None
[2026-08-04T08:41:10.240+0000] {processor.py:208} INFO - Processing /home/airflow/.local/lib/python3.12/site-packages/airflow/example_dags/example_python_decorator.py took 0.098 seconds
[2026-08-04T08:41:42.422+0000] {processor.py:186} INFO - Started process (PID=2684) to work on /home/airflow/.local/lib/python3.12/site-packages/airflow/example_dags/example_python_decorator.py
[2026-08-04T08:41:42.424+0000] {processor.py:914} INFO - Processing file /home/airflow/.local/lib/python3.12/site-packages/airflow/example_dags/example_python_decorator.py for tasks to queue
[2026-08-04T08:41:42.427+0000] {logging_mixin.py:190} INFO - [2026-08-04T08:41:42.427+0000] {dagbag.py:588} INFO - Filling up the DagBag from /home/airflow/.local/lib/python3.12/site-packages/airflow/example_dags/example_python_decorator.py
[2026-08-04T08:41:42.444+0000] {processor.py:925} INFO - DAG(s) 'example_python_decorator' retrieved from /home/airflow/.local/lib/python3.12/site-packages/airflow/example_dags/example_python_decorator.py
[2026-08-04T08:41:42.468+0000] {logging_mixin.py:190} INFO - [2026-08-04T08:41:42.467+0000] {dag.py:3239} INFO - Sync 1 DAGs
[2026-08-04T08:41:42.485+0000] {logging_mixin.py:190} INFO - [2026-08-04T08:41:42.485+0000] {dag.py:4180} INFO - Setting next_dagrun for example_python_decorator to None, run_after=None
[2026-08-04T08:41:42.504+0000] {processor.py:208} INFO - Processing /home/airflow/.local/lib/python3.12/site-packages/airflow/example_dags/example_python_decorator.py took 0.088 seconds
