[2026-08-04T07:47:13.735+0000] {processor.py:186} INFO - Started process (PID=100) to work on /home/airflow/.local/lib/python3.12/site-packages/airflow/example_dags/tutorial_taskflow_templates.py
[2026-08-04T07:47:13.737+0000] {processor.py:914} INFO - Processing file /home/airflow/.local/lib/python3.12/site-packages/airflow/example_dags/tutorial_taskflow_templates.py for tasks to queue
[2026-08-04T07:47:13.741+0000] {logging_mixin.py:190} INFO - [2026-08-04T07:47:13.741+0000] {dagbag.py:588} INFO - Filling up the DagBag from /home/airflow/.local/lib/python3.12/site-packages/airflow/example_dags/tutorial_taskflow_templates.py
[2026-08-04T07:47:13.766+0000] {processor.py:925} INFO - DAG(s) 'tutorial_taskflow_templates' retrieved from /home/airflow/.local/lib/python3.12/site-packages/airflow/example_dags/tutorial_taskflow_templates.py
[2026-08-04T07:47:13.803+0000] {logging_mixin.py:190} INFO - [2026-08-04T07:47:13.803+0000] {dag.py:3239} INFO - Sync 1 DAGs
[2026-08-04T07:47:13.843+0000] {logging_mixin.py:190} INFO - [2026-08-04T07:47:13.843+0000] {dag.py:4180} INFO - Setting next_dagrun for tutorial_taskflow_templates to 2026-08-03 00:00:00+00:00, run_after=2026-08-04 00:00:00+00:00
[2026-08-04T07:47:13.884+0000] {processor.py:208} INFO - Processing /home/airflow/.local/lib/python3.12/site-packages/airflow/example_dags/tutorial_taskflow_templates.py took 0.172 seconds
[2026-08-04T08:21:19.700+0000] {processor.py:186} INFO - Started process (PID=100) to work on /home/airflow/.local/lib/python3.12/site-packages/airflow/example_dags/tutorial_taskflow_templates.py
[2026-08-04T08:21:19.702+0000] {processor.py:914} INFO - Processing file /home/airflow/.local/lib/python3.12/site-packages/airflow/example_dags/tutorial_taskflow_templates.py for tasks to queue
[2026-08-04T08:21:19.707+0000] {logging_mixin.py:190} INFO - [2026-08-04T08:21:19.706+0000] {dagbag.py:588} INFO - Filling up the DagBag from /home/airflow/.local/lib/python3.12/site-packages/airflow/example_dags/tutorial_taskflow_templates.py
[2026-08-04T08:21:19.730+0000] {processor.py:925} INFO - DAG(s) 'tutorial_taskflow_templates' retrieved from /home/airflow/.local/lib/python3.12/site-packages/airflow/example_dags/tutorial_taskflow_templates.py
[2026-08-04T08:21:19.761+0000] {logging_mixin.py:190} INFO - [2026-08-04T08:21:19.761+0000] {dag.py:3239} INFO - Sync 1 DAGs
[2026-08-04T08:21:19.800+0000] {logging_mixin.py:190} INFO - [2026-08-04T08:21:19.799+0000] {dag.py:4180} INFO - Setting next_dagrun for tutorial_taskflow_templates to 2026-08-03 00:00:00+00:00, run_after=2026-08-04 00:00:00+00:00
[2026-08-04T08:21:19.827+0000] {processor.py:208} INFO - Processing /home/airflow/.local/lib/python3.12/site-packages/airflow/example_dags/tutorial_taskflow_templates.py took 0.135 seconds
[2026-08-04T08:21:51.088+0000] {processor.py:186} INFO - Started process (PID=165) to work on /home/airflow/.local/lib/python3.12/site-packages/airflow/example_dags/tutorial_taskflow_templates.py
[2026-08-04T08:21:51.089+0000] {processor.py:914} INFO - Processing file /home/airflow/.local/lib/python3.12/site-packages/airflow/example_dags/tutorial_taskflow_templates.py for tasks to queue
[2026-08-04T08:21:51.093+0000] {logging_mixin.py:190} INFO - [2026-08-04T08:21:51.092+0000] {dagbag.py:588} INFO - Filling up the DagBag from /home/airflow/.local/lib/python3.12/site-packages/airflow/example_dags/tutorial_taskflow_templates.py
[2026-08-04T08:21:51.112+0000] {processor.py:925} INFO - DAG(s) 'tutorial_taskflow_templates' retrieved from /home/airflow/.local/lib/python3.12/site-packages/airflow/example_dags/tutorial_taskflow_templates.py
[2026-08-04T08:21:51.134+0000] {logging_mixin.py:190} INFO - [2026-08-04T08:21:51.134+0000] {dag.py:3239} INFO - Sync 1 DAGs
[2026-08-04T08:21:51.162+0000] {logging_mixin.py:190} INFO - [2026-08-04T08:21:51.161+0000] {dag.py:4180} INFO - Setting next_dagrun for tutorial_taskflow_templates to 2026-08-03 00:00:00+00:00, run_after=2026-08-04 00:00:00+00:00
[2026-08-04T08:21:51.195+0000] {processor.py:208} INFO - Processing /home/airflow/.local/lib/python3.12/site-packages/airflow/example_dags/tutorial_taskflow_templates.py took 0.113 seconds
[2026-08-04T08:22:22.270+0000] {processor.py:186} INFO - Started process (PID=230) to work on /home/airflow/.local/lib/python3.12/site-packages/airflow/example_dags/tutorial_taskflow_templates.py
[2026-08-04T08:22:22.271+0000] {processor.py:914} INFO - Processing file /home/airflow/.local/lib/python3.12/site-packages/airflow/example_dags/tutorial_taskflow_templates.py for tasks to queue
[2026-08-04T08:22:22.274+0000] {logging_mixin.py:190} INFO - [2026-08-04T08:22:22.274+0000] {dagbag.py:588} INFO - Filling up the DagBag from /home/airflow/.local/lib/python3.12/site-packages/airflow/example_dags/tutorial_taskflow_templates.py
[2026-08-04T08:22:22.288+0000] {processor.py:925} INFO - DAG(s) 'tutorial_taskflow_templates' retrieved from /home/airflow/.local/lib/python3.12/site-packages/airflow/example_dags/tutorial_taskflow_templates.py
[2026-08-04T08:22:22.311+0000] {logging_mixin.py:190} INFO - [2026-08-04T08:22:22.311+0000] {dag.py:3239} INFO - Sync 1 DAGs
[2026-08-04T08:22:22.349+0000] {logging_mixin.py:190} INFO - [2026-08-04T08:22:22.349+0000] {dag.py:4180} INFO - Setting next_dagrun for tutorial_taskflow_templates to 2026-08-03 00:00:00+00:00, run_after=2026-08-04 00:00:00+00:00
[2026-08-04T08:22:22.373+0000] {processor.py:208} INFO - Processing /home/airflow/.local/lib/python3.12/site-packages/airflow/example_dags/tutorial_taskflow_templates.py took 0.110 seconds
[2026-08-04T08:22:53.301+0000] {processor.py:186} INFO - Started process (PID=295) to work on /home/airflow/.local/lib/python3.12/site-packages/airflow/example_dags/tutorial_taskflow_templates.py
[2026-08-04T08:22:53.302+0000] {processor.py:914} INFO - Processing file /home/airflow/.local/lib/python3.12/site-packages/airflow/example_dags/tutorial_taskflow_templates.py for tasks to queue
[2026-08-04T08:22:53.306+0000] {logging_mixin.py:190} INFO - [2026-08-04T08:22:53.305+0000] {dagbag.py:588} INFO - Filling up the DagBag from /home/airflow/.local/lib/python3.12/site-packages/airflow/example_dags/tutorial_taskflow_templates.py
[2026-08-04T08:22:53.323+0000] {processor.py:925} INFO - DAG(s) 'tutorial_taskflow_templates' retrieved from /home/airflow/.local/lib/python3.12/site-packages/airflow/example_dags/tutorial_taskflow_templates.py
[2026-08-04T08:22:53.345+0000] {logging_mixin.py:190} INFO - [2026-08-04T08:22:53.344+0000] {dag.py:3239} INFO - Sync 1 DAGs
[2026-08-04T08:22:53.371+0000] {logging_mixin.py:190} INFO - [2026-08-04T08:22:53.371+0000] {dag.py:4180} INFO - Setting next_dagrun for tutorial_taskflow_templates to 2026-08-03 00:00:00+00:00, run_after=2026-08-04 00:00:00+00:00
[2026-08-04T08:22:53.393+0000] {processor.py:208} INFO - Processing /home/airflow/.local/lib/python3.12/site-packages/airflow/example_dags/tutorial_taskflow_templates.py took 0.100 seconds
[2026-08-04T08:23:25.073+0000] {processor.py:186} INFO - Started process (PID=360) to work on /home/airflow/.local/lib/python3.12/site-packages/airflow/example_dags/tutorial_taskflow_templates.py
[2026-08-04T08:23:25.074+0000] {processor.py:914} INFO - Processing file /home/airflow/.local/lib/python3.12/site-packages/airflow/example_dags/tutorial_taskflow_templates.py for tasks to queue
[2026-08-04T08:23:25.076+0000] {logging_mixin.py:190} INFO - [2026-08-04T08:23:25.076+0000] {dagbag.py:588} INFO - Filling up the DagBag from /home/airflow/.local/lib/python3.12/site-packages/airflow/example_dags/tutorial_taskflow_templates.py
[2026-08-04T08:23:25.089+0000] {processor.py:925} INFO - DAG(s) 'tutorial_taskflow_templates' retrieved from /home/airflow/.local/lib/python3.12/site-packages/airflow/example_dags/tutorial_taskflow_templates.py
[2026-08-04T08:23:25.110+0000] {logging_mixin.py:190} INFO - [2026-08-04T08:23:25.109+0000] {dag.py:3239} INFO - Sync 1 DAGs
[2026-08-04T08:23:25.136+0000] {logging_mixin.py:190} INFO - [2026-08-04T08:23:25.135+0000] {dag.py:4180} INFO - Setting next_dagrun for tutorial_taskflow_templates to 2026-08-03 00:00:00+00:00, run_after=2026-08-04 00:00:00+00:00
[2026-08-04T08:23:25.157+0000] {processor.py:208} INFO - Processing /home/airflow/.local/lib/python3.12/site-packages/airflow/example_dags/tutorial_taskflow_templates.py took 0.090 seconds
[2026-08-04T08:23:56.456+0000] {processor.py:186} INFO - Started process (PID=425) to work on /home/airflow/.local/lib/python3.12/site-packages/airflow/example_dags/tutorial_taskflow_templates.py
[2026-08-04T08:23:56.457+0000] {processor.py:914} INFO - Processing file /home/airflow/.local/lib/python3.12/site-packages/airflow/example_dags/tutorial_taskflow_templates.py for tasks to queue
[2026-08-04T08:23:56.460+0000] {logging_mixin.py:190} INFO - [2026-08-04T08:23:56.460+0000] {dagbag.py:588} INFO - Filling up the DagBag from /home/airflow/.local/lib/python3.12/site-packages/airflow/example_dags/tutorial_taskflow_templates.py
[2026-08-04T08:23:56.483+0000] {processor.py:925} INFO - DAG(s) 'tutorial_taskflow_templates' retrieved from /home/airflow/.local/lib/python3.12/site-packages/airflow/example_dags/tutorial_taskflow_templates.py
[2026-08-04T08:23:56.510+0000] {logging_mixin.py:190} INFO - [2026-08-04T08:23:56.509+0000] {dag.py:3239} INFO - Sync 1 DAGs
[2026-08-04T08:23:56.541+0000] {logging_mixin.py:190} INFO - [2026-08-04T08:23:56.541+0000] {dag.py:4180} INFO - Setting next_dagrun for tutorial_taskflow_templates to 2026-08-03 00:00:00+00:00, run_after=2026-08-04 00:00:00+00:00
[2026-08-04T08:23:56.564+0000] {processor.py:208} INFO - Processing /home/airflow/.local/lib/python3.12/site-packages/airflow/example_dags/tutorial_taskflow_templates.py took 0.114 seconds
[2026-08-04T08:24:27.764+0000] {processor.py:186} INFO - Started process (PID=490) to work on /home/airflow/.local/lib/python3.12/site-packages/airflow/example_dags/tutorial_taskflow_templates.py
[2026-08-04T08:24:27.765+0000] {processor.py:914} INFO - Processing file /home/airflow/.local/lib/python3.12/site-packages/airflow/example_dags/tutorial_taskflow_templates.py for tasks to queue
[2026-08-04T08:24:27.767+0000] {logging_mixin.py:190} INFO - [2026-08-04T08:24:27.767+0000] {dagbag.py:588} INFO - Filling up the DagBag from /home/airflow/.local/lib/python3.12/site-packages/airflow/example_dags/tutorial_taskflow_templates.py
[2026-08-04T08:24:27.782+0000] {processor.py:925} INFO - DAG(s) 'tutorial_taskflow_templates' retrieved from /home/airflow/.local/lib/python3.12/site-packages/airflow/example_dags/tutorial_taskflow_templates.py
[2026-08-04T08:24:27.803+0000] {logging_mixin.py:190} INFO - [2026-08-04T08:24:27.802+0000] {dag.py:3239} INFO - Sync 1 DAGs
[2026-08-04T08:24:27.831+0000] {logging_mixin.py:190} INFO - [2026-08-04T08:24:27.831+0000] {dag.py:4180} INFO - Setting next_dagrun for tutorial_taskflow_templates to 2026-08-03 00:00:00+00:00, run_after=2026-08-04 00:00:00+00:00
[2026-08-04T08:24:27.851+0000] {processor.py:208} INFO - Processing /home/airflow/.local/lib/python3.12/site-packages/airflow/example_dags/tutorial_taskflow_templates.py took 0.093 seconds
[2026-08-04T08:24:59.372+0000] {processor.py:186} INFO - Started process (PID=555) to work on /home/airflow/.local/lib/python3.12/site-packages/airflow/example_dags/tutorial_taskflow_templates.py
[2026-08-04T08:24:59.373+0000] {processor.py:914} INFO - Processing file /home/airflow/.local/lib/python3.12/site-packages/airflow/example_dags/tutorial_taskflow_templates.py for tasks to queue
[2026-08-04T08:24:59.377+0000] {logging_mixin.py:190} INFO - [2026-08-04T08:24:59.376+0000] {dagbag.py:588} INFO - Filling up the DagBag from /home/airflow/.local/lib/python3.12/site-packages/airflow/example_dags/tutorial_taskflow_templates.py
[2026-08-04T08:24:59.393+0000] {processor.py:925} INFO - DAG(s) 'tutorial_taskflow_templates' retrieved from /home/airflow/.local/lib/python3.12/site-packages/airflow/example_dags/tutorial_taskflow_templates.py
[2026-08-04T08:24:59.414+0000] {logging_mixin.py:190} INFO - [2026-08-04T08:24:59.414+0000] {dag.py:3239} INFO - Sync 1 DAGs
[2026-08-04T08:24:59.443+0000] {logging_mixin.py:190} INFO - [2026-08-04T08:24:59.442+0000] {dag.py:4180} INFO - Setting next_dagrun for tutorial_taskflow_templates to 2026-08-03 00:00:00+00:00, run_after=2026-08-04 00:00:00+00:00
[2026-08-04T08:24:59.466+0000] {processor.py:208} INFO - Processing /home/airflow/.local/lib/python3.12/site-packages/airflow/example_dags/tutorial_taskflow_templates.py took 0.104 seconds
[2026-08-04T08:25:30.575+0000] {processor.py:186} INFO - Started process (PID=621) to work on /home/airflow/.local/lib/python3.12/site-packages/airflow/example_dags/tutorial_taskflow_templates.py
[2026-08-04T08:25:30.576+0000] {processor.py:914} INFO - Processing file /home/airflow/.local/lib/python3.12/site-packages/airflow/example_dags/tutorial_taskflow_templates.py for tasks to queue
[2026-08-04T08:25:30.580+0000] {logging_mixin.py:190} INFO - [2026-08-04T08:25:30.580+0000] {dagbag.py:588} INFO - Filling up the DagBag from /home/airflow/.local/lib/python3.12/site-packages/airflow/example_dags/tutorial_taskflow_templates.py
[2026-08-04T08:25:30.599+0000] {processor.py:925} INFO - DAG(s) 'tutorial_taskflow_templates' retrieved from /home/airflow/.local/lib/python3.12/site-packages/airflow/example_dags/tutorial_taskflow_templates.py
[2026-08-04T08:25:30.628+0000] {logging_mixin.py:190} INFO - [2026-08-04T08:25:30.628+0000] {dag.py:3239} INFO - Sync 1 DAGs
[2026-08-04T08:25:30.659+0000] {logging_mixin.py:190} INFO - [2026-08-04T08:25:30.658+0000] {dag.py:4180} INFO - Setting next_dagrun for tutorial_taskflow_templates to 2026-08-03 00:00:00+00:00, run_after=2026-08-04 00:00:00+00:00
[2026-08-04T08:25:30.679+0000] {processor.py:208} INFO - Processing /home/airflow/.local/lib/python3.12/site-packages/airflow/example_dags/tutorial_taskflow_templates.py took 0.112 seconds
[2026-08-04T08:26:01.789+0000] {processor.py:186} INFO - Started process (PID=686) to work on /home/airflow/.local/lib/python3.12/site-packages/airflow/example_dags/tutorial_taskflow_templates.py
[2026-08-04T08:26:01.790+0000] {processor.py:914} INFO - Processing file /home/airflow/.local/lib/python3.12/site-packages/airflow/example_dags/tutorial_taskflow_templates.py for tasks to queue
[2026-08-04T08:26:01.793+0000] {logging_mixin.py:190} INFO - [2026-08-04T08:26:01.793+0000] {dagbag.py:588} INFO - Filling up the DagBag from /home/airflow/.local/lib/python3.12/site-packages/airflow/example_dags/tutorial_taskflow_templates.py
[2026-08-04T08:26:01.807+0000] {processor.py:925} INFO - DAG(s) 'tutorial_taskflow_templates' retrieved from /home/airflow/.local/lib/python3.12/site-packages/airflow/example_dags/tutorial_taskflow_templates.py
[2026-08-04T08:26:01.829+0000] {logging_mixin.py:190} INFO - [2026-08-04T08:26:01.829+0000] {dag.py:3239} INFO - Sync 1 DAGs
[2026-08-04T08:26:01.855+0000] {logging_mixin.py:190} INFO - [2026-08-04T08:26:01.855+0000] {dag.py:4180} INFO - Setting next_dagrun for tutorial_taskflow_templates to 2026-08-03 00:00:00+00:00, run_after=2026-08-04 00:00:00+00:00
[2026-08-04T08:26:01.879+0000] {processor.py:208} INFO - Processing /home/airflow/.local/lib/python3.12/site-packages/airflow/example_dags/tutorial_taskflow_templates.py took 0.096 seconds
[2026-08-04T08:26:32.856+0000] {processor.py:186} INFO - Started process (PID=752) to work on /home/airflow/.local/lib/python3.12/site-packages/airflow/example_dags/tutorial_taskflow_templates.py
[2026-08-04T08:26:32.857+0000] {processor.py:914} INFO - Processing file /home/airflow/.local/lib/python3.12/site-packages/airflow/example_dags/tutorial_taskflow_templates.py for tasks to queue
[2026-08-04T08:26:32.861+0000] {logging_mixin.py:190} INFO - [2026-08-04T08:26:32.860+0000] {dagbag.py:588} INFO - Filling up the DagBag from /home/airflow/.local/lib/python3.12/site-packages/airflow/example_dags/tutorial_taskflow_templates.py
[2026-08-04T08:26:32.880+0000] {processor.py:925} INFO - DAG(s) 'tutorial_taskflow_templates' retrieved from /home/airflow/.local/lib/python3.12/site-packages/airflow/example_dags/tutorial_taskflow_templates.py
[2026-08-04T08:26:32.907+0000] {logging_mixin.py:190} INFO - [2026-08-04T08:26:32.907+0000] {dag.py:3239} INFO - Sync 1 DAGs
[2026-08-04T08:26:32.938+0000] {logging_mixin.py:190} INFO - [2026-08-04T08:26:32.937+0000] {dag.py:4180} INFO - Setting next_dagrun for tutorial_taskflow_templates to 2026-08-03 00:00:00+00:00, run_after=2026-08-04 00:00:00+00:00
[2026-08-04T08:26:32.961+0000] {processor.py:208} INFO - Processing /home/airflow/.local/lib/python3.12/site-packages/airflow/example_dags/tutorial_taskflow_templates.py took 0.113 seconds
[2026-08-04T08:27:04.328+0000] {processor.py:186} INFO - Started process (PID=817) to work on /home/airflow/.local/lib/python3.12/site-packages/airflow/example_dags/tutorial_taskflow_templates.py
[2026-08-04T08:27:04.329+0000] {processor.py:914} INFO - Processing file /home/airflow/.local/lib/python3.12/site-packages/airflow/example_dags/tutorial_taskflow_templates.py for tasks to queue
[2026-08-04T08:27:04.332+0000] {logging_mixin.py:190} INFO - [2026-08-04T08:27:04.331+0000] {dagbag.py:588} INFO - Filling up the DagBag from /home/airflow/.local/lib/python3.12/site-packages/airflow/example_dags/tutorial_taskflow_templates.py
[2026-08-04T08:27:04.345+0000] {processor.py:925} INFO - DAG(s) 'tutorial_taskflow_templates' retrieved from /home/airflow/.local/lib/python3.12/site-packages/airflow/example_dags/tutorial_taskflow_templates.py
[2026-08-04T08:27:04.366+0000] {logging_mixin.py:190} INFO - [2026-08-04T08:27:04.365+0000] {dag.py:3239} INFO - Sync 1 DAGs
[2026-08-04T08:27:04.393+0000] {logging_mixin.py:190} INFO - [2026-08-04T08:27:04.393+0000] {dag.py:4180} INFO - Setting next_dagrun for tutorial_taskflow_templates to 2026-08-03 00:00:00+00:00, run_after=2026-08-04 00:00:00+00:00
[2026-08-04T08:27:04.414+0000] {processor.py:208} INFO - Processing /home/airflow/.local/lib/python3.12/site-packages/airflow/example_dags/tutorial_taskflow_templates.py took 0.092 seconds
[2026-08-04T08:27:35.520+0000] {processor.py:186} INFO - Started process (PID=882) to work on /home/airflow/.local/lib/python3.12/site-packages/airflow/example_dags/tutorial_taskflow_templates.py
[2026-08-04T08:27:35.522+0000] {processor.py:914} INFO - Processing file /home/airflow/.local/lib/python3.12/site-packages/airflow/example_dags/tutorial_taskflow_templates.py for tasks to queue
[2026-08-04T08:27:35.527+0000] {logging_mixin.py:190} INFO - [2026-08-04T08:27:35.527+0000] {dagbag.py:588} INFO - Filling up the DagBag from /home/airflow/.local/lib/python3.12/site-packages/airflow/example_dags/tutorial_taskflow_templates.py
[2026-08-04T08:27:35.541+0000] {processor.py:925} INFO - DAG(s) 'tutorial_taskflow_templates' retrieved from /home/airflow/.local/lib/python3.12/site-packages/airflow/example_dags/tutorial_taskflow_templates.py
[2026-08-04T08:27:35.561+0000] {logging_mixin.py:190} INFO - [2026-08-04T08:27:35.561+0000] {dag.py:3239} INFO - Sync 1 DAGs
[2026-08-04T08:27:35.589+0000] {logging_mixin.py:190} INFO - [2026-08-04T08:27:35.589+0000] {dag.py:4180} INFO - Setting next_dagrun for tutorial_taskflow_templates to 2026-08-03 00:00:00+00:00, run_after=2026-08-04 00:00:00+00:00
[2026-08-04T08:27:35.611+0000] {processor.py:208} INFO - Processing /home/airflow/.local/lib/python3.12/site-packages/airflow/example_dags/tutorial_taskflow_templates.py took 0.099 seconds
[2026-08-04T08:28:06.632+0000] {processor.py:186} INFO - Started process (PID=947) to work on /home/airflow/.local/lib/python3.12/site-packages/airflow/example_dags/tutorial_taskflow_templates.py
[2026-08-04T08:28:06.633+0000] {processor.py:914} INFO - Processing file /home/airflow/.local/lib/python3.12/site-packages/airflow/example_dags/tutorial_taskflow_templates.py for tasks to queue
[2026-08-04T08:28:06.636+0000] {logging_mixin.py:190} INFO - [2026-08-04T08:28:06.635+0000] {dagbag.py:588} INFO - Filling up the DagBag from /home/airflow/.local/lib/python3.12/site-packages/airflow/example_dags/tutorial_taskflow_templates.py
[2026-08-04T08:28:06.650+0000] {processor.py:925} INFO - DAG(s) 'tutorial_taskflow_templates' retrieved from /home/airflow/.local/lib/python3.12/site-packages/airflow/example_dags/tutorial_taskflow_templates.py
[2026-08-04T08:28:06.673+0000] {logging_mixin.py:190} INFO - [2026-08-04T08:28:06.673+0000] {dag.py:3239} INFO - Sync 1 DAGs
[2026-08-04T08:28:06.702+0000] {logging_mixin.py:190} INFO - [2026-08-04T08:28:06.702+0000] {dag.py:4180} INFO - Setting next_dagrun for tutorial_taskflow_templates to 2026-08-03 00:00:00+00:00, run_after=2026-08-04 00:00:00+00:00
[2026-08-04T08:28:06.724+0000] {processor.py:208} INFO - Processing /home/airflow/.local/lib/python3.12/site-packages/airflow/example_dags/tutorial_taskflow_templates.py took 0.099 seconds
[2026-08-04T08:28:38.201+0000] {processor.py:186} INFO - Started process (PID=1012) to work on /home/airflow/.local/lib/python3.12/site-packages/airflow/example_dags/tutorial_taskflow_templates.py
[2026-08-04T08:28:38.202+0000] {processor.py:914} INFO - Processing file /home/airflow/.local/lib/python3.12/site-packages/airflow/example_dags/tutorial_taskflow_templates.py for tasks to queue
[2026-08-04T08:28:38.205+0000] {logging_mixin.py:190} INFO - [2026-08-04T08:28:38.204+0000] {dagbag.py:588} INFO - Filling up the DagBag from /home/airflow/.local/lib/python3.12/site-packages/airflow/example_dags/tutorial_taskflow_templates.py
[2026-08-04T08:28:38.219+0000] {processor.py:925} INFO - DAG(s) 'tutorial_taskflow_templates' retrieved from /home/airflow/.local/lib/python3.12/site-packages/airflow/example_dags/tutorial_taskflow_templates.py
[2026-08-04T08:28:38.242+0000] {logging_mixin.py:190} INFO - [2026-08-04T08:28:38.242+0000] {dag.py:3239} INFO - Sync 1 DAGs
[2026-08-04T08:28:38.273+0000] {logging_mixin.py:190} INFO - [2026-08-04T08:28:38.272+0000] {dag.py:4180} INFO - Setting next_dagrun for tutorial_taskflow_templates to 2026-08-03 00:00:00+00:00, run_after=2026-08-04 00:00:00+00:00
[2026-08-04T08:28:38.293+0000] {processor.py:208} INFO - Processing /home/airflow/.local/lib/python3.12/site-packages/airflow/example_dags/tutorial_taskflow_templates.py took 0.098 seconds
[2026-08-04T08:29:09.755+0000] {processor.py:186} INFO - Started process (PID=1077) to work on /home/airflow/.local/lib/python3.12/site-packages/airflow/example_dags/tutorial_taskflow_templates.py
[2026-08-04T08:29:09.756+0000] {processor.py:914} INFO - Processing file /home/airflow/.local/lib/python3.12/site-packages/airflow/example_dags/tutorial_taskflow_templates.py for tasks to queue
[2026-08-04T08:29:09.759+0000] {logging_mixin.py:190} INFO - [2026-08-04T08:29:09.759+0000] {dagbag.py:588} INFO - Filling up the DagBag from /home/airflow/.local/lib/python3.12/site-packages/airflow/example_dags/tutorial_taskflow_templates.py
[2026-08-04T08:29:09.772+0000] {processor.py:925} INFO - DAG(s) 'tutorial_taskflow_templates' retrieved from /home/airflow/.local/lib/python3.12/site-packages/airflow/example_dags/tutorial_taskflow_templates.py
[2026-08-04T08:29:09.791+0000] {logging_mixin.py:190} INFO - [2026-08-04T08:29:09.791+0000] {dag.py:3239} INFO - Sync 1 DAGs
[2026-08-04T08:29:09.814+0000] {logging_mixin.py:190} INFO - [2026-08-04T08:29:09.814+0000] {dag.py:4180} INFO - Setting next_dagrun for tutorial_taskflow_templates to 2026-08-03 00:00:00+00:00, run_after=2026-08-04 00:00:00+00:00
[2026-08-04T08:29:09.832+0000] {processor.py:208} INFO - Processing /home/airflow/.local/lib/python3.12/site-packages/airflow/example_dags/tutorial_taskflow_templates.py took 0.082 seconds
[2026-08-04T08:29:41.114+0000] {processor.py:186} INFO - Started process (PID=1142) to work on /home/airflow/.local/lib/python3.12/site-packages/airflow/example_dags/tutorial_taskflow_templates.py
[2026-08-04T08:29:41.116+0000] {processor.py:914} INFO - Processing file /home/airflow/.local/lib/python3.12/site-packages/airflow/example_dags/tutorial_taskflow_templates.py for tasks to queue
[2026-08-04T08:29:41.118+0000] {logging_mixin.py:190} INFO - [2026-08-04T08:29:41.118+0000] {dagbag.py:588} INFO - Filling up the DagBag from /home/airflow/.local/lib/python3.12/site-packages/airflow/example_dags/tutorial_taskflow_templates.py
[2026-08-04T08:29:41.131+0000] {processor.py:925} INFO - DAG(s) 'tutorial_taskflow_templates' retrieved from /home/airflow/.local/lib/python3.12/site-packages/airflow/example_dags/tutorial_taskflow_templates.py
[2026-08-04T08:29:41.151+0000] {logging_mixin.py:190} INFO - [2026-08-04T08:29:41.151+0000] {dag.py:3239} INFO - Sync 1 DAGs
[2026-08-04T08:29:41.175+0000] {logging_mixin.py:190} INFO - [2026-08-04T08:29:41.175+0000] {dag.py:4180} INFO - Setting next_dagrun for tutorial_taskflow_templates to 2026-08-03 00:00:00+00:00, run_after=2026-08-04 00:00:00+00:00
[2026-08-04T08:29:41.194+0000] {processor.py:208} INFO - Processing /home/airflow/.local/lib/python3.12/site-packages/airflow/example_dags/tutorial_taskflow_templates.py took 0.085 seconds
[2026-08-04T08:30:12.423+0000] {processor.py:186} INFO - Started process (PID=1208) to work on /home/airflow/.local/lib/python3.12/site-packages/airflow/example_dags/tutorial_taskflow_templates.py
[2026-08-04T08:30:12.424+0000] {processor.py:914} INFO - Processing file /home/airflow/.local/lib/python3.12/site-packages/airflow/example_dags/tutorial_taskflow_templates.py for tasks to queue
[2026-08-04T08:30:12.427+0000] {logging_mixin.py:190} INFO - [2026-08-04T08:30:12.427+0000] {dagbag.py:588} INFO - Filling up the DagBag from /home/airflow/.local/lib/python3.12/site-packages/airflow/example_dags/tutorial_taskflow_templates.py
[2026-08-04T08:30:12.441+0000] {processor.py:925} INFO - DAG(s) 'tutorial_taskflow_templates' retrieved from /home/airflow/.local/lib/python3.12/site-packages/airflow/example_dags/tutorial_taskflow_templates.py
[2026-08-04T08:30:12.462+0000] {logging_mixin.py:190} INFO - [2026-08-04T08:30:12.462+0000] {dag.py:3239} INFO - Sync 1 DAGs
[2026-08-04T08:30:12.488+0000] {logging_mixin.py:190} INFO - [2026-08-04T08:30:12.488+0000] {dag.py:4180} INFO - Setting next_dagrun for tutorial_taskflow_templates to 2026-08-03 00:00:00+00:00, run_after=2026-08-04 00:00:00+00:00
[2026-08-04T08:30:12.509+0000] {processor.py:208} INFO - Processing /home/airflow/.local/lib/python3.12/site-packages/airflow/example_dags/tutorial_taskflow_templates.py took 0.092 seconds
[2026-08-04T08:30:42.964+0000] {processor.py:186} INFO - Started process (PID=1273) to work on /home/airflow/.local/lib/python3.12/site-packages/airflow/example_dags/tutorial_taskflow_templates.py
[2026-08-04T08:30:42.966+0000] {processor.py:914} INFO - Processing file /home/airflow/.local/lib/python3.12/site-packages/airflow/example_dags/tutorial_taskflow_templates.py for tasks to queue
[2026-08-04T08:30:42.969+0000] {logging_mixin.py:190} INFO - [2026-08-04T08:30:42.968+0000] {dagbag.py:588} INFO - Filling up the DagBag from /home/airflow/.local/lib/python3.12/site-packages/airflow/example_dags/tutorial_taskflow_templates.py
[2026-08-04T08:30:42.982+0000] {processor.py:925} INFO - DAG(s) 'tutorial_taskflow_templates' retrieved from /home/airflow/.local/lib/python3.12/site-packages/airflow/example_dags/tutorial_taskflow_templates.py
[2026-08-04T08:30:43.005+0000] {logging_mixin.py:190} INFO - [2026-08-04T08:30:43.005+0000] {dag.py:3239} INFO - Sync 1 DAGs
[2026-08-04T08:30:43.031+0000] {logging_mixin.py:190} INFO - [2026-08-04T08:30:43.031+0000] {dag.py:4180} INFO - Setting next_dagrun for tutorial_taskflow_templates to 2026-08-03 00:00:00+00:00, run_after=2026-08-04 00:00:00+00:00
[2026-08-04T08:30:43.051+0000] {processor.py:208} INFO - Processing /home/airflow/.local/lib/python3.12/site-packages/airflow/example_dags/tutorial_taskflow_templates.py took 0.092 seconds
[2026-08-04T08:31:14.397+0000] {processor.py:186} INFO - Started process (PID=1344) to work on /home/airflow/.local/lib/python3.12/site-packages/airflow/example_dags/tutorial_taskflow_templates.py
[2026-08-04T08:31:14.398+0000] {processor.py:914} INFO - Processing file /home/airflow/.local/lib/python3.12/site-packages/airflow/example_dags/tutorial_taskflow_templates.py for tasks to queue
[2026-08-04T08:31:14.401+0000] {logging_mixin.py:190} INFO - [2026-08-04T08:31:14.400+0000] {dagbag.py:588} INFO - Filling up the DagBag from /home/airflow/.local/lib/python3.12/site-packages/airflow/example_dags/tutorial_taskflow_templates.py
[2026-08-04T08:31:14.414+0000] {processor.py:925} INFO - DAG(s) 'tutorial_taskflow_templates' retrieved from /home/airflow/.local/lib/python3.12/site-packages/airflow/example_dags/tutorial_taskflow_templates.py
[2026-08-04T08:31:14.436+0000] {logging_mixin.py:190} INFO - [2026-08-04T08:31:14.436+0000] {dag.py:3239} INFO - Sync 1 DAGs
[2026-08-04T08:31:14.462+0000] {logging_mixin.py:190} INFO - [2026-08-04T08:31:14.462+0000] {dag.py:4180} INFO - Setting next_dagrun for tutorial_taskflow_templates to 2026-08-03 00:00:00+00:00, run_after=2026-08-04 00:00:00+00:00
[2026-08-04T08:31:14.484+0000] {processor.py:208} INFO - Processing /home/airflow/.local/lib/python3.12/site-packages/airflow/example_dags/tutorial_taskflow_templates.py took 0.093 seconds
[2026-08-04T08:31:45.581+0000] {processor.py:186} INFO - Started process (PID=1409) to work on /home/airflow/.local/lib/python3.12/site-packages/airflow/example_dags/tutorial_taskflow_templates.py
[2026-08-04T08:31:45.582+0000] {processor.py:914} INFO - Processing file /home/airflow/.local/lib/python3.12/site-packages/airflow/example_dags/tutorial_taskflow_templates.py for tasks to queue
[2026-08-04T08:31:45.586+0000] {logging_mixin.py:190} INFO - [2026-08-04T08:31:45.585+0000] {dagbag.py:588} INFO - Filling up the DagBag from /home/airflow/.local/lib/python3.12/site-packages/airflow/example_dags/tutorial_taskflow_templates.py
[2026-08-04T08:31:45.604+0000] {processor.py:925} INFO - DAG(s) 'tutorial_taskflow_templates' retrieved from /home/airflow/.local/lib/python3.12/site-packages/airflow/example_dags/tutorial_taskflow_templates.py
[2026-08-04T08:31:45.628+0000] {logging_mixin.py:190} INFO - [2026-08-04T08:31:45.628+0000] {dag.py:3239} INFO - Sync 1 DAGs
[2026-08-04T08:31:45.657+0000] {logging_mixin.py:190} INFO - [2026-08-04T08:31:45.656+0000] {dag.py:4180} INFO - Setting next_dagrun for tutorial_taskflow_templates to 2026-08-03 00:00:00+00:00, run_after=2026-08-04 00:00:00+00:00
[2026-08-04T08:31:45.676+0000] {processor.py:208} INFO - Processing /home/airflow/.local/lib/python3.12/site-packages/airflow/example_dags/tutorial_taskflow_templates.py took 0.102 seconds
[2026-08-04T08:32:17.055+0000] {processor.py:186} INFO - Started process (PID=1474) to work on /home/airflow/.local/lib/python3.12/site-packages/airflow/example_dags/tutorial_taskflow_templates.py
[2026-08-04T08:32:17.056+0000] {processor.py:914} INFO - Processing file /home/airflow/.local/lib/python3.12/site-packages/airflow/example_dags/tutorial_taskflow_templates.py for tasks to queue
[2026-08-04T08:32:17.060+0000] {logging_mixin.py:190} INFO - [2026-08-04T08:32:17.060+0000] {dagbag.py:588} INFO - Filling up the DagBag from /home/airflow/.local/lib/python3.12/site-packages/airflow/example_dags/tutorial_taskflow_templates.py
[2026-08-04T08:32:17.076+0000] {processor.py:925} INFO - DAG(s) 'tutorial_taskflow_templates' retrieved from /home/airflow/.local/lib/python3.12/site-packages/airflow/example_dags/tutorial_taskflow_templates.py
[2026-08-04T08:32:17.101+0000] {logging_mixin.py:190} INFO - [2026-08-04T08:32:17.101+0000] {dag.py:3239} INFO - Sync 1 DAGs
[2026-08-04T08:32:17.129+0000] {logging_mixin.py:190} INFO - [2026-08-04T08:32:17.129+0000] {dag.py:4180} INFO - Setting next_dagrun for tutorial_taskflow_templates to 2026-08-03 00:00:00+00:00, run_after=2026-08-04 00:00:00+00:00
[2026-08-04T08:32:17.152+0000] {processor.py:208} INFO - Processing /home/airflow/.local/lib/python3.12/site-packages/airflow/example_dags/tutorial_taskflow_templates.py took 0.105 seconds
[2026-08-04T08:32:48.416+0000] {processor.py:186} INFO - Started process (PID=1539) to work on /home/airflow/.local/lib/python3.12/site-packages/airflow/example_dags/tutorial_taskflow_templates.py
[2026-08-04T08:32:48.418+0000] {processor.py:914} INFO - Processing file /home/airflow/.local/lib/python3.12/site-packages/airflow/example_dags/tutorial_taskflow_templates.py for tasks to queue
[2026-08-04T08:32:48.420+0000] {logging_mixin.py:190} INFO - [2026-08-04T08:32:48.420+0000] {dagbag.py:588} INFO - Filling up the DagBag from /home/airflow/.local/lib/python3.12/site-packages/airflow/example_dags/tutorial_taskflow_templates.py
[2026-08-04T08:32:48.434+0000] {processor.py:925} INFO - DAG(s) 'tutorial_taskflow_templates' retrieved from /home/airflow/.local/lib/python3.12/site-packages/airflow/example_dags/tutorial_taskflow_templates.py
[2026-08-04T08:32:48.456+0000] {logging_mixin.py:190} INFO - [2026-08-04T08:32:48.456+0000] {dag.py:3239} INFO - Sync 1 DAGs
[2026-08-04T08:32:48.484+0000] {logging_mixin.py:190} INFO - [2026-08-04T08:32:48.484+0000] {dag.py:4180} INFO - Setting next_dagrun for tutorial_taskflow_templates to 2026-08-03 00:00:00+00:00, run_after=2026-08-04 00:00:00+00:00
[2026-08-04T08:32:48.503+0000] {processor.py:208} INFO - Processing /home/airflow/.local/lib/python3.12/site-packages/airflow/example_dags/tutorial_taskflow_templates.py took 0.093 seconds
[2026-08-04T08:33:19.835+0000] {processor.py:186} INFO - Started process (PID=1604) to work on /home/airflow/.local/lib/python3.12/site-packages/airflow/example_dags/tutorial_taskflow_templates.py
[2026-08-04T08:33:19.838+0000] {processor.py:914} INFO - Processing file /home/airflow/.local/lib/python3.12/site-packages/airflow/example_dags/tutorial_taskflow_templates.py for tasks to queue
[2026-08-04T08:33:19.841+0000] {logging_mixin.py:190} INFO - [2026-08-04T08:33:19.841+0000] {dagbag.py:588} INFO - Filling up the DagBag from /home/airflow/.local/lib/python3.12/site-packages/airflow/example_dags/tutorial_taskflow_templates.py
[2026-08-04T08:33:19.855+0000] {processor.py:925} INFO - DAG(s) 'tutorial_taskflow_templates' retrieved from /home/airflow/.local/lib/python3.12/site-packages/airflow/example_dags/tutorial_taskflow_templates.py
[2026-08-04T08:33:19.880+0000] {logging_mixin.py:190} INFO - [2026-08-04T08:33:19.879+0000] {dag.py:3239} INFO - Sync 1 DAGs
[2026-08-04T08:33:19.909+0000] {logging_mixin.py:190} INFO - [2026-08-04T08:33:19.909+0000] {dag.py:4180} INFO - Setting next_dagrun for tutorial_taskflow_templates to 2026-08-03 00:00:00+00:00, run_after=2026-08-04 00:00:00+00:00
[2026-08-04T08:33:19.931+0000] {processor.py:208} INFO - Processing /home/airflow/.local/lib/python3.12/site-packages/airflow/example_dags/tutorial_taskflow_templates.py took 0.101 seconds
[2026-08-04T08:33:50.858+0000] {processor.py:186} INFO - Started process (PID=1669) to work on /home/airflow/.local/lib/python3.12/site-packages/airflow/example_dags/tutorial_taskflow_templates.py
[2026-08-04T08:33:50.860+0000] {processor.py:914} INFO - Processing file /home/airflow/.local/lib/python3.12/site-packages/airflow/example_dags/tutorial_taskflow_templates.py for tasks to queue
[2026-08-04T08:33:50.862+0000] {logging_mixin.py:190} INFO - [2026-08-04T08:33:50.862+0000] {dagbag.py:588} INFO - Filling up the DagBag from /home/airflow/.local/lib/python3.12/site-packages/airflow/example_dags/tutorial_taskflow_templates.py
[2026-08-04T08:33:50.876+0000] {processor.py:925} INFO - DAG(s) 'tutorial_taskflow_templates' retrieved from /home/airflow/.local/lib/python3.12/site-packages/airflow/example_dags/tutorial_taskflow_templates.py
[2026-08-04T08:33:50.900+0000] {logging_mixin.py:190} INFO - [2026-08-04T08:33:50.900+0000] {dag.py:3239} INFO - Sync 1 DAGs
[2026-08-04T08:33:50.927+0000] {logging_mixin.py:190} INFO - [2026-08-04T08:33:50.927+0000] {dag.py:4180} INFO - Setting next_dagrun for tutorial_taskflow_templates to 2026-08-03 00:00:00+00:00, run_after=2026-08-04 00:00:00+00:00
[2026-08-04T08:33:50.948+0000] {processor.py:208} INFO - Processing /home/airflow/.local/lib/python3.12/site-packages/airflow/example_dags/tutorial_taskflow_templates.py took 0.096 seconds
[2026-08-04T08:34:22.395+0000] {processor.py:186} INFO - Started process (PID=1734) to work on /home/airflow/.local/lib/python3.12/site-packages/airflow/example_dags/tutorial_taskflow_templates.py
[2026-08-04T08:34:22.397+0000] {processor.py:914} INFO - Processing file /home/airflow/.local/lib/python3.12/site-packages/airflow/example_dags/tutorial_taskflow_templates.py for tasks to queue
[2026-08-04T08:34:22.400+0000] {logging_mixin.py:190} INFO - [2026-08-04T08:34:22.400+0000] {dagbag.py:588} INFO - Filling up the DagBag from /home/airflow/.local/lib/python3.12/site-packages/airflow/example_dags/tutorial_taskflow_templates.py
[2026-08-04T08:34:22.420+0000] {processor.py:925} INFO - DAG(s) 'tutorial_taskflow_templates' retrieved from /home/airflow/.local/lib/python3.12/site-packages/airflow/example_dags/tutorial_taskflow_templates.py
[2026-08-04T08:34:22.444+0000] {logging_mixin.py:190} INFO - [2026-08-04T08:34:22.443+0000] {dag.py:3239} INFO - Sync 1 DAGs
[2026-08-04T08:34:22.473+0000] {logging_mixin.py:190} INFO - [2026-08-04T08:34:22.473+0000] {dag.py:4180} INFO - Setting next_dagrun for tutorial_taskflow_templates to 2026-08-03 00:00:00+00:00, run_after=2026-08-04 00:00:00+00:00
[2026-08-04T08:34:22.493+0000] {processor.py:208} INFO - Processing /home/airflow/.local/lib/python3.12/site-packages/airflow/example_dags/tutorial_taskflow_templates.py took 0.108 seconds
[2026-08-04T08:34:53.708+0000] {processor.py:186} INFO - Started process (PID=1799) to work on /home/airflow/.local/lib/python3.12/site-packages/airflow/example_dags/tutorial_taskflow_templates.py
[2026-08-04T08:34:53.709+0000] {processor.py:914} INFO - Processing file /home/airflow/.local/lib/python3.12/site-packages/airflow/example_dags/tutorial_taskflow_templates.py for tasks to queue
[2026-08-04T08:34:53.712+0000] {logging_mixin.py:190} INFO - [2026-08-04T08:34:53.711+0000] {dagbag.py:588} INFO - Filling up the DagBag from /home/airflow/.local/lib/python3.12/site-packages/airflow/example_dags/tutorial_taskflow_templates.py
[2026-08-04T08:34:53.725+0000] {processor.py:925} INFO - DAG(s) 'tutorial_taskflow_templates' retrieved from /home/airflow/.local/lib/python3.12/site-packages/airflow/example_dags/tutorial_taskflow_templates.py
[2026-08-04T08:34:53.746+0000] {logging_mixin.py:190} INFO - [2026-08-04T08:34:53.746+0000] {dag.py:3239} INFO - Sync 1 DAGs
[2026-08-04T08:34:53.772+0000] {logging_mixin.py:190} INFO - [2026-08-04T08:34:53.772+0000] {dag.py:4180} INFO - Setting next_dagrun for tutorial_taskflow_templates to 2026-08-03 00:00:00+00:00, run_after=2026-08-04 00:00:00+00:00
[2026-08-04T08:34:53.791+0000] {processor.py:208} INFO - Processing /home/airflow/.local/lib/python3.12/site-packages/airflow/example_dags/tutorial_taskflow_templates.py took 0.089 seconds
[2026-08-04T08:35:24.977+0000] {processor.py:186} INFO - Started process (PID=1864) to work on /home/airflow/.local/lib/python3.12/site-packages/airflow/example_dags/tutorial_taskflow_templates.py
[2026-08-04T08:35:24.978+0000] {processor.py:914} INFO - Processing file /home/airflow/.local/lib/python3.12/site-packages/airflow/example_dags/tutorial_taskflow_templates.py for tasks to queue
[2026-08-04T08:35:24.981+0000] {logging_mixin.py:190} INFO - [2026-08-04T08:35:24.981+0000] {dagbag.py:588} INFO - Filling up the DagBag from /home/airflow/.local/lib/python3.12/site-packages/airflow/example_dags/tutorial_taskflow_templates.py
[2026-08-04T08:35:24.998+0000] {processor.py:925} INFO - DAG(s) 'tutorial_taskflow_templates' retrieved from /home/airflow/.local/lib/python3.12/site-packages/airflow/example_dags/tutorial_taskflow_templates.py
[2026-08-04T08:35:25.022+0000] {logging_mixin.py:190} INFO - [2026-08-04T08:35:25.022+0000] {dag.py:3239} INFO - Sync 1 DAGs
[2026-08-04T08:35:25.049+0000] {logging_mixin.py:190} INFO - [2026-08-04T08:35:25.049+0000] {dag.py:4180} INFO - Setting next_dagrun for tutorial_taskflow_templates to 2026-08-03 00:00:00+00:00, run_after=2026-08-04 00:00:00+00:00
[2026-08-04T08:35:25.071+0000] {processor.py:208} INFO - Processing /home/airflow/.local/lib/python3.12/site-packages/airflow/example_dags/tutorial_taskflow_templates.py took 0.100 seconds
[2026-08-04T08:35:56.400+0000] {processor.py:186} INFO - Started process (PID=1929) to work on /home/airflow/.local/lib/python3.12/site-packages/airflow/example_dags/tutorial_taskflow_templates.py
[2026-08-04T08:35:56.401+0000] {processor.py:914} INFO - Processing file /home/airflow/.local/lib/python3.12/site-packages/airflow/example_dags/tutorial_taskflow_templates.py for tasks to queue
[2026-08-04T08:35:56.404+0000] {logging_mixin.py:190} INFO - [2026-08-04T08:35:56.403+0000] {dagbag.py:588} INFO - Filling up the DagBag from /home/airflow/.local/lib/python3.12/site-packages/airflow/example_dags/tutorial_taskflow_templates.py
[2026-08-04T08:35:56.417+0000] {processor.py:925} INFO - DAG(s) 'tutorial_taskflow_templates' retrieved from /home/airflow/.local/lib/python3.12/site-packages/airflow/example_dags/tutorial_taskflow_templates.py
[2026-08-04T08:35:56.436+0000] {logging_mixin.py:190} INFO - [2026-08-04T08:35:56.436+0000] {dag.py:3239} INFO - Sync 1 DAGs
[2026-08-04T08:35:56.461+0000] {logging_mixin.py:190} INFO - [2026-08-04T08:35:56.461+0000] {dag.py:4180} INFO - Setting next_dagrun for tutorial_taskflow_templates to 2026-08-03 00:00:00+00:00, run_after=2026-08-04 00:00:00+00:00
[2026-08-04T08:35:56.481+0000] {processor.py:208} INFO - Processing /home/airflow/.local/lib/python3.12/site-packages/airflow/example_dags/tutorial_taskflow_templates.py took 0.088 seconds
[2026-08-04T08:36:27.172+0000] {processor.py:186} INFO - Started process (PID=1994) to work on /home/airflow/.local/lib/python3.12/site-packages/airflow/example_dags/tutorial_taskflow_templates.py
[2026-08-04T08:36:27.173+0000] {processor.py:914} INFO - Processing file /home/airflow/.local/lib/python3.12/site-packages/airflow/example_dags/tutorial_taskflow_templates.py for tasks to queue
[2026-08-04T08:36:27.176+0000] {logging_mixin.py:190} INFO - [2026-08-04T08:36:27.176+0000] {dagbag.py:588} INFO - Filling up the DagBag from /home/airflow/.local/lib/python3.12/site-packages/airflow/example_dags/tutorial_taskflow_templates.py
[2026-08-04T08:36:27.190+0000] {processor.py:925} INFO - DAG(s) 'tutorial_taskflow_templates' retrieved from /home/airflow/.local/lib/python3.12/site-packages/airflow/example_dags/tutorial_taskflow_templates.py
[2026-08-04T08:36:27.217+0000] {logging_mixin.py:190} INFO - [2026-08-04T08:36:27.217+0000] {dag.py:3239} INFO - Sync 1 DAGs
[2026-08-04T08:36:27.244+0000] {logging_mixin.py:190} INFO - [2026-08-04T08:36:27.244+0000] {dag.py:4180} INFO - Setting next_dagrun for tutorial_taskflow_templates to 2026-08-03 00:00:00+00:00, run_after=2026-08-04 00:00:00+00:00
[2026-08-04T08:36:27.265+0000] {processor.py:208} INFO - Processing /home/airflow/.local/lib/python3.12/site-packages/airflow/example_dags/tutorial_taskflow_templates.py took 0.100 seconds
[2026-08-04T08:36:58.185+0000] {processor.py:186} INFO - Started process (PID=2059) to work on /home/airflow/.local/lib/python3.12/site-packages/airflow/example_dags/tutorial_taskflow_templates.py
[2026-08-04T08:36:58.187+0000] {processor.py:914} INFO - Processing file /home/airflow/.local/lib/python3.12/site-packages/airflow/example_dags/tutorial_taskflow_templates.py for tasks to queue
[2026-08-04T08:36:58.191+0000] {logging_mixin.py:190} INFO - [2026-08-04T08:36:58.191+0000] {dagbag.py:588} INFO - Filling up the DagBag from /home/airflow/.local/lib/python3.12/site-packages/airflow/example_dags/tutorial_taskflow_templates.py
[2026-08-04T08:36:58.208+0000] {processor.py:925} INFO - DAG(s) 'tutorial_taskflow_templates' retrieved from /home/airflow/.local/lib/python3.12/site-packages/airflow/example_dags/tutorial_taskflow_templates.py
[2026-08-04T08:36:58.232+0000] {logging_mixin.py:190} INFO - [2026-08-04T08:36:58.232+0000] {dag.py:3239} INFO - Sync 1 DAGs
[2026-08-04T08:36:58.260+0000] {logging_mixin.py:190} INFO - [2026-08-04T08:36:58.259+0000] {dag.py:4180} INFO - Setting next_dagrun for tutorial_taskflow_templates to 2026-08-03 00:00:00+00:00, run_after=2026-08-04 00:00:00+00:00
[2026-08-04T08:36:58.280+0000] {processor.py:208} INFO - Processing /home/airflow/.local/lib/python3.12/site-packages/airflow/example_dags/tutorial_taskflow_templates.py took 0.100 seconds
[2026-08-04T08:37:29.116+0000] {processor.py:186} INFO - Started process (PID=2124) to work on /home/airflow/.local/lib/python3.12/site-packages/airflow/example_dags/tutorial_taskflow_templates.py
[2026-08-04T08:37:29.117+0000] {processor.py:914} INFO - Processing file /home/airflow/.local/lib/python3.12/site-packages/airflow/example_dags/tutorial_taskflow_templates.py for tasks to queue
[2026-08-04T08:37:29.120+0000] {logging_mixin.py:190} INFO - [2026-08-04T08:37:29.120+0000] {dagbag.py:588} INFO - Filling up the DagBag from /home/airflow/.local/lib/python3.12/site-packages/airflow/example_dags/tutorial_taskflow_templates.py
[2026-08-04T08:37:29.136+0000] {processor.py:925} INFO - DAG(s) 'tutorial_taskflow_templates' retrieved from /home/airflow/.local/lib/python3.12/site-packages/airflow/example_dags/tutorial_taskflow_templates.py
[2026-08-04T08:37:29.157+0000] {logging_mixin.py:190} INFO - [2026-08-04T08:37:29.157+0000] {dag.py:3239} INFO - Sync 1 DAGs
[2026-08-04T08:37:29.183+0000] {logging_mixin.py:190} INFO - [2026-08-04T08:37:29.183+0000] {dag.py:4180} INFO - Setting next_dagrun for tutorial_taskflow_templates to 2026-08-03 00:00:00+00:00, run_after=2026-08-04 00:00:00+00:00
[2026-08-04T08:37:29.202+0000] {processor.py:208} INFO - Processing /home/airflow/.local/lib/python3.12/site-packages/airflow/example_dags/tutorial_taskflow_templates.py took 0.092 seconds
[2026-08-04T08:38:00.793+0000] {processor.py:186} INFO - Started process (PID=2189) to work on /home/airflow/.local/lib/python3.12/site-packages/airflow/example_dags/tutorial_taskflow_templates.py
[2026-08-04T08:38:00.795+0000] {processor.py:914} INFO - Processing file /home/airflow/.local/lib/python3.12/site-packages/airflow/example_dags/tutorial_taskflow_templates.py for tasks to queue
[2026-08-04T08:38:00.798+0000] {logging_mixin.py:190} INFO - [2026-08-04T08:38:00.798+0000] {dagbag.py:588} INFO - Filling up the DagBag from /home/airflow/.local/lib/python3.12/site-packages/airflow/example_dags/tutorial_taskflow_templates.py
[2026-08-04T08:38:00.818+0000] {processor.py:925} INFO - DAG(s) 'tutorial_taskflow_templates' retrieved from /home/airflow/.local/lib/python3.12/site-packages/airflow/example_dags/tutorial_taskflow_templates.py
[2026-08-04T08:38:00.840+0000] {logging_mixin.py:190} INFO - [2026-08-04T08:38:00.840+0000] {dag.py:3239} INFO - Sync 1 DAGs
[2026-08-04T08:38:00.867+0000] {logging_mixin.py:190} INFO - [2026-08-04T08:38:00.867+0000] {dag.py:4180} INFO - Setting next_dagrun for tutorial_taskflow_templates to 2026-08-03 00:00:00+00:00, run_after=2026-08-04 00:00:00+00:00
[2026-08-04T08:38:00.888+0000] {processor.py:208} INFO - Processing /home/airflow/.local/lib/python3.12/site-packages/airflow/example_dags/tutorial_taskflow_templates.py took 0.101 seconds
[2026-08-04T08:38:32.085+0000] {processor.py:186} INFO - Started process (PID=2256) to work on /home/airflow/.local/lib/python3.12/site-packages/airflow/example_dags/tutorial_taskflow_templates.py
[2026-08-04T08:38:32.086+0000] {processor.py:914} INFO - Processing file /home/airflow/.local/lib/python3.12/site-packages/airflow/example_dags/tutorial_taskflow_templates.py for tasks to queue
[2026-08-04T08:38:32.089+0000] {logging_mixin.py:190} INFO - [2026-08-04T08:38:32.089+0000] {dagbag.py:588} INFO - Filling up the DagBag from /home/airflow/.local/lib/python3.12/site-packages/airflow/example_dags/tutorial_taskflow_templates.py
[2026-08-04T08:38:32.108+0000] {processor.py:925} INFO - DAG(s) 'tutorial_taskflow_templates' retrieved from /home/airflow/.local/lib/python3.12/site-packages/airflow/example_dags/tutorial_taskflow_templates.py
[2026-08-04T08:38:32.131+0000] {logging_mixin.py:190} INFO - [2026-08-04T08:38:32.131+0000] {dag.py:3239} INFO - Sync 1 DAGs
[2026-08-04T08:38:32.159+0000] {logging_mixin.py:190} INFO - [2026-08-04T08:38:32.159+0000] {dag.py:4180} INFO - Setting next_dagrun for tutorial_taskflow_templates to 2026-08-03 00:00:00+00:00, run_after=2026-08-04 00:00:00+00:00
[2026-08-04T08:38:32.182+0000] {processor.py:208} INFO - Processing /home/airflow/.local/lib/python3.12/site-packages/airflow/example_dags/tutorial_taskflow_templates.py took 0.102 seconds
[2026-08-04T08:39:03.083+0000] {processor.py:186} INFO - Started process (PID=2321) to work on /home/airflow/.local/lib/python3.12/site-packages/airflow/example_dags/tutorial_taskflow_templates.py
[2026-08-04T08:39:03.085+0000] {processor.py:914} INFO - Processing file /home/airflow/.local/lib/python3.12/site-packages/airflow/example_dags/tutorial_taskflow_templates.py for tasks to queue
[2026-08-04T08:39:03.088+0000] {logging_mixin.py:190} INFO - [2026-08-04T08:39:03.087+0000] {dagbag.py:588} INFO - Filling up the DagBag from /home/airflow/.local/lib/python3.12/site-packages/airflow/example_dags/tutorial_taskflow_templates.py
[2026-08-04T08:39:03.103+0000] {processor.py:925} INFO - DAG(s) 'tutorial_taskflow_templates' retrieved from /home/airflow/.local/lib/python3.12/site-packages/airflow/example_dags/tutorial_taskflow_templates.py
[2026-08-04T08:39:03.125+0000] {logging_mixin.py:190} INFO - [2026-08-04T08:39:03.125+0000] {dag.py:3239} INFO - Sync 1 DAGs
[2026-08-04T08:39:03.153+0000] {logging_mixin.py:190} INFO - [2026-08-04T08:39:03.153+0000] {dag.py:4180} INFO - Setting next_dagrun for tutorial_taskflow_templates to 2026-08-03 00:00:00+00:00, run_after=2026-08-04 00:00:00+00:00
[2026-08-04T08:39:03.175+0000] {processor.py:208} INFO - Processing /home/airflow/.local/lib/python3.12/site-packages/airflow/example_dags/tutorial_taskflow_templates.py took 0.098 seconds
[2026-08-04T08:39:34.153+0000] {processor.py:186} INFO - Started process (PID=2386) to work on /home/airflow/.local/lib/python3.12/site-packages/airflow/example_dags/tutorial_taskflow_templates.py
[2026-08-04T08:39:34.154+0000] {processor.py:914} INFO - Processing file /home/airflow/.local/lib/python3.12/site-packages/airflow/example_dags/tutorial_taskflow_templates.py for tasks to queue
[2026-08-04T08:39:34.157+0000] {logging_mixin.py:190} INFO - [2026-08-04T08:39:34.157+0000] {dagbag.py:588} INFO - Filling up the DagBag from /home/airflow/.local/lib/python3.12/site-packages/airflow/example_dags/tutorial_taskflow_templates.py
[2026-08-04T08:39:34.171+0000] {processor.py:925} INFO - DAG(s) 'tutorial_taskflow_templates' retrieved from /home/airflow/.local/lib/python3.12/site-packages/airflow/example_dags/tutorial_taskflow_templates.py
[2026-08-04T08:39:34.193+0000] {logging_mixin.py:190} INFO - [2026-08-04T08:39:34.193+0000] {dag.py:3239} INFO - Sync 1 DAGs
[2026-08-04T08:39:34.222+0000] {logging_mixin.py:190} INFO - [2026-08-04T08:39:34.222+0000] {dag.py:4180} INFO - Setting next_dagrun for tutorial_taskflow_templates to 2026-08-03 00:00:00+00:00, run_after=2026-08-04 00:00:00+00:00
[2026-08-04T08:39:34.245+0000] {processor.py:208} INFO - Processing /home/airflow/.local/lib/python3.12/site-packages/airflow/example_dags/tutorial_taskflow_templates.py took 0.098 seconds
[2026-08-04T08:40:05.160+0000] {processor.py:186} INFO - Started process (PID=2451) to work on /home/airflow/.local/lib/python3.12/site-packages/airflow/example_dags/tutorial_taskflow_templates.py
[2026-08-04T08:40:05.161+0000] {processor.py:914} INFO - Processing file /home/airflow/.local/lib/python3.12/site-packages/airflow/example_dags/tutorial_taskflow_templates.py for tasks to queue
[2026-08-04T08:40:05.164+0000] {logging_mixin.py:190} INFO - [2026-08-04T08:40:05.164+0000] {dagbag.py:588} INFO - Filling up the DagBag from /home/airflow/.local/lib/python3.12/site-packages/airflow/example_dags/tutorial_taskflow_templates.py
[2026-08-04T08:40:05.181+0000] {processor.py:925} INFO - DAG(s) 'tutorial_taskflow_templates' retrieved from /home/airflow/.local/lib/python3.12/site-packages/airflow/example_dags/tutorial_taskflow_templates.py
[2026-08-04T08:40:05.201+0000] {logging_mixin.py:190} INFO - [2026-08-04T08:40:05.201+0000] {dag.py:3239} INFO - Sync 1 DAGs
[2026-08-04T08:40:05.227+0000] {logging_mixin.py:190} INFO - [2026-08-04T08:40:05.227+0000] {dag.py:4180} INFO - Setting next_dagrun for tutorial_taskflow_templates to 2026-08-03 00:00:00+00:00, run_after=2026-08-04 00:00:00+00:00
[2026-08-04T08:40:05.248+0000] {processor.py:208} INFO - Processing /home/airflow/.local/lib/python3.12/site-packages/airflow/example_dags/tutorial_taskflow_templates.py took 0.096 seconds
[2026-08-04T08:40:36.350+0000] {processor.py:186} INFO - Started process (PID=2516) to work on /home/airflow/.local/lib/python3.12/site-packages/airflow/example_dags/tutorial_taskflow_templates.py
[2026-08-04T08:40:36.353+0000] {processor.py:914} INFO - Processing file /home/airflow/.local/lib/python3.12/site-packages/airflow/example_dags/tutorial_taskflow_templates.py for tasks to queue
[2026-08-04T08:40:36.356+0000] {logging_mixin.py:190} INFO - [2026-08-04T08:40:36.355+0000] {dagbag.py:588} INFO - Filling up the DagBag from /home/airflow/.local/lib/python3.12/site-packages/airflow/example_dags/tutorial_taskflow_templates.py
[2026-08-04T08:40:36.371+0000] {processor.py:925} INFO - DAG(s) 'tutorial_taskflow_templates' retrieved from /home/airflow/.local/lib/python3.12/site-packages/airflow/example_dags/tutorial_taskflow_templates.py
[2026-08-04T08:40:36.391+0000] {logging_mixin.py:190} INFO - [2026-08-04T08:40:36.391+0000] {dag.py:3239} INFO - Sync 1 DAGs
[2026-08-04T08:40:36.415+0000] {logging_mixin.py:190} INFO - [2026-08-04T08:40:36.415+0000] {dag.py:4180} INFO - Setting next_dagrun for tutorial_taskflow_templates to 2026-08-03 00:00:00+00:00, run_after=2026-08-04 00:00:00+00:00
[2026-08-04T08:40:36.435+0000] {processor.py:208} INFO - Processing /home/airflow/.local/lib/python3.12/site-packages/airflow/example_dags/tutorial_taskflow_templates.py took 0.091 seconds
[2026-08-04T08:41:07.566+0000] {processor.py:186} INFO - Started process (PID=2586) to work on /home/airflow/.local/lib/python3.12/site-packages/airflow/example_dags/tutorial_taskflow_templates.py
[2026-08-04T08:41:07.568+0000] {processor.py:914} INFO - Processing file /home/airflow/.local/lib/python3.12/site-packages/airflow/example_dags/tutorial_taskflow_templates.py for tasks to queue
[2026-08-04T08:41:07.570+0000] {logging_mixin.py:190} INFO - [2026-08-04T08:41:07.570+0000] {dagbag.py:588} INFO - Filling up the DagBag from /home/airflow/.local/lib/python3.12/site-packages/airflow/example_dags/tutorial_taskflow_templates.py
[2026-08-04T08:41:07.584+0000] {processor.py:925} INFO - DAG(s) 'tutorial_taskflow_templates' retrieved from /home/airflow/.local/lib/python3.12/site-packages/airflow/example_dags/tutorial_taskflow_templates.py
[2026-08-04T08:41:07.605+0000] {logging_mixin.py:190} INFO - [2026-08-04T08:41:07.605+0000] {dag.py:3239} INFO - Sync 1 DAGs
[2026-08-04T08:41:07.630+0000] {logging_mixin.py:190} INFO - [2026-08-04T08:41:07.630+0000] {dag.py:4180} INFO - Setting next_dagrun for tutorial_taskflow_templates to 2026-08-03 00:00:00+00:00, run_after=2026-08-04 00:00:00+00:00
[2026-08-04T08:41:07.648+0000] {processor.py:208} INFO - Processing /home/airflow/.local/lib/python3.12/site-packages/airflow/example_dags/tutorial_taskflow_templates.py took 0.088 seconds
[2026-08-04T08:41:39.399+0000] {processor.py:186} INFO - Started process (PID=2651) to work on /home/airflow/.local/lib/python3.12/site-packages/airflow/example_dags/tutorial_taskflow_templates.py
[2026-08-04T08:41:39.401+0000] {processor.py:914} INFO - Processing file /home/airflow/.local/lib/python3.12/site-packages/airflow/example_dags/tutorial_taskflow_templates.py for tasks to queue
[2026-08-04T08:41:39.404+0000] {logging_mixin.py:190} INFO - [2026-08-04T08:41:39.404+0000] {dagbag.py:588} INFO - Filling up the DagBag from /home/airflow/.local/lib/python3.12/site-packages/airflow/example_dags/tutorial_taskflow_templates.py
[2026-08-04T08:41:39.424+0000] {processor.py:925} INFO - DAG(s) 'tutorial_taskflow_templates' retrieved from /home/airflow/.local/lib/python3.12/site-packages/airflow/example_dags/tutorial_taskflow_templates.py
[2026-08-04T08:41:39.444+0000] {logging_mixin.py:190} INFO - [2026-08-04T08:41:39.444+0000] {dag.py:3239} INFO - Sync 1 DAGs
[2026-08-04T08:41:39.469+0000] {logging_mixin.py:190} INFO - [2026-08-04T08:41:39.469+0000] {dag.py:4180} INFO - Setting next_dagrun for tutorial_taskflow_templates to 2026-08-03 00:00:00+00:00, run_after=2026-08-04 00:00:00+00:00
[2026-08-04T08:41:39.490+0000] {processor.py:208} INFO - Processing /home/airflow/.local/lib/python3.12/site-packages/airflow/example_dags/tutorial_taskflow_templates.py took 0.097 seconds
