[2026-08-11T07:27:22.748+0000] {local_task_job_runner.py:123} INFO - ::group::Pre task execution logs
[2026-08-11T07:27:22.772+0000] {taskinstance.py:2614} INFO - Dependencies all met for dep_context=non-requeueable deps ti=<TaskInstance: brewline_pipeline.dbt_run manual__2026-08-11T07:27:05.750699+00:00 [queued]>
[2026-08-11T07:27:22.784+0000] {taskinstance.py:2614} INFO - Dependencies all met for dep_context=requeueable deps ti=<TaskInstance: brewline_pipeline.dbt_run manual__2026-08-11T07:27:05.750699+00:00 [queued]>
[2026-08-11T07:27:22.785+0000] {taskinstance.py:2867} INFO - Starting attempt 1 of 1
[2026-08-11T07:27:22.800+0000] {taskinstance.py:2890} INFO - Executing <Task(DockerOperator): dbt_run> on 2026-08-11 07:27:05.750699+00:00
[2026-08-11T07:27:22.812+0000] {warnings.py:112} WARNING - /home/***/.local/lib/python3.12/site-packages/***/task/task_runner/standard_task_runner.py:70: DeprecationWarning: This process (pid=2733) is multi-threaded, use of fork() may lead to deadlocks in the child.
  pid = os.fork()

[2026-08-11T07:27:22.814+0000] {standard_task_runner.py:72} INFO - Started process 2735 to run task
[2026-08-11T07:27:22.814+0000] {standard_task_runner.py:104} INFO - Running: ['***', 'tasks', 'run', 'brewline_pipeline', 'dbt_run', 'manual__2026-08-11T07:27:05.750699+00:00', '--job-id', '184', '--raw', '--subdir', 'DAGS_FOLDER/brewline_pipeline_dag.py', '--cfg-path', '/tmp/tmpcftrgaco']
[2026-08-11T07:27:22.816+0000] {standard_task_runner.py:105} INFO - Job 184: Subtask dbt_run
[2026-08-11T07:27:22.895+0000] {task_command.py:467} INFO - Running <TaskInstance: brewline_pipeline.dbt_run manual__2026-08-11T07:27:05.750699+00:00 [running]> on host 5224a343584d
[2026-08-11T07:27:23.019+0000] {taskinstance.py:3134} INFO - Exporting env vars: AIRFLOW_CTX_DAG_OWNER='***' AIRFLOW_CTX_DAG_ID='brewline_pipeline' AIRFLOW_CTX_TASK_ID='dbt_run' AIRFLOW_CTX_EXECUTION_DATE='2026-08-11T07:27:05.750699+00:00' AIRFLOW_CTX_TRY_NUMBER='1' AIRFLOW_CTX_DAG_RUN_ID='manual__2026-08-11T07:27:05.750699+00:00'
[2026-08-11T07:27:23.021+0000] {logging_mixin.py:190} INFO - Task instance is in running state
[2026-08-11T07:27:23.022+0000] {logging_mixin.py:190} INFO -  Previous state of the Task instance: queued
[2026-08-11T07:27:23.023+0000] {logging_mixin.py:190} INFO - Current task name:dbt_run state:running start_date:2026-08-11 07:27:22.773671+00:00
[2026-08-11T07:27:23.023+0000] {logging_mixin.py:190} INFO - Dag name:brewline_pipeline and current dag run status:running
[2026-08-11T07:27:23.024+0000] {taskinstance.py:732} INFO - ::endgroup::
[2026-08-11T07:27:23.092+0000] {docker.py:345} INFO - Starting docker container from image brewline-dbt:latest
[2026-08-11T07:27:25.832+0000] {docker.py:69} INFO - [0m07:27:25  Running with dbt=1.12.0
[2026-08-11T07:27:26.239+0000] {docker.py:69} INFO - [0m07:27:26  Registered adapter: duckdb=1.10.1
[2026-08-11T07:27:27.878+0000] {docker.py:69} INFO - [0m07:27:27  Found 9 models, 52 data tests, 2 seeds, 5 sources, 624 macros
[2026-08-11T07:27:27.887+0000] {docker.py:69} INFO - [0m07:27:27
[2026-08-11T07:27:27.889+0000] {docker.py:69} INFO - [0m07:27:27  Concurrency: 1 threads (target='dev')
[2026-08-11T07:27:27.890+0000] {docker.py:69} INFO - [0m07:27:27
[2026-08-11T07:27:28.146+0000] {docker.py:69} INFO - [0m07:27:28  1 of 9 START sql table model silver.stg_customers .............................. [RUN]
[2026-08-11T07:27:28.457+0000] {docker.py:69} INFO - [0m07:27:28  1 of 9 OK created sql table model silver.stg_customers ......................... [[32mOK[0m in 0.31s]
[2026-08-11T07:27:28.462+0000] {docker.py:69} INFO - [0m07:27:28  2 of 9 START sql table model silver.stg_orders ................................. [RUN]
[2026-08-11T07:27:28.685+0000] {docker.py:69} INFO - [0m07:27:28  2 of 9 OK created sql table model silver.stg_orders ............................ [[32mOK[0m in 0.22s]
[2026-08-11T07:27:28.694+0000] {docker.py:69} INFO - [0m07:27:28  3 of 9 START sql table model silver.stg_refunds ................................ [RUN]
[2026-08-11T07:27:28.834+0000] {docker.py:69} INFO - [0m07:27:28  3 of 9 OK created sql table model silver.stg_refunds ........................... [[32mOK[0m in 0.13s]
[2026-08-11T07:27:28.841+0000] {docker.py:69} INFO - [0m07:27:28  4 of 9 START sql table model silver.stg_subscriptions .......................... [RUN]
[2026-08-11T07:27:28.915+0000] {docker.py:69} INFO - [0m07:27:28  4 of 9 OK created sql table model silver.stg_subscriptions ..................... [[32mOK[0m in 0.07s]
[2026-08-11T07:27:28.918+0000] {docker.py:69} INFO - [0m07:27:28  5 of 9 START sql table model gold.fact_customer_health ......................... [RUN]
[2026-08-11T07:27:28.998+0000] {docker.py:69} INFO - [0m07:27:28  5 of 9 OK created sql table model gold.fact_customer_health .................... [[32mOK[0m in 0.08s]
[2026-08-11T07:27:29.001+0000] {docker.py:69} INFO - [0m07:27:29  6 of 9 START sql table model gold.fact_weekly_revenue .......................... [RUN]
[2026-08-11T07:27:29.095+0000] {docker.py:69} INFO - [0m07:27:29  6 of 9 OK created sql table model gold.fact_weekly_revenue ..................... [[32mOK[0m in 0.09s]
[2026-08-11T07:27:29.099+0000] {docker.py:69} INFO - [0m07:27:29  7 of 9 START sql table model gold.fact_refund_alerts ........................... [RUN]
[2026-08-11T07:27:29.190+0000] {docker.py:69} INFO - [0m07:27:29  7 of 9 OK created sql table model gold.fact_refund_alerts ...................... [[32mOK[0m in 0.09s]
[2026-08-11T07:27:29.194+0000] {docker.py:69} INFO - [0m07:27:29  8 of 9 START sql table model gold.fact_customer_rfm ............................ [RUN]
[2026-08-11T07:27:29.276+0000] {docker.py:69} INFO - [0m07:27:29  8 of 9 OK created sql table model gold.fact_customer_rfm ....................... [[32mOK[0m in 0.08s]
[2026-08-11T07:27:29.279+0000] {docker.py:69} INFO - [0m07:27:29  9 of 9 START sql table model gold.fact_subscription_churn ...................... [RUN]
[2026-08-11T07:27:29.352+0000] {docker.py:69} INFO - [0m07:27:29  9 of 9 OK created sql table model gold.fact_subscription_churn ................. [[32mOK[0m in 0.07s]
[2026-08-11T07:27:29.365+0000] {docker.py:69} INFO - [0m07:27:29
[2026-08-11T07:27:29.366+0000] {docker.py:69} INFO - [0m07:27:29  Finished running 9 table models in 0 hours 0 minutes and 1.47 seconds (1.47s).
[2026-08-11T07:27:29.494+0000] {docker.py:69} INFO - [0m07:27:29
[2026-08-11T07:27:29.495+0000] {docker.py:69} INFO - [0m07:27:29  [32mCompleted successfully[0m
[2026-08-11T07:27:29.496+0000] {docker.py:69} INFO - [0m07:27:29
[2026-08-11T07:27:29.498+0000] {docker.py:69} INFO - [0m07:27:29  Done. PASS=9 WARN=0 ERROR=0 SKIP=0 NO-OP=0 REUSED=0 TOTAL=9
[2026-08-11T07:27:31.609+0000] {taskinstance.py:341} INFO - ::group::Post task execution logs
[2026-08-11T07:27:31.611+0000] {taskinstance.py:353} INFO - Marking task as SUCCESS. dag_id=brewline_pipeline, task_id=dbt_run, run_id=manual__2026-08-11T07:27:05.750699+00:00, execution_date=20260811T072705, start_date=20260811T072722, end_date=20260811T072731
[2026-08-11T07:27:31.654+0000] {logging_mixin.py:190} INFO - Task instance in success state
[2026-08-11T07:27:31.657+0000] {logging_mixin.py:190} INFO -  Previous state of the Task instance: running
[2026-08-11T07:27:31.659+0000] {logging_mixin.py:190} INFO - Dag name:brewline_pipeline queued_at:2026-08-11 07:27:05.765457+00:00
[2026-08-11T07:27:31.660+0000] {logging_mixin.py:190} INFO - Task hostname:5224a343584d operator:DockerOperator
[2026-08-11T07:27:31.706+0000] {local_task_job_runner.py:266} INFO - Task exited with return code 0
[2026-08-11T07:27:31.731+0000] {taskinstance.py:3901} INFO - 1 downstream tasks scheduled from follow-on schedule check
[2026-08-11T07:27:31.734+0000] {local_task_job_runner.py:245} INFO - ::endgroup::
