[2026-08-09T13:56:26.923+0000] {local_task_job_runner.py:123} INFO - ::group::Pre task execution logs
[2026-08-09T13:56:26.956+0000] {taskinstance.py:2614} INFO - Dependencies all met for dep_context=non-requeueable deps ti=<TaskInstance: brewline_pipeline_bigquery.dbt_run_bigquery backfill__2026-07-14T00:00:00+00:00 [queued]>
[2026-08-09T13:56:26.974+0000] {taskinstance.py:2614} INFO - Dependencies all met for dep_context=requeueable deps ti=<TaskInstance: brewline_pipeline_bigquery.dbt_run_bigquery backfill__2026-07-14T00:00:00+00:00 [queued]>
[2026-08-09T13:56:26.975+0000] {taskinstance.py:2867} INFO - Starting attempt 1 of 1
[2026-08-09T13:56:26.993+0000] {taskinstance.py:2890} INFO - Executing <Task(DockerOperator): dbt_run_bigquery> on 2026-07-14 00:00:00+00:00
[2026-08-09T13:56:27.012+0000] {warnings.py:112} WARNING - /home/***/.local/lib/python3.12/site-packages/***/task/task_runner/standard_task_runner.py:70: DeprecationWarning: This process (pid=235) is multi-threaded, use of fork() may lead to deadlocks in the child.
  pid = os.fork()

[2026-08-09T13:56:27.015+0000] {standard_task_runner.py:104} INFO - Running: ['***', 'tasks', 'run', 'brewline_pipeline_bigquery', 'dbt_run_bigquery', 'backfill__2026-07-14T00:00:00+00:00', '--job-id', '18', '--pool', 'default_pool', '--raw', '--subdir', 'DAGS_FOLDER/brewline_pipeline_bigquery_dag.py', '--cfg-path', '/tmp/tmpdeozz0br']
[2026-08-09T13:56:27.040+0000] {standard_task_runner.py:72} INFO - Started process 237 to run task
[2026-08-09T13:56:27.042+0000] {standard_task_runner.py:105} INFO - Job 18: Subtask dbt_run_bigquery
[2026-08-09T13:56:27.108+0000] {task_command.py:467} INFO - Running <TaskInstance: brewline_pipeline_bigquery.dbt_run_bigquery backfill__2026-07-14T00:00:00+00:00 [running]> on host 5224a343584d
[2026-08-09T13:56:27.205+0000] {taskinstance.py:3134} INFO - Exporting env vars: AIRFLOW_CTX_DAG_OWNER='***' AIRFLOW_CTX_DAG_ID='brewline_pipeline_bigquery' AIRFLOW_CTX_TASK_ID='dbt_run_bigquery' AIRFLOW_CTX_EXECUTION_DATE='2026-07-14T00:00:00+00:00' AIRFLOW_CTX_TRY_NUMBER='1' AIRFLOW_CTX_DAG_RUN_ID='backfill__2026-07-14T00:00:00+00:00'
[2026-08-09T13:56:27.207+0000] {logging_mixin.py:190} INFO - Task instance is in running state
[2026-08-09T13:56:27.208+0000] {logging_mixin.py:190} INFO -  Previous state of the Task instance: queued
[2026-08-09T13:56:27.209+0000] {logging_mixin.py:190} INFO - Current task name:dbt_run_bigquery state:running start_date:2026-08-09 13:56:26.958626+00:00
[2026-08-09T13:56:27.209+0000] {logging_mixin.py:190} INFO - Dag name:brewline_pipeline_bigquery and current dag run status:running
[2026-08-09T13:56:27.210+0000] {taskinstance.py:732} INFO - ::endgroup::
[2026-08-09T13:56:27.275+0000] {docker.py:345} INFO - Starting docker container from image brewline-dbt:latest
[2026-08-09T13:56:29.725+0000] {docker.py:69} INFO - [0m13:56:29  Running with dbt=1.12.0
[2026-08-09T13:56:30.285+0000] {docker.py:69} INFO - [0m13:56:30  Installing dbt-labs/dbt_utils
[2026-08-09T13:56:36.122+0000] {docker.py:69} INFO - [0m13:56:36  Installed from version 1.4.1
[2026-08-09T13:56:36.123+0000] {docker.py:69} INFO - [0m13:56:36  Up to date!
[2026-08-09T13:56:39.090+0000] {docker.py:69} INFO - [0m13:56:39  Running with dbt=1.12.0
[2026-08-09T13:56:40.176+0000] {docker.py:69} INFO - [0m13:56:40  Registered adapter: bigquery=1.12.0
[2026-08-09T13:56:41.237+0000] {docker.py:69} INFO - [0m13:56:41  Found 9 models, 52 data tests, 2 seeds, 5 sources, 699 macros
[2026-08-09T13:56:41.243+0000] {docker.py:69} INFO - [0m13:56:41
[2026-08-09T13:56:41.244+0000] {docker.py:69} INFO - [0m13:56:41  Concurrency: 4 threads (target='bigquery')
[2026-08-09T13:56:41.245+0000] {docker.py:69} INFO - [0m13:56:41
[2026-08-09T13:56:41.260+0000] {docker.py:69} INFO - WARNING:google.auth._default:No project ID could be determined. Consider running `gcloud config set project` or setting the GOOGLE_CLOUD_PROJECT environment variable
[2026-08-09T13:56:41.261+0000] {docker.py:69} INFO - WARNING:google.auth._default:No project ID could be determined. Consider running `gcloud config set project` or setting the GOOGLE_CLOUD_PROJECT environment variable
[2026-08-09T13:56:42.232+0000] {docker.py:69} INFO - [0m13:56:42  1 of 9 START sql incremental model silver.stg_customers ........................ [RUN]
[2026-08-09T13:56:42.235+0000] {docker.py:69} INFO - [0m13:56:42  2 of 9 START sql incremental model silver.stg_orders ........................... [RUN]
[2026-08-09T13:56:42.236+0000] {docker.py:69} INFO - [0m13:56:42  3 of 9 START sql incremental model silver.stg_refunds .......................... [RUN]
[2026-08-09T13:56:42.238+0000] {docker.py:69} INFO - [0m13:56:42  4 of 9 START sql table model silver.stg_subscriptions .......................... [RUN]
[2026-08-09T13:56:43.975+0000] {docker.py:69} INFO - [0m13:56:43  3 of 9 OK created sql incremental model silver.stg_refunds ..................... [[32mMERGE (2.0 rows, 33.1 KiB processed)[0m in 1.73s]
[2026-08-09T13:56:43.977+0000] {docker.py:69} INFO - [0m13:56:43  1 of 9 OK created sql incremental model silver.stg_customers ................... [[32mMERGE (45.0 rows, 24.9 KiB processed)[0m in 1.73s]
[2026-08-09T13:56:44.043+0000] {docker.py:69} INFO - [0m13:56:44  4 of 9 OK created sql table model silver.stg_subscriptions ..................... [[32mCREATE TABLE (35.0 rows, 2.6 KiB processed)[0m in 1.80s]
[2026-08-09T13:56:44.047+0000] {docker.py:69} INFO - [0m13:56:44  5 of 9 START sql table model gold.fact_subscription_churn ...................... [RUN]
[2026-08-09T13:56:44.198+0000] {docker.py:69} INFO - [0m13:56:44  2 of 9 OK created sql incremental model silver.stg_orders ...................... [[32mMERGE (60.0 rows, 45.1 KiB processed)[0m in 1.96s]
[2026-08-09T13:56:44.203+0000] {docker.py:69} INFO - [0m13:56:44  6 of 9 START sql table model gold.fact_customer_health ......................... [RUN]
[2026-08-09T13:56:44.204+0000] {docker.py:69} INFO - [0m13:56:44  7 of 9 START sql table model gold.fact_customer_rfm ............................ [RUN]
[2026-08-09T13:56:44.205+0000] {docker.py:69} INFO - [0m13:56:44  8 of 9 START sql table model gold.fact_refund_alerts ........................... [RUN]
[2026-08-09T13:56:45.583+0000] {docker.py:69} INFO - [0m13:56:45  5 of 9 OK created sql table model gold.fact_subscription_churn ................. [[32mCREATE TABLE (35.0 rows, 1.7 KiB processed)[0m in 1.53s]
[2026-08-09T13:56:45.587+0000] {docker.py:69} INFO - [0m13:56:45  9 of 9 START sql table model gold.fact_weekly_revenue .......................... [RUN]
[2026-08-09T13:56:45.721+0000] {docker.py:69} INFO - [0m13:56:45  6 of 9 OK created sql table model gold.fact_customer_health .................... [[32mCREATE TABLE (133.0 rows, 16.8 KiB processed)[0m in 1.51s]
[2026-08-09T13:56:46.280+0000] {docker.py:69} INFO - [0m13:56:46  7 of 9 OK created sql table model gold.fact_customer_rfm ....................... [[32mCREATE TABLE (133.0 rows, 21.5 KiB processed)[0m in 2.07s]
[2026-08-09T13:56:46.286+0000] {docker.py:69} INFO - [0m13:56:46  8 of 9 OK created sql table model gold.fact_refund_alerts ...................... [[32mCREATE TABLE (13.0 rows, 3.3 KiB processed)[0m in 2.08s]
[2026-08-09T13:56:46.838+0000] {docker.py:69} INFO - [0m13:56:46  9 of 9 OK created sql table model gold.fact_weekly_revenue ..................... [[32mCREATE TABLE (6.0 rows, 11.8 KiB processed)[0m in 1.25s]
[2026-08-09T13:56:46.856+0000] {docker.py:69} INFO - [0m13:56:46
[2026-08-09T13:56:46.857+0000] {docker.py:69} INFO - [0m13:56:46  Finished running 3 incremental models, 6 table models in 0 hours 0 minutes and 5.61 seconds (5.61s).
[2026-08-09T13:56:46.993+0000] {docker.py:69} INFO - [0m13:56:46
[2026-08-09T13:56:46.994+0000] {docker.py:69} INFO - [0m13:56:46  [32mCompleted successfully[0m
[2026-08-09T13:56:46.995+0000] {docker.py:69} INFO - [0m13:56:46
[2026-08-09T13:56:46.996+0000] {docker.py:69} INFO - [0m13:56:46  Done. PASS=9 WARN=0 ERROR=0 SKIP=0 NO-OP=0 REUSED=0 TOTAL=9
[2026-08-09T13:56:48.967+0000] {taskinstance.py:341} INFO - ::group::Post task execution logs
[2026-08-09T13:56:48.969+0000] {taskinstance.py:353} INFO - Marking task as SUCCESS. dag_id=brewline_pipeline_bigquery, task_id=dbt_run_bigquery, run_id=backfill__2026-07-14T00:00:00+00:00, execution_date=20260714T000000, start_date=20260809T135626, end_date=20260809T135648
[2026-08-09T13:56:49.003+0000] {logging_mixin.py:190} INFO - Task instance in success state
[2026-08-09T13:56:49.005+0000] {logging_mixin.py:190} INFO -  Previous state of the Task instance: running
[2026-08-09T13:56:49.006+0000] {logging_mixin.py:190} INFO - Dag name:brewline_pipeline_bigquery queued_at:None
[2026-08-09T13:56:49.007+0000] {logging_mixin.py:190} INFO - Task hostname:5224a343584d operator:DockerOperator
[2026-08-09T13:56:49.039+0000] {local_task_job_runner.py:266} INFO - Task exited with return code 0
[2026-08-09T13:56:49.058+0000] {taskinstance.py:3901} INFO - 1 downstream tasks scheduled from follow-on schedule check
[2026-08-09T13:56:49.061+0000] {local_task_job_runner.py:245} INFO - ::endgroup::
