[2026-08-11T05:50:57.807+0000] {local_task_job_runner.py:123} INFO - ::group::Pre task execution logs
[2026-08-11T05:50:57.831+0000] {taskinstance.py:2614} INFO - Dependencies all met for dep_context=non-requeueable deps ti=<TaskInstance: brewline_pipeline_bigquery.dbt_run_bigquery backfill__2026-07-14T00:00:00+00:00 [queued]>
[2026-08-11T05:50:57.844+0000] {taskinstance.py:2614} INFO - Dependencies all met for dep_context=requeueable deps ti=<TaskInstance: brewline_pipeline_bigquery.dbt_run_bigquery backfill__2026-07-14T00:00:00+00:00 [queued]>
[2026-08-11T05:50:57.845+0000] {taskinstance.py:2867} INFO - Starting attempt 2 of 2
[2026-08-11T05:50:57.861+0000] {taskinstance.py:2890} INFO - Executing <Task(DockerOperator): dbt_run_bigquery> on 2026-07-14 00:00:00+00:00
[2026-08-11T05:50:57.871+0000] {warnings.py:112} WARNING - /home/***/.local/lib/python3.12/site-packages/***/task/task_runner/standard_task_runner.py:70: DeprecationWarning: This process (pid=1139) is multi-threaded, use of fork() may lead to deadlocks in the child.
  pid = os.fork()

[2026-08-11T05:50:57.873+0000] {standard_task_runner.py:72} INFO - Started process 1141 to run task
[2026-08-11T05:50:57.873+0000] {standard_task_runner.py:104} INFO - Running: ['***', 'tasks', 'run', 'brewline_pipeline_bigquery', 'dbt_run_bigquery', 'backfill__2026-07-14T00:00:00+00:00', '--job-id', '91', '--pool', 'default_pool', '--raw', '--subdir', 'DAGS_FOLDER/brewline_pipeline_bigquery_dag.py', '--cfg-path', '/tmp/tmp9z09lo_j']
[2026-08-11T05:50:57.874+0000] {standard_task_runner.py:105} INFO - Job 91: Subtask dbt_run_bigquery
[2026-08-11T05:50:57.934+0000] {task_command.py:467} INFO - Running <TaskInstance: brewline_pipeline_bigquery.dbt_run_bigquery backfill__2026-07-14T00:00:00+00:00 [running]> on host 5224a343584d
[2026-08-11T05:50:58.027+0000] {taskinstance.py:3134} INFO - Exporting env vars: AIRFLOW_CTX_DAG_OWNER='***' AIRFLOW_CTX_DAG_ID='brewline_pipeline_bigquery' AIRFLOW_CTX_TASK_ID='dbt_run_bigquery' AIRFLOW_CTX_EXECUTION_DATE='2026-07-14T00:00:00+00:00' AIRFLOW_CTX_TRY_NUMBER='2' AIRFLOW_CTX_DAG_RUN_ID='backfill__2026-07-14T00:00:00+00:00'
[2026-08-11T05:50:58.029+0000] {logging_mixin.py:190} INFO - Task instance is in running state
[2026-08-11T05:50:58.030+0000] {logging_mixin.py:190} INFO -  Previous state of the Task instance: queued
[2026-08-11T05:50:58.031+0000] {logging_mixin.py:190} INFO - Current task name:dbt_run_bigquery state:running start_date:2026-08-11 05:50:57.832965+00:00
[2026-08-11T05:50:58.032+0000] {logging_mixin.py:190} INFO - Dag name:brewline_pipeline_bigquery and current dag run status:running
[2026-08-11T05:50:58.032+0000] {taskinstance.py:732} INFO - ::endgroup::
[2026-08-11T05:50:58.091+0000] {docker.py:345} INFO - Starting docker container from image brewline-dbt:latest
[2026-08-11T05:51:00.430+0000] {docker.py:69} INFO - [0m05:51:00  Running with dbt=1.12.0
[2026-08-11T05:51:01.130+0000] {docker.py:69} INFO - [0m05:51:01  Installing dbt-labs/dbt_utils
[2026-08-11T05:51:06.086+0000] {docker.py:69} INFO - [0m05:51:06  Installed from version 1.4.1
[2026-08-11T05:51:06.087+0000] {docker.py:69} INFO - [0m05:51:06  Up to date!
[2026-08-11T05:51:09.129+0000] {docker.py:69} INFO - [0m05:51:09  Running with dbt=1.12.0
[2026-08-11T05:51:10.390+0000] {docker.py:69} INFO - [0m05:51:10  Registered adapter: bigquery=1.12.0
[2026-08-11T05:51:11.458+0000] {docker.py:69} INFO - [0m05:51:11  Found 9 models, 52 data tests, 2 seeds, 5 sources, 699 macros
[2026-08-11T05:51:11.463+0000] {docker.py:69} INFO - [0m05:51:11
[2026-08-11T05:51:11.464+0000] {docker.py:69} INFO - [0m05:51:11  Concurrency: 4 threads (target='bigquery')
[2026-08-11T05:51:11.465+0000] {docker.py:69} INFO - [0m05:51:11
[2026-08-11T05:51:11.480+0000] {docker.py:69} INFO - WARNING:google.auth._default:No project ID could be determined. Consider running `gcloud config set project` or setting the GOOGLE_CLOUD_PROJECT environment variable
[2026-08-11T05:51:11.481+0000] {docker.py:69} INFO - WARNING:google.auth._default:No project ID could be determined. Consider running `gcloud config set project` or setting the GOOGLE_CLOUD_PROJECT environment variable
[2026-08-11T05:51:12.405+0000] {docker.py:69} INFO - [0m05:51:12  1 of 9 START sql incremental model silver.stg_customers ........................ [RUN]
[2026-08-11T05:51:12.407+0000] {docker.py:69} INFO - [0m05:51:12  2 of 9 START sql incremental model silver.stg_orders ........................... [RUN]
[2026-08-11T05:51:12.408+0000] {docker.py:69} INFO - [0m05:51:12  3 of 9 START sql incremental model silver.stg_refunds .......................... [RUN]
[2026-08-11T05:51:12.409+0000] {docker.py:69} INFO - [0m05:51:12  4 of 9 START sql table model silver.stg_subscriptions .......................... [RUN]
[2026-08-11T05:51:14.195+0000] {docker.py:69} INFO - [0m05:51:14  1 of 9 OK created sql incremental model silver.stg_customers ................... [[32mMERGE (45.0 rows, 24.9 KiB processed)[0m in 1.78s]
[2026-08-11T05:51:14.200+0000] {docker.py:69} INFO - [0m05:51:14  3 of 9 OK created sql incremental model silver.stg_refunds ..................... [[32mMERGE (2.0 rows, 55.5 KiB processed)[0m in 1.79s]
[2026-08-11T05:51:14.236+0000] {docker.py:69} INFO - [0m05:51:14  4 of 9 OK created sql table model silver.stg_subscriptions ..................... [[32mCREATE TABLE (35.0 rows, 2.6 KiB processed)[0m in 1.82s]
[2026-08-11T05:51:14.242+0000] {docker.py:69} INFO - [0m05:51:14  5 of 9 START sql table model gold.fact_subscription_churn ...................... [RUN]
[2026-08-11T05:51:14.442+0000] {docker.py:69} INFO - [0m05:51:14  2 of 9 OK created sql incremental model silver.stg_orders ...................... [[32mMERGE (60.0 rows, 53.3 KiB processed)[0m in 2.03s]
[2026-08-11T05:51:14.447+0000] {docker.py:69} INFO - [0m05:51:14  6 of 9 START sql table model gold.fact_customer_health ......................... [RUN]
[2026-08-11T05:51:14.450+0000] {docker.py:69} INFO - [0m05:51:14  7 of 9 START sql table model gold.fact_customer_rfm ............................ [RUN]
[2026-08-11T05:51:14.451+0000] {docker.py:69} INFO - [0m05:51:14  8 of 9 START sql table model gold.fact_refund_alerts ........................... [RUN]
[2026-08-11T05:51:15.562+0000] {docker.py:69} INFO - [0m05:51:15  5 of 9 OK created sql table model gold.fact_subscription_churn ................. [[32mCREATE TABLE (35.0 rows, 1.7 KiB processed)[0m in 1.32s]
[2026-08-11T05:51:15.566+0000] {docker.py:69} INFO - [0m05:51:15  9 of 9 START sql table model gold.fact_weekly_revenue .......................... [RUN]
[2026-08-11T05:51:16.009+0000] {docker.py:69} INFO - [0m05:51:16  6 of 9 OK created sql table model gold.fact_customer_health .................... [[32mCREATE TABLE (133.0 rows, 16.8 KiB processed)[0m in 1.55s]
[2026-08-11T05:51:16.551+0000] {docker.py:69} INFO - [0m05:51:16  7 of 9 OK created sql table model gold.fact_customer_rfm ....................... [[32mCREATE TABLE (133.0 rows, 24.8 KiB processed)[0m in 2.09s]
[2026-08-11T05:51:16.583+0000] {docker.py:69} INFO - [0m05:51:16  8 of 9 OK created sql table model gold.fact_refund_alerts ...................... [[32mCREATE TABLE (13.0 rows, 3.3 KiB processed)[0m in 2.12s]
[2026-08-11T05:51:16.792+0000] {docker.py:69} INFO - [0m05:51:16  9 of 9 OK created sql table model gold.fact_weekly_revenue ..................... [[32mCREATE TABLE (6.0 rows, 15.1 KiB processed)[0m in 1.22s]
[2026-08-11T05:51:16.801+0000] {docker.py:69} INFO - [0m05:51:16
[2026-08-11T05:51:16.802+0000] {docker.py:69} INFO - [0m05:51:16  Finished running 3 incremental models, 6 table models in 0 hours 0 minutes and 5.33 seconds (5.33s).
[2026-08-11T05:51:16.935+0000] {docker.py:69} INFO - [0m05:51:16
[2026-08-11T05:51:16.936+0000] {docker.py:69} INFO - [0m05:51:16  [32mCompleted successfully[0m
[2026-08-11T05:51:16.937+0000] {docker.py:69} INFO - [0m05:51:16
[2026-08-11T05:51:16.938+0000] {docker.py:69} INFO - [0m05:51:16  Done. PASS=9 WARN=0 ERROR=0 SKIP=0 NO-OP=0 REUSED=0 TOTAL=9
[2026-08-11T05:51:18.980+0000] {taskinstance.py:341} INFO - ::group::Post task execution logs
[2026-08-11T05:51:18.981+0000] {taskinstance.py:353} INFO - Marking task as SUCCESS. dag_id=brewline_pipeline_bigquery, task_id=dbt_run_bigquery, run_id=backfill__2026-07-14T00:00:00+00:00, execution_date=20260714T000000, start_date=20260811T055057, end_date=20260811T055118
[2026-08-11T05:51:19.040+0000] {logging_mixin.py:190} INFO - Task instance in success state
[2026-08-11T05:51:19.042+0000] {logging_mixin.py:190} INFO -  Previous state of the Task instance: running
[2026-08-11T05:51:19.044+0000] {logging_mixin.py:190} INFO - Dag name:brewline_pipeline_bigquery queued_at:2026-08-11 05:31:04.355979+00:00
[2026-08-11T05:51:19.046+0000] {logging_mixin.py:190} INFO - Task hostname:5224a343584d operator:DockerOperator
[2026-08-11T05:51:19.094+0000] {local_task_job_runner.py:266} INFO - Task exited with return code 0
[2026-08-11T05:51:19.130+0000] {taskinstance.py:3901} INFO - 1 downstream tasks scheduled from follow-on schedule check
[2026-08-11T05:51:19.134+0000] {local_task_job_runner.py:245} INFO - ::endgroup::
