[2026-08-11T06:11:44.515+0000] {local_task_job_runner.py:123} INFO - ::group::Pre task execution logs
[2026-08-11T06:11:44.545+0000] {taskinstance.py:2614} INFO - Dependencies all met for dep_context=non-requeueable deps ti=<TaskInstance: brewline_pipeline_bigquery.dbt_run_bigquery backfill__2026-07-29T00:00:00+00:00 [queued]>
[2026-08-11T06:11:44.560+0000] {taskinstance.py:2614} INFO - Dependencies all met for dep_context=requeueable deps ti=<TaskInstance: brewline_pipeline_bigquery.dbt_run_bigquery backfill__2026-07-29T00:00:00+00:00 [queued]>
[2026-08-11T06:11:44.561+0000] {taskinstance.py:2867} INFO - Starting attempt 1 of 1
[2026-08-11T06:11:44.580+0000] {taskinstance.py:2890} INFO - Executing <Task(DockerOperator): dbt_run_bigquery> on 2026-07-29 00:00:00+00:00
[2026-08-11T06:11:44.593+0000] {warnings.py:112} WARNING - /home/***/.local/lib/python3.12/site-packages/***/task/task_runner/standard_task_runner.py:70: DeprecationWarning: This process (pid=1586) is multi-threaded, use of fork() may lead to deadlocks in the child.
  pid = os.fork()

[2026-08-11T06:11:44.596+0000] {standard_task_runner.py:72} INFO - Started process 1588 to run task
[2026-08-11T06:11:44.596+0000] {standard_task_runner.py:104} INFO - Running: ['***', 'tasks', 'run', 'brewline_pipeline_bigquery', 'dbt_run_bigquery', 'backfill__2026-07-29T00:00:00+00:00', '--job-id', '136', '--pool', 'default_pool', '--raw', '--subdir', 'DAGS_FOLDER/brewline_pipeline_bigquery_dag.py', '--cfg-path', '/tmp/tmp0ry4120o']
[2026-08-11T06:11:44.598+0000] {standard_task_runner.py:105} INFO - Job 136: Subtask dbt_run_bigquery
[2026-08-11T06:11:44.674+0000] {task_command.py:467} INFO - Running <TaskInstance: brewline_pipeline_bigquery.dbt_run_bigquery backfill__2026-07-29T00:00:00+00:00 [running]> on host 5224a343584d
[2026-08-11T06:11:44.794+0000] {taskinstance.py:3134} INFO - Exporting env vars: AIRFLOW_CTX_DAG_OWNER='***' AIRFLOW_CTX_DAG_ID='brewline_pipeline_bigquery' AIRFLOW_CTX_TASK_ID='dbt_run_bigquery' AIRFLOW_CTX_EXECUTION_DATE='2026-07-29T00:00:00+00:00' AIRFLOW_CTX_TRY_NUMBER='1' AIRFLOW_CTX_DAG_RUN_ID='backfill__2026-07-29T00:00:00+00:00'
[2026-08-11T06:11:44.797+0000] {logging_mixin.py:190} INFO - Task instance is in running state
[2026-08-11T06:11:44.798+0000] {logging_mixin.py:190} INFO -  Previous state of the Task instance: queued
[2026-08-11T06:11:44.798+0000] {logging_mixin.py:190} INFO - Current task name:dbt_run_bigquery state:running start_date:2026-08-11 06:11:44.547029+00:00
[2026-08-11T06:11:44.799+0000] {logging_mixin.py:190} INFO - Dag name:brewline_pipeline_bigquery and current dag run status:running
[2026-08-11T06:11:44.801+0000] {taskinstance.py:732} INFO - ::endgroup::
[2026-08-11T06:11:44.872+0000] {docker.py:345} INFO - Starting docker container from image brewline-dbt:latest
[2026-08-11T06:11:47.314+0000] {docker.py:69} INFO - [0m06:11:47  Running with dbt=1.12.0
[2026-08-11T06:11:47.922+0000] {docker.py:69} INFO - [0m06:11:47  Installing dbt-labs/dbt_utils
[2026-08-11T06:11:53.099+0000] {docker.py:69} INFO - [0m06:11:53  Installed from version 1.4.1
[2026-08-11T06:11:53.100+0000] {docker.py:69} INFO - [0m06:11:53  Up to date!
[2026-08-11T06:11:56.163+0000] {docker.py:69} INFO - [0m06:11:56  Running with dbt=1.12.0
[2026-08-11T06:11:57.668+0000] {docker.py:69} INFO - [0m06:11:57  Registered adapter: bigquery=1.12.0
[2026-08-11T06:11:58.847+0000] {docker.py:69} INFO - [0m06:11:58  Found 9 models, 52 data tests, 2 seeds, 5 sources, 699 macros
[2026-08-11T06:11:58.853+0000] {docker.py:69} INFO - [0m06:11:58
[2026-08-11T06:11:58.854+0000] {docker.py:69} INFO - [0m06:11:58  Concurrency: 4 threads (target='bigquery')
[2026-08-11T06:11:58.855+0000] {docker.py:69} INFO - [0m06:11:58
[2026-08-11T06:11:58.870+0000] {docker.py:69} INFO - WARNING:google.auth._default:No project ID could be determined. Consider running `gcloud config set project` or setting the GOOGLE_CLOUD_PROJECT environment variable
[2026-08-11T06:11:58.871+0000] {docker.py:69} INFO - WARNING:google.auth._default:No project ID could be determined. Consider running `gcloud config set project` or setting the GOOGLE_CLOUD_PROJECT environment variable
[2026-08-11T06:12:01.131+0000] {docker.py:69} INFO - [0m06:12:01  1 of 9 START sql incremental model silver.stg_customers ........................ [RUN]
[2026-08-11T06:12:01.133+0000] {docker.py:69} INFO - [0m06:12:01  2 of 9 START sql incremental model silver.stg_orders ........................... [RUN]
[2026-08-11T06:12:01.135+0000] {docker.py:69} INFO - [0m06:12:01  3 of 9 START sql incremental model silver.stg_refunds .......................... [RUN]
[2026-08-11T06:12:01.136+0000] {docker.py:69} INFO - [0m06:12:01  4 of 9 START sql table model silver.stg_subscriptions .......................... [RUN]
[2026-08-11T06:12:03.242+0000] {docker.py:69} INFO - [0m06:12:03  2 of 9 OK created sql incremental model silver.stg_orders ...................... [[32mMERGE (51.0 rows, 164.9 KiB processed)[0m in 2.10s]
[2026-08-11T06:12:03.247+0000] {docker.py:69} INFO - [0m06:12:03  5 of 9 START sql table model gold.fact_weekly_revenue .......................... [RUN]
[2026-08-11T06:12:03.464+0000] {docker.py:69} INFO - [0m06:12:03  3 of 9 OK created sql incremental model silver.stg_refunds ..................... [[32mMERGE (0.0 rows, 103.0 KiB processed)[0m in 2.32s]
[2026-08-11T06:12:03.468+0000] {docker.py:69} INFO - [0m06:12:03  6 of 9 START sql table model gold.fact_refund_alerts ........................... [RUN]
[2026-08-11T06:12:04.659+0000] {docker.py:69} INFO - [0m06:12:04  4 of 9 OK created sql table model silver.stg_subscriptions ..................... [[32mCREATE TABLE (38.0 rows, 3.1 KiB processed)[0m in 3.52s]
[2026-08-11T06:12:04.664+0000] {docker.py:69} INFO - [0m06:12:04  7 of 9 START sql table model gold.fact_subscription_churn ...................... [RUN]
[2026-08-11T06:12:05.029+0000] {docker.py:69} INFO - [0m06:12:05  5 of 9 OK created sql table model gold.fact_weekly_revenue ..................... [[32mCREATE TABLE (12.0 rows, 47.0 KiB processed)[0m in 1.78s]
[2026-08-11T06:12:05.791+0000] {docker.py:69} INFO - [0m06:12:05  6 of 9 OK created sql table model gold.fact_refund_alerts ...................... [[32mCREATE TABLE (23.0 rows, 10.5 KiB processed)[0m in 2.32s]
[2026-08-11T06:12:06.992+0000] {docker.py:69} INFO - [0m06:12:06  7 of 9 OK created sql table model gold.fact_subscription_churn ................. [[32mCREATE TABLE (35.0 rows, 2.0 KiB processed)[0m in 2.32s]
[2026-08-11T06:12:07.939+0000] {docker.py:69} INFO - [0m06:12:07  1 of 9 OK created sql incremental model silver.stg_customers ................... [[32mMERGE (39.0 rows, 73.2 KiB processed)[0m in 6.80s]
[2026-08-11T06:12:07.945+0000] {docker.py:69} INFO - [0m06:12:07  8 of 9 START sql table model gold.fact_customer_health ......................... [RUN]
[2026-08-11T06:12:07.946+0000] {docker.py:69} INFO - [0m06:12:07  9 of 9 START sql table model gold.fact_customer_rfm ............................ [RUN]
[2026-08-11T06:12:10.503+0000] {docker.py:69} INFO - [0m06:12:10  9 of 9 OK created sql table model gold.fact_customer_rfm ....................... [[32mCREATE TABLE (160.0 rows, 66.9 KiB processed)[0m in 2.55s]
[2026-08-11T06:12:18.626+0000] {docker.py:69} INFO - [0m06:12:18  8 of 9 OK created sql table model gold.fact_customer_health .................... [[32mCREATE TABLE (160.0 rows, 44.6 KiB processed)[0m in 10.68s]
[2026-08-11T06:12:18.636+0000] {docker.py:69} INFO - [0m06:12:18
[2026-08-11T06:12:18.637+0000] {docker.py:69} INFO - [0m06:12:18  Finished running 3 incremental models, 6 table models in 0 hours 0 minutes and 19.78 seconds (19.78s).
[2026-08-11T06:12:18.806+0000] {docker.py:69} INFO - [0m06:12:18
[2026-08-11T06:12:18.807+0000] {docker.py:69} INFO - [0m06:12:18  [32mCompleted successfully[0m
[2026-08-11T06:12:18.809+0000] {docker.py:69} INFO - [0m06:12:18
[2026-08-11T06:12:18.811+0000] {docker.py:69} INFO - [0m06:12:18  Done. PASS=9 WARN=0 ERROR=0 SKIP=0 NO-OP=0 REUSED=0 TOTAL=9
[2026-08-11T06:12:20.905+0000] {taskinstance.py:341} INFO - ::group::Post task execution logs
[2026-08-11T06:12:20.906+0000] {taskinstance.py:353} INFO - Marking task as SUCCESS. dag_id=brewline_pipeline_bigquery, task_id=dbt_run_bigquery, run_id=backfill__2026-07-29T00:00:00+00:00, execution_date=20260729T000000, start_date=20260811T061144, end_date=20260811T061220
[2026-08-11T06:12:20.949+0000] {logging_mixin.py:190} INFO - Task instance in success state
[2026-08-11T06:12:20.951+0000] {logging_mixin.py:190} INFO -  Previous state of the Task instance: running
[2026-08-11T06:12:20.953+0000] {logging_mixin.py:190} INFO - Dag name:brewline_pipeline_bigquery queued_at:None
[2026-08-11T06:12:20.955+0000] {logging_mixin.py:190} INFO - Task hostname:5224a343584d operator:DockerOperator
[2026-08-11T06:12:20.995+0000] {local_task_job_runner.py:266} INFO - Task exited with return code 0
[2026-08-11T06:12:21.025+0000] {taskinstance.py:3901} INFO - 1 downstream tasks scheduled from follow-on schedule check
[2026-08-11T06:12:21.029+0000] {local_task_job_runner.py:245} INFO - ::endgroup::
