[2026-08-09T13:58:56.828+0000] {local_task_job_runner.py:123} INFO - ::group::Pre task execution logs
[2026-08-09T13:58:56.847+0000] {taskinstance.py:2614} INFO - Dependencies all met for dep_context=non-requeueable deps ti=<TaskInstance: brewline_pipeline_bigquery.dbt_run_bigquery backfill__2026-07-16T00:00:00+00:00 [queued]>
[2026-08-09T13:58:56.857+0000] {taskinstance.py:2614} INFO - Dependencies all met for dep_context=requeueable deps ti=<TaskInstance: brewline_pipeline_bigquery.dbt_run_bigquery backfill__2026-07-16T00:00:00+00:00 [queued]>
[2026-08-09T13:58:56.858+0000] {taskinstance.py:2867} INFO - Starting attempt 1 of 1
[2026-08-09T13:58:56.873+0000] {taskinstance.py:2890} INFO - Executing <Task(DockerOperator): dbt_run_bigquery> on 2026-07-16 00:00:00+00:00
[2026-08-09T13:58:56.885+0000] {warnings.py:112} WARNING - /home/***/.local/lib/python3.12/site-packages/***/task/task_runner/standard_task_runner.py:70: DeprecationWarning: This process (pid=288) is multi-threaded, use of fork() may lead to deadlocks in the child.
  pid = os.fork()

[2026-08-09T13:58:56.887+0000] {standard_task_runner.py:72} INFO - Started process 290 to run task
[2026-08-09T13:58:56.887+0000] {standard_task_runner.py:104} INFO - Running: ['***', 'tasks', 'run', 'brewline_pipeline_bigquery', 'dbt_run_bigquery', 'backfill__2026-07-16T00:00:00+00:00', '--job-id', '24', '--pool', 'default_pool', '--raw', '--subdir', 'DAGS_FOLDER/brewline_pipeline_bigquery_dag.py', '--cfg-path', '/tmp/tmpyiklsmlt']
[2026-08-09T13:58:56.889+0000] {standard_task_runner.py:105} INFO - Job 24: Subtask dbt_run_bigquery
[2026-08-09T13:58:56.940+0000] {task_command.py:467} INFO - Running <TaskInstance: brewline_pipeline_bigquery.dbt_run_bigquery backfill__2026-07-16T00:00:00+00:00 [running]> on host 5224a343584d
[2026-08-09T13:58:57.025+0000] {taskinstance.py:3134} INFO - Exporting env vars: AIRFLOW_CTX_DAG_OWNER='***' AIRFLOW_CTX_DAG_ID='brewline_pipeline_bigquery' AIRFLOW_CTX_TASK_ID='dbt_run_bigquery' AIRFLOW_CTX_EXECUTION_DATE='2026-07-16T00:00:00+00:00' AIRFLOW_CTX_TRY_NUMBER='1' AIRFLOW_CTX_DAG_RUN_ID='backfill__2026-07-16T00:00:00+00:00'
[2026-08-09T13:58:57.027+0000] {logging_mixin.py:190} INFO - Task instance is in running state
[2026-08-09T13:58:57.027+0000] {logging_mixin.py:190} INFO -  Previous state of the Task instance: queued
[2026-08-09T13:58:57.028+0000] {logging_mixin.py:190} INFO - Current task name:dbt_run_bigquery state:running start_date:2026-08-09 13:58:56.848923+00:00
[2026-08-09T13:58:57.029+0000] {logging_mixin.py:190} INFO - Dag name:brewline_pipeline_bigquery and current dag run status:running
[2026-08-09T13:58:57.029+0000] {taskinstance.py:732} INFO - ::endgroup::
[2026-08-09T13:58:57.077+0000] {docker.py:345} INFO - Starting docker container from image brewline-dbt:latest
[2026-08-09T13:58:59.128+0000] {docker.py:69} INFO - [0m13:58:59  Running with dbt=1.12.0
[2026-08-09T13:58:59.601+0000] {docker.py:69} INFO - [0m13:58:59  Installing dbt-labs/dbt_utils
[2026-08-09T13:59:04.411+0000] {docker.py:69} INFO - [0m13:59:04  Installed from version 1.4.1
[2026-08-09T13:59:04.412+0000] {docker.py:69} INFO - [0m13:59:04  Up to date!
[2026-08-09T13:59:08.308+0000] {docker.py:69} INFO - [0m13:59:08  Running with dbt=1.12.0
[2026-08-09T13:59:09.688+0000] {docker.py:69} INFO - [0m13:59:09  Registered adapter: bigquery=1.12.0
[2026-08-09T13:59:10.923+0000] {docker.py:69} INFO - [0m13:59:10  Found 9 models, 52 data tests, 2 seeds, 5 sources, 699 macros
[2026-08-09T13:59:10.929+0000] {docker.py:69} INFO - [0m13:59:10
[2026-08-09T13:59:10.931+0000] {docker.py:69} INFO - [0m13:59:10  Concurrency: 4 threads (target='bigquery')
[2026-08-09T13:59:10.932+0000] {docker.py:69} INFO - [0m13:59:10
[2026-08-09T13:59:10.952+0000] {docker.py:69} INFO - WARNING:google.auth._default:No project ID could be determined. Consider running `gcloud config set project` or setting the GOOGLE_CLOUD_PROJECT environment variable
[2026-08-09T13:59:10.953+0000] {docker.py:69} INFO - WARNING:google.auth._default:No project ID could be determined. Consider running `gcloud config set project` or setting the GOOGLE_CLOUD_PROJECT environment variable
[2026-08-09T13:59:11.942+0000] {docker.py:69} INFO - [0m13:59:11  1 of 9 START sql incremental model silver.stg_customers ........................ [RUN]
[2026-08-09T13:59:11.943+0000] {docker.py:69} INFO - [0m13:59:11  2 of 9 START sql incremental model silver.stg_orders ........................... [RUN]
[2026-08-09T13:59:11.945+0000] {docker.py:69} INFO - [0m13:59:11  3 of 9 START sql incremental model silver.stg_refunds .......................... [RUN]
[2026-08-09T13:59:11.946+0000] {docker.py:69} INFO - [0m13:59:11  4 of 9 START sql table model silver.stg_subscriptions .......................... [RUN]
[2026-08-09T13:59:13.653+0000] {docker.py:69} INFO - [0m13:59:13  1 of 9 OK created sql incremental model silver.stg_customers ................... [[32mMERGE (43.0 rows, 32.1 KiB processed)[0m in 1.70s]
[2026-08-09T13:59:13.704+0000] {docker.py:69} INFO - [0m13:59:13  4 of 9 OK created sql table model silver.stg_subscriptions ..................... [[32mCREATE TABLE (38.0 rows, 2.9 KiB processed)[0m in 1.75s]
[2026-08-09T13:59:13.709+0000] {docker.py:69} INFO - [0m13:59:13  5 of 9 START sql table model gold.fact_subscription_churn ...................... [RUN]
[2026-08-09T13:59:13.902+0000] {docker.py:69} INFO - [0m13:59:13  2 of 9 OK created sql incremental model silver.stg_orders ...................... [[32mMERGE (59.0 rows, 58.5 KiB processed)[0m in 1.95s]
[2026-08-09T13:59:13.909+0000] {docker.py:69} INFO - [0m13:59:13  6 of 9 START sql table model gold.fact_customer_health ......................... [RUN]
[2026-08-09T13:59:13.914+0000] {docker.py:69} INFO - [0m13:59:13  7 of 9 START sql table model gold.fact_customer_rfm ............................ [RUN]
[2026-08-09T13:59:13.931+0000] {docker.py:69} INFO - [0m13:59:13  3 of 9 OK created sql incremental model silver.stg_refunds ..................... [[32mMERGE (0.0 rows, 42.0 KiB processed)[0m in 1.98s]
[2026-08-09T13:59:13.955+0000] {docker.py:69} INFO - [0m13:59:13  8 of 9 START sql table model gold.fact_weekly_revenue .......................... [RUN]
[2026-08-09T13:59:15.199+0000] {docker.py:69} INFO - [0m13:59:15  8 of 9 OK created sql table model gold.fact_weekly_revenue ..................... [[32mCREATE TABLE (6.0 rows, 15.1 KiB processed)[0m in 1.24s]
[2026-08-09T13:59:15.203+0000] {docker.py:69} INFO - [0m13:59:15  9 of 9 START sql table model gold.fact_refund_alerts ........................... [RUN]
[2026-08-09T13:59:15.250+0000] {docker.py:69} INFO - [0m13:59:15  5 of 9 OK created sql table model gold.fact_subscription_churn ................. [[32mCREATE TABLE (35.0 rows, 1.9 KiB processed)[0m in 1.54s]
[2026-08-09T13:59:15.469+0000] {docker.py:69} INFO - [0m13:59:15  6 of 9 OK created sql table model gold.fact_customer_health .................... [[32mCREATE TABLE (144.0 rows, 20.7 KiB processed)[0m in 1.55s]
[2026-08-09T13:59:16.000+0000] {docker.py:69} INFO - [0m13:59:15  7 of 9 OK created sql table model gold.fact_customer_rfm ....................... [[32mCREATE TABLE (144.0 rows, 26.5 KiB processed)[0m in 2.08s]
[2026-08-09T13:59:16.986+0000] {docker.py:69} INFO - [0m13:59:16  9 of 9 OK created sql table model gold.fact_refund_alerts ...................... [[32mCREATE TABLE (13.0 rows, 4.3 KiB processed)[0m in 1.78s]
[2026-08-09T13:59:16.998+0000] {docker.py:69} INFO - [0m13:59:16
[2026-08-09T13:59:17.000+0000] {docker.py:69} INFO - [0m13:59:16  Finished running 3 incremental models, 6 table models in 0 hours 0 minutes and 6.06 seconds (6.06s).
[2026-08-09T13:59:17.136+0000] {docker.py:69} INFO - [0m13:59:17
[2026-08-09T13:59:17.138+0000] {docker.py:69} INFO - [0m13:59:17  [32mCompleted successfully[0m
[2026-08-09T13:59:17.139+0000] {docker.py:69} INFO - [0m13:59:17
[2026-08-09T13:59:17.141+0000] {docker.py:69} INFO - [0m13:59:17  Done. PASS=9 WARN=0 ERROR=0 SKIP=0 NO-OP=0 REUSED=0 TOTAL=9
[2026-08-09T13:59:19.115+0000] {taskinstance.py:341} INFO - ::group::Post task execution logs
[2026-08-09T13:59:19.116+0000] {taskinstance.py:353} INFO - Marking task as SUCCESS. dag_id=brewline_pipeline_bigquery, task_id=dbt_run_bigquery, run_id=backfill__2026-07-16T00:00:00+00:00, execution_date=20260716T000000, start_date=20260809T135856, end_date=20260809T135919
[2026-08-09T13:59:19.147+0000] {logging_mixin.py:190} INFO - Task instance in success state
[2026-08-09T13:59:19.148+0000] {logging_mixin.py:190} INFO -  Previous state of the Task instance: running
[2026-08-09T13:59:19.149+0000] {logging_mixin.py:190} INFO - Dag name:brewline_pipeline_bigquery queued_at:None
[2026-08-09T13:59:19.150+0000] {logging_mixin.py:190} INFO - Task hostname:5224a343584d operator:DockerOperator
[2026-08-09T13:59:19.183+0000] {local_task_job_runner.py:266} INFO - Task exited with return code 0
[2026-08-09T13:59:19.202+0000] {taskinstance.py:3901} INFO - 1 downstream tasks scheduled from follow-on schedule check
[2026-08-09T13:59:19.204+0000] {local_task_job_runner.py:245} INFO - ::endgroup::
