[2026-08-11T05:53:42.015+0000] {local_task_job_runner.py:123} INFO - ::group::Pre task execution logs
[2026-08-11T05:53:42.039+0000] {taskinstance.py:2614} INFO - Dependencies all met for dep_context=non-requeueable deps ti=<TaskInstance: brewline_pipeline_bigquery.dbt_run_bigquery backfill__2026-07-16T00:00:00+00:00 [queued]>
[2026-08-11T05:53:42.050+0000] {taskinstance.py:2614} INFO - Dependencies all met for dep_context=requeueable deps ti=<TaskInstance: brewline_pipeline_bigquery.dbt_run_bigquery backfill__2026-07-16T00:00:00+00:00 [queued]>
[2026-08-11T05:53:42.051+0000] {taskinstance.py:2867} INFO - Starting attempt 2 of 2
[2026-08-11T05:53:42.066+0000] {taskinstance.py:2890} INFO - Executing <Task(DockerOperator): dbt_run_bigquery> on 2026-07-16 00:00:00+00:00
[2026-08-11T05:53:42.075+0000] {warnings.py:112} WARNING - /home/***/.local/lib/python3.12/site-packages/***/task/task_runner/standard_task_runner.py:70: DeprecationWarning: This process (pid=1198) is multi-threaded, use of fork() may lead to deadlocks in the child.
  pid = os.fork()

[2026-08-11T05:53:42.077+0000] {standard_task_runner.py:72} INFO - Started process 1200 to run task
[2026-08-11T05:53:42.077+0000] {standard_task_runner.py:104} INFO - Running: ['***', 'tasks', 'run', 'brewline_pipeline_bigquery', 'dbt_run_bigquery', 'backfill__2026-07-16T00:00:00+00:00', '--job-id', '97', '--pool', 'default_pool', '--raw', '--subdir', 'DAGS_FOLDER/brewline_pipeline_bigquery_dag.py', '--cfg-path', '/tmp/tmpluxhou_6']
[2026-08-11T05:53:42.079+0000] {standard_task_runner.py:105} INFO - Job 97: Subtask dbt_run_bigquery
[2026-08-11T05:53:42.134+0000] {task_command.py:467} INFO - Running <TaskInstance: brewline_pipeline_bigquery.dbt_run_bigquery backfill__2026-07-16T00:00:00+00:00 [running]> on host 5224a343584d
[2026-08-11T05:53:42.232+0000] {taskinstance.py:3134} INFO - Exporting env vars: AIRFLOW_CTX_DAG_OWNER='***' AIRFLOW_CTX_DAG_ID='brewline_pipeline_bigquery' AIRFLOW_CTX_TASK_ID='dbt_run_bigquery' AIRFLOW_CTX_EXECUTION_DATE='2026-07-16T00:00:00+00:00' AIRFLOW_CTX_TRY_NUMBER='2' AIRFLOW_CTX_DAG_RUN_ID='backfill__2026-07-16T00:00:00+00:00'
[2026-08-11T05:53:42.234+0000] {logging_mixin.py:190} INFO - Task instance is in running state
[2026-08-11T05:53:42.235+0000] {logging_mixin.py:190} INFO -  Previous state of the Task instance: queued
[2026-08-11T05:53:42.235+0000] {logging_mixin.py:190} INFO - Current task name:dbt_run_bigquery state:running start_date:2026-08-11 05:53:42.040156+00:00
[2026-08-11T05:53:42.236+0000] {logging_mixin.py:190} INFO - Dag name:brewline_pipeline_bigquery and current dag run status:running
[2026-08-11T05:53:42.237+0000] {taskinstance.py:732} INFO - ::endgroup::
[2026-08-11T05:53:42.293+0000] {docker.py:345} INFO - Starting docker container from image brewline-dbt:latest
[2026-08-11T05:53:44.718+0000] {docker.py:69} INFO - [0m05:53:44  Running with dbt=1.12.0
[2026-08-11T05:53:45.245+0000] {docker.py:69} INFO - [0m05:53:45  Installing dbt-labs/dbt_utils
[2026-08-11T05:53:50.638+0000] {docker.py:69} INFO - [0m05:53:50  Installed from version 1.4.1
[2026-08-11T05:53:50.639+0000] {docker.py:69} INFO - [0m05:53:50  Up to date!
[2026-08-11T05:53:53.997+0000] {docker.py:69} INFO - [0m05:53:53  Running with dbt=1.12.0
[2026-08-11T05:53:55.351+0000] {docker.py:69} INFO - [0m05:53:55  Registered adapter: bigquery=1.12.0
[2026-08-11T05:53:56.496+0000] {docker.py:69} INFO - [0m05:53:56  Found 9 models, 52 data tests, 2 seeds, 5 sources, 699 macros
[2026-08-11T05:53:56.502+0000] {docker.py:69} INFO - [0m05:53:56
[2026-08-11T05:53:56.503+0000] {docker.py:69} INFO - [0m05:53:56  Concurrency: 4 threads (target='bigquery')
[2026-08-11T05:53:56.504+0000] {docker.py:69} INFO - [0m05:53:56
[2026-08-11T05:53:56.519+0000] {docker.py:69} INFO - WARNING:google.auth._default:No project ID could be determined. Consider running `gcloud config set project` or setting the GOOGLE_CLOUD_PROJECT environment variable
[2026-08-11T05:53:56.520+0000] {docker.py:69} INFO - WARNING:google.auth._default:No project ID could be determined. Consider running `gcloud config set project` or setting the GOOGLE_CLOUD_PROJECT environment variable
[2026-08-11T05:53:57.513+0000] {docker.py:69} INFO - [0m05:53:57  1 of 9 START sql incremental model silver.stg_customers ........................ [RUN]
[2026-08-11T05:53:57.515+0000] {docker.py:69} INFO - [0m05:53:57  2 of 9 START sql incremental model silver.stg_orders ........................... [RUN]
[2026-08-11T05:53:57.517+0000] {docker.py:69} INFO - [0m05:53:57  3 of 9 START sql incremental model silver.stg_refunds .......................... [RUN]
[2026-08-11T05:53:57.518+0000] {docker.py:69} INFO - [0m05:53:57  4 of 9 START sql table model silver.stg_subscriptions .......................... [RUN]
[2026-08-11T05:53:59.307+0000] {docker.py:69} INFO - [0m05:53:59  1 of 9 OK created sql incremental model silver.stg_customers ................... [[32mMERGE (43.0 rows, 32.1 KiB processed)[0m in 1.78s]
[2026-08-11T05:53:59.358+0000] {docker.py:69} INFO - [0m05:53:59  4 of 9 OK created sql table model silver.stg_subscriptions ..................... [[32mCREATE TABLE (38.0 rows, 2.9 KiB processed)[0m in 1.83s]
[2026-08-11T05:53:59.363+0000] {docker.py:69} INFO - [0m05:53:59  5 of 9 START sql table model gold.fact_subscription_churn ...................... [RUN]
[2026-08-11T05:53:59.540+0000] {docker.py:69} INFO - [0m05:53:59  2 of 9 OK created sql incremental model silver.stg_orders ...................... [[32mMERGE (59.0 rows, 68.6 KiB processed)[0m in 2.02s]
[2026-08-11T05:53:59.550+0000] {docker.py:69} INFO - [0m05:53:59  6 of 9 START sql table model gold.fact_customer_health ......................... [RUN]
[2026-08-11T05:53:59.552+0000] {docker.py:69} INFO - [0m05:53:59  7 of 9 START sql table model gold.fact_customer_rfm ............................ [RUN]
[2026-08-11T05:53:59.560+0000] {docker.py:69} INFO - [0m05:53:59  3 of 9 OK created sql incremental model silver.stg_refunds ..................... [[32mMERGE (0.0 rows, 61.2 KiB processed)[0m in 2.03s]
[2026-08-11T05:53:59.587+0000] {docker.py:69} INFO - [0m05:53:59  8 of 9 START sql table model gold.fact_weekly_revenue .......................... [RUN]
[2026-08-11T05:54:00.854+0000] {docker.py:69} INFO - [0m05:54:00  8 of 9 OK created sql table model gold.fact_weekly_revenue ..................... [[32mCREATE TABLE (6.0 rows, 19.3 KiB processed)[0m in 1.26s]
[2026-08-11T05:54:00.858+0000] {docker.py:69} INFO - [0m05:54:00  9 of 9 START sql table model gold.fact_refund_alerts ........................... [RUN]
[2026-08-11T05:54:01.058+0000] {docker.py:69} INFO - [0m05:54:01  5 of 9 OK created sql table model gold.fact_subscription_churn ................. [[32mCREATE TABLE (35.0 rows, 1.9 KiB processed)[0m in 1.69s]
[2026-08-11T05:54:01.092+0000] {docker.py:69} INFO - [0m05:54:01  6 of 9 OK created sql table model gold.fact_customer_health .................... [[32mCREATE TABLE (144.0 rows, 20.7 KiB processed)[0m in 1.53s]
[2026-08-11T05:54:01.637+0000] {docker.py:69} INFO - [0m05:54:01  7 of 9 OK created sql table model gold.fact_customer_rfm ....................... [[32mCREATE TABLE (144.0 rows, 30.8 KiB processed)[0m in 2.08s]
[2026-08-11T05:54:03.837+0000] {docker.py:69} INFO - [0m05:54:03  9 of 9 OK created sql table model gold.fact_refund_alerts ...................... [[32mCREATE TABLE (13.0 rows, 4.3 KiB processed)[0m in 2.91s]
[2026-08-11T05:54:03.854+0000] {docker.py:69} INFO - [0m05:54:03
[2026-08-11T05:54:03.865+0000] {docker.py:69} INFO - [0m05:54:03  Finished running 3 incremental models, 6 table models in 0 hours 0 minutes and 7.35 seconds (7.35s).
[2026-08-11T05:54:04.048+0000] {docker.py:69} INFO - [0m05:54:04
[2026-08-11T05:54:04.050+0000] {docker.py:69} INFO - [0m05:54:04  [32mCompleted successfully[0m
[2026-08-11T05:54:04.052+0000] {docker.py:69} INFO - [0m05:54:04
[2026-08-11T05:54:04.054+0000] {docker.py:69} INFO - [0m05:54:04  Done. PASS=9 WARN=0 ERROR=0 SKIP=0 NO-OP=0 REUSED=0 TOTAL=9
[2026-08-11T05:54:06.033+0000] {taskinstance.py:341} INFO - ::group::Post task execution logs
[2026-08-11T05:54:06.035+0000] {taskinstance.py:353} INFO - Marking task as SUCCESS. dag_id=brewline_pipeline_bigquery, task_id=dbt_run_bigquery, run_id=backfill__2026-07-16T00:00:00+00:00, execution_date=20260716T000000, start_date=20260811T055342, end_date=20260811T055406
[2026-08-11T05:54:06.076+0000] {logging_mixin.py:190} INFO - Task instance in success state
[2026-08-11T05:54:06.078+0000] {logging_mixin.py:190} INFO -  Previous state of the Task instance: running
[2026-08-11T05:54:06.079+0000] {logging_mixin.py:190} INFO - Dag name:brewline_pipeline_bigquery queued_at:2026-08-11 05:31:04.355913+00:00
[2026-08-11T05:54:06.081+0000] {logging_mixin.py:190} INFO - Task hostname:5224a343584d operator:DockerOperator
[2026-08-11T05:54:06.135+0000] {local_task_job_runner.py:266} INFO - Task exited with return code 0
[2026-08-11T05:54:06.158+0000] {taskinstance.py:3901} INFO - 1 downstream tasks scheduled from follow-on schedule check
[2026-08-11T05:54:06.161+0000] {local_task_job_runner.py:245} INFO - ::endgroup::
