[2026-08-09T14:09:58.091+0000] {local_task_job_runner.py:123} INFO - ::group::Pre task execution logs
[2026-08-09T14:09:58.106+0000] {taskinstance.py:2614} INFO - Dependencies all met for dep_context=non-requeueable deps ti=<TaskInstance: brewline_pipeline_bigquery.bronze_ingest_bigquery backfill__2026-07-25T00:00:00+00:00 [queued]>
[2026-08-09T14:09:58.117+0000] {taskinstance.py:2614} INFO - Dependencies all met for dep_context=requeueable deps ti=<TaskInstance: brewline_pipeline_bigquery.bronze_ingest_bigquery backfill__2026-07-25T00:00:00+00:00 [queued]>
[2026-08-09T14:09:58.118+0000] {taskinstance.py:2867} INFO - Starting attempt 1 of 1
[2026-08-09T14:09:58.132+0000] {taskinstance.py:2890} INFO - Executing <Task(DockerOperator): bronze_ingest_bigquery> on 2026-07-25 00:00:00+00:00
[2026-08-09T14:09:58.142+0000] {warnings.py:112} WARNING - /home/***/.local/lib/python3.12/site-packages/***/task/task_runner/standard_task_runner.py:70: DeprecationWarning: This process (pid=534) is multi-threaded, use of fork() may lead to deadlocks in the child.
  pid = os.fork()

[2026-08-09T14:09:58.144+0000] {standard_task_runner.py:72} INFO - Started process 536 to run task
[2026-08-09T14:09:58.144+0000] {standard_task_runner.py:104} INFO - Running: ['***', 'tasks', 'run', 'brewline_pipeline_bigquery', 'bronze_ingest_bigquery', 'backfill__2026-07-25T00:00:00+00:00', '--job-id', '50', '--pool', 'default_pool', '--raw', '--subdir', 'DAGS_FOLDER/brewline_pipeline_bigquery_dag.py', '--cfg-path', '/tmp/tmpujplnrhg']
[2026-08-09T14:09:58.145+0000] {standard_task_runner.py:105} INFO - Job 50: Subtask bronze_ingest_bigquery
[2026-08-09T14:09:58.204+0000] {task_command.py:467} INFO - Running <TaskInstance: brewline_pipeline_bigquery.bronze_ingest_bigquery backfill__2026-07-25T00:00:00+00:00 [running]> on host 5224a343584d
[2026-08-09T14:09:58.295+0000] {taskinstance.py:3134} INFO - Exporting env vars: AIRFLOW_CTX_DAG_OWNER='***' AIRFLOW_CTX_DAG_ID='brewline_pipeline_bigquery' AIRFLOW_CTX_TASK_ID='bronze_ingest_bigquery' AIRFLOW_CTX_EXECUTION_DATE='2026-07-25T00:00:00+00:00' AIRFLOW_CTX_TRY_NUMBER='1' AIRFLOW_CTX_DAG_RUN_ID='backfill__2026-07-25T00:00:00+00:00'
[2026-08-09T14:09:58.297+0000] {logging_mixin.py:190} INFO - Task instance is in running state
[2026-08-09T14:09:58.298+0000] {logging_mixin.py:190} INFO -  Previous state of the Task instance: queued
[2026-08-09T14:09:58.299+0000] {logging_mixin.py:190} INFO - Current task name:bronze_ingest_bigquery state:running start_date:2026-08-09 14:09:58.107604+00:00
[2026-08-09T14:09:58.300+0000] {logging_mixin.py:190} INFO - Dag name:brewline_pipeline_bigquery and current dag run status:running
[2026-08-09T14:09:58.301+0000] {taskinstance.py:732} INFO - ::endgroup::
[2026-08-09T14:09:58.361+0000] {docker.py:345} INFO - Starting docker container from image brewline-bronze:latest
[2026-08-09T14:10:03.826+0000] {docker.py:69} INFO - 2026-08-09 14:10:03,824 [INFO] bronze_bigquery: bronze.shopify_orders: 42 rows this run (partition 2026-07-25) -> gs://brewline-data-lake/bronze/source_name=shopify_orders/year=2026/month=07/day=25/part-0000.parquet, 748 total in BigQuery
[2026-08-09T14:10:07.976+0000] {docker.py:69} INFO - 2026-08-09 14:10:07,975 [INFO] bronze_bigquery: bronze.square_transactions: 47 rows this run (partition 2026-07-25) -> gs://brewline-data-lake/bronze/source_name=square_transactions/year=2026/month=07/day=25/part-0000.parquet, 741 total in BigQuery
[2026-08-09T14:10:09.337+0000] {docker.py:69} INFO - 2026-08-09 14:10:09,336 [INFO] bronze_bigquery: bronze.recharge_subscriptions: 38 rows this run (full snapshot replace) -> gs://brewline-data-lake/bronze/source_name=recharge_subscriptions/year=2026/month=07/day=25/part-0000.parquet, 38 total in BigQuery
[2026-08-09T14:10:13.104+0000] {docker.py:69} INFO - 2026-08-09 14:10:13,103 [INFO] bronze_bigquery: bronze.zendesk_tickets: 2 rows this run (partition 2026-07-25) -> gs://brewline-data-lake/bronze/source_name=zendesk_tickets/year=2026/month=07/day=25/part-0000.parquet, 31 total in BigQuery
[2026-08-09T14:10:16.593+0000] {docker.py:69} INFO - 2026-08-09 14:10:16,592 [INFO] bronze_bigquery: bronze.shipstation_shipments: 42 rows this run (partition 2026-07-25) -> gs://brewline-data-lake/bronze/source_name=shipstation_shipments/year=2026/month=07/day=25/part-0000.parquet, 588 total in BigQuery
[2026-08-09T14:10:16.956+0000] {taskinstance.py:341} INFO - ::group::Post task execution logs
[2026-08-09T14:10:16.958+0000] {taskinstance.py:353} INFO - Marking task as SUCCESS. dag_id=brewline_pipeline_bigquery, task_id=bronze_ingest_bigquery, run_id=backfill__2026-07-25T00:00:00+00:00, execution_date=20260725T000000, start_date=20260809T140958, end_date=20260809T141016
[2026-08-09T14:10:16.990+0000] {logging_mixin.py:190} INFO - Task instance in success state
[2026-08-09T14:10:16.992+0000] {logging_mixin.py:190} INFO -  Previous state of the Task instance: running
[2026-08-09T14:10:16.993+0000] {logging_mixin.py:190} INFO - Dag name:brewline_pipeline_bigquery queued_at:None
[2026-08-09T14:10:16.994+0000] {logging_mixin.py:190} INFO - Task hostname:5224a343584d operator:DockerOperator
[2026-08-09T14:10:17.030+0000] {local_task_job_runner.py:266} INFO - Task exited with return code 0
[2026-08-09T14:10:17.053+0000] {taskinstance.py:3901} INFO - 0 downstream tasks scheduled from follow-on schedule check
[2026-08-09T14:10:17.056+0000] {local_task_job_runner.py:245} INFO - ::endgroup::
