[2026-08-11T06:05:37.268+0000] {local_task_job_runner.py:123} INFO - ::group::Pre task execution logs
[2026-08-11T06:05:37.284+0000] {taskinstance.py:2614} INFO - Dependencies all met for dep_context=non-requeueable deps ti=<TaskInstance: brewline_pipeline_bigquery.bronze_ingest_bigquery backfill__2026-07-25T00:00:00+00:00 [queued]>
[2026-08-11T06:05:37.293+0000] {taskinstance.py:2614} INFO - Dependencies all met for dep_context=requeueable deps ti=<TaskInstance: brewline_pipeline_bigquery.bronze_ingest_bigquery backfill__2026-07-25T00:00:00+00:00 [queued]>
[2026-08-11T06:05:37.294+0000] {taskinstance.py:2867} INFO - Starting attempt 2 of 2
[2026-08-11T06:05:37.308+0000] {taskinstance.py:2890} INFO - Executing <Task(DockerOperator): bronze_ingest_bigquery> on 2026-07-25 00:00:00+00:00
[2026-08-11T06:05:37.318+0000] {warnings.py:112} WARNING - /home/***/.local/lib/python3.12/site-packages/***/task/task_runner/standard_task_runner.py:70: DeprecationWarning: This process (pid=1457) is multi-threaded, use of fork() may lead to deadlocks in the child.
  pid = os.fork()

[2026-08-11T06:05:37.321+0000] {standard_task_runner.py:72} INFO - Started process 1459 to run task
[2026-08-11T06:05:37.320+0000] {standard_task_runner.py:104} INFO - Running: ['***', 'tasks', 'run', 'brewline_pipeline_bigquery', 'bronze_ingest_bigquery', 'backfill__2026-07-25T00:00:00+00:00', '--job-id', '123', '--pool', 'default_pool', '--raw', '--subdir', 'DAGS_FOLDER/brewline_pipeline_bigquery_dag.py', '--cfg-path', '/tmp/tmp15ef2n73']
[2026-08-11T06:05:37.322+0000] {standard_task_runner.py:105} INFO - Job 123: Subtask bronze_ingest_bigquery
[2026-08-11T06:05:37.388+0000] {task_command.py:467} INFO - Running <TaskInstance: brewline_pipeline_bigquery.bronze_ingest_bigquery backfill__2026-07-25T00:00:00+00:00 [running]> on host 5224a343584d
[2026-08-11T06:05:37.493+0000] {taskinstance.py:3134} INFO - Exporting env vars: AIRFLOW_CTX_DAG_OWNER='***' AIRFLOW_CTX_DAG_ID='brewline_pipeline_bigquery' AIRFLOW_CTX_TASK_ID='bronze_ingest_bigquery' AIRFLOW_CTX_EXECUTION_DATE='2026-07-25T00:00:00+00:00' AIRFLOW_CTX_TRY_NUMBER='2' AIRFLOW_CTX_DAG_RUN_ID='backfill__2026-07-25T00:00:00+00:00'
[2026-08-11T06:05:37.496+0000] {logging_mixin.py:190} INFO - Task instance is in running state
[2026-08-11T06:05:37.497+0000] {logging_mixin.py:190} INFO -  Previous state of the Task instance: queued
[2026-08-11T06:05:37.498+0000] {logging_mixin.py:190} INFO - Current task name:bronze_ingest_bigquery state:running start_date:2026-08-11 06:05:37.285078+00:00
[2026-08-11T06:05:37.499+0000] {logging_mixin.py:190} INFO - Dag name:brewline_pipeline_bigquery and current dag run status:running
[2026-08-11T06:05:37.500+0000] {taskinstance.py:732} INFO - ::endgroup::
[2026-08-11T06:05:37.556+0000] {docker.py:345} INFO - Starting docker container from image brewline-bronze:latest
[2026-08-11T06:05:43.865+0000] {docker.py:69} INFO - 2026-08-11 06:05:43,864 [INFO] bronze_bigquery: bronze.shopify_orders: 42 rows this run (partition 2026-07-25) -> gs://brewline-data-lake/bronze/source_name=shopify_orders/year=2026/month=07/day=25/part-0000.parquet, 748 total in BigQuery
[2026-08-11T06:05:48.377+0000] {docker.py:69} INFO - 2026-08-11 06:05:48,375 [INFO] bronze_bigquery: bronze.square_transactions: 47 rows this run (partition 2026-07-25) -> gs://brewline-data-lake/bronze/source_name=square_transactions/year=2026/month=07/day=25/part-0000.parquet, 741 total in BigQuery
[2026-08-11T06:05:58.399+0000] {docker.py:69} INFO - 2026-08-11 06:05:58,398 [INFO] bronze_bigquery: bronze.recharge_subscriptions: 38 rows this run (full snapshot replace) -> gs://brewline-data-lake/bronze/source_name=recharge_subscriptions/year=2026/month=07/day=25/part-0000.parquet, 38 total in BigQuery
[2026-08-11T06:06:02.202+0000] {docker.py:69} INFO - 2026-08-11 06:06:02,201 [INFO] bronze_bigquery: bronze.zendesk_tickets: 2 rows this run (partition 2026-07-25) -> gs://brewline-data-lake/bronze/source_name=zendesk_tickets/year=2026/month=07/day=25/part-0000.parquet, 34 total in BigQuery
[2026-08-11T06:06:10.118+0000] {docker.py:69} INFO - 2026-08-11 06:06:10,117 [INFO] bronze_bigquery: bronze.shipstation_shipments: 42 rows this run (partition 2026-07-25) -> gs://brewline-data-lake/bronze/source_name=shipstation_shipments/year=2026/month=07/day=25/part-0000.parquet, 677 total in BigQuery
[2026-08-11T06:06:10.520+0000] {taskinstance.py:341} INFO - ::group::Post task execution logs
[2026-08-11T06:06:10.523+0000] {taskinstance.py:353} INFO - Marking task as SUCCESS. dag_id=brewline_pipeline_bigquery, task_id=bronze_ingest_bigquery, run_id=backfill__2026-07-25T00:00:00+00:00, execution_date=20260725T000000, start_date=20260811T060537, end_date=20260811T060610
[2026-08-11T06:06:10.575+0000] {logging_mixin.py:190} INFO - Task instance in success state
[2026-08-11T06:06:10.579+0000] {logging_mixin.py:190} INFO -  Previous state of the Task instance: running
[2026-08-11T06:06:10.580+0000] {logging_mixin.py:190} INFO - Dag name:brewline_pipeline_bigquery queued_at:2026-08-11 05:31:04.356020+00:00
[2026-08-11T06:06:10.582+0000] {logging_mixin.py:190} INFO - Task hostname:5224a343584d operator:DockerOperator
[2026-08-11T06:06:10.603+0000] {local_task_job_runner.py:266} INFO - Task exited with return code 0
[2026-08-11T06:06:10.650+0000] {taskinstance.py:3901} INFO - 1 downstream tasks scheduled from follow-on schedule check
[2026-08-11T06:06:10.653+0000] {local_task_job_runner.py:245} INFO - ::endgroup::
