[2026-08-11T06:07:31.320+0000] {local_task_job_runner.py:123} INFO - ::group::Pre task execution logs
[2026-08-11T06:07:31.345+0000] {taskinstance.py:2614} INFO - Dependencies all met for dep_context=non-requeueable deps ti=<TaskInstance: brewline_pipeline_bigquery.dbt_run_bigquery backfill__2026-07-26T00:00:00+00:00 [queued]>
[2026-08-11T06:07:31.357+0000] {taskinstance.py:2614} INFO - Dependencies all met for dep_context=requeueable deps ti=<TaskInstance: brewline_pipeline_bigquery.dbt_run_bigquery backfill__2026-07-26T00:00:00+00:00 [queued]>
[2026-08-11T06:07:31.358+0000] {taskinstance.py:2867} INFO - Starting attempt 2 of 2
[2026-08-11T06:07:31.378+0000] {taskinstance.py:2890} INFO - Executing <Task(DockerOperator): dbt_run_bigquery> on 2026-07-26 00:00:00+00:00
[2026-08-11T06:07:31.391+0000] {warnings.py:112} WARNING - /home/***/.local/lib/python3.12/site-packages/***/task/task_runner/standard_task_runner.py:70: DeprecationWarning: This process (pid=1494) is multi-threaded, use of fork() may lead to deadlocks in the child.
  pid = os.fork()

[2026-08-11T06:07:31.393+0000] {standard_task_runner.py:104} INFO - Running: ['***', 'tasks', 'run', 'brewline_pipeline_bigquery', 'dbt_run_bigquery', 'backfill__2026-07-26T00:00:00+00:00', '--job-id', '127', '--pool', 'default_pool', '--raw', '--subdir', 'DAGS_FOLDER/brewline_pipeline_bigquery_dag.py', '--cfg-path', '/tmp/tmprk5r5n5w']
[2026-08-11T06:07:31.394+0000] {standard_task_runner.py:72} INFO - Started process 1496 to run task
[2026-08-11T06:07:31.395+0000] {standard_task_runner.py:105} INFO - Job 127: Subtask dbt_run_bigquery
[2026-08-11T06:07:31.454+0000] {task_command.py:467} INFO - Running <TaskInstance: brewline_pipeline_bigquery.dbt_run_bigquery backfill__2026-07-26T00:00:00+00:00 [running]> on host 5224a343584d
[2026-08-11T06:07:31.548+0000] {taskinstance.py:3134} INFO - Exporting env vars: AIRFLOW_CTX_DAG_OWNER='***' AIRFLOW_CTX_DAG_ID='brewline_pipeline_bigquery' AIRFLOW_CTX_TASK_ID='dbt_run_bigquery' AIRFLOW_CTX_EXECUTION_DATE='2026-07-26T00:00:00+00:00' AIRFLOW_CTX_TRY_NUMBER='2' AIRFLOW_CTX_DAG_RUN_ID='backfill__2026-07-26T00:00:00+00:00'
[2026-08-11T06:07:31.551+0000] {logging_mixin.py:190} INFO - Task instance is in running state
[2026-08-11T06:07:31.552+0000] {logging_mixin.py:190} INFO -  Previous state of the Task instance: queued
[2026-08-11T06:07:31.552+0000] {logging_mixin.py:190} INFO - Current task name:dbt_run_bigquery state:running start_date:2026-08-11 06:07:31.346373+00:00
[2026-08-11T06:07:31.553+0000] {logging_mixin.py:190} INFO - Dag name:brewline_pipeline_bigquery and current dag run status:running
[2026-08-11T06:07:31.554+0000] {taskinstance.py:732} INFO - ::endgroup::
[2026-08-11T06:07:31.608+0000] {docker.py:345} INFO - Starting docker container from image brewline-dbt:latest
[2026-08-11T06:07:34.061+0000] {docker.py:69} INFO - [0m06:07:34  Running with dbt=1.12.0
[2026-08-11T06:07:34.555+0000] {docker.py:69} INFO - [0m06:07:34  Installing dbt-labs/dbt_utils
[2026-08-11T06:07:40.268+0000] {docker.py:69} INFO - [0m06:07:40  Installed from version 1.4.1
[2026-08-11T06:07:40.270+0000] {docker.py:69} INFO - [0m06:07:40  Up to date!
[2026-08-11T06:07:43.602+0000] {docker.py:69} INFO - [0m06:07:43  Running with dbt=1.12.0
[2026-08-11T06:07:44.916+0000] {docker.py:69} INFO - [0m06:07:44  Registered adapter: bigquery=1.12.0
[2026-08-11T06:07:46.237+0000] {docker.py:69} INFO - [0m06:07:46  Found 9 models, 52 data tests, 2 seeds, 5 sources, 699 macros
[2026-08-11T06:07:46.247+0000] {docker.py:69} INFO - [0m06:07:46
[2026-08-11T06:07:46.248+0000] {docker.py:69} INFO - [0m06:07:46  Concurrency: 4 threads (target='bigquery')
[2026-08-11T06:07:46.251+0000] {docker.py:69} INFO - [0m06:07:46
[2026-08-11T06:07:46.276+0000] {docker.py:69} INFO - WARNING:google.auth._default:No project ID could be determined. Consider running `gcloud config set project` or setting the GOOGLE_CLOUD_PROJECT environment variable
[2026-08-11T06:07:47.303+0000] {docker.py:69} INFO - [0m06:07:47  1 of 9 START sql incremental model silver.stg_customers ........................ [RUN]
[2026-08-11T06:07:47.306+0000] {docker.py:69} INFO - [0m06:07:47  2 of 9 START sql incremental model silver.stg_orders ........................... [RUN]
[2026-08-11T06:07:47.308+0000] {docker.py:69} INFO - [0m06:07:47  3 of 9 START sql incremental model silver.stg_refunds .......................... [RUN]
[2026-08-11T06:07:47.310+0000] {docker.py:69} INFO - [0m06:07:47  4 of 9 START sql table model silver.stg_subscriptions .......................... [RUN]
[2026-08-11T06:07:49.233+0000] {docker.py:69} INFO - [0m06:07:49  4 of 9 OK created sql table model silver.stg_subscriptions ..................... [[32mCREATE TABLE (38.0 rows, 3.1 KiB processed)[0m in 1.92s]
[2026-08-11T06:07:49.237+0000] {docker.py:69} INFO - [0m06:07:49  5 of 9 START sql table model gold.fact_subscription_churn ...................... [RUN]
[2026-08-11T06:07:49.393+0000] {docker.py:69} INFO - [0m06:07:49  1 of 9 OK created sql incremental model silver.stg_customers ................... [[32mMERGE (40.0 rows, 63.7 KiB processed)[0m in 2.08s]
[2026-08-11T06:07:49.418+0000] {docker.py:69} INFO - [0m06:07:49  3 of 9 OK created sql incremental model silver.stg_refunds ..................... [[32mMERGE (0.0 rows, 92.7 KiB processed)[0m in 2.10s]
[2026-08-11T06:07:49.423+0000] {docker.py:69} INFO - [0m06:07:49  2 of 9 OK created sql incremental model silver.stg_orders ...................... [[32mMERGE (51.0 rows, 142.7 KiB processed)[0m in 2.11s]
[2026-08-11T06:07:49.434+0000] {docker.py:69} INFO - [0m06:07:49  6 of 9 START sql table model gold.fact_customer_health ......................... [RUN]
[2026-08-11T06:07:49.437+0000] {docker.py:69} INFO - [0m06:07:49  7 of 9 START sql table model gold.fact_customer_rfm ............................ [RUN]
[2026-08-11T06:07:49.439+0000] {docker.py:69} INFO - [0m06:07:49  8 of 9 START sql table model gold.fact_refund_alerts ........................... [RUN]
[2026-08-11T06:07:50.932+0000] {docker.py:69} INFO - [0m06:07:50  5 of 9 OK created sql table model gold.fact_subscription_churn ................. [[32mCREATE TABLE (35.0 rows, 2.0 KiB processed)[0m in 1.69s]
[2026-08-11T06:07:50.937+0000] {docker.py:69} INFO - [0m06:07:50  9 of 9 START sql table model gold.fact_weekly_revenue .......................... [RUN]
[2026-08-11T06:07:51.215+0000] {docker.py:69} INFO - [0m06:07:51  6 of 9 OK created sql table model gold.fact_customer_health .................... [[32mCREATE TABLE (159.0 rows, 39.3 KiB processed)[0m in 1.77s]
[2026-08-11T06:07:51.698+0000] {docker.py:69} INFO - [0m06:07:51  7 of 9 OK created sql table model gold.fact_customer_rfm ....................... [[32mCREATE TABLE (159.0 rows, 58.9 KiB processed)[0m in 2.25s]
[2026-08-11T06:07:51.993+0000] {docker.py:69} INFO - [0m06:07:51  8 of 9 OK created sql table model gold.fact_refund_alerts ...................... [[32mCREATE TABLE (22.0 rows, 9.1 KiB processed)[0m in 2.55s]
[2026-08-11T06:07:52.519+0000] {docker.py:69} INFO - [0m06:07:52  9 of 9 OK created sql table model gold.fact_weekly_revenue ..................... [[32mCREATE TABLE (11.0 rows, 40.7 KiB processed)[0m in 1.58s]
[2026-08-11T06:07:52.528+0000] {docker.py:69} INFO - [0m06:07:52
[2026-08-11T06:07:52.529+0000] {docker.py:69} INFO - [0m06:07:52  Finished running 3 incremental models, 6 table models in 0 hours 0 minutes and 6.28 seconds (6.28s).
[2026-08-11T06:07:52.664+0000] {docker.py:69} INFO - [0m06:07:52
[2026-08-11T06:07:52.665+0000] {docker.py:69} INFO - [0m06:07:52  [32mCompleted successfully[0m
[2026-08-11T06:07:52.666+0000] {docker.py:69} INFO - [0m06:07:52
[2026-08-11T06:07:52.667+0000] {docker.py:69} INFO - [0m06:07:52  Done. PASS=9 WARN=0 ERROR=0 SKIP=0 NO-OP=0 REUSED=0 TOTAL=9
[2026-08-11T06:07:54.739+0000] {taskinstance.py:341} INFO - ::group::Post task execution logs
[2026-08-11T06:07:54.742+0000] {taskinstance.py:353} INFO - Marking task as SUCCESS. dag_id=brewline_pipeline_bigquery, task_id=dbt_run_bigquery, run_id=backfill__2026-07-26T00:00:00+00:00, execution_date=20260726T000000, start_date=20260811T060731, end_date=20260811T060754
[2026-08-11T06:07:54.785+0000] {logging_mixin.py:190} INFO - Task instance in success state
[2026-08-11T06:07:54.787+0000] {logging_mixin.py:190} INFO -  Previous state of the Task instance: running
[2026-08-11T06:07:54.788+0000] {logging_mixin.py:190} INFO - Dag name:brewline_pipeline_bigquery queued_at:2026-08-11 05:31:04.356107+00:00
[2026-08-11T06:07:54.790+0000] {logging_mixin.py:190} INFO - Task hostname:5224a343584d operator:DockerOperator
[2026-08-11T06:07:54.844+0000] {local_task_job_runner.py:266} INFO - Task exited with return code 0
[2026-08-11T06:07:54.871+0000] {taskinstance.py:3901} INFO - 1 downstream tasks scheduled from follow-on schedule check
[2026-08-11T06:07:54.873+0000] {local_task_job_runner.py:245} INFO - ::endgroup::
