[2026-08-09T14:06:16.779+0000] {local_task_job_runner.py:123} INFO - ::group::Pre task execution logs
[2026-08-09T14:06:16.794+0000] {taskinstance.py:2614} INFO - Dependencies all met for dep_context=non-requeueable deps ti=<TaskInstance: brewline_pipeline_bigquery.bronze_ingest_bigquery backfill__2026-07-22T00:00:00+00:00 [queued]>
[2026-08-09T14:06:16.805+0000] {taskinstance.py:2614} INFO - Dependencies all met for dep_context=requeueable deps ti=<TaskInstance: brewline_pipeline_bigquery.bronze_ingest_bigquery backfill__2026-07-22T00:00:00+00:00 [queued]>
[2026-08-09T14:06:16.805+0000] {taskinstance.py:2867} INFO - Starting attempt 1 of 1
[2026-08-09T14:06:16.819+0000] {taskinstance.py:2890} INFO - Executing <Task(DockerOperator): bronze_ingest_bigquery> on 2026-07-22 00:00:00+00:00
[2026-08-09T14:06:16.829+0000] {warnings.py:112} WARNING - /home/***/.local/lib/python3.12/site-packages/***/task/task_runner/standard_task_runner.py:70: DeprecationWarning: This process (pid=447) is multi-threaded, use of fork() may lead to deadlocks in the child.
  pid = os.fork()

[2026-08-09T14:06:16.832+0000] {standard_task_runner.py:72} INFO - Started process 449 to run task
[2026-08-09T14:06:16.832+0000] {standard_task_runner.py:104} INFO - Running: ['***', 'tasks', 'run', 'brewline_pipeline_bigquery', 'bronze_ingest_bigquery', 'backfill__2026-07-22T00:00:00+00:00', '--job-id', '41', '--pool', 'default_pool', '--raw', '--subdir', 'DAGS_FOLDER/brewline_pipeline_bigquery_dag.py', '--cfg-path', '/tmp/tmpteouiyz_']
[2026-08-09T14:06:16.833+0000] {standard_task_runner.py:105} INFO - Job 41: Subtask bronze_ingest_bigquery
[2026-08-09T14:06:16.884+0000] {task_command.py:467} INFO - Running <TaskInstance: brewline_pipeline_bigquery.bronze_ingest_bigquery backfill__2026-07-22T00:00:00+00:00 [running]> on host 5224a343584d
[2026-08-09T14:06:16.970+0000] {taskinstance.py:3134} INFO - Exporting env vars: AIRFLOW_CTX_DAG_OWNER='***' AIRFLOW_CTX_DAG_ID='brewline_pipeline_bigquery' AIRFLOW_CTX_TASK_ID='bronze_ingest_bigquery' AIRFLOW_CTX_EXECUTION_DATE='2026-07-22T00:00:00+00:00' AIRFLOW_CTX_TRY_NUMBER='1' AIRFLOW_CTX_DAG_RUN_ID='backfill__2026-07-22T00:00:00+00:00'
[2026-08-09T14:06:16.972+0000] {logging_mixin.py:190} INFO - Task instance is in running state
[2026-08-09T14:06:16.973+0000] {logging_mixin.py:190} INFO -  Previous state of the Task instance: queued
[2026-08-09T14:06:16.974+0000] {logging_mixin.py:190} INFO - Current task name:bronze_ingest_bigquery state:running start_date:2026-08-09 14:06:16.794967+00:00
[2026-08-09T14:06:16.975+0000] {logging_mixin.py:190} INFO - Dag name:brewline_pipeline_bigquery and current dag run status:running
[2026-08-09T14:06:16.975+0000] {taskinstance.py:732} INFO - ::endgroup::
[2026-08-09T14:06:17.027+0000] {docker.py:345} INFO - Starting docker container from image brewline-bronze:latest
[2026-08-09T14:06:22.208+0000] {docker.py:69} INFO - 2026-08-09 14:06:22,207 [INFO] bronze_bigquery: bronze.shopify_orders: 42 rows this run (partition 2026-07-22) -> gs://brewline-data-lake/bronze/source_name=shopify_orders/year=2026/month=07/day=22/part-0000.parquet, 617 total in BigQuery
[2026-08-09T14:06:25.583+0000] {docker.py:69} INFO - 2026-08-09 14:06:25,582 [INFO] bronze_bigquery: bronze.square_transactions: 52 rows this run (partition 2026-07-22) -> gs://brewline-data-lake/bronze/source_name=square_transactions/year=2026/month=07/day=22/part-0000.parquet, 616 total in BigQuery
[2026-08-09T14:06:26.805+0000] {docker.py:69} INFO - 2026-08-09 14:06:26,804 [INFO] bronze_bigquery: bronze.recharge_subscriptions: 38 rows this run (full snapshot replace) -> gs://brewline-data-lake/bronze/source_name=recharge_subscriptions/year=2026/month=07/day=22/part-0000.parquet, 38 total in BigQuery
[2026-08-09T14:06:30.403+0000] {docker.py:69} INFO - 2026-08-09 14:06:30,402 [INFO] bronze_bigquery: bronze.zendesk_tickets: 5 rows this run (partition 2026-07-22) -> gs://brewline-data-lake/bronze/source_name=zendesk_tickets/year=2026/month=07/day=22/part-0000.parquet, 26 total in BigQuery
[2026-08-09T14:06:34.046+0000] {docker.py:69} INFO - 2026-08-09 14:06:34,045 [INFO] bronze_bigquery: bronze.shipstation_shipments: 37 rows this run (partition 2026-07-22) -> gs://brewline-data-lake/bronze/source_name=shipstation_shipments/year=2026/month=07/day=22/part-0000.parquet, 478 total in BigQuery
[2026-08-09T14:06:34.367+0000] {taskinstance.py:341} INFO - ::group::Post task execution logs
[2026-08-09T14:06:34.369+0000] {taskinstance.py:353} INFO - Marking task as SUCCESS. dag_id=brewline_pipeline_bigquery, task_id=bronze_ingest_bigquery, run_id=backfill__2026-07-22T00:00:00+00:00, execution_date=20260722T000000, start_date=20260809T140616, end_date=20260809T140634
[2026-08-09T14:06:34.402+0000] {logging_mixin.py:190} INFO - Task instance in success state
[2026-08-09T14:06:34.403+0000] {logging_mixin.py:190} INFO -  Previous state of the Task instance: running
[2026-08-09T14:06:34.404+0000] {logging_mixin.py:190} INFO - Dag name:brewline_pipeline_bigquery queued_at:None
[2026-08-09T14:06:34.405+0000] {logging_mixin.py:190} INFO - Task hostname:5224a343584d operator:DockerOperator
[2026-08-09T14:06:34.438+0000] {local_task_job_runner.py:266} INFO - Task exited with return code 0
[2026-08-09T14:06:34.465+0000] {taskinstance.py:3901} INFO - 1 downstream tasks scheduled from follow-on schedule check
[2026-08-09T14:06:34.468+0000] {local_task_job_runner.py:245} INFO - ::endgroup::
