[2026-08-11T06:12:55.911+0000] {local_task_job_runner.py:123} INFO - ::group::Pre task execution logs
[2026-08-11T06:12:55.931+0000] {taskinstance.py:2614} INFO - Dependencies all met for dep_context=non-requeueable deps ti=<TaskInstance: brewline_pipeline_bigquery.bronze_ingest_bigquery backfill__2026-07-30T00:00:00+00:00 [queued]>
[2026-08-11T06:12:55.941+0000] {taskinstance.py:2614} INFO - Dependencies all met for dep_context=requeueable deps ti=<TaskInstance: brewline_pipeline_bigquery.bronze_ingest_bigquery backfill__2026-07-30T00:00:00+00:00 [queued]>
[2026-08-11T06:12:55.942+0000] {taskinstance.py:2867} INFO - Starting attempt 1 of 1
[2026-08-11T06:12:55.958+0000] {taskinstance.py:2890} INFO - Executing <Task(DockerOperator): bronze_ingest_bigquery> on 2026-07-30 00:00:00+00:00
[2026-08-11T06:12:55.969+0000] {warnings.py:112} WARNING - /home/***/.local/lib/python3.12/site-packages/***/task/task_runner/standard_task_runner.py:70: DeprecationWarning: This process (pid=1608) is multi-threaded, use of fork() may lead to deadlocks in the child.
  pid = os.fork()

[2026-08-11T06:12:55.972+0000] {standard_task_runner.py:72} INFO - Started process 1610 to run task
[2026-08-11T06:12:55.971+0000] {standard_task_runner.py:104} INFO - Running: ['***', 'tasks', 'run', 'brewline_pipeline_bigquery', 'bronze_ingest_bigquery', 'backfill__2026-07-30T00:00:00+00:00', '--job-id', '138', '--pool', 'default_pool', '--raw', '--subdir', 'DAGS_FOLDER/brewline_pipeline_bigquery_dag.py', '--cfg-path', '/tmp/tmptxiss9_b']
[2026-08-11T06:12:55.973+0000] {standard_task_runner.py:105} INFO - Job 138: Subtask bronze_ingest_bigquery
[2026-08-11T06:12:56.037+0000] {task_command.py:467} INFO - Running <TaskInstance: brewline_pipeline_bigquery.bronze_ingest_bigquery backfill__2026-07-30T00:00:00+00:00 [running]> on host 5224a343584d
[2026-08-11T06:12:56.138+0000] {taskinstance.py:3134} INFO - Exporting env vars: AIRFLOW_CTX_DAG_OWNER='***' AIRFLOW_CTX_DAG_ID='brewline_pipeline_bigquery' AIRFLOW_CTX_TASK_ID='bronze_ingest_bigquery' AIRFLOW_CTX_EXECUTION_DATE='2026-07-30T00:00:00+00:00' AIRFLOW_CTX_TRY_NUMBER='1' AIRFLOW_CTX_DAG_RUN_ID='backfill__2026-07-30T00:00:00+00:00'
[2026-08-11T06:12:56.141+0000] {logging_mixin.py:190} INFO - Task instance is in running state
[2026-08-11T06:12:56.142+0000] {logging_mixin.py:190} INFO -  Previous state of the Task instance: queued
[2026-08-11T06:12:56.142+0000] {logging_mixin.py:190} INFO - Current task name:bronze_ingest_bigquery state:running start_date:2026-08-11 06:12:55.932689+00:00
[2026-08-11T06:12:56.143+0000] {logging_mixin.py:190} INFO - Dag name:brewline_pipeline_bigquery and current dag run status:running
[2026-08-11T06:12:56.144+0000] {taskinstance.py:732} INFO - ::endgroup::
[2026-08-11T06:12:56.211+0000] {docker.py:345} INFO - Starting docker container from image brewline-bronze:latest
[2026-08-11T06:13:01.867+0000] {docker.py:69} INFO - 2026-08-11 06:13:01,866 [INFO] bronze_bigquery: bronze.shopify_orders: 36 rows this run (partition 2026-07-30) -> gs://brewline-data-lake/bronze/source_name=shopify_orders/year=2026/month=07/day=30/part-0000.parquet, 939 total in BigQuery
[2026-08-11T06:13:05.986+0000] {docker.py:69} INFO - 2026-08-11 06:13:05,985 [INFO] bronze_bigquery: bronze.square_transactions: 28 rows this run (partition 2026-07-30) -> gs://brewline-data-lake/bronze/source_name=square_transactions/year=2026/month=07/day=30/part-0000.parquet, 923 total in BigQuery
[2026-08-11T06:13:07.562+0000] {docker.py:69} INFO - 2026-08-11 06:13:07,560 [INFO] bronze_bigquery: bronze.recharge_subscriptions: 38 rows this run (full snapshot replace) -> gs://brewline-data-lake/bronze/source_name=recharge_subscriptions/year=2026/month=07/day=30/part-0000.parquet, 38 total in BigQuery
[2026-08-11T06:13:12.586+0000] {docker.py:69} INFO - 2026-08-11 06:13:12,585 [INFO] bronze_bigquery: bronze.zendesk_tickets: 1 rows this run (partition 2026-07-30) -> gs://brewline-data-lake/bronze/source_name=zendesk_tickets/year=2026/month=07/day=30/part-0000.parquet, 35 total in BigQuery
[2026-08-11T06:13:16.226+0000] {docker.py:69} INFO - 2026-08-11 06:13:16,225 [INFO] bronze_bigquery: bronze.shipstation_shipments: 33 rows this run (partition 2026-07-30) -> gs://brewline-data-lake/bronze/source_name=shipstation_shipments/year=2026/month=07/day=30/part-0000.parquet, 749 total in BigQuery
[2026-08-11T06:13:16.786+0000] {taskinstance.py:341} INFO - ::group::Post task execution logs
[2026-08-11T06:13:16.788+0000] {taskinstance.py:353} INFO - Marking task as SUCCESS. dag_id=brewline_pipeline_bigquery, task_id=bronze_ingest_bigquery, run_id=backfill__2026-07-30T00:00:00+00:00, execution_date=20260730T000000, start_date=20260811T061255, end_date=20260811T061316
[2026-08-11T06:13:16.844+0000] {logging_mixin.py:190} INFO - Task instance in success state
[2026-08-11T06:13:16.850+0000] {logging_mixin.py:190} INFO -  Previous state of the Task instance: running
[2026-08-11T06:13:16.853+0000] {logging_mixin.py:190} INFO - Dag name:brewline_pipeline_bigquery queued_at:None
[2026-08-11T06:13:16.855+0000] {logging_mixin.py:190} INFO - Task hostname:5224a343584d operator:DockerOperator
[2026-08-11T06:13:16.902+0000] {local_task_job_runner.py:266} INFO - Task exited with return code 0
[2026-08-11T06:13:16.980+0000] {taskinstance.py:3901} INFO - 1 downstream tasks scheduled from follow-on schedule check
[2026-08-11T06:13:16.984+0000] {local_task_job_runner.py:245} INFO - ::endgroup::
