[2026-08-08T01:11:54.452+0000] {local_task_job_runner.py:123} INFO - ::group::Pre task execution logs
[2026-08-08T01:11:54.495+0000] {taskinstance.py:2614} INFO - Dependencies all met for dep_context=non-requeueable deps ti=<TaskInstance: brewline_pipeline_bigquery.bronze_ingest_bigquery scheduled__2026-08-07T00:00:00+00:00 [queued]>
[2026-08-08T01:11:54.510+0000] {taskinstance.py:2614} INFO - Dependencies all met for dep_context=requeueable deps ti=<TaskInstance: brewline_pipeline_bigquery.bronze_ingest_bigquery scheduled__2026-08-07T00:00:00+00:00 [queued]>
[2026-08-08T01:11:54.511+0000] {taskinstance.py:2867} INFO - Starting attempt 1 of 1
[2026-08-08T01:11:54.534+0000] {taskinstance.py:2890} INFO - Executing <Task(DockerOperator): bronze_ingest_bigquery> on 2026-08-07 00:00:00+00:00
[2026-08-08T01:11:54.562+0000] {warnings.py:112} WARNING - /home/***/.local/lib/python3.12/site-packages/***/task/task_runner/standard_task_runner.py:70: DeprecationWarning: This process (pid=118) is multi-threaded, use of fork() may lead to deadlocks in the child.
  pid = os.fork()

[2026-08-08T01:11:54.569+0000] {standard_task_runner.py:104} INFO - Running: ['***', 'tasks', 'run', 'brewline_pipeline_bigquery', 'bronze_ingest_bigquery', 'scheduled__2026-08-07T00:00:00+00:00', '--job-id', '30', '--raw', '--subdir', 'DAGS_FOLDER/brewline_pipeline_bigquery_dag.py', '--cfg-path', '/tmp/tmpqhrooz10']
[2026-08-08T01:11:54.572+0000] {standard_task_runner.py:105} INFO - Job 30: Subtask bronze_ingest_bigquery
[2026-08-08T01:11:54.575+0000] {standard_task_runner.py:72} INFO - Started process 124 to run task
[2026-08-08T01:11:54.706+0000] {task_command.py:467} INFO - Running <TaskInstance: brewline_pipeline_bigquery.bronze_ingest_bigquery scheduled__2026-08-07T00:00:00+00:00 [running]> on host 0c284059da3a
[2026-08-08T01:11:54.845+0000] {taskinstance.py:3134} INFO - Exporting env vars: AIRFLOW_CTX_DAG_OWNER='***' AIRFLOW_CTX_DAG_ID='brewline_pipeline_bigquery' AIRFLOW_CTX_TASK_ID='bronze_ingest_bigquery' AIRFLOW_CTX_EXECUTION_DATE='2026-08-07T00:00:00+00:00' AIRFLOW_CTX_TRY_NUMBER='1' AIRFLOW_CTX_DAG_RUN_ID='scheduled__2026-08-07T00:00:00+00:00'
[2026-08-08T01:11:54.848+0000] {logging_mixin.py:190} INFO - Task instance is in running state
[2026-08-08T01:11:54.849+0000] {logging_mixin.py:190} INFO -  Previous state of the Task instance: queued
[2026-08-08T01:11:54.851+0000] {logging_mixin.py:190} INFO - Current task name:bronze_ingest_bigquery state:running start_date:2026-08-08 01:11:54.497190+00:00
[2026-08-08T01:11:54.852+0000] {logging_mixin.py:190} INFO - Dag name:brewline_pipeline_bigquery and current dag run status:running
[2026-08-08T01:11:54.854+0000] {taskinstance.py:732} INFO - ::endgroup::
[2026-08-08T01:11:54.960+0000] {docker.py:345} INFO - Starting docker container from image brewline-bronze:latest
[2026-08-08T01:11:57.894+0000] {docker.py:69} INFO - 2026-08-08 01:11:57,890 [ERROR] bronze_bigquery: bronze ingestion failed for 'shopify_orders': No raw file at gs://brewline-data-lake/raw/source_name=shopify_orders/year=2026/month=08/day=07/shopify_orders_2026-08-07.json
[2026-08-08T01:11:57.896+0000] {docker.py:69} INFO - Traceback (most recent call last):
[2026-08-08T01:11:57.897+0000] {docker.py:69} INFO -   File "/opt/project/pipelines/bronze/ingest_bigquery.py", line 345, in run
[2026-08-08T01:11:57.898+0000] {docker.py:69} INFO -     df = fetch_raw_file(bucket, source, run_date)
[2026-08-08T01:11:57.899+0000] {docker.py:69} INFO -          ^^^^^^^^^^^^^^^^^^^^^^^^^^^^^^^^^^^^^^^^
[2026-08-08T01:11:57.901+0000] {docker.py:69} INFO -   File "/opt/project/pipelines/bronze/ingest_bigquery.py", line 99, in fetch_raw_file
[2026-08-08T01:11:57.902+0000] {docker.py:69} INFO -     raise FileNotFoundError(f"No raw file at gs://{BUCKET_NAME}/{blob.name}")
[2026-08-08T01:11:57.903+0000] {docker.py:69} INFO - FileNotFoundError: No raw file at gs://brewline-data-lake/raw/source_name=shopify_orders/year=2026/month=08/day=07/shopify_orders_2026-08-07.json
[2026-08-08T01:11:57.904+0000] {docker.py:69} INFO - Traceback (most recent call last):
[2026-08-08T01:11:57.905+0000] {docker.py:69} INFO -   File "/opt/project/pipelines/bronze/ingest_bigquery.py", line 378, in <module>
[2026-08-08T01:11:57.907+0000] {docker.py:69} INFO -     run(run_date=_parse_cli_date())
[2026-08-08T01:11:57.908+0000] {docker.py:69} INFO -   File "/opt/project/pipelines/bronze/ingest_bigquery.py", line 345, in run
[2026-08-08T01:11:57.910+0000] {docker.py:69} INFO -     df = fetch_raw_file(bucket, source, run_date)
[2026-08-08T01:11:57.911+0000] {docker.py:69} INFO -          ^^^^^^^^^^^^^^^^^^^^^^^^^^^^^^^^^^^^^^^^
[2026-08-08T01:11:57.912+0000] {docker.py:69} INFO -   File "/opt/project/pipelines/bronze/ingest_bigquery.py", line 99, in fetch_raw_file
[2026-08-08T01:11:57.914+0000] {docker.py:69} INFO -     raise FileNotFoundError(f"No raw file at gs://{BUCKET_NAME}/{blob.name}")
[2026-08-08T01:11:57.917+0000] {docker.py:69} INFO - FileNotFoundError: No raw file at gs://brewline-data-lake/raw/source_name=shopify_orders/year=2026/month=08/day=07/shopify_orders_2026-08-07.json
[2026-08-08T01:11:58.449+0000] {taskinstance.py:3313} ERROR - Task failed with exception
Traceback (most recent call last):
  File "/home/airflow/.local/lib/python3.12/site-packages/airflow/models/taskinstance.py", line 768, in _execute_task
    result = _execute_callable(context=context, **execute_callable_kwargs)
             ^^^^^^^^^^^^^^^^^^^^^^^^^^^^^^^^^^^^^^^^^^^^^^^^^^^^^^^^^^^^^
  File "/home/airflow/.local/lib/python3.12/site-packages/airflow/models/taskinstance.py", line 734, in _execute_callable
    return ExecutionCallableRunner(
           ^^^^^^^^^^^^^^^^^^^^^^^^
  File "/home/airflow/.local/lib/python3.12/site-packages/airflow/utils/operator_helpers.py", line 252, in run
    return self.func(*args, **kwargs)
           ^^^^^^^^^^^^^^^^^^^^^^^^^^
  File "/home/airflow/.local/lib/python3.12/site-packages/airflow/models/baseoperator.py", line 424, in wrapper
    return func(self, *args, **kwargs)
           ^^^^^^^^^^^^^^^^^^^^^^^^^^^
  File "/home/airflow/.local/lib/python3.12/site-packages/airflow/providers/docker/operators/docker.py", line 485, in execute
    return self._run_image()
           ^^^^^^^^^^^^^^^^^
  File "/home/airflow/.local/lib/python3.12/site-packages/airflow/providers/docker/operators/docker.py", line 362, in _run_image
    return self._run_image_with_mounts(self.mounts, add_tmp_variable=False)
           ^^^^^^^^^^^^^^^^^^^^^^^^^^^^^^^^^^^^^^^^^^^^^^^^^^^^^^^^^^^^^^^^
  File "/home/airflow/.local/lib/python3.12/site-packages/airflow/providers/docker/operators/docker.py", line 419, in _run_image_with_mounts
    raise DockerContainerFailedException(f"Docker container failed: {result!r}", logs=log_lines)
airflow.providers.docker.exceptions.DockerContainerFailedException: Docker container failed: {'StatusCode': 1}
[2026-08-08T01:11:58.459+0000] {logging_mixin.py:190} INFO - Task instance in failure state
[2026-08-08T01:11:58.460+0000] {logging_mixin.py:190} INFO - Task start:2026-08-08 01:11:54.497190+00:00 end:2026-08-08 01:11:58.458404+00:00 duration:3.961214
[2026-08-08T01:11:58.462+0000] {logging_mixin.py:190} INFO - Task:<Task(DockerOperator): bronze_ingest_bigquery> dag:<DAG: brewline_pipeline_bigquery> dagrun:<DagRun brewline_pipeline_bigquery @ 2026-08-07 00:00:00+00:00: scheduled__2026-08-07T00:00:00+00:00, state:running, queued_at: 2026-08-08 01:11:51.064334+00:00. externally triggered: False>
[2026-08-08T01:11:58.465+0000] {logging_mixin.py:190} INFO - Failure caused by Docker container failed: {'StatusCode': 1}
[2026-08-08T01:11:58.475+0000] {taskinstance.py:1226} INFO - Marking task as FAILED. dag_id=brewline_pipeline_bigquery, task_id=bronze_ingest_bigquery, run_id=scheduled__2026-08-07T00:00:00+00:00, execution_date=20260807T000000, start_date=20260808T011154, end_date=20260808T011158
[2026-08-08T01:11:58.549+0000] {taskinstance.py:341} INFO - ::group::Post task execution logs
[2026-08-08T01:11:58.552+0000] {standard_task_runner.py:124} ERROR - Failed to execute job 30 for task bronze_ingest_bigquery (Docker container failed: {'StatusCode': 1}; 124)
Traceback (most recent call last):
  File "/home/airflow/.local/lib/python3.12/site-packages/airflow/task/task_runner/standard_task_runner.py", line 117, in _start_by_fork
    ret = args.func(args, dag=self.dag)
          ^^^^^^^^^^^^^^^^^^^^^^^^^^^^^
  File "/home/airflow/.local/lib/python3.12/site-packages/airflow/cli/cli_config.py", line 49, in command
    return func(*args, **kwargs)
           ^^^^^^^^^^^^^^^^^^^^^
  File "/home/airflow/.local/lib/python3.12/site-packages/airflow/utils/cli.py", line 116, in wrapper
    return f(*args, **kwargs)
           ^^^^^^^^^^^^^^^^^^
  File "/home/airflow/.local/lib/python3.12/site-packages/airflow/cli/commands/task_command.py", line 483, in task_run
    task_return_code = _run_task_by_selected_method(args, _dag, ti)
                       ^^^^^^^^^^^^^^^^^^^^^^^^^^^^^^^^^^^^^^^^^^^^
  File "/home/airflow/.local/lib/python3.12/site-packages/airflow/cli/commands/task_command.py", line 256, in _run_task_by_selected_method
    return _run_raw_task(args, ti)
           ^^^^^^^^^^^^^^^^^^^^^^^
  File "/home/airflow/.local/lib/python3.12/site-packages/airflow/cli/commands/task_command.py", line 341, in _run_raw_task
    return ti._run_raw_task(
           ^^^^^^^^^^^^^^^^^
  File "/home/airflow/.local/lib/python3.12/site-packages/airflow/utils/session.py", line 97, in wrapper
    return func(*args, session=session, **kwargs)
           ^^^^^^^^^^^^^^^^^^^^^^^^^^^^^^^^^^^^^^
  File "/home/airflow/.local/lib/python3.12/site-packages/airflow/models/taskinstance.py", line 3006, in _run_raw_task
    return _run_raw_task(
           ^^^^^^^^^^^^^^
  File "/home/airflow/.local/lib/python3.12/site-packages/airflow/models/taskinstance.py", line 274, in _run_raw_task
    TaskInstance._execute_task_with_callbacks(
  File "/home/airflow/.local/lib/python3.12/site-packages/airflow/models/taskinstance.py", line 3161, in _execute_task_with_callbacks
    result = self._execute_task(context, task_orig)
             ^^^^^^^^^^^^^^^^^^^^^^^^^^^^^^^^^^^^^^
  File "/home/airflow/.local/lib/python3.12/site-packages/airflow/models/taskinstance.py", line 3185, in _execute_task
    return _execute_task(self, context, task_orig)
           ^^^^^^^^^^^^^^^^^^^^^^^^^^^^^^^^^^^^^^^
  File "/home/airflow/.local/lib/python3.12/site-packages/airflow/models/taskinstance.py", line 768, in _execute_task
    result = _execute_callable(context=context, **execute_callable_kwargs)
             ^^^^^^^^^^^^^^^^^^^^^^^^^^^^^^^^^^^^^^^^^^^^^^^^^^^^^^^^^^^^^
  File "/home/airflow/.local/lib/python3.12/site-packages/airflow/models/taskinstance.py", line 734, in _execute_callable
    return ExecutionCallableRunner(
           ^^^^^^^^^^^^^^^^^^^^^^^^
  File "/home/airflow/.local/lib/python3.12/site-packages/airflow/utils/operator_helpers.py", line 252, in run
    return self.func(*args, **kwargs)
           ^^^^^^^^^^^^^^^^^^^^^^^^^^
  File "/home/airflow/.local/lib/python3.12/site-packages/airflow/models/baseoperator.py", line 424, in wrapper
    return func(self, *args, **kwargs)
           ^^^^^^^^^^^^^^^^^^^^^^^^^^^
  File "/home/airflow/.local/lib/python3.12/site-packages/airflow/providers/docker/operators/docker.py", line 485, in execute
    return self._run_image()
           ^^^^^^^^^^^^^^^^^
  File "/home/airflow/.local/lib/python3.12/site-packages/airflow/providers/docker/operators/docker.py", line 362, in _run_image
    return self._run_image_with_mounts(self.mounts, add_tmp_variable=False)
           ^^^^^^^^^^^^^^^^^^^^^^^^^^^^^^^^^^^^^^^^^^^^^^^^^^^^^^^^^^^^^^^^
  File "/home/airflow/.local/lib/python3.12/site-packages/airflow/providers/docker/operators/docker.py", line 419, in _run_image_with_mounts
    raise DockerContainerFailedException(f"Docker container failed: {result!r}", logs=log_lines)
airflow.providers.docker.exceptions.DockerContainerFailedException: Docker container failed: {'StatusCode': 1}
[2026-08-08T01:11:58.625+0000] {local_task_job_runner.py:266} INFO - Task exited with return code 1
[2026-08-08T01:11:58.742+0000] {taskinstance.py:3901} INFO - 0 downstream tasks scheduled from follow-on schedule check
[2026-08-08T01:11:58.756+0000] {local_task_job_runner.py:245} INFO - ::endgroup::
