[2026-08-11T06:13:19.781+0000] {local_task_job_runner.py:123} INFO - ::group::Pre task execution logs
[2026-08-11T06:13:19.804+0000] {taskinstance.py:2614} INFO - Dependencies all met for dep_context=non-requeueable deps ti=<TaskInstance: brewline_pipeline_bigquery.dbt_run_bigquery backfill__2026-07-30T00:00:00+00:00 [queued]>
[2026-08-11T06:13:19.815+0000] {taskinstance.py:2614} INFO - Dependencies all met for dep_context=requeueable deps ti=<TaskInstance: brewline_pipeline_bigquery.dbt_run_bigquery backfill__2026-07-30T00:00:00+00:00 [queued]>
[2026-08-11T06:13:19.817+0000] {taskinstance.py:2867} INFO - Starting attempt 1 of 1
[2026-08-11T06:13:19.833+0000] {taskinstance.py:2890} INFO - Executing <Task(DockerOperator): dbt_run_bigquery> on 2026-07-30 00:00:00+00:00
[2026-08-11T06:13:19.843+0000] {warnings.py:112} WARNING - /home/***/.local/lib/python3.12/site-packages/***/task/task_runner/standard_task_runner.py:70: DeprecationWarning: This process (pid=1612) is multi-threaded, use of fork() may lead to deadlocks in the child.
  pid = os.fork()

[2026-08-11T06:13:19.846+0000] {standard_task_runner.py:72} INFO - Started process 1621 to run task
[2026-08-11T06:13:19.846+0000] {standard_task_runner.py:104} INFO - Running: ['***', 'tasks', 'run', 'brewline_pipeline_bigquery', 'dbt_run_bigquery', 'backfill__2026-07-30T00:00:00+00:00', '--job-id', '139', '--pool', 'default_pool', '--raw', '--subdir', 'DAGS_FOLDER/brewline_pipeline_bigquery_dag.py', '--cfg-path', '/tmp/tmp_w3i7ow2']
[2026-08-11T06:13:19.848+0000] {standard_task_runner.py:105} INFO - Job 139: Subtask dbt_run_bigquery
[2026-08-11T06:13:19.909+0000] {task_command.py:467} INFO - Running <TaskInstance: brewline_pipeline_bigquery.dbt_run_bigquery backfill__2026-07-30T00:00:00+00:00 [running]> on host 5224a343584d
[2026-08-11T06:13:20.012+0000] {taskinstance.py:3134} INFO - Exporting env vars: AIRFLOW_CTX_DAG_OWNER='***' AIRFLOW_CTX_DAG_ID='brewline_pipeline_bigquery' AIRFLOW_CTX_TASK_ID='dbt_run_bigquery' AIRFLOW_CTX_EXECUTION_DATE='2026-07-30T00:00:00+00:00' AIRFLOW_CTX_TRY_NUMBER='1' AIRFLOW_CTX_DAG_RUN_ID='backfill__2026-07-30T00:00:00+00:00'
[2026-08-11T06:13:20.015+0000] {logging_mixin.py:190} INFO - Task instance is in running state
[2026-08-11T06:13:20.015+0000] {logging_mixin.py:190} INFO -  Previous state of the Task instance: queued
[2026-08-11T06:13:20.017+0000] {logging_mixin.py:190} INFO - Current task name:dbt_run_bigquery state:running start_date:2026-08-11 06:13:19.805384+00:00
[2026-08-11T06:13:20.018+0000] {logging_mixin.py:190} INFO - Dag name:brewline_pipeline_bigquery and current dag run status:running
[2026-08-11T06:13:20.019+0000] {taskinstance.py:732} INFO - ::endgroup::
[2026-08-11T06:13:20.085+0000] {docker.py:345} INFO - Starting docker container from image brewline-dbt:latest
[2026-08-11T06:13:22.761+0000] {docker.py:69} INFO - [0m06:13:22  Running with dbt=1.12.0
[2026-08-11T06:13:23.243+0000] {docker.py:69} INFO - [0m06:13:23  Installing dbt-labs/dbt_utils
[2026-08-11T06:13:28.517+0000] {docker.py:69} INFO - [0m06:13:28  Installed from version 1.4.1
[2026-08-11T06:13:28.519+0000] {docker.py:69} INFO - [0m06:13:28  Up to date!
[2026-08-11T06:13:31.713+0000] {docker.py:69} INFO - [0m06:13:31  Running with dbt=1.12.0
[2026-08-11T06:13:32.979+0000] {docker.py:69} INFO - [0m06:13:32  Registered adapter: bigquery=1.12.0
[2026-08-11T06:13:34.253+0000] {docker.py:69} INFO - [0m06:13:34  Found 9 models, 52 data tests, 2 seeds, 5 sources, 699 macros
[2026-08-11T06:13:34.262+0000] {docker.py:69} INFO - [0m06:13:34
[2026-08-11T06:13:34.264+0000] {docker.py:69} INFO - [0m06:13:34  Concurrency: 4 threads (target='bigquery')
[2026-08-11T06:13:34.266+0000] {docker.py:69} INFO - [0m06:13:34
[2026-08-11T06:13:34.283+0000] {docker.py:69} INFO - WARNING:google.auth._default:No project ID could be determined. Consider running `gcloud config set project` or setting the GOOGLE_CLOUD_PROJECT environment variable
[2026-08-11T06:13:35.457+0000] {docker.py:69} INFO - [0m06:13:35  1 of 9 START sql incremental model silver.stg_customers ........................ [RUN]
[2026-08-11T06:13:35.458+0000] {docker.py:69} INFO - [0m06:13:35  2 of 9 START sql incremental model silver.stg_orders ........................... [RUN]
[2026-08-11T06:13:35.460+0000] {docker.py:69} INFO - [0m06:13:35  3 of 9 START sql incremental model silver.stg_refunds .......................... [RUN]
[2026-08-11T06:13:35.461+0000] {docker.py:69} INFO - [0m06:13:35  4 of 9 START sql table model silver.stg_subscriptions .......................... [RUN]
[2026-08-11T06:13:37.318+0000] {docker.py:69} INFO - [0m06:13:37  1 of 9 OK created sql incremental model silver.stg_customers ................... [[32mMERGE (44.0 rows, 75.6 KiB processed)[0m in 1.85s]
[2026-08-11T06:13:37.392+0000] {docker.py:69} INFO - [0m06:13:37  4 of 9 OK created sql table model silver.stg_subscriptions ..................... [[32mCREATE TABLE (38.0 rows, 3.1 KiB processed)[0m in 1.92s]
[2026-08-11T06:13:37.396+0000] {docker.py:69} INFO - [0m06:13:37  5 of 9 START sql table model gold.fact_subscription_churn ...................... [RUN]
[2026-08-11T06:13:37.558+0000] {docker.py:69} INFO - [0m06:13:37  3 of 9 OK created sql incremental model silver.stg_refunds ..................... [[32mMERGE (0.0 rows, 106.9 KiB processed)[0m in 2.09s]
[2026-08-11T06:13:37.823+0000] {docker.py:69} INFO - [0m06:13:37  2 of 9 OK created sql incremental model silver.stg_orders ...................... [[32mMERGE (54.0 rows, 170.7 KiB processed)[0m in 2.36s]
[2026-08-11T06:13:37.828+0000] {docker.py:69} INFO - [0m06:13:37  6 of 9 START sql table model gold.fact_customer_health ......................... [RUN]
[2026-08-11T06:13:37.829+0000] {docker.py:69} INFO - [0m06:13:37  7 of 9 START sql table model gold.fact_customer_rfm ............................ [RUN]
[2026-08-11T06:13:37.831+0000] {docker.py:69} INFO - [0m06:13:37  8 of 9 START sql table model gold.fact_refund_alerts ........................... [RUN]
[2026-08-11T06:13:38.948+0000] {docker.py:69} INFO - [0m06:13:38  5 of 9 OK created sql table model gold.fact_subscription_churn ................. [[32mCREATE TABLE (35.0 rows, 2.0 KiB processed)[0m in 1.55s]
[2026-08-11T06:13:38.954+0000] {docker.py:69} INFO - [0m06:13:38  9 of 9 START sql table model gold.fact_weekly_revenue .......................... [RUN]
[2026-08-11T06:13:39.397+0000] {docker.py:69} INFO - [0m06:13:39  6 of 9 OK created sql table model gold.fact_customer_health .................... [[32mCREATE TABLE (160.0 rows, 46.2 KiB processed)[0m in 1.56s]
[2026-08-11T06:13:39.934+0000] {docker.py:69} INFO - [0m06:13:39  7 of 9 OK created sql table model gold.fact_customer_rfm ....................... [[32mCREATE TABLE (160.0 rows, 69.4 KiB processed)[0m in 2.10s]
[2026-08-11T06:13:40.224+0000] {docker.py:69} INFO - [0m06:13:40  8 of 9 OK created sql table model gold.fact_refund_alerts ...................... [[32mCREATE TABLE (23.0 rows, 10.9 KiB processed)[0m in 2.39s]
[2026-08-11T06:13:40.466+0000] {docker.py:69} INFO - [0m06:13:40  9 of 9 OK created sql table model gold.fact_weekly_revenue ..................... [[32mCREATE TABLE (12.0 rows, 48.9 KiB processed)[0m in 1.51s]
[2026-08-11T06:13:40.478+0000] {docker.py:69} INFO - [0m06:13:40
[2026-08-11T06:13:40.480+0000] {docker.py:69} INFO - [0m06:13:40  Finished running 3 incremental models, 6 table models in 0 hours 0 minutes and 6.21 seconds (6.21s).
[2026-08-11T06:13:40.619+0000] {docker.py:69} INFO - [0m06:13:40
[2026-08-11T06:13:40.620+0000] {docker.py:69} INFO - [0m06:13:40  [32mCompleted successfully[0m
[2026-08-11T06:13:40.622+0000] {docker.py:69} INFO - [0m06:13:40
[2026-08-11T06:13:40.623+0000] {docker.py:69} INFO - [0m06:13:40  Done. PASS=9 WARN=0 ERROR=0 SKIP=0 NO-OP=0 REUSED=0 TOTAL=9
[2026-08-11T06:13:42.685+0000] {taskinstance.py:341} INFO - ::group::Post task execution logs
[2026-08-11T06:13:42.687+0000] {taskinstance.py:353} INFO - Marking task as SUCCESS. dag_id=brewline_pipeline_bigquery, task_id=dbt_run_bigquery, run_id=backfill__2026-07-30T00:00:00+00:00, execution_date=20260730T000000, start_date=20260811T061319, end_date=20260811T061342
[2026-08-11T06:13:42.731+0000] {logging_mixin.py:190} INFO - Task instance in success state
[2026-08-11T06:13:42.733+0000] {logging_mixin.py:190} INFO -  Previous state of the Task instance: running
[2026-08-11T06:13:42.734+0000] {logging_mixin.py:190} INFO - Dag name:brewline_pipeline_bigquery queued_at:None
[2026-08-11T06:13:42.735+0000] {logging_mixin.py:190} INFO - Task hostname:5224a343584d operator:DockerOperator
[2026-08-11T06:13:42.793+0000] {local_task_job_runner.py:266} INFO - Task exited with return code 0
[2026-08-11T06:13:42.820+0000] {taskinstance.py:3901} INFO - 1 downstream tasks scheduled from follow-on schedule check
[2026-08-11T06:13:42.823+0000] {local_task_job_runner.py:245} INFO - ::endgroup::
