[2026-08-09T14:12:46.556+0000] {local_task_job_runner.py:123} INFO - ::group::Pre task execution logs
[2026-08-09T14:12:46.577+0000] {taskinstance.py:2614} INFO - Dependencies all met for dep_context=non-requeueable deps ti=<TaskInstance: brewline_pipeline_bigquery.dbt_run_bigquery backfill__2026-07-27T00:00:00+00:00 [queued]>
[2026-08-09T14:12:46.586+0000] {taskinstance.py:2614} INFO - Dependencies all met for dep_context=requeueable deps ti=<TaskInstance: brewline_pipeline_bigquery.dbt_run_bigquery backfill__2026-07-27T00:00:00+00:00 [queued]>
[2026-08-09T14:12:46.587+0000] {taskinstance.py:2867} INFO - Starting attempt 1 of 1
[2026-08-09T14:12:46.602+0000] {taskinstance.py:2890} INFO - Executing <Task(DockerOperator): dbt_run_bigquery> on 2026-07-27 00:00:00+00:00
[2026-08-09T14:12:46.612+0000] {warnings.py:112} WARNING - /home/***/.local/lib/python3.12/site-packages/***/task/task_runner/standard_task_runner.py:70: DeprecationWarning: This process (pid=597) is multi-threaded, use of fork() may lead to deadlocks in the child.
  pid = os.fork()

[2026-08-09T14:12:46.615+0000] {standard_task_runner.py:72} INFO - Started process 599 to run task
[2026-08-09T14:12:46.614+0000] {standard_task_runner.py:104} INFO - Running: ['***', 'tasks', 'run', 'brewline_pipeline_bigquery', 'dbt_run_bigquery', 'backfill__2026-07-27T00:00:00+00:00', '--job-id', '57', '--pool', 'default_pool', '--raw', '--subdir', 'DAGS_FOLDER/brewline_pipeline_bigquery_dag.py', '--cfg-path', '/tmp/tmpnmstmhzd']
[2026-08-09T14:12:46.616+0000] {standard_task_runner.py:105} INFO - Job 57: Subtask dbt_run_bigquery
[2026-08-09T14:12:46.671+0000] {task_command.py:467} INFO - Running <TaskInstance: brewline_pipeline_bigquery.dbt_run_bigquery backfill__2026-07-27T00:00:00+00:00 [running]> on host 5224a343584d
[2026-08-09T14:12:46.760+0000] {taskinstance.py:3134} INFO - Exporting env vars: AIRFLOW_CTX_DAG_OWNER='***' AIRFLOW_CTX_DAG_ID='brewline_pipeline_bigquery' AIRFLOW_CTX_TASK_ID='dbt_run_bigquery' AIRFLOW_CTX_EXECUTION_DATE='2026-07-27T00:00:00+00:00' AIRFLOW_CTX_TRY_NUMBER='1' AIRFLOW_CTX_DAG_RUN_ID='backfill__2026-07-27T00:00:00+00:00'
[2026-08-09T14:12:46.762+0000] {logging_mixin.py:190} INFO - Task instance is in running state
[2026-08-09T14:12:46.762+0000] {logging_mixin.py:190} INFO -  Previous state of the Task instance: queued
[2026-08-09T14:12:46.763+0000] {logging_mixin.py:190} INFO - Current task name:dbt_run_bigquery state:running start_date:2026-08-09 14:12:46.578350+00:00
[2026-08-09T14:12:46.764+0000] {logging_mixin.py:190} INFO - Dag name:brewline_pipeline_bigquery and current dag run status:running
[2026-08-09T14:12:46.764+0000] {taskinstance.py:732} INFO - ::endgroup::
[2026-08-09T14:12:46.816+0000] {docker.py:345} INFO - Starting docker container from image brewline-dbt:latest
[2026-08-09T14:12:48.879+0000] {docker.py:69} INFO - [0m14:12:48  Running with dbt=1.12.0
[2026-08-09T14:12:49.394+0000] {docker.py:69} INFO - [0m14:12:49  Installing dbt-labs/dbt_utils
[2026-08-09T14:12:53.931+0000] {docker.py:69} INFO - [0m14:12:53  Installed from version 1.4.1
[2026-08-09T14:12:53.932+0000] {docker.py:69} INFO - [0m14:12:53  Up to date!
[2026-08-09T14:12:56.883+0000] {docker.py:69} INFO - [0m14:12:56  Running with dbt=1.12.0
[2026-08-09T14:12:58.064+0000] {docker.py:69} INFO - [0m14:12:58  Registered adapter: bigquery=1.12.0
[2026-08-09T14:12:59.367+0000] {docker.py:69} INFO - [0m14:12:59  Found 9 models, 52 data tests, 2 seeds, 5 sources, 699 macros
[2026-08-09T14:12:59.374+0000] {docker.py:69} INFO - [0m14:12:59
[2026-08-09T14:12:59.375+0000] {docker.py:69} INFO - [0m14:12:59  Concurrency: 4 threads (target='bigquery')
[2026-08-09T14:12:59.377+0000] {docker.py:69} INFO - [0m14:12:59
[2026-08-09T14:12:59.393+0000] {docker.py:69} INFO - WARNING:google.auth._default:No project ID could be determined. Consider running `gcloud config set project` or setting the GOOGLE_CLOUD_PROJECT environment variable
[2026-08-09T14:12:59.394+0000] {docker.py:69} INFO - WARNING:google.auth._default:No project ID could be determined. Consider running `gcloud config set project` or setting the GOOGLE_CLOUD_PROJECT environment variable
[2026-08-09T14:13:00.413+0000] {docker.py:69} INFO - [0m14:13:00  1 of 9 START sql incremental model silver.stg_customers ........................ [RUN]
[2026-08-09T14:13:00.415+0000] {docker.py:69} INFO - [0m14:13:00  2 of 9 START sql incremental model silver.stg_orders ........................... [RUN]
[2026-08-09T14:13:00.417+0000] {docker.py:69} INFO - [0m14:13:00  3 of 9 START sql incremental model silver.stg_refunds .......................... [RUN]
[2026-08-09T14:13:00.422+0000] {docker.py:69} INFO - [0m14:13:00  4 of 9 START sql table model silver.stg_subscriptions .......................... [RUN]
[2026-08-09T14:13:02.452+0000] {docker.py:69} INFO - [0m14:13:02  1 of 9 OK created sql incremental model silver.stg_customers ................... [[32mMERGE (45.0 rows, 66.8 KiB processed)[0m in 2.03s]
[2026-08-09T14:13:02.468+0000] {docker.py:69} INFO - [0m14:13:02  4 of 9 OK created sql table model silver.stg_subscriptions ..................... [[32mCREATE TABLE (38.0 rows, 3.1 KiB processed)[0m in 2.04s]
[2026-08-09T14:13:02.473+0000] {docker.py:69} INFO - [0m14:13:02  5 of 9 START sql table model gold.fact_subscription_churn ...................... [RUN]
[2026-08-09T14:13:02.660+0000] {docker.py:69} INFO - [0m14:13:02  3 of 9 OK created sql incremental model silver.stg_refunds ..................... [[32mMERGE (2.0 rows, 91.9 KiB processed)[0m in 2.23s]
[2026-08-09T14:13:02.741+0000] {docker.py:69} INFO - [0m14:13:02  2 of 9 OK created sql incremental model silver.stg_orders ...................... [[32mMERGE (59.0 rows, 129.1 KiB processed)[0m in 2.32s]
[2026-08-09T14:13:02.747+0000] {docker.py:69} INFO - [0m14:13:02  6 of 9 START sql table model gold.fact_customer_health ......................... [RUN]
[2026-08-09T14:13:02.749+0000] {docker.py:69} INFO - [0m14:13:02  7 of 9 START sql table model gold.fact_customer_rfm ............................ [RUN]
[2026-08-09T14:13:02.750+0000] {docker.py:69} INFO - [0m14:13:02  8 of 9 START sql table model gold.fact_refund_alerts ........................... [RUN]
[2026-08-09T14:13:04.014+0000] {docker.py:69} INFO - [0m14:13:04  5 of 9 OK created sql table model gold.fact_subscription_churn ................. [[32mCREATE TABLE (35.0 rows, 2.0 KiB processed)[0m in 1.54s]
[2026-08-09T14:13:04.019+0000] {docker.py:69} INFO - [0m14:13:04  9 of 9 START sql table model gold.fact_weekly_revenue .......................... [RUN]
[2026-08-09T14:13:04.313+0000] {docker.py:69} INFO - [0m14:13:04  6 of 9 OK created sql table model gold.fact_customer_health .................... [[32mCREATE TABLE (160.0 rows, 41.1 KiB processed)[0m in 1.56s]
[2026-08-09T14:13:04.853+0000] {docker.py:69} INFO - [0m14:13:04  7 of 9 OK created sql table model gold.fact_customer_rfm ....................... [[32mCREATE TABLE (160.0 rows, 52.2 KiB processed)[0m in 2.10s]
[2026-08-09T14:13:05.159+0000] {docker.py:69} INFO - [0m14:13:05  8 of 9 OK created sql table model gold.fact_refund_alerts ...................... [[32mCREATE TABLE (23.0 rows, 9.6 KiB processed)[0m in 2.40s]
[2026-08-09T14:13:05.517+0000] {docker.py:69} INFO - [0m14:13:05  9 of 9 OK created sql table model gold.fact_weekly_revenue ..................... [[32mCREATE TABLE (12.0 rows, 33.4 KiB processed)[0m in 1.49s]
[2026-08-09T14:13:05.528+0000] {docker.py:69} INFO - [0m14:13:05
[2026-08-09T14:13:05.529+0000] {docker.py:69} INFO - [0m14:13:05  Finished running 3 incremental models, 6 table models in 0 hours 0 minutes and 6.15 seconds (6.15s).
[2026-08-09T14:13:05.700+0000] {docker.py:69} INFO - [0m14:13:05
[2026-08-09T14:13:05.702+0000] {docker.py:69} INFO - [0m14:13:05  [32mCompleted successfully[0m
[2026-08-09T14:13:05.703+0000] {docker.py:69} INFO - [0m14:13:05
[2026-08-09T14:13:05.705+0000] {docker.py:69} INFO - [0m14:13:05  Done. PASS=9 WARN=0 ERROR=0 SKIP=0 NO-OP=0 REUSED=0 TOTAL=9
[2026-08-09T14:13:07.730+0000] {taskinstance.py:341} INFO - ::group::Post task execution logs
[2026-08-09T14:13:07.732+0000] {taskinstance.py:353} INFO - Marking task as SUCCESS. dag_id=brewline_pipeline_bigquery, task_id=dbt_run_bigquery, run_id=backfill__2026-07-27T00:00:00+00:00, execution_date=20260727T000000, start_date=20260809T141246, end_date=20260809T141307
[2026-08-09T14:13:07.764+0000] {logging_mixin.py:190} INFO - Task instance in success state
[2026-08-09T14:13:07.765+0000] {logging_mixin.py:190} INFO -  Previous state of the Task instance: running
[2026-08-09T14:13:07.766+0000] {logging_mixin.py:190} INFO - Dag name:brewline_pipeline_bigquery queued_at:None
[2026-08-09T14:13:07.767+0000] {logging_mixin.py:190} INFO - Task hostname:5224a343584d operator:DockerOperator
[2026-08-09T14:13:07.813+0000] {local_task_job_runner.py:266} INFO - Task exited with return code 0
[2026-08-09T14:13:07.832+0000] {taskinstance.py:3901} INFO - 1 downstream tasks scheduled from follow-on schedule check
[2026-08-09T14:13:07.834+0000] {local_task_job_runner.py:245} INFO - ::endgroup::
