[2026-08-11T07:27:13.783+0000] {local_task_job_runner.py:123} INFO - ::group::Pre task execution logs
[2026-08-11T07:27:13.805+0000] {taskinstance.py:2614} INFO - Dependencies all met for dep_context=non-requeueable deps ti=<TaskInstance: brewline_pipeline.dbt_seed manual__2026-08-11T07:27:05.750699+00:00 [queued]>
[2026-08-11T07:27:13.816+0000] {taskinstance.py:2614} INFO - Dependencies all met for dep_context=requeueable deps ti=<TaskInstance: brewline_pipeline.dbt_seed manual__2026-08-11T07:27:05.750699+00:00 [queued]>
[2026-08-11T07:27:13.817+0000] {taskinstance.py:2867} INFO - Starting attempt 1 of 1
[2026-08-11T07:27:13.831+0000] {taskinstance.py:2890} INFO - Executing <Task(DockerOperator): dbt_seed> on 2026-08-11 07:27:05.750699+00:00
[2026-08-11T07:27:13.840+0000] {warnings.py:112} WARNING - /home/***/.local/lib/python3.12/site-packages/***/task/task_runner/standard_task_runner.py:70: DeprecationWarning: This process (pid=2729) is multi-threaded, use of fork() may lead to deadlocks in the child.
  pid = os.fork()

[2026-08-11T07:27:13.842+0000] {standard_task_runner.py:72} INFO - Started process 2731 to run task
[2026-08-11T07:27:13.842+0000] {standard_task_runner.py:104} INFO - Running: ['***', 'tasks', 'run', 'brewline_pipeline', 'dbt_seed', 'manual__2026-08-11T07:27:05.750699+00:00', '--job-id', '183', '--raw', '--subdir', 'DAGS_FOLDER/brewline_pipeline_dag.py', '--cfg-path', '/tmp/tmp9vepoyev']
[2026-08-11T07:27:13.844+0000] {standard_task_runner.py:105} INFO - Job 183: Subtask dbt_seed
[2026-08-11T07:27:13.901+0000] {task_command.py:467} INFO - Running <TaskInstance: brewline_pipeline.dbt_seed manual__2026-08-11T07:27:05.750699+00:00 [running]> on host 5224a343584d
[2026-08-11T07:27:13.999+0000] {taskinstance.py:3134} INFO - Exporting env vars: AIRFLOW_CTX_DAG_OWNER='***' AIRFLOW_CTX_DAG_ID='brewline_pipeline' AIRFLOW_CTX_TASK_ID='dbt_seed' AIRFLOW_CTX_EXECUTION_DATE='2026-08-11T07:27:05.750699+00:00' AIRFLOW_CTX_TRY_NUMBER='1' AIRFLOW_CTX_DAG_RUN_ID='manual__2026-08-11T07:27:05.750699+00:00'
[2026-08-11T07:27:14.001+0000] {logging_mixin.py:190} INFO - Task instance is in running state
[2026-08-11T07:27:14.002+0000] {logging_mixin.py:190} INFO -  Previous state of the Task instance: queued
[2026-08-11T07:27:14.003+0000] {logging_mixin.py:190} INFO - Current task name:dbt_seed state:running start_date:2026-08-11 07:27:13.806359+00:00
[2026-08-11T07:27:14.004+0000] {logging_mixin.py:190} INFO - Dag name:brewline_pipeline and current dag run status:running
[2026-08-11T07:27:14.005+0000] {taskinstance.py:732} INFO - ::endgroup::
[2026-08-11T07:27:14.072+0000] {docker.py:345} INFO - Starting docker container from image brewline-dbt:latest
[2026-08-11T07:27:16.487+0000] {docker.py:69} INFO - [0m07:27:16  Running with dbt=1.12.0
[2026-08-11T07:27:16.975+0000] {docker.py:69} INFO - [0m07:27:16  Registered adapter: duckdb=1.10.1
[2026-08-11T07:27:18.138+0000] {docker.py:69} INFO - [0m07:27:18  Found 9 models, 52 data tests, 2 seeds, 5 sources, 624 macros
[2026-08-11T07:27:18.144+0000] {docker.py:69} INFO - [0m07:27:18
[2026-08-11T07:27:18.145+0000] {docker.py:69} INFO - [0m07:27:18  Concurrency: 1 threads (target='dev')
[2026-08-11T07:27:18.147+0000] {docker.py:69} INFO - [0m07:27:18
[2026-08-11T07:27:18.331+0000] {docker.py:69} INFO - [0m07:27:18  1 of 2 START seed file silver.exchange_rates ................................... [RUN]
[2026-08-11T07:27:18.488+0000] {docker.py:69} INFO - [0m07:27:18  1 of 2 OK loaded seed file silver.exchange_rates ............................... [[32mINSERT 140[0m in 0.15s]
[2026-08-11T07:27:18.493+0000] {docker.py:69} INFO - [0m07:27:18  2 of 2 START seed file silver.store_timezones .................................. [RUN]
[2026-08-11T07:27:18.566+0000] {docker.py:69} INFO - [0m07:27:18  2 of 2 OK loaded seed file silver.store_timezones .............................. [[32mINSERT 3[0m in 0.07s]
[2026-08-11T07:27:18.594+0000] {docker.py:69} INFO - [0m07:27:18
[2026-08-11T07:27:18.596+0000] {docker.py:69} INFO - [0m07:27:18  Finished running 2 seeds in 0 hours 0 minutes and 0.44 seconds (0.44s).
[2026-08-11T07:27:18.743+0000] {docker.py:69} INFO - [0m07:27:18
[2026-08-11T07:27:18.745+0000] {docker.py:69} INFO - [0m07:27:18  [32mCompleted successfully[0m
[2026-08-11T07:27:18.746+0000] {docker.py:69} INFO - [0m07:27:18
[2026-08-11T07:27:18.748+0000] {docker.py:69} INFO - [0m07:27:18  Done. PASS=2 WARN=0 ERROR=0 SKIP=0 NO-OP=0 REUSED=0 TOTAL=2
[2026-08-11T07:27:20.409+0000] {taskinstance.py:341} INFO - ::group::Post task execution logs
[2026-08-11T07:27:20.412+0000] {taskinstance.py:353} INFO - Marking task as SUCCESS. dag_id=brewline_pipeline, task_id=dbt_seed, run_id=manual__2026-08-11T07:27:05.750699+00:00, execution_date=20260811T072705, start_date=20260811T072713, end_date=20260811T072720
[2026-08-11T07:27:20.458+0000] {logging_mixin.py:190} INFO - Task instance in success state
[2026-08-11T07:27:20.459+0000] {logging_mixin.py:190} INFO -  Previous state of the Task instance: running
[2026-08-11T07:27:20.460+0000] {logging_mixin.py:190} INFO - Dag name:brewline_pipeline queued_at:2026-08-11 07:27:05.765457+00:00
[2026-08-11T07:27:20.462+0000] {logging_mixin.py:190} INFO - Task hostname:5224a343584d operator:DockerOperator
[2026-08-11T07:27:20.513+0000] {local_task_job_runner.py:266} INFO - Task exited with return code 0
[2026-08-11T07:27:20.540+0000] {taskinstance.py:3901} INFO - 0 downstream tasks scheduled from follow-on schedule check
[2026-08-11T07:27:20.543+0000] {local_task_job_runner.py:245} INFO - ::endgroup::
