[2026-08-11T06:20:32.176+0000] {local_task_job_runner.py:123} INFO - ::group::Pre task execution logs
[2026-08-11T06:20:32.197+0000] {taskinstance.py:2614} INFO - Dependencies all met for dep_context=non-requeueable deps ti=<TaskInstance: brewline_pipeline_bigquery.dbt_run_bigquery backfill__2026-08-04T00:00:00+00:00 [queued]>
[2026-08-11T06:20:32.209+0000] {taskinstance.py:2614} INFO - Dependencies all met for dep_context=requeueable deps ti=<TaskInstance: brewline_pipeline_bigquery.dbt_run_bigquery backfill__2026-08-04T00:00:00+00:00 [queued]>
[2026-08-11T06:20:32.210+0000] {taskinstance.py:2867} INFO - Starting attempt 1 of 1
[2026-08-11T06:20:32.226+0000] {taskinstance.py:2890} INFO - Executing <Task(DockerOperator): dbt_run_bigquery> on 2026-08-04 00:00:00+00:00
[2026-08-11T06:20:32.236+0000] {warnings.py:112} WARNING - /home/***/.local/lib/python3.12/site-packages/***/task/task_runner/standard_task_runner.py:70: DeprecationWarning: This process (pid=1763) is multi-threaded, use of fork() may lead to deadlocks in the child.
  pid = os.fork()

[2026-08-11T06:20:32.238+0000] {standard_task_runner.py:72} INFO - Started process 1765 to run task
[2026-08-11T06:20:32.238+0000] {standard_task_runner.py:104} INFO - Running: ['***', 'tasks', 'run', 'brewline_pipeline_bigquery', 'dbt_run_bigquery', 'backfill__2026-08-04T00:00:00+00:00', '--job-id', '154', '--pool', 'default_pool', '--raw', '--subdir', 'DAGS_FOLDER/brewline_pipeline_bigquery_dag.py', '--cfg-path', '/tmp/tmprduigdop']
[2026-08-11T06:20:32.240+0000] {standard_task_runner.py:105} INFO - Job 154: Subtask dbt_run_bigquery
[2026-08-11T06:20:32.300+0000] {task_command.py:467} INFO - Running <TaskInstance: brewline_pipeline_bigquery.dbt_run_bigquery backfill__2026-08-04T00:00:00+00:00 [running]> on host 5224a343584d
[2026-08-11T06:20:32.398+0000] {taskinstance.py:3134} INFO - Exporting env vars: AIRFLOW_CTX_DAG_OWNER='***' AIRFLOW_CTX_DAG_ID='brewline_pipeline_bigquery' AIRFLOW_CTX_TASK_ID='dbt_run_bigquery' AIRFLOW_CTX_EXECUTION_DATE='2026-08-04T00:00:00+00:00' AIRFLOW_CTX_TRY_NUMBER='1' AIRFLOW_CTX_DAG_RUN_ID='backfill__2026-08-04T00:00:00+00:00'
[2026-08-11T06:20:32.401+0000] {logging_mixin.py:190} INFO - Task instance is in running state
[2026-08-11T06:20:32.401+0000] {logging_mixin.py:190} INFO -  Previous state of the Task instance: queued
[2026-08-11T06:20:32.402+0000] {logging_mixin.py:190} INFO - Current task name:dbt_run_bigquery state:running start_date:2026-08-11 06:20:32.198936+00:00
[2026-08-11T06:20:32.403+0000] {logging_mixin.py:190} INFO - Dag name:brewline_pipeline_bigquery and current dag run status:running
[2026-08-11T06:20:32.404+0000] {taskinstance.py:732} INFO - ::endgroup::
[2026-08-11T06:20:32.470+0000] {docker.py:345} INFO - Starting docker container from image brewline-dbt:latest
[2026-08-11T06:20:35.318+0000] {docker.py:69} INFO - [0m06:20:35  Running with dbt=1.12.0
[2026-08-11T06:20:35.930+0000] {docker.py:69} INFO - [0m06:20:35  Installing dbt-labs/dbt_utils
[2026-08-11T06:20:41.125+0000] {docker.py:69} INFO - [0m06:20:41  Installed from version 1.4.1
[2026-08-11T06:20:41.126+0000] {docker.py:69} INFO - [0m06:20:41  Up to date!
[2026-08-11T06:20:44.892+0000] {docker.py:69} INFO - [0m06:20:44  Running with dbt=1.12.0
[2026-08-11T06:20:46.355+0000] {docker.py:69} INFO - [0m06:20:46  Registered adapter: bigquery=1.12.0
[2026-08-11T06:20:47.827+0000] {docker.py:69} INFO - [0m06:20:47  Found 9 models, 52 data tests, 2 seeds, 5 sources, 699 macros
[2026-08-11T06:20:47.834+0000] {docker.py:69} INFO - [0m06:20:47
[2026-08-11T06:20:47.836+0000] {docker.py:69} INFO - [0m06:20:47  Concurrency: 4 threads (target='bigquery')
[2026-08-11T06:20:47.837+0000] {docker.py:69} INFO - [0m06:20:47
[2026-08-11T06:20:47.860+0000] {docker.py:69} INFO - WARNING:google.auth._default:No project ID could be determined. Consider running `gcloud config set project` or setting the GOOGLE_CLOUD_PROJECT environment variable
[2026-08-11T06:20:47.862+0000] {docker.py:69} INFO - WARNING:google.auth._default:No project ID could be determined. Consider running `gcloud config set project` or setting the GOOGLE_CLOUD_PROJECT environment variable
[2026-08-11T06:20:48.814+0000] {docker.py:69} INFO - [0m06:20:48  1 of 9 START sql incremental model silver.stg_customers ........................ [RUN]
[2026-08-11T06:20:48.816+0000] {docker.py:69} INFO - [0m06:20:48  2 of 9 START sql incremental model silver.stg_orders ........................... [RUN]
[2026-08-11T06:20:48.817+0000] {docker.py:69} INFO - [0m06:20:48  3 of 9 START sql incremental model silver.stg_refunds .......................... [RUN]
[2026-08-11T06:20:48.819+0000] {docker.py:69} INFO - [0m06:20:48  4 of 9 START sql table model silver.stg_subscriptions .......................... [RUN]
[2026-08-11T06:20:50.724+0000] {docker.py:69} INFO - [0m06:20:50  4 of 9 OK created sql table model silver.stg_subscriptions ..................... [[32mCREATE TABLE (38.0 rows, 3.1 KiB processed)[0m in 1.90s]
[2026-08-11T06:20:50.729+0000] {docker.py:69} INFO - [0m06:20:50  5 of 9 START sql table model gold.fact_subscription_churn ...................... [RUN]
[2026-08-11T06:20:50.883+0000] {docker.py:69} INFO - [0m06:20:50  3 of 9 OK created sql incremental model silver.stg_refunds ..................... [[32mMERGE (0.0 rows, 128.4 KiB processed)[0m in 2.06s]
[2026-08-11T06:20:50.911+0000] {docker.py:69} INFO - [0m06:20:50  1 of 9 OK created sql incremental model silver.stg_customers ................... [[32mMERGE (44.0 rows, 90.6 KiB processed)[0m in 2.09s]
[2026-08-11T06:20:51.156+0000] {docker.py:69} INFO - [0m06:20:51  2 of 9 OK created sql incremental model silver.stg_orders ...................... [[32mMERGE (68.0 rows, 206.3 KiB processed)[0m in 2.33s]
[2026-08-11T06:20:51.161+0000] {docker.py:69} INFO - [0m06:20:51  6 of 9 START sql table model gold.fact_customer_health ......................... [RUN]
[2026-08-11T06:20:51.162+0000] {docker.py:69} INFO - [0m06:20:51  7 of 9 START sql table model gold.fact_customer_rfm ............................ [RUN]
[2026-08-11T06:20:51.164+0000] {docker.py:69} INFO - [0m06:20:51  8 of 9 START sql table model gold.fact_refund_alerts ........................... [RUN]
[2026-08-11T06:20:52.818+0000] {docker.py:69} INFO - [0m06:20:52  6 of 9 OK created sql table model gold.fact_customer_health .................... [[32mCREATE TABLE (160.0 rows, 55.2 KiB processed)[0m in 1.65s]
[2026-08-11T06:20:52.822+0000] {docker.py:69} INFO - [0m06:20:52  9 of 9 START sql table model gold.fact_weekly_revenue .......................... [RUN]
[2026-08-11T06:20:53.353+0000] {docker.py:69} INFO - [0m06:20:53  7 of 9 OK created sql table model gold.fact_customer_rfm ....................... [[32mCREATE TABLE (160.0 rows, 82.9 KiB processed)[0m in 2.18s]
[2026-08-11T06:20:54.406+0000] {docker.py:69} INFO - [0m06:20:54  9 of 9 OK created sql table model gold.fact_weekly_revenue ..................... [[32mCREATE TABLE (15.0 rows, 59.3 KiB processed)[0m in 1.58s]
[2026-08-11T06:20:54.674+0000] {docker.py:69} INFO - [0m06:20:54  5 of 9 OK created sql table model gold.fact_subscription_churn ................. [[32mCREATE TABLE (35.0 rows, 2.0 KiB processed)[0m in 3.94s]
[2026-08-11T06:20:55.044+0000] {docker.py:69} INFO - [0m06:20:55  8 of 9 OK created sql table model gold.fact_refund_alerts ...................... [[32mCREATE TABLE (29.0 rows, 13.2 KiB processed)[0m in 3.87s]
[2026-08-11T06:20:55.056+0000] {docker.py:69} INFO - [0m06:20:55
[2026-08-11T06:20:55.058+0000] {docker.py:69} INFO - [0m06:20:55  Finished running 3 incremental models, 6 table models in 0 hours 0 minutes and 7.22 seconds (7.22s).
[2026-08-11T06:20:55.257+0000] {docker.py:69} INFO - [0m06:20:55
[2026-08-11T06:20:55.259+0000] {docker.py:69} INFO - [0m06:20:55  [32mCompleted successfully[0m
[2026-08-11T06:20:55.264+0000] {docker.py:69} INFO - [0m06:20:55
[2026-08-11T06:20:55.266+0000] {docker.py:69} INFO - [0m06:20:55  Done. PASS=9 WARN=0 ERROR=0 SKIP=0 NO-OP=0 REUSED=0 TOTAL=9
[2026-08-11T06:20:57.526+0000] {taskinstance.py:341} INFO - ::group::Post task execution logs
[2026-08-11T06:20:57.527+0000] {taskinstance.py:353} INFO - Marking task as SUCCESS. dag_id=brewline_pipeline_bigquery, task_id=dbt_run_bigquery, run_id=backfill__2026-08-04T00:00:00+00:00, execution_date=20260804T000000, start_date=20260811T062032, end_date=20260811T062057
[2026-08-11T06:20:57.568+0000] {logging_mixin.py:190} INFO - Task instance in success state
[2026-08-11T06:20:57.569+0000] {logging_mixin.py:190} INFO -  Previous state of the Task instance: running
[2026-08-11T06:20:57.571+0000] {logging_mixin.py:190} INFO - Dag name:brewline_pipeline_bigquery queued_at:None
[2026-08-11T06:20:57.572+0000] {logging_mixin.py:190} INFO - Task hostname:5224a343584d operator:DockerOperator
[2026-08-11T06:20:57.590+0000] {local_task_job_runner.py:266} INFO - Task exited with return code 0
[2026-08-11T06:20:58.607+0000] {taskinstance.py:3901} INFO - 1 downstream tasks scheduled from follow-on schedule check
[2026-08-11T06:20:58.613+0000] {local_task_job_runner.py:245} INFO - ::endgroup::
