[2026-08-11T06:11:23.233+0000] {local_task_job_runner.py:123} INFO - ::group::Pre task execution logs
[2026-08-11T06:11:23.249+0000] {taskinstance.py:2614} INFO - Dependencies all met for dep_context=non-requeueable deps ti=<TaskInstance: brewline_pipeline_bigquery.bronze_ingest_bigquery backfill__2026-07-29T00:00:00+00:00 [queued]>
[2026-08-11T06:11:23.258+0000] {taskinstance.py:2614} INFO - Dependencies all met for dep_context=requeueable deps ti=<TaskInstance: brewline_pipeline_bigquery.bronze_ingest_bigquery backfill__2026-07-29T00:00:00+00:00 [queued]>
[2026-08-11T06:11:23.259+0000] {taskinstance.py:2867} INFO - Starting attempt 1 of 1
[2026-08-11T06:11:23.273+0000] {taskinstance.py:2890} INFO - Executing <Task(DockerOperator): bronze_ingest_bigquery> on 2026-07-29 00:00:00+00:00
[2026-08-11T06:11:23.284+0000] {warnings.py:112} WARNING - /home/***/.local/lib/python3.12/site-packages/***/task/task_runner/standard_task_runner.py:70: DeprecationWarning: This process (pid=1575) is multi-threaded, use of fork() may lead to deadlocks in the child.
  pid = os.fork()

[2026-08-11T06:11:23.285+0000] {standard_task_runner.py:104} INFO - Running: ['***', 'tasks', 'run', 'brewline_pipeline_bigquery', 'bronze_ingest_bigquery', 'backfill__2026-07-29T00:00:00+00:00', '--job-id', '135', '--pool', 'default_pool', '--raw', '--subdir', 'DAGS_FOLDER/brewline_pipeline_bigquery_dag.py', '--cfg-path', '/tmp/tmprzy1853l']
[2026-08-11T06:11:23.286+0000] {standard_task_runner.py:72} INFO - Started process 1577 to run task
[2026-08-11T06:11:23.287+0000] {standard_task_runner.py:105} INFO - Job 135: Subtask bronze_ingest_bigquery
[2026-08-11T06:11:23.340+0000] {task_command.py:467} INFO - Running <TaskInstance: brewline_pipeline_bigquery.bronze_ingest_bigquery backfill__2026-07-29T00:00:00+00:00 [running]> on host 5224a343584d
[2026-08-11T06:11:23.443+0000] {taskinstance.py:3134} INFO - Exporting env vars: AIRFLOW_CTX_DAG_OWNER='***' AIRFLOW_CTX_DAG_ID='brewline_pipeline_bigquery' AIRFLOW_CTX_TASK_ID='bronze_ingest_bigquery' AIRFLOW_CTX_EXECUTION_DATE='2026-07-29T00:00:00+00:00' AIRFLOW_CTX_TRY_NUMBER='1' AIRFLOW_CTX_DAG_RUN_ID='backfill__2026-07-29T00:00:00+00:00'
[2026-08-11T06:11:23.445+0000] {logging_mixin.py:190} INFO - Task instance is in running state
[2026-08-11T06:11:23.447+0000] {logging_mixin.py:190} INFO -  Previous state of the Task instance: queued
[2026-08-11T06:11:23.448+0000] {logging_mixin.py:190} INFO - Current task name:bronze_ingest_bigquery state:running start_date:2026-08-11 06:11:23.250821+00:00
[2026-08-11T06:11:23.449+0000] {logging_mixin.py:190} INFO - Dag name:brewline_pipeline_bigquery and current dag run status:running
[2026-08-11T06:11:23.450+0000] {taskinstance.py:732} INFO - ::endgroup::
[2026-08-11T06:11:23.520+0000] {docker.py:345} INFO - Starting docker container from image brewline-bronze:latest
[2026-08-11T06:11:29.037+0000] {docker.py:69} INFO - 2026-08-11 06:11:29,036 [INFO] bronze_bigquery: bronze.shopify_orders: 36 rows this run (partition 2026-07-29) -> gs://brewline-data-lake/bronze/source_name=shopify_orders/year=2026/month=07/day=29/part-0000.parquet, 903 total in BigQuery
[2026-08-11T06:11:35.021+0000] {docker.py:69} INFO - 2026-08-11 06:11:35,020 [INFO] bronze_bigquery: bronze.square_transactions: 32 rows this run (partition 2026-07-29) -> gs://brewline-data-lake/bronze/source_name=square_transactions/year=2026/month=07/day=29/part-0000.parquet, 895 total in BigQuery
[2026-08-11T06:11:37.021+0000] {docker.py:69} INFO - 2026-08-11 06:11:37,020 [INFO] bronze_bigquery: bronze.recharge_subscriptions: 38 rows this run (full snapshot replace) -> gs://brewline-data-lake/bronze/source_name=recharge_subscriptions/year=2026/month=07/day=29/part-0000.parquet, 38 total in BigQuery
[2026-08-11T06:11:37.052+0000] {docker.py:69} INFO - 2026-08-11 06:11:37,050 [INFO] bronze_bigquery: no raw file for 'zendesk_tickets' on 2026-07-29 -- treating as zero rows (not required daily)
[2026-08-11T06:11:37.053+0000] {docker.py:69} INFO - 2026-08-11 06:11:37,051 [INFO] bronze_bigquery: bronze.zendesk_tickets: skipped, no data for 2026-07-29
[2026-08-11T06:11:40.812+0000] {docker.py:69} INFO - 2026-08-11 06:11:40,811 [INFO] bronze_bigquery: bronze.shipstation_shipments: 39 rows this run (partition 2026-07-29) -> gs://brewline-data-lake/bronze/source_name=shipstation_shipments/year=2026/month=07/day=29/part-0000.parquet, 716 total in BigQuery
[2026-08-11T06:11:41.253+0000] {taskinstance.py:341} INFO - ::group::Post task execution logs
[2026-08-11T06:11:41.255+0000] {taskinstance.py:353} INFO - Marking task as SUCCESS. dag_id=brewline_pipeline_bigquery, task_id=bronze_ingest_bigquery, run_id=backfill__2026-07-29T00:00:00+00:00, execution_date=20260729T000000, start_date=20260811T061123, end_date=20260811T061141
[2026-08-11T06:11:41.298+0000] {logging_mixin.py:190} INFO - Task instance in success state
[2026-08-11T06:11:41.300+0000] {logging_mixin.py:190} INFO -  Previous state of the Task instance: running
[2026-08-11T06:11:41.302+0000] {logging_mixin.py:190} INFO - Dag name:brewline_pipeline_bigquery queued_at:None
[2026-08-11T06:11:41.303+0000] {logging_mixin.py:190} INFO - Task hostname:5224a343584d operator:DockerOperator
[2026-08-11T06:11:41.360+0000] {local_task_job_runner.py:266} INFO - Task exited with return code 0
[2026-08-11T06:11:41.399+0000] {taskinstance.py:3901} INFO - 1 downstream tasks scheduled from follow-on schedule check
[2026-08-11T06:11:41.402+0000] {local_task_job_runner.py:245} INFO - ::endgroup::
