[2026-08-11T05:35:04.991+0000] {local_task_job_runner.py:123} INFO - ::group::Pre task execution logs
[2026-08-11T05:35:05.011+0000] {taskinstance.py:2614} INFO - Dependencies all met for dep_context=non-requeueable deps ti=<TaskInstance: brewline_pipeline_bigquery.bronze_ingest_bigquery backfill__2026-07-10T00:00:00+00:00 [queued]>
[2026-08-11T05:35:05.024+0000] {taskinstance.py:2614} INFO - Dependencies all met for dep_context=requeueable deps ti=<TaskInstance: brewline_pipeline_bigquery.bronze_ingest_bigquery backfill__2026-07-10T00:00:00+00:00 [queued]>
[2026-08-11T05:35:05.025+0000] {taskinstance.py:2867} INFO - Starting attempt 2 of 2
[2026-08-11T05:35:05.041+0000] {taskinstance.py:2890} INFO - Executing <Task(DockerOperator): bronze_ingest_bigquery> on 2026-07-10 00:00:00+00:00
[2026-08-11T05:35:05.051+0000] {warnings.py:112} WARNING - /home/***/.local/lib/python3.12/site-packages/***/task/task_runner/standard_task_runner.py:70: DeprecationWarning: This process (pid=891) is multi-threaded, use of fork() may lead to deadlocks in the child.
  pid = os.fork()

[2026-08-11T05:35:05.054+0000] {standard_task_runner.py:72} INFO - Started process 893 to run task
[2026-08-11T05:35:05.053+0000] {standard_task_runner.py:104} INFO - Running: ['***', 'tasks', 'run', 'brewline_pipeline_bigquery', 'bronze_ingest_bigquery', 'backfill__2026-07-10T00:00:00+00:00', '--job-id', '77', '--pool', 'default_pool', '--raw', '--subdir', 'DAGS_FOLDER/brewline_pipeline_bigquery_dag.py', '--cfg-path', '/tmp/tmp8noc3qip']
[2026-08-11T05:35:05.055+0000] {standard_task_runner.py:105} INFO - Job 77: Subtask bronze_ingest_bigquery
[2026-08-11T05:35:05.120+0000] {task_command.py:467} INFO - Running <TaskInstance: brewline_pipeline_bigquery.bronze_ingest_bigquery backfill__2026-07-10T00:00:00+00:00 [running]> on host 5224a343584d
[2026-08-11T05:35:05.235+0000] {taskinstance.py:3134} INFO - Exporting env vars: AIRFLOW_CTX_DAG_OWNER='***' AIRFLOW_CTX_DAG_ID='brewline_pipeline_bigquery' AIRFLOW_CTX_TASK_ID='bronze_ingest_bigquery' AIRFLOW_CTX_EXECUTION_DATE='2026-07-10T00:00:00+00:00' AIRFLOW_CTX_TRY_NUMBER='2' AIRFLOW_CTX_DAG_RUN_ID='backfill__2026-07-10T00:00:00+00:00'
[2026-08-11T05:35:05.238+0000] {logging_mixin.py:190} INFO - Task instance is in running state
[2026-08-11T05:35:05.239+0000] {logging_mixin.py:190} INFO -  Previous state of the Task instance: queued
[2026-08-11T05:35:05.240+0000] {logging_mixin.py:190} INFO - Current task name:bronze_ingest_bigquery state:running start_date:2026-08-11 05:35:05.012909+00:00
[2026-08-11T05:35:05.241+0000] {logging_mixin.py:190} INFO - Dag name:brewline_pipeline_bigquery and current dag run status:running
[2026-08-11T05:35:05.242+0000] {taskinstance.py:732} INFO - ::endgroup::
[2026-08-11T05:35:05.307+0000] {docker.py:345} INFO - Starting docker container from image brewline-bronze:latest
[2026-08-11T05:35:10.962+0000] {docker.py:69} INFO - 2026-08-11 05:35:10,960 [INFO] bronze_bigquery: bronze.shopify_orders: 42 rows this run (partition 2026-07-10) -> gs://brewline-data-lake/bronze/source_name=shopify_orders/year=2026/month=07/day=10/part-0000.parquet, 122 total in BigQuery
[2026-08-11T05:35:14.991+0000] {docker.py:69} INFO - 2026-08-11 05:35:14,990 [INFO] bronze_bigquery: bronze.square_transactions: 39 rows this run (partition 2026-07-10) -> gs://brewline-data-lake/bronze/source_name=square_transactions/year=2026/month=07/day=10/part-0000.parquet, 110 total in BigQuery
[2026-08-11T05:35:16.832+0000] {docker.py:69} INFO - 2026-08-11 05:35:16,831 [INFO] bronze_bigquery: bronze.recharge_subscriptions: 35 rows this run (full snapshot replace) -> gs://brewline-data-lake/bronze/source_name=recharge_subscriptions/year=2026/month=07/day=10/part-0000.parquet, 35 total in BigQuery
[2026-08-11T05:35:20.646+0000] {docker.py:69} INFO - 2026-08-11 05:35:20,645 [INFO] bronze_bigquery: bronze.zendesk_tickets: 1 rows this run (partition 2026-07-10) -> gs://brewline-data-lake/bronze/source_name=zendesk_tickets/year=2026/month=07/day=10/part-0000.parquet, 34 total in BigQuery
[2026-08-11T05:35:24.452+0000] {docker.py:69} INFO - 2026-08-11 05:35:24,451 [INFO] bronze_bigquery: bronze.shipstation_shipments: 41 rows this run (partition 2026-07-10) -> gs://brewline-data-lake/bronze/source_name=shipstation_shipments/year=2026/month=07/day=10/part-0000.parquet, 677 total in BigQuery
[2026-08-11T05:35:24.837+0000] {taskinstance.py:341} INFO - ::group::Post task execution logs
[2026-08-11T05:35:24.838+0000] {taskinstance.py:353} INFO - Marking task as SUCCESS. dag_id=brewline_pipeline_bigquery, task_id=bronze_ingest_bigquery, run_id=backfill__2026-07-10T00:00:00+00:00, execution_date=20260710T000000, start_date=20260811T053505, end_date=20260811T053524
[2026-08-11T05:35:24.880+0000] {logging_mixin.py:190} INFO - Task instance in success state
[2026-08-11T05:35:24.881+0000] {logging_mixin.py:190} INFO -  Previous state of the Task instance: running
[2026-08-11T05:35:24.883+0000] {logging_mixin.py:190} INFO - Dag name:brewline_pipeline_bigquery queued_at:2026-08-11 05:31:04.356010+00:00
[2026-08-11T05:35:24.884+0000] {logging_mixin.py:190} INFO - Task hostname:5224a343584d operator:DockerOperator
[2026-08-11T05:35:24.909+0000] {local_task_job_runner.py:266} INFO - Task exited with return code 0
[2026-08-11T05:35:25.057+0000] {standard_task_runner.py:217} INFO - Process not found (most likely exited), stop collecting metrics
[2026-08-11T05:35:25.927+0000] {taskinstance.py:3901} INFO - 1 downstream tasks scheduled from follow-on schedule check
[2026-08-11T05:35:25.933+0000] {local_task_job_runner.py:245} INFO - ::endgroup::
