[2026-08-09T14:04:57.365+0000] {local_task_job_runner.py:123} INFO - ::group::Pre task execution logs
[2026-08-09T14:04:57.380+0000] {taskinstance.py:2614} INFO - Dependencies all met for dep_context=non-requeueable deps ti=<TaskInstance: brewline_pipeline_bigquery.bronze_ingest_bigquery backfill__2026-07-21T00:00:00+00:00 [queued]>
[2026-08-09T14:04:57.388+0000] {taskinstance.py:2614} INFO - Dependencies all met for dep_context=requeueable deps ti=<TaskInstance: brewline_pipeline_bigquery.bronze_ingest_bigquery backfill__2026-07-21T00:00:00+00:00 [queued]>
[2026-08-09T14:04:57.389+0000] {taskinstance.py:2867} INFO - Starting attempt 1 of 1
[2026-08-09T14:04:57.402+0000] {taskinstance.py:2890} INFO - Executing <Task(DockerOperator): bronze_ingest_bigquery> on 2026-07-21 00:00:00+00:00
[2026-08-09T14:04:57.411+0000] {warnings.py:112} WARNING - /home/***/.local/lib/python3.12/site-packages/***/task/task_runner/standard_task_runner.py:70: DeprecationWarning: This process (pid=421) is multi-threaded, use of fork() may lead to deadlocks in the child.
  pid = os.fork()

[2026-08-09T14:04:57.414+0000] {standard_task_runner.py:72} INFO - Started process 423 to run task
[2026-08-09T14:04:57.414+0000] {standard_task_runner.py:104} INFO - Running: ['***', 'tasks', 'run', 'brewline_pipeline_bigquery', 'bronze_ingest_bigquery', 'backfill__2026-07-21T00:00:00+00:00', '--job-id', '38', '--pool', 'default_pool', '--raw', '--subdir', 'DAGS_FOLDER/brewline_pipeline_bigquery_dag.py', '--cfg-path', '/tmp/tmplx8c7767']
[2026-08-09T14:04:57.415+0000] {standard_task_runner.py:105} INFO - Job 38: Subtask bronze_ingest_bigquery
[2026-08-09T14:04:57.470+0000] {task_command.py:467} INFO - Running <TaskInstance: brewline_pipeline_bigquery.bronze_ingest_bigquery backfill__2026-07-21T00:00:00+00:00 [running]> on host 5224a343584d
[2026-08-09T14:04:57.564+0000] {taskinstance.py:3134} INFO - Exporting env vars: AIRFLOW_CTX_DAG_OWNER='***' AIRFLOW_CTX_DAG_ID='brewline_pipeline_bigquery' AIRFLOW_CTX_TASK_ID='bronze_ingest_bigquery' AIRFLOW_CTX_EXECUTION_DATE='2026-07-21T00:00:00+00:00' AIRFLOW_CTX_TRY_NUMBER='1' AIRFLOW_CTX_DAG_RUN_ID='backfill__2026-07-21T00:00:00+00:00'
[2026-08-09T14:04:57.566+0000] {logging_mixin.py:190} INFO - Task instance is in running state
[2026-08-09T14:04:57.567+0000] {logging_mixin.py:190} INFO -  Previous state of the Task instance: queued
[2026-08-09T14:04:57.568+0000] {logging_mixin.py:190} INFO - Current task name:bronze_ingest_bigquery state:running start_date:2026-08-09 14:04:57.381362+00:00
[2026-08-09T14:04:57.569+0000] {logging_mixin.py:190} INFO - Dag name:brewline_pipeline_bigquery and current dag run status:running
[2026-08-09T14:04:57.569+0000] {taskinstance.py:732} INFO - ::endgroup::
[2026-08-09T14:04:57.618+0000] {docker.py:345} INFO - Starting docker container from image brewline-bronze:latest
[2026-08-09T14:05:02.680+0000] {docker.py:69} INFO - 2026-08-09 14:05:02,678 [INFO] bronze_bigquery: bronze.shopify_orders: 40 rows this run (partition 2026-07-21) -> gs://brewline-data-lake/bronze/source_name=shopify_orders/year=2026/month=07/day=21/part-0000.parquet, 575 total in BigQuery
[2026-08-09T14:05:06.872+0000] {docker.py:69} INFO - 2026-08-09 14:05:06,871 [INFO] bronze_bigquery: bronze.square_transactions: 46 rows this run (partition 2026-07-21) -> gs://brewline-data-lake/bronze/source_name=square_transactions/year=2026/month=07/day=21/part-0000.parquet, 564 total in BigQuery
[2026-08-09T14:05:08.229+0000] {docker.py:69} INFO - 2026-08-09 14:05:08,228 [INFO] bronze_bigquery: bronze.recharge_subscriptions: 38 rows this run (full snapshot replace) -> gs://brewline-data-lake/bronze/source_name=recharge_subscriptions/year=2026/month=07/day=21/part-0000.parquet, 38 total in BigQuery
[2026-08-09T14:05:12.228+0000] {docker.py:69} INFO - 2026-08-09 14:05:12,226 [INFO] bronze_bigquery: bronze.zendesk_tickets: 8 rows this run (partition 2026-07-21) -> gs://brewline-data-lake/bronze/source_name=zendesk_tickets/year=2026/month=07/day=21/part-0000.parquet, 21 total in BigQuery
[2026-08-09T14:05:15.576+0000] {docker.py:69} INFO - 2026-08-09 14:05:15,575 [INFO] bronze_bigquery: bronze.shipstation_shipments: 30 rows this run (partition 2026-07-21) -> gs://brewline-data-lake/bronze/source_name=shipstation_shipments/year=2026/month=07/day=21/part-0000.parquet, 441 total in BigQuery
[2026-08-09T14:05:15.927+0000] {taskinstance.py:341} INFO - ::group::Post task execution logs
[2026-08-09T14:05:15.928+0000] {taskinstance.py:353} INFO - Marking task as SUCCESS. dag_id=brewline_pipeline_bigquery, task_id=bronze_ingest_bigquery, run_id=backfill__2026-07-21T00:00:00+00:00, execution_date=20260721T000000, start_date=20260809T140457, end_date=20260809T140515
[2026-08-09T14:05:15.961+0000] {logging_mixin.py:190} INFO - Task instance in success state
[2026-08-09T14:05:15.963+0000] {logging_mixin.py:190} INFO -  Previous state of the Task instance: running
[2026-08-09T14:05:15.964+0000] {logging_mixin.py:190} INFO - Dag name:brewline_pipeline_bigquery queued_at:None
[2026-08-09T14:05:15.965+0000] {logging_mixin.py:190} INFO - Task hostname:5224a343584d operator:DockerOperator
[2026-08-09T14:05:15.985+0000] {local_task_job_runner.py:266} INFO - Task exited with return code 0
[2026-08-09T14:05:16.014+0000] {taskinstance.py:3901} INFO - 1 downstream tasks scheduled from follow-on schedule check
[2026-08-09T14:05:16.017+0000] {local_task_job_runner.py:245} INFO - ::endgroup::
