[2026-08-11T06:28:50.487+0000] {local_task_job_runner.py:123} INFO - ::group::Pre task execution logs
[2026-08-11T06:28:50.509+0000] {taskinstance.py:2614} INFO - Dependencies all met for dep_context=non-requeueable deps ti=<TaskInstance: brewline_pipeline_bigquery.dbt_run_bigquery backfill__2026-08-10T00:00:00+00:00 [queued]>
[2026-08-11T06:28:50.520+0000] {taskinstance.py:2614} INFO - Dependencies all met for dep_context=requeueable deps ti=<TaskInstance: brewline_pipeline_bigquery.dbt_run_bigquery backfill__2026-08-10T00:00:00+00:00 [queued]>
[2026-08-11T06:28:50.521+0000] {taskinstance.py:2867} INFO - Starting attempt 1 of 1
[2026-08-11T06:28:50.535+0000] {taskinstance.py:2890} INFO - Executing <Task(DockerOperator): dbt_run_bigquery> on 2026-08-10 00:00:00+00:00
[2026-08-11T06:28:50.545+0000] {warnings.py:112} WARNING - /home/***/.local/lib/python3.12/site-packages/***/task/task_runner/standard_task_runner.py:70: DeprecationWarning: This process (pid=1940) is multi-threaded, use of fork() may lead to deadlocks in the child.
  pid = os.fork()

[2026-08-11T06:28:50.547+0000] {standard_task_runner.py:72} INFO - Started process 1942 to run task
[2026-08-11T06:28:50.547+0000] {standard_task_runner.py:104} INFO - Running: ['***', 'tasks', 'run', 'brewline_pipeline_bigquery', 'dbt_run_bigquery', 'backfill__2026-08-10T00:00:00+00:00', '--job-id', '172', '--pool', 'default_pool', '--raw', '--subdir', 'DAGS_FOLDER/brewline_pipeline_bigquery_dag.py', '--cfg-path', '/tmp/tmpawkvi8xu']
[2026-08-11T06:28:50.549+0000] {standard_task_runner.py:105} INFO - Job 172: Subtask dbt_run_bigquery
[2026-08-11T06:28:50.607+0000] {task_command.py:467} INFO - Running <TaskInstance: brewline_pipeline_bigquery.dbt_run_bigquery backfill__2026-08-10T00:00:00+00:00 [running]> on host 5224a343584d
[2026-08-11T06:28:50.715+0000] {taskinstance.py:3134} INFO - Exporting env vars: AIRFLOW_CTX_DAG_OWNER='***' AIRFLOW_CTX_DAG_ID='brewline_pipeline_bigquery' AIRFLOW_CTX_TASK_ID='dbt_run_bigquery' AIRFLOW_CTX_EXECUTION_DATE='2026-08-10T00:00:00+00:00' AIRFLOW_CTX_TRY_NUMBER='1' AIRFLOW_CTX_DAG_RUN_ID='backfill__2026-08-10T00:00:00+00:00'
[2026-08-11T06:28:50.717+0000] {logging_mixin.py:190} INFO - Task instance is in running state
[2026-08-11T06:28:50.717+0000] {logging_mixin.py:190} INFO -  Previous state of the Task instance: queued
[2026-08-11T06:28:50.718+0000] {logging_mixin.py:190} INFO - Current task name:dbt_run_bigquery state:running start_date:2026-08-11 06:28:50.510435+00:00
[2026-08-11T06:28:50.719+0000] {logging_mixin.py:190} INFO - Dag name:brewline_pipeline_bigquery and current dag run status:running
[2026-08-11T06:28:50.719+0000] {taskinstance.py:732} INFO - ::endgroup::
[2026-08-11T06:28:50.775+0000] {docker.py:345} INFO - Starting docker container from image brewline-dbt:latest
[2026-08-11T06:28:53.148+0000] {docker.py:69} INFO - [0m06:28:53  Running with dbt=1.12.0
[2026-08-11T06:28:53.622+0000] {docker.py:69} INFO - [0m06:28:53  Installing dbt-labs/dbt_utils
[2026-08-11T06:28:59.151+0000] {docker.py:69} INFO - [0m06:28:59  Installed from version 1.4.1
[2026-08-11T06:28:59.152+0000] {docker.py:69} INFO - [0m06:28:59  Up to date!
[2026-08-11T06:29:03.231+0000] {docker.py:69} INFO - [0m06:29:03  Running with dbt=1.12.0
[2026-08-11T06:29:05.078+0000] {docker.py:69} INFO - [0m06:29:05  Registered adapter: bigquery=1.12.0
[2026-08-11T06:29:06.393+0000] {docker.py:69} INFO - [0m06:29:06  Found 9 models, 52 data tests, 2 seeds, 5 sources, 699 macros
[2026-08-11T06:29:06.399+0000] {docker.py:69} INFO - [0m06:29:06
[2026-08-11T06:29:06.401+0000] {docker.py:69} INFO - [0m06:29:06  Concurrency: 4 threads (target='bigquery')
[2026-08-11T06:29:06.402+0000] {docker.py:69} INFO - [0m06:29:06
[2026-08-11T06:29:06.420+0000] {docker.py:69} INFO - WARNING:google.auth._default:No project ID could be determined. Consider running `gcloud config set project` or setting the GOOGLE_CLOUD_PROJECT environment variable
[2026-08-11T06:29:06.422+0000] {docker.py:69} INFO - WARNING:google.auth._default:No project ID could be determined. Consider running `gcloud config set project` or setting the GOOGLE_CLOUD_PROJECT environment variable
[2026-08-11T06:29:07.473+0000] {docker.py:69} INFO - [0m06:29:07  1 of 9 START sql incremental model silver.stg_customers ........................ [RUN]
[2026-08-11T06:29:07.475+0000] {docker.py:69} INFO - [0m06:29:07  2 of 9 START sql incremental model silver.stg_orders ........................... [RUN]
[2026-08-11T06:29:07.477+0000] {docker.py:69} INFO - [0m06:29:07  3 of 9 START sql incremental model silver.stg_refunds .......................... [RUN]
[2026-08-11T06:29:07.480+0000] {docker.py:69} INFO - [0m06:29:07  4 of 9 START sql table model silver.stg_subscriptions .......................... [RUN]
[2026-08-11T06:29:09.400+0000] {docker.py:69} INFO - [0m06:29:09  4 of 9 OK created sql table model silver.stg_subscriptions ..................... [[32mCREATE TABLE (38.0 rows, 3.1 KiB processed)[0m in 1.91s]
[2026-08-11T06:29:09.405+0000] {docker.py:69} INFO - [0m06:29:09  5 of 9 START sql table model gold.fact_subscription_churn ...................... [RUN]
[2026-08-11T06:29:09.556+0000] {docker.py:69} INFO - [0m06:29:09  3 of 9 OK created sql incremental model silver.stg_refunds ..................... [[32mMERGE (2.0 rows, 155.4 KiB processed)[0m in 2.07s]
[2026-08-11T06:29:09.574+0000] {docker.py:69} INFO - [0m06:29:09  1 of 9 OK created sql incremental model silver.stg_customers ................... [[32mMERGE (38.0 rows, 108.4 KiB processed)[0m in 2.09s]
[2026-08-11T06:29:09.581+0000] {docker.py:69} INFO - [0m06:29:09  2 of 9 OK created sql incremental model silver.stg_orders ...................... [[32mMERGE (59.0 rows, 250.0 KiB processed)[0m in 2.10s]
[2026-08-11T06:29:09.589+0000] {docker.py:69} INFO - [0m06:29:09  6 of 9 START sql table model gold.fact_customer_health ......................... [RUN]
[2026-08-11T06:29:09.591+0000] {docker.py:69} INFO - [0m06:29:09  7 of 9 START sql table model gold.fact_customer_rfm ............................ [RUN]
[2026-08-11T06:29:09.593+0000] {docker.py:69} INFO - [0m06:29:09  8 of 9 START sql table model gold.fact_refund_alerts ........................... [RUN]
[2026-08-11T06:29:10.749+0000] {docker.py:69} INFO - [0m06:29:10  5 of 9 OK created sql table model gold.fact_subscription_churn ................. [[32mCREATE TABLE (35.0 rows, 2.0 KiB processed)[0m in 1.34s]
[2026-08-11T06:29:10.755+0000] {docker.py:69} INFO - [0m06:29:10  9 of 9 START sql table model gold.fact_weekly_revenue .......................... [RUN]
[2026-08-11T06:29:11.213+0000] {docker.py:69} INFO - [0m06:29:11  6 of 9 OK created sql table model gold.fact_customer_health .................... [[32mCREATE TABLE (160.0 rows, 66.3 KiB processed)[0m in 1.62s]
[2026-08-11T06:29:11.757+0000] {docker.py:69} INFO - [0m06:29:11  7 of 9 OK created sql table model gold.fact_customer_rfm ....................... [[32mCREATE TABLE (160.0 rows, 99.7 KiB processed)[0m in 2.16s]
[2026-08-11T06:29:12.007+0000] {docker.py:69} INFO - [0m06:29:12  9 of 9 OK created sql table model gold.fact_weekly_revenue ..................... [[32mCREATE TABLE (18.0 rows, 72.2 KiB processed)[0m in 1.25s]
[2026-08-11T06:29:12.373+0000] {docker.py:69} INFO - [0m06:29:12  8 of 9 OK created sql table model gold.fact_refund_alerts ...................... [[32mCREATE TABLE (40.0 rows, 16.1 KiB processed)[0m in 2.77s]
[2026-08-11T06:29:12.383+0000] {docker.py:69} INFO - [0m06:29:12
[2026-08-11T06:29:12.384+0000] {docker.py:69} INFO - [0m06:29:12  Finished running 3 incremental models, 6 table models in 0 hours 0 minutes and 5.98 seconds (5.98s).
[2026-08-11T06:29:12.520+0000] {docker.py:69} INFO - [0m06:29:12
[2026-08-11T06:29:12.521+0000] {docker.py:69} INFO - [0m06:29:12  [32mCompleted successfully[0m
[2026-08-11T06:29:12.522+0000] {docker.py:69} INFO - [0m06:29:12
[2026-08-11T06:29:12.523+0000] {docker.py:69} INFO - [0m06:29:12  Done. PASS=9 WARN=0 ERROR=0 SKIP=0 NO-OP=0 REUSED=0 TOTAL=9
[2026-08-11T06:29:14.521+0000] {taskinstance.py:341} INFO - ::group::Post task execution logs
[2026-08-11T06:29:14.523+0000] {taskinstance.py:353} INFO - Marking task as SUCCESS. dag_id=brewline_pipeline_bigquery, task_id=dbt_run_bigquery, run_id=backfill__2026-08-10T00:00:00+00:00, execution_date=20260810T000000, start_date=20260811T062850, end_date=20260811T062914
[2026-08-11T06:29:14.565+0000] {logging_mixin.py:190} INFO - Task instance in success state
[2026-08-11T06:29:14.566+0000] {logging_mixin.py:190} INFO -  Previous state of the Task instance: running
[2026-08-11T06:29:14.567+0000] {logging_mixin.py:190} INFO - Dag name:brewline_pipeline_bigquery queued_at:None
[2026-08-11T06:29:14.568+0000] {logging_mixin.py:190} INFO - Task hostname:5224a343584d operator:DockerOperator
[2026-08-11T06:29:14.620+0000] {local_task_job_runner.py:266} INFO - Task exited with return code 0
[2026-08-11T06:29:14.644+0000] {taskinstance.py:3901} INFO - 1 downstream tasks scheduled from follow-on schedule check
[2026-08-11T06:29:14.647+0000] {local_task_job_runner.py:245} INFO - ::endgroup::
