[2026-08-09T14:06:36.540+0000] {local_task_job_runner.py:123} INFO - ::group::Pre task execution logs
[2026-08-09T14:06:36.561+0000] {taskinstance.py:2614} INFO - Dependencies all met for dep_context=non-requeueable deps ti=<TaskInstance: brewline_pipeline_bigquery.dbt_run_bigquery backfill__2026-07-22T00:00:00+00:00 [queued]>
[2026-08-09T14:06:36.570+0000] {taskinstance.py:2614} INFO - Dependencies all met for dep_context=requeueable deps ti=<TaskInstance: brewline_pipeline_bigquery.dbt_run_bigquery backfill__2026-07-22T00:00:00+00:00 [queued]>
[2026-08-09T14:06:36.572+0000] {taskinstance.py:2867} INFO - Starting attempt 1 of 1
[2026-08-09T14:06:36.586+0000] {taskinstance.py:2890} INFO - Executing <Task(DockerOperator): dbt_run_bigquery> on 2026-07-22 00:00:00+00:00
[2026-08-09T14:06:36.595+0000] {warnings.py:112} WARNING - /home/***/.local/lib/python3.12/site-packages/***/task/task_runner/standard_task_runner.py:70: DeprecationWarning: This process (pid=458) is multi-threaded, use of fork() may lead to deadlocks in the child.
  pid = os.fork()

[2026-08-09T14:06:36.598+0000] {standard_task_runner.py:72} INFO - Started process 460 to run task
[2026-08-09T14:06:36.598+0000] {standard_task_runner.py:104} INFO - Running: ['***', 'tasks', 'run', 'brewline_pipeline_bigquery', 'dbt_run_bigquery', 'backfill__2026-07-22T00:00:00+00:00', '--job-id', '42', '--pool', 'default_pool', '--raw', '--subdir', 'DAGS_FOLDER/brewline_pipeline_bigquery_dag.py', '--cfg-path', '/tmp/tmpwju3644q']
[2026-08-09T14:06:36.599+0000] {standard_task_runner.py:105} INFO - Job 42: Subtask dbt_run_bigquery
[2026-08-09T14:06:36.652+0000] {task_command.py:467} INFO - Running <TaskInstance: brewline_pipeline_bigquery.dbt_run_bigquery backfill__2026-07-22T00:00:00+00:00 [running]> on host 5224a343584d
[2026-08-09T14:06:36.739+0000] {taskinstance.py:3134} INFO - Exporting env vars: AIRFLOW_CTX_DAG_OWNER='***' AIRFLOW_CTX_DAG_ID='brewline_pipeline_bigquery' AIRFLOW_CTX_TASK_ID='dbt_run_bigquery' AIRFLOW_CTX_EXECUTION_DATE='2026-07-22T00:00:00+00:00' AIRFLOW_CTX_TRY_NUMBER='1' AIRFLOW_CTX_DAG_RUN_ID='backfill__2026-07-22T00:00:00+00:00'
[2026-08-09T14:06:36.741+0000] {logging_mixin.py:190} INFO - Task instance is in running state
[2026-08-09T14:06:36.742+0000] {logging_mixin.py:190} INFO -  Previous state of the Task instance: queued
[2026-08-09T14:06:36.743+0000] {logging_mixin.py:190} INFO - Current task name:dbt_run_bigquery state:running start_date:2026-08-09 14:06:36.562221+00:00
[2026-08-09T14:06:36.744+0000] {logging_mixin.py:190} INFO - Dag name:brewline_pipeline_bigquery and current dag run status:running
[2026-08-09T14:06:36.744+0000] {taskinstance.py:732} INFO - ::endgroup::
[2026-08-09T14:06:36.796+0000] {docker.py:345} INFO - Starting docker container from image brewline-dbt:latest
[2026-08-09T14:06:38.827+0000] {docker.py:69} INFO - [0m14:06:38  Running with dbt=1.12.0
[2026-08-09T14:06:39.311+0000] {docker.py:69} INFO - [0m14:06:39  Installing dbt-labs/dbt_utils
[2026-08-09T14:06:44.069+0000] {docker.py:69} INFO - [0m14:06:44  Installed from version 1.4.1
[2026-08-09T14:06:44.070+0000] {docker.py:69} INFO - [0m14:06:44  Up to date!
[2026-08-09T14:06:47.110+0000] {docker.py:69} INFO - [0m14:06:47  Running with dbt=1.12.0
[2026-08-09T14:06:48.172+0000] {docker.py:69} INFO - [0m14:06:48  Registered adapter: bigquery=1.12.0
[2026-08-09T14:06:49.205+0000] {docker.py:69} INFO - [0m14:06:49  Found 9 models, 52 data tests, 2 seeds, 5 sources, 699 macros
[2026-08-09T14:06:49.211+0000] {docker.py:69} INFO - [0m14:06:49
[2026-08-09T14:06:49.212+0000] {docker.py:69} INFO - [0m14:06:49  Concurrency: 4 threads (target='bigquery')
[2026-08-09T14:06:49.213+0000] {docker.py:69} INFO - [0m14:06:49
[2026-08-09T14:06:49.228+0000] {docker.py:69} INFO - WARNING:google.auth._default:No project ID could be determined. Consider running `gcloud config set project` or setting the GOOGLE_CLOUD_PROJECT environment variable
[2026-08-09T14:06:49.229+0000] {docker.py:69} INFO - WARNING:google.auth._default:No project ID could be determined. Consider running `gcloud config set project` or setting the GOOGLE_CLOUD_PROJECT environment variable
[2026-08-09T14:06:50.159+0000] {docker.py:69} INFO - [0m14:06:50  1 of 9 START sql incremental model silver.stg_customers ........................ [RUN]
[2026-08-09T14:06:50.161+0000] {docker.py:69} INFO - [0m14:06:50  2 of 9 START sql incremental model silver.stg_orders ........................... [RUN]
[2026-08-09T14:06:50.162+0000] {docker.py:69} INFO - [0m14:06:50  3 of 9 START sql incremental model silver.stg_refunds .......................... [RUN]
[2026-08-09T14:06:50.164+0000] {docker.py:69} INFO - [0m14:06:50  4 of 9 START sql table model silver.stg_subscriptions .......................... [RUN]
[2026-08-09T14:06:51.942+0000] {docker.py:69} INFO - [0m14:06:51  1 of 9 OK created sql incremental model silver.stg_customers ................... [[32mMERGE (45.0 rows, 51.7 KiB processed)[0m in 1.77s]
[2026-08-09T14:06:51.979+0000] {docker.py:69} INFO - [0m14:06:51  4 of 9 OK created sql table model silver.stg_subscriptions ..................... [[32mCREATE TABLE (38.0 rows, 3.1 KiB processed)[0m in 1.81s]
[2026-08-09T14:06:51.983+0000] {docker.py:69} INFO - [0m14:06:51  5 of 9 START sql table model gold.fact_subscription_churn ...................... [RUN]
[2026-08-09T14:06:52.192+0000] {docker.py:69} INFO - [0m14:06:52  2 of 9 OK created sql incremental model silver.stg_orders ...................... [[32mMERGE (65.0 rows, 97.9 KiB processed)[0m in 2.02s]
[2026-08-09T14:06:52.199+0000] {docker.py:69} INFO - [0m14:06:52  6 of 9 START sql table model gold.fact_customer_health ......................... [RUN]
[2026-08-09T14:06:52.201+0000] {docker.py:69} INFO - [0m14:06:52  7 of 9 START sql table model gold.fact_customer_rfm ............................ [RUN]
[2026-08-09T14:06:52.213+0000] {docker.py:69} INFO - [0m14:06:52  3 of 9 OK created sql incremental model silver.stg_refunds ..................... [[32mMERGE (2.0 rows, 69.4 KiB processed)[0m in 2.04s]
[2026-08-09T14:06:52.236+0000] {docker.py:69} INFO - [0m14:06:52  8 of 9 START sql table model gold.fact_weekly_revenue .......................... [RUN]
[2026-08-09T14:06:53.479+0000] {docker.py:69} INFO - [0m14:06:53  8 of 9 OK created sql table model gold.fact_weekly_revenue ..................... [[32mCREATE TABLE (9.0 rows, 25.1 KiB processed)[0m in 1.24s]
[2026-08-09T14:06:53.488+0000] {docker.py:69} INFO - [0m14:06:53  9 of 9 START sql table model gold.fact_refund_alerts ........................... [RUN]
[2026-08-09T14:06:53.530+0000] {docker.py:69} INFO - [0m14:06:53  5 of 9 OK created sql table model gold.fact_subscription_churn ................. [[32mCREATE TABLE (35.0 rows, 2.0 KiB processed)[0m in 1.54s]
[2026-08-09T14:06:53.827+0000] {docker.py:69} INFO - [0m14:06:53  6 of 9 OK created sql table model gold.fact_customer_health .................... [[32mCREATE TABLE (155.0 rows, 31.9 KiB processed)[0m in 1.62s]
[2026-08-09T14:06:54.314+0000] {docker.py:69} INFO - [0m14:06:54  7 of 9 OK created sql table model gold.fact_customer_rfm ....................... [[32mCREATE TABLE (155.0 rows, 40.7 KiB processed)[0m in 2.11s]
[2026-08-09T14:06:55.569+0000] {docker.py:69} INFO - [0m14:06:55  9 of 9 OK created sql table model gold.fact_refund_alerts ...................... [[32mCREATE TABLE (21.0 rows, 7.2 KiB processed)[0m in 2.08s]
[2026-08-09T14:06:55.587+0000] {docker.py:69} INFO - [0m14:06:55
[2026-08-09T14:06:55.588+0000] {docker.py:69} INFO - [0m14:06:55  Finished running 3 incremental models, 6 table models in 0 hours 0 minutes and 6.37 seconds (6.37s).
[2026-08-09T14:06:55.819+0000] {docker.py:69} INFO - [0m14:06:55
[2026-08-09T14:06:55.821+0000] {docker.py:69} INFO - [0m14:06:55  [32mCompleted successfully[0m
[2026-08-09T14:06:55.824+0000] {docker.py:69} INFO - [0m14:06:55
[2026-08-09T14:06:55.825+0000] {docker.py:69} INFO - [0m14:06:55  Done. PASS=9 WARN=0 ERROR=0 SKIP=0 NO-OP=0 REUSED=0 TOTAL=9
[2026-08-09T14:06:57.789+0000] {taskinstance.py:341} INFO - ::group::Post task execution logs
[2026-08-09T14:06:57.791+0000] {taskinstance.py:353} INFO - Marking task as SUCCESS. dag_id=brewline_pipeline_bigquery, task_id=dbt_run_bigquery, run_id=backfill__2026-07-22T00:00:00+00:00, execution_date=20260722T000000, start_date=20260809T140636, end_date=20260809T140657
[2026-08-09T14:06:57.836+0000] {logging_mixin.py:190} INFO - Task instance in success state
[2026-08-09T14:06:57.837+0000] {logging_mixin.py:190} INFO -  Previous state of the Task instance: running
[2026-08-09T14:06:57.838+0000] {logging_mixin.py:190} INFO - Dag name:brewline_pipeline_bigquery queued_at:None
[2026-08-09T14:06:57.839+0000] {logging_mixin.py:190} INFO - Task hostname:5224a343584d operator:DockerOperator
[2026-08-09T14:06:57.877+0000] {local_task_job_runner.py:266} INFO - Task exited with return code 0
[2026-08-09T14:06:57.900+0000] {taskinstance.py:3901} INFO - 1 downstream tasks scheduled from follow-on schedule check
[2026-08-09T14:06:57.903+0000] {local_task_job_runner.py:245} INFO - ::endgroup::
